#                                                                            --- full sequence --- -------------- this domain -------------   hmm coord   ali coord   env coord
# target name        accession   tlen query name           accession   qlen   E-value  score  bias   #  of  c-Evalue  i-Evalue  score  bias  from    to  from    to  from    to  acc description of target
#------------------- ---------- ----- -------------------- ---------- ----- --------- ------ ----- --- --- --------- --------- ------ ----- ----- ----- ----- ----- ----- ----- ---- ---------------------
2353_g               -            620 12214                -            219   7.2e-54  180.4  12.6   1   2      0.15        19    2.5   0.0     5    20   221   236   217   241 0.81 length=620	scaffold=chromosome14	strand=+
2353_g               -            620 12214                -            219   7.2e-54  180.4  12.6   2   2     3e-51   3.7e-49  165.0  11.3    21   218   305   559   299   560 0.78 length=620	scaffold=chromosome14	strand=+
4512_g               -            591 12214                -            219   5.4e-20   69.7  10.5   1   5   9.1e-10   1.1e-07   29.4   0.2    52   118   283   356   275   359 0.88 length=591	scaffold=chromosome8	strand=+	adjustedToFrame=3
4512_g               -            591 12214                -            219   5.4e-20   69.7  10.5   2   5   4.5e-12   5.6e-10   36.9   0.3    53   116   368   438   361   446 0.85 length=591	scaffold=chromosome8	strand=+	adjustedToFrame=3
4512_g               -            591 12214                -            219   5.4e-20   69.7  10.5   3   5      0.66        82    0.4   0.1    83   109   443   472   439   484 0.69 length=591	scaffold=chromosome8	strand=+	adjustedToFrame=3
4512_g               -            591 12214                -            219   5.4e-20   69.7  10.5   4   5     0.026       3.2    5.0   0.0   193   217   499   523   486   525 0.83 length=591	scaffold=chromosome8	strand=+	adjustedToFrame=3
4512_g               -            591 12214                -            219   5.4e-20   69.7  10.5   5   5       1.3   1.6e+02   -0.6   0.0    51    77   546   572   534   576 0.65 length=591	scaffold=chromosome8	strand=+	adjustedToFrame=3
3340_g               -            284 12214                -            219   1.2e-17   61.9  17.4   1   3       4.6   5.7e+02   -2.3   0.0   102   111     5    14     4    17 0.81 length=284	scaffold=chromosome5	strand=+	adjustedToFrame=3
3340_g               -            284 12214                -            219   1.2e-17   61.9  17.4   2   3   1.9e-09   2.4e-07   28.3   1.0    53   111    40   105    24   116 0.79 length=284	scaffold=chromosome5	strand=+	adjustedToFrame=3
3340_g               -            284 12214                -            219   1.2e-17   61.9  17.4   3   3   2.9e-11   3.6e-09   34.3   7.0    83   218   116   283   106   284 0.75 length=284	scaffold=chromosome5	strand=+	adjustedToFrame=3
739_g                -           1365 12214                -            219   1.5e-16   58.4  14.8   1   6   2.8e-06   0.00034   18.0   0.0    48   117     6    84     2    91 0.80 length=1366	scaffold=chromosome11	strand=-
739_g                -           1365 12214                -            219   1.5e-16   58.4  14.8   2   6   1.1e-06   0.00014   19.3   0.9    56   118    58   127    56   129 0.77 length=1366	scaffold=chromosome11	strand=-
739_g                -           1365 12214                -            219   1.5e-16   58.4  14.8   3   6   2.1e-07   2.7e-05   21.6   2.0    61   112   105   163    98   179 0.80 length=1366	scaffold=chromosome11	strand=-
739_g                -           1365 12214                -            219   1.5e-16   58.4  14.8   4   6     0.017       2.1    5.6   0.0   151   181   246   277   232   280 0.63 length=1366	scaffold=chromosome11	strand=-
739_g                -           1365 12214                -            219   1.5e-16   58.4  14.8   5   6   3.4e-07   4.2e-05   21.0   0.8    54   118   250   324   242   329 0.82 length=1366	scaffold=chromosome11	strand=-
739_g                -           1365 12214                -            219   1.5e-16   58.4  14.8   6   6      0.63        78    0.5   0.0   151   197   555   600   539   609 0.77 length=1366	scaffold=chromosome11	strand=-
220_g                -            620 12214                -            219   4.1e-14   50.4   8.5   1   3   2.9e-07   3.6e-05   21.2   0.7     8    85   331   417   326   430 0.63 length=625	scaffold=chromosome10	strand=-
220_g                -            620 12214                -            219   4.1e-14   50.4   8.5   2   3   1.6e-13   1.9e-11   41.7   1.5    19   114   388   495   383   499 0.79 length=625	scaffold=chromosome10	strand=-
220_g                -            620 12214                -            219   4.1e-14   50.4   8.5   3   3      0.12        14    2.9   0.1    98   119   521   542   514   576 0.63 length=625	scaffold=chromosome10	strand=-
2022_g               -            524 12214                -            219   9.9e-13   45.9  11.6   1   3   3.7e-09   4.6e-07   27.4   1.6   142   217   212   299   207   301 0.85 length=525	scaffold=chromosome14	strand=-
2022_g               -            524 12214                -            219   9.9e-13   45.9  11.6   2   3   3.6e-10   4.4e-08   30.7   0.9    54   119   275   347   255   353 0.83 length=525	scaffold=chromosome14	strand=-
2022_g               -            524 12214                -            219   9.9e-13   45.9  11.6   3   3    0.0063      0.78    7.0   0.4   149   187   353   392   347   405 0.78 length=525	scaffold=chromosome14	strand=-
901_g                -            629 12214                -            219   6.4e-12   43.3   6.0   1   3      0.49        61    0.8   0.2    83   115   277   309   244   341 0.52 length=630	scaffold=chromosome12	strand=-
901_g                -            629 12214                -            219   6.4e-12   43.3   6.0   2   3   1.6e-07     2e-05   22.0   0.0   119   195   426   503   418   510 0.80 length=630	scaffold=chromosome12	strand=-
901_g                -            629 12214                -            219   6.4e-12   43.3   6.0   3   3   1.5e-07   1.9e-05   22.1   0.7    43   139   493   596   492   608 0.70 length=630	scaffold=chromosome12	strand=-
2987_g               -            481 12214                -            219   8.8e-12   42.8   6.1   1   4   4.4e-07   5.5e-05   20.6   0.4   149   216    68   140    62   143 0.81 length=481	scaffold=chromosome3	strand=+	adjustedToFrame=3
2987_g               -            481 12214                -            219   8.8e-12   42.8   6.1   2   4      0.81     1e+02    0.1   0.0    61   118   208   271   186   276 0.58 length=481	scaffold=chromosome3	strand=+	adjustedToFrame=3
2987_g               -            481 12214                -            219   8.8e-12   42.8   6.1   3   4       3.2     4e+02   -1.8   0.0   157   180   287   310   252   325 0.58 length=481	scaffold=chromosome3	strand=+	adjustedToFrame=3
2987_g               -            481 12214                -            219   8.8e-12   42.8   6.1   4   4     1e-07   1.3e-05   22.6   0.3   120   188   333   404   328   415 0.81 length=481	scaffold=chromosome3	strand=+	adjustedToFrame=3
2284_g               -            614 12214                -            219   2.5e-11   41.3   8.2   1   5    0.0064      0.79    7.0   0.0    77   113   317   358   313   367 0.76 length=614	scaffold=chromosome14	strand=+
2284_g               -            614 12214                -            219   2.5e-11   41.3   8.2   2   5   5.3e-05    0.0066   13.8   0.1    58   112   338   400   337   404 0.77 length=614	scaffold=chromosome14	strand=+
2284_g               -            614 12214                -            219   2.5e-11   41.3   8.2   3   5   9.3e-07   0.00012   19.5   0.2    10   111   370   483   365   493 0.75 length=614	scaffold=chromosome14	strand=+
2284_g               -            614 12214                -            219   2.5e-11   41.3   8.2   4   5      0.23        29    1.9   0.0    53    77   503   527   493   550 0.77 length=614	scaffold=chromosome14	strand=+
2284_g               -            614 12214                -            219   2.5e-11   41.3   8.2   5   5   0.00021     0.026   11.8   1.8    54   109   551   614   533   614 0.68 length=614	scaffold=chromosome14	strand=+
1360_g               -           1237 12214                -            219   3.1e-10   37.8  28.9   1   7      0.12        14    2.9   0.1    23    43    30    50    17    57 0.52 length=1238	scaffold=chromosome12	strand=+
1360_g               -           1237 12214                -            219   3.1e-10   37.8  28.9   2   7   9.4e-09   1.2e-06   26.1   2.0    15   118    73   198    64   201 0.75 length=1238	scaffold=chromosome12	strand=+
1360_g               -           1237 12214                -            219   3.1e-10   37.8  28.9   3   7      0.43        53    1.0   0.2    58    80   386   408   354   417 0.53 length=1238	scaffold=chromosome12	strand=+
1360_g               -           1237 12214                -            219   3.1e-10   37.8  28.9   4   7       0.6        74    0.6   0.1    52    79   656   682   641   690 0.55 length=1238	scaffold=chromosome12	strand=+
1360_g               -           1237 12214                -            219   3.1e-10   37.8  28.9   5   7     0.057       7.1    3.9   0.3   131   215   674   761   654   764 0.62 length=1238	scaffold=chromosome12	strand=+
1360_g               -           1237 12214                -            219   3.1e-10   37.8  28.9   6   7    0.0029      0.36    8.1   0.2   136   216   818   907   816   910 0.73 length=1238	scaffold=chromosome12	strand=+
1360_g               -           1237 12214                -            219   3.1e-10   37.8  28.9   7   7   0.00015     0.019   12.3   1.6    53   117   883   954   880  1013 0.74 length=1238	scaffold=chromosome12	strand=+
2483_g               -            470 12214                -            219   1.5e-09   35.5   8.6   1   4       1.7   2.1e+02   -1.0   0.0   162   210    99   151    92   159 0.55 length=471	scaffold=chromosome14	strand=-
2483_g               -            470 12214                -            219   1.5e-09   35.5   8.6   2   4       2.7   3.4e+02   -1.6   0.1   107   118   195   206   139   215 0.77 length=471	scaffold=chromosome14	strand=-
2483_g               -            470 12214                -            219   1.5e-09   35.5   8.6   3   4   2.4e-09   2.9e-07   28.0   2.8    51   117   219   292   157   297 0.75 length=471	scaffold=chromosome14	strand=-
2483_g               -            470 12214                -            219   1.5e-09   35.5   8.6   4   4    0.0024       0.3    8.4   0.1   157   218   319   388   315   389 0.78 length=471	scaffold=chromosome14	strand=-
606_g                -            525 12214                -            219   2.1e-09   35.1   5.9   1   3   5.1e-06   0.00063   17.1   1.1   146   216   191   269   177   272 0.74 length=526	scaffold=chromosome11	strand=-
606_g                -            525 12214                -            219   2.1e-09   35.1   5.9   2   3     0.001      0.13    9.6   0.2    83   115   346   382   309   390 0.66 length=526	scaffold=chromosome11	strand=-
606_g                -            525 12214                -            219   2.1e-09   35.1   5.9   3   3   1.1e-06   0.00013   19.3   0.3    56   113   358   424   336   447 0.66 length=526	scaffold=chromosome11	strand=-
140_g                -            842 12214                -            219   2.3e-09   34.9  15.3   1   4   0.00075     0.093   10.0   0.3    81   109   509   541   500   545 0.86 length=843	scaffold=chromosome10	strand=-
140_g                -            842 12214                -            219   2.3e-09   34.9  15.3   2   4   1.6e-05     0.002   15.5   5.0    18   107   522   624   512   632 0.75 length=843	scaffold=chromosome10	strand=-
140_g                -            842 12214                -            219   2.3e-09   34.9  15.3   3   4     0.022       2.7    5.2   0.1    58   118   655   723   651   731 0.56 length=843	scaffold=chromosome10	strand=-
140_g                -            842 12214                -            219   2.3e-09   34.9  15.3   4   4    0.0002     0.025   11.9   0.5    57   113   742   808   741   816 0.74 length=843	scaffold=chromosome10	strand=-
818_g                -            464 12214                -            219   2.6e-09   34.7   0.4   1   2   3.9e-05    0.0048   14.2   0.0    66   111    92   141    60   146 0.72 length=468	scaffold=chromosome12	strand=-
818_g                -            464 12214                -            219   2.6e-09   34.7   0.4   2   2   2.7e-06   0.00034   18.0   0.0   163   217   176   230   170   232 0.93 length=468	scaffold=chromosome12	strand=-
2792_g               -            447 12214                -            219   2.9e-09   34.6   0.6   1   3      0.48        59    0.9   0.0    59   114   168   188   144   199 0.52 length=447	scaffold=chromosome2	strand=+	adjustedToFrame=3
2792_g               -            447 12214                -            219   2.9e-09   34.6   0.6   2   3   2.3e-07   2.9e-05   21.5   0.0   120   216   220   327   213   330 0.66 length=447	scaffold=chromosome2	strand=+	adjustedToFrame=3
2792_g               -            447 12214                -            219   2.9e-09   34.6   0.6   3   3     0.019       2.3    5.5   0.0    97   114   415   432   387   446 0.70 length=447	scaffold=chromosome2	strand=+	adjustedToFrame=3
2465_g               -            499 12214                -            219     7e-09   33.3   1.2   1   3      0.19        24    2.1   0.0    59    83   185   209   175   212 0.84 length=500	scaffold=chromosome14	strand=+
2465_g               -            499 12214                -            219     7e-09   33.3   1.2   2   3   4.3e-09   5.3e-07   27.2   0.7     4    79   268   354   265   374 0.80 length=500	scaffold=chromosome14	strand=+
2465_g               -            499 12214                -            219     7e-09   33.3   1.2   3   3       1.5   1.8e+02   -0.7   0.0    58    75   426   443   403   452 0.62 length=500	scaffold=chromosome14	strand=+
1024_g               -            546 12214                -            219   1.2e-08   32.6   2.4   1   3    0.0013      0.16    9.3   0.1    36    81   266   311   235   316 0.82 length=546	scaffold=chromosome12	strand=+
1024_g               -            546 12214                -            219   1.2e-08   32.6   2.4   2   3   3.5e-06   0.00044   17.6   0.1    61   115   415   478   401   485 0.77 length=546	scaffold=chromosome12	strand=+
1024_g               -            546 12214                -            219   1.2e-08   32.6   2.4   3   3     0.072       8.9    3.5   0.0    97   114   526   543   505   546 0.78 length=546	scaffold=chromosome12	strand=+
2618_g               -            801 12214                -            219   1.5e-08   32.2   5.6   1   3    0.0011      0.14    9.4   0.1    42    89   191   244   152   271 0.46 length=801	scaffold=chromosome1	strand=+	adjustedToFrame=3
2618_g               -            801 12214                -            219   1.5e-08   32.2   5.6   2   3   6.1e-06   0.00075   16.9   0.1   124   206   257   348   246   360 0.82 length=801	scaffold=chromosome1	strand=+	adjustedToFrame=3
2618_g               -            801 12214                -            219   1.5e-08   32.2   5.6   3   3    0.0041      0.51    7.6   0.1   154   214   426   489   419   494 0.65 length=801	scaffold=chromosome1	strand=+	adjustedToFrame=3
1852_g               -            533 12214                -            219   5.9e-08   30.3   3.4   1   2       0.1        13    3.0   0.3   151   177    80   106    56   127 0.63 length=533	scaffold=chromosome13	strand=+
1852_g               -            533 12214                -            219   5.9e-08   30.3   3.4   2   2   4.5e-09   5.6e-07   27.1   0.2    49   117   301   376   293   380 0.86 length=533	scaffold=chromosome13	strand=+
3833_g               -           1108 12214                -            219   9.6e-08   29.6   9.9   1   5   0.00045     0.056   10.7   0.0    59   126    44   117    33   128 0.77 length=1108	scaffold=chromosome7	strand=+	adjustedToFrame=3
3833_g               -           1108 12214                -            219   9.6e-08   29.6   9.9   2   5   0.00024      0.03   11.6   0.5   132   217   240   325   228   327 0.81 length=1108	scaffold=chromosome7	strand=+	adjustedToFrame=3
3833_g               -           1108 12214                -            219   9.6e-08   29.6   9.9   3   5      0.69        86    0.3   0.0    53    78   353   378   338   399 0.58 length=1108	scaffold=chromosome7	strand=+	adjustedToFrame=3
3833_g               -           1108 12214                -            219   9.6e-08   29.6   9.9   4   5    0.0021      0.26    8.6   0.5   136   216   471   557   450   565 0.75 length=1108	scaffold=chromosome7	strand=+	adjustedToFrame=3
3833_g               -           1108 12214                -            219   9.6e-08   29.6   9.9   5   5       6.4   7.9e+02   -2.8   0.0    42    70   617   645   614   655 0.71 length=1108	scaffold=chromosome7	strand=+	adjustedToFrame=3
2066_g               -            552 12214                -            219   4.6e-07   27.4   1.3   1   1   4.4e-08   5.4e-06   23.9   1.4    42   214   210   384   204   389 0.62 length=556	scaffold=chromosome14	strand=-
1639_g               -            486 12214                -            219   5.6e-07   27.1  12.2   1   5    0.0094       1.2    6.4   0.2   177   217   125   165   123   167 0.92 length=488	scaffold=chromosome13	strand=-
1639_g               -            486 12214                -            219   5.6e-07   27.1  12.2   2   5      0.13        16    2.7   0.1    59   115   201   222   183   233 0.59 length=488	scaffold=chromosome13	strand=-
1639_g               -            486 12214                -            219   5.6e-07   27.1  12.2   3   5     0.024       2.9    5.1   0.2   155   189   301   335   289   341 0.76 length=488	scaffold=chromosome13	strand=-
1639_g               -            486 12214                -            219   5.6e-07   27.1  12.2   4   5   1.3e-06   0.00016   19.0   1.1    23   110   306   408   303   415 0.69 length=488	scaffold=chromosome13	strand=-
1639_g               -            486 12214                -            219   5.6e-07   27.1  12.2   5   5      0.94   1.2e+02   -0.1   0.0   125   136   455   466   430   473 0.76 length=488	scaffold=chromosome13	strand=-
851_g                -            721 12214                -            219   8.5e-07   26.5  18.2   1   6       3.6   4.5e+02   -2.0   0.0    54    71   119   136    94   146 0.62 length=721	scaffold=chromosome12	strand=+
851_g                -            721 12214                -            219   8.5e-07   26.5  18.2   2   6       2.3   2.9e+02   -1.4   0.0   165   182   177   194   137   209 0.61 length=721	scaffold=chromosome12	strand=+
851_g                -            721 12214                -            219   8.5e-07   26.5  18.2   3   6   9.5e-05     0.012   13.0   0.1   150   216   293   360   287   363 0.81 length=721	scaffold=chromosome12	strand=+
851_g                -            721 12214                -            219   8.5e-07   26.5  18.2   4   6    0.0034      0.42    7.9   0.8   142   218   458   539   443   540 0.70 length=721	scaffold=chromosome12	strand=+
851_g                -            721 12214                -            219   8.5e-07   26.5  18.2   5   6      0.22        28    1.9   0.0    59    81   562   584   547   600 0.79 length=721	scaffold=chromosome12	strand=+
851_g                -            721 12214                -            219   8.5e-07   26.5  18.2   6   6   0.00038     0.047   11.0   0.2   159   217   648   709   627   711 0.84 length=721	scaffold=chromosome12	strand=+
2587_g               -            561 12214                -            219   1.6e-06   25.6   0.3   1   3   0.00074     0.092   10.0   0.0    78   114    68   109    49   115 0.76 length=561	scaffold=chromosome14	strand=+
2587_g               -            561 12214                -            219   1.6e-06   25.6   0.3   2   3   2.8e-05    0.0035   14.7   0.2    61   115    91   161    90   168 0.74 length=561	scaffold=chromosome14	strand=+
2587_g               -            561 12214                -            219   1.6e-06   25.6   0.3   3   3       1.4   1.7e+02   -0.6   0.0   105   115   243   253   228   267 0.74 length=561	scaffold=chromosome14	strand=+
3457_g               -            476 12214                -            219   4.5e-06   24.1   8.9   1   4         1   1.3e+02   -0.2   0.0    24   145   183   207   172   221 0.58 length=476	scaffold=chromosome5	strand=+	adjustedToFrame=3
3457_g               -            476 12214                -            219   4.5e-06   24.1   8.9   2   4      0.64        79    0.5   0.0    23    49   240   266   220   275 0.72 length=476	scaffold=chromosome5	strand=+	adjustedToFrame=3
3457_g               -            476 12214                -            219   4.5e-06   24.1   8.9   3   4      0.61        75    0.5   0.2    60    84   306   330   302   357 0.65 length=476	scaffold=chromosome5	strand=+	adjustedToFrame=3
3457_g               -            476 12214                -            219   4.5e-06   24.1   8.9   4   4   2.4e-07     3e-05   21.4   4.2    58   113   358   422   344   427 0.75 length=476	scaffold=chromosome5	strand=+	adjustedToFrame=3
314_g                -            978 12214                -            219   5.3e-06   23.9   5.4   1   3   2.5e-06   0.00031   18.1   0.1    74   179   153   266   146   272 0.76 length=979	scaffold=chromosome10	strand=-
314_g                -            978 12214                -            219   5.3e-06   23.9   5.4   2   3    0.0096       1.2    6.4   0.3    58   112   304   367   290   375 0.71 length=979	scaffold=chromosome10	strand=-
314_g                -            978 12214                -            219   5.3e-06   23.9   5.4   3   3       1.2   1.5e+02   -0.4   0.1   161   215   826   885   802   899 0.59 length=979	scaffold=chromosome10	strand=-
3990_g               -            857 12214                -            219   6.5e-06   23.6   8.4   1   4    0.0066      0.82    6.9   0.4   156   217   563   634   540   635 0.74 length=857	scaffold=chromosome7	strand=+	adjustedToFrame=3
3990_g               -            857 12214                -            219   6.5e-06   23.6   8.4   2   4   0.00037     0.046   11.0   0.1   147   216   621   693   608   696 0.78 length=857	scaffold=chromosome7	strand=+	adjustedToFrame=3
3990_g               -            857 12214                -            219   6.5e-06   23.6   8.4   3   4    0.0011      0.13    9.6   0.2    82   118   702   743   692   757 0.71 length=857	scaffold=chromosome7	strand=+	adjustedToFrame=3
3990_g               -            857 12214                -            219   6.5e-06   23.6   8.4   4   4      0.32        40    1.4   0.1   166   216   770   826   757   829 0.62 length=857	scaffold=chromosome7	strand=+	adjustedToFrame=3
1026_g               -           2127 12214                -            219   9.6e-06   23.1   3.3   1   3         2   2.5e+02   -1.2   0.0   172   215  1711  1754  1665  1758 0.62 length=2128	scaffold=chromosome12	strand=+
1026_g               -           2127 12214                -            219   9.6e-06   23.1   3.3   2   3   2.6e-07   3.2e-05   21.3   0.1    71   117  1806  1856  1796  1861 0.84 length=2128	scaffold=chromosome12	strand=+
1026_g               -           2127 12214                -            219   9.6e-06   23.1   3.3   3   3       1.8   2.2e+02   -1.0   0.0   162   212  2022  2077  2012  2083 0.62 length=2128	scaffold=chromosome12	strand=+
3755_g               -            699 12214                -            219   1.2e-05   22.8   6.7   1   3   0.00024      0.03   11.6   0.1    77   121   186   235   154   241 0.81 length=699	scaffold=chromosome6	strand=+	adjustedToFrame=3
3755_g               -            699 12214                -            219   1.2e-05   22.8   6.7   2   3     0.017       2.1    5.6   0.1    85   113   303   336   293   343 0.68 length=699	scaffold=chromosome6	strand=+	adjustedToFrame=3
3755_g               -            699 12214                -            219   1.2e-05   22.8   6.7   3   3      0.09        11    3.2   0.1    99   113   322   336   321   384 0.69 length=699	scaffold=chromosome6	strand=+	adjustedToFrame=3
506_g                -            489 12214                -            219   1.2e-05   22.7   0.5   1   3   0.00052     0.064   10.6   0.0    49    81   260   294   221   304 0.72 length=490	scaffold=chromosome11	strand=-
506_g                -            489 12214                -            219   1.2e-05   22.7   0.5   2   3     0.002      0.25    8.6   0.0   158   210   336   387   320   397 0.87 length=490	scaffold=chromosome11	strand=-
506_g                -            489 12214                -            219   1.2e-05   22.7   0.5   3   3       1.8   2.2e+02   -1.0   0.0    47    77   411   443   401   449 0.48 length=490	scaffold=chromosome11	strand=-
4691_g               -            555 12214                -            219   2.7e-05   21.6  14.4   1   6    0.0015      0.18    9.1   0.1   161   216    65   126    59   129 0.57 length=555	scaffold=chromosome9	strand=+	adjustedToFrame=3
4691_g               -            555 12214                -            219   2.7e-05   21.6  14.4   2   6   1.7e-06   0.00021   18.7   0.6    10   115    93   204    88   211 0.74 length=555	scaffold=chromosome9	strand=+	adjustedToFrame=3
4691_g               -            555 12214                -            219   2.7e-05   21.6  14.4   3   6      0.33        41    1.4   0.0    58    87   223   252   203   267 0.65 length=555	scaffold=chromosome9	strand=+	adjustedToFrame=3
4691_g               -            555 12214                -            219   2.7e-05   21.6  14.4   4   6      0.11        14    3.0   0.7    63   215   345   404   315   417 0.54 length=555	scaffold=chromosome9	strand=+	adjustedToFrame=3
4691_g               -            555 12214                -            219   2.7e-05   21.6  14.4   5   6      0.19        23    2.2   0.0   174   217   408   452   403   454 0.82 length=555	scaffold=chromosome9	strand=+	adjustedToFrame=3
4691_g               -            555 12214                -            219   2.7e-05   21.6  14.4   6   6       7.4   9.2e+02   -3.0   0.0    18    32   530   544   522   545 0.70 length=555	scaffold=chromosome9	strand=+	adjustedToFrame=3
2298_g               -            448 12214                -            219   0.00012   19.5   1.9   1   1   2.1e-05    0.0026   15.1   1.9    59   110   323   383   275   408 0.45 length=448	scaffold=chromosome14	strand=+
1058_g               -            337 12214                -            219   0.00012   19.5   3.1   1   2     0.036       4.5    4.5   1.1    51    83    23    55     9   189 0.69 length=339	scaffold=chromosome12	strand=-
1058_g               -            337 12214                -            219   0.00012   19.5   3.1   2   2   0.00023     0.028   11.7   0.0   158   217   275   333   270   335 0.91 length=339	scaffold=chromosome12	strand=-
867_g                -            363 12214                -            219   0.00031   18.1   0.1   1   2   3.6e-05    0.0044   14.3   0.0    33   114    47   147    28   156 0.67 length=364	scaffold=chromosome12	strand=+
867_g                -            363 12214                -            219   0.00031   18.1   0.1   2   2      0.94   1.2e+02   -0.1   0.0   162   213   190   246   184   253 0.44 length=364	scaffold=chromosome12	strand=+
1714_g               -            751 12214                -            219   0.00077   16.8   5.2   1   2   3.2e-05    0.0039   14.5   1.2    56   113   359   429   353   454 0.78 length=751	scaffold=chromosome13	strand=+
1714_g               -            751 12214                -            219   0.00077   16.8   5.2   2   2      0.16        19    2.4   0.1   170   215   591   639   563   683 0.79 length=751	scaffold=chromosome13	strand=+
727_g                -            350 12214                -            219    0.0019   15.6   0.1   1   1   3.3e-05    0.0041   14.5   0.1    17   103   189   282   170   287 0.67 length=351	scaffold=chromosome11	strand=+
4740_g               -           1287 12214                -            219     0.003   14.9   0.2   1   2    0.0013      0.17    9.2   0.1    11    76   528   597   515   605 0.68 length=1287	scaffold=chromosome9	strand=+	adjustedToFrame=3
4740_g               -           1287 12214                -            219     0.003   14.9   0.2   2   2      0.18        22    2.3   0.0    96   118  1084  1106  1061  1175 0.80 length=1287	scaffold=chromosome9	strand=+	adjustedToFrame=3
2754_g               -            580 12214                -            219    0.0048   14.2   0.1   1   1   0.00011     0.013   12.8   0.0   141   215   178   256   156   260 0.73 length=580	scaffold=chromosome1	strand=+	adjustedToFrame=3
2403_g               -           1028 12214                -            219    0.0049   14.2   2.2   1   3      0.14        17    2.6   0.1   179   218   489   528   480   529 0.71 length=1028	scaffold=chromosome14	strand=+
2403_g               -           1028 12214                -            219    0.0049   14.2   2.2   2   3      0.15        18    2.5   0.1   122   207   511   602   507   610 0.63 length=1028	scaffold=chromosome14	strand=+
2403_g               -           1028 12214                -            219    0.0049   14.2   2.2   3   3    0.0038      0.47    7.7   0.0   170   216   976  1022   971  1024 0.91 length=1028	scaffold=chromosome14	strand=+
2584_g               -            893 12214                -            219     0.017   12.5   2.4   1   3      0.81     1e+02    0.1   0.2    31    63   603   635   591   685 0.50 length=894	scaffold=chromosome14	strand=-
2584_g               -            893 12214                -            219     0.017   12.5   2.4   2   3   0.00063     0.078   10.3   0.0   163   215   703   757   696   762 0.81 length=894	scaffold=chromosome14	strand=-
2584_g               -            893 12214                -            219     0.017   12.5   2.4   3   3       2.9   3.6e+02   -1.7   0.0    87   110   869   892   857   893 0.83 length=894	scaffold=chromosome14	strand=-
#
# Program:         hmmsearch
# Version:         3.4 (Aug 2023)
# Pipeline mode:   SEARCH
# Query file:      /home/inf-20-2025/Malaria/busco_downloads/lineages/apicomplexa_odb12/hmms/12214at5794.hmm
# Target file:     /home/inf-20-2025/Malaria/Results/6_nobird_annotation/P_knowlesi.faa
# Option settings: hmmsearch --domtblout Results/8_busco/P_knowlesi/run_apicomplexa_odb12/hmmer_output/initial_run_results/12214at5794.out --cpu 1 /home/inf-20-2025/Malaria/busco_downloads/lineages/apicomplexa_odb12/hmms/12214at5794.hmm /home/inf-20-2025/Malaria/Results/6_nobird_annotation/P_knowlesi.faa 
# Current dir:     /home/inf-20-2025/Malaria
# Date:            Wed Mar  4 18:31:41 2026
# [ok]
