#                                                                            --- full sequence --- -------------- this domain -------------   hmm coord   ali coord   env coord
# target name        accession   tlen query name           accession   qlen   E-value  score  bias   #  of  c-Evalue  i-Evalue  score  bias  from    to  from    to  from    to  acc description of target
#------------------- ---------- ----- -------------------- ---------- ----- --------- ------ ----- --- --- --------- --------- ------ ----- ----- ----- ----- ----- ----- ----- ---- ---------------------
1885_g               -            558 12327                -            318     2e-88  294.9  22.8   1   5     5e-21   1.2e-17   62.3   0.8     3    57     1    58     1    62 0.84 length=559	scaffold=chromosome13	strand=-
1885_g               -            558 12327                -            318     2e-88  294.9  22.8   2   5   2.8e-34   6.8e-31  105.9   0.5    49   135   103   192    91   217 0.83 length=559	scaffold=chromosome13	strand=-
1885_g               -            558 12327                -            318     2e-88  294.9  22.8   3   5   2.2e-19   5.4e-16   56.9   2.3   147   222   239   316   209   335 0.77 length=559	scaffold=chromosome13	strand=-
1885_g               -            558 12327                -            318     2e-88  294.9  22.8   4   5   2.4e-24   5.9e-21   73.2   0.2   200   298   343   443   329   448 0.82 length=559	scaffold=chromosome13	strand=-
1885_g               -            558 12327                -            318     2e-88  294.9  22.8   5   5   7.3e-05      0.18    9.2   0.0   295   318   527   550   514   550 0.85 length=559	scaffold=chromosome13	strand=-
2787_g               -            193 12327                -            318     0.049   11.0   5.8   1   2     1e-05     0.026   12.0   0.7     2    29     5    32     4    37 0.86 length=193	scaffold=chromosome2	strand=+	adjustedToFrame=3
2787_g               -            193 12327                -            318     0.049   11.0   5.8   2   2    0.0059        15    2.9   0.6   161   218    28    84    27   121 0.87 length=193	scaffold=chromosome2	strand=+	adjustedToFrame=3
#
# Program:         hmmsearch
# Version:         3.4 (Aug 2023)
# Pipeline mode:   SEARCH
# Query file:      /home/inf-20-2025/Malaria/busco_downloads/lineages/apicomplexa_odb12/hmms/12327at5794.hmm
# Target file:     /home/inf-20-2025/Malaria/Results/6_nobird_annotation/P_knowlesi.faa
# Option settings: hmmsearch --domtblout Results/8_busco/P_knowlesi/run_apicomplexa_odb12/hmmer_output/initial_run_results/12327at5794.out --cpu 1 /home/inf-20-2025/Malaria/busco_downloads/lineages/apicomplexa_odb12/hmms/12327at5794.hmm /home/inf-20-2025/Malaria/Results/6_nobird_annotation/P_knowlesi.faa 
# Current dir:     /home/inf-20-2025/Malaria
# Date:            Wed Mar  4 18:31:41 2026
# [ok]
