#                                                                            --- full sequence --- -------------- this domain -------------   hmm coord   ali coord   env coord
# target name        accession   tlen query name           accession   qlen   E-value  score  bias   #  of  c-Evalue  i-Evalue  score  bias  from    to  from    to  from    to  acc description of target
#------------------- ---------- ----- -------------------- ---------- ----- --------- ------ ----- --- --- --------- --------- ------ ----- ----- ----- ----- ----- ----- ----- ---- ---------------------
1630_g               -            150 14108                -            251   8.9e-20   69.2   7.6   1   1     2e-22   1.1e-19   68.9   7.6    19   159     8   146     2   149 0.93 length=150	scaffold=chromosome13	strand=+
953_g                -            563 14108                -            251     2e-14   51.7   6.2   1   1     2e-16   1.1e-13   49.2   6.1    17   161   418   560   409   563 0.86 length=564	scaffold=chromosome12	strand=+
1325_g               -           1085 14108                -            251   3.5e-14   50.9   5.5   1   2   6.4e-17   3.5e-14   50.9   5.5     4   160    10   164     7   178 0.84 length=1088	scaffold=chromosome12	strand=+
1325_g               -           1085 14108                -            251   3.5e-14   50.9   5.5   2   2       2.9   1.6e+03   -3.7   0.2    24   179   358   375   339   404 0.50 length=1088	scaffold=chromosome12	strand=+
3034_g               -            529 14108                -            251   1.9e-13   48.5   7.3   1   1   1.2e-12   6.6e-10   36.9   3.6    95   188   378   490   366   491 0.72 length=529	scaffold=chromosome3	strand=+	adjustedToFrame=3
1373_g               -            168 14108                -            251     2e-12   45.1   4.3   1   1   4.8e-15   2.6e-12   44.7   4.3    13   162    18   164     7   167 0.85 length=169	scaffold=chromosome12	strand=+
4539_g               -            167 14108                -            251     2e-12   45.1  12.1   1   1   4.3e-15   2.4e-12   44.9  12.1    12   159     6   151     1   158 0.93 length=167	scaffold=chromosome9	strand=+	adjustedToFrame=3
1398_g               -            244 14108                -            251   4.7e-06   24.3  10.1   1   1   3.7e-08     2e-05   22.2  10.1    22   169    76   230    66   242 0.83 length=245	scaffold=chromosome12	strand=-
3725_g               -            238 14108                -            251   1.8e-05   22.4  17.6   1   2   8.9e-07   0.00049   17.7   1.9    63   107    15    62     3    74 0.60 length=238	scaffold=chromosome6	strand=+	adjustedToFrame=3
3725_g               -            238 14108                -            251   1.8e-05   22.4  17.6   2   2   0.00016     0.086   10.3   8.1    72   149   147   224   115   232 0.85 length=238	scaffold=chromosome6	strand=+	adjustedToFrame=3
756_g                -            159 14108                -            251   5.7e-05   20.7   1.8   1   2      0.12        63    0.9   1.8    26    56    27    57     3    70 0.52 length=159	scaffold=chromosome11	strand=+
756_g                -            159 14108                -            251   5.7e-05   20.7   1.8   2   2     1e-07   5.7e-05   20.7   1.8    17    86    87   156    74   159 0.93 length=159	scaffold=chromosome11	strand=+
#
# Program:         hmmsearch
# Version:         3.4 (Aug 2023)
# Pipeline mode:   SEARCH
# Query file:      /home/inf-20-2025/Malaria/busco_downloads/lineages/apicomplexa_odb12/hmms/14108at5794.hmm
# Target file:     /home/inf-20-2025/Malaria/Results/6_nobird_annotation/P_knowlesi.faa
# Option settings: hmmsearch --domtblout Results/8_busco/P_knowlesi/run_apicomplexa_odb12/hmmer_output/initial_run_results/14108at5794.out --cpu 1 /home/inf-20-2025/Malaria/busco_downloads/lineages/apicomplexa_odb12/hmms/14108at5794.hmm /home/inf-20-2025/Malaria/Results/6_nobird_annotation/P_knowlesi.faa 
# Current dir:     /home/inf-20-2025/Malaria
# Date:            Wed Mar  4 18:31:39 2026
# [ok]
