#                                                                            --- full sequence --- -------------- this domain -------------   hmm coord   ali coord   env coord
# target name        accession   tlen query name           accession   qlen   E-value  score  bias   #  of  c-Evalue  i-Evalue  score  bias  from    to  from    to  from    to  acc description of target
#------------------- ---------- ----- -------------------- ---------- ----- --------- ------ ----- --- --- --------- --------- ------ ----- ----- ----- ----- ----- ----- ----- ---- ---------------------
1772_g               -           3376 14591                -            193   8.5e-41  138.0  25.8   1   9      0.29   7.1e+02   -2.1   0.3   114   154    49    92    41   104 0.62 length=3377	scaffold=chromosome13	strand=-
1772_g               -           3376 14591                -            193   8.5e-41  138.0  25.8   2   9      0.31   7.6e+02   -2.2   1.3    23    58   123   158   110   160 0.77 length=3377	scaffold=chromosome13	strand=-
1772_g               -           3376 14591                -            193   8.5e-41  138.0  25.8   3   9   3.1e-27   7.8e-24   82.6   3.4     1    79   221   299   221   327 0.91 length=3377	scaffold=chromosome13	strand=-
1772_g               -           3376 14591                -            193   8.5e-41  138.0  25.8   4   9   8.7e-16   2.2e-12   45.3   7.3    84   139   330   385   322   395 0.90 length=3377	scaffold=chromosome13	strand=-
1772_g               -           3376 14591                -            193   8.5e-41  138.0  25.8   5   9   8.3e-15     2e-11   42.1   0.7   138   192   425   479   406   480 0.92 length=3377	scaffold=chromosome13	strand=-
1772_g               -           3376 14591                -            193   8.5e-41  138.0  25.8   6   9         2     5e+03  -12.7  13.7   104   171   743   810   736   814 0.87 length=3377	scaffold=chromosome13	strand=-
1772_g               -           3376 14591                -            193   8.5e-41  138.0  25.8   7   9      0.71   1.8e+03   -3.3   0.2   127   158  1600  1631  1596  1634 0.85 length=3377	scaffold=chromosome13	strand=-
1772_g               -           3376 14591                -            193   8.5e-41  138.0  25.8   8   9      0.36   8.8e+02   -2.4   0.1    65   101  2232  2269  2227  2313 0.76 length=3377	scaffold=chromosome13	strand=-
1772_g               -           3376 14591                -            193   8.5e-41  138.0  25.8   9   9         2     5e+03   -6.4   3.3   125   155  2608  2638  2587  2652 0.48 length=3377	scaffold=chromosome13	strand=-
1140_g               -            112 14591                -            193     0.017   13.0   0.3   1   1   7.6e-06     0.019   12.9   0.3    77   133    46   105    15   110 0.80 length=113	scaffold=chromosome12	strand=+
#
# Program:         hmmsearch
# Version:         3.4 (Aug 2023)
# Pipeline mode:   SEARCH
# Query file:      /home/inf-20-2025/Malaria/busco_downloads/lineages/apicomplexa_odb12/hmms/14591at5794.hmm
# Target file:     /home/inf-20-2025/Malaria/Results/6_nobird_annotation/P_knowlesi.faa
# Option settings: hmmsearch --domtblout Results/8_busco/P_knowlesi/run_apicomplexa_odb12/hmmer_output/initial_run_results/14591at5794.out --cpu 1 /home/inf-20-2025/Malaria/busco_downloads/lineages/apicomplexa_odb12/hmms/14591at5794.hmm /home/inf-20-2025/Malaria/Results/6_nobird_annotation/P_knowlesi.faa 
# Current dir:     /home/inf-20-2025/Malaria
# Date:            Wed Mar  4 18:31:41 2026
# [ok]
