#                                                                            --- full sequence --- -------------- this domain -------------   hmm coord   ali coord   env coord
# target name        accession   tlen query name           accession   qlen   E-value  score  bias   #  of  c-Evalue  i-Evalue  score  bias  from    to  from    to  from    to  acc description of target
#------------------- ---------- ----- -------------------- ---------- ----- --------- ------ ----- --- --- --------- --------- ------ ----- ----- ----- ----- ----- ----- ----- ---- ---------------------
1827_g               -            515 20076                -             86   1.9e-32  108.9   4.0   1   3       1.4   2.3e+03   -3.5   0.9     7    26   109   128   105   130 0.70 length=516	scaffold=chromosome13	strand=-
1827_g               -            515 20076                -             86   1.9e-32  108.9   4.0   2   3       1.9   3.1e+03   -3.9   0.6    10    29   303   322   298   331 0.47 length=516	scaffold=chromosome13	strand=-
1827_g               -            515 20076                -             86   1.9e-32  108.9   4.0   3   3   1.2e-35   1.9e-32  108.9   4.0     6    86   403   484   398   484 0.96 length=516	scaffold=chromosome13	strand=-
1591_g               -            418 20076                -             86    0.0023   15.7   0.2   1   1   3.6e-06    0.0059   14.4   0.2    41    86     9    53     2    53 0.81 length=419	scaffold=chromosome13	strand=-
90_g                 -            582 20076                -             86       4.6    5.2   9.8   1   3    0.0051       8.5    4.3   0.1    66    86   254   274   242   274 0.90 length=584	scaffold=chromosome10	strand=-
90_g                 -            582 20076                -             86       4.6    5.2   9.8   2   3      0.91   1.5e+03   -2.9   0.9     3    27   467   491   465   492 0.82 length=584	scaffold=chromosome10	strand=-
90_g                 -            582 20076                -             86       4.6    5.2   9.8   3   3    0.0013       2.1    6.3   0.5     4    38   547   581   544   582 0.89 length=584	scaffold=chromosome10	strand=-
#
# Program:         hmmsearch
# Version:         3.4 (Aug 2023)
# Pipeline mode:   SEARCH
# Query file:      /home/inf-20-2025/Malaria/busco_downloads/lineages/apicomplexa_odb12/hmms/20076at5794.hmm
# Target file:     /home/inf-20-2025/Malaria/Results/6_nobird_annotation/P_knowlesi.faa
# Option settings: hmmsearch --domtblout Results/8_busco/P_knowlesi/run_apicomplexa_odb12/hmmer_output/initial_run_results/20076at5794.out --cpu 1 /home/inf-20-2025/Malaria/busco_downloads/lineages/apicomplexa_odb12/hmms/20076at5794.hmm /home/inf-20-2025/Malaria/Results/6_nobird_annotation/P_knowlesi.faa 
# Current dir:     /home/inf-20-2025/Malaria
# Date:            Wed Mar  4 18:31:38 2026
# [ok]
