#                                                                            --- full sequence --- -------------- this domain -------------   hmm coord   ali coord   env coord
# target name        accession   tlen query name           accession   qlen   E-value  score  bias   #  of  c-Evalue  i-Evalue  score  bias  from    to  from    to  from    to  acc description of target
#------------------- ---------- ----- -------------------- ---------- ----- --------- ------ ----- --- --- --------- --------- ------ ----- ----- ----- ----- ----- ----- ----- ---- ---------------------
185_g                -            319 31197                -            200   1.6e-53  179.3   1.5   1   1   5.1e-56   2.3e-53  178.8   1.5    11   182   126   297   116   312 0.94 length=320	scaffold=chromosome10	strand=+
197_g                -            267 31197                -            200   1.8e-53  179.2   3.7   1   1     5e-56   2.2e-53  178.8   3.7     6   191    70   255    65   265 0.89 length=269	scaffold=chromosome10	strand=-
2117_g               -            217 31197                -            200   4.4e-48  161.6   1.4   1   1   1.2e-50   5.5e-48  161.2   1.4    11   184    14   188     5   206 0.93 length=217	scaffold=chromosome14	strand=+
2018_g               -            204 31197                -            200   5.1e-42  141.8   0.1   1   1   1.4e-44   6.3e-42  141.5   0.1     3   171    23   189    21   196 0.93 length=206	scaffold=chromosome14	strand=-
928_g                -            237 31197                -            200   1.8e-41  140.0   0.3   1   1   5.8e-44   2.6e-41  139.5   0.3    11   180    12   193     2   211 0.86 length=238	scaffold=chromosome12	strand=+
3211_g               -            238 31197                -            200   1.9e-41  139.9   4.8   1   2   3.6e-13   1.6e-10   38.9   0.1     7    60     4    57     1    60 0.92 length=238	scaffold=chromosome4	strand=+	adjustedToFrame=3
3211_g               -            238 31197                -            200   1.9e-41  139.9   4.8   2   2   1.1e-32   4.7e-30  102.7   1.0    58   181    95   215    85   235 0.89 length=238	scaffold=chromosome4	strand=+	adjustedToFrame=3
2395_g               -            217 31197                -            200   6.8e-38  128.3   0.1   1   1   1.9e-40   8.8e-38  127.9   0.1    12   165    11   161     5   188 0.92 length=221	scaffold=chromosome14	strand=+
3770_g               -            178 31197                -            200     9e-12   43.0   0.3   1   1   2.3e-14     1e-11   42.9   0.3     7   162    15   169    10   178 0.83 length=178	scaffold=chromosome6	strand=+	adjustedToFrame=3
1419_g               -            214 31197                -            200   2.6e-07   28.5   0.2   1   1   7.7e-10   3.5e-07   28.1   0.2     7   164    43   200    38   213 0.80 length=214	scaffold=chromosome12	strand=+
3502_g               -            191 31197                -            200   0.00089   16.9   0.0   1   1   3.5e-06    0.0016   16.1   0.0    10   130    21   137    14   174 0.77 length=191	scaffold=chromosome5	strand=+	adjustedToFrame=3
644_g                -            441 31197                -            200    0.0018   15.9   0.2   1   3       0.2        88    0.6   0.0     9    51     4    41     2    60 0.72 length=441	scaffold=chromosome11	strand=+
644_g                -            441 31197                -            200    0.0018   15.9   0.2   2   3   9.3e-05     0.042   11.5   0.0    87   112   184   209   162   214 0.92 length=441	scaffold=chromosome11	strand=+
644_g                -            441 31197                -            200    0.0018   15.9   0.2   3   3       1.1   4.8e+02   -1.8   0.0    24    38   362   376   357   416 0.73 length=441	scaffold=chromosome11	strand=+
#
# Program:         hmmsearch
# Version:         3.4 (Aug 2023)
# Pipeline mode:   SEARCH
# Query file:      /home/inf-20-2025/Malaria/busco_downloads/lineages/apicomplexa_odb12/hmms/31197at5794.hmm
# Target file:     /home/inf-20-2025/Malaria/Results/6_nobird_annotation/P_knowlesi.faa
# Option settings: hmmsearch --domtblout Results/8_busco/P_knowlesi/run_apicomplexa_odb12/hmmer_output/initial_run_results/31197at5794.out --cpu 1 /home/inf-20-2025/Malaria/busco_downloads/lineages/apicomplexa_odb12/hmms/31197at5794.hmm /home/inf-20-2025/Malaria/Results/6_nobird_annotation/P_knowlesi.faa 
# Current dir:     /home/inf-20-2025/Malaria
# Date:            Wed Mar  4 18:31:39 2026
# [ok]
