#                                                                            --- full sequence --- -------------- this domain -------------   hmm coord   ali coord   env coord
# target name        accession   tlen query name           accession   qlen   E-value  score  bias   #  of  c-Evalue  i-Evalue  score  bias  from    to  from    to  from    to  acc description of target
#------------------- ---------- ----- -------------------- ---------- ----- --------- ------ ----- --- --- --------- --------- ------ ----- ----- ----- ----- ----- ----- ----- ---- ---------------------
2405_g               -            722 31354                -            541  7.6e-130  431.8  21.5   1   2  5.3e-114  4.4e-111  369.9  11.0     6   427    60   506    55   529 0.92 length=723	scaffold=chromosome14	strand=-
2405_g               -            722 31354                -            541  7.6e-130  431.8  21.5   2   2   2.2e-22   1.8e-19   67.5   2.7   441   536   548   644   537   647 0.91 length=723	scaffold=chromosome14	strand=-
4453_g               -            540 31354                -            541   2.7e-24   83.4   2.5   1   2   1.6e-15   1.4e-12   44.8   1.2    28   181    30   190    10   248 0.72 length=540	scaffold=chromosome8	strand=+	adjustedToFrame=3
4453_g               -            540 31354                -            541   2.7e-24   83.4   2.5   2   2     2e-13   1.7e-10   37.9   0.0   380   534   370   530   352   536 0.82 length=540	scaffold=chromosome8	strand=+	adjustedToFrame=3
455_g                -            529 31354                -            541   1.9e-19   67.5   2.3   1   2   1.3e-10   1.1e-07   28.6   1.1    19   114    16   107     2   233 0.86 length=530	scaffold=chromosome11	strand=-
455_g                -            529 31354                -            541   1.9e-19   67.5   2.3   2   2   1.9e-13   1.6e-10   38.0   0.0   394   518   384   513   369   527 0.84 length=530	scaffold=chromosome11	strand=-
4466_g               -            532 31354                -            541   1.2e-17   61.5   3.0   1   2   9.7e-15     8e-12   42.3   0.1    20   160    19   166     7   191 0.83 length=532	scaffold=chromosome8	strand=+	adjustedToFrame=3
4466_g               -            532 31354                -            541   1.2e-17   61.5   3.0   2   2   8.6e-08   7.1e-05   19.4   0.6   382   516   371   510   348   524 0.79 length=532	scaffold=chromosome8	strand=+	adjustedToFrame=3
720_g                -            958 31354                -            541   1.8e-11   41.1   0.4   1   2   4.9e-10   4.1e-07   26.8   0.0    37   154    30   144    10   161 0.86 length=960	scaffold=chromosome11	strand=-
720_g                -            958 31354                -            541   1.8e-11   41.1   0.4   2   2   1.2e-05    0.0098   12.3   0.1   393   520   389   522   381   542 0.81 length=960	scaffold=chromosome11	strand=-
2379_g               -            552 31354                -            541   7.5e-11   39.1   5.0   1   2   2.7e-09   2.2e-06   24.3   0.3    21   157    30   162    17   296 0.85 length=553	scaffold=chromosome14	strand=+
2379_g               -            552 31354                -            541   7.5e-11   39.1   5.0   2   2   4.1e-07   0.00034   17.1   0.5   389   522   389   528   338   546 0.82 length=553	scaffold=chromosome14	strand=+
#
# Program:         hmmsearch
# Version:         3.4 (Aug 2023)
# Pipeline mode:   SEARCH
# Query file:      /home/inf-20-2025/Malaria/busco_downloads/lineages/apicomplexa_odb12/hmms/31354at5794.hmm
# Target file:     /home/inf-20-2025/Malaria/Results/6_nobird_annotation/P_knowlesi.faa
# Option settings: hmmsearch --domtblout Results/8_busco/P_knowlesi/run_apicomplexa_odb12/hmmer_output/initial_run_results/31354at5794.out --cpu 1 /home/inf-20-2025/Malaria/busco_downloads/lineages/apicomplexa_odb12/hmms/31354at5794.hmm /home/inf-20-2025/Malaria/Results/6_nobird_annotation/P_knowlesi.faa 
# Current dir:     /home/inf-20-2025/Malaria
# Date:            Wed Mar  4 18:31:39 2026
# [ok]
