#                                                                            --- full sequence --- -------------- this domain -------------   hmm coord   ali coord   env coord
# target name        accession   tlen query name           accession   qlen   E-value  score  bias   #  of  c-Evalue  i-Evalue  score  bias  from    to  from    to  from    to  acc description of target
#------------------- ---------- ----- -------------------- ---------- ----- --------- ------ ----- --- --- --------- --------- ------ ----- ----- ----- ----- ----- ----- ----- ---- ---------------------
901_g                -            629 31553                -            383  2.2e-149  495.6  14.5   1   4   1.7e-23   1.7e-21   74.7   0.4     2    64    45   107    44   112 0.91 length=630	scaffold=chromosome12	strand=-
901_g                -            629 31553                -            383  2.2e-149  495.6  14.5   2   4   3.6e-27   3.5e-25   86.8   0.5    49   194   150   290   145   295 0.81 length=630	scaffold=chromosome12	strand=-
901_g                -            629 31553                -            383  2.2e-149  495.6  14.5   3   4   1.7e-05    0.0017   15.4   0.0   142   180   294   332   289   338 0.88 length=630	scaffold=chromosome12	strand=-
901_g                -            629 31553                -            383  2.2e-149  495.6  14.5   4   4  4.2e-100   4.1e-98  326.8   0.5   176   382   406   613   399   614 0.98 length=630	scaffold=chromosome12	strand=-
739_g                -           1365 31553                -            383   5.7e-45  151.9   7.3   1   4   2.8e-32   2.8e-30  103.6   0.8   223   382     4   161     1   162 0.97 length=1366	scaffold=chromosome11	strand=-
739_g                -           1365 31553                -            383   5.7e-45  151.9   7.3   2   4   1.6e-06   0.00016   18.8   0.1   173   231   232   292   200   293 0.77 length=1366	scaffold=chromosome11	strand=-
739_g                -           1365 31553                -            383   5.7e-45  151.9   7.3   3   4   3.6e-11   3.6e-09   34.1   0.1   178   250   281   354   276   357 0.92 length=1366	scaffold=chromosome11	strand=-
739_g                -           1365 31553                -            383   5.7e-45  151.9   7.3   4   4       5.7   5.6e+02   -2.8   0.0   206   242   572   607   558   620 0.71 length=1366	scaffold=chromosome11	strand=-
4512_g               -            591 31553                -            383   1.9e-35  120.6   3.9   1   2   2.3e-12   2.3e-10   38.0   0.2   266   347   276   355   269   361 0.87 length=591	scaffold=chromosome8	strand=+	adjustedToFrame=3
4512_g               -            591 31553                -            383   1.9e-35  120.6   3.9   2   2   8.6e-29   8.5e-27   92.1   0.6   157   315   332   491   330   569 0.90 length=591	scaffold=chromosome8	strand=+	adjustedToFrame=3
3340_g               -            284 31553                -            383   2.3e-34  117.0   3.7   1   2   1.5e-26   1.5e-24   84.8   2.6   223   365    31   174    23   174 0.92 length=284	scaffold=chromosome5	strand=+	adjustedToFrame=3
3340_g               -            284 31553                -            383   2.3e-34  117.0   3.7   2   2     2e-12     2e-10   38.2   0.0   223   342   160   281   159   284 0.81 length=284	scaffold=chromosome5	strand=+	adjustedToFrame=3
220_g                -            620 31553                -            383   1.3e-32  111.3   4.4   1   2   4.1e-19     4e-17   60.3   0.9   265   382   334   449   328   450 0.96 length=625	scaffold=chromosome10	strand=-
220_g                -            620 31553                -            383   1.3e-32  111.3   4.4   2   2   2.6e-19   2.6e-17   60.9   0.1   177   300   456   577   451   586 0.87 length=625	scaffold=chromosome10	strand=-
2284_g               -            614 31553                -            383   1.6e-31  107.7   2.3   1   3   8.4e-08   8.3e-06   23.0   0.0   303   349   318   365   314   369 0.84 length=614	scaffold=chromosome14	strand=+
2284_g               -            614 31553                -            383   1.6e-31  107.7   2.3   2   3   1.9e-11   1.9e-09   35.0   0.0   177   297   363   482   358   492 0.86 length=614	scaffold=chromosome14	strand=+
2284_g               -            614 31553                -            383   1.6e-31  107.7   2.3   3   3   9.1e-16   9.1e-14   49.2   0.3   186   296   499   614   489   614 0.90 length=614	scaffold=chromosome14	strand=+
1360_g               -           1237 31553                -            383   1.1e-29  101.6  16.2   1   4   3.4e-20   3.4e-18   63.8   1.6   196   382    29   231    21   232 0.83 length=1238	scaffold=chromosome12	strand=+
1360_g               -           1237 31553                -            383   1.1e-29  101.6  16.2   2   4       2.3   2.3e+02   -1.5   0.2   146   186   376   416   353   428 0.74 length=1238	scaffold=chromosome12	strand=+
1360_g               -           1237 31553                -            383   1.1e-29  101.6  16.2   3   4     0.023       2.3    5.1   0.0   216   262   641   686   631   761 0.64 length=1238	scaffold=chromosome12	strand=+
1360_g               -           1237 31553                -            383   1.1e-29  101.6  16.2   4   4   4.1e-13   4.1e-11   40.5   0.8   236   381   845   988   833   990 0.87 length=1238	scaffold=chromosome12	strand=+
2746_g               -           1049 31553                -            383   5.7e-28   96.0   5.2   1   4   1.3e-06   0.00013   19.1   0.0   178   254   158   236   142   252 0.73 length=1049	scaffold=chromosome1	strand=+	adjustedToFrame=3
2746_g               -           1049 31553                -            383   5.7e-28   96.0   5.2   2   4   8.4e-07   8.3e-05   19.7   0.1   171   284   293   408   275   416 0.86 length=1049	scaffold=chromosome1	strand=+	adjustedToFrame=3
2746_g               -           1049 31553                -            383   5.7e-28   96.0   5.2   3   4     2e-17     2e-15   54.7   0.3   152   351   425   649   411   657 0.80 length=1049	scaffold=chromosome1	strand=+	adjustedToFrame=3
2746_g               -           1049 31553                -            383   5.7e-28   96.0   5.2   4   4       3.8   3.7e+02   -2.2   0.0   177   204   813   840   775   846 0.74 length=1049	scaffold=chromosome1	strand=+	adjustedToFrame=3
140_g                -            842 31553                -            383   1.9e-22   77.8   7.0   1   3   2.9e-07   2.9e-05   21.2   0.0   344   382   504   542   500   543 0.96 length=843	scaffold=chromosome10	strand=-
140_g                -            842 31553                -            383   1.9e-22   77.8   7.0   2   3   2.7e-06   0.00027   18.1   0.1   308   377   554   622   544   629 0.66 length=843	scaffold=chromosome10	strand=-
140_g                -            842 31553                -            383   1.9e-22   77.8   7.0   3   3   4.4e-13   4.4e-11   40.4   0.9   185   342   645   807   635   818 0.87 length=843	scaffold=chromosome10	strand=-
606_g                -            525 31553                -            383   6.5e-22   76.0   4.9   1   3    0.0032      0.32    7.9   0.2   265   302   190   226   182   236 0.82 length=526	scaffold=chromosome11	strand=-
606_g                -            525 31553                -            383   6.5e-22   76.0   4.9   2   3   2.2e-09   2.2e-07   28.2   0.2   153   215   201   270   199   279 0.79 length=526	scaffold=chromosome11	strand=-
606_g                -            525 31553                -            383   6.5e-22   76.0   4.9   3   3   9.1e-15     9e-13   45.9   0.2   183   306   301   430   283   433 0.84 length=526	scaffold=chromosome11	strand=-
2022_g               -            524 31553                -            383   8.4e-22   75.7   3.6   1   1   2.3e-23   2.3e-21   74.2   3.6   182   350   216   390   204   409 0.88 length=525	scaffold=chromosome14	strand=-
1559_g               -            744 31553                -            383   3.4e-21   73.7  18.4   1   4   0.00056     0.056   10.4   0.2   306   349    10    52     3    71 0.56 length=744	scaffold=chromosome13	strand=+
1559_g               -            744 31553                -            383   3.4e-21   73.7  18.4   2   4   6.8e-08   6.8e-06   23.3   0.5   309   380    87   160    77   162 0.90 length=744	scaffold=chromosome13	strand=+
1559_g               -            744 31553                -            383   3.4e-21   73.7  18.4   3   4   5.9e-13   5.9e-11   40.0   1.6   265   343   241   320   238   328 0.93 length=744	scaffold=chromosome13	strand=+
1559_g               -            744 31553                -            383   3.4e-21   73.7  18.4   4   4   0.00057     0.056   10.4   0.3   225   297   663   741   639   744 0.50 length=744	scaffold=chromosome13	strand=+
2465_g               -            499 31553                -            383   4.5e-21   73.3   3.9   1   3       1.2   1.2e+02   -0.6   0.0   282   333   186   237   183   240 0.87 length=500	scaffold=chromosome14	strand=+
2465_g               -            499 31553                -            383   4.5e-21   73.3   3.9   2   3   8.9e-16   8.8e-14   49.3   0.4   264   342   274   352   270   355 0.96 length=500	scaffold=chromosome14	strand=+
2465_g               -            499 31553                -            383   4.5e-21   73.3   3.9   3   3   5.8e-11   5.7e-09   33.4   0.2   177   300   314   446   310   460 0.75 length=500	scaffold=chromosome14	strand=+
2792_g               -            447 31553                -            383     8e-21   72.4   0.1   1   3   0.00027     0.027   11.4   0.0   175   217   145   189   137   210 0.81 length=447	scaffold=chromosome2	strand=+	adjustedToFrame=3
2792_g               -            447 31553                -            383     8e-21   72.4   0.1   2   3   5.6e-17   5.5e-15   53.2   0.0   190   342   213   371   211   377 0.84 length=447	scaffold=chromosome2	strand=+	adjustedToFrame=3
2792_g               -            447 31553                -            383     8e-21   72.4   0.1   3   3     0.052       5.2    3.9   0.0   261   300   390   431   371   434 0.64 length=447	scaffold=chromosome2	strand=+	adjustedToFrame=3
2987_g               -            481 31553                -            383   8.8e-20   69.0   5.6   1   3   3.3e-09   3.3e-07   27.6   0.2   305   381    61   137    50   139 0.94 length=481	scaffold=chromosome3	strand=+	adjustedToFrame=3
2987_g               -            481 31553                -            383   8.8e-20   69.0   5.6   2   3   8.6e-06   0.00085   16.4   0.0   176   306   186   314   160   320 0.80 length=481	scaffold=chromosome3	strand=+	adjustedToFrame=3
2987_g               -            481 31553                -            383   8.8e-20   69.0   5.6   3   3   8.6e-09   8.5e-07   26.3   0.5   267   356   319   407   314   418 0.84 length=481	scaffold=chromosome3	strand=+	adjustedToFrame=3
2483_g               -            470 31553                -            383   3.7e-19   67.0   4.5   1   2   5.9e-17   5.9e-15   53.1   0.8   223   354   167   299   162   303 0.84 length=471	scaffold=chromosome14	strand=-
2483_g               -            470 31553                -            383   3.7e-19   67.0   4.5   2   2   3.1e-05    0.0031   14.6   0.1   274   344   314   388   309   399 0.83 length=471	scaffold=chromosome14	strand=-
4691_g               -            555 31553                -            383   2.1e-18   64.5   5.6   1   3   1.5e-07   1.5e-05   22.2   0.1   262   347    45   130    40   164 0.79 length=555	scaffold=chromosome9	strand=+	adjustedToFrame=3
4691_g               -            555 31553                -            383   2.1e-18   64.5   5.6   2   3   3.4e-11   3.4e-09   34.2   0.3   178   273   165   260   132   264 0.85 length=555	scaffold=chromosome9	strand=+	adjustedToFrame=3
4691_g               -            555 31553                -            383   2.1e-18   64.5   5.6   3   3   0.00097     0.096    9.6   0.1   240   301   343   407   319   421 0.78 length=555	scaffold=chromosome9	strand=+	adjustedToFrame=3
1639_g               -            486 31553                -            383   8.2e-18   62.5   9.0   1   4   0.00043     0.042   10.8   0.0   172   241   121   190   113   196 0.80 length=488	scaffold=chromosome13	strand=-
1639_g               -            486 31553                -            383   8.2e-18   62.5   9.0   2   4     0.033       3.2    4.6   0.2   281   301   201   221   195   231 0.69 length=488	scaffold=chromosome13	strand=-
1639_g               -            486 31553                -            383   8.2e-18   62.5   9.0   3   4   3.4e-15   3.4e-13   47.3   0.5   239   351   306   419   297   424 0.90 length=488	scaffold=chromosome13	strand=-
1639_g               -            486 31553                -            383   8.2e-18   62.5   9.0   4   4      0.18        18    2.2   0.0   262   298   430   466   427   474 0.72 length=488	scaffold=chromosome13	strand=-
2353_g               -            620 31553                -            383   9.4e-18   62.3   9.4   1   4      0.16        16    2.3   0.0   268   304   292   329   283   335 0.82 length=620	scaffold=chromosome14	strand=+
2353_g               -            620 31553                -            383   9.4e-18   62.3   9.4   2   4   6.6e-11   6.5e-09   33.2   2.0   266   362   349   452   345   457 0.82 length=620	scaffold=chromosome14	strand=+
2353_g               -            620 31553                -            383   9.4e-18   62.3   9.4   3   4   4.8e-09   4.7e-07   27.1   0.1   280   342   412   473   405   475 0.87 length=620	scaffold=chromosome14	strand=+
2353_g               -            620 31553                -            383   9.4e-18   62.3   9.4   4   4   1.8e-07   1.7e-05   22.0   0.0   196   331   455   594   452   606 0.77 length=620	scaffold=chromosome14	strand=+
2587_g               -            561 31553                -            383   2.1e-17   61.2   4.6   1   2     5e-15     5e-13   46.8   0.4   261   344    69   160    62   195 0.83 length=561	scaffold=chromosome14	strand=+
2587_g               -            561 31553                -            383   2.1e-17   61.2   4.6   2   2   2.9e-08   2.9e-06   24.5   0.4   265   342   124   199   123   260 0.79 length=561	scaffold=chromosome14	strand=+
1024_g               -            546 31553                -            383   3.2e-17   60.6   1.0   1   4         9   8.9e+02   -3.4   0.0   262   300   165   203   163   205 0.83 length=546	scaffold=chromosome12	strand=+
1024_g               -            546 31553                -            383   3.2e-17   60.6   1.0   2   4    0.0007     0.069   10.1   0.0   154   179   286   311   265   319 0.70 length=546	scaffold=chromosome12	strand=+
1024_g               -            546 31553                -            383   3.2e-17   60.6   1.0   3   4   9.9e-14   9.8e-12   42.5   0.1   181   303   350   479   341   488 0.81 length=546	scaffold=chromosome12	strand=+
1024_g               -            546 31553                -            383   3.2e-17   60.6   1.0   4   4     0.036       3.5    4.5   0.0   264   299   506   541   501   544 0.89 length=546	scaffold=chromosome12	strand=+
3457_g               -            476 31553                -            383   7.3e-16   56.1   7.5   1   4      0.11        10    2.9   0.0   216   253   216   254   208   257 0.87 length=476	scaffold=chromosome5	strand=+	adjustedToFrame=3
3457_g               -            476 31553                -            383   7.3e-16   56.1   7.5   2   4    0.0056      0.56    7.1   0.2   281   311   305   335   302   337 0.87 length=476	scaffold=chromosome5	strand=+	adjustedToFrame=3
3457_g               -            476 31553                -            383   7.3e-16   56.1   7.5   3   4   1.8e-13   1.8e-11   41.7   2.0   256   342   334   421   331   425 0.90 length=476	scaffold=chromosome5	strand=+	adjustedToFrame=3
3457_g               -            476 31553                -            383   7.3e-16   56.1   7.5   4   4     0.039       3.8    4.4   0.0   268   291   445   468   437   472 0.84 length=476	scaffold=chromosome5	strand=+	adjustedToFrame=3
3755_g               -            699 31553                -            383   1.1e-15   55.5   8.7   1   2   2.3e-10   2.3e-08   31.4   0.7   172   303    84   230    75   247 0.77 length=699	scaffold=chromosome6	strand=+	adjustedToFrame=3
3755_g               -            699 31553                -            383   1.1e-15   55.5   8.7   2   2   5.5e-12   5.5e-10   36.8   1.8   176   303   187   339   185   347 0.75 length=699	scaffold=chromosome6	strand=+	adjustedToFrame=3
394_g                -            887 31553                -            383   4.4e-15   53.5   4.2   1   3     0.011       1.1    6.2   0.0   240   265    44    69    13   114 0.88 length=887	scaffold=chromosome11	strand=+
394_g                -            887 31553                -            383   4.4e-15   53.5   4.2   2   3   0.00018     0.018   12.0   0.1   198   255   131   186   120   217 0.83 length=887	scaffold=chromosome11	strand=+
394_g                -            887 31553                -            383   4.4e-15   53.5   4.2   3   3   2.6e-11   2.6e-09   34.5   0.5   153   260   238   347   193   361 0.83 length=887	scaffold=chromosome11	strand=+
851_g                -            721 31553                -            383   7.9e-15   52.7   4.1   1   3     0.025       2.5    5.0   0.0   178   262   106   195    90   206 0.83 length=721	scaffold=chromosome12	strand=+
851_g                -            721 31553                -            383   7.9e-15   52.7   4.1   2   3   0.00044     0.044   10.8   0.0   236   339   301   399   290   414 0.86 length=721	scaffold=chromosome12	strand=+
851_g                -            721 31553                -            383   7.9e-15   52.7   4.1   3   3   8.4e-12   8.3e-10   36.2   0.9    82   341   441   707   428   718 0.77 length=721	scaffold=chromosome12	strand=+
2298_g               -            448 31553                -            383   7.2e-13   46.3   0.7   1   1   1.2e-14   1.2e-12   45.5   0.7   187   298   270   384   257   436 0.65 length=448	scaffold=chromosome14	strand=+
2391_g               -            749 31553                -            383   2.7e-12   44.4   8.8   1   2   6.6e-13   6.5e-11   39.8   0.9   265   367    11   119     5   137 0.61 length=749	scaffold=chromosome14	strand=+
2391_g               -            749 31553                -            383   2.7e-12   44.4   8.8   2   2    0.0045      0.45    7.4   0.6   263   327   234   303   228   312 0.72 length=749	scaffold=chromosome14	strand=+
1406_g               -            805 31553                -            383   6.8e-12   43.1   1.3   1   4   6.5e-07   6.4e-05   20.1   0.0   147   263    30   146    12   153 0.70 length=806	scaffold=chromosome12	strand=+
1406_g               -            805 31553                -            383   6.8e-12   43.1   1.3   2   4     0.015       1.5    5.7   0.0   220   256   248   285   238   299 0.74 length=806	scaffold=chromosome12	strand=+
1406_g               -            805 31553                -            383   6.8e-12   43.1   1.3   3   4   8.1e-05     0.008   13.2   0.4   325   382   413   469   383   471 0.88 length=806	scaffold=chromosome12	strand=+
1406_g               -            805 31553                -            383   6.8e-12   43.1   1.3   4   4       6.7   6.6e+02   -3.0   0.0   266   288   769   791   765   801 0.77 length=806	scaffold=chromosome12	strand=+
3990_g               -            857 31553                -            383   3.9e-11   40.6   6.8   1   4      0.13        13    2.7   0.0   271   295   506   530   494   553 0.89 length=857	scaffold=chromosome7	strand=+	adjustedToFrame=3
3990_g               -            857 31553                -            383   3.9e-11   40.6   6.8   2   4    0.0038      0.37    7.7   0.1   271   343   556   634   544   645 0.81 length=857	scaffold=chromosome7	strand=+	adjustedToFrame=3
3990_g               -            857 31553                -            383   3.9e-11   40.6   6.8   3   4     1e-09     1e-07   29.3   0.2   266   343   660   738   657   748 0.92 length=857	scaffold=chromosome7	strand=+	adjustedToFrame=3
3990_g               -            857 31553                -            383   3.9e-11   40.6   6.8   4   4      0.33        32    1.3   0.1   269   314   749   799   744   808 0.71 length=857	scaffold=chromosome7	strand=+	adjustedToFrame=3
59_g                 -            323 31553                -            383   5.8e-11   40.0   4.4   1   3   1.3e-10   1.3e-08   32.3   1.2   176   256    51   129    19   164 0.69 length=323	scaffold=chromosome10	strand=+
59_g                 -            323 31553                -            383   5.8e-11   40.0   4.4   2   3      0.31        30    1.4   0.1   177   222   136   180   131   215 0.75 length=323	scaffold=chromosome10	strand=+
59_g                 -            323 31553                -            383   5.8e-11   40.0   4.4   3   3     0.016       1.6    5.6   0.0   181   214   270   303   220   310 0.75 length=323	scaffold=chromosome10	strand=+
314_g                -            978 31553                -            383     4e-10   37.2   1.1   1   3     2e-06    0.0002   18.5   0.0   284   342   202   264   195   268 0.73 length=979	scaffold=chromosome10	strand=-
314_g                -            978 31553                -            383     4e-10   37.2   1.1   2   3   6.3e-05    0.0062   13.6   0.2   285   341   309   366   295   395 0.52 length=979	scaffold=chromosome10	strand=-
314_g                -            978 31553                -            383     4e-10   37.2   1.1   3   3      0.25        25    1.7   0.0   176   251   803   881   799   885 0.83 length=979	scaffold=chromosome10	strand=-
1026_g               -           2127 31553                -            383   7.8e-10   36.3   0.7   1   2   7.3e-09   7.2e-07   26.5   0.2   164   287  1801  1923  1778  1961 0.85 length=2128	scaffold=chromosome12	strand=+
1026_g               -           2127 31553                -            383   7.8e-10   36.3   0.7   2   2    0.0038      0.37    7.7   0.0   120   251  1939  2076  1923  2085 0.63 length=2128	scaffold=chromosome12	strand=+
3623_g               -            689 31553                -            383   3.1e-09   34.3   5.9   1   2   2.8e-05    0.0028   14.7   0.0   232   325   398   500   370   514 0.76 length=689	scaffold=chromosome6	strand=+	adjustedToFrame=3
3623_g               -            689 31553                -            383   3.1e-09   34.3   5.9   2   2   5.1e-07     5e-05   20.4   1.1   265   382   530   657   518   658 0.82 length=689	scaffold=chromosome6	strand=+	adjustedToFrame=3
3175_g               -           1456 31553                -            383   7.8e-09   33.0   4.4   1   3   3.5e-10   3.4e-08   30.9   0.6   177   352   140   329   133   337 0.74 length=1456	scaffold=chromosome4	strand=+	adjustedToFrame=3
3175_g               -           1456 31553                -            383   7.8e-09   33.0   4.4   2   3       1.9   1.9e+02   -1.2   0.0   274   302   336   364   322   368 0.83 length=1456	scaffold=chromosome4	strand=+	adjustedToFrame=3
3175_g               -           1456 31553                -            383   7.8e-09   33.0   4.4   3   3      0.24        24    1.8   0.1   325   364   840   879   813   898 0.74 length=1456	scaffold=chromosome4	strand=+	adjustedToFrame=3
727_g                -            350 31553                -            383     1e-08   32.6   0.0   1   1   1.7e-10   1.7e-08   31.9   0.0   221   319   177   276   134   285 0.84 length=351	scaffold=chromosome11	strand=+
67_g                 -           1646 31553                -            383   1.2e-08   32.3   4.8   1   5      0.98        97   -0.2   0.0   348   382   237   271   230   272 0.88 length=1646	scaffold=chromosome10	strand=+
67_g                 -           1646 31553                -            383   1.2e-08   32.3   4.8   2   5   0.00049     0.048   10.6   0.1   335   382   297   346   293   347 0.83 length=1646	scaffold=chromosome10	strand=+
67_g                 -           1646 31553                -            383   1.2e-08   32.3   4.8   3   5   9.8e-05    0.0097   12.9   0.1   178   258   310   393   305   396 0.84 length=1646	scaffold=chromosome10	strand=+
67_g                 -           1646 31553                -            383   1.2e-08   32.3   4.8   4   5   0.00094     0.093    9.7   0.1   128   214   980  1067   945  1071 0.78 length=1646	scaffold=chromosome10	strand=+
67_g                 -           1646 31553                -            383   1.2e-08   32.3   4.8   5   5     0.019       1.9    5.4   0.1   279   319  1534  1574  1514  1578 0.80 length=1646	scaffold=chromosome10	strand=+
1714_g               -            751 31553                -            383   3.6e-08   30.8   1.2   1   1   7.1e-10     7e-08   29.8   1.2    84   268   249   441   238   449 0.83 length=751	scaffold=chromosome13	strand=+
818_g                -            464 31553                -            383   4.9e-08   30.4   0.2   1   2   1.9e-09   1.9e-07   28.4   0.1   175   371   103   218    71   265 0.57 length=468	scaffold=chromosome12	strand=-
818_g                -            464 31553                -            383   4.9e-08   30.4   0.2   2   2       5.7   5.7e+02   -2.8   0.0   148   180   345   377   306   379 0.80 length=468	scaffold=chromosome12	strand=-
2389_g               -            431 31553                -            383   8.7e-08   29.5   1.7   1   2   6.9e-08   6.8e-06   23.3   0.1   231   360    78   217    38   239 0.81 length=432	scaffold=chromosome14	strand=-
2389_g               -            431 31553                -            383   8.7e-08   29.5   1.7   2   2     0.016       1.6    5.6   0.1   302   352   305   353   293   375 0.59 length=432	scaffold=chromosome14	strand=-
2373_g               -           3698 31553                -            383   1.2e-07   29.1   0.2   1   1   4.1e-09   4.1e-07   27.3   0.2   144   297   908  1062   901  1071 0.80 length=3705	scaffold=chromosome14	strand=-
867_g                -            363 31553                -            383   6.3e-07   26.7   0.0   1   3     3e-07     3e-05   21.2   0.0   245   341    43   144    19   146 0.78 length=364	scaffold=chromosome12	strand=+
867_g                -            363 31553                -            383   6.3e-07   26.7   0.0   2   3   0.00065     0.064   10.2   0.0   280   301   126   147   122   155 0.72 length=364	scaffold=chromosome12	strand=+
867_g                -            363 31553                -            383   6.3e-07   26.7   0.0   3   3       0.4        40    1.0   0.0   129   175   203   249   191   263 0.84 length=364	scaffold=chromosome12	strand=+
506_g                -            489 31553                -            383   1.7e-06   25.3   4.9   1   3    0.0011      0.11    9.5   0.0   181   214   257   290   242   303 0.80 length=490	scaffold=chromosome11	strand=-
506_g                -            489 31553                -            383   1.7e-06   25.3   4.9   2   3         1     1e+02   -0.3   0.0   271   300   327   355   311   371 0.58 length=490	scaffold=chromosome11	strand=-
506_g                -            489 31553                -            383   1.7e-06   25.3   4.9   3   3   8.9e-06   0.00089   16.3   0.3   269   352   366   455   327   470 0.66 length=490	scaffold=chromosome11	strand=-
3710_g               -            538 31553                -            383   1.1e-05   22.6   5.0   1   4         4   3.9e+02   -2.2   0.0   125   151   137   163    63   181 0.60 length=538	scaffold=chromosome6	strand=+	adjustedToFrame=3
3710_g               -            538 31553                -            383   1.1e-05   22.6   5.0   2   4       3.8   3.8e+02   -2.2   0.0   269   305   237   274   229   325 0.65 length=538	scaffold=chromosome6	strand=+	adjustedToFrame=3
3710_g               -            538 31553                -            383   1.1e-05   22.6   5.0   3   4    0.0002     0.019   11.9   0.4   287   347   377   438   350   463 0.62 length=538	scaffold=chromosome6	strand=+	adjustedToFrame=3
3710_g               -            538 31553                -            383   1.1e-05   22.6   5.0   4   4   0.00028     0.028   11.4   0.0   238   277   468   507   456   534 0.77 length=538	scaffold=chromosome6	strand=+	adjustedToFrame=3
225_g                -            723 31553                -            383   1.3e-05   22.4   1.2   1   2   3.2e-07   3.1e-05   21.1   0.7   215   358    99   236    90   260 0.82 length=724	scaffold=chromosome10	strand=-
225_g                -            723 31553                -            383   1.3e-05   22.4   1.2   2   2      0.18        18    2.2   0.0   192   256   209   274   204   275 0.84 length=724	scaffold=chromosome10	strand=-
1852_g               -            533 31553                -            383   2.5e-05   21.4   2.5   1   2     0.002       0.2    8.6   0.1   259   316    65   122    46   128 0.74 length=533	scaffold=chromosome13	strand=+
1852_g               -            533 31553                -            383   2.5e-05   21.4   2.5   2   2   0.00015     0.015   12.3   0.1   230   308   303   380   288   390 0.80 length=533	scaffold=chromosome13	strand=+
1170_g               -            582 31553                -            383   3.2e-05   21.1   0.0   1   3      0.34        34    1.3   0.0   301   342   145   185   141   204 0.86 length=583	scaffold=chromosome12	strand=-
1170_g               -            582 31553                -            383   3.2e-05   21.1   0.0   2   3    0.0043      0.42    7.5   0.0   189   220   293   324   235   330 0.73 length=583	scaffold=chromosome12	strand=-
1170_g               -            582 31553                -            383   3.2e-05   21.1   0.0   3   3    0.0026      0.25    8.3   0.0   239   287   447   496   403   508 0.85 length=583	scaffold=chromosome12	strand=-
381_g                -            374 31553                -            383   0.00014   19.0   0.7   1   2   2.5e-05    0.0025   14.9   0.1   215   309     9   100     6   134 0.69 length=375	scaffold=chromosome11	strand=-
381_g                -            374 31553                -            383   0.00014   19.0   0.7   2   2      0.41        41    1.0   0.1   281   339   292   349   218   359 0.75 length=375	scaffold=chromosome11	strand=-
2618_g               -            801 31553                -            383    0.0012   15.9   0.1   1   2     0.044       4.4    4.2   0.0   232   295   202   266   175   276 0.77 length=801	scaffold=chromosome1	strand=+	adjustedToFrame=3
2618_g               -            801 31553                -            383    0.0012   15.9   0.1   2   2    0.0012      0.12    9.4   0.1   193   253   429   488   418   496 0.76 length=801	scaffold=chromosome1	strand=+	adjustedToFrame=3
2754_g               -            580 31553                -            383    0.0016   15.5   0.1   1   2   9.9e-05    0.0098   12.9   0.0   114   262   109   263    86   278 0.72 length=580	scaffold=chromosome1	strand=+	adjustedToFrame=3
2754_g               -            580 31553                -            383    0.0016   15.5   0.1   2   2       1.1   1.1e+02   -0.5   0.0   283   300   322   339   318   351 0.82 length=580	scaffold=chromosome1	strand=+	adjustedToFrame=3
4740_g               -           1287 31553                -            383     0.029   11.3   1.7   1   3     0.023       2.3    5.1   0.0   221   259   524   560   512   596 0.78 length=1287	scaffold=chromosome9	strand=+	adjustedToFrame=3
4740_g               -           1287 31553                -            383     0.029   11.3   1.7   2   3     0.043       4.3    4.2   0.1   343   382  1060  1098  1057  1099 0.88 length=1287	scaffold=chromosome9	strand=+	adjustedToFrame=3
4740_g               -           1287 31553                -            383     0.029   11.3   1.7   3   3       5.2   5.1e+02   -2.6   0.0   104   154  1212  1259  1194  1283 0.65 length=1287	scaffold=chromosome9	strand=+	adjustedToFrame=3
#
# Program:         hmmsearch
# Version:         3.4 (Aug 2023)
# Pipeline mode:   SEARCH
# Query file:      /home/inf-20-2025/Malaria/busco_downloads/lineages/apicomplexa_odb12/hmms/31553at5794.hmm
# Target file:     /home/inf-20-2025/Malaria/Results/6_nobird_annotation/P_knowlesi.faa
# Option settings: hmmsearch --domtblout Results/8_busco/P_knowlesi/run_apicomplexa_odb12/hmmer_output/initial_run_results/31553at5794.out --cpu 1 /home/inf-20-2025/Malaria/busco_downloads/lineages/apicomplexa_odb12/hmms/31553at5794.hmm /home/inf-20-2025/Malaria/Results/6_nobird_annotation/P_knowlesi.faa 
# Current dir:     /home/inf-20-2025/Malaria
# Date:            Wed Mar  4 18:31:42 2026
# [ok]
