#                                                                            --- full sequence --- -------------- this domain -------------   hmm coord   ali coord   env coord
# target name        accession   tlen query name           accession   qlen   E-value  score  bias   #  of  c-Evalue  i-Evalue  score  bias  from    to  from    to  from    to  acc description of target
#------------------- ---------- ----- -------------------- ---------- ----- --------- ------ ----- --- --- --------- --------- ------ ----- ----- ----- ----- ----- ----- ----- ---- ---------------------
385_g                -           1143 31941                -            665  1.6e-213  708.7   7.0   1   2   2.6e-96   2.6e-93  311.5   0.9    28   263   439   679   415   691 0.94 length=1143	scaffold=chromosome11	strand=+
385_g                -           1143 31941                -            665  1.6e-213  708.7   7.0   2   2  3.5e-123  3.5e-120  400.3   0.6   274   648   763  1141   748  1143 0.94 length=1143	scaffold=chromosome11	strand=+
2400_g               -           1058 31941                -            665  5.9e-201  667.2   9.0   1   2  2.4e-101   2.4e-98  328.2   1.8    22   297   361   640   343   644 0.94 length=1059	scaffold=chromosome14	strand=-
2400_g               -           1058 31941                -            665  5.9e-201  667.2   9.0   2   2  6.5e-106  6.4e-103  343.2   0.9   285   647   676  1052   671  1056 0.90 length=1059	scaffold=chromosome14	strand=-
1939_g               -           1594 31941                -            665   2.7e-80  268.5   9.5   1   3   5.2e-59   5.2e-56  188.3   1.0    20   275   379   647   360   652 0.87 length=1594	scaffold=chromosome14	strand=+
1939_g               -           1594 31941                -            665   2.7e-80  268.5   9.5   2   3   1.2e-26   1.2e-23   81.3   0.0   263   429   902  1087   889  1092 0.84 length=1594	scaffold=chromosome14	strand=+
1939_g               -           1594 31941                -            665   2.7e-80  268.5   9.5   3   3     0.011        11    2.2   0.5   524   588  1298  1371  1263  1460 0.72 length=1594	scaffold=chromosome14	strand=+
1466_g               -            929 31941                -            665   2.9e-60  202.3   6.5   1   2   1.4e-12   1.4e-09   34.8   0.0   126   196   106   176   100   253 0.85 length=929	scaffold=chromosome12	strand=+
1466_g               -            929 31941                -            665   2.9e-60  202.3   6.5   2   2   9.5e-53   9.4e-50  167.6   4.0   218   650   485   921   478   926 0.88 length=929	scaffold=chromosome12	strand=+
4434_g               -           2035 31941                -            665   3.1e-56  189.0   3.2   1   3   9.9e-41   9.8e-38  127.9   0.5    35   223   398   599   388   606 0.87 length=2035	scaffold=chromosome8	strand=+	adjustedToFrame=3
4434_g               -           2035 31941                -            665   3.1e-56  189.0   3.2   2   3   3.9e-20   3.9e-17   59.8   0.0   247   396   723   879   707   891 0.85 length=2035	scaffold=chromosome8	strand=+	adjustedToFrame=3
4434_g               -           2035 31941                -            665   3.1e-56  189.0   3.2   3   3     0.086        85   -0.8   0.0   413   484   932  1006   919  1016 0.81 length=2035	scaffold=chromosome8	strand=+	adjustedToFrame=3
#
# Program:         hmmsearch
# Version:         3.4 (Aug 2023)
# Pipeline mode:   SEARCH
# Query file:      /home/inf-20-2025/Malaria/busco_downloads/lineages/apicomplexa_odb12/hmms/31941at5794.hmm
# Target file:     /home/inf-20-2025/Malaria/Results/6_nobird_annotation/P_knowlesi.faa
# Option settings: hmmsearch --domtblout Results/8_busco/P_knowlesi/run_apicomplexa_odb12/hmmer_output/initial_run_results/31941at5794.out --cpu 1 /home/inf-20-2025/Malaria/busco_downloads/lineages/apicomplexa_odb12/hmms/31941at5794.hmm /home/inf-20-2025/Malaria/Results/6_nobird_annotation/P_knowlesi.faa 
# Current dir:     /home/inf-20-2025/Malaria
# Date:            Wed Mar  4 18:31:42 2026
# [ok]
