#                                                                            --- full sequence --- -------------- this domain -------------   hmm coord   ali coord   env coord
# target name        accession   tlen query name           accession   qlen   E-value  score  bias   #  of  c-Evalue  i-Evalue  score  bias  from    to  from    to  from    to  acc description of target
#------------------- ---------- ----- -------------------- ---------- ----- --------- ------ ----- --- --- --------- --------- ------ ----- ----- ----- ----- ----- ----- ----- ---- ---------------------
2658_g               -            892 32004                -            599  2.8e-222  737.4  48.9   1   4  3.5e-118  2.5e-115  384.2   3.2     1   254     2   261     2   264 0.95 length=892	scaffold=chromosome1	strand=+	adjustedToFrame=3
2658_g               -            892 32004                -            599  2.8e-222  737.4  48.9   2   4     2e-79   1.4e-76  256.2   3.8   253   459   289   518   278   544 0.84 length=892	scaffold=chromosome1	strand=+	adjustedToFrame=3
2658_g               -            892 32004                -            599  2.8e-222  737.4  48.9   3   4   5.4e-38   3.8e-35  119.4  11.3   434   568   617   750   598   789 0.88 length=892	scaffold=chromosome1	strand=+	adjustedToFrame=3
2658_g               -            892 32004                -            599  2.8e-222  737.4  48.9   4   4         7     5e+03   -8.4  12.3   516   582   785   850   746   872 0.43 length=892	scaffold=chromosome1	strand=+	adjustedToFrame=3
3952_g               -            652 32004                -            599   2.1e-76  255.6   7.1   1   2   4.4e-69   3.1e-66  222.1   0.1     2   367    30   402    29   406 0.90 length=652	scaffold=chromosome7	strand=+	adjustedToFrame=3
3952_g               -            652 32004                -            599   2.1e-76  255.6   7.1   2   2     2e-12   1.4e-09   35.0   3.6   450   550   527   629   515   637 0.91 length=652	scaffold=chromosome7	strand=+	adjustedToFrame=3
4811_g               -            663 32004                -            599   5.7e-64  214.6  20.3   1   2   3.2e-66   2.2e-63  212.7   0.3     3   368    44   417    43   479 0.88 length=663	scaffold=chromosome9	strand=+	adjustedToFrame=3
4811_g               -            663 32004                -            599   5.7e-64  214.6  20.3   2   2    0.0014         1    5.7  14.4   435   567   525   655   504   663 0.63 length=663	scaffold=chromosome9	strand=+	adjustedToFrame=3
898_g                -            932 32004                -            599   9.3e-48  161.1  38.1   1   4   2.2e-05     0.016   11.7   0.0     2    90    23   113    22   136 0.80 length=933	scaffold=chromosome12	strand=-
898_g                -            932 32004                -            599   9.3e-48  161.1  38.1   2   4   5.8e-38   4.1e-35  119.3   6.6    87   433   142   509   123   588 0.77 length=933	scaffold=chromosome12	strand=-
898_g                -            932 32004                -            599   9.3e-48  161.1  38.1   3   4   5.9e-14   4.2e-11   40.0  16.2   428   591   621   786   597   794 0.86 length=933	scaffold=chromosome12	strand=-
898_g                -            932 32004                -            599   9.3e-48  161.1  38.1   4   4      0.19   1.4e+02   -1.3   2.9   504   576   779   849   763   873 0.62 length=933	scaffold=chromosome12	strand=-
1394_g               -            124 32004                -            599     0.013   12.0   4.7   1   1     2e-05     0.014   11.9   4.7   504   577    45   119    10   123 0.86 length=125	scaffold=chromosome12	strand=-
3847_g               -            260 32004                -            599     0.054    9.9   3.1   1   1   9.6e-05     0.068    9.6   3.1   392   505    17   134     2   154 0.84 length=260	scaffold=chromosome7	strand=+	adjustedToFrame=3
2552_g               -            220 32004                -            599      0.26    7.7  13.2   1   1   0.00045      0.32    7.4  13.2   423   574    42   194    16   203 0.83 length=220	scaffold=chromosome14	strand=+
#
# Program:         hmmsearch
# Version:         3.4 (Aug 2023)
# Pipeline mode:   SEARCH
# Query file:      /home/inf-20-2025/Malaria/busco_downloads/lineages/apicomplexa_odb12/hmms/32004at5794.hmm
# Target file:     /home/inf-20-2025/Malaria/Results/6_nobird_annotation/P_knowlesi.faa
# Option settings: hmmsearch --domtblout Results/8_busco/P_knowlesi/run_apicomplexa_odb12/hmmer_output/initial_run_results/32004at5794.out --cpu 1 /home/inf-20-2025/Malaria/busco_downloads/lineages/apicomplexa_odb12/hmms/32004at5794.hmm /home/inf-20-2025/Malaria/Results/6_nobird_annotation/P_knowlesi.faa 
# Current dir:     /home/inf-20-2025/Malaria
# Date:            Wed Mar  4 18:31:45 2026
# [ok]
