#                                                                            --- full sequence --- -------------- this domain -------------   hmm coord   ali coord   env coord
# target name        accession   tlen query name           accession   qlen   E-value  score  bias   #  of  c-Evalue  i-Evalue  score  bias  from    to  from    to  from    to  acc description of target
#------------------- ---------- ----- -------------------- ---------- ----- --------- ------ ----- --- --- --------- --------- ------ ----- ----- ----- ----- ----- ----- ----- ---- ---------------------
993_g                -            525 32139                -            397    4e-167  553.9   4.5   1   2     2e-86   3.2e-84  280.9   0.5     1   179    76   254    76   276 0.95 length=525	scaffold=chromosome12	strand=+
993_g                -            525 32139                -            397    4e-167  553.9   4.5   2   2   1.3e-84   2.1e-82  274.9   0.4   171   396   277   508   263   509 0.94 length=525	scaffold=chromosome12	strand=+
3135_g               -            546 32139                -            397  1.4e-111  371.0   3.5   1   1  1.2e-113  1.9e-111  370.6   3.5     2   391   141   528   140   534 0.94 length=546	scaffold=chromosome4	strand=+	adjustedToFrame=3
1155_g               -            398 32139                -            397   3.7e-87  290.6   0.5   1   1   2.8e-89   4.4e-87  290.3   0.5     2   371    22   391    21   397 0.93 length=399	scaffold=chromosome12	strand=-
2357_g               -            713 32139                -            397   2.3e-85  284.7   0.4   1   3       5.6   8.7e+02   -3.7   0.0   221   263    22    64    17    79 0.60 length=714	scaffold=chromosome14	strand=-
2357_g               -            713 32139                -            397   2.3e-85  284.7   0.4   2   3   2.2e-15   3.4e-13   47.0   0.0     3    66   273   335   271   340 0.88 length=714	scaffold=chromosome14	strand=-
2357_g               -            713 32139                -            397   2.3e-85  284.7   0.4   3   3   1.4e-72   2.2e-70  235.3   0.2    69   345   396   672   389   697 0.90 length=714	scaffold=chromosome14	strand=-
142_g                -           1002 32139                -            397   7.9e-84  279.6   0.0   1   2   2.1e-42   3.2e-40  136.0   0.0     4   178   581   760   578   769 0.90 length=1002	scaffold=chromosome10	strand=+
142_g                -           1002 32139                -            397   7.9e-84  279.6   0.0   2   2   5.3e-44   8.2e-42  141.3   0.0   181   360   784   965   773   985 0.91 length=1002	scaffold=chromosome10	strand=+
1379_g               -            528 32139                -            397   3.1e-83  277.7   0.0   1   1   2.5e-85   3.9e-83  277.3   0.0     3   353   113   469   111   495 0.87 length=529	scaffold=chromosome12	strand=-
502_g                -            605 32139                -            397   6.8e-83  276.5   1.2   1   1   5.3e-85   8.3e-83  276.2   1.2     2   389   155   544   154   552 0.89 length=606	scaffold=chromosome11	strand=+
43_g                 -            669 32139                -            397   8.7e-83  276.2   0.0   1   1   8.7e-85   1.3e-82  275.6   0.0     2   353   218   580   217   596 0.87 length=670	scaffold=chromosome10	strand=-
240_g                -           1354 32139                -            397   1.1e-82  275.9   0.3   1   2   6.8e-85   1.1e-82  275.9   0.3     3   367   620   990   618  1019 0.92 length=1355	scaffold=chromosome10	strand=-
240_g                -           1354 32139                -            397   1.1e-82  275.9   0.3   2   2       7.1   1.1e+03   -4.0   0.6   352   381  1197  1226  1185  1242 0.73 length=1355	scaffold=chromosome10	strand=-
2197_g               -            908 32139                -            397     3e-81  271.1   0.2   1   3   8.9e-14   1.4e-11   41.7   0.0     6    63   335   392   329   403 0.91 length=909	scaffold=chromosome14	strand=-
2197_g               -            908 32139                -            397     3e-81  271.1   0.2   2   3   7.2e-22   1.1e-19   68.4   0.0    71   171   421   518   414   531 0.92 length=909	scaffold=chromosome14	strand=-
2197_g               -            908 32139                -            397     3e-81  271.1   0.2   3   3   7.2e-49   1.1e-46  157.3   0.1   178   359   546   730   540   742 0.91 length=909	scaffold=chromosome14	strand=-
287_g                -            722 32139                -            397   5.8e-78  260.3   0.2   1   2   1.5e-13   2.3e-11   41.0   0.0     8    67   132   191   125   196 0.91 length=723	scaffold=chromosome10	strand=-
287_g                -            722 32139                -            397   5.8e-78  260.3   0.2   2   2   5.5e-67   8.5e-65  216.9   0.3    73   378   228   535   220   549 0.91 length=723	scaffold=chromosome10	strand=-
3554_g               -            390 32139                -            397   7.1e-78  260.0   0.6   1   1   5.1e-80     8e-78  259.8   0.6     2   371    19   386    18   390 0.93 length=390	scaffold=chromosome5	strand=+	adjustedToFrame=3
3221_g               -            469 32139                -            397   5.5e-75  250.5   1.8   1   2   3.1e-13   4.7e-11   40.0   0.0     3    66    59   122    58   125 0.92 length=469	scaffold=chromosome4	strand=+	adjustedToFrame=3
3221_g               -            469 32139                -            397   5.5e-75  250.5   1.8   2   2   1.4e-64   2.1e-62  209.0   1.3    70   368   157   458   151   467 0.91 length=469	scaffold=chromosome4	strand=+	adjustedToFrame=3
2590_g               -           1203 32139                -            397   6.7e-75  250.2   1.8   1   2   7.6e-42   1.2e-39  134.2   0.0     6   201   145   347   141   366 0.84 length=1204	scaffold=chromosome14	strand=+
2590_g               -           1203 32139                -            397   6.7e-75  250.2   1.8   2   2   5.5e-36   8.5e-34  114.9   0.6   213   346   384   519   374   531 0.93 length=1204	scaffold=chromosome14	strand=+
3338_g               -           1161 32139                -            397   2.3e-71  238.6   2.7   1   2   1.5e-73   2.3e-71  238.6   2.7     3   372   142   519   140   535 0.87 length=1161	scaffold=chromosome5	strand=+	adjustedToFrame=3
3338_g               -           1161 32139                -            397   2.3e-71  238.6   2.7   2   2       7.4   1.1e+03   -4.1   0.1   347   369   738   760   732   767 0.79 length=1161	scaffold=chromosome5	strand=+	adjustedToFrame=3
1251_g               -            841 32139                -            397   3.3e-63  211.7   6.3   1   2   4.8e-54   7.4e-52  174.3   3.1     2   321   423   757   422   765 0.85 length=842	scaffold=chromosome12	strand=-
1251_g               -            841 32139                -            397   3.3e-63  211.7   6.3   2   2   7.1e-12   1.1e-09   35.5   0.1   322   375   777   830   770   837 0.90 length=842	scaffold=chromosome12	strand=-
1985_g               -            623 32139                -            397     1e-61  206.8   5.8   1   1     9e-64   1.4e-61  206.3   5.8    19   367   163   526   153   553 0.82 length=623	scaffold=chromosome14	strand=+
1387_g               -            762 32139                -            397     1e-59  200.2   6.1   1   3   6.4e-41   9.9e-39  131.1   1.0     8   206   217   433   211   453 0.83 length=765	scaffold=chromosome12	strand=-
1387_g               -            762 32139                -            397     1e-59  200.2   6.1   2   3       2.4   3.8e+02   -2.5   0.0   243   281   521   558   517   565 0.78 length=765	scaffold=chromosome12	strand=-
1387_g               -            762 32139                -            397     1e-59  200.2   6.1   3   3     1e-22   1.6e-20   71.2   0.2   267   388   567   687   555   696 0.89 length=765	scaffold=chromosome12	strand=-
106_g                -            816 32139                -            397   1.2e-53  180.2   7.8   1   3   1.3e-17   2.1e-15   54.3   0.0     3    64     2    63     1    69 0.95 length=817	scaffold=chromosome10	strand=-
106_g                -            816 32139                -            397   1.2e-53  180.2   7.8   2   3   1.3e-17     2e-15   54.4   0.6    66   225   324   483   321   544 0.75 length=817	scaffold=chromosome10	strand=-
106_g                -            816 32139                -            397   1.2e-53  180.2   7.8   3   3     8e-23   1.2e-20   71.5   0.5   233   352   553   689   533   694 0.81 length=817	scaffold=chromosome10	strand=-
2493_g               -            846 32139                -            397   8.8e-51  170.8   1.7   1   3   6.4e-34   9.9e-32  108.1   0.2    15   201    54   246    39   261 0.79 length=847	scaffold=chromosome14	strand=-
2493_g               -            846 32139                -            397   8.8e-51  170.8   1.7   2   3    0.0041      0.64    6.6   0.0   222   298   322   400   307   411 0.85 length=847	scaffold=chromosome14	strand=-
2493_g               -            846 32139                -            397   8.8e-51  170.8   1.7   3   3     2e-17   3.1e-15   53.7   0.0   303   365   522   584   518   614 0.79 length=847	scaffold=chromosome14	strand=-
2701_g               -           1256 32139                -            397   6.5e-46  154.8  17.9   1   5   3.4e-11   5.3e-09   33.2   0.1     3    65    30    92    28    98 0.92 length=1256	scaffold=chromosome1	strand=+	adjustedToFrame=3
2701_g               -           1256 32139                -            397   6.5e-46  154.8  17.9   2   5     0.024       3.7    4.1   0.0    70    89   127   146   123   154 0.87 length=1256	scaffold=chromosome1	strand=+	adjustedToFrame=3
2701_g               -           1256 32139                -            397   6.5e-46  154.8  17.9   3   5   3.4e-12   5.3e-10   36.5   2.0    97   193   200   314   196   343 0.74 length=1256	scaffold=chromosome1	strand=+	adjustedToFrame=3
2701_g               -           1256 32139                -            397   6.5e-46  154.8  17.9   4   5       1.6   2.5e+02   -1.9   0.0   325   349   500   524   490   536 0.82 length=1256	scaffold=chromosome1	strand=+	adjustedToFrame=3
2701_g               -           1256 32139                -            397   6.5e-46  154.8  17.9   5   5   4.3e-27   6.7e-25   85.6   0.8   233   361   581   709   550   726 0.86 length=1256	scaffold=chromosome1	strand=+	adjustedToFrame=3
1767_g               -            953 32139                -            397   6.7e-45  151.4   9.5   1   5   3.3e-13   5.2e-11   39.9   0.0    24    67    50    93    28    97 0.86 length=954	scaffold=chromosome13	strand=-
1767_g               -            953 32139                -            397   6.7e-45  151.4   9.5   2   5   0.00024     0.037   10.7   0.0    61    98   209   246   182   256 0.78 length=954	scaffold=chromosome13	strand=-
1767_g               -            953 32139                -            397   6.7e-45  151.4   9.5   3   5   2.8e-12   4.4e-10   36.8   0.0   109   191   283   362   274   372 0.87 length=954	scaffold=chromosome13	strand=-
1767_g               -            953 32139                -            397   6.7e-45  151.4   9.5   4   5         5   7.8e+02   -3.5   0.0   212   245   416   449   413   461 0.74 length=954	scaffold=chromosome13	strand=-
1767_g               -            953 32139                -            397   6.7e-45  151.4   9.5   5   5   5.3e-21   8.2e-19   65.5   1.7   230   360   480   618   467   647 0.77 length=954	scaffold=chromosome13	strand=-
1769_g               -            352 32139                -            397   5.5e-41  138.5   0.1   1   1   4.7e-43   7.3e-41  138.1   0.1     2   201   137   336   136   350 0.89 length=352	scaffold=chromosome13	strand=+
4550_g               -           1283 32139                -            397   1.3e-34  117.5   4.4   1   4   5.7e-11   8.9e-09   32.5   0.0     2    75   153   226   152   232 0.89 length=1283	scaffold=chromosome9	strand=+	adjustedToFrame=3
4550_g               -           1283 32139                -            397   1.3e-34  117.5   4.4   2   4         4   6.1e+02   -3.2   0.2   202   230   269   297   266   299 0.85 length=1283	scaffold=chromosome9	strand=+	adjustedToFrame=3
4550_g               -           1283 32139                -            397   1.3e-34  117.5   4.4   3   4     0.007       1.1    5.9   0.0   115   174   522   579   504   584 0.81 length=1283	scaffold=chromosome9	strand=+	adjustedToFrame=3
4550_g               -           1283 32139                -            397   1.3e-34  117.5   4.4   4   4   5.9e-25   9.2e-23   78.5   0.1   235   337   871   973   864   979 0.96 length=1283	scaffold=chromosome9	strand=+	adjustedToFrame=3
289_g                -            522 32139                -            397   7.4e-32  108.5   5.8   1   1   6.4e-34   9.9e-32  108.1   5.8     2   350   112   475   111   514 0.81 length=525	scaffold=chromosome10	strand=-
1488_g               -           1052 32139                -            397   2.1e-29  100.4   0.1   1   3   7.9e-08   1.2e-05   22.2   0.0    37    79   173   215   137   255 0.74 length=1056	scaffold=chromosome13	strand=-
1488_g               -           1052 32139                -            397   2.1e-29  100.4   0.1   2   3      0.22        34    0.9   0.0   135   160   303   328   267   334 0.78 length=1056	scaffold=chromosome13	strand=-
1488_g               -           1052 32139                -            397   2.1e-29  100.4   0.1   3   3   4.3e-23   6.7e-21   72.4   0.0   241   369   510   650   502   667 0.88 length=1056	scaffold=chromosome13	strand=-
1681_g               -           1252 32139                -            397   1.6e-21   74.4   0.2   1   2    0.0002     0.031   11.0   0.0    22    71    45    94    32   112 0.84 length=1253	scaffold=chromosome13	strand=-
1681_g               -           1252 32139                -            397   1.6e-21   74.4   0.2   2   2   1.3e-19     2e-17   61.0   0.1   243   379   280   418   271   431 0.91 length=1253	scaffold=chromosome13	strand=-
3552_g               -           2605 32139                -            397     9e-17   58.8   8.4   1   4   1.6e-13   2.4e-11   40.9   0.4     7   176   684   858   679   875 0.83 length=2605	scaffold=chromosome5	strand=+	adjustedToFrame=3
3552_g               -           2605 32139                -            397     9e-17   58.8   8.4   2   4     0.016       2.5    4.7   0.1   258   316  1018  1076   960  1161 0.79 length=2605	scaffold=chromosome5	strand=+	adjustedToFrame=3
3552_g               -           2605 32139                -            397     9e-17   58.8   8.4   3   4     1e-05    0.0016   15.2   0.0    67   167  1693  1789  1685  1803 0.79 length=2605	scaffold=chromosome5	strand=+	adjustedToFrame=3
3552_g               -           2605 32139                -            397     9e-17   58.8   8.4   4   4      0.77   1.2e+02   -0.9   0.2   222   262  1929  1965  1918  1972 0.75 length=2605	scaffold=chromosome5	strand=+	adjustedToFrame=3
2045_g               -            798 32139                -            397     3e-16   57.1   3.1   1   5   0.00064     0.099    9.3   0.0    17    61   123   168   112   177 0.83 length=799	scaffold=chromosome14	strand=-
2045_g               -            798 32139                -            397     3e-16   57.1   3.1   2   5      0.16        24    1.4   0.0    73    87   252   266   248   272 0.89 length=799	scaffold=chromosome14	strand=-
2045_g               -            798 32139                -            397     3e-16   57.1   3.1   3   5   0.00094      0.15    8.7   0.0   101   159   331   390   326   460 0.75 length=799	scaffold=chromosome14	strand=-
2045_g               -            798 32139                -            397     3e-16   57.1   3.1   4   5       0.5        78   -0.3   0.2   168   223   613   664   574   673 0.66 length=799	scaffold=chromosome14	strand=-
2045_g               -            798 32139                -            397     3e-16   57.1   3.1   5   5   4.3e-11   6.6e-09   32.9   0.0   304   372   678   746   662   760 0.91 length=799	scaffold=chromosome14	strand=-
3406_g               -           1759 32139                -            397    0.0001   19.1   0.2   1   1   1.6e-06   0.00025   17.8   0.2   234   333  1341  1448  1332  1479 0.80 length=1759	scaffold=chromosome5	strand=+	adjustedToFrame=3
3793_g               -            898 32139                -            397    0.0023   14.7   0.7   1   2      0.86   1.3e+02   -1.0   0.1   173   209   435   471   429   478 0.83 length=898	scaffold=chromosome6	strand=+	adjustedToFrame=3
3793_g               -            898 32139                -            397    0.0023   14.7   0.7   2   2   4.5e-05    0.0069   13.1   0.1   222   339   622   737   611   748 0.81 length=898	scaffold=chromosome6	strand=+	adjustedToFrame=3
1859_g               -           1107 32139                -            397    0.0037   14.0   0.1   1   2   0.00025     0.039   10.6   0.0    37    59    53    75    44    86 0.78 length=1107	scaffold=chromosome13	strand=+
1859_g               -           1107 32139                -            397    0.0037   14.0   0.1   2   2      0.56        86   -0.4   0.0   202   254   632   685   602   691 0.73 length=1107	scaffold=chromosome13	strand=+
#
# Program:         hmmsearch
# Version:         3.4 (Aug 2023)
# Pipeline mode:   SEARCH
# Query file:      /home/inf-20-2025/Malaria/busco_downloads/lineages/apicomplexa_odb12/hmms/32139at5794.hmm
# Target file:     /home/inf-20-2025/Malaria/Results/6_nobird_annotation/P_knowlesi.faa
# Option settings: hmmsearch --domtblout Results/8_busco/P_knowlesi/run_apicomplexa_odb12/hmmer_output/initial_run_results/32139at5794.out --cpu 1 /home/inf-20-2025/Malaria/busco_downloads/lineages/apicomplexa_odb12/hmms/32139at5794.hmm /home/inf-20-2025/Malaria/Results/6_nobird_annotation/P_knowlesi.faa 
# Current dir:     /home/inf-20-2025/Malaria
# Date:            Wed Mar  4 18:31:42 2026
# [ok]
