#                                                                            --- full sequence --- -------------- this domain -------------   hmm coord   ali coord   env coord
# target name        accession   tlen query name           accession   qlen   E-value  score  bias   #  of  c-Evalue  i-Evalue  score  bias  from    to  from    to  from    to  acc description of target
#------------------- ---------- ----- -------------------- ---------- ----- --------- ------ ----- --- --- --------- --------- ------ ----- ----- ----- ----- ----- ----- ----- ---- ---------------------
484_g                -            943 32187                -            832  3.1e-122  407.4  21.6   1   2   6.5e-27   6.5e-24   82.2   7.9   148   338   140   343    23   356 0.76 length=944	scaffold=chromosome11	strand=-
484_g                -            943 32187                -            832  3.1e-122  407.4  21.6   2   2  5.6e-102   5.6e-99  330.5   2.9   372   717   423   755   390   775 0.90 length=944	scaffold=chromosome11	strand=-
1581_g               -            758 32187                -            832  3.8e-120  400.5   5.2   1   1  4.7e-120  4.6e-117  390.3   5.1   165   716   114   675   103   689 0.83 length=759	scaffold=chromosome13	strand=+
2083_g               -            972 32187                -            832  6.3e-115  383.3  19.9   1   3   8.1e-24     8e-21   72.0   8.8   146   381   202   465   171   481 0.76 length=972	scaffold=chromosome14	strand=+
2083_g               -            972 32187                -            832  6.3e-115  383.3  19.9   2   3   5.4e-87   5.3e-84  281.0   0.1   363   622   480   739   475   754 0.92 length=972	scaffold=chromosome14	strand=+
2083_g               -            972 32187                -            832  6.3e-115  383.3  19.9   3   3   4.7e-13   4.7e-10   36.4   0.5   613   716   770   872   757   941 0.88 length=972	scaffold=chromosome14	strand=+
50_g                 -            969 32187                -            832  1.5e-103  345.6   7.3   1   3    5e-102     5e-99  330.7   2.6    70   616    43   617     8   642 0.76 length=969	scaffold=chromosome10	strand=+
50_g                 -            969 32187                -            832  1.5e-103  345.6   7.3   2   3   4.6e-10   4.6e-07   26.5   0.2   651   716   711   781   646   787 0.80 length=969	scaffold=chromosome10	strand=+
50_g                 -            969 32187                -            832  1.5e-103  345.6   7.3   3   3         5     5e+03   -7.2  16.9     7   106   794   891   788   909 0.66 length=969	scaffold=chromosome10	strand=+
1577_g               -           1205 32187                -            832     5e-94  314.1   4.2   1   3   3.7e-16   3.6e-13   46.6   0.7   197   340   212   361   199   408 0.82 length=1206	scaffold=chromosome13	strand=-
1577_g               -           1205 32187                -            832     5e-94  314.1   4.2   2   3   8.7e-71   8.6e-68  227.3   0.0   395   617   717   940   683   955 0.90 length=1206	scaffold=chromosome13	strand=-
1577_g               -           1205 32187                -            832     5e-94  314.1   4.2   3   3   5.7e-14   5.7e-11   39.4   0.1   621   705  1004  1091   981  1118 0.83 length=1206	scaffold=chromosome13	strand=-
#
# Program:         hmmsearch
# Version:         3.4 (Aug 2023)
# Pipeline mode:   SEARCH
# Query file:      /home/inf-20-2025/Malaria/busco_downloads/lineages/apicomplexa_odb12/hmms/32187at5794.hmm
# Target file:     /home/inf-20-2025/Malaria/Results/6_nobird_annotation/P_knowlesi.faa
# Option settings: hmmsearch --domtblout Results/8_busco/P_knowlesi/run_apicomplexa_odb12/hmmer_output/initial_run_results/32187at5794.out --cpu 1 /home/inf-20-2025/Malaria/busco_downloads/lineages/apicomplexa_odb12/hmms/32187at5794.hmm /home/inf-20-2025/Malaria/Results/6_nobird_annotation/P_knowlesi.faa 
# Current dir:     /home/inf-20-2025/Malaria
# Date:            Wed Mar  4 18:31:43 2026
# [ok]
