#                                                                            --- full sequence --- -------------- this domain -------------   hmm coord   ali coord   env coord
# target name        accession   tlen query name           accession   qlen   E-value  score  bias   #  of  c-Evalue  i-Evalue  score  bias  from    to  from    to  from    to  acc description of target
#------------------- ---------- ----- -------------------- ---------- ----- --------- ------ ----- --- --- --------- --------- ------ ----- ----- ----- ----- ----- ----- ----- ---- ---------------------
2326_g               -            875 35998                -            233   4.2e-08   31.2   4.5   1   4   0.00055      0.68    7.6   0.0    73   140    24    89    19    97 0.84 length=875	scaffold=chromosome14	strand=+
2326_g               -            875 35998                -            233   4.2e-08   31.2   4.5   2   4     0.002       2.5    5.8   0.1   113   146   149   182   119   202 0.72 length=875	scaffold=chromosome14	strand=+
2326_g               -            875 35998                -            233   4.2e-08   31.2   4.5   3   4   5.7e-05     0.071   10.8   0.1    91   137   216   260   205   288 0.78 length=875	scaffold=chromosome14	strand=+
2326_g               -            875 35998                -            233   4.2e-08   31.2   4.5   4   4    0.0031       3.8    5.2   0.0    92   157   464   529   445   543 0.83 length=875	scaffold=chromosome14	strand=+
1101_g               -            969 35998                -            233   3.8e-07   28.1   0.1   1   8         4     5e+03   -5.6   6.4   161   226   150   214   137   221 0.66 length=970	scaffold=chromosome12	strand=-
1101_g               -            969 35998                -            233   3.8e-07   28.1   0.1   2   8         4     5e+03   -5.7   3.0   196   220   246   270   232   277 0.57 length=970	scaffold=chromosome12	strand=-
1101_g               -            969 35998                -            233   3.8e-07   28.1   0.1   3   8      0.75   9.3e+02   -2.6   0.9   197   219   441   463   435   481 0.51 length=970	scaffold=chromosome12	strand=-
1101_g               -            969 35998                -            233   3.8e-07   28.1   0.1   4   8         4     5e+03  -13.7  19.4   176   226   499   549   467   556 0.48 length=970	scaffold=chromosome12	strand=-
1101_g               -            969 35998                -            233   3.8e-07   28.1   0.1   5   8         4     5e+03   -6.5   8.7   183   231   538   588   534   590 0.57 length=970	scaffold=chromosome12	strand=-
1101_g               -            969 35998                -            233   3.8e-07   28.1   0.1   6   8    0.0086        11    3.7   0.0    85   155   609   677   596   685 0.78 length=970	scaffold=chromosome12	strand=-
1101_g               -            969 35998                -            233   3.8e-07   28.1   0.1   7   8      0.34   4.2e+02   -1.5   0.0   103   147   727   771   708   785 0.76 length=970	scaffold=chromosome12	strand=-
1101_g               -            969 35998                -            233   3.8e-07   28.1   0.1   8   8   3.1e-10   3.8e-07   28.1   0.1    67   144   883   957   868   963 0.87 length=970	scaffold=chromosome12	strand=-
1981_g               -            499 35998                -            233   0.00066   17.5   6.5   1   2   8.1e-06      0.01   13.6   3.8    90   205   246   364   227   395 0.68 length=499	scaffold=chromosome14	strand=+
1981_g               -            499 35998                -            233   0.00066   17.5   6.5   2   2    0.0072       8.9    4.0   0.0   114   144   467   497   429   499 0.86 length=499	scaffold=chromosome14	strand=+
1758_g               -            460 35998                -            233      0.01   13.6   0.9   1   2      0.22   2.7e+02   -0.9   0.1    84   143    35    96    17   102 0.82 length=460	scaffold=chromosome13	strand=+
1758_g               -            460 35998                -            233      0.01   13.6   0.9   2   2     2e-05     0.025   12.3   0.1    86   154   125   193   117   205 0.90 length=460	scaffold=chromosome13	strand=+
#
# Program:         hmmsearch
# Version:         3.4 (Aug 2023)
# Pipeline mode:   SEARCH
# Query file:      /home/inf-20-2025/Malaria/busco_downloads/lineages/apicomplexa_odb12/hmms/35998at5794.hmm
# Target file:     /home/inf-20-2025/Malaria/Results/6_nobird_annotation/P_knowlesi.faa
# Option settings: hmmsearch --domtblout Results/8_busco/P_knowlesi/run_apicomplexa_odb12/hmmer_output/initial_run_results/35998at5794.out --cpu 1 /home/inf-20-2025/Malaria/busco_downloads/lineages/apicomplexa_odb12/hmms/35998at5794.hmm /home/inf-20-2025/Malaria/Results/6_nobird_annotation/P_knowlesi.faa 
# Current dir:     /home/inf-20-2025/Malaria
# Date:            Wed Mar  4 18:31:42 2026
# [ok]
