#                                                                            --- full sequence --- -------------- this domain -------------   hmm coord   ali coord   env coord
# target name        accession   tlen query name           accession   qlen   E-value  score  bias   #  of  c-Evalue  i-Evalue  score  bias  from    to  from    to  from    to  acc description of target
#------------------- ---------- ----- -------------------- ---------- ----- --------- ------ ----- --- --- --------- --------- ------ ----- ----- ----- ----- ----- ----- ----- ---- ---------------------
3849_g               -           1205 36223                -            261  3.5e-115  381.9  11.9   1   1  8.2e-118  5.1e-115  381.4  11.9     2   256   196   457   195   462 0.96 length=1205	scaffold=chromosome7	strand=+	adjustedToFrame=3
1057_g               -            525 36223                -            261   1.1e-47  160.7  14.5   1   1     5e-50   3.1e-47  159.2  14.5     9   230   209   450   201   460 0.84 length=526	scaffold=chromosome12	strand=-
262_g                -            464 36223                -            261   4.6e-42  142.3   7.1   1   2   2.3e-06    0.0014   16.1   0.0    24    65     1    42     1    57 0.87 length=465	scaffold=chromosome10	strand=-
262_g                -            464 36223                -            261   4.6e-42  142.3   7.1   2   2   3.6e-39   2.2e-36  123.6   7.5    72   229    85   247    81   256 0.92 length=465	scaffold=chromosome10	strand=-
1109_g               -            585 36223                -            261   1.3e-14   52.3   2.6   1   2   8.8e-12   5.4e-09   33.9   0.0    42   110   151   220   136   264 0.86 length=586	scaffold=chromosome12	strand=+
1109_g               -            585 36223                -            261   1.3e-14   52.3   2.6   2   2   8.4e-07   0.00052   17.5   1.0   150   192   305   347   289   351 0.89 length=586	scaffold=chromosome12	strand=+
2113_g               -            584 36223                -            261   4.1e-12   44.1  11.2   1   2    0.0016      0.99    6.8   0.1    47    80   151   184   141   194 0.84 length=584	scaffold=chromosome14	strand=+
2113_g               -            584 36223                -            261   4.1e-12   44.1  11.2   2   2   3.8e-13   2.3e-10   38.3   7.0    74   243   300   487   290   492 0.77 length=584	scaffold=chromosome14	strand=+
853_g                -            348 36223                -            261   9.5e-09   33.1   3.8   1   2   9.9e-10   6.1e-07   27.1   0.0    31   106    83   163    69   166 0.77 length=350	scaffold=chromosome12	strand=-
853_g                -            348 36223                -            261   9.5e-09   33.1   3.8   2   2    0.0024       1.5    6.2   1.3   146   192   230   276   190   336 0.74 length=350	scaffold=chromosome12	strand=-
1889_g               -            901 36223                -            261   7.2e-06   23.6  13.2   1   2       2.8   1.7e+03   -3.8   0.1    25    55    85   115    81   122 0.77 length=903	scaffold=chromosome13	strand=+
1889_g               -            901 36223                -            261   7.2e-06   23.6  13.2   2   2   1.2e-08   7.2e-06   23.6  13.2    71   230   703   863   661   884 0.84 length=903	scaffold=chromosome13	strand=+
2384_g               -           1663 36223                -            261   7.5e-05   20.3   8.7   1   2   7.2e-06    0.0044   14.5   4.7    15   139    77   209    62   239 0.67 length=1665	scaffold=chromosome14	strand=+
2384_g               -           1663 36223                -            261   7.5e-05   20.3   8.7   2   2    0.0013      0.79    7.1   0.1   149   187   295   333   285   375 0.74 length=1665	scaffold=chromosome14	strand=+
#
# Program:         hmmsearch
# Version:         3.4 (Aug 2023)
# Pipeline mode:   SEARCH
# Query file:      /home/inf-20-2025/Malaria/busco_downloads/lineages/apicomplexa_odb12/hmms/36223at5794.hmm
# Target file:     /home/inf-20-2025/Malaria/Results/6_nobird_annotation/P_knowlesi.faa
# Option settings: hmmsearch --domtblout Results/8_busco/P_knowlesi/run_apicomplexa_odb12/hmmer_output/initial_run_results/36223at5794.out --cpu 1 /home/inf-20-2025/Malaria/busco_downloads/lineages/apicomplexa_odb12/hmms/36223at5794.hmm /home/inf-20-2025/Malaria/Results/6_nobird_annotation/P_knowlesi.faa 
# Current dir:     /home/inf-20-2025/Malaria
# Date:            Wed Mar  4 18:31:42 2026
# [ok]
