#                                                                            --- full sequence --- -------------- this domain -------------   hmm coord   ali coord   env coord
# target name        accession   tlen query name           accession   qlen   E-value  score  bias   #  of  c-Evalue  i-Evalue  score  bias  from    to  from    to  from    to  acc description of target
#------------------- ---------- ----- -------------------- ---------- ----- --------- ------ ----- --- --- --------- --------- ------ ----- ----- ----- ----- ----- ----- ----- ---- ---------------------
2166_g               -            394 37207                -            172   7.2e-57  189.9   5.7   1   2      0.61     1e+03   -2.6   5.0    59    80   153   174   120   210 0.56 length=395	scaffold=chromosome14	strand=-
2166_g               -            394 37207                -            172   7.2e-57  189.9   5.7   2   2   4.4e-60   7.2e-57  189.9   5.7     3   172   228   392   226   392 0.96 length=395	scaffold=chromosome14	strand=-
3853_g               -            835 37207                -            172   5.7e-13   47.0   0.2   1   4      0.64   1.1e+03   -2.7   0.2    70    82   196   207   182   224 0.56 length=835	scaffold=chromosome7	strand=+	adjustedToFrame=3
3853_g               -            835 37207                -            172   5.7e-13   47.0   0.2   2   4      0.27   4.4e+02   -1.5   2.6    53   107   331   385   313   396 0.74 length=835	scaffold=chromosome7	strand=+	adjustedToFrame=3
3853_g               -            835 37207                -            172   5.7e-13   47.0   0.2   3   4      0.54   8.8e+02   -2.4   0.1    78    78   427   427   395   460 0.51 length=835	scaffold=chromosome7	strand=+	adjustedToFrame=3
3853_g               -            835 37207                -            172   5.7e-13   47.0   0.2   4   4   3.4e-16   5.7e-13   47.0   0.2    78   168   742   833   731   835 0.91 length=835	scaffold=chromosome7	strand=+	adjustedToFrame=3
2508_g               -            116 37207                -            172     9e-08   30.1   0.0   1   1   6.2e-11     1e-07   29.9   0.0    75   158    23   104     7   115 0.82 length=116	scaffold=chromosome14	strand=+
#
# Program:         hmmsearch
# Version:         3.4 (Aug 2023)
# Pipeline mode:   SEARCH
# Query file:      /home/inf-20-2025/Malaria/busco_downloads/lineages/apicomplexa_odb12/hmms/37207at5794.hmm
# Target file:     /home/inf-20-2025/Malaria/Results/6_nobird_annotation/P_knowlesi.faa
# Option settings: hmmsearch --domtblout Results/8_busco/P_knowlesi/run_apicomplexa_odb12/hmmer_output/initial_run_results/37207at5794.out --cpu 1 /home/inf-20-2025/Malaria/busco_downloads/lineages/apicomplexa_odb12/hmms/37207at5794.hmm /home/inf-20-2025/Malaria/Results/6_nobird_annotation/P_knowlesi.faa 
# Current dir:     /home/inf-20-2025/Malaria
# Date:            Wed Mar  4 18:31:43 2026
# [ok]
