#                                                                            --- full sequence --- -------------- this domain -------------   hmm coord   ali coord   env coord
# target name        accession   tlen query name           accession   qlen   E-value  score  bias   #  of  c-Evalue  i-Evalue  score  bias  from    to  from    to  from    to  acc description of target
#------------------- ---------- ----- -------------------- ---------- ----- --------- ------ ----- --- --- --------- --------- ------ ----- ----- ----- ----- ----- ----- ----- ---- ---------------------
1758_g               -            460 58968                -            203  4.4e-102  338.0   0.9   1   1  4.5e-104  6.2e-102  337.5   0.9     2   199     9   207     8   210 0.98 length=460	scaffold=chromosome13	strand=+
2326_g               -            875 58968                -            203   1.9e-67  224.9   7.0   1   3     1e-38   1.4e-36  124.1   0.2    14   179    17   183     8   193 0.94 length=875	scaffold=chromosome14	strand=+
2326_g               -            875 58968                -            203   1.9e-67  224.9   7.0   2   3   2.4e-13   3.3e-11   41.3   0.4   102   185   195   277   181   286 0.84 length=875	scaffold=chromosome14	strand=+
2326_g               -            875 58968                -            203   1.9e-67  224.9   7.0   3   3   9.1e-20   1.2e-17   62.3   0.1    94   185   434   523   423   534 0.88 length=875	scaffold=chromosome14	strand=+
437_g                -            513 58968                -            203   1.9e-42  143.3   0.9   1   3   3.2e-14   4.4e-12   44.2   0.0   100   177    87   168    84   175 0.88 length=513	scaffold=chromosome11	strand=+
437_g                -            513 58968                -            203   1.9e-42  143.3   0.9   2   3   9.5e-14   1.3e-11   42.6   0.0   102   181   188   271   179   286 0.90 length=513	scaffold=chromosome11	strand=+
437_g                -            513 58968                -            203   1.9e-42  143.3   0.9   3   3   4.5e-17   6.2e-15   53.5   0.1   101   176   372   448   366   462 0.90 length=513	scaffold=chromosome11	strand=+
1843_g               -            494 58968                -            203   5.3e-35  119.0  16.6   1   4         2   2.8e+02   -0.9   2.7   158   202     7    49     1    50 0.77 length=495	scaffold=chromosome13	strand=-
1843_g               -            494 58968                -            203   5.3e-35  119.0  16.6   2   4   2.8e-07   3.8e-05   21.5   0.0   100   165    67   133    62   151 0.88 length=495	scaffold=chromosome13	strand=-
1843_g               -            494 58968                -            203   5.3e-35  119.0  16.6   3   4   7.4e-18     1e-15   56.0   0.7    99   183   164   251   151   269 0.88 length=495	scaffold=chromosome13	strand=-
1843_g               -            494 58968                -            203   5.3e-35  119.0  16.6   4   4   5.5e-16   7.5e-14   49.9   0.1    99   175   380   457   359   471 0.89 length=495	scaffold=chromosome13	strand=-
422_g                -            387 58968                -            203   3.5e-28   96.7   1.5   1   3   0.00017     0.024   12.4   0.1   103   174    17    83    10    90 0.87 length=389	scaffold=chromosome11	strand=+
422_g                -            387 58968                -            203   3.5e-28   96.7   1.5   2   3   1.5e-10   2.1e-08   32.1   0.0    92   164   110   177    91   182 0.88 length=389	scaffold=chromosome11	strand=+
422_g                -            387 58968                -            203   3.5e-28   96.7   1.5   3   3   5.1e-16   7.1e-14   50.0   0.0    90   175   193   278   178   284 0.89 length=389	scaffold=chromosome11	strand=+
3376_g               -            292 58968                -            203   5.3e-23   79.8   0.0   1   2   2.8e-09   3.9e-07   28.0   0.0   102   182     8    91     4   106 0.88 length=292	scaffold=chromosome5	strand=+	adjustedToFrame=3
3376_g               -            292 58968                -            203   5.3e-23   79.8   0.0   2   2   7.3e-16     1e-13   49.5   0.0   101   176   155   230   154   239 0.95 length=292	scaffold=chromosome5	strand=+	adjustedToFrame=3
1101_g               -            969 58968                -            203   7.3e-19   66.3   1.0   1   2   1.4e-19   1.9e-17   61.7   0.2    12   181   588   773   580   799 0.78 length=970	scaffold=chromosome12	strand=-
1101_g               -            969 58968                -            203   7.3e-19   66.3   1.0   2   2      0.64        88    0.7   0.0   123   172   907   953   897   961 0.78 length=970	scaffold=chromosome12	strand=-
742_g                -            689 58968                -            203   2.2e-18   64.7   0.9   1   3   1.4e-07     2e-05   22.4   0.1    98   189   317   408   304   421 0.81 length=689	scaffold=chromosome11	strand=+
742_g                -            689 58968                -            203   2.2e-18   64.7   0.9   2   3     0.015         2    6.1   0.0   113   139   505   531   491   581 0.76 length=689	scaffold=chromosome11	strand=+
742_g                -            689 58968                -            203   2.2e-18   64.7   0.9   3   3   1.1e-10   1.5e-08   32.7   0.0   103   178   612   687   606   689 0.96 length=689	scaffold=chromosome11	strand=+
2451_g               -            474 58968                -            203   2.4e-18   64.6   0.8   1   2     0.014         2    6.1   0.0   104   150    16    62    13   113 0.83 length=475	scaffold=chromosome14	strand=-
2451_g               -            474 58968                -            203   2.4e-18   64.6   0.8   2   2   5.7e-18   7.9e-16   56.4   0.2    92   176   379   463   342   473 0.83 length=475	scaffold=chromosome14	strand=-
2120_g               -            126 58968                -            203   3.5e-16   57.5   0.1   1   1   3.8e-18   5.3e-16   57.0   0.1    12    97     3    87     1   102 0.87 length=128	scaffold=chromosome14	strand=-
1981_g               -            499 58968                -            203   5.1e-15   53.7   3.7   1   2   1.3e-10   1.8e-08   32.4   0.0    80   200   200   324   194   327 0.82 length=499	scaffold=chromosome14	strand=+
1981_g               -            499 58968                -            203   5.1e-15   53.7   3.7   2   2     4e-07   5.5e-05   21.0   1.7    89   177   414   498   365   499 0.80 length=499	scaffold=chromosome14	strand=+
3639_g               -           1448 58968                -            203   1.4e-14   52.3   0.1   1   2   1.2e-08   1.7e-06   25.9   0.2    72   169   249   344   235   353 0.86 length=1448	scaffold=chromosome6	strand=+	adjustedToFrame=3
3639_g               -           1448 58968                -            203   1.4e-14   52.3   0.1   2   2   6.1e-08   8.4e-06   23.7   0.0   101   176   381   461   375   467 0.87 length=1448	scaffold=chromosome6	strand=+	adjustedToFrame=3
4859_g               -           1635 58968                -            203   1.7e-14   52.1   0.0   1   1   2.5e-16   3.5e-14   51.0   0.0   101   182   897   981   889   994 0.88 length=1635	scaffold=chromosome9	strand=+	adjustedToFrame=3
2261_g               -           1050 58968                -            203   2.2e-14   51.7  18.4   1   5       2.4   3.3e+02   -1.2   0.1    46   172    77   117    63   142 0.61 length=1050	scaffold=chromosome14	strand=+
2261_g               -           1050 58968                -            203   2.2e-14   51.7  18.4   2   5      0.77   1.1e+02    0.5   0.0   108   139   353   383   339   427 0.81 length=1050	scaffold=chromosome14	strand=+
2261_g               -           1050 58968                -            203   2.2e-14   51.7  18.4   3   5     0.019       2.6    5.7   0.2   133   180   464   511   460   526 0.73 length=1050	scaffold=chromosome14	strand=+
2261_g               -           1050 58968                -            203   2.2e-14   51.7  18.4   4   5      0.65        90    0.7   0.0    12    45   659   692   651   715 0.81 length=1050	scaffold=chromosome14	strand=+
2261_g               -           1050 58968                -            203   2.2e-14   51.7  18.4   5   5   1.5e-15     2e-13   48.5   3.1     8   177   786   985   779   995 0.73 length=1050	scaffold=chromosome14	strand=+
3979_g               -            469 58968                -            203   2.2e-12   45.2   5.4   1   2   5.6e-09   7.7e-07   27.0   0.3   103   162    98   157    86   164 0.93 length=469	scaffold=chromosome7	strand=+	adjustedToFrame=3
3979_g               -            469 58968                -            203   2.2e-12   45.2   5.4   2   2   8.5e-07   0.00012   19.9   0.9    80   186   283   392   273   406 0.75 length=469	scaffold=chromosome7	strand=+	adjustedToFrame=3
430_g                -            181 58968                -            203   2.5e-12   45.0   0.0   1   1   2.6e-14   3.5e-12   44.5   0.0   103   183    52   133    40   140 0.92 length=182	scaffold=chromosome11	strand=+
517_g                -            644 58968                -            203   1.5e-11   42.4   0.8   1   2   2.3e-07   3.2e-05   21.8   0.1    84   167     3    92     1   106 0.83 length=645	scaffold=chromosome11	strand=-
517_g                -            644 58968                -            203   1.5e-11   42.4   0.8   2   2   2.3e-06   0.00032   18.5   0.1   103   176   130   205   109   227 0.85 length=645	scaffold=chromosome11	strand=-
3461_g               -            278 58968                -            203   1.2e-10   39.5   0.2   1   2      0.87   1.2e+02    0.3   0.0    34    61   106   133    91   158 0.71 length=278	scaffold=chromosome5	strand=+	adjustedToFrame=3
3461_g               -            278 58968                -            203   1.2e-10   39.5   0.2   2   2   6.3e-12   8.7e-10   36.7   0.1   102   174   189   262   175   269 0.86 length=278	scaffold=chromosome5	strand=+	adjustedToFrame=3
1879_g               -            107 58968                -            203   1.4e-10   39.2   0.0   1   1   1.2e-12   1.7e-10   39.0   0.0   104   184    23   104    12   106 0.93 length=108	scaffold=chromosome13	strand=-
357_g                -            411 58968                -            203   9.8e-10   36.5   0.0   1   1   1.2e-11   1.7e-09   35.7   0.0   103   174    97   168    76   175 0.93 length=413	scaffold=chromosome11	strand=-
4106_g               -            820 58968                -            203   1.5e-09   35.9   0.0   1   1     2e-11   2.8e-09   35.0   0.0   104   180    10    87     7    98 0.89 length=820	scaffold=chromosome7	strand=+	adjustedToFrame=3
2178_g               -            968 58968                -            203   3.4e-09   34.7   0.1   1   1   5.2e-11   7.2e-09   33.7   0.1   104   178   209   284   206   305 0.90 length=968	scaffold=chromosome14	strand=+
746_g                -            583 58968                -            203   1.3e-08   32.9   3.4   1   2   0.00049     0.067   10.9   0.2    98   174     3    76     1    80 0.85 length=585	scaffold=chromosome11	strand=-
746_g                -            583 58968                -            203   1.3e-08   32.9   3.4   2   2   1.5e-07     2e-05   22.4   0.4    95   177   150   231   140   240 0.85 length=585	scaffold=chromosome11	strand=-
4148_g               -            306 58968                -            203   1.4e-08   32.7   0.0   1   1   1.7e-10   2.3e-08   32.0   0.0    93   181    74   163    69   171 0.91 length=306	scaffold=chromosome8	strand=+	adjustedToFrame=3
1913_g               -            662 58968                -            203   1.5e-08   32.6   0.0   1   1   2.1e-10   2.9e-08   31.7   0.0    98   176   164   245   153   259 0.81 length=663	scaffold=chromosome13	strand=+
1382_g               -            775 58968                -            203   1.7e-08   32.5   0.2   1   1   3.1e-10   4.2e-08   31.2   0.2   104   184    29   110     7   129 0.82 length=776	scaffold=chromosome12	strand=-
298_g                -            328 58968                -            203   4.1e-08   31.2   0.0   1   1   4.7e-10   6.5e-08   30.6   0.0     9    86     8    85     5    99 0.91 length=328	scaffold=chromosome10	strand=+
1154_g               -            866 58968                -            203     1e-06   26.7   0.0   1   2       1.5   2.1e+02   -0.5   0.0   103   128   498   524   493   532 0.77 length=866	scaffold=chromosome12	strand=+
1154_g               -            866 58968                -            203     1e-06   26.7   0.0   2   2   8.5e-08   1.2e-05   23.2   0.0   102   178   630   707   614   722 0.80 length=866	scaffold=chromosome12	strand=+
652_g                -            152 58968                -            203     1e-06   26.6   0.3   1   1   8.9e-09   1.2e-06   26.4   0.3    71   166    23   123     8   144 0.76 length=154	scaffold=chromosome11	strand=-
2331_g               -            109 58968                -            203   3.3e-06   25.0   0.0   1   1   2.6e-08   3.5e-06   24.9   0.0   112   177    21    84     8   108 0.80 length=111	scaffold=chromosome14	strand=-
155_g                -            313 58968                -            203   4.2e-06   24.6   0.0   1   1   6.2e-08   8.5e-06   23.6   0.0   102   186    10    92     4   100 0.84 length=313	scaffold=chromosome10	strand=+
4743_g               -            946 58968                -            203   9.8e-06   23.4   0.0   1   1   1.3e-07   1.8e-05   22.6   0.0    15    96     7    88     2    95 0.88 length=946	scaffold=chromosome9	strand=+	adjustedToFrame=3
3017_g               -           1014 58968                -            203   9.9e-06   23.4   0.2   1   3      0.79   1.1e+02    0.4   0.0    57    88   598   628   592   632 0.86 length=1014	scaffold=chromosome3	strand=+	adjustedToFrame=3
3017_g               -           1014 58968                -            203   9.9e-06   23.4   0.2   2   3   0.00013     0.017   12.8   0.0   103   165   689   751   686   766 0.90 length=1014	scaffold=chromosome3	strand=+	adjustedToFrame=3
3017_g               -           1014 58968                -            203   9.9e-06   23.4   0.2   3   3     0.024       3.3    5.4   0.0   141   177   936   972   929   977 0.85 length=1014	scaffold=chromosome3	strand=+	adjustedToFrame=3
1541_g               -            225 58968                -            203     6e-05   20.9   0.2   1   1   6.3e-07   8.6e-05   20.4   0.2    80   182   106   210   102   220 0.82 length=225	scaffold=chromosome13	strand=+
174_g                -            737 58968                -            203    0.0016   16.2   0.1   1   1   1.2e-05    0.0016   16.2   0.1   112   183   582   650   566   660 0.81 length=737	scaffold=chromosome10	strand=+
2555_g               -            391 58968                -            203    0.0054   14.5   0.2   1   1   6.4e-05    0.0089   13.8   0.2    89   161   215   280   205   288 0.82 length=391	scaffold=chromosome14	strand=+
#
# Program:         hmmsearch
# Version:         3.4 (Aug 2023)
# Pipeline mode:   SEARCH
# Query file:      /home/inf-20-2025/Malaria/busco_downloads/lineages/apicomplexa_odb12/hmms/58968at5794.hmm
# Target file:     /home/inf-20-2025/Malaria/Results/6_nobird_annotation/P_knowlesi.faa
# Option settings: hmmsearch --domtblout Results/8_busco/P_knowlesi/run_apicomplexa_odb12/hmmer_output/initial_run_results/58968at5794.out --cpu 1 /home/inf-20-2025/Malaria/busco_downloads/lineages/apicomplexa_odb12/hmms/58968at5794.hmm /home/inf-20-2025/Malaria/Results/6_nobird_annotation/P_knowlesi.faa 
# Current dir:     /home/inf-20-2025/Malaria
# Date:            Wed Mar  4 18:31:44 2026
# [ok]
