#                                                                            --- full sequence --- -------------- this domain -------------   hmm coord   ali coord   env coord
# target name        accession   tlen query name           accession   qlen   E-value  score  bias   #  of  c-Evalue  i-Evalue  score  bias  from    to  from    to  from    to  acc description of target
#------------------- ---------- ----- -------------------- ---------- ----- --------- ------ ----- --- --- --------- --------- ------ ----- ----- ----- ----- ----- ----- ----- ---- ---------------------
953_g                -            563 68790                -            474  3.6e-242  802.1  15.5   1   1  4.5e-244  4.4e-242  801.8  15.5     9   472    93   562    89   563 0.97 length=564	scaffold=chromosome12	strand=+
3034_g               -            529 68790                -            474  2.2e-135  449.9  13.9   1   1  3.9e-137  3.7e-135  449.2  13.9     6   471    40   525    35   527 0.89 length=529	scaffold=chromosome3	strand=+	adjustedToFrame=3
4705_g               -           1575 68790                -            474     5e-93  310.3  21.9   1   2    0.0096      0.93    6.0   0.7   392   470  1011  1095   981  1098 0.76 length=1575	scaffold=chromosome9	strand=+	adjustedToFrame=3
4705_g               -           1575 68790                -            474     5e-93  310.3  21.9   2   2   1.6e-94   1.5e-92  308.7  14.6     6   470  1104  1572  1099  1575 0.90 length=1575	scaffold=chromosome9	strand=+	adjustedToFrame=3
2434_g               -            504 68790                -            474   4.5e-66  221.4   5.0   1   1   5.8e-68   5.6e-66  221.1   5.0    33   323   106   401    81   455 0.89 length=505	scaffold=chromosome14	strand=-
1301_g               -            853 68790                -            474   7.1e-62  207.6   8.7   1   1   1.2e-63   1.1e-61  206.9   8.7     8   297   430   717   423   729 0.91 length=854	scaffold=chromosome12	strand=-
1606_g               -            854 68790                -            474   1.4e-51  173.7   0.0   1   1   3.3e-53   3.2e-51  172.4   0.0    27   282   533   786   521   832 0.87 length=855	scaffold=chromosome13	strand=+
2063_g               -            369 68790                -            474   6.7e-51  171.4   7.7   1   2      0.75        73   -0.2   0.0    39    82    12    56     5    88 0.78 length=369	scaffold=chromosome14	strand=+
2063_g               -            369 68790                -            474   6.7e-51  171.4   7.7   2   2   1.4e-52   1.3e-50  170.4   6.5    20   296    93   368    83   369 0.89 length=369	scaffold=chromosome14	strand=+
2542_g               -            711 68790                -            474   8.7e-51  171.0   0.0   1   1   1.4e-52   1.3e-50  170.4   0.0    41   295   387   644   373   659 0.89 length=712	scaffold=chromosome14	strand=-
4445_g               -           1654 68790                -            474   2.1e-50  169.7   0.3   1   1   3.5e-52   3.4e-50  169.0   0.3    33   288  1209  1474  1194  1480 0.89 length=1654	scaffold=chromosome8	strand=+	adjustedToFrame=3
1729_g               -            359 68790                -            474   3.4e-49  165.8   8.0   1   2   1.7e-48   1.6e-46  156.9   4.9    52   264    48   259    12   274 0.84 length=365	scaffold=chromosome13	strand=-
1729_g               -            359 68790                -            474   3.4e-49  165.8   8.0   2   2   0.00059     0.057   10.0   0.0   249   297   288   335   280   344 0.88 length=365	scaffold=chromosome13	strand=-
1425_g               -           2462 68790                -            474   1.9e-48  163.3   1.2   1   1   8.9e-50   8.6e-48  161.1   1.2    41   294   121   402   110   418 0.86 length=2463	scaffold=chromosome12	strand=-
1665_g               -            657 68790                -            474   2.1e-42  143.3   4.4   1   2     2e-36     2e-34  117.1   1.7    31   245    18   239     6   263 0.85 length=657	scaffold=chromosome13	strand=+
1665_g               -            657 68790                -            474   2.1e-42  143.3   4.4   2   2   4.9e-09   4.7e-07   26.8   0.1   256   307   277   328   259   331 0.90 length=657	scaffold=chromosome13	strand=+
4124_g               -            341 68790                -            474   5.1e-42  142.1   0.5   1   1   6.4e-44   6.2e-42  141.8   0.5    41   311    38   311    12   336 0.82 length=341	scaffold=chromosome7	strand=+	adjustedToFrame=3
463_g                -            287 68790                -            474   3.5e-41  139.3   0.1   1   2   2.1e-37   2.1e-35  120.3   0.1    41   247     9   216     3   240 0.85 length=289	scaffold=chromosome11	strand=+
463_g                -            287 68790                -            474   3.5e-41  139.3   0.1   2   2   3.8e-06   0.00037   17.3   0.0   258   293   251   286   239   287 0.85 length=289	scaffold=chromosome11	strand=+
1341_g               -            388 68790                -            474   1.8e-40  137.0   9.0   1   1   9.7e-42   9.4e-40  134.6   8.9    71   311    74   342    52   383 0.80 length=394	scaffold=chromosome12	strand=-
4533_g               -           1227 68790                -            474   3.4e-39  132.8  13.1   1   2   6.1e-26   5.9e-24   82.5   9.8    53   171   225   346   220   363 0.90 length=1227	scaffold=chromosome9	strand=+	adjustedToFrame=3
4533_g               -           1227 68790                -            474   3.4e-39  132.8  13.1   2   2   3.5e-16   3.4e-14   50.3   0.1   184   296   467   586   463   600 0.80 length=1227	scaffold=chromosome9	strand=+	adjustedToFrame=3
757_g                -            351 68790                -            474   7.7e-39  131.6   0.1   1   1     1e-40     1e-38  131.2   0.1    43   295    36   307    17   318 0.84 length=355	scaffold=chromosome11	strand=-
464_g                -           3861 68790                -            474   9.2e-37  124.8   1.0   1   1   1.8e-38   1.7e-36  123.8   1.0    39   296  1177  1432  1144  1441 0.89 length=3862	scaffold=chromosome11	strand=-
2143_g               -            512 68790                -            474   4.3e-36  122.6  12.0   1   2   3.9e-18   3.8e-16   56.8   3.8    52   168   194   313   165   320 0.81 length=515	scaffold=chromosome14	strand=-
2143_g               -            512 68790                -            474   4.3e-36  122.6  12.0   2   2   3.4e-20   3.3e-18   63.6   1.2   167   295   357   509   347   512 0.78 length=515	scaffold=chromosome14	strand=-
2368_g               -            961 68790                -            474   1.2e-35  121.1   0.3   1   2   1.2e-37   1.2e-35  121.1   0.3    41   293    21   302    10   306 0.80 length=961	scaffold=chromosome14	strand=+
2368_g               -            961 68790                -            474   1.2e-35  121.1   0.3   2   2       7.3   7.1e+02   -3.5   0.8    57    81   418   444   405   447 0.75 length=961	scaffold=chromosome14	strand=+
4567_g               -            335 68790                -            474   1.9e-35  120.4   5.0   1   2   1.3e-33   1.2e-31  107.8   2.7    36   245    44   250    35   263 0.86 length=335	scaffold=chromosome9	strand=+	adjustedToFrame=3
4567_g               -            335 68790                -            474   1.9e-35  120.4   5.0   2   2   7.6e-05    0.0074   13.0   0.0   261   295   299   333   280   335 0.85 length=335	scaffold=chromosome9	strand=+	adjustedToFrame=3
3048_g               -            347 68790                -            474   1.6e-34  117.4   3.6   1   1   2.1e-36     2e-34  117.1   3.6    41   294     9   264     2   288 0.82 length=347	scaffold=chromosome3	strand=+	adjustedToFrame=3
3287_g               -           2129 68790                -            474   2.5e-34  116.7   1.6   1   1   4.4e-36   4.2e-34  116.0   1.6    69   295  1751  1977  1733  1990 0.84 length=2129	scaffold=chromosome4	strand=+	adjustedToFrame=3
4277_g               -            325 68790                -            474   1.2e-33  114.5   9.9   1   2     1e-31   9.7e-30  101.6   8.5    28   242     2   236     1   242 0.83 length=325	scaffold=chromosome8	strand=+	adjustedToFrame=3
4277_g               -            325 68790                -            474   1.2e-33  114.5   9.9   2   2   0.00024     0.023   11.3   0.0   261   291   279   309   264   318 0.86 length=325	scaffold=chromosome8	strand=+	adjustedToFrame=3
4413_g               -            531 68790                -            474   3.6e-32  109.6   0.1   1   2   8.6e-32   8.4e-30  101.8   0.6    32   244   123   341    95   356 0.77 length=531	scaffold=chromosome8	strand=+	adjustedToFrame=3
4413_g               -            531 68790                -            474   3.6e-32  109.6   0.1   2   2     0.017       1.6    5.2   0.0   262   297   417   452   410   480 0.87 length=531	scaffold=chromosome8	strand=+	adjustedToFrame=3
1630_g               -            150 68790                -            474   3.9e-31  106.2   5.0   1   1   4.4e-33   4.2e-31  106.1   5.0   327   471     3   149     1   150 0.87 length=150	scaffold=chromosome13	strand=+
814_g                -            409 68790                -            474   5.7e-30  102.4  14.7   1   2   6.6e-18   6.4e-16   56.0   5.0    66   178    59   168    53   191 0.92 length=409	scaffold=chromosome12	strand=+
814_g                -            409 68790                -            474   5.7e-30  102.4  14.7   2   2   1.2e-16   1.1e-14   51.9   2.1   256   444   206   394   192   403 0.91 length=409	scaffold=chromosome12	strand=+
3482_g               -           1367 68790                -            474   8.2e-29   98.5   7.1   1   3   9.3e-06   0.00091   16.0   3.0    36   100   476   542   437   547 0.76 length=1367	scaffold=chromosome5	strand=+	adjustedToFrame=3
3482_g               -           1367 68790                -            474   8.2e-29   98.5   7.1   2   3   1.2e-20   1.2e-18   65.1   0.0   129   244   689   805   680   815 0.88 length=1367	scaffold=chromosome5	strand=+	adjustedToFrame=3
3482_g               -           1367 68790                -            474   8.2e-29   98.5   7.1   3   3   4.7e-06   0.00046   16.9   0.0   255   299   856   898   834   932 0.74 length=1367	scaffold=chromosome5	strand=+	adjustedToFrame=3
959_g                -            300 68790                -            474   1.1e-28   98.1   3.4   1   1   6.3e-30   6.1e-28   95.7   3.4    43   292    13   289     4   298 0.77 length=304	scaffold=chromosome12	strand=-
63_g                 -            287 68790                -            474   9.7e-28   95.0   1.9   1   1   1.3e-29   1.3e-27   94.6   1.9    41   303    14   278     7   285 0.82 length=289	scaffold=chromosome10	strand=-
654_g                -            744 68790                -            474   4.4e-24   83.0   6.1   1   5      0.24        23    1.4   0.1    40    58    21    39     4    46 0.74 length=745	scaffold=chromosome11	strand=-
654_g                -            744 68790                -            474   4.4e-24   83.0   6.1   2   5      0.22        21    1.5   0.0    81   105    95   120    78   126 0.80 length=745	scaffold=chromosome11	strand=-
654_g                -            744 68790                -            474   4.4e-24   83.0   6.1   3   5   1.3e-15   1.3e-13   48.4   0.0    91   211   141   268   123   272 0.80 length=745	scaffold=chromosome11	strand=-
654_g                -            744 68790                -            474   4.4e-24   83.0   6.1   4   5    0.0014      0.13    8.8   0.1   209   242   416   449   409   463 0.87 length=745	scaffold=chromosome11	strand=-
654_g                -            744 68790                -            474   4.4e-24   83.0   6.1   5   5   2.6e-07   2.6e-05   21.1   0.0   259   295   498   534   480   597 0.83 length=745	scaffold=chromosome11	strand=-
1395_g               -           1531 68790                -            474   4.6e-23   79.6   1.5   1   3     0.043       4.1    3.9   2.4    39   114   474   566   449   595 0.64 length=1531	scaffold=chromosome12	strand=+
1395_g               -           1531 68790                -            474   4.6e-23   79.6   1.5   2   3   4.7e-25   4.6e-23   79.6   1.5   103   312   602   807   572   818 0.82 length=1531	scaffold=chromosome12	strand=+
1395_g               -           1531 68790                -            474   4.6e-23   79.6   1.5   3   3       7.9   7.7e+02   -3.6   0.2     4    81  1411  1486  1409  1507 0.57 length=1531	scaffold=chromosome12	strand=+
1410_g               -           1298 68790                -            474   9.8e-22   75.2   1.3   1   3   2.7e-11   2.6e-09   34.2   0.4    92   177   914   999   911  1007 0.89 length=1299	scaffold=chromosome12	strand=+
1410_g               -           1298 68790                -            474   9.8e-22   75.2   1.3   2   3   1.7e-09   1.6e-07   28.3   0.0   170   228  1071  1128  1064  1140 0.87 length=1299	scaffold=chromosome12	strand=+
1410_g               -           1298 68790                -            474   9.8e-22   75.2   1.3   3   3     0.001     0.097    9.3   0.0   265   294  1264  1293  1232  1296 0.85 length=1299	scaffold=chromosome12	strand=+
1485_g               -            296 68790                -            474   1.7e-21   74.4   3.6   1   1     2e-23     2e-21   74.2   3.6    63   306    51   293    17   296 0.83 length=297	scaffold=chromosome13	strand=-
2548_g               -            726 68790                -            474   1.4e-18   64.8   8.5   1   1   3.3e-20   3.2e-18   63.6   8.6    39   286    28   293    17   350 0.74 length=726	scaffold=chromosome14	strand=+
1373_g               -            168 68790                -            474   2.3e-18   64.1   2.5   1   1   2.8e-20   2.8e-18   63.8   2.5   332   473    24   166    21   167 0.92 length=169	scaffold=chromosome12	strand=+
1385_g               -            887 68790                -            474   2.5e-16   57.4   5.9   1   3   3.4e-12   3.3e-10   37.2   4.5     7   167   529   694   525   706 0.77 length=887	scaffold=chromosome12	strand=+
1385_g               -            887 68790                -            474   2.5e-16   57.4   5.9   2   3     2e-06   0.00019   18.2   0.0   170   234   719   782   713   795 0.81 length=887	scaffold=chromosome12	strand=+
1385_g               -            887 68790                -            474   2.5e-16   57.4   5.9   3   3       2.5   2.4e+02   -1.9   0.0   266   293   856   883   849   886 0.89 length=887	scaffold=chromosome12	strand=+
2755_g               -            760 68790                -            474   7.4e-16   55.8   1.9   1   2       3.7   3.5e+02   -2.5   0.0   399   432   143   176   138   184 0.87 length=760	scaffold=chromosome1	strand=+	adjustedToFrame=3
2755_g               -            760 68790                -            474   7.4e-16   55.8   1.9   2   2   7.9e-18   7.6e-16   55.8   0.5    41   286   497   753   461   756 0.74 length=760	scaffold=chromosome1	strand=+	adjustedToFrame=3
1325_g               -           1085 68790                -            474   2.4e-15   54.1   4.0   1   1   3.9e-17   3.8e-15   53.5   4.0   328   471    21   166    17   169 0.83 length=1088	scaffold=chromosome12	strand=+
845_g                -           1665 68790                -            474   2.6e-15   54.0   0.1   1   1   5.6e-17   5.4e-15   53.0   0.1    85   278  1397  1599  1388  1610 0.76 length=1667	scaffold=chromosome12	strand=-
577_g                -           2998 68790                -            474   5.6e-15   52.9   4.2   1   1   1.3e-16   1.2e-14   51.8   4.2    63   285  1794  2014  1783  2031 0.85 length=2999	scaffold=chromosome11	strand=+
941_g                -            850 68790                -            474     2e-14   51.1   0.5   1   3         2   1.9e+02   -1.6   0.1    39    89   407   462   393   482 0.57 length=850	scaffold=chromosome12	strand=+
941_g                -            850 68790                -            474     2e-14   51.1   0.5   2   3   8.4e-10   8.2e-08   29.3   0.0   134   239   535   649   503   661 0.78 length=850	scaffold=chromosome12	strand=+
941_g                -            850 68790                -            474     2e-14   51.1   0.5   3   3   1.2e-06   0.00012   18.9   0.0   263   292   820   849   817   850 0.94 length=850	scaffold=chromosome12	strand=+
4061_g               -            613 68790                -            474   3.6e-12   43.7   0.1   1   2   1.2e-07   1.1e-05   22.2   0.1   129   176   406   453   396   461 0.88 length=613	scaffold=chromosome7	strand=+	adjustedToFrame=3
4061_g               -            613 68790                -            474   3.6e-12   43.7   0.1   2   2     1e-06    0.0001   19.1   0.0   171   292   474   599   470   606 0.78 length=613	scaffold=chromosome7	strand=+	adjustedToFrame=3
4539_g               -            167 68790                -            474   5.9e-11   39.7   7.4   1   1   1.7e-12   1.7e-10   38.2   7.4   338   471    19   154    10   157 0.87 length=167	scaffold=chromosome9	strand=+	adjustedToFrame=3
1398_g               -            244 68790                -            474     7e-10   36.1   2.2   1   2   6.1e-10   5.9e-08   29.8   0.2   403   468    76   139    26   145 0.78 length=245	scaffold=chromosome12	strand=-
1398_g               -            244 68790                -            474     7e-10   36.1   2.2   2   2    0.0072       0.7    6.4   0.1   412   458   162   207   149   220 0.84 length=245	scaffold=chromosome12	strand=-
756_g                -            159 68790                -            474     1e-09   35.6   7.8   1   1   1.3e-11   1.2e-09   35.3   7.8   331   469    20   156    15   159 0.89 length=159	scaffold=chromosome11	strand=+
4029_g               -           1169 68790                -            474     6e-08   29.7   4.3   1   2   0.00042     0.041   10.5   2.4    76   167   814   928   796   943 0.64 length=1169	scaffold=chromosome7	strand=+	adjustedToFrame=3
4029_g               -           1169 68790                -            474     6e-08   29.7   4.3   2   2   1.2e-05    0.0011   15.6   0.0   199   236  1054  1092  1038  1157 0.86 length=1169	scaffold=chromosome7	strand=+	adjustedToFrame=3
2072_g               -            309 68790                -            474   2.4e-07   27.8   3.0   1   1   1.1e-08     1e-06   25.6   3.0    42   170    14   142     5   243 0.76 length=314	scaffold=chromosome14	strand=-
296_g                -            817 68790                -            474   0.00018   18.3   0.4   1   2   4.2e-06   0.00041   17.1   0.0    82   115    74   107    30   161 0.73 length=817	scaffold=chromosome10	strand=+
296_g                -            817 68790                -            474   0.00018   18.3   0.4   2   2       6.4   6.2e+02   -3.3   0.1   362   399   464   501   422   522 0.49 length=817	scaffold=chromosome10	strand=+
2537_g               -            206 68790                -            474     0.009   12.7   0.7   1   1   0.00011     0.011   12.4   0.7   348   444    87   181    69   204 0.67 length=206	scaffold=chromosome14	strand=+
1020_g               -            421 68790                -            474     0.011   12.3  11.7   1   2   0.00012     0.011   12.3   5.3   374   468   146   244   134   256 0.75 length=421	scaffold=chromosome12	strand=+
1020_g               -            421 68790                -            474     0.011   12.3  11.7   2   2     0.063       6.1    3.3   0.4   345   470   280   406   262   410 0.66 length=421	scaffold=chromosome12	strand=+
#
# Program:         hmmsearch
# Version:         3.4 (Aug 2023)
# Pipeline mode:   SEARCH
# Query file:      /home/inf-20-2025/Malaria/busco_downloads/lineages/apicomplexa_odb12/hmms/68790at5794.hmm
# Target file:     /home/inf-20-2025/Malaria/Results/6_nobird_annotation/P_knowlesi.faa
# Option settings: hmmsearch --domtblout Results/8_busco/P_knowlesi/run_apicomplexa_odb12/hmmer_output/initial_run_results/68790at5794.out --cpu 1 /home/inf-20-2025/Malaria/busco_downloads/lineages/apicomplexa_odb12/hmms/68790at5794.hmm /home/inf-20-2025/Malaria/Results/6_nobird_annotation/P_knowlesi.faa 
# Current dir:     /home/inf-20-2025/Malaria
# Date:            Wed Mar  4 18:31:46 2026
# [ok]
