#                                                                            --- full sequence --- -------------- this domain -------------   hmm coord   ali coord   env coord
# target name        accession   tlen query name           accession   qlen   E-value  score  bias   #  of  c-Evalue  i-Evalue  score  bias  from    to  from    to  from    to  acc description of target
#------------------- ---------- ----- -------------------- ---------- ----- --------- ------ ----- --- --- --------- --------- ------ ----- ----- ----- ----- ----- ----- ----- ---- ---------------------
469_g                -            202 68846                -            183   4.2e-89  295.5   0.2   1   1   8.8e-92   4.8e-89  295.3   0.2     2   183    10   195     9   195 0.96 length=203	scaffold=chromosome11	strand=-
1504_g               -            148 68846                -            183   3.1e-49  165.5   0.2   1   1   6.4e-52   3.5e-49  165.4   0.2     2   145     6   148     5   148 0.98 length=148	scaffold=chromosome13	strand=+
49_g                 -            170 68846                -            183   8.1e-47  157.7   0.0   1   2   2.9e-06    0.0016   16.6   0.0     2    45     6    49     5    58 0.94 length=171	scaffold=chromosome10	strand=+
49_g                 -            170 68846                -            183   8.1e-47  157.7   0.0   2   2   5.6e-44   3.1e-41  139.5   0.1    45   147    67   168    56   170 0.96 length=171	scaffold=chromosome10	strand=+
745_g                -            172 68846                -            183     3e-29  100.4   0.1   1   1   6.3e-32   3.5e-29  100.2   0.1     2   119     6   123     5   151 0.97 length=173	scaffold=chromosome11	strand=+
2177_g               -            181 68846                -            183   1.7e-28   97.9   0.0   1   2      0.24   1.3e+02    0.5   0.0     2    33     9    40     8    45 0.92 length=182	scaffold=chromosome14	strand=+
2177_g               -            181 68846                -            183   1.7e-28   97.9   0.0   2   2     2e-30   1.1e-27   95.3   0.0    46   140    69   162    58   177 0.93 length=182	scaffold=chromosome14	strand=+
2526_g               -            151 68846                -            183     2e-21   74.9   0.0   1   1   4.1e-24   2.3e-21   74.7   0.0    15   135    27   146    15   150 0.91 length=151	scaffold=chromosome14	strand=+
1812_g               -            299 68846                -            183   1.5e-17   62.3   0.8   1   2       5.3   2.9e+03   -3.8   0.1   128   154   117   143   112   144 0.77 length=302	scaffold=chromosome13	strand=-
1812_g               -            299 68846                -            183   1.5e-17   62.3   0.8   2   2   4.1e-20   2.3e-17   61.7   0.1     2   113   157   266   156   279 0.87 length=302	scaffold=chromosome13	strand=-
885_g                -            262 68846                -            183   3.5e-17   61.1   0.2   1   1   9.9e-20   5.5e-17   60.4   0.2     2   113   119   230   118   250 0.92 length=263	scaffold=chromosome12	strand=-
2509_g               -            452 68846                -            183   8.1e-10   37.1   0.0   1   1   2.3e-12   1.3e-09   36.4   0.0    39    95   200   256   167   322 0.88 length=452	scaffold=chromosome14	strand=+
#
# Program:         hmmsearch
# Version:         3.4 (Aug 2023)
# Pipeline mode:   SEARCH
# Query file:      /home/inf-20-2025/Malaria/busco_downloads/lineages/apicomplexa_odb12/hmms/68846at5794.hmm
# Target file:     /home/inf-20-2025/Malaria/Results/6_nobird_annotation/P_knowlesi.faa
# Option settings: hmmsearch --domtblout Results/8_busco/P_knowlesi/run_apicomplexa_odb12/hmmer_output/initial_run_results/68846at5794.out --cpu 1 /home/inf-20-2025/Malaria/busco_downloads/lineages/apicomplexa_odb12/hmms/68846at5794.hmm /home/inf-20-2025/Malaria/Results/6_nobird_annotation/P_knowlesi.faa 
# Current dir:     /home/inf-20-2025/Malaria
# Date:            Wed Mar  4 18:31:48 2026
# [ok]
