#                                                                            --- full sequence --- -------------- this domain -------------   hmm coord   ali coord   env coord
# target name        accession   tlen query name           accession   qlen   E-value  score  bias   #  of  c-Evalue  i-Evalue  score  bias  from    to  from    to  from    to  acc description of target
#------------------- ---------- ----- -------------------- ---------- ----- --------- ------ ----- --- --- --------- --------- ------ ----- ----- ----- ----- ----- ----- ----- ---- ---------------------
776_g                -            496 68869                -            449   6.4e-09   33.1   9.6   1   3   1.7e-11   2.8e-08   31.0   3.7   181   387    16   210     8   224 0.65 length=497	scaffold=chromosome11	strand=-
776_g                -            496 68869                -            449   6.4e-09   33.1   9.6   2   3    0.0026       4.2    4.0   0.0   423   443   359   379   354   384 0.89 length=497	scaffold=chromosome11	strand=-
776_g                -            496 68869                -            449   6.4e-09   33.1   9.6   3   3      0.66   1.1e+03   -3.9   0.1   283   303   458   478   430   490 0.45 length=497	scaffold=chromosome11	strand=-
2404_g               -            556 68869                -            449   7.3e-08   29.6   0.2   1   2   1.6e-10   2.6e-07   27.8   0.1   314   445   222   357   195   361 0.79 length=557	scaffold=chromosome14	strand=-
2404_g               -            556 68869                -            449   7.3e-08   29.6   0.2   2   2      0.16   2.6e+02   -1.9   0.0   259   300   460   501   448   504 0.76 length=557	scaffold=chromosome14	strand=-
837_g                -            664 68869                -            449    0.0027   14.5   1.1   1   2      0.18   2.9e+02   -2.0   0.3    23    95   110   182   104   222 0.76 length=664	scaffold=chromosome12	strand=+
837_g                -            664 68869                -            449    0.0027   14.5   1.1   2   2   3.5e-06    0.0057   13.5   0.0   315   341   402   428   372   454 0.87 length=664	scaffold=chromosome12	strand=+
#
# Program:         hmmsearch
# Version:         3.4 (Aug 2023)
# Pipeline mode:   SEARCH
# Query file:      /home/inf-20-2025/Malaria/busco_downloads/lineages/apicomplexa_odb12/hmms/68869at5794.hmm
# Target file:     /home/inf-20-2025/Malaria/Results/6_nobird_annotation/P_knowlesi.faa
# Option settings: hmmsearch --domtblout Results/8_busco/P_knowlesi/run_apicomplexa_odb12/hmmer_output/initial_run_results/68869at5794.out --cpu 1 /home/inf-20-2025/Malaria/busco_downloads/lineages/apicomplexa_odb12/hmms/68869at5794.hmm /home/inf-20-2025/Malaria/Results/6_nobird_annotation/P_knowlesi.faa 
# Current dir:     /home/inf-20-2025/Malaria
# Date:            Wed Mar  4 18:31:49 2026
# [ok]
