#                                                                            --- full sequence --- -------------- this domain -------------   hmm coord   ali coord   env coord
# target name        accession   tlen query name           accession   qlen   E-value  score  bias   #  of  c-Evalue  i-Evalue  score  bias  from    to  from    to  from    to  acc description of target
#------------------- ---------- ----- -------------------- ---------- ----- --------- ------ ----- --- --- --------- --------- ------ ----- ----- ----- ----- ----- ----- ----- ---- ---------------------
1661_g               -            463 68893                -            262   3.6e-37  126.4  16.1   1   2   2.7e-17   4.4e-14   50.7   9.0     5   137   162   299   159   313 0.90 length=463	scaffold=chromosome13	strand=+
1661_g               -            463 68893                -            262   3.6e-37  126.4  16.1   2   2   2.7e-26   4.4e-23   80.1   0.6   166   260   363   457   328   459 0.93 length=463	scaffold=chromosome13	strand=+
2503_g               -            331 68893                -            262   1.7e-07   29.0  19.3   1   2   0.00098       1.6    6.2   3.8    11    78    65   131    54   141 0.82 length=331	scaffold=chromosome14	strand=+
2503_g               -            331 68893                -            262   1.7e-07   29.0  19.3   2   2   3.5e-10   5.8e-07   27.3   6.0    89   255   170   328   160   331 0.78 length=331	scaffold=chromosome14	strand=+
1000_g               -            280 68893                -            262   1.2e-06   26.2   0.6   1   3      0.11   1.9e+02   -0.6   0.3    48    70    37    59     6    93 0.62 length=282	scaffold=chromosome12	strand=+
1000_g               -            280 68893                -            262   1.2e-06   26.2   0.6   2   3     0.028        46    1.4   1.0    43    80    69   106    30   160 0.48 length=282	scaffold=chromosome12	strand=+
1000_g               -            280 68893                -            262   1.2e-06   26.2   0.6   3   3   7.6e-10   1.2e-06   26.2   0.6   169   254   193   278   175   279 0.89 length=282	scaffold=chromosome12	strand=+
#
# Program:         hmmsearch
# Version:         3.4 (Aug 2023)
# Pipeline mode:   SEARCH
# Query file:      /home/inf-20-2025/Malaria/busco_downloads/lineages/apicomplexa_odb12/hmms/68893at5794.hmm
# Target file:     /home/inf-20-2025/Malaria/Results/6_nobird_annotation/P_knowlesi.faa
# Option settings: hmmsearch --domtblout Results/8_busco/P_knowlesi/run_apicomplexa_odb12/hmmer_output/initial_run_results/68893at5794.out --cpu 1 /home/inf-20-2025/Malaria/busco_downloads/lineages/apicomplexa_odb12/hmms/68893at5794.hmm /home/inf-20-2025/Malaria/Results/6_nobird_annotation/P_knowlesi.faa 
# Current dir:     /home/inf-20-2025/Malaria
# Date:            Wed Mar  4 18:31:48 2026
# [ok]
