#                                                                            --- full sequence --- -------------- this domain -------------   hmm coord   ali coord   env coord
# target name        accession   tlen query name           accession   qlen   E-value  score  bias   #  of  c-Evalue  i-Evalue  score  bias  from    to  from    to  from    to  acc description of target
#------------------- ---------- ----- -------------------- ---------- ----- --------- ------ ----- --- --- --------- --------- ------ ----- ----- ----- ----- ----- ----- ----- ---- ---------------------
502_g                -            605 69033                -            488     1e-98  329.1   3.2   1   2   1.8e-64   3.2e-62  208.7   0.8    12   268   176   424   165   425 0.92 length=606	scaffold=chromosome11	strand=+
502_g                -            605 69033                -            488     1e-98  329.1   3.2   2   2   3.6e-38   6.4e-36  122.0   0.1   293   476   422   592   419   603 0.88 length=606	scaffold=chromosome11	strand=+
1379_g               -            528 69033                -            488   3.3e-74  248.3   0.3   1   2   2.6e-49   4.6e-47  158.7   0.3    24   261   146   378   126   380 0.94 length=529	scaffold=chromosome12	strand=-
1379_g               -            528 69033                -            488   3.3e-74  248.3   0.3   2   2   6.8e-28   1.2e-25   88.1   0.0   290   376   380   467   375   483 0.88 length=529	scaffold=chromosome12	strand=-
240_g                -           1354 69033                -            488   7.7e-67  223.9   0.9   1   2   1.1e-46   1.9e-44  150.1   0.1    14   250   642   874   633   888 0.89 length=1355	scaffold=chromosome10	strand=-
240_g                -           1354 69033                -            488   7.7e-67  223.9   0.9   2   2   3.9e-23   6.8e-21   72.4   0.1   293   377   890   975   874  1015 0.86 length=1355	scaffold=chromosome10	strand=-
3135_g               -            546 69033                -            488   2.8e-66  222.1   5.3   1   2     8e-45   1.4e-42  143.9   1.2    24   255   175   393   163   404 0.89 length=546	scaffold=chromosome4	strand=+	adjustedToFrame=3
3135_g               -            546 69033                -            488   2.8e-66  222.1   5.3   2   2   1.7e-25     3e-23   80.2   0.2   296   402   407   517   393   528 0.81 length=546	scaffold=chromosome4	strand=+	adjustedToFrame=3
287_g                -            722 69033                -            488   1.7e-65  219.6   0.5   1   3   2.4e-08   4.3e-06   23.6   0.0    21    55   157   191   142   204 0.82 length=723	scaffold=chromosome10	strand=-
287_g                -            722 69033                -            488   1.7e-65  219.6   0.5   2   3   1.6e-35   2.9e-33  113.2   0.0    64   249   226   407   196   417 0.90 length=723	scaffold=chromosome10	strand=-
287_g                -            722 69033                -            488   1.7e-65  219.6   0.5   3   3   2.3e-25     4e-23   79.8   0.1   289   409   420   544   407   594 0.75 length=723	scaffold=chromosome10	strand=-
2590_g               -           1203 69033                -            488   1.8e-63  212.8   4.9   1   3   6.5e-43   1.1e-40  137.6   0.5    20   258   170   432   156   440 0.76 length=1204	scaffold=chromosome14	strand=+
2590_g               -           1203 69033                -            488   1.8e-63  212.8   4.9   2   3   1.1e-23     2e-21   74.2   0.1   287   376   434   524   423   533 0.88 length=1204	scaffold=chromosome14	strand=+
2590_g               -           1203 69033                -            488   1.8e-63  212.8   4.9   3   3       7.6   1.3e+03   -4.4   0.1   253   286   598   631   596   637 0.77 length=1204	scaffold=chromosome14	strand=+
1985_g               -            623 69033                -            488   6.2e-63  211.1   5.2   1   2   5.3e-42   9.3e-40  134.6   1.5    19   262   178   421   161   425 0.88 length=623	scaffold=chromosome14	strand=+
1985_g               -            623 69033                -            488   6.2e-63  211.1   5.2   2   2   7.2e-25   1.3e-22   78.1   0.1   292   411   425   550   421   573 0.80 length=623	scaffold=chromosome14	strand=+
2357_g               -            713 69033                -            488   3.2e-61  205.4   2.2   1   3   1.3e-06   0.00023   17.9   0.0    23    56   304   337   286   346 0.81 length=714	scaffold=chromosome14	strand=-
2357_g               -            713 69033                -            488   3.2e-61  205.4   2.2   2   3   3.6e-32   6.4e-30  102.2   0.3    64   253   398   581   383   591 0.85 length=714	scaffold=chromosome14	strand=-
2357_g               -            713 69033                -            488   3.2e-61  205.4   2.2   3   3   1.3e-26   2.3e-24   83.9   0.1   288   371   589   673   578   679 0.90 length=714	scaffold=chromosome14	strand=-
43_g                 -            669 69033                -            488   7.5e-59  197.6   0.1   1   2   9.5e-36   1.7e-33  114.0   0.0    16   259   243   487   233   492 0.83 length=670	scaffold=chromosome10	strand=-
43_g                 -            669 69033                -            488   7.5e-59  197.6   0.1   2   2   1.5e-26   2.7e-24   83.6   0.1   279   379   480   581   458   596 0.81 length=670	scaffold=chromosome10	strand=-
3554_g               -            390 69033                -            488   2.8e-56  189.1   3.7   1   2   5.6e-38   9.9e-36  121.4   1.2    21   262    50   278    37   283 0.87 length=390	scaffold=chromosome5	strand=+	adjustedToFrame=3
3554_g               -            390 69033                -            488   2.8e-56  189.1   3.7   2   2   4.1e-22   7.3e-20   69.0   0.1   291   381   280   371   274   386 0.88 length=390	scaffold=chromosome5	strand=+	adjustedToFrame=3
1387_g               -            762 69033                -            488   2.1e-55  186.2   3.8   1   2     3e-31   5.3e-29   99.2   0.1    25   201   247   435   224   489 0.82 length=765	scaffold=chromosome12	strand=-
1387_g               -            762 69033                -            488   2.1e-55  186.2   3.8   2   2   7.9e-28   1.4e-25   87.9   0.8   241   435   520   710   515   722 0.83 length=765	scaffold=chromosome12	strand=-
1767_g               -            953 69033                -            488     7e-55  184.5  15.3   1   5   4.7e-10   8.4e-08   29.2   0.0    15    55    52    93    43   100 0.85 length=954	scaffold=chromosome13	strand=-
1767_g               -            953 69033                -            488     7e-55  184.5  15.3   2   5   0.00036     0.063    9.9   0.0    62    85   217   240   202   246 0.80 length=954	scaffold=chromosome13	strand=-
1767_g               -            953 69033                -            488     7e-55  184.5  15.3   3   5     6e-08   1.1e-05   22.3   0.0   105   182   286   361   270   372 0.82 length=954	scaffold=chromosome13	strand=-
1767_g               -            953 69033                -            488     7e-55  184.5  15.3   4   5   2.2e-32   3.8e-30  102.9   5.5   206   402   414   635   409   645 0.78 length=954	scaffold=chromosome13	strand=-
1767_g               -            953 69033                -            488     7e-55  184.5  15.3   5   5   1.2e-06    0.0002   18.1   0.1   409   476   709   774   670   783 0.89 length=954	scaffold=chromosome13	strand=-
142_g                -           1002 69033                -            488   6.5e-54  181.3   0.0   1   2   5.2e-33   9.2e-31  105.0   0.0    16   170   604   760   593   816 0.88 length=1002	scaffold=chromosome10	strand=+
142_g                -           1002 69033                -            488   6.5e-54  181.3   0.0   2   2   2.4e-23   4.2e-21   73.1   0.1   289   400   868   980   822   993 0.84 length=1002	scaffold=chromosome10	strand=+
1155_g               -            398 69033                -            488   7.6e-54  181.1   3.1   1   2     2e-33   3.6e-31  106.3   0.8    21   234    53   255    36   282 0.83 length=399	scaffold=chromosome12	strand=-
1155_g               -            398 69033                -            488   7.6e-54  181.1   3.1   2   2   4.5e-24   7.9e-22   75.5   0.1   293   377   285   370   268   397 0.82 length=399	scaffold=chromosome12	strand=-
2197_g               -            908 69033                -            488   3.3e-50  169.1   1.7   1   2   8.3e-28   1.5e-25   87.8   0.3    23   262   364   634   347   637 0.78 length=909	scaffold=chromosome14	strand=-
2197_g               -            908 69033                -            488   3.3e-50  169.1   1.7   2   2   1.4e-23   2.4e-21   73.9   0.1   290   379   635   725   623   740 0.88 length=909	scaffold=chromosome14	strand=-
3338_g               -           1161 69033                -            488   1.1e-47  160.8   4.6   1   2   8.6e-39   1.5e-36  124.0   3.1    13   265   164   410   153   413 0.90 length=1161	scaffold=chromosome5	strand=+	adjustedToFrame=3
3338_g               -           1161 69033                -            488   1.1e-47  160.8   4.6   2   2   5.3e-15   9.4e-13   45.6   0.0   297   362   415   482   410   506 0.88 length=1161	scaffold=chromosome5	strand=+	adjustedToFrame=3
993_g                -            525 69033                -            488   8.4e-47  157.9   1.9   1   3   5.3e-23   9.4e-21   71.9   0.0    19   171   105   254    91   276 0.81 length=525	scaffold=chromosome12	strand=+
993_g                -            525 69033                -            488   8.4e-47  157.9   1.9   2   3   4.9e-07   8.7e-05   19.3   0.2   168   263   282   375   270   378 0.85 length=525	scaffold=chromosome12	strand=+
993_g                -            525 69033                -            488   8.4e-47  157.9   1.9   3   3   7.1e-21   1.3e-18   64.9   0.0   294   404   380   494   374   520 0.82 length=525	scaffold=chromosome12	strand=+
3221_g               -            469 69033                -            488   1.1e-43  147.6   5.3   1   3   6.7e-06    0.0012   15.6   0.0    14    55    81   123    72   130 0.84 length=469	scaffold=chromosome4	strand=+	adjustedToFrame=3
3221_g               -            469 69033                -            488   1.1e-43  147.6   5.3   2   3   2.2e-21   3.9e-19   66.6   0.9    64   268   158   358   149   361 0.87 length=469	scaffold=chromosome4	strand=+	adjustedToFrame=3
3221_g               -            469 69033                -            488   1.1e-43  147.6   5.3   3   3   1.5e-21   2.7e-19   67.1   0.1   297   378   360   442   355   464 0.91 length=469	scaffold=chromosome4	strand=+	adjustedToFrame=3
1251_g               -            841 69033                -            488   8.3e-40  134.8   3.5   1   1   1.6e-40   2.9e-38  129.7   3.5    19   384   451   814   439   836 0.77 length=842	scaffold=chromosome12	strand=-
106_g                -            816 69033                -            488   1.4e-38  130.7   0.7   1   3   4.3e-06   0.00076   16.2   0.0    16    53    26    64    22    72 0.81 length=817	scaffold=chromosome10	strand=-
106_g                -            816 69033                -            488   1.4e-38  130.7   0.7   2   3   5.2e-20   9.2e-18   62.1   0.1    64   222   329   487   314   494 0.86 length=817	scaffold=chromosome10	strand=-
106_g                -            816 69033                -            488   1.4e-38  130.7   0.7   3   3   4.3e-16   7.6e-14   49.2   0.0   291   379   602   691   588   731 0.86 length=817	scaffold=chromosome10	strand=-
2493_g               -            846 69033                -            488   5.3e-37  125.5   4.7   1   3   4.8e-25   8.6e-23   78.7   0.2    14   208    64   260    52   272 0.77 length=847	scaffold=chromosome14	strand=-
2493_g               -            846 69033                -            488   5.3e-37  125.5   4.7   2   3     2e-15   3.5e-13   47.0   0.7   328   424   522   618   517   659 0.70 length=847	scaffold=chromosome14	strand=-
2493_g               -            846 69033                -            488   5.3e-37  125.5   4.7   3   3      0.21        37    0.7   0.1   370   429   607   666   605   678 0.85 length=847	scaffold=chromosome14	strand=-
1769_g               -            352 69033                -            488     2e-34  117.0   0.0   1   1   1.7e-36   2.9e-34  116.5   0.0    13   205   159   348   147   351 0.84 length=352	scaffold=chromosome13	strand=+
2701_g               -           1256 69033                -            488   7.2e-23   78.9   4.7   1   4      0.06        11    2.5   0.0    19    58    57    97    46   112 0.78 length=1256	scaffold=chromosome1	strand=+	adjustedToFrame=3
2701_g               -           1256 69033                -            488   7.2e-23   78.9   4.7   2   4   0.00034      0.06    9.9   0.0    66    88   130   152   127   157 0.87 length=1256	scaffold=chromosome1	strand=+	adjustedToFrame=3
2701_g               -           1256 69033                -            488   7.2e-23   78.9   4.7   3   4   4.1e-05    0.0072   13.0   0.1   139   189   270   319   262   336 0.80 length=1256	scaffold=chromosome1	strand=+	adjustedToFrame=3
2701_g               -           1256 69033                -            488   7.2e-23   78.9   4.7   4   4   6.4e-17   1.1e-14   51.9   0.1   286   385   608   708   597   761 0.73 length=1256	scaffold=chromosome1	strand=+	adjustedToFrame=3
289_g                -            522 69033                -            488   4.7e-21   73.0   5.6   1   2   4.9e-11   8.6e-09   32.5   1.2    27   187   153   311   135   392 0.75 length=525	scaffold=chromosome10	strand=-
289_g                -            522 69033                -            488   4.7e-21   73.0   5.6   2   2   1.1e-13   1.9e-11   41.3   0.2   294   392   394   494   379   513 0.82 length=525	scaffold=chromosome10	strand=-
1488_g               -           1052 69033                -            488   1.1e-17   61.9   0.1   1   2   1.6e-07   2.8e-05   20.9   0.0    21    55   169   203   155   232 0.79 length=1056	scaffold=chromosome13	strand=-
1488_g               -           1052 69033                -            488   1.1e-17   61.9   0.1   2   2   1.2e-12     2e-10   37.9   0.0   280   382   522   638   517   664 0.82 length=1056	scaffold=chromosome13	strand=-
4550_g               -           1283 69033                -            488   1.2e-17   61.7   1.1   1   3   1.8e-06   0.00033   17.4   0.0    11    51   173   214   166   220 0.79 length=1283	scaffold=chromosome9	strand=+	adjustedToFrame=3
4550_g               -           1283 69033                -            488   1.2e-17   61.7   1.1   2   3       0.2        36    0.8   0.0   173   223   691   743   679   752 0.78 length=1283	scaffold=chromosome9	strand=+	adjustedToFrame=3
4550_g               -           1283 69033                -            488   1.2e-17   61.7   1.1   3   3   3.3e-13   5.8e-11   39.7   0.4   291   362   901   973   875   994 0.91 length=1283	scaffold=chromosome9	strand=+	adjustedToFrame=3
1681_g               -           1252 69033                -            488   4.6e-14   49.9   0.3   1   2   3.8e-05    0.0067   13.1   0.0    13    50    47    85    35    92 0.77 length=1253	scaffold=chromosome13	strand=-
1681_g               -           1252 69033                -            488   4.6e-14   49.9   0.3   2   2   1.2e-11   2.1e-09   34.5   0.1   295   395   306   408   286   432 0.84 length=1253	scaffold=chromosome13	strand=-
2045_g               -            798 69033                -            488   4.7e-11   40.0   1.2   1   3      0.26        47    0.4   0.0    16    45   133   163   119   175 0.68 length=799	scaffold=chromosome14	strand=-
2045_g               -            798 69033                -            488   4.7e-11   40.0   1.2   2   3   0.00031     0.055   10.0   0.0    60    86   246   272   235   275 0.85 length=799	scaffold=chromosome14	strand=-
2045_g               -            798 69033                -            488   4.7e-11   40.0   1.2   3   3   5.5e-09   9.8e-07   25.7   0.3   310   379   659   728   538   757 0.73 length=799	scaffold=chromosome14	strand=-
#
# Program:         hmmsearch
# Version:         3.4 (Aug 2023)
# Pipeline mode:   SEARCH
# Query file:      /home/inf-20-2025/Malaria/busco_downloads/lineages/apicomplexa_odb12/hmms/69033at5794.hmm
# Target file:     /home/inf-20-2025/Malaria/Results/6_nobird_annotation/P_knowlesi.faa
# Option settings: hmmsearch --domtblout Results/8_busco/P_knowlesi/run_apicomplexa_odb12/hmmer_output/initial_run_results/69033at5794.out --cpu 1 /home/inf-20-2025/Malaria/busco_downloads/lineages/apicomplexa_odb12/hmms/69033at5794.hmm /home/inf-20-2025/Malaria/Results/6_nobird_annotation/P_knowlesi.faa 
# Current dir:     /home/inf-20-2025/Malaria
# Date:            Wed Mar  4 18:31:51 2026
# [ok]
