#                                                                            --- full sequence --- -------------- this domain -------------   hmm coord   ali coord   env coord
# target name        accession   tlen query name           accession   qlen   E-value  score  bias   #  of  c-Evalue  i-Evalue  score  bias  from    to  from    to  from    to  acc description of target
#------------------- ---------- ----- -------------------- ---------- ----- --------- ------ ----- --- --- --------- --------- ------ ----- ----- ----- ----- ----- ----- ----- ---- ---------------------
3329_g               -            482 69135                -            425  2.6e-176  584.9   5.9   1   1  4.5e-179  3.2e-176  584.5   5.9     3   420    26   464    24   468 0.92 length=482	scaffold=chromosome5	strand=+	adjustedToFrame=3
1114_g               -            633 69135                -            425   7.9e-36  122.0  14.4   1   2   1.9e-13   1.4e-10   38.8   0.4     4   140   114   253   111   271 0.89 length=634	scaffold=chromosome12	strand=+
1114_g               -            633 69135                -            425   7.9e-36  122.0  14.4   2   2   4.7e-28   3.3e-25   87.0   8.1   154   414   324   604   277   615 0.74 length=634	scaffold=chromosome12	strand=+
815_g                -            210 69135                -            425   2.3e-21   74.4   0.2   1   1   4.1e-24   2.9e-21   74.0   0.2     8   108    25   131    22   163 0.82 length=210	scaffold=chromosome12	strand=+
3966_g               -            543 69135                -            425     4e-18   63.7  11.0   1   2   6.7e-12   4.7e-09   33.8   4.6     4   147    43   191    41   337 0.75 length=543	scaffold=chromosome7	strand=+	adjustedToFrame=3
3966_g               -            543 69135                -            425     4e-18   63.7  11.0   2   2   9.5e-12   6.7e-09   33.3   0.4   274   417   363   506   352   514 0.78 length=543	scaffold=chromosome7	strand=+	adjustedToFrame=3
1269_g               -            105 69135                -            425   2.5e-17   61.0   0.2   1   1   3.8e-20   2.7e-17   60.9   0.2    15    92    10    86     2   101 0.91 length=105	scaffold=chromosome12	strand=+
4528_g               -            497 69135                -            425   1.2e-07   29.1   2.7   1   3     0.025        18    2.3   0.2     7    73   106   175   101   187 0.81 length=497	scaffold=chromosome9	strand=+	adjustedToFrame=3
4528_g               -            497 69135                -            425   1.2e-07   29.1   2.7   2   3   1.3e-06   0.00095   16.3   0.0    41   108   253   322   227   329 0.81 length=497	scaffold=chromosome9	strand=+	adjustedToFrame=3
4528_g               -            497 69135                -            425   1.2e-07   29.1   2.7   3   3    0.0002      0.14    9.2   0.0   239   308   408   482   401   489 0.77 length=497	scaffold=chromosome9	strand=+	adjustedToFrame=3
888_g                -            158 69135                -            425   4.8e-07   27.2   0.0   1   1   8.3e-10   5.9e-07   26.9   0.0    23    91    70   138    62   156 0.91 length=158	scaffold=chromosome12	strand=+
#
# Program:         hmmsearch
# Version:         3.4 (Aug 2023)
# Pipeline mode:   SEARCH
# Query file:      /home/inf-20-2025/Malaria/busco_downloads/lineages/apicomplexa_odb12/hmms/69135at5794.hmm
# Target file:     /home/inf-20-2025/Malaria/Results/6_nobird_annotation/P_knowlesi.faa
# Option settings: hmmsearch --domtblout Results/8_busco/P_knowlesi/run_apicomplexa_odb12/hmmer_output/initial_run_results/69135at5794.out --cpu 1 /home/inf-20-2025/Malaria/busco_downloads/lineages/apicomplexa_odb12/hmms/69135at5794.hmm /home/inf-20-2025/Malaria/Results/6_nobird_annotation/P_knowlesi.faa 
# Current dir:     /home/inf-20-2025/Malaria
# Date:            Wed Mar  4 18:31:47 2026
# [ok]
