#                                                                            --- full sequence --- -------------- this domain -------------   hmm coord   ali coord   env coord
# target name        accession   tlen query name           accession   qlen   E-value  score  bias   #  of  c-Evalue  i-Evalue  score  bias  from    to  from    to  from    to  acc description of target
#------------------- ---------- ----- -------------------- ---------- ----- --------- ------ ----- --- --- --------- --------- ------ ----- ----- ----- ----- ----- ----- ----- ---- ---------------------
1581_g               -            758 9051                 -            728         0 1207.8   0.3   1   1         0         0 1207.1   0.3     2   727     7   758     6   758 0.95 length=759	scaffold=chromosome13	strand=+
484_g                -            943 9051                 -            728  1.6e-124  415.0  10.3   1   2   6.9e-20   6.8e-17   59.2   1.4    75   282   143   344    50   351 0.84 length=944	scaffold=chromosome11	strand=-
484_g                -            943 9051                 -            728  1.6e-124  415.0  10.3   2   2  6.8e-111  6.8e-108  360.1   1.5   313   651   423   762   346   799 0.87 length=944	scaffold=chromosome11	strand=-
50_g                 -            969 9051                 -            728  5.7e-114  380.2   3.4   1   2  8.4e-110  8.3e-107  356.5   0.8    80   548   129   608    50   638 0.84 length=969	scaffold=chromosome10	strand=+
50_g                 -            969 9051                 -            728  5.7e-114  380.2   3.4   2   2   2.9e-09   2.8e-06   24.1   0.1   570   645   709   783   645   806 0.79 length=969	scaffold=chromosome10	strand=+
2083_g               -            972 9051                 -            728  1.1e-109  366.0  19.7   1   3   1.4e-16   1.4e-13   48.3   5.4   136   316   273   460   149   479 0.74 length=972	scaffold=chromosome14	strand=+
2083_g               -            972 9051                 -            728  1.1e-109  366.0  19.7   2   3   3.4e-85   3.4e-82  275.1   0.2   314   543   489   719   475   732 0.94 length=972	scaffold=chromosome14	strand=+
2083_g               -            972 9051                 -            728  1.1e-109  366.0  19.7   3   3   1.8e-17   1.8e-14   51.2   1.6   544   690   779   926   757   950 0.73 length=972	scaffold=chromosome14	strand=+
1577_g               -           1205 9051                 -            728   7.3e-80  267.4   4.0   1   3   1.4e-10   1.4e-07   28.4   0.1   134   323   212   406   191   429 0.77 length=1206	scaffold=chromosome13	strand=-
1577_g               -           1205 9051                 -            728   7.3e-80  267.4   4.0   2   3   9.6e-56   9.5e-53  177.8   0.0   333   547   713   929   684   941 0.89 length=1206	scaffold=chromosome13	strand=-
1577_g               -           1205 9051                 -            728   7.3e-80  267.4   4.0   3   3   1.8e-20   1.8e-17   61.1   0.1   541   646  1003  1105   987  1129 0.88 length=1206	scaffold=chromosome13	strand=-
#
# Program:         hmmsearch
# Version:         3.4 (Aug 2023)
# Pipeline mode:   SEARCH
# Query file:      /home/inf-20-2025/Malaria/busco_downloads/lineages/apicomplexa_odb12/hmms/9051at5794.hmm
# Target file:     /home/inf-20-2025/Malaria/Results/6_nobird_annotation/P_knowlesi.faa
# Option settings: hmmsearch --domtblout Results/8_busco/P_knowlesi/run_apicomplexa_odb12/hmmer_output/initial_run_results/9051at5794.out --cpu 1 /home/inf-20-2025/Malaria/busco_downloads/lineages/apicomplexa_odb12/hmms/9051at5794.hmm /home/inf-20-2025/Malaria/Results/6_nobird_annotation/P_knowlesi.faa 
# Current dir:     /home/inf-20-2025/Malaria
# Date:            Wed Mar  4 18:31:49 2026
# [ok]
