#                                                                            --- full sequence --- -------------- this domain -------------   hmm coord   ali coord   env coord
# target name        accession   tlen query name           accession   qlen   E-value  score  bias   #  of  c-Evalue  i-Evalue  score  bias  from    to  from    to  from    to  acc description of target
#------------------- ---------- ----- -------------------- ---------- ----- --------- ------ ----- --- --- --------- --------- ------ ----- ----- ----- ----- ----- ----- ----- ---- ---------------------
218_g                -           1079 10895                -            485  9.3e-145  479.5  27.4   1   2   2.7e-77   5.6e-75  249.4   4.5     1   211     1   218     1   235 0.93 length=1079	scaffold=contig00336	strand=-
218_g                -           1079 10895                -            485  9.3e-145  479.5  27.4   2   2   3.3e-73   6.7e-71  235.9  15.0   213   483   460   744   444   746 0.90 length=1079	scaffold=contig00336	strand=-
1367_g               -            134 10895                -            485   4.7e-09   32.0   3.5   1   1   2.5e-11   5.1e-09   31.8   3.5    41   139     5   113     1   132 0.73 length=134	scaffold=contig02215	strand=+	adjustedToFrame=2
1149_g               -            764 10895                -            485   5.7e-09   31.7   1.9   1   1   6.8e-11   1.4e-08   30.4   1.9    35   144   260   378   255   409 0.79 length=765	scaffold=contig01851	strand=-	adjustedToFrame=3
842_g                -            768 10895                -            485   2.6e-08   29.5   0.6   1   2   3.2e-10   6.6e-08   28.2   0.1    42   141   343   447   322   455 0.76 length=769	scaffold=contig01296	strand=+	adjustedToFrame=3
842_g                -            768 10895                -            485   2.6e-08   29.5   0.6   2   2      0.45        92   -2.0   0.0    16    42   555   581   542   585 0.84 length=769	scaffold=contig01296	strand=+	adjustedToFrame=3
443_g                -            269 10895                -            485   1.4e-07   27.1   3.4   1   1   1.3e-09   2.8e-07   26.1   3.4    34   163    23   172    14   182 0.66 length=269	scaffold=contig00618	strand=+
169_g                -            329 10895                -            485   4.3e-07   25.5   0.4   1   2   2.1e-09   4.3e-07   25.5   0.4    78   147    78   155    76   175 0.76 length=330	scaffold=contig00258	strand=+
169_g                -            329 10895                -            485   4.3e-07   25.5   0.4   2   2      0.29        60   -1.4   0.5    40    74   287   325   277   326 0.64 length=330	scaffold=contig00258	strand=+
506_g                -            618 10895                -            485   1.7e-05   20.2   0.0   1   1   1.3e-07   2.6e-05   19.6   0.0    76   165   363   460   348   478 0.83 length=619	scaffold=contig00713	strand=+
#
# Program:         hmmsearch
# Version:         3.4 (Aug 2023)
# Pipeline mode:   SEARCH
# Query file:      /home/inf-20-2025/Malaria/busco_downloads/lineages/apicomplexa_odb12/hmms/10895at5794.hmm
# Target file:     /home/inf-20-2025/Malaria/Results/6_nobird_annotation/H_tartakovskyi.faa
# Option settings: hmmsearch --domtblout Results/8_busco/H_tartakovskyi/run_apicomplexa_odb12/hmmer_output/initial_run_results/10895at5794.out --cpu 1 /home/inf-20-2025/Malaria/busco_downloads/lineages/apicomplexa_odb12/hmms/10895at5794.hmm /home/inf-20-2025/Malaria/Results/6_nobird_annotation/H_tartakovskyi.faa 
# Current dir:     /home/inf-20-2025/Malaria
# Date:            Wed Mar  4 18:30:04 2026
# [ok]
