#                                                                            --- full sequence --- -------------- this domain -------------   hmm coord   ali coord   env coord
# target name        accession   tlen query name           accession   qlen   E-value  score  bias   #  of  c-Evalue  i-Evalue  score  bias  from    to  from    to  from    to  acc description of target
#------------------- ---------- ----- -------------------- ---------- ----- --------- ------ ----- --- --- --------- --------- ------ ----- ----- ----- ----- ----- ----- ----- ---- ---------------------
96_g                 -            620 11519                -            453   1.2e-76  254.4   0.1   1   1   1.3e-78   1.5e-76  254.1   0.1     4   410    21   425    18   454 0.88 length=621	scaffold=contig00153	strand=-
1046_g               -            812 11519                -            453   1.3e-74  247.8   9.8   1   3   1.6e-12   1.9e-10   36.2   0.3     6    81   178   257   172   272 0.80 length=813	scaffold=contig01676	strand=-	adjustedToFrame=2
1046_g               -            812 11519                -            453   1.3e-74  247.8   9.8   2   3     0.053       6.4    1.6   0.7   388   444   251   307   237   313 0.48 length=813	scaffold=contig01676	strand=-	adjustedToFrame=2
1046_g               -            812 11519                -            453   1.3e-74  247.8   9.8   3   3     2e-69   2.4e-67  223.8   4.1    68   368   303   606   292   685 0.90 length=813	scaffold=contig01676	strand=-	adjustedToFrame=2
643_g                -           1009 11519                -            453   6.8e-70  232.2   5.6   1   1   5.7e-72   6.8e-70  232.2   5.6     3   400   193   594   191   622 0.86 length=1009	scaffold=contig00936	strand=-	adjustedToFrame=2
593_g                -            775 11519                -            453   1.4e-56  188.3  17.5   1   3       1.6     2e+02   -3.3  11.2   386   450   124   187    90   190 0.65 length=776	scaffold=contig00857	strand=-
593_g                -            775 11519                -            453   1.4e-56  188.3  17.5   2   3   7.2e-13   8.7e-11   37.4   0.0     8    65   202   260   198   280 0.88 length=776	scaffold=contig00857	strand=-
593_g                -            775 11519                -            453   1.4e-56  188.3  17.5   3   3   7.9e-50   9.4e-48  159.2  16.0    66   448   293   674   284   679 0.79 length=776	scaffold=contig00857	strand=-
1324_g               -            865 11519                -            453   5.2e-52  173.3   1.4   1   4   2.2e-36   2.7e-34  114.9   0.3     7   164   250   408   244   420 0.95 length=865	scaffold=contig02145	strand=-
1324_g               -            865 11519                -            453   5.2e-52  173.3   1.4   2   4    0.0066      0.79    4.5   2.1   181   270   553   662   541   669 0.53 length=865	scaffold=contig02145	strand=-
1324_g               -            865 11519                -            453   5.2e-52  173.3   1.4   3   4       2.7   3.3e+02   -4.1  11.2   383   442   696   757   667   768 0.77 length=865	scaffold=contig02145	strand=-
1324_g               -            865 11519                -            453   5.2e-52  173.3   1.4   4   4   1.2e-21   1.4e-19   66.3   0.0   272   357   773   859   761   865 0.88 length=865	scaffold=contig02145	strand=-
465_g                -            796 11519                -            453   3.7e-42  140.8   9.3   1   3     2e-33   2.4e-31  105.1   2.4     7   215   183   390   178   414 0.84 length=797	scaffold=contig00661	strand=-	adjustedToFrame=3
465_g                -            796 11519                -            453   3.7e-42  140.8   9.3   2   3    0.0024      0.29    6.0   0.4   243   305   456   519   436   523 0.79 length=797	scaffold=contig00661	strand=-	adjustedToFrame=3
465_g                -            796 11519                -            453   3.7e-42  140.8   9.3   3   3   2.7e-16   3.2e-14   48.7   0.7   308   424   597   714   591   734 0.85 length=797	scaffold=contig00661	strand=-	adjustedToFrame=3
545_g                -           1433 11519                -            453   3.2e-36  121.2   4.6   1   4   1.6e-09   1.9e-07   26.4   0.0     9    60     5    56     1    71 0.89 length=1433	scaffold=contig00792	strand=-
545_g                -           1433 11519                -            453   3.2e-36  121.2   4.6   2   4     3e-17   3.6e-15   51.8   0.9    65   214   367   519   358   539 0.77 length=1433	scaffold=contig00792	strand=-
545_g                -           1433 11519                -            453   3.2e-36  121.2   4.6   3   4   2.8e-20   3.4e-18   61.8   0.2   270   353   646   729   574   758 0.89 length=1433	scaffold=contig00792	strand=-
545_g                -           1433 11519                -            453   3.2e-36  121.2   4.6   4   4       2.1   2.5e+02   -3.7   0.7   363   393  1129  1159  1115  1163 0.54 length=1433	scaffold=contig00792	strand=-
1186_g               -            892 11519                -            453     5e-21   71.1   1.5   1   2    0.0001     0.012   10.5   0.0    36    87   279   324   265   353 0.75 length=892	scaffold=contig01910	strand=+
1186_g               -            892 11519                -            453     5e-21   71.1   1.5   2   2   3.7e-18   4.4e-16   54.8   1.7   249   370   666   804   658   861 0.79 length=892	scaffold=contig01910	strand=+
319_g                -           1385 11519                -            453   1.2e-07   27.1   0.5   1   7       2.3   2.8e+02   -3.9   7.0   377   425   424   476   382   485 0.53 length=1386	scaffold=contig00456	strand=-	adjustedToFrame=2
319_g                -           1385 11519                -            453   1.2e-07   27.1   0.5   2   7      0.11        14    0.5   0.0    44    65   640   661   631   666 0.85 length=1386	scaffold=contig00456	strand=-	adjustedToFrame=2
319_g                -           1385 11519                -            453   1.2e-07   27.1   0.5   3   7      0.37        44   -1.2   3.9   377   429   722   774   701   783 0.82 length=1386	scaffold=contig00456	strand=-	adjustedToFrame=2
319_g                -           1385 11519                -            453   1.2e-07   27.1   0.5   4   7    0.0048      0.57    5.0   0.0    73   126   793   848   784   856 0.72 length=1386	scaffold=contig00456	strand=-	adjustedToFrame=2
319_g                -           1385 11519                -            453   1.2e-07   27.1   0.5   5   7   4.7e-05    0.0057   11.6   0.0   128   161   915   948   897   958 0.90 length=1386	scaffold=contig00456	strand=-	adjustedToFrame=2
319_g                -           1385 11519                -            453   1.2e-07   27.1   0.5   6   7       9.4   1.1e+03   -5.8  10.4   364   435  1091  1161  1062  1178 0.49 length=1386	scaffold=contig00456	strand=-	adjustedToFrame=2
319_g                -           1385 11519                -            453   1.2e-07   27.1   0.5   7   7   1.4e-08   1.7e-06   23.2   0.3   297   359  1289  1350  1197  1366 0.75 length=1386	scaffold=contig00456	strand=-	adjustedToFrame=2
1051_g               -            823 11519                -            453   2.4e-07   26.0   4.6   1   5       7.7   9.3e+02   -5.6   7.4   354   441    64   149    55   159 0.67 length=824	scaffold=contig01683	strand=-
1051_g               -            823 11519                -            453   2.4e-07   26.0   4.6   2   5     0.026       3.1    2.6   0.0    23    59   153   189   142   211 0.78 length=824	scaffold=contig01683	strand=-
1051_g               -            823 11519                -            453   2.4e-07   26.0   4.6   3   5    0.0087         1    4.2   0.2    72   100   266   294   254   299 0.81 length=824	scaffold=contig01683	strand=-
1051_g               -            823 11519                -            453   2.4e-07   26.0   4.6   4   5       6.1   7.4e+02   -5.2   2.9   419   446   508   535   486   553 0.49 length=824	scaffold=contig01683	strand=-
1051_g               -            823 11519                -            453   2.4e-07   26.0   4.6   5   5     2e-09   2.4e-07   26.0   4.6   302   416   690   801   669   818 0.74 length=824	scaffold=contig01683	strand=-
1199_g               -            135 11519                -            453     0.064    8.1   5.8   1   1   0.00061     0.073    8.0   5.8   361   431    13    83     5   100 0.77 length=136	scaffold=contig01927	strand=-	adjustedToFrame=2
475_g                -            114 11519                -            453       1.5    3.6  13.1   1   1     0.015       1.8    3.4  13.1   387   447    31    93    20    99 0.60 length=115	scaffold=contig00677	strand=-	adjustedToFrame=3
#
# Program:         hmmsearch
# Version:         3.4 (Aug 2023)
# Pipeline mode:   SEARCH
# Query file:      /home/inf-20-2025/Malaria/busco_downloads/lineages/apicomplexa_odb12/hmms/11519at5794.hmm
# Target file:     /home/inf-20-2025/Malaria/Results/6_nobird_annotation/H_tartakovskyi.faa
# Option settings: hmmsearch --domtblout Results/8_busco/H_tartakovskyi/run_apicomplexa_odb12/hmmer_output/initial_run_results/11519at5794.out --cpu 1 /home/inf-20-2025/Malaria/busco_downloads/lineages/apicomplexa_odb12/hmms/11519at5794.hmm /home/inf-20-2025/Malaria/Results/6_nobird_annotation/H_tartakovskyi.faa 
# Current dir:     /home/inf-20-2025/Malaria
# Date:            Wed Mar  4 18:30:04 2026
# [ok]
