#                                                                            --- full sequence --- -------------- this domain -------------   hmm coord   ali coord   env coord
# target name        accession   tlen query name           accession   qlen   E-value  score  bias   #  of  c-Evalue  i-Evalue  score  bias  from    to  from    to  from    to  acc description of target
#------------------- ---------- ----- -------------------- ---------- ----- --------- ------ ----- --- --- --------- --------- ------ ----- ----- ----- ----- ----- ----- ----- ---- ---------------------
436_g                -            400 11750                -            938   3.6e-17   57.8   2.5   1   3     3e-15   1.4e-12   42.6   0.1   758   849    88   180    80   190 0.94 length=401	scaffold=contig00605	strand=+
436_g                -            400 11750                -            938   3.6e-17   57.8   2.5   2   3   1.1e-08   5.3e-06   20.8   0.7   744   815   173   246   171   270 0.82 length=401	scaffold=contig00605	strand=+
436_g                -            400 11750                -            938   3.6e-17   57.8   2.5   3   3   1.4e-06   0.00065   13.9   0.3   771   815   202   246   192   294 0.61 length=401	scaffold=contig00605	strand=+
1116_g               -            385 11750                -            938   7.3e-17   56.8   0.1   1   2         3   1.4e+03  -12.6  11.8   400   453    17    67     2    79 0.41 length=386	scaffold=contig01799	strand=-	adjustedToFrame=3
1116_g               -            385 11750                -            938   7.3e-17   56.8   0.1   2   2   1.5e-19   7.3e-17   56.8   0.1   747   842   258   354   247   357 0.90 length=386	scaffold=contig01799	strand=-	adjustedToFrame=3
827_g                -            614 11750                -            938   2.5e-11   38.4   0.1   1   2   6.6e-07   0.00032   14.9   0.0   688   822   125   264   111   271 0.74 length=614	scaffold=contig01265	strand=+
827_g                -            614 11750                -            938   2.5e-11   38.4   0.1   2   2   7.1e-09   3.4e-06   21.5   0.1   758   830   273   345   269   352 0.94 length=614	scaffold=contig01265	strand=+
#
# Program:         hmmsearch
# Version:         3.4 (Aug 2023)
# Pipeline mode:   SEARCH
# Query file:      /home/inf-20-2025/Malaria/busco_downloads/lineages/apicomplexa_odb12/hmms/11750at5794.hmm
# Target file:     /home/inf-20-2025/Malaria/Results/6_nobird_annotation/H_tartakovskyi.faa
# Option settings: hmmsearch --domtblout Results/8_busco/H_tartakovskyi/run_apicomplexa_odb12/hmmer_output/initial_run_results/11750at5794.out --cpu 1 /home/inf-20-2025/Malaria/busco_downloads/lineages/apicomplexa_odb12/hmms/11750at5794.hmm /home/inf-20-2025/Malaria/Results/6_nobird_annotation/H_tartakovskyi.faa 
# Current dir:     /home/inf-20-2025/Malaria
# Date:            Wed Mar  4 18:30:05 2026
# [ok]
