#                                                                            --- full sequence --- -------------- this domain -------------   hmm coord   ali coord   env coord
# target name        accession   tlen query name           accession   qlen   E-value  score  bias   #  of  c-Evalue  i-Evalue  score  bias  from    to  from    to  from    to  acc description of target
#------------------- ---------- ----- -------------------- ---------- ----- --------- ------ ----- --- --- --------- --------- ------ ----- ----- ----- ----- ----- ----- ----- ---- ---------------------
126_g                -            589 14164                -            693   6.5e-28   94.0   0.4   1   6    0.0032       1.5    3.5   0.2     1    17     8    24     8    39 0.83 length=590	scaffold=contig00195	strand=+
126_g                -            589 14164                -            693   6.5e-28   94.0   0.4   2   6   3.2e-06    0.0015   13.4   0.0    25    46    76    97    69   113 0.88 length=590	scaffold=contig00195	strand=+
126_g                -            589 14164                -            693   6.5e-28   94.0   0.4   3   6   4.1e-05     0.019    9.8   0.3    41    91   147   197   142   199 0.89 length=590	scaffold=contig00195	strand=+
126_g                -            589 14164                -            693   6.5e-28   94.0   0.4   4   6         3   1.4e+03   -6.5  23.7   307   368   203   263   195   269 0.57 length=590	scaffold=contig00195	strand=+
126_g                -            589 14164                -            693   6.5e-28   94.0   0.4   5   6   1.6e-28   7.5e-26   87.2   0.1    90   183   270   363   267   367 0.96 length=590	scaffold=contig00195	strand=+
126_g                -            589 14164                -            693   6.5e-28   94.0   0.4   6   6         3   1.4e+03  -15.0  38.6   363   519   373   540   364   551 0.48 length=590	scaffold=contig00195	strand=+
11_g                 -            261 14164                -            693   3.3e-26   88.3   0.2   1   1   9.2e-29   4.4e-26   87.9   0.2     3   182    49   240    47   249 0.87 length=262	scaffold=contig00029	strand=+
743_g                -            207 14164                -            693      0.63    4.8  21.9   1   1    0.0016      0.78    4.5  21.9   304   426    23   145    11   161 0.87 length=208	scaffold=contig01112	strand=-
#
# Program:         hmmsearch
# Version:         3.4 (Aug 2023)
# Pipeline mode:   SEARCH
# Query file:      /home/inf-20-2025/Malaria/busco_downloads/lineages/apicomplexa_odb12/hmms/14164at5794.hmm
# Target file:     /home/inf-20-2025/Malaria/Results/6_nobird_annotation/H_tartakovskyi.faa
# Option settings: hmmsearch --domtblout Results/8_busco/H_tartakovskyi/run_apicomplexa_odb12/hmmer_output/initial_run_results/14164at5794.out --cpu 1 /home/inf-20-2025/Malaria/busco_downloads/lineages/apicomplexa_odb12/hmms/14164at5794.hmm /home/inf-20-2025/Malaria/Results/6_nobird_annotation/H_tartakovskyi.faa 
# Current dir:     /home/inf-20-2025/Malaria
# Date:            Wed Mar  4 18:30:06 2026
# [ok]
