#                                                                            --- full sequence --- -------------- this domain -------------   hmm coord   ali coord   env coord
# target name        accession   tlen query name           accession   qlen   E-value  score  bias   #  of  c-Evalue  i-Evalue  score  bias  from    to  from    to  from    to  acc description of target
#------------------- ---------- ----- -------------------- ---------- ----- --------- ------ ----- --- --- --------- --------- ------ ----- ----- ----- ----- ----- ----- ----- ---- ---------------------
1010_g               -            700 31354                -            541  2.1e-134  445.1  22.3   1   2  5.9e-118  2.1e-115  382.4  11.5     6   427    20   455    15   475 0.93 length=701	scaffold=contig01611	strand=-
1010_g               -            700 31354                -            541  2.1e-134  445.1  22.3   2   2   7.6e-23   2.7e-20   68.5   3.0   439   537   520   619   512   623 0.91 length=701	scaffold=contig01611	strand=-
393_g                -            754 31354                -            541   6.6e-20   67.2   2.9   1   2   1.6e-11   5.8e-09   31.1   0.5    30   146     8   120     1   157 0.76 length=755	scaffold=contig00559	strand=+	adjustedToFrame=3
393_g                -            754 31354                -            541   6.6e-20   67.2   2.9   2   2   4.7e-13   1.7e-10   36.1   0.1   396   518   367   494   350   520 0.84 length=755	scaffold=contig00559	strand=+	adjustedToFrame=3
22_g                 -            532 31354                -            541   4.3e-17   57.9   8.4   1   3   2.3e-14   8.3e-12   40.5   0.2    20   159    18   164     5   200 0.80 length=533	scaffold=contig00037	strand=-
22_g                 -            532 31354                -            541   4.3e-17   57.9   8.4   2   3      0.23        81   -2.4   0.2   295   358   222   283   216   286 0.69 length=533	scaffold=contig00037	strand=-
22_g                 -            532 31354                -            541   4.3e-17   57.9   8.4   3   3   6.3e-09   2.3e-06   22.5   0.3   382   521   370   514   347   529 0.82 length=533	scaffold=contig00037	strand=-
118_g                -            545 31354                -            541   1.6e-14   49.5   6.4   1   2   1.2e-10   4.3e-08   28.2   0.4    28   156    28   152     8   244 0.84 length=546	scaffold=contig00193	strand=+
118_g                -            545 31354                -            541   1.6e-14   49.5   6.4   2   2     2e-09   7.3e-07   24.2   1.0   390   524   380   520   372   537 0.78 length=546	scaffold=contig00193	strand=+
#
# Program:         hmmsearch
# Version:         3.4 (Aug 2023)
# Pipeline mode:   SEARCH
# Query file:      /home/inf-20-2025/Malaria/busco_downloads/lineages/apicomplexa_odb12/hmms/31354at5794.hmm
# Target file:     /home/inf-20-2025/Malaria/Results/6_nobird_annotation/H_tartakovskyi.faa
# Option settings: hmmsearch --domtblout Results/8_busco/H_tartakovskyi/run_apicomplexa_odb12/hmmer_output/initial_run_results/31354at5794.out --cpu 1 /home/inf-20-2025/Malaria/busco_downloads/lineages/apicomplexa_odb12/hmms/31354at5794.hmm /home/inf-20-2025/Malaria/Results/6_nobird_annotation/H_tartakovskyi.faa 
# Current dir:     /home/inf-20-2025/Malaria
# Date:            Wed Mar  4 18:30:04 2026
# [ok]
