#                                                                            --- full sequence --- -------------- this domain -------------   hmm coord   ali coord   env coord
# target name        accession   tlen query name           accession   qlen   E-value  score  bias   #  of  c-Evalue  i-Evalue  score  bias  from    to  from    to  from    to  acc description of target
#------------------- ---------- ----- -------------------- ---------- ----- --------- ------ ----- --- --- --------- --------- ------ ----- ----- ----- ----- ----- ----- ----- ---- ---------------------
610_g                -            513 31487                -            351     5e-58  193.2   4.0   1   3   6.9e-30     1e-27   93.6   0.0     3   161    33   209    31   219 0.83 length=513	scaffold=contig00892	strand=+
610_g                -            513 31487                -            351     5e-58  193.2   4.0   2   3   2.1e-06    0.0003   16.4   0.0   157   187   260   290   235   305 0.80 length=513	scaffold=contig00892	strand=+
610_g                -            513 31487                -            351     5e-58  193.2   4.0   3   3   4.4e-24   6.3e-22   74.5   0.7   185   341   324   513   317   513 0.73 length=513	scaffold=contig00892	strand=+
1106_g               -            362 31487                -            351   8.3e-33  110.3   7.8   1   4     2e-07   2.9e-05   19.7   0.0   141   181    67   107    61   113 0.88 length=363	scaffold=contig01777	strand=-
1106_g               -            362 31487                -            351   8.3e-33  110.3   7.8   2   4   3.8e-18   5.4e-16   55.0   0.8   139   225   108   196   103   202 0.90 length=363	scaffold=contig01777	strand=-
1106_g               -            362 31487                -            351   8.3e-33  110.3   7.8   3   4   1.7e-07   2.5e-05   19.9   0.3   102   179   197   272   193   278 0.90 length=363	scaffold=contig01777	strand=-
1106_g               -            362 31487                -            351   8.3e-33  110.3   7.8   4   4   3.5e-07     5e-05   18.9   0.0   104   175   289   359   273   362 0.82 length=363	scaffold=contig01777	strand=-
609_g                -            501 31487                -            351   1.2e-20   70.4   2.8   1   4   4.3e-05    0.0061   12.1   0.0   161   219   225   286   213   293 0.78 length=502	scaffold=contig00890	strand=-
609_g                -            501 31487                -            351   1.2e-20   70.4   2.8   2   4   1.3e-12   1.9e-10   36.8   0.4    97   220   246   375   234   380 0.82 length=502	scaffold=contig00890	strand=-
609_g                -            501 31487                -            351   1.2e-20   70.4   2.8   3   4   1.5e-10   2.1e-08   30.0   0.0   110   188   348   424   341   431 0.81 length=502	scaffold=contig00890	strand=-
609_g                -            501 31487                -            351   1.2e-20   70.4   2.8   4   4   0.00017     0.024   10.1   0.0   126   178   446   499   435   501 0.79 length=502	scaffold=contig00890	strand=-
783_g                -            327 31487                -            351   4.5e-14   48.7   0.6   1   3      0.01       1.5    4.2   0.0   147   217     8    80     4    85 0.72 length=328	scaffold=contig01189	strand=-
783_g                -            327 31487                -            351   4.5e-14   48.7   0.6   2   3    0.0002     0.028    9.9   0.0   229   291    65   135    47   145 0.75 length=328	scaffold=contig01189	strand=-
783_g                -            327 31487                -            351   4.5e-14   48.7   0.6   3   3   3.2e-10   4.6e-08   28.9   0.0   111   199   148   235   139   317 0.73 length=328	scaffold=contig01189	strand=-
1418_g               -            636 31487                -            351   2.8e-11   39.5   0.0   1   3   1.6e-07   2.3e-05   20.0   0.0   144   287    27    63     9    80 0.57 length=637	scaffold=contig02328	strand=-
1418_g               -            636 31487                -            351   2.8e-11   39.5   0.0   2   3   1.4e-05    0.0021   13.6   0.0   162   284   132   187   121   207 0.51 length=637	scaffold=contig02328	strand=-
1418_g               -            636 31487                -            351   2.8e-11   39.5   0.0   3   3       0.1        15    1.0   0.0   231   251   227   247   216   255 0.77 length=637	scaffold=contig02328	strand=-
1328_g               -            826 31487                -            351   1.5e-10   37.1  10.3   1   4   2.5e-07   3.5e-05   19.4   0.1   114   178    25    92     2   100 0.76 length=827	scaffold=contig02152	strand=-	adjustedToFrame=3
1328_g               -            826 31487                -            351   1.5e-10   37.1  10.3   2   4    0.0012      0.17    7.3   0.3   189   224   123   158   115   162 0.88 length=827	scaffold=contig02152	strand=-	adjustedToFrame=3
1328_g               -            826 31487                -            351   1.5e-10   37.1  10.3   3   4   0.00061     0.087    8.3   0.2   236   289   678   733   518   740 0.82 length=827	scaffold=contig02152	strand=-	adjustedToFrame=3
1328_g               -            826 31487                -            351   1.5e-10   37.1  10.3   4   4   0.00049     0.071    8.6   0.0   236   290   678   734   656   766 0.72 length=827	scaffold=contig02152	strand=-	adjustedToFrame=3
1200_g               -            341 31487                -            351   2.1e-10   36.6   3.6   1   2   5.9e-12   8.5e-10   34.6   0.3   111   223    33   148    28   155 0.88 length=342	scaffold=contig01930	strand=-
1200_g               -            341 31487                -            351   2.1e-10   36.6   3.6   2   2     0.034       4.9    2.5   0.2   152   219   205   277   159   312 0.59 length=342	scaffold=contig01930	strand=-
1195_g               -            656 31487                -            351   1.1e-09   34.2   0.3   1   5       1.1   1.5e+02   -2.4   0.3    90   127    89   128    57   144 0.67 length=656	scaffold=contig01924	strand=-
1195_g               -            656 31487                -            351   1.1e-09   34.2   0.3   2   5   7.8e-12   1.1e-09   34.2   0.3   235   345   196   296   184   298 0.74 length=656	scaffold=contig01924	strand=-
1195_g               -            656 31487                -            351   1.1e-09   34.2   0.3   3   5   6.8e-05    0.0098   11.4   0.3   184   226   260   305   252   315 0.77 length=656	scaffold=contig01924	strand=-
1195_g               -            656 31487                -            351   1.1e-09   34.2   0.3   4   5      0.34        49   -0.8   0.0   105   136   513   544   488   557 0.76 length=656	scaffold=contig01924	strand=-
1195_g               -            656 31487                -            351   1.1e-09   34.2   0.3   5   5       2.7   3.9e+02   -3.8   1.4    63    99   590   622   569   644 0.55 length=656	scaffold=contig01924	strand=-
322_g                -            467 31487                -            351   6.7e-07   25.1   0.1   1   2   1.7e-05    0.0024   13.4   0.1   119   182    86   148    64   163 0.77 length=468	scaffold=contig00458	strand=+
322_g                -            467 31487                -            351   6.7e-07   25.1   0.1   2   2   0.00034     0.049    9.1   0.0   267   308   170   211   155   214 0.77 length=468	scaffold=contig00458	strand=+
1268_g               -            265 31487                -            351   1.7e-05   20.5   0.0   1   3     0.065       9.3    1.6   0.0   153   181    63    91     6   102 0.71 length=265	scaffold=contig02040	strand=+
1268_g               -            265 31487                -            351   1.7e-05   20.5   0.0   2   3   1.2e-07   1.7e-05   20.5   0.0   248   300   103   155   100   158 0.92 length=265	scaffold=contig02040	strand=+
1268_g               -            265 31487                -            351   1.7e-05   20.5   0.0   3   3        10   1.4e+03   -6.1   2.9    74    96   174   196   169   205 0.64 length=265	scaffold=contig02040	strand=+
#
# Program:         hmmsearch
# Version:         3.4 (Aug 2023)
# Pipeline mode:   SEARCH
# Query file:      /home/inf-20-2025/Malaria/busco_downloads/lineages/apicomplexa_odb12/hmms/31487at5794.hmm
# Target file:     /home/inf-20-2025/Malaria/Results/6_nobird_annotation/H_tartakovskyi.faa
# Option settings: hmmsearch --domtblout Results/8_busco/H_tartakovskyi/run_apicomplexa_odb12/hmmer_output/initial_run_results/31487at5794.out --cpu 1 /home/inf-20-2025/Malaria/busco_downloads/lineages/apicomplexa_odb12/hmms/31487at5794.hmm /home/inf-20-2025/Malaria/Results/6_nobird_annotation/H_tartakovskyi.faa 
# Current dir:     /home/inf-20-2025/Malaria
# Date:            Wed Mar  4 18:30:04 2026
# [ok]
