#                                                                            --- full sequence --- -------------- this domain -------------   hmm coord   ali coord   env coord
# target name        accession   tlen query name           accession   qlen   E-value  score  bias   #  of  c-Evalue  i-Evalue  score  bias  from    to  from    to  from    to  acc description of target
#------------------- ---------- ----- -------------------- ---------- ----- --------- ------ ----- --- --- --------- --------- ------ ----- ----- ----- ----- ----- ----- ----- ---- ---------------------
141_g                -           2130 31775                -            318  3.8e-100  331.6  17.0   1  10   2.2e-89   3.2e-86  285.9   6.9     2   264     3   256     2   279 0.85 length=2130	scaffold=contig00217	strand=-
141_g                -           2130 31775                -            318  3.8e-100  331.6  17.0   2  10      0.87   1.2e+03   -5.2   4.0   210   272   316   376   289   400 0.50 length=2130	scaffold=contig00217	strand=-
141_g                -           2130 31775                -            318  3.8e-100  331.6  17.0   3  10   3.9e-06    0.0056   12.4   4.9   192   264   403   481   384   495 0.72 length=2130	scaffold=contig00217	strand=-
141_g                -           2130 31775                -            318  3.8e-100  331.6  17.0   4  10     4e-21   5.8e-18   61.6   2.4   244   318   544   618   516   618 0.83 length=2130	scaffold=contig00217	strand=-
141_g                -           2130 31775                -            318  3.8e-100  331.6  17.0   5  10       0.4   5.8e+02   -4.1   8.4   234   311  1059  1140   999  1146 0.69 length=2130	scaffold=contig00217	strand=-
141_g                -           2130 31775                -            318  3.8e-100  331.6  17.0   6  10         1   1.4e+03   -8.3   5.9   204   232  1192  1220  1154  1262 0.42 length=2130	scaffold=contig00217	strand=-
141_g                -           2130 31775                -            318  3.8e-100  331.6  17.0   7  10      0.09   1.3e+02   -2.0   4.6   221   267  1412  1458  1365  1489 0.72 length=2130	scaffold=contig00217	strand=-
141_g                -           2130 31775                -            318  3.8e-100  331.6  17.0   8  10         1   1.4e+03   -7.9   5.0   197   236  1678  1717  1663  1765 0.46 length=2130	scaffold=contig00217	strand=-
141_g                -           2130 31775                -            318  3.8e-100  331.6  17.0   9  10      0.54   7.8e+02   -4.5   0.2   251   260  1856  1861  1804  1892 0.56 length=2130	scaffold=contig00217	strand=-
141_g                -           2130 31775                -            318  3.8e-100  331.6  17.0  10  10      0.98   1.4e+03   -5.4   3.3   233   266  1991  2024  1945  2038 0.55 length=2130	scaffold=contig00217	strand=-
#
# Program:         hmmsearch
# Version:         3.4 (Aug 2023)
# Pipeline mode:   SEARCH
# Query file:      /home/inf-20-2025/Malaria/busco_downloads/lineages/apicomplexa_odb12/hmms/31775at5794.hmm
# Target file:     /home/inf-20-2025/Malaria/Results/6_nobird_annotation/H_tartakovskyi.faa
# Option settings: hmmsearch --domtblout Results/8_busco/H_tartakovskyi/run_apicomplexa_odb12/hmmer_output/initial_run_results/31775at5794.out --cpu 1 /home/inf-20-2025/Malaria/busco_downloads/lineages/apicomplexa_odb12/hmms/31775at5794.hmm /home/inf-20-2025/Malaria/Results/6_nobird_annotation/H_tartakovskyi.faa 
# Current dir:     /home/inf-20-2025/Malaria
# Date:            Wed Mar  4 18:30:04 2026
# [ok]
