#                                                                            --- full sequence --- -------------- this domain -------------   hmm coord   ali coord   env coord
# target name        accession   tlen query name           accession   qlen   E-value  score  bias   #  of  c-Evalue  i-Evalue  score  bias  from    to  from    to  from    to  acc description of target
#------------------- ---------- ----- -------------------- ---------- ----- --------- ------ ----- --- --- --------- --------- ------ ----- ----- ----- ----- ----- ----- ----- ---- ---------------------
238_g                -           1344 32662                -           1014         0 1592.2  59.6   1   3   1.7e-19     6e-17   57.1  30.1     1   235     1   237     1   258 0.71 length=1345	scaffold=contig00359	strand=-
238_g                -           1344 32662                -           1014         0 1592.2  59.6   2   3   5.7e-13   2.1e-10   35.5   6.1    80   207   257   394   242   412 0.68 length=1345	scaffold=contig00359	strand=-
238_g                -           1344 32662                -           1014         0 1592.2  59.6   3   3         0         0 1510.1  10.0   193  1013   428  1282   395  1283 0.93 length=1345	scaffold=contig00359	strand=-
148_g                -            933 32662                -           1014  7.9e-140  463.9  27.7   1   7   3.8e-12   1.3e-09   32.8   0.2   363   409     3    49     1    52 0.93 length=934	scaffold=contig00223	strand=-
148_g                -            933 32662                -           1014  7.9e-140  463.9  27.7   2   7   2.4e-55   8.5e-53  175.8   0.9   411   569    94   253    82   262 0.94 length=934	scaffold=contig00223	strand=-
148_g                -            933 32662                -           1014  7.9e-140  463.9  27.7   3   7         4   1.4e+03  -13.0  23.8    75   132   272   329   255   358 0.26 length=934	scaffold=contig00223	strand=-
148_g                -            933 32662                -           1014  7.9e-140  463.9  27.7   4   7   5.7e-07    0.0002   15.6   0.1   569   600   359   390   354   401 0.86 length=934	scaffold=contig00223	strand=-
148_g                -            933 32662                -           1014  7.9e-140  463.9  27.7   5   7   1.4e-63     5e-61  203.0   0.5   606   819   465   668   452   671 0.97 length=934	scaffold=contig00223	strand=-
148_g                -            933 32662                -           1014  7.9e-140  463.9  27.7   6   7         4   1.4e+03  -11.3  21.1    80   136   690   750   668   765 0.29 length=934	scaffold=contig00223	strand=-
148_g                -            933 32662                -           1014  7.9e-140  463.9  27.7   7   7   2.6e-28   9.2e-26   86.3   4.5   823   981   762   929   757   933 0.87 length=934	scaffold=contig00223	strand=-
380_g                -           1402 32662                -           1014   1.3e-64  214.8  54.4   1   5       2.5     9e+02   -6.4  14.2    94   217    25   147     2   173 0.63 length=1403	scaffold=contig00546	strand=+
380_g                -           1402 32662                -           1014   1.3e-64  214.8  54.4   2   5   4.9e-51   1.7e-48  161.5  51.6    34   588    81   662    51   670 0.62 length=1403	scaffold=contig00546	strand=+
380_g                -           1402 32662                -           1014   1.3e-64  214.8  54.4   3   5         4   1.4e+03  -16.1  33.0    65   264   663   860   660   872 0.42 length=1403	scaffold=contig00546	strand=+
380_g                -           1402 32662                -           1014   1.3e-64  214.8  54.4   4   5   1.7e-21   6.2e-19   63.7   0.0   594   694   876   978   857  1070 0.68 length=1403	scaffold=contig00546	strand=+
380_g                -           1402 32662                -           1014   1.3e-64  214.8  54.4   5   5     0.019         7    0.6  17.0    70   199  1169  1279  1136  1338 0.49 length=1403	scaffold=contig00546	strand=+
482_g                -            220 32662                -           1014       4.4    1.3  25.2   1   1     0.016       5.8    0.9  25.2    48   219    31   207    11   214 0.61 length=221	scaffold=contig00685	strand=+
#
# Program:         hmmsearch
# Version:         3.4 (Aug 2023)
# Pipeline mode:   SEARCH
# Query file:      /home/inf-20-2025/Malaria/busco_downloads/lineages/apicomplexa_odb12/hmms/32662at5794.hmm
# Target file:     /home/inf-20-2025/Malaria/Results/6_nobird_annotation/H_tartakovskyi.faa
# Option settings: hmmsearch --domtblout Results/8_busco/H_tartakovskyi/run_apicomplexa_odb12/hmmer_output/initial_run_results/32662at5794.out --cpu 1 /home/inf-20-2025/Malaria/busco_downloads/lineages/apicomplexa_odb12/hmms/32662at5794.hmm /home/inf-20-2025/Malaria/Results/6_nobird_annotation/H_tartakovskyi.faa 
# Current dir:     /home/inf-20-2025/Malaria
# Date:            Wed Mar  4 18:30:08 2026
# [ok]
