#                                                                            --- full sequence --- -------------- this domain -------------   hmm coord   ali coord   env coord
# target name        accession   tlen query name           accession   qlen   E-value  score  bias   #  of  c-Evalue  i-Evalue  score  bias  from    to  from    to  from    to  acc description of target
#------------------- ---------- ----- -------------------- ---------- ----- --------- ------ ----- --- --- --------- --------- ------ ----- ----- ----- ----- ----- ----- ----- ---- ---------------------
698_g                -           1274 33274                -           1015  2.3e-156  518.6 194.5   1   7    0.0032       2.3    2.2  31.7   185   344     1   177     1   184 0.69 length=1275	scaffold=contig01033	strand=-
698_g                -           1274 33274                -           1015  2.3e-156  518.6 194.5   2   7   1.6e-05     0.011    9.8  38.0   186   366   129   313   123   321 0.64 length=1275	scaffold=contig01033	strand=-
698_g                -           1274 33274                -           1015  2.3e-156  518.6 194.5   3   7   2.6e-34   1.9e-31  105.1   6.9   336   470   311   452   306   458 0.89 length=1275	scaffold=contig01033	strand=-
698_g                -           1274 33274                -           1015  2.3e-156  518.6 194.5   4   7         2   1.4e+03  -12.3  19.6   181   728   468   534   450   546 0.24 length=1275	scaffold=contig01033	strand=-
698_g                -           1274 33274                -           1015  2.3e-156  518.6 194.5   5   7   1.3e-36   9.5e-34  112.7  48.0   462   741   535   844   525   845 0.85 length=1275	scaffold=contig01033	strand=-
698_g                -           1274 33274                -           1015  2.3e-156  518.6 194.5   6   7   3.7e-08   2.7e-05   18.5  17.1   683   826   810   959   806   964 0.87 length=1275	scaffold=contig01033	strand=-
698_g                -           1274 33274                -           1015  2.3e-156  518.6 194.5   7   7   9.8e-97   7.1e-94  311.7  16.9   760  1014  1015  1271   967  1272 0.82 length=1275	scaffold=contig01033	strand=-
855_g                -           1186 33274                -           1015   8.8e-33  109.5 101.7   1   5     0.091        65   -2.6   0.0    25    36     8    19     3    60 0.87 length=1186	scaffold=contig01325	strand=-	adjustedToFrame=2
855_g                -           1186 33274                -           1015   8.8e-33  109.5 101.7   2   5   8.6e-09   6.2e-06   20.6  39.5    71   401    89   416    80   428 0.79 length=1186	scaffold=contig01325	strand=-	adjustedToFrame=2
855_g                -           1186 33274                -           1015   8.8e-33  109.5 101.7   3   5   5.2e-07   0.00037   14.7  43.6   149   455   244   565   240   567 0.64 length=1186	scaffold=contig01325	strand=-	adjustedToFrame=2
855_g                -           1186 33274                -           1015   8.8e-33  109.5 101.7   4   5   1.7e-12   1.2e-09   32.9  30.3   472   900   609  1036   578  1040 0.65 length=1186	scaffold=contig01325	strand=-	adjustedToFrame=2
855_g                -           1186 33274                -           1015   8.8e-33  109.5 101.7   5   5     1e-18   7.3e-16   53.5   0.0   911   987  1073  1152  1053  1159 0.87 length=1186	scaffold=contig01325	strand=-	adjustedToFrame=2
#
# Program:         hmmsearch
# Version:         3.4 (Aug 2023)
# Pipeline mode:   SEARCH
# Query file:      /home/inf-20-2025/Malaria/busco_downloads/lineages/apicomplexa_odb12/hmms/33274at5794.hmm
# Target file:     /home/inf-20-2025/Malaria/Results/6_nobird_annotation/H_tartakovskyi.faa
# Option settings: hmmsearch --domtblout Results/8_busco/H_tartakovskyi/run_apicomplexa_odb12/hmmer_output/initial_run_results/33274at5794.out --cpu 1 /home/inf-20-2025/Malaria/busco_downloads/lineages/apicomplexa_odb12/hmms/33274at5794.hmm /home/inf-20-2025/Malaria/Results/6_nobird_annotation/H_tartakovskyi.faa 
# Current dir:     /home/inf-20-2025/Malaria
# Date:            Wed Mar  4 18:30:06 2026
# [ok]
