#                                                                            --- full sequence --- -------------- this domain -------------   hmm coord   ali coord   env coord
# target name        accession   tlen query name           accession   qlen   E-value  score  bias   #  of  c-Evalue  i-Evalue  score  bias  from    to  from    to  from    to  acc description of target
#------------------- ---------- ----- -------------------- ---------- ----- --------- ------ ----- --- --- --------- --------- ------ ----- ----- ----- ----- ----- ----- ----- ---- ---------------------
1225_g               -            345 33293                -            216   4.8e-18   61.9   3.3   1   2   2.3e-20   4.8e-18   61.9   3.3     4   112    60   170    54   182 0.83 length=345	scaffold=contig01966	strand=-	adjustedToFrame=2
1225_g               -            345 33293                -            216   4.8e-18   61.9   3.3   2   2       1.4   2.9e+02   -2.8   0.2    48    71   316   339   312   341 0.79 length=345	scaffold=contig01966	strand=-	adjustedToFrame=2
173_g                -            512 33293                -            216   1.3e-14   50.6   2.6   1   4   6.5e-17   1.3e-14   50.6   2.6     9   117   134   242   131   247 0.82 length=513	scaffold=contig00259	strand=-
173_g                -            512 33293                -            216   1.3e-14   50.6   2.6   2   4       2.3   4.8e+02   -3.5   4.9   119   142   290   313   273   345 0.44 length=513	scaffold=contig00259	strand=-
173_g                -            512 33293                -            216   1.3e-14   50.6   2.6   3   4       1.4   2.9e+02   -2.8   0.3   173   188   402   417   392   434 0.52 length=513	scaffold=contig00259	strand=-
173_g                -            512 33293                -            216   1.3e-14   50.6   2.6   4   4       1.7   3.4e+02   -3.0   0.3   115   137   474   494   450   507 0.61 length=513	scaffold=contig00259	strand=-
446_g                -            354 33293                -            216   2.1e-13   46.7   0.3   1   2   3.3e-15   6.8e-13   45.1   0.3    49   124    21    96    16   102 0.91 length=354	scaffold=contig00628	strand=+	adjustedToFrame=3
446_g                -            354 33293                -            216   2.1e-13   46.7   0.3   2   2       1.2   2.6e+02   -2.6   0.0     8    45   281   318   280   321 0.82 length=354	scaffold=contig00628	strand=+	adjustedToFrame=3
468_g                -            221 33293                -            216   1.1e-12   44.4   0.6   1   1   9.8e-15     2e-12   43.5   0.6    46   112    40   108    16   113 0.85 length=221	scaffold=contig00669	strand=-
293_g                -            376 33293                -            216   2.6e-12   43.1   0.8   1   1   2.3e-14   4.7e-12   42.3   0.8    46   112    51   117    46   123 0.94 length=377	scaffold=contig00417	strand=-
1406_g               -            327 33293                -            216   1.5e-11   40.7   0.3   1   2   7.3e-13   1.5e-10   37.4   0.4    51   112     2    67     1    75 0.88 length=328	scaffold=contig02293	strand=+
1406_g               -            327 33293                -            216   1.5e-11   40.7   0.3   2   2      0.13        26    0.7   0.0    90   113   221   244   214   260 0.87 length=328	scaffold=contig02293	strand=+
796_g                -            163 33293                -            216   3.6e-09   32.9  19.4   1   1   2.8e-09   5.7e-07   25.7  19.4    24   124    18   114     9   161 0.75 length=163	scaffold=contig01216	strand=-	adjustedToFrame=3
#
# Program:         hmmsearch
# Version:         3.4 (Aug 2023)
# Pipeline mode:   SEARCH
# Query file:      /home/inf-20-2025/Malaria/busco_downloads/lineages/apicomplexa_odb12/hmms/33293at5794.hmm
# Target file:     /home/inf-20-2025/Malaria/Results/6_nobird_annotation/H_tartakovskyi.faa
# Option settings: hmmsearch --domtblout Results/8_busco/H_tartakovskyi/run_apicomplexa_odb12/hmmer_output/initial_run_results/33293at5794.out --cpu 1 /home/inf-20-2025/Malaria/busco_downloads/lineages/apicomplexa_odb12/hmms/33293at5794.hmm /home/inf-20-2025/Malaria/Results/6_nobird_annotation/H_tartakovskyi.faa 
# Current dir:     /home/inf-20-2025/Malaria
# Date:            Wed Mar  4 18:30:07 2026
# [ok]
