#                                                                            --- full sequence --- -------------- this domain -------------   hmm coord   ali coord   env coord
# target name        accession   tlen query name           accession   qlen   E-value  score  bias   #  of  c-Evalue  i-Evalue  score  bias  from    to  from    to  from    to  acc description of target
#------------------- ---------- ----- -------------------- ---------- ----- --------- ------ ----- --- --- --------- --------- ------ ----- ----- ----- ----- ----- ----- ----- ---- ---------------------
92_g                 -            294 37207                -            172     2e-55  183.5   7.1   1   3       1.9   9.2e+02   -4.3   8.1    52    82    55    84    38    94 0.37 length=295	scaffold=contig00148	strand=+
92_g                 -            294 37207                -            172     2e-55  183.5   7.1   2   3       2.1   9.9e+02   -4.3  10.3    42    88    85   131    79   136 0.71 length=295	scaffold=contig00148	strand=+
92_g                 -            294 37207                -            172     2e-55  183.5   7.1   3   3   4.1e-58     2e-55  183.5   7.1     9   172   136   294   131   294 0.92 length=295	scaffold=contig00148	strand=+
799_g                -            845 37207                -            172     2e-09   33.7   0.0   1   7       2.8   1.3e+03   -4.8   6.1    56    82   191   217   173   223 0.37 length=846	scaffold=contig01222	strand=-
799_g                -            845 37207                -            172     2e-09   33.7   0.0   2   7         3   1.4e+03  -10.1  14.5    64    91   231   258   211   289 0.44 length=846	scaffold=contig01222	strand=-
799_g                -            845 37207                -            172     2e-09   33.7   0.0   3   7      0.33   1.6e+02   -1.7   1.8    57    97   287   326   272   331 0.55 length=846	scaffold=contig01222	strand=-
799_g                -            845 37207                -            172     2e-09   33.7   0.0   4   7      0.45   2.2e+02   -2.2   0.2   144   144   382   382   332   426 0.59 length=846	scaffold=contig01222	strand=-
799_g                -            845 37207                -            172     2e-09   33.7   0.0   5   7      0.38   1.8e+02   -1.9   0.4    59    81   423   444   401   451 0.41 length=846	scaffold=contig01222	strand=-
799_g                -            845 37207                -            172     2e-09   33.7   0.0   6   7       1.2   5.8e+02   -3.6   5.8    47    82   596   631   586   643 0.47 length=846	scaffold=contig01222	strand=-
799_g                -            845 37207                -            172     2e-09   33.7   0.0   7   7   4.2e-12     2e-09   33.7   0.0    97   169   769   841   752   843 0.93 length=846	scaffold=contig01222	strand=-
475_g                -            114 37207                -            172   0.00027   17.0   3.1   1   1   7.5e-07   0.00036   16.6   3.1    50   111    47   109    19   113 0.69 length=115	scaffold=contig00677	strand=-	adjustedToFrame=3
#
# Program:         hmmsearch
# Version:         3.4 (Aug 2023)
# Pipeline mode:   SEARCH
# Query file:      /home/inf-20-2025/Malaria/busco_downloads/lineages/apicomplexa_odb12/hmms/37207at5794.hmm
# Target file:     /home/inf-20-2025/Malaria/Results/6_nobird_annotation/H_tartakovskyi.faa
# Option settings: hmmsearch --domtblout Results/8_busco/H_tartakovskyi/run_apicomplexa_odb12/hmmer_output/initial_run_results/37207at5794.out --cpu 1 /home/inf-20-2025/Malaria/busco_downloads/lineages/apicomplexa_odb12/hmms/37207at5794.hmm /home/inf-20-2025/Malaria/Results/6_nobird_annotation/H_tartakovskyi.faa 
# Current dir:     /home/inf-20-2025/Malaria
# Date:            Wed Mar  4 18:30:06 2026
# [ok]
