#                                                                            --- full sequence --- -------------- this domain -------------   hmm coord   ali coord   env coord
# target name        accession   tlen query name           accession   qlen   E-value  score  bias   #  of  c-Evalue  i-Evalue  score  bias  from    to  from    to  from    to  acc description of target
#------------------- ---------- ----- -------------------- ---------- ----- --------- ------ ----- --- --- --------- --------- ------ ----- ----- ----- ----- ----- ----- ----- ---- ---------------------
611_g                -            111 40821                -            185   1.7e-16   56.3   2.6   1   2   5.9e-12   2.8e-09   32.8   0.1     3    52     8    63     6    67 0.86 length=112	scaffold=contig00894	strand=+
611_g                -            111 40821                -            185   1.7e-16   56.3   2.6   2   2   2.3e-09   1.1e-06   24.3   0.3    44    69    79   104    61   109 0.72 length=112	scaffold=contig00894	strand=+
749_g                -           1052 40821                -            185   1.2e-13   47.1  13.1   1   4   1.5e-10     7e-08   28.2   0.6     5   105    18   123    14   129 0.82 length=1053	scaffold=contig01124	strand=-
749_g                -           1052 40821                -            185   1.2e-13   47.1  13.1   2   4   2.7e-09   1.3e-06   24.1   0.1    92   160   139   206   131   211 0.88 length=1053	scaffold=contig01124	strand=-
749_g                -           1052 40821                -            185   1.2e-13   47.1  13.1   3   4     0.041        20    0.7   0.0   160   178   252   270   235   277 0.74 length=1053	scaffold=contig01124	strand=-
749_g                -           1052 40821                -            185   1.2e-13   47.1  13.1   4   4      0.31   1.5e+02   -2.2   0.8    26    60   859   893   848   897 0.87 length=1053	scaffold=contig01124	strand=-
824_g                -            312 40821                -            185   0.00099   14.7   0.6   1   2   6.4e-06    0.0031   13.1   0.1    39    94     9    64     2   118 0.78 length=313	scaffold=contig01263	strand=+	adjustedToFrame=3
824_g                -            312 40821                -            185   0.00099   14.7   0.6   2   2      0.11        51   -0.7   0.1    71    99   281   309   278   312 0.80 length=313	scaffold=contig01263	strand=+	adjustedToFrame=3
#
# Program:         hmmsearch
# Version:         3.4 (Aug 2023)
# Pipeline mode:   SEARCH
# Query file:      /home/inf-20-2025/Malaria/busco_downloads/lineages/apicomplexa_odb12/hmms/40821at5794.hmm
# Target file:     /home/inf-20-2025/Malaria/Results/6_nobird_annotation/H_tartakovskyi.faa
# Option settings: hmmsearch --domtblout Results/8_busco/H_tartakovskyi/run_apicomplexa_odb12/hmmer_output/initial_run_results/40821at5794.out --cpu 1 /home/inf-20-2025/Malaria/busco_downloads/lineages/apicomplexa_odb12/hmms/40821at5794.hmm /home/inf-20-2025/Malaria/Results/6_nobird_annotation/H_tartakovskyi.faa 
# Current dir:     /home/inf-20-2025/Malaria
# Date:            Wed Mar  4 18:30:06 2026
# [ok]
