#                                                                            --- full sequence --- -------------- this domain -------------   hmm coord   ali coord   env coord
# target name        accession   tlen query name           accession   qlen   E-value  score  bias   #  of  c-Evalue  i-Evalue  score  bias  from    to  from    to  from    to  acc description of target
#------------------- ---------- ----- -------------------- ---------- ----- --------- ------ ----- --- --- --------- --------- ------ ----- ----- ----- ----- ----- ----- ----- ---- ---------------------
609_g                -            501 68689                -            310     8e-32  107.0   1.3   1   3   1.8e-17   2.3e-15   52.9   0.2    79   221   228   373   213   377 0.88 length=502	scaffold=contig00890	strand=-
609_g                -            501 68689                -            310     8e-32  107.0   1.3   2   3   2.5e-11   3.3e-09   32.7   0.0   184   270   378   464   373   465 0.96 length=502	scaffold=contig00890	strand=-
609_g                -            501 68689                -            310     8e-32  107.0   1.3   3   3   5.7e-09   7.4e-07   24.9   0.0    68   136   430   500   423   501 0.73 length=502	scaffold=contig00890	strand=-
1106_g               -            362 68689                -            310   2.3e-31  105.4   4.4   1   3   7.7e-06     0.001   14.6   0.0   103   140    72   109    67   112 0.91 length=363	scaffold=contig01777	strand=-
1106_g               -            362 68689                -            310   2.3e-31  105.4   4.4   2   3     3e-24   3.9e-22   75.1   3.1    58   221   112   272   109   285 0.90 length=363	scaffold=contig01777	strand=-
1106_g               -            362 68689                -            310   2.3e-31  105.4   4.4   3   3   1.6e-05    0.0021   13.6   0.0    78   131   305   358   290   361 0.88 length=363	scaffold=contig01777	strand=-
165_g                -            533 68689                -            310   1.4e-21   73.3   2.6   1   4   1.6e-11   2.1e-09   33.3   0.2    58   135    62   140    46   151 0.90 length=534	scaffold=contig00255	strand=-
165_g                -            533 68689                -            310   1.4e-21   73.3   2.6   2   4      0.06       7.8    1.9   0.0    73   124   248   301   218   320 0.74 length=534	scaffold=contig00255	strand=-
165_g                -            533 68689                -            310   1.4e-21   73.3   2.6   3   4      0.92   1.2e+02   -2.0   0.0   282   308   328   355   303   357 0.66 length=534	scaffold=contig00255	strand=-
165_g                -            533 68689                -            310   1.4e-21   73.3   2.6   4   4   3.1e-12     4e-10   35.7   0.1    62   141   367   447   358   456 0.88 length=534	scaffold=contig00255	strand=-
783_g                -            327 68689                -            310   5.9e-16   54.8   3.7   1   4   2.7e-08   3.6e-06   22.7   0.0    56   166     2   112     1   129 0.76 length=328	scaffold=contig01189	strand=-
783_g                -            327 68689                -            310   5.9e-16   54.8   3.7   2   4     0.053       6.9    2.0   0.2   247   282   117   151   113   168 0.79 length=328	scaffold=contig01189	strand=-
783_g                -            327 68689                -            310   5.9e-16   54.8   3.7   3   4   1.9e-06   0.00025   16.6   0.2    91   136   169   214   154   253 0.84 length=328	scaffold=contig01189	strand=-
783_g                -            327 68689                -            310   5.9e-16   54.8   3.7   4   4   3.8e-05     0.005   12.4   0.0   186   220   283   317   273   323 0.90 length=328	scaffold=contig01189	strand=-
1328_g               -            826 68689                -            310   3.5e-12   42.5   1.0   1   3   1.3e-07   1.7e-05   20.4   0.0   162   219    28    91    24   101 0.79 length=827	scaffold=contig02152	strand=-	adjustedToFrame=3
1328_g               -            826 68689                -            310   3.5e-12   42.5   1.0   2   3   4.2e-06   0.00055   15.5   0.3    66   140   125   200   117   211 0.81 length=827	scaffold=contig02152	strand=-	adjustedToFrame=3
1328_g               -            826 68689                -            310   3.5e-12   42.5   1.0   3   3     0.038         5    2.5   0.0   190   306   700   728   666   750 0.69 length=827	scaffold=contig02152	strand=-	adjustedToFrame=3
1174_g               -            895 68689                -            310   3.6e-12   42.4  19.1   1   4    0.0038       0.5    5.8   4.5   163   224   172   233    34   243 0.74 length=896	scaffold=contig01895	strand=-	adjustedToFrame=2
1174_g               -            895 68689                -            310   3.6e-12   42.4  19.1   2   4    0.0025      0.33    6.4   0.1   118   148   280   310   262   311 0.86 length=896	scaffold=contig01895	strand=-	adjustedToFrame=2
1174_g               -            895 68689                -            310   3.6e-12   42.4  19.1   3   4     5e-13   6.5e-11   38.3   1.5    31   135   284   380   276   390 0.80 length=896	scaffold=contig01895	strand=-	adjustedToFrame=2
1174_g               -            895 68689                -            310   3.6e-12   42.4  19.1   4   4     0.029       3.8    2.9   0.2   244   277   426   459   407   467 0.76 length=896	scaffold=contig01895	strand=-	adjustedToFrame=2
322_g                -            467 68689                -            310   1.6e-11   40.3   2.7   1   1   9.6e-13   1.3e-10   37.3   2.3    65   186    72   196    62   256 0.85 length=468	scaffold=contig00458	strand=+
1418_g               -            636 68689                -            310   1.3e-09   34.0   0.5   1   2   8.5e-11   1.1e-08   30.9   0.2    87   268    13   197     7   212 0.76 length=637	scaffold=contig02328	strand=-
1418_g               -            636 68689                -            310   1.3e-09   34.0   0.5   2   2      0.63        82   -1.5   0.0    73    96   216   243   213   251 0.60 length=637	scaffold=contig02328	strand=-
1195_g               -            656 68689                -            310   3.8e-07   25.9   3.9   1   2     6e-07   7.8e-05   18.3   1.9   148   225   218   301   170   316 0.77 length=656	scaffold=contig01924	strand=-
1195_g               -            656 68689                -            310   3.8e-07   25.9   3.9   2   2    0.0024      0.31    6.5   0.0   140   260   418   542   413   572 0.72 length=656	scaffold=contig01924	strand=-
610_g                -            513 68689                -            310   2.7e-06   23.1   2.7   1   2   0.00046     0.061    8.8   0.2   183   226   245   287   218   348 0.70 length=513	scaffold=contig00892	strand=+
610_g                -            513 68689                -            310   2.7e-06   23.1   2.7   2   2   1.3e-05    0.0017   13.9   0.2   153   227   382   458   352   468 0.74 length=513	scaffold=contig00892	strand=+
1200_g               -            341 68689                -            310   2.7e-05   19.8   3.2   1   2   2.9e-07   3.8e-05   19.3   1.5    52   182    61   191    45   202 0.75 length=342	scaffold=contig01930	strand=-
1200_g               -            341 68689                -            310   2.7e-05   19.8   3.2   2   2      0.54        70   -1.3   0.0   164   208   261   307   241   322 0.56 length=342	scaffold=contig01930	strand=-
#
# Program:         hmmsearch
# Version:         3.4 (Aug 2023)
# Pipeline mode:   SEARCH
# Query file:      /home/inf-20-2025/Malaria/busco_downloads/lineages/apicomplexa_odb12/hmms/68689at5794.hmm
# Target file:     /home/inf-20-2025/Malaria/Results/6_nobird_annotation/H_tartakovskyi.faa
# Option settings: hmmsearch --domtblout Results/8_busco/H_tartakovskyi/run_apicomplexa_odb12/hmmer_output/initial_run_results/68689at5794.out --cpu 1 /home/inf-20-2025/Malaria/busco_downloads/lineages/apicomplexa_odb12/hmms/68689at5794.hmm /home/inf-20-2025/Malaria/Results/6_nobird_annotation/H_tartakovskyi.faa 
# Current dir:     /home/inf-20-2025/Malaria
# Date:            Wed Mar  4 18:30:08 2026
# [ok]
