#                                                                            --- full sequence --- -------------- this domain -------------   hmm coord   ali coord   env coord
# target name        accession   tlen query name           accession   qlen   E-value  score  bias   #  of  c-Evalue  i-Evalue  score  bias  from    to  from    to  from    to  acc description of target
#------------------- ---------- ----- -------------------- ---------- ----- --------- ------ ----- --- --- --------- --------- ------ ----- ----- ----- ----- ----- ----- ----- ---- ---------------------
783_g                -            327 68721                -            322  1.1e-147  487.4   0.1   1   1  7.9e-150  1.3e-147  487.2   0.1     1   321     1   323     1   324 0.99 length=328	scaffold=contig01189	strand=-
609_g                -            501 68721                -            322   8.7e-25   83.6   2.8   1   5   1.1e-07   1.7e-05   20.2   0.1   151   221   220   296   183   315 0.80 length=502	scaffold=contig00890	strand=-
609_g                -            501 68721                -            322   8.7e-25   83.6   2.8   2   5   3.9e-05    0.0062   11.8   0.1   156   219   271   338   270   341 0.88 length=502	scaffold=contig00890	strand=-
609_g                -            501 68721                -            322   8.7e-25   83.6   2.8   3   5   2.5e-08     4e-06   22.3   0.0   269   316   326   373   323   380 0.92 length=502	scaffold=contig00890	strand=-
609_g                -            501 68721                -            322   8.7e-25   83.6   2.8   4   5   5.1e-08   8.2e-06   21.2   0.0   176   221   379   424   371   431 0.87 length=502	scaffold=contig00890	strand=-
609_g                -            501 68721                -            322   8.7e-25   83.6   2.8   5   5   9.2e-07   0.00015   17.1   0.0   163   211   448   499   434   501 0.80 length=502	scaffold=contig00890	strand=-
1106_g               -            362 68721                -            322     3e-22   75.3   2.6   1   4   0.00024     0.039    9.1   0.1   178   211    71   104    52   113 0.85 length=363	scaffold=contig01777	strand=-
1106_g               -            362 68721                -            322     3e-22   75.3   2.6   2   4   1.9e-15   3.1e-13   45.6   0.5   131   228   109   205    99   212 0.90 length=363	scaffold=contig01777	strand=-
1106_g               -            362 68721                -            322     3e-22   75.3   2.6   3   4   9.3e-05     0.015   10.5   0.0   154   216   214   276   210   282 0.89 length=363	scaffold=contig01777	strand=-
1106_g               -            362 68721                -            322     3e-22   75.3   2.6   4   4   0.00069      0.11    7.7   0.0   160   207   311   358   297   362 0.85 length=363	scaffold=contig01777	strand=-
165_g                -            533 68721                -            322     3e-14   48.9   4.4   1   2   2.6e-10   4.2e-08   28.8   0.4   155   218    84   147    60   174 0.89 length=534	scaffold=contig00255	strand=-
165_g                -            533 68721                -            322     3e-14   48.9   4.4   2   2   4.7e-08   7.5e-06   21.4   0.3    32   227   263   459   243   466 0.84 length=534	scaffold=contig00255	strand=-
610_g                -            513 68721                -            322   1.3e-12   43.6   0.6   1   3      0.65     1e+02   -2.1   0.0   154   170   159   175   148   180 0.86 length=513	scaffold=contig00892	strand=+
610_g                -            513 68721                -            322   1.3e-12   43.6   0.6   2   3    0.0015      0.24    6.6   0.0   147   175   259   287   227   307 0.71 length=513	scaffold=contig00892	strand=+
610_g                -            513 68721                -            322   1.3e-12   43.6   0.6   3   3   1.1e-11   1.8e-09   33.3   0.4   150   212   388   452   368   467 0.88 length=513	scaffold=contig00892	strand=+
1328_g               -            826 68721                -            322   1.1e-11   40.5   7.1   1   4       0.3        47   -1.0   0.0   190   211    24    45    15    55 0.71 length=827	scaffold=contig02152	strand=-	adjustedToFrame=3
1328_g               -            826 68721                -            322   1.1e-11   40.5   7.1   2   4   1.3e-06   0.00021   16.6   0.1   277   313    54    90    45    95 0.90 length=827	scaffold=contig02152	strand=-	adjustedToFrame=3
1328_g               -            826 68721                -            322   1.1e-11   40.5   7.1   3   4   4.7e-06   0.00075   14.8   0.5   147   211   130   195   110   216 0.78 length=827	scaffold=contig02152	strand=-	adjustedToFrame=3
1328_g               -            826 68721                -            322   1.1e-11   40.5   7.1   4   4   0.00015     0.024    9.8   0.1   284   318   699   733   675   736 0.89 length=827	scaffold=contig02152	strand=-	adjustedToFrame=3
1174_g               -            895 68721                -            322   4.5e-10   35.2  11.0   1   4    0.0086       1.4    4.1   0.1   151   175    36    58    33    84 0.79 length=896	scaffold=contig01895	strand=-	adjustedToFrame=2
1174_g               -            895 68721                -            322   4.5e-10   35.2  11.0   2   4     0.009       1.4    4.0   0.2   120   177   181   237   163   251 0.66 length=896	scaffold=contig01895	strand=-	adjustedToFrame=2
1174_g               -            895 68721                -            322   4.5e-10   35.2  11.0   3   4   2.4e-06   0.00038   15.8   0.4   151   221   279   348   254   349 0.80 length=896	scaffold=contig01895	strand=-	adjustedToFrame=2
1174_g               -            895 68721                -            322   4.5e-10   35.2  11.0   4   4   3.4e-10   5.4e-08   28.4   2.2   118   215   287   384   283   392 0.85 length=896	scaffold=contig01895	strand=-	adjustedToFrame=2
1418_g               -            636 68721                -            322     3e-06   22.7   0.0   1   2   4.1e-05    0.0065   11.7   0.0   162   215    12    66     8    77 0.87 length=637	scaffold=contig02328	strand=-
1418_g               -            636 68721                -            322     3e-06   22.7   0.0   2   2    0.0004     0.064    8.4   0.0    24   135   133   247   122   307 0.69 length=637	scaffold=contig02328	strand=-
322_g                -            467 68721                -            322   9.8e-06   21.0   0.8   1   2   1.8e-07   2.9e-05   19.4   0.2   158   223    91   158    82   180 0.82 length=468	scaffold=contig00458	strand=+
322_g                -            467 68721                -            322   9.8e-06   21.0   0.8   2   2      0.57        91   -1.9   0.0   300   317   174   191   163   195 0.73 length=468	scaffold=contig00458	strand=+
#
# Program:         hmmsearch
# Version:         3.4 (Aug 2023)
# Pipeline mode:   SEARCH
# Query file:      /home/inf-20-2025/Malaria/busco_downloads/lineages/apicomplexa_odb12/hmms/68721at5794.hmm
# Target file:     /home/inf-20-2025/Malaria/Results/6_nobird_annotation/H_tartakovskyi.faa
# Option settings: hmmsearch --domtblout Results/8_busco/H_tartakovskyi/run_apicomplexa_odb12/hmmer_output/initial_run_results/68721at5794.out --cpu 1 /home/inf-20-2025/Malaria/busco_downloads/lineages/apicomplexa_odb12/hmms/68721at5794.hmm /home/inf-20-2025/Malaria/Results/6_nobird_annotation/H_tartakovskyi.faa 
# Current dir:     /home/inf-20-2025/Malaria
# Date:            Wed Mar  4 18:30:07 2026
# [ok]
