#                                                                            --- full sequence --- -------------- this domain -------------   hmm coord   ali coord   env coord
# target name        accession   tlen query name           accession   qlen   E-value  score  bias   #  of  c-Evalue  i-Evalue  score  bias  from    to  from    to  from    to  acc description of target
#------------------- ---------- ----- -------------------- ---------- ----- --------- ------ ----- --- --- --------- --------- ------ ----- ----- ----- ----- ----- ----- ----- ---- ---------------------
613_g                -            290 68893                -            262   1.6e-72  240.5  29.8   1   1   5.5e-75     2e-72  240.2  29.8     3   225    64   290    62   290 0.95 length=290	scaffold=contig00898	strand=+
1078_g               -            489 68893                -            262   2.5e-26   89.0  33.4   1   2       3.7   1.3e+03   -5.1   3.3   104   104    72    72    27   115 0.50 length=489	scaffold=contig01734	strand=+	adjustedToFrame=3
1078_g               -            489 68893                -            262   2.5e-26   89.0  33.4   2   2     7e-29   2.5e-26   89.0  33.4     5   231   246   488   243   489 0.86 length=489	scaffold=contig01734	strand=+	adjustedToFrame=3
895_g                -            318 68893                -            262   7.7e-08   28.4   3.1   1   2      0.62   2.2e+02   -2.6   5.7    25   118    19   117     7   126 0.62 length=318	scaffold=contig01407	strand=-	adjustedToFrame=2
895_g                -            318 68893                -            262   7.7e-08   28.4   3.1   2   2   2.1e-10   7.7e-08   28.4   3.1   170   253   204   285   190   292 0.87 length=318	scaffold=contig01407	strand=-	adjustedToFrame=2
1069_g               -            278 68893                -            262   0.00093   15.0   3.2   1   3    0.0036       1.3    4.7   1.3    16    87     4    74     1    78 0.77 length=278	scaffold=contig01715	strand=-
1069_g               -            278 68893                -            262   0.00093   15.0   3.2   2   3      0.24        85   -1.2   7.3    19   108    81   168    67   188 0.49 length=278	scaffold=contig01715	strand=-
1069_g               -            278 68893                -            262   0.00093   15.0   3.2   3   3   2.6e-06   0.00093   15.0   3.2   166   227   203   264   175   277 0.82 length=278	scaffold=contig01715	strand=-
#
# Program:         hmmsearch
# Version:         3.4 (Aug 2023)
# Pipeline mode:   SEARCH
# Query file:      /home/inf-20-2025/Malaria/busco_downloads/lineages/apicomplexa_odb12/hmms/68893at5794.hmm
# Target file:     /home/inf-20-2025/Malaria/Results/6_nobird_annotation/H_tartakovskyi.faa
# Option settings: hmmsearch --domtblout Results/8_busco/H_tartakovskyi/run_apicomplexa_odb12/hmmer_output/initial_run_results/68893at5794.out --cpu 1 /home/inf-20-2025/Malaria/busco_downloads/lineages/apicomplexa_odb12/hmms/68893at5794.hmm /home/inf-20-2025/Malaria/Results/6_nobird_annotation/H_tartakovskyi.faa 
# Current dir:     /home/inf-20-2025/Malaria
# Date:            Wed Mar  4 18:30:08 2026
# [ok]
