#                                                                            --- full sequence --- -------------- this domain -------------   hmm coord   ali coord   env coord
# target name        accession   tlen query name           accession   qlen   E-value  score  bias   #  of  c-Evalue  i-Evalue  score  bias  from    to  from    to  from    to  acc description of target
#------------------- ---------- ----- -------------------- ---------- ----- --------- ------ ----- --- --- --------- --------- ------ ----- ----- ----- ----- ----- ----- ----- ---- ---------------------
1324_g               -            865 69033                -            488  1.1e-129  429.4  17.4   1   3   1.1e-64   1.5e-62  208.0   1.5    14   172   267   429   256   451 0.88 length=865	scaffold=contig02145	strand=-
1324_g               -            865 69033                -            488  1.1e-129  429.4  17.4   2   3   2.4e-33   3.4e-31  104.6   5.9   162   291   544   690   537   697 0.83 length=865	scaffold=contig02145	strand=-
1324_g               -            865 69033                -            488  1.1e-129  429.4  17.4   3   3   1.8e-37   2.6e-35  118.2   0.0   281   373   762   856   746   864 0.84 length=865	scaffold=contig02145	strand=-
643_g                -           1009 69033                -            488   1.8e-73  244.0  11.1   1   3     0.039       5.6    1.7   0.7   278   308    54    84    44    93 0.77 length=1009	scaffold=contig00936	strand=-	adjustedToFrame=2
643_g                -           1009 69033                -            488   1.8e-73  244.0  11.1   2   3   3.8e-48   5.5e-46  153.4   0.3    13   265   213   462   205   465 0.91 length=1009	scaffold=contig00936	strand=-	adjustedToFrame=2
643_g                -           1009 69033                -            488   1.8e-73  244.0  11.1   3   3   3.5e-30   5.1e-28   94.1   0.4   293   435   466   601   462   646 0.69 length=1009	scaffold=contig00936	strand=-	adjustedToFrame=2
1046_g               -            812 69033                -            488   1.2e-66  221.5   3.2   1   3   7.8e-09   1.1e-06   23.8   0.0    20    54   203   237   188   245 0.84 length=813	scaffold=contig01676	strand=-	adjustedToFrame=2
1046_g               -            812 69033                -            488   1.2e-66  221.5   3.2   2   3   3.9e-36   5.6e-34  113.8   0.2    64   249   313   494   303   504 0.90 length=813	scaffold=contig01676	strand=-	adjustedToFrame=2
1046_g               -            812 69033                -            488   1.2e-66  221.5   3.2   3   3   8.4e-27   1.2e-24   83.0   0.2   287   433   505   655   493   668 0.83 length=813	scaffold=contig01676	strand=-	adjustedToFrame=2
96_g                 -            620 69033                -            488   1.6e-56  188.2   5.6   1   3   2.4e-38   3.4e-36  121.1   1.1    21   261    49   276    36   280 0.86 length=621	scaffold=contig00153	strand=-
96_g                 -            620 69033                -            488   1.6e-56  188.2   5.6   2   3   1.3e-22   1.9e-20   69.2   0.1   291   382   279   371   273   389 0.88 length=621	scaffold=contig00153	strand=-
96_g                 -            620 69033                -            488   1.6e-56  188.2   5.6   3   3       1.2   1.7e+02   -3.2   0.0   367   388   520   541   491   563 0.70 length=621	scaffold=contig00153	strand=-
545_g                -           1433 69033                -            488   5.2e-34  113.9   0.1   1   3   2.3e-05    0.0033   12.3   0.0    16    51    22    58    17    66 0.82 length=1433	scaffold=contig00792	strand=-
545_g                -           1433 69033                -            488   5.2e-34  113.9   0.1   2   3   5.5e-18     8e-16   53.9   0.0    64   215   380   529   368   540 0.83 length=1433	scaffold=contig00792	strand=-
545_g                -           1433 69033                -            488   5.2e-34  113.9   0.1   3   3   8.7e-15   1.3e-12   43.4   0.0   293   374   649   731   637   767 0.85 length=1433	scaffold=contig00792	strand=-
593_g                -            775 69033                -            488     3e-33  111.4  18.6   1   4   4.1e-06    0.0006   14.8   0.0    19    53   224   259   214   295 0.87 length=776	scaffold=contig00857	strand=-
593_g                -            775 69033                -            488     3e-33  111.4  18.6   2   4   1.6e-19   2.3e-17   59.0   5.9    65   259   306   490   299   512 0.89 length=776	scaffold=contig00857	strand=-
593_g                -            775 69033                -            488     3e-33  111.4  18.6   3   4   2.3e-15   3.4e-13   45.3   0.0   303   382   507   588   501   602 0.87 length=776	scaffold=contig00857	strand=-
593_g                -            775 69033                -            488     3e-33  111.4  18.6   4   4       2.2   3.2e+02   -4.1   2.2   270   308   653   691   644   700 0.72 length=776	scaffold=contig00857	strand=-
465_g                -            796 69033                -            488   2.2e-32  108.5   5.3   1   4       8.5   1.2e+03   -6.1   3.5   273   273    64    64    13    91 0.60 length=797	scaffold=contig00661	strand=-	adjustedToFrame=3
465_g                -            796 69033                -            488   2.2e-32  108.5   5.3   2   4   2.1e-26     3e-24   81.7   1.7    14   204   197   388   183   397 0.78 length=797	scaffold=contig00661	strand=-	adjustedToFrame=3
465_g                -            796 69033                -            488   2.2e-32  108.5   5.3   3   4      0.78   1.1e+02   -2.6   0.0    37    55   510   528   497   533 0.84 length=797	scaffold=contig00661	strand=-	adjustedToFrame=3
465_g                -            796 69033                -            488   2.2e-32  108.5   5.3   4   4   7.1e-13     1e-10   37.1   0.1   328   392   598   665   540   728 0.84 length=797	scaffold=contig00661	strand=-	adjustedToFrame=3
1186_g               -            892 69033                -            488   5.1e-17   57.9   2.9   1   3   5.7e-09   8.2e-07   24.2   0.0    15    55   269   309   260   358 0.74 length=892	scaffold=contig01910	strand=+
1186_g               -            892 69033                -            488   5.1e-17   57.9   2.9   2   3   5.4e-11   7.7e-09   30.9   0.1   279   364   675   761   671   779 0.78 length=892	scaffold=contig01910	strand=+
1186_g               -            892 69033                -            488   5.1e-17   57.9   2.9   3   3     0.083        12    0.6   0.2   169   241   801   869   782   882 0.75 length=892	scaffold=contig01910	strand=+
319_g                -           1385 69033                -            488   3.6e-12   41.9   9.0   1   5        10   1.4e+03   -6.4   3.2   361   429   145   162   107   195 0.43 length=1386	scaffold=contig00456	strand=-	adjustedToFrame=2
319_g                -           1385 69033                -            488   3.6e-12   41.9   9.0   2   5   1.9e-06   0.00027   15.9   0.0    27    53   634   660   618   663 0.85 length=1386	scaffold=contig00456	strand=-	adjustedToFrame=2
319_g                -           1385 69033                -            488   3.6e-12   41.9   9.0   3   5     0.071        10    0.8   0.0    63    89   797   823   787   826 0.83 length=1386	scaffold=contig00456	strand=-	adjustedToFrame=2
319_g                -           1385 69033                -            488   3.6e-12   41.9   9.0   4   5   0.00028     0.041    8.7   0.0   114   148   914   948   898   960 0.91 length=1386	scaffold=contig00456	strand=-	adjustedToFrame=2
319_g                -           1385 69033                -            488   3.6e-12   41.9   9.0   5   5   5.4e-07   7.7e-05   17.7   0.3   239   388  1215  1362  1167  1379 0.69 length=1386	scaffold=contig00456	strand=-	adjustedToFrame=2
1051_g               -            823 69033                -            488   2.4e-10   35.8   9.9   1   3      0.27        39   -1.1   0.2   239   251   117   129    88   194 0.58 length=824	scaffold=contig01683	strand=-
1051_g               -            823 69033                -            488   2.4e-10   35.8   9.9   2   3   0.00015     0.021    9.6   0.0    54    86   262   294   254   321 0.86 length=824	scaffold=contig01683	strand=-
1051_g               -            823 69033                -            488   2.4e-10   35.8   9.9   3   3   1.6e-10   2.4e-08   29.3   2.7   210   387   581   754   568   803 0.63 length=824	scaffold=contig01683	strand=-
#
# Program:         hmmsearch
# Version:         3.4 (Aug 2023)
# Pipeline mode:   SEARCH
# Query file:      /home/inf-20-2025/Malaria/busco_downloads/lineages/apicomplexa_odb12/hmms/69033at5794.hmm
# Target file:     /home/inf-20-2025/Malaria/Results/6_nobird_annotation/H_tartakovskyi.faa
# Option settings: hmmsearch --domtblout Results/8_busco/H_tartakovskyi/run_apicomplexa_odb12/hmmer_output/initial_run_results/69033at5794.out --cpu 1 /home/inf-20-2025/Malaria/busco_downloads/lineages/apicomplexa_odb12/hmms/69033at5794.hmm /home/inf-20-2025/Malaria/Results/6_nobird_annotation/H_tartakovskyi.faa 
# Current dir:     /home/inf-20-2025/Malaria
# Date:            Wed Mar  4 18:30:10 2026
# [ok]
