#                                                                            --- full sequence --- -------------- this domain -------------   hmm coord   ali coord   env coord
# target name        accession   tlen query name           accession   qlen   E-value  score  bias   #  of  c-Evalue  i-Evalue  score  bias  from    to  from    to  from    to  acc description of target
#------------------- ---------- ----- -------------------- ---------- ----- --------- ------ ----- --- --- --------- --------- ------ ----- ----- ----- ----- ----- ----- ----- ---- ---------------------
1075_g               -            349 7803                 -            373  1.3e-161  533.7   0.0   1   1  5.1e-164  1.5e-161  533.5   0.0    24   370     1   349     1   349 0.99 length=349	scaffold=contig01725	strand=-	adjustedToFrame=2
29_g                 -            376 7803                 -            373  9.9e-109  359.7   0.0   1   1    4e-111  1.1e-108  359.5   0.0     3   370     6   374     4   376 0.94 length=377	scaffold=contig00040	strand=+
792_g                -            178 7803                 -            373   1.1e-46  155.5   0.1   1   1   7.9e-49   2.3e-46  154.5   0.1    57   234     7   176     2   178 0.94 length=178	scaffold=contig01206	strand=-
784_g                -            685 7803                 -            373   4.4e-26   87.7   0.5   1   3     0.021       6.1    1.7   0.0     3    37     7    41     5   104 0.82 length=686	scaffold=contig01197	strand=-
784_g                -            685 7803                 -            373   4.4e-26   87.7   0.5   2   3   1.2e-10   3.6e-08   28.8   0.0    56   186   325   452   294   470 0.78 length=686	scaffold=contig01197	strand=-
784_g                -            685 7803                 -            373   4.4e-26   87.7   0.5   3   3   2.6e-17   7.5e-15   50.7   0.2   181   370   474   684   470   685 0.66 length=686	scaffold=contig01197	strand=-
667_g                -            508 7803                 -            373   1.7e-06   23.2   1.7   1   3      0.43   1.2e+02   -2.6   0.1   246   281    24    59     6    63 0.81 length=509	scaffold=contig00980	strand=+
667_g                -            508 7803                 -            373   1.7e-06   23.2   1.7   2   3   9.7e-06    0.0028   12.7   0.1    79   216   189   324   166   339 0.80 length=509	scaffold=contig00980	strand=+
667_g                -            508 7803                 -            373   1.7e-06   23.2   1.7   3   3    0.0001     0.029    9.3   0.0   284   315   444   475   374   493 0.69 length=509	scaffold=contig00980	strand=+
#
# Program:         hmmsearch
# Version:         3.4 (Aug 2023)
# Pipeline mode:   SEARCH
# Query file:      /home/inf-20-2025/Malaria/busco_downloads/lineages/apicomplexa_odb12/hmms/7803at5794.hmm
# Target file:     /home/inf-20-2025/Malaria/Results/6_nobird_annotation/H_tartakovskyi.faa
# Option settings: hmmsearch --domtblout Results/8_busco/H_tartakovskyi/run_apicomplexa_odb12/hmmer_output/initial_run_results/7803at5794.out --cpu 1 /home/inf-20-2025/Malaria/busco_downloads/lineages/apicomplexa_odb12/hmms/7803at5794.hmm /home/inf-20-2025/Malaria/Results/6_nobird_annotation/H_tartakovskyi.faa 
# Current dir:     /home/inf-20-2025/Malaria
# Date:            Wed Mar  4 18:30:09 2026
# [ok]
