#                                                                            --- full sequence --- -------------- this domain -------------   hmm coord   ali coord   env coord
# target name        accession   tlen query name           accession   qlen   E-value  score  bias   #  of  c-Evalue  i-Evalue  score  bias  from    to  from    to  from    to  acc description of target
#------------------- ---------- ----- -------------------- ---------- ----- --------- ------ ----- --- --- --------- --------- ------ ----- ----- ----- ----- ----- ----- ----- ---- ---------------------
975_g                -            220 8326                 -            165   9.7e-70  229.9   3.8   1   1   4.8e-72   1.4e-69  229.4   3.8    35   165    86   217    76   217 0.97 length=220	scaffold=contig01560	strand=-	adjustedToFrame=2
1343_g               -            174 8326                 -            165   1.1e-32  109.3   0.8   1   1   6.2e-35   1.8e-32  108.6   0.8    62   164    10   116     5   117 0.94 length=174	scaffold=contig02179	strand=+
1306_g               -            141 8326                 -            165   7.1e-27   90.4   0.3   1   2   5.8e-09   1.7e-06   24.2   0.0    34    66     3    35     1    37 0.92 length=141	scaffold=contig02105	strand=+	adjustedToFrame=2
1306_g               -            141 8326                 -            165   7.1e-27   90.4   0.3   2   2   9.2e-22   2.7e-19   65.8   0.1    94   163    35   103    34   105 0.96 length=141	scaffold=contig02105	strand=+	adjustedToFrame=2
657_g                -            551 8326                 -            165   5.4e-24   81.1   5.6   1   2   4.6e-24   1.3e-21   73.3   2.4    17   163    51   190    45   192 0.93 length=551	scaffold=contig00961	strand=-
657_g                -            551 8326                 -            165   5.4e-24   81.1   5.6   2   2       1.5   4.2e+02   -3.2   0.1   116   158   448   491   446   495 0.71 length=551	scaffold=contig00961	strand=-
80_g                 -            185 8326                 -            165   3.7e-05   19.8   0.1   1   1   1.8e-07     5e-05   19.3   0.1    10   134    17   137    10   167 0.76 length=186	scaffold=contig00133	strand=-
#
# Program:         hmmsearch
# Version:         3.4 (Aug 2023)
# Pipeline mode:   SEARCH
# Query file:      /home/inf-20-2025/Malaria/busco_downloads/lineages/apicomplexa_odb12/hmms/8326at5794.hmm
# Target file:     /home/inf-20-2025/Malaria/Results/6_nobird_annotation/H_tartakovskyi.faa
# Option settings: hmmsearch --domtblout Results/8_busco/H_tartakovskyi/run_apicomplexa_odb12/hmmer_output/initial_run_results/8326at5794.out --cpu 1 /home/inf-20-2025/Malaria/busco_downloads/lineages/apicomplexa_odb12/hmms/8326at5794.hmm /home/inf-20-2025/Malaria/Results/6_nobird_annotation/H_tartakovskyi.faa 
# Current dir:     /home/inf-20-2025/Malaria
# Date:            Wed Mar  4 18:30:09 2026
# [ok]
