#                                                                            --- full sequence --- -------------- this domain -------------   hmm coord   ali coord   env coord
# target name        accession   tlen query name           accession   qlen   E-value  score  bias   #  of  c-Evalue  i-Evalue  score  bias  from    to  from    to  from    to  acc description of target
#------------------- ---------- ----- -------------------- ---------- ----- --------- ------ ----- --- --- --------- --------- ------ ----- ----- ----- ----- ----- ----- ----- ---- ---------------------
2669_g               -            911 10332                -            578  5.4e-111  371.6  12.1   1   7    0.0035        14    3.7   3.2     5    66    11    71     4    78 0.79 length=912	scaffold=gi528858386	strand=+
2669_g               -            911 10332                -            578  5.4e-111  371.6  12.1   2   7   8.4e-08   0.00033   19.0   0.1     3    69    56   122    52   145 0.89 length=912	scaffold=gi528858386	strand=+
2669_g               -            911 10332                -            578  5.4e-111  371.6  12.1   3   7   1.5e-23     6e-20   71.0   0.0    65   140   185   264   165   271 0.83 length=912	scaffold=gi528858386	strand=+
2669_g               -            911 10332                -            578  5.4e-111  371.6  12.1   4   7   7.9e-12   3.1e-08   32.3   0.0   131   198   321   408   315   412 0.75 length=912	scaffold=gi528858386	strand=+
2669_g               -            911 10332                -            578  5.4e-111  371.6  12.1   5   7   3.5e-18   1.4e-14   53.2   0.0   197   252   446   501   440   529 0.81 length=912	scaffold=gi528858386	strand=+
2669_g               -            911 10332                -            578  5.4e-111  371.6  12.1   6   7   1.6e-38   6.4e-35  120.4   5.0   264   381   655   773   604   779 0.79 length=912	scaffold=gi528858386	strand=+
2669_g               -            911 10332                -            578  5.4e-111  371.6  12.1   7   7   6.3e-22   2.5e-18   65.6   0.0   377   451   820   901   808   905 0.84 length=912	scaffold=gi528858386	strand=+
3350_g               -            911 10332                -            578  5.4e-111  371.6  12.1   1   7    0.0035        14    3.7   3.2     5    66    11    71     4    78 0.79 length=912	scaffold=gi527310881	strand=+
3350_g               -            911 10332                -            578  5.4e-111  371.6  12.1   2   7   8.4e-08   0.00033   19.0   0.1     3    69    56   122    52   145 0.89 length=912	scaffold=gi527310881	strand=+
3350_g               -            911 10332                -            578  5.4e-111  371.6  12.1   3   7   1.5e-23     6e-20   71.0   0.0    65   140   185   264   165   271 0.83 length=912	scaffold=gi527310881	strand=+
3350_g               -            911 10332                -            578  5.4e-111  371.6  12.1   4   7   7.9e-12   3.1e-08   32.3   0.0   131   198   321   408   315   412 0.75 length=912	scaffold=gi527310881	strand=+
3350_g               -            911 10332                -            578  5.4e-111  371.6  12.1   5   7   3.5e-18   1.4e-14   53.2   0.0   197   252   446   501   440   529 0.81 length=912	scaffold=gi527310881	strand=+
3350_g               -            911 10332                -            578  5.4e-111  371.6  12.1   6   7   1.6e-38   6.4e-35  120.4   5.0   264   381   655   773   604   779 0.79 length=912	scaffold=gi527310881	strand=+
3350_g               -            911 10332                -            578  5.4e-111  371.6  12.1   7   7   6.3e-22   2.5e-18   65.6   0.0   377   451   820   901   808   905 0.84 length=912	scaffold=gi527310881	strand=+
10187_g              -           1341 10332                -            578   4.2e-30  104.5   0.0   1   8       0.4   1.6e+03   -3.1   4.0     3    50    10    57     8    82 0.63 length=1342	scaffold=gi528858384	strand=+
10187_g              -           1341 10332                -            578   4.2e-30  104.5   0.0   2   8   1.8e-09   7.3e-06   24.4   0.0    70   197   140   284   122   287 0.75 length=1342	scaffold=gi528858384	strand=+
10187_g              -           1341 10332                -            578   4.2e-30  104.5   0.0   3   8     6e-06     0.024   12.8   0.0   199   246   312   359   299   401 0.69 length=1342	scaffold=gi528858384	strand=+
10187_g              -           1341 10332                -            578   4.2e-30  104.5   0.0   4   8      0.24   9.7e+02   -2.4   1.0   253   292   498   529   483   546 0.45 length=1342	scaffold=gi528858384	strand=+
10187_g              -           1341 10332                -            578   4.2e-30  104.5   0.0   5   8   0.00054       2.2    6.4   4.2   258   316   647   710   594   712 0.84 length=1342	scaffold=gi528858384	strand=+
10187_g              -           1341 10332                -            578   4.2e-30  104.5   0.0   6   8         4   1.6e+04   -8.1   4.7   261   294   867   899   859   909 0.36 length=1342	scaffold=gi528858384	strand=+
10187_g              -           1341 10332                -            578   4.2e-30  104.5   0.0   7   8     6e-27   2.4e-23   82.2   0.0   375   574   948  1156   911  1159 0.85 length=1342	scaffold=gi528858384	strand=+
10187_g              -           1341 10332                -            578   4.2e-30  104.5   0.0   8   8         4   1.6e+04   -7.6   7.9     3    34  1278  1309  1276  1316 0.81 length=1342	scaffold=gi528858384	strand=+
12335_g              -           1341 10332                -            578   4.2e-30  104.5   0.0   1   8       0.4   1.6e+03   -3.1   4.0     3    50    10    57     8    82 0.63 length=1342	scaffold=gi527308984	strand=-
12335_g              -           1341 10332                -            578   4.2e-30  104.5   0.0   2   8   1.8e-09   7.3e-06   24.4   0.0    70   197   140   284   122   287 0.75 length=1342	scaffold=gi527308984	strand=-
12335_g              -           1341 10332                -            578   4.2e-30  104.5   0.0   3   8     6e-06     0.024   12.8   0.0   199   246   312   359   299   401 0.69 length=1342	scaffold=gi527308984	strand=-
12335_g              -           1341 10332                -            578   4.2e-30  104.5   0.0   4   8      0.24   9.7e+02   -2.4   1.0   253   292   498   529   483   546 0.45 length=1342	scaffold=gi527308984	strand=-
12335_g              -           1341 10332                -            578   4.2e-30  104.5   0.0   5   8   0.00054       2.2    6.4   4.2   258   316   647   710   594   712 0.84 length=1342	scaffold=gi527308984	strand=-
12335_g              -           1341 10332                -            578   4.2e-30  104.5   0.0   6   8         4   1.6e+04   -8.1   4.7   261   294   867   899   859   909 0.36 length=1342	scaffold=gi527308984	strand=-
12335_g              -           1341 10332                -            578   4.2e-30  104.5   0.0   7   8     6e-27   2.4e-23   82.2   0.0   375   574   948  1156   911  1159 0.85 length=1342	scaffold=gi527308984	strand=-
12335_g              -           1341 10332                -            578   4.2e-30  104.5   0.0   8   8         4   1.6e+04   -7.6   7.9     3    34  1278  1309  1276  1316 0.81 length=1342	scaffold=gi527308984	strand=-
#
# Program:         hmmsearch
# Version:         3.4 (Aug 2023)
# Pipeline mode:   SEARCH
# Query file:      /home/inf-20-2025/Malaria/busco_downloads/lineages/apicomplexa_odb12/hmms/10332at5794.hmm
# Target file:     /home/inf-20-2025/Malaria/Results/6_nobird_annotation/T_gondii.faa
# Option settings: hmmsearch --domtblout Results/8_busco/T_gondii/run_apicomplexa_odb12/hmmer_output/initial_run_results/10332at5794.out --cpu 1 /home/inf-20-2025/Malaria/busco_downloads/lineages/apicomplexa_odb12/hmms/10332at5794.hmm /home/inf-20-2025/Malaria/Results/6_nobird_annotation/T_gondii.faa 
# Current dir:     /home/inf-20-2025/Malaria
# Date:            Wed Mar  4 18:32:58 2026
# [ok]
