#                                                                            --- full sequence --- -------------- this domain -------------   hmm coord   ali coord   env coord
# target name        accession   tlen query name           accession   qlen   E-value  score  bias   #  of  c-Evalue  i-Evalue  score  bias  from    to  from    to  from    to  acc description of target
#------------------- ---------- ----- -------------------- ---------- ----- --------- ------ ----- --- --- --------- --------- ------ ----- ----- ----- ----- ----- ----- ----- ---- ---------------------
1923_g               -           1889 10895                -            485  9.6e-113  377.4   0.3   1   5   1.1e-29   2.5e-27   95.7   0.0     1   105   741   860   741   865 0.84 length=1890	scaffold=gi528858392	strand=-
1923_g               -           1889 10895                -            485  9.6e-113  377.4   0.3   2   5   4.6e-27     1e-24   87.0   0.0   106   209   914  1032   910  1040 0.84 length=1890	scaffold=gi528858392	strand=-
1923_g               -           1889 10895                -            485  9.6e-113  377.4   0.3   3   5     1e-11   2.3e-09   36.4   0.1   224   281  1108  1182  1093  1190 0.77 length=1890	scaffold=gi528858392	strand=-
1923_g               -           1889 10895                -            485  9.6e-113  377.4   0.3   4   5   7.4e-39   1.7e-36  125.9   0.1   282   408  1208  1340  1196  1347 0.86 length=1890	scaffold=gi528858392	strand=-
1923_g               -           1889 10895                -            485  9.6e-113  377.4   0.3   5   5   9.9e-08   2.2e-05   23.3   0.0   429   484  1449  1506  1437  1507 0.86 length=1890	scaffold=gi528858392	strand=-
2338_g               -           2139 10895                -            485  2.1e-112  376.2   0.3   1   5   1.3e-29   2.8e-27   95.5   0.0     1   105   991  1110   991  1115 0.84 length=2140	scaffold=gi527314726	strand=+
2338_g               -           2139 10895                -            485  2.1e-112  376.2   0.3   2   5   5.3e-27   1.2e-24   86.8   0.0   106   209  1164  1282  1160  1290 0.84 length=2140	scaffold=gi527314726	strand=+
2338_g               -           2139 10895                -            485  2.1e-112  376.2   0.3   3   5   1.2e-11   2.7e-09   36.2   0.1   224   281  1358  1432  1344  1440 0.77 length=2140	scaffold=gi527314726	strand=+
2338_g               -           2139 10895                -            485  2.1e-112  376.2   0.3   4   5   8.6e-39     2e-36  125.7   0.1   282   408  1458  1590  1446  1597 0.86 length=2140	scaffold=gi527314726	strand=+
2338_g               -           2139 10895                -            485  2.1e-112  376.2   0.3   5   5   1.1e-07   2.6e-05   23.1   0.0   429   484  1699  1756  1687  1757 0.86 length=2140	scaffold=gi527314726	strand=+
1760_g               -           1131 10895                -            485   4.1e-13   48.8  10.1   1   4     0.048        11    4.5   0.0    30    95    23   103     9   117 0.62 length=1132	scaffold=gi527315322	strand=+
1760_g               -           1131 10895                -            485   4.1e-13   48.8  10.1   2   4   3.2e-10   7.3e-08   31.5   0.0   111   157   164   211   154   215 0.85 length=1132	scaffold=gi527315322	strand=+
1760_g               -           1131 10895                -            485   4.1e-13   48.8  10.1   3   4    0.0026      0.59    8.7   2.3   213   363   349   508   328   525 0.78 length=1132	scaffold=gi527315322	strand=+
1760_g               -           1131 10895                -            485   4.1e-13   48.8  10.1   4   4     0.021       4.7    5.7   0.9   403   476   523   598   520   606 0.84 length=1132	scaffold=gi527315322	strand=+
943_g                -           1131 10895                -            485   4.1e-13   48.8  10.1   1   4     0.048        11    4.5   0.0    30    95    23   103     9   117 0.62 length=1132	scaffold=gi528858394	strand=+
943_g                -           1131 10895                -            485   4.1e-13   48.8  10.1   2   4   3.2e-10   7.3e-08   31.5   0.0   111   157   164   211   154   215 0.85 length=1132	scaffold=gi528858394	strand=+
943_g                -           1131 10895                -            485   4.1e-13   48.8  10.1   3   4    0.0026      0.59    8.7   2.3   213   363   349   508   328   525 0.78 length=1132	scaffold=gi528858394	strand=+
943_g                -           1131 10895                -            485   4.1e-13   48.8  10.1   4   4     0.021       4.7    5.7   0.9   403   476   523   598   520   606 0.84 length=1132	scaffold=gi528858394	strand=+
4677_g               -            798 10895                -            485   1.6e-08   33.7   0.0   1   1   1.1e-10   2.4e-08   33.1   0.0    54   139   314   407   292   419 0.81 length=799	scaffold=gi528858389	strand=-
5149_g               -            798 10895                -            485   1.6e-08   33.7   0.0   1   1   1.1e-10   2.4e-08   33.1   0.0    54   139   314   407   292   419 0.81 length=799	scaffold=gi527313191	strand=-
2139_g               -            564 10895                -            485   2.4e-08   33.1   0.1   1   1   1.8e-10   4.1e-08   32.3   0.1    43   145    75   185    67   207 0.85 length=565	scaffold=gi528858392	strand=+
2420_g               -            564 10895                -            485   2.4e-08   33.1   0.1   1   1   1.8e-10   4.1e-08   32.3   0.1    43   145    75   185    67   207 0.85 length=565	scaffold=gi527314679	strand=-
2533_g               -           1068 10895                -            485     1e-07   31.0   0.0   1   1   6.4e-10   1.5e-07   30.5   0.0    61   200   501   648   481   654 0.80 length=1069	scaffold=gi528858386	strand=-
3214_g               -           1068 10895                -            485     1e-07   31.0   0.0   1   1   6.4e-10   1.5e-07   30.5   0.0    61   200   501   648   481   654 0.80 length=1069	scaffold=gi527310881	strand=-
6858_g               -           3439 10895                -            485   3.6e-07   29.2   0.0   1   3    0.0029      0.66    8.5   0.0   298   449  1949  2113  1943  2124 0.76 length=3440	scaffold=gi528858387	strand=-
6858_g               -           3439 10895                -            485   3.6e-07   29.2   0.0   2   3   2.6e-05    0.0059   15.3   0.0   409   476  2363  2430  2358  2438 0.92 length=3440	scaffold=gi528858387	strand=-
6858_g               -           3439 10895                -            485   3.6e-07   29.2   0.0   3   3         2   4.6e+02   -0.9   0.0   405   466  2580  2641  2518  2651 0.75 length=3440	scaffold=gi528858387	strand=-
8055_g               -           3439 10895                -            485   3.6e-07   29.2   0.0   1   3    0.0029      0.66    8.5   0.0   298   449  1949  2113  1943  2124 0.76 length=3440	scaffold=gi527311550	strand=+
8055_g               -           3439 10895                -            485   3.6e-07   29.2   0.0   2   3   2.6e-05    0.0059   15.3   0.0   409   476  2363  2430  2358  2438 0.92 length=3440	scaffold=gi527311550	strand=+
8055_g               -           3439 10895                -            485   3.6e-07   29.2   0.0   3   3         2   4.6e+02   -0.9   0.0   405   466  2580  2641  2518  2651 0.75 length=3440	scaffold=gi527311550	strand=+
13409_g              -            682 10895                -            485   6.8e-07   28.3   0.0   1   1   4.4e-09   9.9e-07   27.7   0.0    65   139   257   339   247   345 0.78 length=683	scaffold=gi527309735	strand=-
9259_g               -            682 10895                -            485   6.8e-07   28.3   0.0   1   1   4.4e-09   9.9e-07   27.7   0.0    65   139   257   339   247   345 0.78 length=683	scaffold=gi528858385	strand=+
12862_g              -           3670 10895                -            485   1.2e-06   27.5   0.0   1   1   7.9e-09   1.8e-06   26.9   0.0    34   200  3084  3260  3068  3264 0.67 length=3671	scaffold=gi527310678	strand=-
8981_g               -           3670 10895                -            485   1.2e-06   27.5   0.0   1   1   7.9e-09   1.8e-06   26.9   0.0    34   200  3084  3260  3068  3264 0.67 length=3671	scaffold=gi528858385	strand=-
13486_g              -            420 10895                -            485   3.1e-06   26.1   0.0   1   1   2.1e-08   4.8e-06   25.5   0.0    35   200   213   386   203   390 0.73 length=421	scaffold=gi527309735	strand=-
9179_g               -            420 10895                -            485   3.1e-06   26.1   0.0   1   1   2.1e-08   4.8e-06   25.5   0.0    35   200   213   386   203   390 0.73 length=421	scaffold=gi528858385	strand=+
3087_g               -            543 10895                -            485   3.6e-06   25.9   0.0   1   1   2.6e-08   5.8e-06   25.2   0.0    51   145   108   210    99   220 0.79 length=544	scaffold=gi528858386	strand=+
3768_g               -            543 10895                -            485   3.6e-06   25.9   0.0   1   1   2.6e-08   5.8e-06   25.2   0.0    51   145   108   210    99   220 0.79 length=544	scaffold=gi527310709	strand=+
10680_g              -           1714 10895                -            485   1.2e-05   24.2   0.1   1   1   7.7e-08   1.8e-05   23.6   0.1    55   132  1071  1160  1064  1164 0.65 length=1715	scaffold=gi528858383	strand=+
11477_g              -           1714 10895                -            485   1.2e-05   24.2   0.1   1   1   7.7e-08   1.8e-05   23.6   0.1    55   132  1071  1160  1064  1164 0.65 length=1715	scaffold=gi527307902	strand=+
13451_g              -            960 10895                -            485   2.2e-05   23.3   0.0   1   1   1.5e-07   3.4e-05   22.7   0.0    57   139   524   614   516   631 0.78 length=961	scaffold=gi527309735	strand=-
9214_g               -            960 10895                -            485   2.2e-05   23.3   0.0   1   1   1.5e-07   3.4e-05   22.7   0.0    57   139   524   614   516   631 0.78 length=961	scaffold=gi528858385	strand=+
10747_g              -            758 10895                -            485   4.7e-05   22.2   0.1   1   1     4e-07   9.1e-05   21.3   0.1    57   140   218   314   210   321 0.73 length=759	scaffold=gi528858383	strand=+
11544_g              -            758 10895                -            485   4.7e-05   22.2   0.1   1   1     4e-07   9.1e-05   21.3   0.1    57   140   218   314   210   321 0.73 length=759	scaffold=gi527307902	strand=+
10713_g              -            472 10895                -            485   8.4e-05   21.4   0.0   1   1   6.1e-07   0.00014   20.7   0.0    60   160   132   240    92   245 0.77 length=473	scaffold=gi528858383	strand=+
11510_g              -            472 10895                -            485   8.4e-05   21.4   0.0   1   1   6.1e-07   0.00014   20.7   0.0    60   160   132   240    92   245 0.77 length=473	scaffold=gi527307902	strand=+
3002_g               -            564 10895                -            485   0.00011   21.0   0.2   1   1   7.2e-07   0.00016   20.4   0.2    65   158   260   362   234   374 0.80 length=565	scaffold=gi528858386	strand=-
3683_g               -            564 10895                -            485   0.00011   21.0   0.2   1   1   7.2e-07   0.00016   20.4   0.2    65   158   260   362   234   374 0.80 length=565	scaffold=gi527310881	strand=-
4324_g               -           2454 10895                -            485   0.00015   20.5   0.2   1   2   9.5e-06    0.0022   16.7   0.0    51    99   494   542   492   548 0.91 length=2455	scaffold=gi528858390	strand=-
4324_g               -           2454 10895                -            485   0.00015   20.5   0.2   2   2      0.42        96    1.4   0.0   115   155   579   619   572   626 0.88 length=2455	scaffold=gi528858390	strand=-
8283_g               -           2454 10895                -            485   0.00015   20.5   0.2   1   2   9.5e-06    0.0022   16.7   0.0    51    99   494   542   492   548 0.91 length=2455	scaffold=gi527313991	strand=+
8283_g               -           2454 10895                -            485   0.00015   20.5   0.2   2   2      0.42        96    1.4   0.0   115   155   579   619   572   626 0.88 length=2455	scaffold=gi527313991	strand=+
10004_g              -           1826 10895                -            485   0.00043   19.0   0.0   1   1     3e-06   0.00067   18.4   0.0    76   161  1573  1666  1556  1692 0.85 length=1827	scaffold=gi528858384	strand=-
12514_g              -           1826 10895                -            485   0.00043   19.0   0.0   1   1     3e-06   0.00067   18.4   0.0    76   161  1573  1666  1556  1692 0.85 length=1827	scaffold=gi527308984	strand=+
2961_g               -           1757 10895                -            485    0.0007   18.3   0.0   1   1   5.6e-06    0.0013   17.5   0.0    55    99   400   444   393   459 0.90 length=1758	scaffold=gi528858386	strand=-
3642_g               -           1757 10895                -            485    0.0007   18.3   0.0   1   1   5.6e-06    0.0013   17.5   0.0    55    99   400   444   393   459 0.90 length=1758	scaffold=gi527310881	strand=-
6553_g               -            902 10895                -            485    0.0014   17.4   0.1   1   1     9e-06     0.002   16.8   0.1    55   142   498   592   487   595 0.80 length=903	scaffold=gi527312496	strand=+
5694_g               -            916 10895                -            485    0.0014   17.3   0.1   1   1   9.2e-06    0.0021   16.8   0.1    55   142   498   592   487   595 0.80 length=917	scaffold=gi528858388	strand=-
10087_g              -           1298 10895                -            485    0.0015   17.2   0.0   1   1   1.1e-05    0.0024   16.5   0.0   113   162   215   264   153   267 0.90 length=1299	scaffold=gi528858384	strand=-
12434_g              -           1298 10895                -            485    0.0015   17.2   0.0   1   1   1.1e-05    0.0024   16.5   0.0   113   162   215   264   153   267 0.90 length=1299	scaffold=gi527308984	strand=+
402_g                -            819 10895                -            485    0.0016   17.1   0.1   1   1   1.4e-05    0.0032   16.2   0.1   116   173   617   674   600   719 0.83 length=820	scaffold=gi528858395	strand=+
772_g                -            819 10895                -            485    0.0016   17.1   0.1   1   1   1.4e-05    0.0032   16.2   0.1   116   173   617   674   600   719 0.83 length=820	scaffold=gi527315607	strand=-
2157_g               -           3069 10895                -            485    0.0045   15.7   0.0   1   1   2.9e-05    0.0065   15.1   0.0    42    89  1820  1867  1814  1880 0.83 length=3070	scaffold=gi528858392	strand=+
2466_g               -           3069 10895                -            485    0.0045   15.7   0.0   1   1   2.9e-05    0.0065   15.1   0.0    42    89  1820  1867  1814  1880 0.83 length=3070	scaffold=gi527314663	strand=+
4268_g               -           1657 10895                -            485    0.0049   15.5   0.0   1   1   3.3e-05    0.0075   14.9   0.0   115   158   941   984   929   996 0.89 length=1658	scaffold=gi528858390	strand=+
8337_g               -           1657 10895                -            485    0.0049   15.5   0.0   1   1   3.3e-05    0.0075   14.9   0.0   115   158   941   984   929   996 0.89 length=1658	scaffold=gi527313991	strand=-
11108_g              -           2322 10895                -            485    0.0063   15.2   0.0   1   2       1.5   3.3e+02   -0.4   0.0    56    97   217   258   207   268 0.79 length=2323	scaffold=gi528858383	strand=-
11108_g              -           2322 10895                -            485    0.0063   15.2   0.0   2   2   0.00017     0.038   12.6   0.0   116   157   304   345   300   358 0.90 length=2323	scaffold=gi528858383	strand=-
11905_g              -           2322 10895                -            485    0.0063   15.2   0.0   1   2       1.5   3.3e+02   -0.4   0.0    56    97   217   258   207   268 0.79 length=2323	scaffold=gi527307902	strand=-
11905_g              -           2322 10895                -            485    0.0063   15.2   0.0   2   2   0.00017     0.038   12.6   0.0   116   157   304   345   300   358 0.90 length=2323	scaffold=gi527307902	strand=-
4354_g               -           1547 10895                -            485    0.0072   15.0   0.5   1   3   0.00019     0.043   12.4   0.0   348   403    97   149    88   154 0.91 length=1548	scaffold=gi528858390	strand=+
4354_g               -           1547 10895                -            485    0.0072   15.0   0.5   2   3       6.4   1.5e+03   -2.5   0.0   377   404   234   261   230   277 0.79 length=1548	scaffold=gi528858390	strand=+
4354_g               -           1547 10895                -            485    0.0072   15.0   0.5   3   3         3   6.8e+02   -1.4   0.1   443   474   479   510   456   517 0.86 length=1548	scaffold=gi528858390	strand=+
7151_g               -            582 10895                -            485      0.01   14.5   0.0   1   1   6.5e-05     0.015   14.0   0.0   111   158    84   131    13   148 0.82 length=583	scaffold=gi528858387	strand=+
7766_g               -            582 10895                -            485      0.01   14.5   0.0   1   1   6.5e-05     0.015   14.0   0.0   111   158    84   131    13   148 0.82 length=583	scaffold=gi527311550	strand=-
4581_g               -            234 10895                -            485     0.013   14.1   0.0   1   1   7.3e-05     0.017   13.8   0.0   115   200    66   151    56   172 0.84 length=235	scaffold=gi528858390	strand=-
8596_g               -            234 10895                -            485     0.013   14.1   0.0   1   1   7.3e-05     0.017   13.8   0.0   115   200    66   151    56   172 0.84 length=235	scaffold=gi527313757	strand=-
7280_g               -            515 10895                -            485     0.017   13.8   0.1   1   1   0.00018      0.04   12.5   0.0   114   157   180   223   164   231 0.89 length=516	scaffold=gi528858387	strand=-
7638_g               -            515 10895                -            485     0.017   13.8   0.1   1   1   0.00018      0.04   12.5   0.0   114   157   180   223   164   231 0.89 length=516	scaffold=gi527311550	strand=+
10322_g              -           1470 10895                -            485     0.018   13.7   0.3   1   3    0.0073       1.6    7.2   0.0   411   459   939   988   859  1001 0.74 length=1471	scaffold=gi528858384	strand=-
10322_g              -           1470 10895                -            485     0.018   13.7   0.3   2   3       0.5   1.1e+02    1.1   0.0   406   451  1296  1341  1280  1345 0.92 length=1471	scaffold=gi528858384	strand=-
10322_g              -           1470 10895                -            485     0.018   13.7   0.3   3   3      0.67   1.5e+02    0.7   0.0   424   469  1377  1423  1372  1435 0.79 length=1471	scaffold=gi528858384	strand=-
12203_g              -           1470 10895                -            485     0.018   13.7   0.3   1   3    0.0073       1.6    7.2   0.0   411   459   939   988   859  1001 0.74 length=1471	scaffold=gi527308984	strand=+
12203_g              -           1470 10895                -            485     0.018   13.7   0.3   2   3       0.5   1.1e+02    1.1   0.0   406   451  1296  1341  1280  1345 0.92 length=1471	scaffold=gi527308984	strand=+
12203_g              -           1470 10895                -            485     0.018   13.7   0.3   3   3      0.67   1.5e+02    0.7   0.0   424   469  1377  1423  1372  1435 0.79 length=1471	scaffold=gi527308984	strand=+
1182_g               -            420 10895                -            485     0.019   13.6   0.0   1   1   0.00013      0.03   13.0   0.0    63    99    16    52     8    57 0.88 length=421	scaffold=gi528858393	strand=-
1455_g               -            530 10895                -            485     0.021   13.5   0.0   1   1   0.00014     0.032   12.8   0.0    62    99   125   162   102   167 0.88 length=531	scaffold=gi527315005	strand=+
8254_g               -           2545 10895                -            485     0.021   13.4   0.4   1   2   0.00032     0.074   11.7   0.0   348   403    97   149    88   154 0.91 length=2546	scaffold=gi527313991	strand=-
8254_g               -           2545 10895                -            485     0.021   13.4   0.4   2   2       5.8   1.3e+03   -2.4   0.0   444   474   480   510   459   515 0.88 length=2546	scaffold=gi527313991	strand=-
5016_g               -           4658 10895                -            485     0.036   12.7   0.0   1   1   0.00028     0.065   11.8   0.0   113   198  4287  4373  4253  4375 0.80 length=4659	scaffold=gi528858389	strand=+
5488_g               -           4658 10895                -            485     0.036   12.7   0.0   1   1   0.00028     0.065   11.8   0.0   113   198  4287  4373  4253  4375 0.80 length=4659	scaffold=gi527313191	strand=+
7894_g               -           1349 10895                -            485     0.085   11.4   0.4   1   2    0.0013       0.3    9.6   0.2    42    98   600   656   593   661 0.93 length=1350	scaffold=gi527311550	strand=-
7894_g               -           1349 10895                -            485     0.085   11.4   0.4   2   2       2.7   6.1e+02   -1.3   0.0   115   155   754   794   752   800 0.87 length=1350	scaffold=gi527311550	strand=-
7017_g               -           1368 10895                -            485     0.088   11.4   0.4   1   2    0.0014      0.31    9.6   0.2    42    98   619   675   612   680 0.93 length=1369	scaffold=gi528858387	strand=+
7017_g               -           1368 10895                -            485     0.088   11.4   0.4   2   2       2.7   6.2e+02   -1.3   0.0   115   155   773   813   771   819 0.87 length=1369	scaffold=gi528858387	strand=+
6953_g               -            752 10895                -            485      0.13   10.8   0.0   1   1     0.001      0.23   10.0   0.0   114   156   116   158    46   165 0.88 length=753	scaffold=gi528858387	strand=+
7958_g               -            752 10895                -            485      0.13   10.8   0.0   1   1     0.001      0.23   10.0   0.0   114   156   116   158    46   165 0.88 length=753	scaffold=gi527311550	strand=-
2799_g               -           1196 10895                -            485      0.15   10.7   0.8   1   1    0.0011      0.25    9.9   0.8   342   431   113   204   104   212 0.83 length=1197	scaffold=gi528858386	strand=+
3480_g               -           1196 10895                -            485      0.15   10.7   0.8   1   1    0.0011      0.25    9.9   0.8   342   431   113   204   104   212 0.83 length=1197	scaffold=gi527310881	strand=+
4267_g               -           1763 10895                -            485      0.19   10.3   0.0   1   1    0.0012      0.27    9.8   0.0    76   142   231   305   223   310 0.82 length=1764	scaffold=gi528858390	strand=-
8338_g               -           1763 10895                -            485      0.19   10.3   0.0   1   1    0.0012      0.27    9.8   0.0    76   142   231   305   223   310 0.82 length=1764	scaffold=gi527313991	strand=+
#
# Program:         hmmsearch
# Version:         3.4 (Aug 2023)
# Pipeline mode:   SEARCH
# Query file:      /home/inf-20-2025/Malaria/busco_downloads/lineages/apicomplexa_odb12/hmms/10895at5794.hmm
# Target file:     /home/inf-20-2025/Malaria/Results/6_nobird_annotation/T_gondii.faa
# Option settings: hmmsearch --domtblout Results/8_busco/T_gondii/run_apicomplexa_odb12/hmmer_output/initial_run_results/10895at5794.out --cpu 1 /home/inf-20-2025/Malaria/busco_downloads/lineages/apicomplexa_odb12/hmms/10895at5794.hmm /home/inf-20-2025/Malaria/Results/6_nobird_annotation/T_gondii.faa 
# Current dir:     /home/inf-20-2025/Malaria
# Date:            Wed Mar  4 18:33:01 2026
# [ok]
