#                                                                            --- full sequence --- -------------- this domain -------------   hmm coord   ali coord   env coord
# target name        accession   tlen query name           accession   qlen   E-value  score  bias   #  of  c-Evalue  i-Evalue  score  bias  from    to  from    to  from    to  acc description of target
#------------------- ---------- ----- -------------------- ---------- ----- --------- ------ ----- --- --- --------- --------- ------ ----- ----- ----- ----- ----- ----- ----- ---- ---------------------
279_g                -           2702 11416                -            261   1.3e-98  329.6   6.1   1   2   7.3e-59   1.5e-56  191.7   0.9     2   152    85   241    84   253 0.92 length=2703	scaffold=gi527315854	strand=+
279_g                -           2702 11416                -            261   1.3e-98  329.6   6.1   2   2   1.6e-46   3.4e-44  151.2   0.4   159   254   312   410   306   418 0.91 length=2703	scaffold=gi527315854	strand=+
112_g                -           3410 11416                -            261   9.2e-88  294.0   8.5   1   3   1.1e-20   2.2e-18   66.6   0.3     4    57   749   802   747   822 0.94 length=3411	scaffold=gi528858396	strand=-
112_g                -           3410 11416                -            261   9.2e-88  294.0   8.5   2   3   1.7e-31   3.6e-29  102.0   0.1    55   152   846   949   843   961 0.89 length=3411	scaffold=gi528858396	strand=-
112_g                -           3410 11416                -            261   9.2e-88  294.0   8.5   3   3   2.1e-46   4.4e-44  150.9   0.3   159   254  1020  1118  1014  1125 0.91 length=3411	scaffold=gi528858396	strand=-
1989_g               -           1148 11416                -            261   1.6e-27   96.6   0.5   1   6     0.032       6.6    6.1   0.0   174   236   197   259   138   266 0.68 length=1149	scaffold=gi528858392	strand=+
1989_g               -           1148 11416                -            261   1.6e-27   96.6   0.5   2   6         9   1.9e+03   -2.0   0.3   139   182   356   392   351   431 0.60 length=1149	scaffold=gi528858392	strand=+
1989_g               -           1148 11416                -            261   1.6e-27   96.6   0.5   3   6   6.8e-06    0.0014   18.1   0.0   183   257   479   553   405   557 0.91 length=1149	scaffold=gi528858392	strand=+
1989_g               -           1148 11416                -            261   1.6e-27   96.6   0.5   4   6   1.9e-07   3.9e-05   23.2   0.0   163   255   719   805   701   808 0.83 length=1149	scaffold=gi528858392	strand=+
1989_g               -           1148 11416                -            261   1.6e-27   96.6   0.5   5   6      0.06        12    5.2   0.0   216   257   990  1031   985  1035 0.84 length=1149	scaffold=gi528858392	strand=+
1989_g               -           1148 11416                -            261   1.6e-27   96.6   0.5   6   6   2.1e-11   4.3e-09   36.2   0.0   171   241  1054  1123  1041  1138 0.91 length=1149	scaffold=gi528858392	strand=+
2271_g               -           1148 11416                -            261   1.6e-27   96.6   0.5   1   6     0.032       6.6    6.1   0.0   174   236   197   259   138   266 0.68 length=1149	scaffold=gi527314726	strand=-
2271_g               -           1148 11416                -            261   1.6e-27   96.6   0.5   2   6         9   1.9e+03   -2.0   0.3   139   182   356   392   351   431 0.60 length=1149	scaffold=gi527314726	strand=-
2271_g               -           1148 11416                -            261   1.6e-27   96.6   0.5   3   6   6.8e-06    0.0014   18.1   0.0   183   257   479   553   405   557 0.91 length=1149	scaffold=gi527314726	strand=-
2271_g               -           1148 11416                -            261   1.6e-27   96.6   0.5   4   6   1.9e-07   3.9e-05   23.2   0.0   163   255   719   805   701   808 0.83 length=1149	scaffold=gi527314726	strand=-
2271_g               -           1148 11416                -            261   1.6e-27   96.6   0.5   5   6      0.06        12    5.2   0.0   216   257   990  1031   985  1035 0.84 length=1149	scaffold=gi527314726	strand=-
2271_g               -           1148 11416                -            261   1.6e-27   96.6   0.5   6   6   2.1e-11   4.3e-09   36.2   0.0   171   241  1054  1123  1041  1138 0.91 length=1149	scaffold=gi527314726	strand=-
13398_g              -            768 11416                -            261   5.8e-26   91.5   0.2   1   4   4.9e-07    0.0001   21.8   0.0   182   241    86   145    65   150 0.92 length=769	scaffold=gi527309735	strand=-
13398_g              -            768 11416                -            261   5.8e-26   91.5   0.2   2   4   3.8e-08   7.9e-06   25.5   0.0   180   242   172   233   160   235 0.93 length=769	scaffold=gi527309735	strand=-
13398_g              -            768 11416                -            261   5.8e-26   91.5   0.2   3   4   0.00044     0.092   12.2   0.0   169   242   251   322   239   325 0.83 length=769	scaffold=gi527309735	strand=-
13398_g              -            768 11416                -            261   5.8e-26   91.5   0.2   4   4   1.8e-08   3.8e-06   26.5   0.0   157   241   371   449   353   452 0.80 length=769	scaffold=gi527309735	strand=-
9270_g               -            768 11416                -            261   5.8e-26   91.5   0.2   1   4   4.9e-07    0.0001   21.8   0.0   182   241    86   145    65   150 0.92 length=769	scaffold=gi528858385	strand=+
9270_g               -            768 11416                -            261   5.8e-26   91.5   0.2   2   4   3.8e-08   7.9e-06   25.5   0.0   180   242   172   233   160   235 0.93 length=769	scaffold=gi528858385	strand=+
9270_g               -            768 11416                -            261   5.8e-26   91.5   0.2   3   4   0.00044     0.092   12.2   0.0   169   242   251   322   239   325 0.83 length=769	scaffold=gi528858385	strand=+
9270_g               -            768 11416                -            261   5.8e-26   91.5   0.2   4   4   1.8e-08   3.8e-06   26.5   0.0   157   241   371   449   353   452 0.80 length=769	scaffold=gi528858385	strand=+
7431_g               -           1491 11416                -            261   1.9e-19   70.1   1.3   1   3     0.021       4.4    6.7   0.0   188   241   766   819   758   822 0.92 length=1492	scaffold=gi528858387	strand=+
7431_g               -           1491 11416                -            261   1.9e-19   70.1   1.3   2   3     7e-09   1.5e-06   27.9   0.0   189   248   870   930   857   942 0.87 length=1492	scaffold=gi528858387	strand=+
7431_g               -           1491 11416                -            261   1.9e-19   70.1   1.3   3   3   2.6e-10   5.5e-08   32.6   0.1   187   257  1071  1141  1062  1145 0.91 length=1492	scaffold=gi528858387	strand=+
7489_g               -           1491 11416                -            261   1.9e-19   70.1   1.3   1   3     0.021       4.4    6.7   0.0   188   241   766   819   758   822 0.92 length=1492	scaffold=gi527311550	strand=-
7489_g               -           1491 11416                -            261   1.9e-19   70.1   1.3   2   3     7e-09   1.5e-06   27.9   0.0   189   248   870   930   857   942 0.87 length=1492	scaffold=gi527311550	strand=-
7489_g               -           1491 11416                -            261   1.9e-19   70.1   1.3   3   3   2.6e-10   5.5e-08   32.6   0.1   187   257  1071  1141  1062  1145 0.91 length=1492	scaffold=gi527311550	strand=-
10085_g              -            617 11416                -            261   1.3e-18   67.4   1.4   1   2     3e-10   6.3e-08   32.4   2.1   140   248   180   287   178   300 0.80 length=618	scaffold=gi528858384	strand=+
10085_g              -            617 11416                -            261   1.3e-18   67.4   1.4   2   2     4e-10   8.4e-08   32.0   0.0   183   242   332   390   290   396 0.83 length=618	scaffold=gi528858384	strand=+
570_g                -            521 11416                -            261   3.7e-18   65.9   0.5   1   3    0.0032      0.66    9.4   0.0   187   241    45    99    32   102 0.92 length=522	scaffold=gi528858395	strand=+
570_g                -            521 11416                -            261   3.7e-18   65.9   0.5   2   3   4.6e-08   9.6e-06   25.2   0.0   188   247   146   206   123   219 0.86 length=522	scaffold=gi528858395	strand=+
570_g                -            521 11416                -            261   3.7e-18   65.9   0.5   3   3   6.3e-09   1.3e-06   28.0   0.1   174   242   386   454   350   469 0.80 length=522	scaffold=gi528858395	strand=+
603_g                -            521 11416                -            261   3.7e-18   65.9   0.5   1   3    0.0032      0.66    9.4   0.0   187   241    45    99    32   102 0.92 length=522	scaffold=gi527315607	strand=-
603_g                -            521 11416                -            261   3.7e-18   65.9   0.5   2   3   4.6e-08   9.6e-06   25.2   0.0   188   247   146   206   123   219 0.86 length=522	scaffold=gi527315607	strand=-
603_g                -            521 11416                -            261   3.7e-18   65.9   0.5   3   3   6.3e-09   1.3e-06   28.0   0.1   174   242   386   454   350   469 0.80 length=522	scaffold=gi527315607	strand=-
12435_g              -           2640 11416                -            261   3.8e-17   62.6   1.3   1   2   1.8e-09   3.9e-07   29.8   2.0   140   247   180   286   178   300 0.80 length=2641	scaffold=gi527308984	strand=-
12435_g              -           2640 11416                -            261   3.8e-17   62.6   1.3   2   2   2.5e-09   5.3e-07   29.3   0.0   183   242   332   390   290   393 0.84 length=2641	scaffold=gi527308984	strand=-
4828_g               -           1046 11416                -            261   8.6e-16   58.1   0.1   1   3   4.5e-06   0.00095   18.7   0.0   194   241    34    81    26    83 0.92 length=1047	scaffold=gi528858389	strand=-
4828_g               -           1046 11416                -            261   8.6e-16   58.1   0.1   2   3     1e-05    0.0022   17.5   0.0   183   242   126   199   116   202 0.78 length=1047	scaffold=gi528858389	strand=-
4828_g               -           1046 11416                -            261   8.6e-16   58.1   0.1   3   3     2e-05    0.0042   16.5   0.0   187   247   709   769   700   782 0.87 length=1047	scaffold=gi528858389	strand=-
5300_g               -           1046 11416                -            261   8.6e-16   58.1   0.1   1   3   4.5e-06   0.00095   18.7   0.0   194   241    34    81    26    83 0.92 length=1047	scaffold=gi527313191	strand=-
5300_g               -           1046 11416                -            261   8.6e-16   58.1   0.1   2   3     1e-05    0.0022   17.5   0.0   183   242   126   199   116   202 0.78 length=1047	scaffold=gi527313191	strand=-
5300_g               -           1046 11416                -            261   8.6e-16   58.1   0.1   3   3     2e-05    0.0042   16.5   0.0   187   247   709   769   700   782 0.87 length=1047	scaffold=gi527313191	strand=-
1911_g               -           1216 11416                -            261   9.2e-16   58.0   0.0   1   3   1.2e-05    0.0026   17.2   0.0   190   260   256   325   218   326 0.89 length=1217	scaffold=gi528858392	strand=+
1911_g               -           1216 11416                -            261   9.2e-16   58.0   0.0   2   3    0.0026      0.55    9.6   0.0   192   242   404   453   401   465 0.90 length=1217	scaffold=gi528858392	strand=+
1911_g               -           1216 11416                -            261   9.2e-16   58.0   0.0   3   3   1.1e-08   2.4e-06   27.2   0.0   158   242   705   790   694   794 0.83 length=1217	scaffold=gi528858392	strand=+
2350_g               -           1216 11416                -            261   9.2e-16   58.0   0.0   1   3   1.2e-05    0.0026   17.2   0.0   190   260   256   325   218   326 0.89 length=1217	scaffold=gi527314726	strand=-
2350_g               -           1216 11416                -            261   9.2e-16   58.0   0.0   2   3    0.0026      0.55    9.6   0.0   192   242   404   453   401   465 0.90 length=1217	scaffold=gi527314726	strand=-
2350_g               -           1216 11416                -            261   9.2e-16   58.0   0.0   3   3   1.1e-08   2.4e-06   27.2   0.0   158   242   705   790   694   794 0.83 length=1217	scaffold=gi527314726	strand=-
12633_g              -            458 11416                -            261   2.6e-14   53.3   0.3   1   2   2.8e-08   5.8e-06   25.9   0.1   165   231    81   147    62   153 0.90 length=459	scaffold=gi527308984	strand=+
12633_g              -            458 11416                -            261   2.6e-14   53.3   0.3   2   2   3.6e-08   7.6e-06   25.5   0.0   171   240   179   249   155   263 0.82 length=459	scaffold=gi527308984	strand=+
9890_g               -            458 11416                -            261   2.6e-14   53.3   0.3   1   2   2.8e-08   5.8e-06   25.9   0.1   165   231    81   147    62   153 0.90 length=459	scaffold=gi528858384	strand=-
9890_g               -            458 11416                -            261   2.6e-14   53.3   0.3   2   2   3.6e-08   7.6e-06   25.5   0.0   171   240   179   249   155   263 0.82 length=459	scaffold=gi528858384	strand=-
579_g                -            435 11416                -            261   1.7e-13   50.6   0.2   1   2   3.4e-07   7.1e-05   22.4   0.1   186   242    13    68     3    74 0.90 length=436	scaffold=gi528858395	strand=-
579_g                -            435 11416                -            261   1.7e-13   50.6   0.2   2   2   2.4e-08     5e-06   26.2   0.0   177   243   201   266   172   272 0.83 length=436	scaffold=gi528858395	strand=-
594_g                -            435 11416                -            261   1.7e-13   50.6   0.2   1   2   3.4e-07   7.1e-05   22.4   0.1   186   242    13    68     3    74 0.90 length=436	scaffold=gi527315607	strand=+
594_g                -            435 11416                -            261   1.7e-13   50.6   0.2   2   2   2.4e-08     5e-06   26.2   0.0   177   243   201   266   172   272 0.83 length=436	scaffold=gi527315607	strand=+
4893_g               -            617 11416                -            261   4.4e-12   46.0   0.0   1   2   5.2e-06    0.0011   18.5   0.0   170   241    66   135    57   146 0.89 length=618	scaffold=gi528858389	strand=+
4893_g               -            617 11416                -            261   4.4e-12   46.0   0.0   2   2   5.6e-08   1.2e-05   24.9   0.0   164   242   234   313   218   316 0.81 length=618	scaffold=gi528858389	strand=+
5365_g               -            617 11416                -            261   4.4e-12   46.0   0.0   1   2   5.2e-06    0.0011   18.5   0.0   170   241    66   135    57   146 0.89 length=618	scaffold=gi527313191	strand=+
5365_g               -            617 11416                -            261   4.4e-12   46.0   0.0   2   2   5.6e-08   1.2e-05   24.9   0.0   164   242   234   313   218   316 0.81 length=618	scaffold=gi527313191	strand=+
6976_g               -            366 11416                -            261   1.3e-10   41.2   0.2   1   1     1e-12   2.1e-10   40.5   0.2   172   255   272   355   247   361 0.79 length=367	scaffold=gi528858387	strand=+
7936_g               -            366 11416                -            261   1.3e-10   41.2   0.2   1   1     1e-12   2.1e-10   40.5   0.2   172   255   272   355   247   361 0.79 length=367	scaffold=gi527311550	strand=-
13381_g              -            524 11416                -            261   2.7e-08   33.6   0.0   1   2     0.016       3.4    7.0   0.0   174   209    24    59    15    68 0.87 length=525	scaffold=gi527309735	strand=+
13381_g              -            524 11416                -            261   2.7e-08   33.6   0.0   2   2   7.2e-08   1.5e-05   24.6   0.0   168   255    89   177    59   183 0.79 length=525	scaffold=gi527309735	strand=+
9287_g               -            524 11416                -            261   2.7e-08   33.6   0.0   1   2     0.016       3.4    7.0   0.0   174   209    24    59    15    68 0.87 length=525	scaffold=gi528858385	strand=-
9287_g               -            524 11416                -            261   2.7e-08   33.6   0.0   2   2   7.2e-08   1.5e-05   24.6   0.0   168   255    89   177    59   183 0.79 length=525	scaffold=gi528858385	strand=-
2636_g               -            542 11416                -            261   6.8e-08   32.3   6.9   1   2    0.0003     0.063   12.7   0.1   190   237   170   216   167   221 0.91 length=543	scaffold=gi528858386	strand=-
2636_g               -            542 11416                -            261   6.8e-08   32.3   6.9   2   2   1.8e-07   3.8e-05   23.2   0.1   189   236   253   300   243   310 0.91 length=543	scaffold=gi528858386	strand=-
3317_g               -            542 11416                -            261   6.8e-08   32.3   6.9   1   2    0.0003     0.063   12.7   0.1   190   237   170   216   167   221 0.91 length=543	scaffold=gi527310881	strand=-
3317_g               -            542 11416                -            261   6.8e-08   32.3   6.9   2   2   1.8e-07   3.8e-05   23.2   0.1   189   236   253   300   243   310 0.91 length=543	scaffold=gi527310881	strand=-
7393_g               -            145 11416                -            261   2.9e-07   30.2   0.0   1   1   2.2e-09   4.5e-07   29.6   0.0   175   240    17    82     5    93 0.92 length=146	scaffold=gi528858387	strand=+
7525_g               -            145 11416                -            261   2.9e-07   30.2   0.0   1   1   2.2e-09   4.5e-07   29.6   0.0   175   240    17    82     5    93 0.92 length=146	scaffold=gi527311550	strand=-
2953_g               -           1082 11416                -            261   3.6e-07   29.9  17.7   1   2   0.00062      0.13   11.7   7.8    96   242   746   878   715   898 0.67 length=1083	scaffold=gi528858386	strand=+
2953_g               -           1082 11416                -            261   3.6e-07   29.9  17.7   2   2   1.3e-07   2.8e-05   23.7   0.0   178   238   934   994   922   998 0.92 length=1083	scaffold=gi528858386	strand=+
3634_g               -           1082 11416                -            261   3.6e-07   29.9  17.7   1   2   0.00062      0.13   11.7   7.8    96   242   746   878   715   898 0.67 length=1083	scaffold=gi527310881	strand=+
3634_g               -           1082 11416                -            261   3.6e-07   29.9  17.7   2   2   1.3e-07   2.8e-05   23.7   0.0   178   238   934   994   922   998 0.92 length=1083	scaffold=gi527310881	strand=+
5689_g               -            252 11416                -            261   3.7e-07   29.8   0.0   1   2   1.2e-07   2.5e-05   23.9   0.0   168   241    11    83     2    94 0.85 length=253	scaffold=gi528858388	strand=+
5689_g               -            252 11416                -            261   3.7e-07   29.8   0.0   2   2      0.13        28    4.0   0.0   180   208   216   244   207   248 0.88 length=253	scaffold=gi528858388	strand=+
6558_g               -            252 11416                -            261   3.7e-07   29.8   0.0   1   2   1.2e-07   2.5e-05   23.9   0.0   168   241    11    83     2    94 0.85 length=253	scaffold=gi527312496	strand=-
6558_g               -            252 11416                -            261   3.7e-07   29.8   0.0   2   2      0.13        28    4.0   0.0   180   208   216   244   207   248 0.88 length=253	scaffold=gi527312496	strand=-
13278_g              -            619 11416                -            261   6.1e-07   29.1   0.0   1   1   5.1e-09   1.1e-06   28.3   0.0   153   243   181   269   169   275 0.86 length=620	scaffold=gi527309735	strand=-
9391_g               -            653 11416                -            261   6.6e-07   29.0   0.0   1   1   5.5e-09   1.1e-06   28.2   0.0   153   243   215   303   203   309 0.86 length=654	scaffold=gi528858385	strand=+
4150_g               -            872 11416                -            261   2.2e-06   27.3   0.1   1   2       4.2   8.8e+02   -0.9   2.3   131   186   503   555   471   558 0.48 length=873	scaffold=gi528858391	strand=+
4150_g               -            872 11416                -            261   2.2e-06   27.3   0.1   2   2     1e-08   2.2e-06   27.3   0.1   165   237   644   716   602   722 0.77 length=873	scaffold=gi528858391	strand=+
8930_g               -            872 11416                -            261   2.2e-06   27.3   0.1   1   2       4.2   8.8e+02   -0.9   2.3   131   186   503   555   471   558 0.48 length=873	scaffold=gi527314250	strand=+
8930_g               -            872 11416                -            261   2.2e-06   27.3   0.1   2   2     1e-08   2.2e-06   27.3   0.1   165   237   644   716   602   722 0.77 length=873	scaffold=gi527314250	strand=+
2836_g               -            600 11416                -            261   2.6e-06   27.1   0.0   1   2       8.9   1.9e+03   -1.9   0.1   160   197   287   324   278   325 0.77 length=601	scaffold=gi528858386	strand=+
2836_g               -            600 11416                -            261   2.6e-06   27.1   0.0   2   2   4.1e-08   8.5e-06   25.4   0.0   192   253   365   426   359   431 0.89 length=601	scaffold=gi528858386	strand=+
3517_g               -            600 11416                -            261   2.6e-06   27.1   0.0   1   2       8.9   1.9e+03   -1.9   0.1   160   197   287   324   278   325 0.77 length=601	scaffold=gi527310881	strand=+
3517_g               -            600 11416                -            261   2.6e-06   27.1   0.0   2   2   4.1e-08   8.5e-06   25.4   0.0   192   253   365   426   359   431 0.89 length=601	scaffold=gi527310881	strand=+
13391_g              -            798 11416                -            261   5.9e-06   25.9   0.0   1   1   2.8e-08   5.9e-06   25.9   0.0   173   247   133   207   107   212 0.82 length=799	scaffold=gi527309735	strand=+
9277_g               -            798 11416                -            261   5.9e-06   25.9   0.0   1   1   2.8e-08   5.9e-06   25.9   0.0   173   247   133   207   107   212 0.82 length=799	scaffold=gi528858385	strand=-
2897_g               -            692 11416                -            261   9.2e-06   25.3   0.2   1   2      0.33        68    2.8   0.0   182   241   127   183   108   191 0.82 length=693	scaffold=gi528858386	strand=-
2897_g               -            692 11416                -            261   9.2e-06   25.3   0.2   2   2   2.6e-06   0.00055   19.4   0.4   172   243   467   538   423   541 0.76 length=693	scaffold=gi528858386	strand=-
3578_g               -            692 11416                -            261   9.2e-06   25.3   0.2   1   2      0.33        68    2.8   0.0   182   241   127   183   108   191 0.82 length=693	scaffold=gi527310881	strand=-
3578_g               -            692 11416                -            261   9.2e-06   25.3   0.2   2   2   2.6e-06   0.00055   19.4   0.4   172   243   467   538   423   541 0.76 length=693	scaffold=gi527310881	strand=-
2713_g               -            267 11416                -            261   1.1e-05   25.0   0.0   1   1   6.9e-08   1.4e-05   24.6   0.0   177   241    62   126    42   132 0.86 length=268	scaffold=gi528858386	strand=-
3394_g               -            267 11416                -            261   1.1e-05   25.0   0.0   1   1   6.9e-08   1.4e-05   24.6   0.0   177   241    62   126    42   132 0.86 length=268	scaffold=gi527310881	strand=-
3086_g               -            372 11416                -            261   1.1e-05   25.0   0.0   1   3      0.94     2e+02    1.2   0.5   121   170     1    50     1    60 0.77 length=373	scaffold=gi528858386	strand=-
3086_g               -            372 11416                -            261   1.1e-05   25.0   0.0   2   3     0.011       2.3    7.6   0.0   180   253   102   174    98   180 0.74 length=373	scaffold=gi528858386	strand=-
3086_g               -            372 11416                -            261   1.1e-05   25.0   0.0   3   3   0.00052      0.11   11.9   0.0   173   241   291   358   283   362 0.92 length=373	scaffold=gi528858386	strand=-
3767_g               -            372 11416                -            261   1.1e-05   25.0   0.0   1   3      0.94     2e+02    1.2   0.5   121   170     1    50     1    60 0.77 length=373	scaffold=gi527310709	strand=-
3767_g               -            372 11416                -            261   1.1e-05   25.0   0.0   2   3     0.011       2.3    7.6   0.0   180   253   102   174    98   180 0.74 length=373	scaffold=gi527310709	strand=-
3767_g               -            372 11416                -            261   1.1e-05   25.0   0.0   3   3   0.00052      0.11   11.9   0.0   173   241   291   358   283   362 0.92 length=373	scaffold=gi527310709	strand=-
7258_g               -            193 11416                -            261   1.4e-05   24.7   0.0   1   1   9.8e-08   2.1e-05   24.1   0.0   183   243     9    69     3    86 0.90 length=194	scaffold=gi528858387	strand=+
7661_g               -            193 11416                -            261   1.4e-05   24.7   0.0   1   1   9.8e-08   2.1e-05   24.1   0.0   183   243     9    69     3    86 0.90 length=194	scaffold=gi527311550	strand=-
13232_g              -            566 11416                -            261   5.1e-05   22.8   0.0   1   1     6e-07   0.00013   21.5   0.0   161   253   299   391   287   398 0.82 length=567	scaffold=gi527309735	strand=-
9435_g               -            566 11416                -            261   5.1e-05   22.8   0.0   1   1     6e-07   0.00013   21.5   0.0   161   253   299   391   287   398 0.82 length=567	scaffold=gi528858385	strand=+
3145_g               -            790 11416                -            261   0.00012   21.6   0.6   1   1   9.6e-07    0.0002   20.9   0.0   178   243     6    71     1    89 0.90 length=791	scaffold=gi528858386	strand=-
3826_g               -            790 11416                -            261   0.00012   21.6   0.6   1   1   9.6e-07    0.0002   20.9   0.0   178   243     6    71     1    89 0.90 length=791	scaffold=gi527310709	strand=-
4162_g               -            928 11416                -            261   0.00016   21.2   0.0   1   1   1.3e-06   0.00026   20.5   0.0   181   236   321   375   301   383 0.80 length=929	scaffold=gi528858391	strand=+
8942_g               -            928 11416                -            261   0.00016   21.2   0.0   1   1   1.3e-06   0.00026   20.5   0.0   181   236   321   375   301   383 0.80 length=929	scaffold=gi527314250	strand=+
3027_g               -            286 11416                -            261   0.00019   20.9   0.0   1   1   1.4e-06    0.0003   20.3   0.0   181   242   184   242   167   247 0.90 length=287	scaffold=gi528858386	strand=-
3708_g               -            286 11416                -            261   0.00019   20.9   0.0   1   1   1.4e-06    0.0003   20.3   0.0   181   242   184   242   167   247 0.90 length=287	scaffold=gi527310709	strand=-
561_g                -            330 11416                -            261   0.00083   18.9   0.0   1   1   5.9e-06    0.0012   18.3   0.0   167   235   174   242   151   251 0.85 length=331	scaffold=gi528858395	strand=-
612_g                -            330 11416                -            261   0.00083   18.9   0.0   1   1   5.9e-06    0.0012   18.3   0.0   167   235   174   242   151   251 0.85 length=331	scaffold=gi527315607	strand=+
2933_g               -           1618 11416                -            261   0.00088   18.8   0.5   1   1   9.9e-06    0.0021   17.6   0.0   173   211  1334  1372  1314  1381 0.81 length=1619	scaffold=gi528858386	strand=+
3614_g               -           1618 11416                -            261   0.00088   18.8   0.5   1   1   9.9e-06    0.0021   17.6   0.0   173   211  1334  1372  1314  1381 0.81 length=1619	scaffold=gi527310881	strand=+
12956_g              -            494 11416                -            261    0.0017   17.8   1.0   1   3   8.2e-06    0.0017   17.8   1.0   111   203    42   137     6   141 0.65 length=495	scaffold=gi527309735	strand=+
12956_g              -            494 11416                -            261    0.0017   17.8   1.0   2   3         3   6.3e+02   -0.4   0.0   215   246   224   255   219   266 0.89 length=495	scaffold=gi527309735	strand=+
12956_g              -            494 11416                -            261    0.0017   17.8   1.0   3   3      0.36        75    2.6   0.0   218   247   373   402   348   407 0.87 length=495	scaffold=gi527309735	strand=+
9705_g               -            494 11416                -            261    0.0017   17.8   1.0   1   3   8.2e-06    0.0017   17.8   1.0   111   203    42   137     6   141 0.65 length=495	scaffold=gi528858385	strand=-
9705_g               -            494 11416                -            261    0.0017   17.8   1.0   2   3         3   6.3e+02   -0.4   0.0   215   246   224   255   219   266 0.89 length=495	scaffold=gi528858385	strand=-
9705_g               -            494 11416                -            261    0.0017   17.8   1.0   3   3      0.36        75    2.6   0.0   218   247   373   402   348   407 0.87 length=495	scaffold=gi528858385	strand=-
4144_g               -            993 11416                -            261    0.0022   17.5   0.0   1   1   1.1e-05    0.0022   17.5   0.0   179   244   172   237   168   241 0.94 length=994	scaffold=gi528858391	strand=+
8924_g               -            993 11416                -            261    0.0022   17.5   0.0   1   1   1.1e-05    0.0022   17.5   0.0   179   244   172   237   168   241 0.94 length=994	scaffold=gi527314250	strand=+
13329_g              -            435 11416                -            261    0.0039   16.6   0.3   1   2       3.7   7.7e+02   -0.7   0.0   185   213    72   100    50   124 0.77 length=436	scaffold=gi527309735	strand=+
13329_g              -            435 11416                -            261    0.0039   16.6   0.3   2   2   6.7e-05     0.014   14.9   0.1   195   260   173   233   130   234 0.84 length=436	scaffold=gi527309735	strand=+
9340_g               -            435 11416                -            261    0.0039   16.6   0.3   1   2       3.7   7.7e+02   -0.7   0.0   185   213    72   100    50   124 0.77 length=436	scaffold=gi528858385	strand=-
9340_g               -            435 11416                -            261    0.0039   16.6   0.3   2   2   6.7e-05     0.014   14.9   0.1   195   260   173   233   130   234 0.84 length=436	scaffold=gi528858385	strand=-
1753_g               -            922 11416                -            261    0.0053   16.2   1.3   1   1   3.9e-05    0.0082   15.6   0.0   209   244   269   304   252   308 0.90 length=923	scaffold=gi527315322	strand=-
936_g                -            922 11416                -            261    0.0053   16.2   1.3   1   1   3.9e-05    0.0082   15.6   0.0   209   244   269   304   252   308 0.90 length=923	scaffold=gi528858394	strand=-
2528_g               -            888 11416                -            261     0.017   14.6   0.0   1   1   0.00077      0.16   11.4   0.0   184   238   768   830   687   835 0.83 length=889	scaffold=gi528858386	strand=-
3209_g               -            888 11416                -            261     0.017   14.6   0.0   1   1   0.00077      0.16   11.4   0.0   184   238   768   830   687   835 0.83 length=889	scaffold=gi527310881	strand=-
2793_g               -            611 11416                -            261     0.031   13.7   0.0   1   1   0.00026     0.053   12.9   0.0   120   217   506   604   490   608 0.80 length=612	scaffold=gi528858386	strand=+
3474_g               -            611 11416                -            261     0.031   13.7   0.0   1   1   0.00026     0.053   12.9   0.0   120   217   506   604   490   608 0.80 length=612	scaffold=gi527310881	strand=+
4744_g               -            304 11416                -            261     0.096   12.1   0.2   1   1   0.00046     0.096   12.1   0.2   154   239    78   157    57   177 0.75 length=305	scaffold=gi528858389	strand=-
5216_g               -            304 11416                -            261     0.096   12.1   0.2   1   1   0.00046     0.096   12.1   0.2   154   239    78   157    57   177 0.75 length=305	scaffold=gi527313191	strand=-
#
# Program:         hmmsearch
# Version:         3.4 (Aug 2023)
# Pipeline mode:   SEARCH
# Query file:      /home/inf-20-2025/Malaria/busco_downloads/lineages/apicomplexa_odb12/hmms/11416at5794.hmm
# Target file:     /home/inf-20-2025/Malaria/Results/6_nobird_annotation/T_gondii.faa
# Option settings: hmmsearch --domtblout Results/8_busco/T_gondii/run_apicomplexa_odb12/hmmer_output/initial_run_results/11416at5794.out --cpu 1 /home/inf-20-2025/Malaria/busco_downloads/lineages/apicomplexa_odb12/hmms/11416at5794.hmm /home/inf-20-2025/Malaria/Results/6_nobird_annotation/T_gondii.faa 
# Current dir:     /home/inf-20-2025/Malaria
# Date:            Wed Mar  4 18:33:05 2026
# [ok]
