#                                                                            --- full sequence --- -------------- this domain -------------   hmm coord   ali coord   env coord
# target name        accession   tlen query name           accession   qlen   E-value  score  bias   #  of  c-Evalue  i-Evalue  score  bias  from    to  from    to  from    to  acc description of target
#------------------- ---------- ----- -------------------- ---------- ----- --------- ------ ----- --- --- --------- --------- ------ ----- ----- ----- ----- ----- ----- ----- ---- ---------------------
2967_g               -           1599 11750                -            938         0 1071.9  11.2   1   6     4e-16   1.7e-13   49.1   0.0     1    89   166   263   166   279 0.88 length=1600	scaffold=gi528858386	strand=-
2967_g               -           1599 11750                -            938         0 1071.9  11.2   2   6  1.1e-125  4.6e-123  411.7   4.1    73   398   297   640   283   644 0.92 length=1600	scaffold=gi528858386	strand=-
2967_g               -           1599 11750                -            938         0 1071.9  11.2   3   6  3.8e-111  1.6e-108  363.6   0.0   393   698   682   999   675  1003 0.94 length=1600	scaffold=gi528858386	strand=-
2967_g               -           1599 11750                -            938         0 1071.9  11.2   4   6   5.6e-39   2.4e-36  124.7   0.0   697   809  1047  1159  1042  1165 0.94 length=1600	scaffold=gi528858386	strand=-
2967_g               -           1599 11750                -            938         0 1071.9  11.2   5   6     5e-22   2.1e-19   68.6   0.0   797   864  1173  1242  1162  1258 0.91 length=1600	scaffold=gi528858386	strand=-
2967_g               -           1599 11750                -            938         0 1071.9  11.2   6   6   3.4e-17   1.4e-14   52.6   0.1   857   925  1286  1356  1282  1366 0.88 length=1600	scaffold=gi528858386	strand=-
3648_g               -           1599 11750                -            938         0 1071.9  11.2   1   6     4e-16   1.7e-13   49.1   0.0     1    89   166   263   166   279 0.88 length=1600	scaffold=gi527310881	strand=-
3648_g               -           1599 11750                -            938         0 1071.9  11.2   2   6  1.1e-125  4.6e-123  411.7   4.1    73   398   297   640   283   644 0.92 length=1600	scaffold=gi527310881	strand=-
3648_g               -           1599 11750                -            938         0 1071.9  11.2   3   6  3.8e-111  1.6e-108  363.6   0.0   393   698   682   999   675  1003 0.94 length=1600	scaffold=gi527310881	strand=-
3648_g               -           1599 11750                -            938         0 1071.9  11.2   4   6   5.6e-39   2.4e-36  124.7   0.0   697   809  1047  1159  1042  1165 0.94 length=1600	scaffold=gi527310881	strand=-
3648_g               -           1599 11750                -            938         0 1071.9  11.2   5   6     5e-22   2.1e-19   68.6   0.0   797   864  1173  1242  1162  1258 0.91 length=1600	scaffold=gi527310881	strand=-
3648_g               -           1599 11750                -            938         0 1071.9  11.2   6   6   3.4e-17   1.4e-14   52.6   0.1   857   925  1286  1356  1282  1366 0.88 length=1600	scaffold=gi527310881	strand=-
5769_g               -           1361 11750                -            938     5e-23   80.6   1.9   1   6   8.1e-05     0.034   11.7   0.0   778   834   817   874   795   885 0.85 length=1362	scaffold=gi528858388	strand=-
5769_g               -           1361 11750                -            938     5e-23   80.6   1.9   2   6   4.1e-06    0.0017   16.0   0.0   746   806   851   913   851   946 0.78 length=1362	scaffold=gi528858388	strand=-
5769_g               -           1361 11750                -            938     5e-23   80.6   1.9   3   6   0.00011     0.047   11.2   0.0   746   835   886   977   882  1002 0.84 length=1362	scaffold=gi528858388	strand=-
5769_g               -           1361 11750                -            938     5e-23   80.6   1.9   4   6   0.00099      0.41    8.1   0.1   782   817  1004  1039   996  1041 0.93 length=1362	scaffold=gi528858388	strand=-
5769_g               -           1361 11750                -            938     5e-23   80.6   1.9   5   6   1.1e-13   4.4e-11   41.1   0.7   759   837  1047  1126  1038  1135 0.86 length=1362	scaffold=gi528858388	strand=-
5769_g               -           1361 11750                -            938     5e-23   80.6   1.9   6   6   9.7e-11   4.1e-08   31.3   0.1   745   839  1066  1163  1066  1175 0.82 length=1362	scaffold=gi528858388	strand=-
6479_g               -           1361 11750                -            938     5e-23   80.6   1.9   1   6   8.1e-05     0.034   11.7   0.0   778   834   817   874   795   885 0.85 length=1362	scaffold=gi527312496	strand=+
6479_g               -           1361 11750                -            938     5e-23   80.6   1.9   2   6   4.1e-06    0.0017   16.0   0.0   746   806   851   913   851   946 0.78 length=1362	scaffold=gi527312496	strand=+
6479_g               -           1361 11750                -            938     5e-23   80.6   1.9   3   6   0.00011     0.047   11.2   0.0   746   835   886   977   882  1002 0.84 length=1362	scaffold=gi527312496	strand=+
6479_g               -           1361 11750                -            938     5e-23   80.6   1.9   4   6   0.00099      0.41    8.1   0.1   782   817  1004  1039   996  1041 0.93 length=1362	scaffold=gi527312496	strand=+
6479_g               -           1361 11750                -            938     5e-23   80.6   1.9   5   6   1.1e-13   4.4e-11   41.1   0.7   759   837  1047  1126  1038  1135 0.86 length=1362	scaffold=gi527312496	strand=+
6479_g               -           1361 11750                -            938     5e-23   80.6   1.9   6   6   9.7e-11   4.1e-08   31.3   0.1   745   839  1066  1163  1066  1175 0.82 length=1362	scaffold=gi527312496	strand=+
13012_g              -            455 11750                -            938   4.3e-22   77.5   3.0   1   2     2e-18   8.5e-16   56.7   0.4   744   810   194   260   182   262 0.95 length=456	scaffold=gi527309735	strand=-
13012_g              -            455 11750                -            938   4.3e-22   77.5   3.0   2   2     9e-08   3.7e-05   21.5   0.1   778   813   262   297   260   301 0.95 length=456	scaffold=gi527309735	strand=-
9651_g               -            455 11750                -            938   4.3e-22   77.5   3.0   1   2     2e-18   8.5e-16   56.7   0.4   744   810   194   260   182   262 0.95 length=456	scaffold=gi528858385	strand=+
9651_g               -            455 11750                -            938   4.3e-22   77.5   3.0   2   2     9e-08   3.7e-05   21.5   0.1   778   813   262   297   260   301 0.95 length=456	scaffold=gi528858385	strand=+
6103_g               -           1158 11750                -            938   4.1e-21   74.3   0.1   1   2   2.5e-11     1e-08   33.2   0.0   743   836   343   438   342   443 0.94 length=1159	scaffold=gi528858388	strand=-
6103_g               -           1158 11750                -            938   4.1e-21   74.3   0.1   2   2   4.6e-13   1.9e-10   39.0   0.0   744   824   509   589   461   602 0.91 length=1159	scaffold=gi528858388	strand=-
6150_g               -           1158 11750                -            938   4.1e-21   74.3   0.1   1   2   2.5e-11     1e-08   33.2   0.0   743   836   343   438   342   443 0.94 length=1159	scaffold=gi527312496	strand=+
6150_g               -           1158 11750                -            938   4.1e-21   74.3   0.1   2   2   4.6e-13   1.9e-10   39.0   0.0   744   824   509   589   461   602 0.91 length=1159	scaffold=gi527312496	strand=+
10499_g              -            703 11750                -            938   4.9e-17   60.8   0.9   1   3     0.076        32    1.8   0.0   778   815   118   156   107   159 0.82 length=704	scaffold=gi528858384	strand=-
10499_g              -            703 11750                -            938   4.9e-17   60.8   0.9   2   3   5.5e-12   2.3e-09   35.4   0.0   756   845   175   268   170   272 0.88 length=704	scaffold=gi528858384	strand=-
10499_g              -            703 11750                -            938   4.9e-17   60.8   0.9   3   3   1.9e-07     8e-05   20.4   0.0   746   808   274   336   269   339 0.93 length=704	scaffold=gi528858384	strand=-
12717_g              -           1794 11750                -            938   7.3e-17   60.2   0.6   1   4       1.6   6.6e+02   -2.5   0.0   741   770  1093  1122  1061  1125 0.60 length=1795	scaffold=gi527308984	strand=-
12717_g              -           1794 11750                -            938   7.3e-17   60.2   0.6   2   4     0.047        20    2.5   0.0   797   839  1134  1179  1133  1184 0.79 length=1795	scaffold=gi527308984	strand=-
12717_g              -           1794 11750                -            938   7.3e-17   60.2   0.6   3   4   7.2e-15     3e-12   44.9   0.7   745   817  1184  1259  1181  1268 0.91 length=1795	scaffold=gi527308984	strand=-
12717_g              -           1794 11750                -            938   7.3e-17   60.2   0.6   4   4   0.00099      0.41    8.1   0.1   760   816  1278  1335  1275  1342 0.91 length=1795	scaffold=gi527308984	strand=-
9806_g               -           1794 11750                -            938   7.3e-17   60.2   0.6   1   4       1.6   6.6e+02   -2.5   0.0   741   770  1093  1122  1061  1125 0.60 length=1795	scaffold=gi528858384	strand=+
9806_g               -           1794 11750                -            938   7.3e-17   60.2   0.6   2   4     0.047        20    2.5   0.0   797   839  1134  1179  1133  1184 0.79 length=1795	scaffold=gi528858384	strand=+
9806_g               -           1794 11750                -            938   7.3e-17   60.2   0.6   3   4   7.2e-15     3e-12   44.9   0.7   745   817  1184  1259  1181  1268 0.91 length=1795	scaffold=gi528858384	strand=+
9806_g               -           1794 11750                -            938   7.3e-17   60.2   0.6   4   4   0.00099      0.41    8.1   0.1   760   816  1278  1335  1275  1342 0.91 length=1795	scaffold=gi528858384	strand=+
12761_g              -            896 11750                -            938   9.9e-17   59.8   0.9   1   3       0.1        42    1.4   0.0   778   815   264   302   253   305 0.82 length=897	scaffold=gi527308853	strand=+
12761_g              -            896 11750                -            938   9.9e-17   59.8   0.9   2   3   7.7e-12   3.2e-09   34.9   0.0   756   845   321   414   316   418 0.88 length=897	scaffold=gi527308853	strand=+
12761_g              -            896 11750                -            938   9.9e-17   59.8   0.9   3   3   2.6e-07   0.00011   19.9   0.0   746   808   420   482   415   485 0.93 length=897	scaffold=gi527308853	strand=+
10647_g              -            294 11750                -            938   5.7e-15   53.9   5.2   1   1   5.2e-16   2.2e-13   48.7   5.2   650   841    64   254    64   260 0.89 length=295	scaffold=gi528858383	strand=-
11444_g              -            294 11750                -            938   5.7e-15   53.9   5.2   1   1   5.2e-16   2.2e-13   48.7   5.2   650   841    64   254    64   260 0.89 length=295	scaffold=gi527307902	strand=-
107_g                -           1737 11750                -            938   2.6e-12   45.1   0.2   1   1     1e-14   4.2e-12   44.5   0.2   292   380   578   667   565   688 0.88 length=1738	scaffold=gi528858396	strand=-
284_g                -           1737 11750                -            938   2.6e-12   45.1   0.2   1   1     1e-14   4.2e-12   44.5   0.2   292   380   578   667   565   688 0.88 length=1738	scaffold=gi527315854	strand=+
5608_g               -            928 11750                -            938   3.2e-12   44.8   0.0   1   2   1.8e-12   7.5e-10   37.0   0.0   729   847   264   383   241   386 0.91 length=929	scaffold=gi528858388	strand=+
5608_g               -            928 11750                -            938   3.2e-12   44.8   0.0   2   2   9.2e-06    0.0039   14.8   0.0   742   795   343   396   340   400 0.96 length=929	scaffold=gi528858388	strand=+
6640_g               -            928 11750                -            938   3.2e-12   44.8   0.0   1   2   1.8e-12   7.5e-10   37.0   0.0   729   847   264   383   241   386 0.91 length=929	scaffold=gi527312496	strand=-
6640_g               -            928 11750                -            938   3.2e-12   44.8   0.0   2   2   9.2e-06    0.0039   14.8   0.0   742   795   343   396   340   400 0.96 length=929	scaffold=gi527312496	strand=-
61_g                 -            942 11750                -            938   8.2e-11   40.2   3.5   1   3   2.4e-06     0.001   16.7   0.0   735   798   149   214   141   246 0.82 length=943	scaffold=gi528858396	strand=+
61_g                 -            942 11750                -            938   8.2e-11   40.2   3.5   2   3   1.7e-08     7e-06   23.9   0.1   758   833   249   329   244   337 0.85 length=943	scaffold=gi528858396	strand=+
61_g                 -            942 11750                -            938   8.2e-11   40.2   3.5   3   3       1.5   6.4e+02   -2.5   0.1   729   754   648   673   646   679 0.88 length=943	scaffold=gi528858396	strand=+
330_g                -            959 11750                -            938   1.1e-10   39.7   3.8   1   3   2.5e-06     0.001   16.7   0.0   735   798   149   214   141   246 0.82 length=960	scaffold=gi527315854	strand=-
330_g                -            959 11750                -            938   1.1e-10   39.7   3.8   2   3   1.7e-08   7.2e-06   23.8   0.1   758   833   249   329   244   337 0.85 length=960	scaffold=gi527315854	strand=-
330_g                -            959 11750                -            938   1.1e-10   39.7   3.8   3   3       1.6   6.8e+02   -2.6   0.2   729   754   648   673   646   678 0.89 length=960	scaffold=gi527315854	strand=-
2744_g               -            794 11750                -            938   3.7e-10   38.0   0.0   1   1   1.3e-12   5.3e-10   37.5   0.0   296   393   170   269   140   280 0.78 length=795	scaffold=gi528858386	strand=+
3425_g               -            794 11750                -            938   3.7e-10   38.0   0.0   1   1   1.3e-12   5.3e-10   37.5   0.0   296   393   170   269   140   280 0.78 length=795	scaffold=gi527310881	strand=+
4860_g               -           4425 11750                -            938   1.9e-09   35.6   4.2   1   3   8.1e-05     0.034   11.7   0.1   744   798   982  1037   969  1048 0.84 length=4426	scaffold=gi528858389	strand=-
4860_g               -           4425 11750                -            938   1.9e-09   35.6   4.2   2   3   0.00019      0.08   10.4   0.1   745   782  1138  1175  1126  1179 0.88 length=4426	scaffold=gi528858389	strand=-
4860_g               -           4425 11750                -            938   1.9e-09   35.6   4.2   3   3   2.6e-05     0.011   13.3   0.1   778   817  1820  1859  1815  1884 0.79 length=4426	scaffold=gi528858389	strand=-
5332_g               -           4425 11750                -            938   1.9e-09   35.6   4.2   1   3   8.1e-05     0.034   11.7   0.1   744   798   982  1037   969  1048 0.84 length=4426	scaffold=gi527313191	strand=-
5332_g               -           4425 11750                -            938   1.9e-09   35.6   4.2   2   3   0.00019      0.08   10.4   0.1   745   782  1138  1175  1126  1179 0.88 length=4426	scaffold=gi527313191	strand=-
5332_g               -           4425 11750                -            938   1.9e-09   35.6   4.2   3   3   2.6e-05     0.011   13.3   0.1   778   817  1820  1859  1815  1884 0.79 length=4426	scaffold=gi527313191	strand=-
10495_g              -            601 11750                -            938   8.1e-08   30.3   0.0   1   3    0.0052       2.2    5.7   0.0    97   128   311   342   296   349 0.82 length=602	scaffold=gi528858384	strand=-
10495_g              -            601 11750                -            938   8.1e-08   30.3   0.0   2   3   2.7e-07   0.00011   19.9   0.0   267   341   414   484   410   498 0.82 length=602	scaffold=gi528858384	strand=-
10495_g              -            601 11750                -            938   8.1e-08   30.3   0.0   3   3      0.16        68    0.8   0.0   491   528   511   547   492   585 0.78 length=602	scaffold=gi528858384	strand=-
12765_g              -            601 11750                -            938   8.1e-08   30.3   0.0   1   3    0.0052       2.2    5.7   0.0    97   128   311   342   296   349 0.82 length=602	scaffold=gi527308853	strand=+
12765_g              -            601 11750                -            938   8.1e-08   30.3   0.0   2   3   2.7e-07   0.00011   19.9   0.0   267   341   414   484   410   498 0.82 length=602	scaffold=gi527308853	strand=+
12765_g              -            601 11750                -            938   8.1e-08   30.3   0.0   3   3      0.16        68    0.8   0.0   491   528   511   547   492   585 0.78 length=602	scaffold=gi527308853	strand=+
1236_g               -           1432 11750                -            938   0.00037   18.2   0.1   1   2   0.00053      0.22    9.0   0.0   776   800   586   610   579   616 0.59 length=1433	scaffold=gi528858393	strand=-
1236_g               -           1432 11750                -            938   0.00037   18.2   0.1   2   2    0.0024      0.99    6.8   0.0   772   800   698   726   693   735 0.80 length=1433	scaffold=gi528858393	strand=-
1403_g               -           1432 11750                -            938   0.00037   18.2   0.1   1   2   0.00053      0.22    9.0   0.0   776   800   586   610   579   616 0.59 length=1433	scaffold=gi527315005	strand=+
1403_g               -           1432 11750                -            938   0.00037   18.2   0.1   2   2    0.0024      0.99    6.8   0.0   772   800   698   726   693   735 0.80 length=1433	scaffold=gi527315005	strand=+
4948_g               -           1452 11750                -            938     0.001   16.7   0.0   1   2     0.034        14    3.0   0.0   769   797    87   115    75   118 0.72 length=1453	scaffold=gi528858389	strand=+
4948_g               -           1452 11750                -            938     0.001   16.7   0.0   2   2    0.0001     0.043   11.3   0.0   768   819   363   415   328   432 0.68 length=1453	scaffold=gi528858389	strand=+
5420_g               -           1452 11750                -            938     0.001   16.7   0.0   1   2     0.034        14    3.0   0.0   769   797    87   115    75   118 0.72 length=1453	scaffold=gi527313191	strand=+
5420_g               -           1452 11750                -            938     0.001   16.7   0.0   2   2    0.0001     0.043   11.3   0.0   768   819   363   415   328   432 0.68 length=1453	scaffold=gi527313191	strand=+
4528_g               -           1221 11750                -            938    0.0016   16.0   0.0   1   1   6.8e-06    0.0028   15.2   0.0   748   813   723   790   718   803 0.86 length=1222	scaffold=gi528858390	strand=-
8543_g               -           1221 11750                -            938    0.0016   16.0   0.0   1   1   6.8e-06    0.0028   15.2   0.0   748   813   723   790   718   803 0.86 length=1222	scaffold=gi527313757	strand=-
10868_g              -            539 11750                -            938    0.0018   15.9   0.0   1   1   4.3e-06    0.0018   15.9   0.0   292   366   459   535   453   539 0.74 length=540	scaffold=gi528858383	strand=-
11665_g              -            539 11750                -            938    0.0018   15.9   0.0   1   1   4.3e-06    0.0018   15.9   0.0   292   366   459   535   453   539 0.74 length=540	scaffold=gi527307902	strand=-
10453_g              -            415 11750                -            938    0.0019   15.8   0.0   1   1   6.6e-06    0.0028   15.3   0.0   748   812   169   235   166   239 0.87 length=416	scaffold=gi528858384	strand=+
12806_g              -            415 11750                -            938    0.0019   15.8   0.0   1   1   6.6e-06    0.0028   15.3   0.0   748   812   169   235   166   239 0.87 length=416	scaffold=gi527308853	strand=-
1048_g               -           1142 11750                -            938       2.5    5.5   8.8   1   2     0.001      0.43    8.0   2.3   154   209   355   405   343   414 0.79 length=1143	scaffold=gi528858393	strand=-
1048_g               -           1142 11750                -            938       2.5    5.5   8.8   2   2      0.14        59    1.0   0.5   296   352   646   708   635   725 0.68 length=1143	scaffold=gi528858393	strand=-
1590_g               -           1142 11750                -            938       2.5    5.5   8.8   1   2     0.001      0.43    8.0   2.3   154   209   355   405   343   414 0.79 length=1143	scaffold=gi527315005	strand=+
1590_g               -           1142 11750                -            938       2.5    5.5   8.8   2   2      0.14        59    1.0   0.5   296   352   646   708   635   725 0.68 length=1143	scaffold=gi527315005	strand=+
#
# Program:         hmmsearch
# Version:         3.4 (Aug 2023)
# Pipeline mode:   SEARCH
# Query file:      /home/inf-20-2025/Malaria/busco_downloads/lineages/apicomplexa_odb12/hmms/11750at5794.hmm
# Target file:     /home/inf-20-2025/Malaria/Results/6_nobird_annotation/T_gondii.faa
# Option settings: hmmsearch --domtblout Results/8_busco/T_gondii/run_apicomplexa_odb12/hmmer_output/initial_run_results/11750at5794.out --cpu 1 /home/inf-20-2025/Malaria/busco_downloads/lineages/apicomplexa_odb12/hmms/11750at5794.hmm /home/inf-20-2025/Malaria/Results/6_nobird_annotation/T_gondii.faa 
# Current dir:     /home/inf-20-2025/Malaria
# Date:            Wed Mar  4 18:33:00 2026
# [ok]
