#                                                                            --- full sequence --- -------------- this domain -------------   hmm coord   ali coord   env coord
# target name        accession   tlen query name           accession   qlen   E-value  score  bias   #  of  c-Evalue  i-Evalue  score  bias  from    to  from    to  from    to  acc description of target
#------------------- ---------- ----- -------------------- ---------- ----- --------- ------ ----- --- --- --------- --------- ------ ----- ----- ----- ----- ----- ----- ----- ---- ---------------------
5861_g               -           1110 12878                -            320   1.7e-87  293.2  34.9   1   5   3.9e-25   3.1e-21   75.4   3.9     2   126    92   221    91   229 0.81 length=1111	scaffold=gi528858388	strand=+
5861_g               -           1110 12878                -            320   1.7e-87  293.2  34.9   2   5   4.1e-35   3.2e-31  108.2   3.6    95   198   226   339   207   343 0.86 length=1111	scaffold=gi528858388	strand=+
5861_g               -           1110 12878                -            320   1.7e-87  293.2  34.9   3   5     2e-10   1.6e-06   27.1   0.2   198   230   638   670   634   674 0.92 length=1111	scaffold=gi528858388	strand=+
5861_g               -           1110 12878                -            320   1.7e-87  293.2  34.9   4   5   2.4e-20   1.9e-16   59.7   6.2   225   270   709   756   705   809 0.85 length=1111	scaffold=gi528858388	strand=+
5861_g               -           1110 12878                -            320   1.7e-87  293.2  34.9   5   5   4.3e-12   3.4e-08   32.6   0.0   269   319   904   954   895   955 0.91 length=1111	scaffold=gi528858388	strand=+
6387_g               -           1110 12878                -            320   1.7e-87  293.2  34.9   1   5   3.9e-25   3.1e-21   75.4   3.9     2   126    92   221    91   229 0.81 length=1111	scaffold=gi527312496	strand=-
6387_g               -           1110 12878                -            320   1.7e-87  293.2  34.9   2   5   4.1e-35   3.2e-31  108.2   3.6    95   198   226   339   207   343 0.86 length=1111	scaffold=gi527312496	strand=-
6387_g               -           1110 12878                -            320   1.7e-87  293.2  34.9   3   5     2e-10   1.6e-06   27.1   0.2   198   230   638   670   634   674 0.92 length=1111	scaffold=gi527312496	strand=-
6387_g               -           1110 12878                -            320   1.7e-87  293.2  34.9   4   5   2.4e-20   1.9e-16   59.7   6.2   225   270   709   756   705   809 0.85 length=1111	scaffold=gi527312496	strand=-
6387_g               -           1110 12878                -            320   1.7e-87  293.2  34.9   5   5   4.3e-12   3.4e-08   32.6   0.0   269   319   904   954   895   955 0.91 length=1111	scaffold=gi527312496	strand=-
#
# Program:         hmmsearch
# Version:         3.4 (Aug 2023)
# Pipeline mode:   SEARCH
# Query file:      /home/inf-20-2025/Malaria/busco_downloads/lineages/apicomplexa_odb12/hmms/12878at5794.hmm
# Target file:     /home/inf-20-2025/Malaria/Results/6_nobird_annotation/T_gondii.faa
# Option settings: hmmsearch --domtblout Results/8_busco/T_gondii/run_apicomplexa_odb12/hmmer_output/initial_run_results/12878at5794.out --cpu 1 /home/inf-20-2025/Malaria/busco_downloads/lineages/apicomplexa_odb12/hmms/12878at5794.hmm /home/inf-20-2025/Malaria/Results/6_nobird_annotation/T_gondii.faa 
# Current dir:     /home/inf-20-2025/Malaria
# Date:            Wed Mar  4 18:33:04 2026
# [ok]
