#                                                                            --- full sequence --- -------------- this domain -------------   hmm coord   ali coord   env coord
# target name        accession   tlen query name           accession   qlen   E-value  score  bias   #  of  c-Evalue  i-Evalue  score  bias  from    to  from    to  from    to  acc description of target
#------------------- ---------- ----- -------------------- ---------- ----- --------- ------ ----- --- --- --------- --------- ------ ----- ----- ----- ----- ----- ----- ----- ---- ---------------------
2595_g               -           2956 13281                -            471  1.8e-126  422.1   6.0   1   7   9.1e-50   3.6e-46  157.3   0.4     1   113  1679  1794  1679  1799 0.95 length=2957	scaffold=gi528858386	strand=-
2595_g               -           2956 13281                -            471  1.8e-126  422.1   6.0   2   7   1.4e-26   5.5e-23   80.9   0.2    75   180  1817  1924  1812  1930 0.77 length=2957	scaffold=gi528858386	strand=-
2595_g               -           2956 13281                -            471  1.8e-126  422.1   6.0   3   7      0.37   1.5e+03   -3.0   0.0   180   202  2001  2023  1994  2025 0.84 length=2957	scaffold=gi528858386	strand=-
2595_g               -           2956 13281                -            471  1.8e-126  422.1   6.0   4   7   1.3e-23   5.3e-20   71.0   0.0   220   296  2199  2280  2188  2286 0.82 length=2957	scaffold=gi528858386	strand=-
2595_g               -           2956 13281                -            471  1.8e-126  422.1   6.0   5   7   3.4e-07    0.0013   16.9   0.1   287   339  2374  2426  2358  2433 0.81 length=2957	scaffold=gi528858386	strand=-
2595_g               -           2956 13281                -            471  1.8e-126  422.1   6.0   6   7   8.4e-26   3.3e-22   78.3   0.0   328   415  2558  2645  2550  2680 0.90 length=2957	scaffold=gi528858386	strand=-
2595_g               -           2956 13281                -            471  1.8e-126  422.1   6.0   7   7   7.2e-06     0.029   12.6   0.0   430   457  2705  2732  2701  2738 0.90 length=2957	scaffold=gi528858386	strand=-
3276_g               -           2956 13281                -            471  1.8e-126  422.1   6.0   1   7   9.1e-50   3.6e-46  157.3   0.4     1   113  1679  1794  1679  1799 0.95 length=2957	scaffold=gi527310881	strand=-
3276_g               -           2956 13281                -            471  1.8e-126  422.1   6.0   2   7   1.4e-26   5.5e-23   80.9   0.2    75   180  1817  1924  1812  1930 0.77 length=2957	scaffold=gi527310881	strand=-
3276_g               -           2956 13281                -            471  1.8e-126  422.1   6.0   3   7      0.37   1.5e+03   -3.0   0.0   180   202  2001  2023  1994  2025 0.84 length=2957	scaffold=gi527310881	strand=-
3276_g               -           2956 13281                -            471  1.8e-126  422.1   6.0   4   7   1.3e-23   5.3e-20   71.0   0.0   220   296  2199  2280  2188  2286 0.82 length=2957	scaffold=gi527310881	strand=-
3276_g               -           2956 13281                -            471  1.8e-126  422.1   6.0   5   7   3.4e-07    0.0013   16.9   0.1   287   339  2374  2426  2358  2433 0.81 length=2957	scaffold=gi527310881	strand=-
3276_g               -           2956 13281                -            471  1.8e-126  422.1   6.0   6   7   8.4e-26   3.3e-22   78.3   0.0   328   415  2558  2645  2550  2680 0.90 length=2957	scaffold=gi527310881	strand=-
3276_g               -           2956 13281                -            471  1.8e-126  422.1   6.0   7   7   7.2e-06     0.029   12.6   0.0   430   457  2705  2732  2701  2738 0.90 length=2957	scaffold=gi527310881	strand=-
13132_g              -           1122 13281                -            471   1.7e-18   66.1   3.7   1   4   0.00057       2.3    6.3   0.0     4    19   533   548   530   554 0.90 length=1123	scaffold=gi527309735	strand=+
13132_g              -           1122 13281                -            471   1.7e-18   66.1   3.7   2   4     4e-05      0.16   10.1   0.0    20    47   628   656   622   662 0.84 length=1123	scaffold=gi527309735	strand=+
13132_g              -           1122 13281                -            471   1.7e-18   66.1   3.7   3   4   7.2e-17   2.8e-13   48.8   0.0    59   153   724   820   714   844 0.87 length=1123	scaffold=gi527309735	strand=+
13132_g              -           1122 13281                -            471   1.7e-18   66.1   3.7   4   4       3.3   1.3e+04   -6.1   3.1   282   309  1093  1120  1071  1122 0.59 length=1123	scaffold=gi527309735	strand=+
9533_g               -           1122 13281                -            471   1.7e-18   66.1   3.7   1   4   0.00057       2.3    6.3   0.0     4    19   533   548   530   554 0.90 length=1123	scaffold=gi528858385	strand=-
9533_g               -           1122 13281                -            471   1.7e-18   66.1   3.7   2   4     4e-05      0.16   10.1   0.0    20    47   628   656   622   662 0.84 length=1123	scaffold=gi528858385	strand=-
9533_g               -           1122 13281                -            471   1.7e-18   66.1   3.7   3   4   7.2e-17   2.8e-13   48.8   0.0    59   153   724   820   714   844 0.87 length=1123	scaffold=gi528858385	strand=-
9533_g               -           1122 13281                -            471   1.7e-18   66.1   3.7   4   4       3.3   1.3e+04   -6.1   3.1   282   309  1093  1120  1071  1122 0.59 length=1123	scaffold=gi528858385	strand=-
#
# Program:         hmmsearch
# Version:         3.4 (Aug 2023)
# Pipeline mode:   SEARCH
# Query file:      /home/inf-20-2025/Malaria/busco_downloads/lineages/apicomplexa_odb12/hmms/13281at5794.hmm
# Target file:     /home/inf-20-2025/Malaria/Results/6_nobird_annotation/T_gondii.faa
# Option settings: hmmsearch --domtblout Results/8_busco/T_gondii/run_apicomplexa_odb12/hmmer_output/initial_run_results/13281at5794.out --cpu 1 /home/inf-20-2025/Malaria/busco_downloads/lineages/apicomplexa_odb12/hmms/13281at5794.hmm /home/inf-20-2025/Malaria/Results/6_nobird_annotation/T_gondii.faa 
# Current dir:     /home/inf-20-2025/Malaria
# Date:            Wed Mar  4 18:32:55 2026
# [ok]
