#                                                                            --- full sequence --- -------------- this domain -------------   hmm coord   ali coord   env coord
# target name        accession   tlen query name           accession   qlen   E-value  score  bias   #  of  c-Evalue  i-Evalue  score  bias  from    to  from    to  from    to  acc description of target
#------------------- ---------- ----- -------------------- ---------- ----- --------- ------ ----- --- --- --------- --------- ------ ----- ----- ----- ----- ----- ----- ----- ---- ---------------------
10845_g              -            839 14090                -            482  1.7e-204  680.0  10.7   1   1  8.2e-208  2.2e-204  679.6  10.7     8   478   205   697   192   701 0.89 length=840	scaffold=gi528858383	strand=-
11642_g              -            839 14090                -            482  1.7e-204  680.0  10.7   1   1  8.2e-208  2.2e-204  679.6  10.7     8   478   205   697   192   701 0.89 length=840	scaffold=gi527307902	strand=-
7201_g               -           1116 14090                -            482    0.0068   15.1   0.0   1   4      0.77     2e+03   -3.0   1.2   342   378   234   272   178   302 0.45 length=1117	scaffold=gi528858387	strand=+
7201_g               -           1116 14090                -            482    0.0068   15.1   0.0   2   4   2.6e-06    0.0068   15.1   0.0    22    71   346   398   338   404 0.87 length=1117	scaffold=gi528858387	strand=+
7201_g               -           1116 14090                -            482    0.0068   15.1   0.0   3   4     0.053   1.4e+02    0.9   3.4   309   390   586   677   545   686 0.37 length=1117	scaffold=gi528858387	strand=+
7201_g               -           1116 14090                -            482    0.0068   15.1   0.0   4   4      0.16   4.3e+02   -0.7   0.0   156   191   762   797   746   807 0.71 length=1117	scaffold=gi528858387	strand=+
7716_g               -           1116 14090                -            482    0.0068   15.1   0.0   1   4      0.77     2e+03   -3.0   1.2   342   378   234   272   178   302 0.45 length=1117	scaffold=gi527311550	strand=-
7716_g               -           1116 14090                -            482    0.0068   15.1   0.0   2   4   2.6e-06    0.0068   15.1   0.0    22    71   346   398   338   404 0.87 length=1117	scaffold=gi527311550	strand=-
7716_g               -           1116 14090                -            482    0.0068   15.1   0.0   3   4     0.053   1.4e+02    0.9   3.4   309   390   586   677   545   686 0.37 length=1117	scaffold=gi527311550	strand=-
7716_g               -           1116 14090                -            482    0.0068   15.1   0.0   4   4      0.16   4.3e+02   -0.7   0.0   156   191   762   797   746   807 0.71 length=1117	scaffold=gi527311550	strand=-
1694_g               -            718 14090                -            482      0.12   11.0  14.4   1   1   7.4e-05       0.2   10.3  14.4   276   373   220   313   200   376 0.47 length=719	scaffold=gi527315322	strand=-
877_g                -            718 14090                -            482      0.12   11.0  14.4   1   1   7.4e-05       0.2   10.3  14.4   276   373   220   313   200   376 0.47 length=719	scaffold=gi528858394	strand=-
#
# Program:         hmmsearch
# Version:         3.4 (Aug 2023)
# Pipeline mode:   SEARCH
# Query file:      /home/inf-20-2025/Malaria/busco_downloads/lineages/apicomplexa_odb12/hmms/14090at5794.hmm
# Target file:     /home/inf-20-2025/Malaria/Results/6_nobird_annotation/T_gondii.faa
# Option settings: hmmsearch --domtblout Results/8_busco/T_gondii/run_apicomplexa_odb12/hmmer_output/initial_run_results/14090at5794.out --cpu 1 /home/inf-20-2025/Malaria/busco_downloads/lineages/apicomplexa_odb12/hmms/14090at5794.hmm /home/inf-20-2025/Malaria/Results/6_nobird_annotation/T_gondii.faa 
# Current dir:     /home/inf-20-2025/Malaria
# Date:            Wed Mar  4 18:32:57 2026
# [ok]
