#                                                                            --- full sequence --- -------------- this domain -------------   hmm coord   ali coord   env coord
# target name        accession   tlen query name           accession   qlen   E-value  score  bias   #  of  c-Evalue  i-Evalue  score  bias  from    to  from    to  from    to  acc description of target
#------------------- ---------- ----- -------------------- ---------- ----- --------- ------ ----- --- --- --------- --------- ------ ----- ----- ----- ----- ----- ----- ----- ---- ---------------------
430_g                -           1613 14164                -            693  5.8e-199  662.8  64.0   1   9   4.2e-39   3.7e-36  124.7   0.0     1    89   325   424   325   427 0.91 length=1614	scaffold=gi528858395	strand=-
430_g                -           1613 14164                -            693  5.8e-199  662.8  64.0   2   9   2.3e-63     2e-60  204.9   0.0    89   212   459   583   450   588 0.93 length=1614	scaffold=gi528858395	strand=-
430_g                -           1613 14164                -            693  5.8e-199  662.8  64.0   3   9   6.1e-33   5.4e-30  104.3   0.0   210   347   626   765   609   803 0.82 length=1614	scaffold=gi528858395	strand=-
430_g                -           1613 14164                -            693  5.8e-199  662.8  64.0   4   9     6e-11   5.3e-08   31.6   3.7   341   409   993  1064   990  1084 0.87 length=1614	scaffold=gi528858395	strand=-
430_g                -           1613 14164                -            693  5.8e-199  662.8  64.0   5   9   2.3e-19     2e-16   59.4  10.4   405   518  1094  1226  1083  1240 0.78 length=1614	scaffold=gi528858395	strand=-
430_g                -           1613 14164                -            693  5.8e-199  662.8  64.0   6   9      0.13   1.2e+02    0.8   4.7   317   378  1257  1318  1245  1330 0.68 length=1614	scaffold=gi528858395	strand=-
430_g                -           1613 14164                -            693  5.8e-199  662.8  64.0   7   9   5.3e-18   4.6e-15   54.9   0.0   536   579  1364  1410  1360  1423 0.90 length=1614	scaffold=gi528858395	strand=-
430_g                -           1613 14164                -            693  5.8e-199  662.8  64.0   8   9   1.2e-28   1.1e-25   90.1   5.8   580   648  1446  1514  1439  1534 0.90 length=1614	scaffold=gi528858395	strand=-
430_g                -           1613 14164                -            693  5.8e-199  662.8  64.0   9   9   3.5e-05     0.031   12.6   4.9   667   692  1574  1599  1561  1600 0.90 length=1614	scaffold=gi528858395	strand=-
745_g                -           1613 14164                -            693  5.8e-199  662.8  64.0   1   9   4.2e-39   3.7e-36  124.7   0.0     1    89   325   424   325   427 0.91 length=1614	scaffold=gi527315607	strand=+
745_g                -           1613 14164                -            693  5.8e-199  662.8  64.0   2   9   2.3e-63     2e-60  204.9   0.0    89   212   459   583   450   588 0.93 length=1614	scaffold=gi527315607	strand=+
745_g                -           1613 14164                -            693  5.8e-199  662.8  64.0   3   9   6.1e-33   5.4e-30  104.3   0.0   210   347   626   765   609   803 0.82 length=1614	scaffold=gi527315607	strand=+
745_g                -           1613 14164                -            693  5.8e-199  662.8  64.0   4   9     6e-11   5.3e-08   31.6   3.7   341   409   993  1064   990  1084 0.87 length=1614	scaffold=gi527315607	strand=+
745_g                -           1613 14164                -            693  5.8e-199  662.8  64.0   5   9   2.3e-19     2e-16   59.4  10.4   405   518  1094  1226  1083  1240 0.78 length=1614	scaffold=gi527315607	strand=+
745_g                -           1613 14164                -            693  5.8e-199  662.8  64.0   6   9      0.13   1.2e+02    0.8   4.7   317   378  1257  1318  1245  1330 0.68 length=1614	scaffold=gi527315607	strand=+
745_g                -           1613 14164                -            693  5.8e-199  662.8  64.0   7   9   5.3e-18   4.6e-15   54.9   0.0   536   579  1364  1410  1360  1423 0.90 length=1614	scaffold=gi527315607	strand=+
745_g                -           1613 14164                -            693  5.8e-199  662.8  64.0   8   9   1.2e-28   1.1e-25   90.1   5.8   580   648  1446  1514  1439  1534 0.90 length=1614	scaffold=gi527315607	strand=+
745_g                -           1613 14164                -            693  5.8e-199  662.8  64.0   9   9   3.5e-05     0.031   12.6   4.9   667   692  1574  1599  1561  1600 0.90 length=1614	scaffold=gi527315607	strand=+
5597_g               -            394 14164                -            693   1.5e-37  129.3  12.4   1   4     0.011       9.9    4.3   0.4     1    17     8    24     8    36 0.85 length=395	scaffold=gi528858388	strand=+
5597_g               -            394 14164                -            693   1.5e-37  129.3  12.4   2   4       3.8   3.3e+03   -4.1   4.5   470   496    81   107    45   118 0.52 length=395	scaffold=gi528858388	strand=+
5597_g               -            394 14164                -            693   1.5e-37  129.3  12.4   3   4   0.00024      0.21    9.8   0.0    29    46   120   137   117   141 0.88 length=395	scaffold=gi528858388	strand=+
5597_g               -            394 14164                -            693   1.5e-37  129.3  12.4   4   4     4e-38   3.5e-35  121.4   0.0    48   182   180   314   166   338 0.94 length=395	scaffold=gi528858388	strand=+
6651_g               -            493 14164                -            693   5.2e-36  124.2   0.0   1   5       5.5   4.9e+03   -4.6   7.4   322   363    46    87    21   106 0.48 length=494	scaffold=gi527312496	strand=-
6651_g               -            493 14164                -            693   5.2e-36  124.2   0.0   2   5     0.014        12    4.0   0.4     1    17   107   123   107   138 0.85 length=494	scaffold=gi527312496	strand=-
6651_g               -            493 14164                -            693   5.2e-36  124.2   0.0   3   5       4.2   3.7e+03   -4.2   3.8   470   498   180   209   160   217 0.49 length=494	scaffold=gi527312496	strand=-
6651_g               -            493 14164                -            693   5.2e-36  124.2   0.0   4   5   0.00029      0.25    9.5   0.0    29    46   219   236   211   240 0.89 length=494	scaffold=gi527312496	strand=-
6651_g               -            493 14164                -            693   5.2e-36  124.2   0.0   5   5   6.7e-38   5.9e-35  120.7   0.0    48   182   279   413   266   425 0.94 length=494	scaffold=gi527312496	strand=-
1613_g               -            575 14164                -            693   7.3e-17   60.9   0.0   1   2   5.4e-06    0.0048   15.2   0.0    19    63   295   342   290   348 0.85 length=576	scaffold=gi527315322	strand=+
1613_g               -            575 14164                -            693   7.3e-17   60.9   0.0   2   2   1.5e-14   1.3e-11   43.5   0.0    58   170   388   500   373   501 0.90 length=576	scaffold=gi527315322	strand=+
796_g                -            575 14164                -            693   7.3e-17   60.9   0.0   1   2   5.4e-06    0.0048   15.2   0.0    19    63   295   342   290   348 0.85 length=576	scaffold=gi528858394	strand=+
796_g                -            575 14164                -            693   7.3e-17   60.9   0.0   2   2   1.5e-14   1.3e-11   43.5   0.0    58   170   388   500   373   501 0.90 length=576	scaffold=gi528858394	strand=+
1658_g               -           2332 14164                -            693     4e-06   25.4   0.1   1   1   8.7e-09   7.7e-06   24.5   0.1   115   176  1190  1253  1181  1257 0.90 length=2333	scaffold=gi527315322	strand=+
841_g                -           2332 14164                -            693     4e-06   25.4   0.1   1   1   8.7e-09   7.7e-06   24.5   0.1   115   176  1190  1253  1181  1257 0.90 length=2333	scaffold=gi528858394	strand=+
11213_g              -           2169 14164                -            693   3.3e-05   22.4   0.0   1   2   3.8e-08   3.3e-05   22.4   0.0    91   180   816   907   810   911 0.93 length=2170	scaffold=gi528858383	strand=+
11213_g              -           2169 14164                -            693   3.3e-05   22.4   0.0   2   2       9.7   8.6e+03   -5.4   3.8   486   507  1355  1376  1332  1395 0.44 length=2170	scaffold=gi528858383	strand=+
12010_g              -           2169 14164                -            693   3.3e-05   22.4   0.0   1   2   3.8e-08   3.3e-05   22.4   0.0    91   180   816   907   810   911 0.93 length=2170	scaffold=gi527307902	strand=+
12010_g              -           2169 14164                -            693   3.3e-05   22.4   0.0   2   2       9.7   8.6e+03   -5.4   3.8   486   507  1355  1376  1332  1395 0.44 length=2170	scaffold=gi527307902	strand=+
5581_g               -           1298 14164                -            693       0.2    9.9   2.0   1   1   0.00036      0.32    9.2   2.0   420   537   917  1045   872  1055 0.71 length=1299	scaffold=gi528858388	strand=-
6666_g               -           1298 14164                -            693       0.2    9.9   2.0   1   1   0.00036      0.32    9.2   2.0   420   537   917  1045   872  1055 0.71 length=1299	scaffold=gi527312496	strand=+
12547_g              -            116 14164                -            693      0.91    7.7  20.5   1   1    0.0012         1    7.5  20.5   345   420    25   102     8   109 0.56 length=117	scaffold=gi527308984	strand=-
9974_g               -            116 14164                -            693      0.91    7.7  20.5   1   1    0.0012         1    7.5  20.5   345   420    25   102     8   109 0.56 length=117	scaffold=gi528858384	strand=+
11017_g              -            159 14164                -            693       2.3    6.4  10.1   1   1    0.0033       2.9    6.0  10.1   320   378    14    72     2    76 0.74 length=160	scaffold=gi528858383	strand=-
11814_g              -            159 14164                -            693       2.3    6.4  10.1   1   1    0.0033       2.9    6.0  10.1   320   378    14    72     2    76 0.74 length=160	scaffold=gi527307902	strand=-
4901_g               -           1454 14164                -            693       4.9    5.3  25.0   1   1    0.0099       8.8    4.5  25.0   315   411  1117  1213  1021  1234 0.62 length=1455	scaffold=gi528858389	strand=+
5373_g               -           1454 14164                -            693       4.9    5.3  25.0   1   1    0.0099       8.8    4.5  25.0   315   411  1117  1213  1021  1234 0.62 length=1455	scaffold=gi527313191	strand=+
#
# Program:         hmmsearch
# Version:         3.4 (Aug 2023)
# Pipeline mode:   SEARCH
# Query file:      /home/inf-20-2025/Malaria/busco_downloads/lineages/apicomplexa_odb12/hmms/14164at5794.hmm
# Target file:     /home/inf-20-2025/Malaria/Results/6_nobird_annotation/T_gondii.faa
# Option settings: hmmsearch --domtblout Results/8_busco/T_gondii/run_apicomplexa_odb12/hmmer_output/initial_run_results/14164at5794.out --cpu 1 /home/inf-20-2025/Malaria/busco_downloads/lineages/apicomplexa_odb12/hmms/14164at5794.hmm /home/inf-20-2025/Malaria/Results/6_nobird_annotation/T_gondii.faa 
# Current dir:     /home/inf-20-2025/Malaria
# Date:            Wed Mar  4 18:33:08 2026
# [ok]
