#                                                                            --- full sequence --- -------------- this domain -------------   hmm coord   ali coord   env coord
# target name        accession   tlen query name           accession   qlen   E-value  score  bias   #  of  c-Evalue  i-Evalue  score  bias  from    to  from    to  from    to  acc description of target
#------------------- ---------- ----- -------------------- ---------- ----- --------- ------ ----- --- --- --------- --------- ------ ----- ----- ----- ----- ----- ----- ----- ---- ---------------------
10598_g              -            626 14730                -            144   1.1e-83  278.5   5.8   1   8   4.7e-12   9.4e-09   35.5   0.0     1    74     1    76     1    78 0.91 length=627	scaffold=gi528858383	strand=-
10598_g              -            626 14730                -            144   1.1e-83  278.5   5.8   2   8   4.7e-12   9.4e-09   35.5   0.0     1    74    77   152    77   154 0.91 length=627	scaffold=gi528858383	strand=-
10598_g              -            626 14730                -            144   1.1e-83  278.5   5.8   3   8   4.7e-12   9.4e-09   35.5   0.0     1    74   153   228   153   230 0.91 length=627	scaffold=gi528858383	strand=-
10598_g              -            626 14730                -            144   1.1e-83  278.5   5.8   4   8   4.7e-12   9.4e-09   35.5   0.0     1    74   229   304   229   306 0.91 length=627	scaffold=gi528858383	strand=-
10598_g              -            626 14730                -            144   1.1e-83  278.5   5.8   5   8   6.5e-12   1.3e-08   35.0   0.0     1    74   305   380   305   381 0.91 length=627	scaffold=gi528858383	strand=-
10598_g              -            626 14730                -            144   1.1e-83  278.5   5.8   6   8   6.5e-12   1.3e-08   35.1   0.0     1    74   381   456   381   457 0.91 length=627	scaffold=gi528858383	strand=-
10598_g              -            626 14730                -            144   1.1e-83  278.5   5.8   7   8   6.5e-12   1.3e-08   35.0   0.0     1    74   457   532   457   533 0.91 length=627	scaffold=gi528858383	strand=-
10598_g              -            626 14730                -            144   1.1e-83  278.5   5.8   8   8   1.7e-10   3.4e-07   30.5   0.0     1    68   533   602   533   606 0.89 length=627	scaffold=gi528858383	strand=-
11395_g              -            626 14730                -            144   1.1e-83  278.5   5.8   1   8   4.7e-12   9.4e-09   35.5   0.0     1    74     1    76     1    78 0.91 length=627	scaffold=gi527307902	strand=-
11395_g              -            626 14730                -            144   1.1e-83  278.5   5.8   2   8   4.7e-12   9.4e-09   35.5   0.0     1    74    77   152    77   154 0.91 length=627	scaffold=gi527307902	strand=-
11395_g              -            626 14730                -            144   1.1e-83  278.5   5.8   3   8   4.7e-12   9.4e-09   35.5   0.0     1    74   153   228   153   230 0.91 length=627	scaffold=gi527307902	strand=-
11395_g              -            626 14730                -            144   1.1e-83  278.5   5.8   4   8   4.7e-12   9.4e-09   35.5   0.0     1    74   229   304   229   306 0.91 length=627	scaffold=gi527307902	strand=-
11395_g              -            626 14730                -            144   1.1e-83  278.5   5.8   5   8   6.5e-12   1.3e-08   35.0   0.0     1    74   305   380   305   381 0.91 length=627	scaffold=gi527307902	strand=-
11395_g              -            626 14730                -            144   1.1e-83  278.5   5.8   6   8   6.5e-12   1.3e-08   35.1   0.0     1    74   381   456   381   457 0.91 length=627	scaffold=gi527307902	strand=-
11395_g              -            626 14730                -            144   1.1e-83  278.5   5.8   7   8   6.5e-12   1.3e-08   35.0   0.0     1    74   457   532   457   533 0.91 length=627	scaffold=gi527307902	strand=-
11395_g              -            626 14730                -            144   1.1e-83  278.5   5.8   8   8   1.7e-10   3.4e-07   30.5   0.0     1    68   533   602   533   606 0.89 length=627	scaffold=gi527307902	strand=-
10802_g              -            154 14730                -            144   4.6e-61  205.1   3.4   1   1   2.6e-64   5.2e-61  205.0   3.4     1   143     1   150     1   151 0.92 length=155	scaffold=gi528858383	strand=-
11599_g              -            154 14730                -            144   4.6e-61  205.1   3.4   1   1   2.6e-64   5.2e-61  205.0   3.4     1   143     1   150     1   151 0.92 length=155	scaffold=gi527307902	strand=-
2849_g               -            129 14730                -            144   4.1e-10   39.9   0.8   1   1   2.7e-13   5.4e-10   39.5   0.5     1    74     1    76     1   116 0.92 length=130	scaffold=gi528858386	strand=+
3530_g               -            129 14730                -            144   4.1e-10   39.9   0.8   1   1   2.7e-13   5.4e-10   39.5   0.5     1    74     1    76     1   116 0.92 length=130	scaffold=gi527310881	strand=+
13311_g              -            399 14730                -            144     0.098   12.7   0.1   1   1   9.2e-05      0.18   11.9   0.1     2    65     5    70     4    82 0.80 length=400	scaffold=gi527309735	strand=+
9358_g               -            399 14730                -            144     0.098   12.7   0.1   1   1   9.2e-05      0.18   11.9   0.1     2    65     5    70     4    82 0.80 length=400	scaffold=gi528858385	strand=-
#
# Program:         hmmsearch
# Version:         3.4 (Aug 2023)
# Pipeline mode:   SEARCH
# Query file:      /home/inf-20-2025/Malaria/busco_downloads/lineages/apicomplexa_odb12/hmms/14730at5794.hmm
# Target file:     /home/inf-20-2025/Malaria/Results/6_nobird_annotation/T_gondii.faa
# Option settings: hmmsearch --domtblout Results/8_busco/T_gondii/run_apicomplexa_odb12/hmmer_output/initial_run_results/14730at5794.out --cpu 1 /home/inf-20-2025/Malaria/busco_downloads/lineages/apicomplexa_odb12/hmms/14730at5794.hmm /home/inf-20-2025/Malaria/Results/6_nobird_annotation/T_gondii.faa 
# Current dir:     /home/inf-20-2025/Malaria
# Date:            Wed Mar  4 18:33:11 2026
# [ok]
