#                                                                            --- full sequence --- -------------- this domain -------------   hmm coord   ali coord   env coord
# target name        accession   tlen query name           accession   qlen   E-value  score  bias   #  of  c-Evalue  i-Evalue  score  bias  from    to  from    to  from    to  acc description of target
#------------------- ---------- ----- -------------------- ---------- ----- --------- ------ ----- --- --- --------- --------- ------ ----- ----- ----- ----- ----- ----- ----- ---- ---------------------
6423_g               -            118 16038                -            114   3.2e-51  171.8   2.7   1   1   3.5e-54   3.7e-51  171.6   2.7     1   114     1   118     1   118 0.90 length=119	scaffold=gi527312496	strand=+
5826_g               -            833 16038                -            114   3.8e-49  165.1   2.7   1   4       1.5   1.5e+03   -1.2   1.4    71    91   447   467   439   477 0.56 length=834	scaffold=gi528858388	strand=-
5826_g               -            833 16038                -            114   3.8e-49  165.1   2.7   2   4       2.2   2.3e+03   -1.7   4.0    80   103   524   547   506   552 0.54 length=834	scaffold=gi528858388	strand=-
5826_g               -            833 16038                -            114   3.8e-49  165.1   2.7   3   4       7.7   8.1e+03   -3.5   3.0    89   101   620   632   596   640 0.54 length=834	scaffold=gi528858388	strand=-
5826_g               -            833 16038                -            114   3.8e-49  165.1   2.7   4   4   3.6e-52   3.8e-49  165.1   2.7     1   114   716   833   716   833 0.90 length=834	scaffold=gi528858388	strand=-
12652_g              -            113 16038                -            114     4e-13   49.1   9.1   1   1   1.6e-15   1.7e-12   47.0   9.1    26   114    14   113     3   113 0.70 length=114	scaffold=gi527308984	strand=+
9871_g               -            113 16038                -            114     4e-13   49.1   9.1   1   1   1.6e-15   1.7e-12   47.0   9.1    26   114    14   113     3   113 0.70 length=114	scaffold=gi528858384	strand=-
10697_g              -            164 16038                -            114   4.7e-13   48.8   3.2   1   1     1e-15   1.1e-12   47.7   3.2    64   114   114   164   111   164 0.96 length=165	scaffold=gi528858383	strand=+
11494_g              -            164 16038                -            114   4.7e-13   48.8   3.2   1   1     1e-15   1.1e-12   47.7   3.2    64   114   114   164   111   164 0.96 length=165	scaffold=gi527307902	strand=+
4693_g               -             69 16038                -            114      0.05   13.3   0.3   1   1   4.9e-05     0.052   13.3   0.3    78   109    30    61     2    63 0.73 length=70	scaffold=gi528858389	strand=+
5165_g               -             69 16038                -            114      0.05   13.3   0.3   1   1   4.9e-05     0.052   13.3   0.3    78   109    30    61     2    63 0.73 length=70	scaffold=gi527313191	strand=+
5678_g               -            827 16038                -            114     0.099   12.3   0.2   1   2       3.8     4e+03   -2.5   1.7    88   107   315   334   300   336 0.59 length=828	scaffold=gi528858388	strand=+
5678_g               -            827 16038                -            114     0.099   12.3   0.2   2   2   9.3e-05     0.099   12.3   0.2    75   109   558   592   527   595 0.72 length=828	scaffold=gi528858388	strand=+
6569_g               -            827 16038                -            114     0.099   12.3   0.2   1   2       3.8     4e+03   -2.5   1.7    88   107   315   334   300   336 0.59 length=828	scaffold=gi527312496	strand=-
6569_g               -            827 16038                -            114     0.099   12.3   0.2   2   2   9.3e-05     0.099   12.3   0.2    75   109   558   592   527   595 0.72 length=828	scaffold=gi527312496	strand=-
15521_g              -            224 16038                -            114      0.26   11.0   0.8   1   2       1.3   1.4e+03   -1.0   0.1    70    86    86   102    83   119 0.48 length=224	scaffold=gi527305913	strand=+
15521_g              -            224 16038                -            114      0.26   11.0   0.8   2   2   0.00058      0.61    9.8   0.0    49   109   145   205   135   208 0.80 length=224	scaffold=gi527305913	strand=+
4634_g               -           1454 16038                -            114      0.56    9.9   9.1   1   1    0.0015       1.6    8.5   9.1    74   112  1139  1176  1134  1178 0.64 length=1455	scaffold=gi528858389	strand=-
5106_g               -           1454 16038                -            114      0.56    9.9   9.1   1   1    0.0015       1.6    8.5   9.1    74   112  1139  1176  1134  1178 0.64 length=1455	scaffold=gi527313191	strand=-
1786_g               -           1383 16038                -            114       3.3    7.4   6.5   1   1    0.0023       2.4    7.9   2.9    75   105   687   717   667   726 0.46 length=1384	scaffold=gi527315322	strand=+
969_g                -           1383 16038                -            114       3.3    7.4   6.5   1   1    0.0023       2.4    7.9   2.9    75   105   687   717   667   726 0.46 length=1384	scaffold=gi528858394	strand=+
#
# Program:         hmmsearch
# Version:         3.4 (Aug 2023)
# Pipeline mode:   SEARCH
# Query file:      /home/inf-20-2025/Malaria/busco_downloads/lineages/apicomplexa_odb12/hmms/16038at5794.hmm
# Target file:     /home/inf-20-2025/Malaria/Results/6_nobird_annotation/T_gondii.faa
# Option settings: hmmsearch --domtblout Results/8_busco/T_gondii/run_apicomplexa_odb12/hmmer_output/initial_run_results/16038at5794.out --cpu 1 /home/inf-20-2025/Malaria/busco_downloads/lineages/apicomplexa_odb12/hmms/16038at5794.hmm /home/inf-20-2025/Malaria/Results/6_nobird_annotation/T_gondii.faa 
# Current dir:     /home/inf-20-2025/Malaria
# Date:            Wed Mar  4 18:33:06 2026
# [ok]
