#                                                                            --- full sequence --- -------------- this domain -------------   hmm coord   ali coord   env coord
# target name        accession   tlen query name           accession   qlen   E-value  score  bias   #  of  c-Evalue  i-Evalue  score  bias  from    to  from    to  from    to  acc description of target
#------------------- ---------- ----- -------------------- ---------- ----- --------- ------ ----- --- --- --------- --------- ------ ----- ----- ----- ----- ----- ----- ----- ---- ---------------------
2073_g               -            483 16211                -            124   9.6e-43  144.5   0.0   1   1   1.2e-44   2.2e-42  143.3   0.0    23   110   271   366   262   373 0.93 length=484	scaffold=gi528858392	strand=-
2186_g               -            483 16211                -            124   9.6e-43  144.5   0.0   1   1   1.2e-44   2.2e-42  143.3   0.0    23   110   271   366   262   373 0.93 length=484	scaffold=gi527314726	strand=+
13398_g              -            768 16211                -            124   5.5e-25   87.1   0.9   1   4   7.3e-09   1.4e-06   27.7   0.0    35   103    83   152    70   162 0.89 length=769	scaffold=gi527309735	strand=-
13398_g              -            768 16211                -            124   5.5e-25   87.1   0.9   2   4   1.4e-07   2.6e-05   23.6   0.1    36    94   172   229   160   244 0.90 length=769	scaffold=gi527309735	strand=-
13398_g              -            768 16211                -            124   5.5e-25   87.1   0.9   3   4    0.0091       1.7    8.0   0.0    28    94   254   318   246   327 0.76 length=769	scaffold=gi527309735	strand=-
13398_g              -            768 16211                -            124   5.5e-25   87.1   0.9   4   4   2.1e-07     4e-05   23.0   0.0    18    94   371   446   360   469 0.88 length=769	scaffold=gi527309735	strand=-
9270_g               -            768 16211                -            124   5.5e-25   87.1   0.9   1   4   7.3e-09   1.4e-06   27.7   0.0    35   103    83   152    70   162 0.89 length=769	scaffold=gi528858385	strand=+
9270_g               -            768 16211                -            124   5.5e-25   87.1   0.9   2   4   1.4e-07   2.6e-05   23.6   0.1    36    94   172   229   160   244 0.90 length=769	scaffold=gi528858385	strand=+
9270_g               -            768 16211                -            124   5.5e-25   87.1   0.9   3   4    0.0091       1.7    8.0   0.0    28    94   254   318   246   327 0.76 length=769	scaffold=gi528858385	strand=+
9270_g               -            768 16211                -            124   5.5e-25   87.1   0.9   4   4   2.1e-07     4e-05   23.0   0.0    18    94   371   446   360   469 0.88 length=769	scaffold=gi528858385	strand=+
1989_g               -           1148 16211                -            124   2.6e-23   81.8   0.1   1   4       0.2        38    3.7   0.0    46   107   213   275   198   283 0.76 length=1149	scaffold=gi528858392	strand=+
1989_g               -           1148 16211                -            124   2.6e-23   81.8   0.1   2   4   1.2e-07   2.3e-05   23.7   0.0    39   113   479   554   454   564 0.87 length=1149	scaffold=gi528858392	strand=+
1989_g               -           1148 16211                -            124   2.6e-23   81.8   0.1   3   4   9.1e-07   0.00017   20.9   0.1     8    78   910   980   904  1031 0.75 length=1149	scaffold=gi528858392	strand=+
1989_g               -           1148 16211                -            124   2.6e-23   81.8   0.1   4   4   4.8e-07     9e-05   21.8   0.0    32   104  1059  1131  1049  1140 0.86 length=1149	scaffold=gi528858392	strand=+
2271_g               -           1148 16211                -            124   2.6e-23   81.8   0.1   1   4       0.2        38    3.7   0.0    46   107   213   275   198   283 0.76 length=1149	scaffold=gi527314726	strand=-
2271_g               -           1148 16211                -            124   2.6e-23   81.8   0.1   2   4   1.2e-07   2.3e-05   23.7   0.0    39   113   479   554   454   564 0.87 length=1149	scaffold=gi527314726	strand=-
2271_g               -           1148 16211                -            124   2.6e-23   81.8   0.1   3   4   9.1e-07   0.00017   20.9   0.1     8    78   910   980   904  1031 0.75 length=1149	scaffold=gi527314726	strand=-
2271_g               -           1148 16211                -            124   2.6e-23   81.8   0.1   4   4   4.8e-07     9e-05   21.8   0.0    32   104  1059  1131  1049  1140 0.86 length=1149	scaffold=gi527314726	strand=-
1911_g               -           1216 16211                -            124   3.1e-23   81.5   0.0   1   3   2.4e-09   4.5e-07   29.3   0.0    30   111   240   321   223   332 0.88 length=1217	scaffold=gi528858392	strand=+
1911_g               -           1216 16211                -            124   3.1e-23   81.5   0.0   2   3     5e-06   0.00095   18.5   0.0    36   110   392   466   387   475 0.84 length=1217	scaffold=gi528858392	strand=+
1911_g               -           1216 16211                -            124   3.1e-23   81.5   0.0   3   3     2e-09   3.8e-07   29.5   0.0    36   112   728   805   701   813 0.87 length=1217	scaffold=gi528858392	strand=+
2350_g               -           1216 16211                -            124   3.1e-23   81.5   0.0   1   3   2.4e-09   4.5e-07   29.3   0.0    30   111   240   321   223   332 0.88 length=1217	scaffold=gi527314726	strand=-
2350_g               -           1216 16211                -            124   3.1e-23   81.5   0.0   2   3     5e-06   0.00095   18.5   0.0    36   110   392   466   387   475 0.84 length=1217	scaffold=gi527314726	strand=-
2350_g               -           1216 16211                -            124   3.1e-23   81.5   0.0   3   3     2e-09   3.8e-07   29.5   0.0    36   112   728   805   701   813 0.87 length=1217	scaffold=gi527314726	strand=-
12633_g              -            458 16211                -            124   1.2e-22   79.5   0.2   1   2   4.6e-15   8.7e-13   47.7   0.2    25   107    85   167    75   173 0.85 length=459	scaffold=gi527308984	strand=+
12633_g              -            458 16211                -            124   1.2e-22   79.5   0.2   2   2   1.4e-09   2.7e-07   30.0   0.0    23    93   175   246   161   260 0.87 length=459	scaffold=gi527308984	strand=+
9890_g               -            458 16211                -            124   1.2e-22   79.5   0.2   1   2   4.6e-15   8.7e-13   47.7   0.2    25   107    85   167    75   173 0.85 length=459	scaffold=gi528858384	strand=-
9890_g               -            458 16211                -            124   1.2e-22   79.5   0.2   2   2   1.4e-09   2.7e-07   30.0   0.0    23    93   175   246   161   260 0.87 length=459	scaffold=gi528858384	strand=-
4893_g               -            617 16211                -            124   1.3e-21   76.2   0.0   1   3   6.9e-13   1.3e-10   40.7   0.0    29   108    70   147    53   157 0.85 length=618	scaffold=gi528858389	strand=+
4893_g               -            617 16211                -            124   1.3e-21   76.2   0.0   2   3   5.9e-09   1.1e-06   28.0   0.0    17    94   231   309   220   320 0.83 length=618	scaffold=gi528858389	strand=+
4893_g               -            617 16211                -            124   1.3e-21   76.2   0.0   3   3      0.23        44    3.5   0.0    50   105   548   600   539   608 0.83 length=618	scaffold=gi528858389	strand=+
5365_g               -            617 16211                -            124   1.3e-21   76.2   0.0   1   3   6.9e-13   1.3e-10   40.7   0.0    29   108    70   147    53   157 0.85 length=618	scaffold=gi527313191	strand=+
5365_g               -            617 16211                -            124   1.3e-21   76.2   0.0   2   3   5.9e-09   1.1e-06   28.0   0.0    17    94   231   309   220   320 0.83 length=618	scaffold=gi527313191	strand=+
5365_g               -            617 16211                -            124   1.3e-21   76.2   0.0   3   3      0.23        44    3.5   0.0    50   105   548   600   539   608 0.83 length=618	scaffold=gi527313191	strand=+
570_g                -            521 16211                -            124     3e-21   75.1   0.3   1   3   4.4e-08   8.3e-06   25.2   0.0    37    94    39    96    35   109 0.92 length=522	scaffold=gi528858395	strand=+
570_g                -            521 16211                -            124     3e-21   75.1   0.3   2   3   7.5e-07   0.00014   21.2   0.0    31    93   133   195   110   208 0.83 length=522	scaffold=gi528858395	strand=+
570_g                -            521 16211                -            124     3e-21   75.1   0.3   3   3   5.5e-08     1e-05   24.9   0.0    21   111   377   468   366   475 0.81 length=522	scaffold=gi528858395	strand=+
603_g                -            521 16211                -            124     3e-21   75.1   0.3   1   3   4.4e-08   8.3e-06   25.2   0.0    37    94    39    96    35   109 0.92 length=522	scaffold=gi527315607	strand=-
603_g                -            521 16211                -            124     3e-21   75.1   0.3   2   3   7.5e-07   0.00014   21.2   0.0    31    93   133   195   110   208 0.83 length=522	scaffold=gi527315607	strand=-
603_g                -            521 16211                -            124     3e-21   75.1   0.3   3   3   5.5e-08     1e-05   24.9   0.0    21   111   377   468   366   475 0.81 length=522	scaffold=gi527315607	strand=-
10085_g              -            617 16211                -            124     2e-20   72.4   0.8   1   2   7.7e-15   1.5e-12   47.0   1.0     9   113   196   297   187   311 0.75 length=618	scaffold=gi528858384	strand=+
10085_g              -            617 16211                -            124     2e-20   72.4   0.8   2   2   1.9e-07   3.5e-05   23.2   0.0    36   107   325   400   295   414 0.77 length=618	scaffold=gi528858384	strand=+
2953_g               -           1082 16211                -            124     6e-20   70.9   5.0   1   2   2.7e-11     5e-09   35.6   0.0    28   108   814   889   786   905 0.75 length=1083	scaffold=gi528858386	strand=+
2953_g               -           1082 16211                -            124     6e-20   70.9   5.0   2   2   1.9e-11   3.5e-09   36.1   0.0    35   105   935  1005   927  1009 0.93 length=1083	scaffold=gi528858386	strand=+
3634_g               -           1082 16211                -            124     6e-20   70.9   5.0   1   2   2.7e-11     5e-09   35.6   0.0    28   108   814   889   786   905 0.75 length=1083	scaffold=gi527310881	strand=+
3634_g               -           1082 16211                -            124     6e-20   70.9   5.0   2   2   1.9e-11   3.5e-09   36.1   0.0    35   105   935  1005   927  1009 0.93 length=1083	scaffold=gi527310881	strand=+
7431_g               -           1491 16211                -            124     4e-19   68.2   0.0   1   3   0.00033     0.062   12.7   0.0    37    93   759   815   756   824 0.92 length=1492	scaffold=gi528858387	strand=+
7431_g               -           1491 16211                -            124     4e-19   68.2   0.0   2   3   7.9e-09   1.5e-06   27.6   0.0    32    92   857   917   849   932 0.88 length=1492	scaffold=gi528858387	strand=+
7431_g               -           1491 16211                -            124     4e-19   68.2   0.0   3   3   1.4e-07   2.6e-05   23.6   0.0    37   111  1065  1140  1063  1147 0.90 length=1492	scaffold=gi528858387	strand=+
7489_g               -           1491 16211                -            124     4e-19   68.2   0.0   1   3   0.00033     0.062   12.7   0.0    37    93   759   815   756   824 0.92 length=1492	scaffold=gi527311550	strand=-
7489_g               -           1491 16211                -            124     4e-19   68.2   0.0   2   3   7.9e-09   1.5e-06   27.6   0.0    32    92   857   917   849   932 0.88 length=1492	scaffold=gi527311550	strand=-
7489_g               -           1491 16211                -            124     4e-19   68.2   0.0   3   3   1.4e-07   2.6e-05   23.6   0.0    37   111  1065  1140  1063  1147 0.90 length=1492	scaffold=gi527311550	strand=-
12435_g              -           2640 16211                -            124   8.2e-19   67.2   0.8   1   2   4.9e-14   9.2e-12   44.4   0.9     9   113   196   297   187   311 0.75 length=2641	scaffold=gi527308984	strand=-
12435_g              -           2640 16211                -            124   8.2e-19   67.2   0.8   2   2   1.2e-06   0.00023   20.5   0.0    36   107   325   400   295   414 0.77 length=2641	scaffold=gi527308984	strand=-
2636_g               -            542 16211                -            124   1.2e-15   56.9   6.9   1   2   3.2e-06   0.00061   19.2   0.0    38    91   162   215   157   232 0.87 length=543	scaffold=gi528858386	strand=-
2636_g               -            542 16211                -            124   1.2e-15   56.9   6.9   2   2   4.3e-13   8.1e-11   41.4   0.0    33    94   241   302   225   313 0.91 length=543	scaffold=gi528858386	strand=-
3317_g               -            542 16211                -            124   1.2e-15   56.9   6.9   1   2   3.2e-06   0.00061   19.2   0.0    38    91   162   215   157   232 0.87 length=543	scaffold=gi527310881	strand=-
3317_g               -            542 16211                -            124   1.2e-15   56.9   6.9   2   2   4.3e-13   8.1e-11   41.4   0.0    33    94   241   302   225   313 0.91 length=543	scaffold=gi527310881	strand=-
5689_g               -            252 16211                -            124   1.3e-14   53.6   0.0   1   2   2.4e-12   4.5e-10   39.0   0.0    31   122    19   109     2   111 0.85 length=253	scaffold=gi528858388	strand=+
5689_g               -            252 16211                -            124   1.3e-14   53.6   0.0   2   2   0.00032      0.06   12.7   0.0    33    63   213   243   207   248 0.89 length=253	scaffold=gi528858388	strand=+
6558_g               -            252 16211                -            124   1.3e-14   53.6   0.0   1   2   2.4e-12   4.5e-10   39.0   0.0    31   122    19   109     2   111 0.85 length=253	scaffold=gi527312496	strand=-
6558_g               -            252 16211                -            124   1.3e-14   53.6   0.0   2   2   0.00032      0.06   12.7   0.0    33    63   213   243   207   248 0.89 length=253	scaffold=gi527312496	strand=-
2969_g               -           2872 16211                -            124   1.2e-13   50.6   0.4   1   4   6.8e-10   1.3e-07   31.0   0.0    26   109  2149  2232  2125  2242 0.80 length=2873	scaffold=gi528858386	strand=-
2969_g               -           2872 16211                -            124   1.2e-13   50.6   0.4   2   4      0.37        71    2.8   0.0    74    95  2301  2322  2292  2331 0.88 length=2873	scaffold=gi528858386	strand=-
2969_g               -           2872 16211                -            124   1.2e-13   50.6   0.4   3   4      0.15        29    4.1   0.0    22    57  2372  2407  2362  2411 0.83 length=2873	scaffold=gi528858386	strand=-
2969_g               -           2872 16211                -            124   1.2e-13   50.6   0.4   4   4     0.038       7.2    6.0   0.0    70   100  2515  2545  2512  2552 0.88 length=2873	scaffold=gi528858386	strand=-
3650_g               -           2872 16211                -            124   1.2e-13   50.6   0.4   1   4   6.8e-10   1.3e-07   31.0   0.0    26   109  2149  2232  2125  2242 0.80 length=2873	scaffold=gi527310881	strand=-
3650_g               -           2872 16211                -            124   1.2e-13   50.6   0.4   2   4      0.37        71    2.8   0.0    74    95  2301  2322  2292  2331 0.88 length=2873	scaffold=gi527310881	strand=-
3650_g               -           2872 16211                -            124   1.2e-13   50.6   0.4   3   4      0.15        29    4.1   0.0    22    57  2372  2407  2362  2411 0.83 length=2873	scaffold=gi527310881	strand=-
3650_g               -           2872 16211                -            124   1.2e-13   50.6   0.4   4   4     0.038       7.2    6.0   0.0    70   100  2515  2545  2512  2552 0.88 length=2873	scaffold=gi527310881	strand=-
4150_g               -            872 16211                -            124   5.6e-12   45.1   0.3   1   3     0.071        13    5.1   0.0    17    45   530   558   511   570 0.69 length=873	scaffold=gi528858391	strand=+
4150_g               -            872 16211                -            124   5.6e-12   45.1   0.3   2   3       3.2   6.1e+02   -0.2   0.0    79   109   612   642   607   658 0.86 length=873	scaffold=gi528858391	strand=+
4150_g               -            872 16211                -            124   5.6e-12   45.1   0.3   3   3   3.4e-11   6.5e-09   35.2   0.0    34    99   657   722   652   738 0.89 length=873	scaffold=gi528858391	strand=+
8930_g               -            872 16211                -            124   5.6e-12   45.1   0.3   1   3     0.071        13    5.1   0.0    17    45   530   558   511   570 0.69 length=873	scaffold=gi527314250	strand=+
8930_g               -            872 16211                -            124   5.6e-12   45.1   0.3   2   3       3.2   6.1e+02   -0.2   0.0    79   109   612   642   607   658 0.86 length=873	scaffold=gi527314250	strand=+
8930_g               -            872 16211                -            124   5.6e-12   45.1   0.3   3   3   3.4e-11   6.5e-09   35.2   0.0    34    99   657   722   652   738 0.89 length=873	scaffold=gi527314250	strand=+
7393_g               -            145 16211                -            124   6.7e-12   44.9   0.0   1   1   5.3e-14   9.9e-12   44.3   0.0    27   111    13    98     5   111 0.91 length=146	scaffold=gi528858387	strand=+
7525_g               -            145 16211                -            124   6.7e-12   44.9   0.0   1   1   5.3e-14   9.9e-12   44.3   0.0    27   111    13    98     5   111 0.91 length=146	scaffold=gi527311550	strand=-
2836_g               -            600 16211                -            124     1e-11   44.3   0.0   1   2    0.0059       1.1    8.6   0.0    23    53   293   324   279   329 0.71 length=601	scaffold=gi528858386	strand=+
2836_g               -            600 16211                -            124     1e-11   44.3   0.0   2   2   1.4e-10   2.7e-08   33.2   0.0    45   109   362   427   360   440 0.90 length=601	scaffold=gi528858386	strand=+
3517_g               -            600 16211                -            124     1e-11   44.3   0.0   1   2    0.0059       1.1    8.6   0.0    23    53   293   324   279   329 0.71 length=601	scaffold=gi527310881	strand=+
3517_g               -            600 16211                -            124     1e-11   44.3   0.0   2   2   1.4e-10   2.7e-08   33.2   0.0    45   109   362   427   360   440 0.90 length=601	scaffold=gi527310881	strand=+
4744_g               -            304 16211                -            124   5.1e-11   42.0   0.0   1   1   4.5e-13   8.5e-11   41.3   0.0    28   117    91   181    65   188 0.74 length=305	scaffold=gi528858389	strand=-
5216_g               -            304 16211                -            124   5.1e-11   42.0   0.0   1   1   4.5e-13   8.5e-11   41.3   0.0    28   117    91   181    65   188 0.74 length=305	scaffold=gi527313191	strand=-
13381_g              -            524 16211                -            124   6.1e-11   41.8   0.0   1   2    0.0056       1.1    8.7   0.0    35    61    29    55    17    97 0.89 length=525	scaffold=gi527309735	strand=+
13381_g              -            524 16211                -            124   6.1e-11   41.8   0.0   2   2   3.6e-09   6.8e-07   28.7   0.0    36   110   102   177    83   190 0.87 length=525	scaffold=gi527309735	strand=+
9287_g               -            524 16211                -            124   6.1e-11   41.8   0.0   1   2    0.0056       1.1    8.7   0.0    35    61    29    55    17    97 0.89 length=525	scaffold=gi528858385	strand=-
9287_g               -            524 16211                -            124   6.1e-11   41.8   0.0   2   2   3.6e-09   6.8e-07   28.7   0.0    36   110   102   177    83   190 0.87 length=525	scaffold=gi528858385	strand=-
3145_g               -            790 16211                -            124   4.3e-10   39.0   0.0   1   1   5.2e-12   9.9e-10   37.9   0.0    47   109    19    82     9    96 0.86 length=791	scaffold=gi528858386	strand=-
3826_g               -            790 16211                -            124   4.3e-10   39.0   0.0   1   1   5.2e-12   9.9e-10   37.9   0.0    47   109    19    82     9    96 0.86 length=791	scaffold=gi527310709	strand=-
4828_g               -           1046 16211                -            124     1e-09   37.8   0.0   1   3    0.0036      0.68    9.3   0.0    48    98    32    82    24    86 0.87 length=1047	scaffold=gi528858389	strand=-
4828_g               -           1046 16211                -            124     1e-09   37.8   0.0   2   3      0.39        73    2.8   0.0    31    70   118   157   111   163 0.89 length=1047	scaffold=gi528858389	strand=-
4828_g               -           1046 16211                -            124     1e-09   37.8   0.0   3   3   6.5e-07   0.00012   21.4   0.0    41   111   707   778   701   789 0.87 length=1047	scaffold=gi528858389	strand=-
5300_g               -           1046 16211                -            124     1e-09   37.8   0.0   1   3    0.0036      0.68    9.3   0.0    48    98    32    82    24    86 0.87 length=1047	scaffold=gi527313191	strand=-
5300_g               -           1046 16211                -            124     1e-09   37.8   0.0   2   3      0.39        73    2.8   0.0    31    70   118   157   111   163 0.89 length=1047	scaffold=gi527313191	strand=-
5300_g               -           1046 16211                -            124     1e-09   37.8   0.0   3   3   6.5e-07   0.00012   21.4   0.0    41   111   707   778   701   789 0.87 length=1047	scaffold=gi527313191	strand=-
13323_g              -            590 16211                -            124     3e-09   36.3   0.0   1   1   6.1e-11   1.1e-08   34.4   0.0    24   107   408   494   393   498 0.84 length=591	scaffold=gi527309735	strand=+
9346_g               -            590 16211                -            124     3e-09   36.3   0.0   1   1   6.1e-11   1.1e-08   34.4   0.0    24   107   408   494   393   498 0.84 length=591	scaffold=gi528858385	strand=-
2897_g               -            692 16211                -            124   3.4e-09   36.1   0.1   1   3      0.14        27    4.1   0.0    40    94   129   180   109   205 0.84 length=693	scaffold=gi528858386	strand=-
2897_g               -            692 16211                -            124   3.4e-09   36.1   0.1   2   3       1.2   2.2e+02    1.2   0.0    37    71   353   387   337   395 0.84 length=693	scaffold=gi528858386	strand=-
2897_g               -            692 16211                -            124   3.4e-09   36.1   0.1   3   3   1.7e-08   3.3e-06   26.5   0.0    35   108   474   548   462   557 0.91 length=693	scaffold=gi528858386	strand=-
3578_g               -            692 16211                -            124   3.4e-09   36.1   0.1   1   3      0.14        27    4.1   0.0    40    94   129   180   109   205 0.84 length=693	scaffold=gi527310881	strand=-
3578_g               -            692 16211                -            124   3.4e-09   36.1   0.1   2   3       1.2   2.2e+02    1.2   0.0    37    71   353   387   337   395 0.84 length=693	scaffold=gi527310881	strand=-
3578_g               -            692 16211                -            124   3.4e-09   36.1   0.1   3   3   1.7e-08   3.3e-06   26.5   0.0    35   108   474   548   462   557 0.91 length=693	scaffold=gi527310881	strand=-
579_g                -            435 16211                -            124   2.6e-08   33.3   0.1   1   2    0.0037      0.71    9.3   0.1    34    96     5    67     1    74 0.87 length=436	scaffold=gi528858395	strand=-
579_g                -            435 16211                -            124   2.6e-08   33.3   0.1   2   2   6.3e-07   0.00012   21.5   0.0    36   111   204   279   172   291 0.82 length=436	scaffold=gi528858395	strand=-
594_g                -            435 16211                -            124   2.6e-08   33.3   0.1   1   2    0.0037      0.71    9.3   0.1    34    96     5    67     1    74 0.87 length=436	scaffold=gi527315607	strand=+
594_g                -            435 16211                -            124   2.6e-08   33.3   0.1   2   2   6.3e-07   0.00012   21.5   0.0    36   111   204   279   172   291 0.82 length=436	scaffold=gi527315607	strand=+
6976_g               -            366 16211                -            124   4.1e-08   32.6   0.0   1   1   3.3e-10   6.2e-08   32.0   0.0    29    94   273   338   246   362 0.78 length=367	scaffold=gi528858387	strand=+
7936_g               -            366 16211                -            124   4.1e-08   32.6   0.0   1   1   3.3e-10   6.2e-08   32.0   0.0    29    94   273   338   246   362 0.78 length=367	scaffold=gi527311550	strand=-
3086_g               -            372 16211                -            124   8.2e-08   31.7   0.0   1   2     1e-05    0.0019   17.6   0.0    50   107   120   173   112   182 0.86 length=373	scaffold=gi528858386	strand=-
3086_g               -            372 16211                -            124   8.2e-08   31.7   0.0   2   2   0.00067      0.13   11.7   0.0    36   100   298   362   288   371 0.82 length=373	scaffold=gi528858386	strand=-
3767_g               -            372 16211                -            124   8.2e-08   31.7   0.0   1   2     1e-05    0.0019   17.6   0.0    50   107   120   173   112   182 0.86 length=373	scaffold=gi527310709	strand=-
3767_g               -            372 16211                -            124   8.2e-08   31.7   0.0   2   2   0.00067      0.13   11.7   0.0    36   100   298   362   288   371 0.82 length=373	scaffold=gi527310709	strand=-
2713_g               -            267 16211                -            124   9.4e-08   31.5   0.0   1   1   6.4e-10   1.2e-07   31.1   0.0    35    94    64   123    45   149 0.84 length=268	scaffold=gi528858386	strand=-
3394_g               -            267 16211                -            124   9.4e-08   31.5   0.0   1   1   6.4e-10   1.2e-07   31.1   0.0    35    94    64   123    45   149 0.84 length=268	scaffold=gi527310881	strand=-
7258_g               -            193 16211                -            124   2.4e-07   30.2   0.0   1   1   1.8e-09   3.4e-07   29.7   0.0    36   119     6    92     3    97 0.85 length=194	scaffold=gi528858387	strand=+
7661_g               -            193 16211                -            124   2.4e-07   30.2   0.0   1   1   1.8e-09   3.4e-07   29.7   0.0    36   119     6    92     3    97 0.85 length=194	scaffold=gi527311550	strand=-
10684_g              -            818 16211                -            124   1.7e-06   27.4   0.0   1   1   3.7e-08   7.1e-06   25.4   0.0    23    94   144   221   131   233 0.79 length=819	scaffold=gi528858383	strand=+
11481_g              -            818 16211                -            124   1.7e-06   27.4   0.0   1   1   3.7e-08   7.1e-06   25.4   0.0    23    94   144   221   131   233 0.79 length=819	scaffold=gi527307902	strand=+
279_g                -           2702 16211                -            124   5.3e-06   25.8   0.3   1   2       9.5   1.8e+03   -1.7   0.1    25    57   196   228   190   233 0.82 length=2703	scaffold=gi527315854	strand=+
279_g                -           2702 16211                -            124   5.3e-06   25.8   0.3   2   2   3.3e-07   6.3e-05   22.4   0.0    21    93   324   393   316   408 0.79 length=2703	scaffold=gi527315854	strand=+
112_g                -           3410 16211                -            124   7.1e-06   25.4   0.1   1   1   4.3e-07   8.1e-05   22.0   0.0    21    93  1032  1101  1024  1116 0.79 length=3411	scaffold=gi528858396	strand=-
4162_g               -            928 16211                -            124   7.5e-06   25.3   0.0   1   1   1.1e-07   2.1e-05   23.9   0.0    37   107   321   391   302   399 0.91 length=929	scaffold=gi528858391	strand=+
8942_g               -            928 16211                -            124   7.5e-06   25.3   0.0   1   1   1.1e-07   2.1e-05   23.9   0.0    37   107   321   391   302   399 0.91 length=929	scaffold=gi527314250	strand=+
2528_g               -            888 16211                -            124     1e-05   24.9   0.0   1   1   1.1e-07   2.1e-05   23.9   0.0    36   114   764   850   734   859 0.76 length=889	scaffold=gi528858386	strand=-
3209_g               -            888 16211                -            124     1e-05   24.9   0.0   1   1   1.1e-07   2.1e-05   23.9   0.0    36   114   764   850   734   859 0.76 length=889	scaffold=gi527310881	strand=-
13232_g              -            566 16211                -            124   3.6e-05   23.1   0.0   1   2       1.2   2.3e+02    1.1   0.0    29    56   175   202   153   219 0.73 length=567	scaffold=gi527309735	strand=-
13232_g              -            566 16211                -            124   3.6e-05   23.1   0.0   2   2   4.8e-06   0.00091   18.6   0.0    30    99   312   382   290   405 0.76 length=567	scaffold=gi527309735	strand=-
9435_g               -            566 16211                -            124   3.6e-05   23.1   0.0   1   2       1.2   2.3e+02    1.1   0.0    29    56   175   202   153   219 0.73 length=567	scaffold=gi528858385	strand=+
9435_g               -            566 16211                -            124   3.6e-05   23.1   0.0   2   2   4.8e-06   0.00091   18.6   0.0    30    99   312   382   290   405 0.76 length=567	scaffold=gi528858385	strand=+
2714_g               -            403 16211                -            124   3.7e-05   23.1   0.0   1   2       1.1   2.1e+02    1.3   0.0    24    64   112   151   102   155 0.77 length=404	scaffold=gi528858386	strand=-
2714_g               -            403 16211                -            124   3.7e-05   23.1   0.0   2   2     2e-06   0.00038   19.8   0.0    47    92   153   198   145   213 0.88 length=404	scaffold=gi528858386	strand=-
3395_g               -            403 16211                -            124   3.7e-05   23.1   0.0   1   2       1.1   2.1e+02    1.3   0.0    24    64   112   151   102   155 0.77 length=404	scaffold=gi527310881	strand=-
3395_g               -            403 16211                -            124   3.7e-05   23.1   0.0   2   2     2e-06   0.00038   19.8   0.0    47    92   153   198   145   213 0.88 length=404	scaffold=gi527310881	strand=-
13391_g              -            798 16211                -            124   7.5e-05   22.1   0.0   1   1   7.5e-07   0.00014   21.2   0.0    32    93   136   197   116   206 0.85 length=799	scaffold=gi527309735	strand=+
9277_g               -            798 16211                -            124   7.5e-05   22.1   0.0   1   1   7.5e-07   0.00014   21.2   0.0    32    93   136   197   116   206 0.85 length=799	scaffold=gi528858385	strand=-
13278_g              -            619 16211                -            124     8e-05   22.0   0.0   1   1     8e-07   0.00015   21.1   0.0    23    95   194   265   175   291 0.77 length=620	scaffold=gi527309735	strand=-
9391_g               -            653 16211                -            124   8.3e-05   22.0   0.0   1   1   8.6e-07   0.00016   21.0   0.0    23    95   228   299   209   325 0.77 length=654	scaffold=gi528858385	strand=+
561_g                -            330 16211                -            124   0.00062   19.1   0.0   1   1   5.2e-06   0.00099   18.5   0.0    19    94   170   246   154   252 0.83 length=331	scaffold=gi528858395	strand=-
612_g                -            330 16211                -            124   0.00062   19.1   0.0   1   1   5.2e-06   0.00099   18.5   0.0    19    94   170   246   154   252 0.83 length=331	scaffold=gi527315607	strand=+
13609_g              -            731 16211                -            124    0.0046   16.3   0.0   1   1   4.9e-05    0.0093   15.3   0.0    52   109   518   576   485   591 0.78 length=732	scaffold=gi527309735	strand=+
9054_g               -            731 16211                -            124    0.0046   16.3   0.0   1   1   4.9e-05    0.0093   15.3   0.0    52   109   518   576   485   591 0.78 length=732	scaffold=gi528858385	strand=-
2956_g               -           4869 16211                -            124     0.005   16.2   0.0   1   2     0.013       2.5    7.5   0.0    29    58  4503  4532  4491  4578 0.73 length=4870	scaffold=gi528858386	strand=-
2956_g               -           4869 16211                -            124     0.005   16.2   0.0   2   2     0.058        11    5.4   0.0    69   108  4794  4834  4787  4842 0.91 length=4870	scaffold=gi528858386	strand=-
3637_g               -           4869 16211                -            124     0.005   16.2   0.0   1   2     0.013       2.5    7.5   0.0    29    58  4503  4532  4491  4578 0.73 length=4870	scaffold=gi527310881	strand=-
3637_g               -           4869 16211                -            124     0.005   16.2   0.0   2   2     0.058        11    5.4   0.0    69   108  4794  4834  4787  4842 0.91 length=4870	scaffold=gi527310881	strand=-
12956_g              -            494 16211                -            124     0.017   14.5   7.7   1   2    0.0036      0.69    9.3   0.1     4    60    82   138    76   142 0.82 length=495	scaffold=gi527309735	strand=+
12956_g              -            494 16211                -            124     0.017   14.5   7.7   2   2    0.0064       1.2    8.5   0.0    71   103   224   257   216   271 0.79 length=495	scaffold=gi527309735	strand=+
9705_g               -            494 16211                -            124     0.017   14.5   7.7   1   2    0.0036      0.69    9.3   0.1     4    60    82   138    76   142 0.82 length=495	scaffold=gi528858385	strand=-
9705_g               -            494 16211                -            124     0.017   14.5   7.7   2   2    0.0064       1.2    8.5   0.0    71   103   224   257   216   271 0.79 length=495	scaffold=gi528858385	strand=-
4144_g               -            993 16211                -            124     0.033   13.5   0.0   1   1   0.00018     0.033   13.5   0.0    37   100   174   238   170   259 0.84 length=994	scaffold=gi528858391	strand=+
8924_g               -            993 16211                -            124     0.033   13.5   0.0   1   1   0.00018     0.033   13.5   0.0    37   100   174   238   170   259 0.84 length=994	scaffold=gi527314250	strand=+
10741_g              -            351 16211                -            124     0.041   13.3   0.0   1   2    0.0028      0.54    9.6   0.0    37    93    17    70    14    75 0.91 length=352	scaffold=gi528858383	strand=-
10741_g              -            351 16211                -            124     0.041   13.3   0.0   2   2       1.2   2.3e+02    1.1   0.0    49   103   132   186   122   208 0.70 length=352	scaffold=gi528858383	strand=-
11538_g              -            351 16211                -            124     0.041   13.3   0.0   1   2    0.0028      0.54    9.6   0.0    37    93    17    70    14    75 0.91 length=352	scaffold=gi527307902	strand=-
11538_g              -            351 16211                -            124     0.041   13.3   0.0   2   2       1.2   2.3e+02    1.1   0.0    49   103   132   186   122   208 0.70 length=352	scaffold=gi527307902	strand=-
7674_g               -           1108 16211                -            124     0.065   12.6   0.0   1   1    0.0019      0.36   10.2   0.0    55   121   307   374   304   378 0.90 length=1109	scaffold=gi527311550	strand=+
7244_g               -            764 16211                -            124      0.22   10.9   0.0   1   2    0.0011      0.22   10.9   0.0    55   121   307   374   304   380 0.90 length=765	scaffold=gi528858387	strand=-
7244_g               -            764 16211                -            124      0.22   10.9   0.0   2   2       8.5   1.6e+03   -1.6   0.0     4    42   374   412   371   435 0.61 length=765	scaffold=gi528858387	strand=-
#
# Program:         hmmsearch
# Version:         3.4 (Aug 2023)
# Pipeline mode:   SEARCH
# Query file:      /home/inf-20-2025/Malaria/busco_downloads/lineages/apicomplexa_odb12/hmms/16211at5794.hmm
# Target file:     /home/inf-20-2025/Malaria/Results/6_nobird_annotation/T_gondii.faa
# Option settings: hmmsearch --domtblout Results/8_busco/T_gondii/run_apicomplexa_odb12/hmmer_output/initial_run_results/16211at5794.out --cpu 1 /home/inf-20-2025/Malaria/busco_downloads/lineages/apicomplexa_odb12/hmms/16211at5794.hmm /home/inf-20-2025/Malaria/Results/6_nobird_annotation/T_gondii.faa 
# Current dir:     /home/inf-20-2025/Malaria
# Date:            Wed Mar  4 18:33:06 2026
# [ok]
