#                                                                            --- full sequence --- -------------- this domain -------------   hmm coord   ali coord   env coord
# target name        accession   tlen query name           accession   qlen   E-value  score  bias   #  of  c-Evalue  i-Evalue  score  bias  from    to  from    to  from    to  acc description of target
#------------------- ---------- ----- -------------------- ---------- ----- --------- ------ ----- --- --- --------- --------- ------ ----- ----- ----- ----- ----- ----- ----- ---- ---------------------
11104_g              -            170 18026                -            158   3.4e-87  290.2   3.4   1   1   1.6e-89   3.9e-87  290.0   3.4     3   158    14   169    12   169 0.98 length=171	scaffold=gi528858383	strand=-
11901_g              -            170 18026                -            158   3.4e-87  290.2   3.4   1   1   1.6e-89   3.9e-87  290.0   3.4     3   158    14   169    12   169 0.98 length=171	scaffold=gi527307902	strand=-
10889_g              -            170 18026                -            158   5.7e-57  192.0   6.6   1   1   2.7e-59   6.6e-57  191.7   6.6     8   156    19   167    13   169 0.97 length=171	scaffold=gi528858383	strand=+
11686_g              -            170 18026                -            158   5.7e-57  192.0   6.6   1   1   2.7e-59   6.6e-57  191.7   6.6     8   156    19   167    13   169 0.97 length=171	scaffold=gi527307902	strand=+
11024_g              -            149 18026                -            158   6.6e-39  133.2   7.1   1   1   2.9e-41   7.2e-39  133.1   7.1    11   155     4   148     1   149 0.98 length=150	scaffold=gi528858383	strand=-
11821_g              -            149 18026                -            158   6.6e-39  133.2   7.1   1   1   2.9e-41   7.2e-39  133.1   7.1    11   155     4   148     1   149 0.98 length=150	scaffold=gi527307902	strand=-
5796_g               -            363 18026                -            158   1.4e-35  122.5   1.5   1   3   3.3e-20   8.2e-18   64.7   0.0     8    79    44   115    39   132 0.94 length=364	scaffold=gi528858388	strand=-
5796_g               -            363 18026                -            158   1.4e-35  122.5   1.5   2   3     4e-13   9.9e-11   41.7   0.1    79   121   194   236   182   242 0.93 length=364	scaffold=gi528858388	strand=-
5796_g               -            363 18026                -            158   1.4e-35  122.5   1.5   3   3    0.0003     0.073   12.9   0.0   120   144   303   327   291   333 0.89 length=364	scaffold=gi528858388	strand=-
6453_g               -            363 18026                -            158   1.4e-35  122.5   1.5   1   3   3.3e-20   8.2e-18   64.7   0.0     8    79    44   115    39   132 0.94 length=364	scaffold=gi527312496	strand=+
6453_g               -            363 18026                -            158   1.4e-35  122.5   1.5   2   3     4e-13   9.9e-11   41.7   0.1    79   121   194   236   182   242 0.93 length=364	scaffold=gi527312496	strand=+
6453_g               -            363 18026                -            158   1.4e-35  122.5   1.5   3   3    0.0003     0.073   12.9   0.0   120   144   303   327   291   333 0.89 length=364	scaffold=gi527312496	strand=+
13058_g              -            200 18026                -            158   2.6e-27   95.6   0.1   1   1   1.3e-29   3.2e-27   95.3   0.1     5   153    56   198    52   200 0.91 length=201	scaffold=gi527309735	strand=+
9608_g               -            200 18026                -            158   2.6e-27   95.6   0.1   1   1   1.3e-29   3.2e-27   95.3   0.1     5   153    56   198    52   200 0.91 length=201	scaffold=gi528858385	strand=-
3851_g               -            244 18026                -            158   6.4e-26   91.0   0.0   1   2   7.7e-09   1.9e-06   27.8   0.0    15    56    64   105    49   120 0.80 length=245	scaffold=gi528858391	strand=+
3851_g               -            244 18026                -            158   6.4e-26   91.0   0.0   2   2   3.4e-19   8.3e-17   61.4   0.0    66   154   130   218   125   221 0.95 length=245	scaffold=gi528858391	strand=+
8631_g               -            244 18026                -            158   6.4e-26   91.0   0.0   1   2   7.7e-09   1.9e-06   27.8   0.0    15    56    64   105    49   120 0.80 length=245	scaffold=gi527314479	strand=+
8631_g               -            244 18026                -            158   6.4e-26   91.0   0.0   2   2   3.4e-19   8.3e-17   61.4   0.0    66   154   130   218   125   221 0.95 length=245	scaffold=gi527314479	strand=+
7341_g               -            134 18026                -            158     1e-21   77.4   0.0   1   1   2.2e-23   5.5e-21   75.0   0.0    20   154     7   133     5   134 0.91 length=135	scaffold=gi528858387	strand=-
7577_g               -            134 18026                -            158     1e-21   77.4   0.0   1   1   2.2e-23   5.5e-21   75.0   0.0    20   154     7   133     5   134 0.91 length=135	scaffold=gi527311550	strand=+
13409_g              -            682 18026                -            158   6.2e-18   65.1   2.1   1   1     4e-20   9.9e-18   64.4   2.1    11   156   514   658   507   660 0.91 length=683	scaffold=gi527309735	strand=-
9259_g               -            682 18026                -            158   6.2e-18   65.1   2.1   1   1     4e-20   9.9e-18   64.4   2.1    11   156   514   658   507   660 0.91 length=683	scaffold=gi528858385	strand=+
4677_g               -            798 18026                -            158   8.8e-15   54.9   1.5   1   1   1.3e-16   3.1e-14   53.1   1.4    10   156   575   728   566   730 0.84 length=799	scaffold=gi528858389	strand=-
5149_g               -            798 18026                -            158   8.8e-15   54.9   1.5   1   1   1.3e-16   3.1e-14   53.1   1.4    10   156   575   728   566   730 0.84 length=799	scaffold=gi527313191	strand=-
13451_g              -            960 18026                -            158   3.6e-13   49.6   0.0   1   1   2.6e-15   6.2e-13   48.8   0.0    11   155   783   925   776   927 0.88 length=961	scaffold=gi527309735	strand=-
9214_g               -            960 18026                -            158   3.6e-13   49.6   0.0   1   1   2.6e-15   6.2e-13   48.8   0.0    11   155   783   925   776   927 0.88 length=961	scaffold=gi528858385	strand=+
3976_g               -            694 18026                -            158   6.9e-12   45.4   2.0   1   2      0.36        88    2.9   0.0     8    40   394   426   387   433 0.87 length=695	scaffold=gi528858391	strand=-
3976_g               -            694 18026                -            158   6.9e-12   45.4   2.0   2   2     5e-13   1.2e-10   41.4   0.8    48   153   571   681   567   685 0.91 length=695	scaffold=gi528858391	strand=-
8756_g               -            694 18026                -            158   6.9e-12   45.4   2.0   1   2      0.36        88    2.9   0.0     8    40   394   426   387   433 0.87 length=695	scaffold=gi527314479	strand=-
8756_g               -            694 18026                -            158   6.9e-12   45.4   2.0   2   2     5e-13   1.2e-10   41.4   0.8    48   153   571   681   567   685 0.91 length=695	scaffold=gi527314479	strand=-
10680_g              -           1714 18026                -            158   7.5e-12   45.3   0.8   1   2     0.033         8    6.2   0.0    89   150   927   993   911   998 0.76 length=1715	scaffold=gi528858383	strand=+
10680_g              -           1714 18026                -            158   7.5e-12   45.3   0.8   2   2   1.5e-11   3.8e-09   36.6   0.0    10   153  1571  1711  1564  1714 0.88 length=1715	scaffold=gi528858383	strand=+
11477_g              -           1714 18026                -            158   7.5e-12   45.3   0.8   1   2     0.033         8    6.2   0.0    89   150   927   993   911   998 0.76 length=1715	scaffold=gi527307902	strand=+
11477_g              -           1714 18026                -            158   7.5e-12   45.3   0.8   2   2   1.5e-11   3.8e-09   36.6   0.0    10   153  1571  1711  1564  1714 0.88 length=1715	scaffold=gi527307902	strand=+
7180_g               -            297 18026                -            158   5.3e-11   42.6   0.2   1   1   3.4e-13   8.4e-11   41.9   0.2     9   131   128   251   119   263 0.86 length=298	scaffold=gi528858387	strand=-
7736_g               -            297 18026                -            158   5.3e-11   42.6   0.2   1   1   3.4e-13   8.4e-11   41.9   0.2     9   131   128   251   119   263 0.86 length=298	scaffold=gi527311550	strand=+
2139_g               -            564 18026                -            158   1.6e-10   41.1   4.0   1   1   1.4e-12   3.4e-10   40.0   4.0    13   155   410   560   400   562 0.78 length=565	scaffold=gi528858392	strand=+
2420_g               -            564 18026                -            158   1.6e-10   41.1   4.0   1   1   1.4e-12   3.4e-10   40.0   4.0    13   155   410   560   400   562 0.78 length=565	scaffold=gi527314679	strand=-
3087_g               -            543 18026                -            158     6e-10   39.2   3.2   1   1   6.2e-12   1.5e-09   37.8   3.2    13   155   385   535   375   537 0.78 length=544	scaffold=gi528858386	strand=+
3768_g               -            543 18026                -            158     6e-10   39.2   3.2   1   1   6.2e-12   1.5e-09   37.8   3.2    13   155   385   535   375   537 0.78 length=544	scaffold=gi527310709	strand=+
10747_g              -            758 18026                -            158   3.2e-09   36.8   1.9   1   2    0.0047       1.1    9.0   0.0    11    43   546   578   538   595 0.87 length=759	scaffold=gi528858383	strand=+
10747_g              -            758 18026                -            158   3.2e-09   36.8   1.9   2   2   2.1e-08   5.1e-06   26.4   0.1    42   146   623   727   615   731 0.87 length=759	scaffold=gi528858383	strand=+
11544_g              -            758 18026                -            158   3.2e-09   36.8   1.9   1   2    0.0047       1.1    9.0   0.0    11    43   546   578   538   595 0.87 length=759	scaffold=gi527307902	strand=+
11544_g              -            758 18026                -            158   3.2e-09   36.8   1.9   2   2   2.1e-08   5.1e-06   26.4   0.1    42   146   623   727   615   731 0.87 length=759	scaffold=gi527307902	strand=+
10335_g              -            206 18026                -            158   6.1e-09   35.9   0.0   1   2     0.008         2    8.2   0.0    95   130    20    55     7    87 0.86 length=207	scaffold=gi528858384	strand=+
10335_g              -            206 18026                -            158   6.1e-09   35.9   0.0   2   2   3.1e-08   7.5e-06   25.8   0.0    70   140   109   179   105   193 0.87 length=207	scaffold=gi528858384	strand=+
12189_g              -            206 18026                -            158   6.1e-09   35.9   0.0   1   2     0.008         2    8.2   0.0    95   130    20    55     7    87 0.86 length=207	scaffold=gi527308984	strand=-
12189_g              -            206 18026                -            158   6.1e-09   35.9   0.0   2   2   3.1e-08   7.5e-06   25.8   0.0    70   140   109   179   105   193 0.87 length=207	scaffold=gi527308984	strand=-
2160_g               -           1906 18026                -            158   1.7e-08   34.4   0.1   1   2       2.2   5.3e+02    0.3   0.0    86   109  1367  1390  1352  1411 0.75 length=1907	scaffold=gi528858392	strand=+
2160_g               -           1906 18026                -            158   1.7e-08   34.4   0.1   2   2   6.8e-10   1.7e-07   31.2   0.1    62   153  1546  1633  1540  1636 0.82 length=1907	scaffold=gi528858392	strand=+
2469_g               -           1906 18026                -            158   1.7e-08   34.4   0.1   1   2       2.2   5.3e+02    0.3   0.0    86   109  1367  1390  1352  1411 0.75 length=1907	scaffold=gi527314663	strand=+
2469_g               -           1906 18026                -            158   1.7e-08   34.4   0.1   2   2   6.8e-10   1.7e-07   31.2   0.1    62   153  1546  1633  1540  1636 0.82 length=1907	scaffold=gi527314663	strand=+
10870_g              -            179 18026                -            158   9.1e-08   32.1   0.0   1   2    0.0094       2.3    8.0   0.0   125   156    26    57    16    59 0.89 length=180	scaffold=gi528858383	strand=-
10870_g              -            179 18026                -            158   9.1e-08   32.1   0.0   2   2   4.2e-07    0.0001   22.1   0.0    62   149    82   166    78   172 0.86 length=180	scaffold=gi528858383	strand=-
11667_g              -            179 18026                -            158   9.1e-08   32.1   0.0   1   2    0.0094       2.3    8.0   0.0   125   156    26    57    16    59 0.89 length=180	scaffold=gi527307902	strand=-
11667_g              -            179 18026                -            158   9.1e-08   32.1   0.0   2   2   4.2e-07    0.0001   22.1   0.0    62   149    82   166    78   172 0.86 length=180	scaffold=gi527307902	strand=-
11172_g              -           1185 18026                -            158   1.3e-07   31.5   0.9   1   3     0.036       8.8    6.1   0.0    94   130   696   732   680   761 0.73 length=1186	scaffold=gi528858383	strand=+
11172_g              -           1185 18026                -            158   1.3e-07   31.5   0.9   2   3     0.019       4.6    7.0   0.0    46    82   921   957   909   974 0.78 length=1186	scaffold=gi528858383	strand=+
11172_g              -           1185 18026                -            158   1.3e-07   31.5   0.9   3   3   8.9e-05     0.022   14.6   0.1    19    80  1058  1126  1051  1129 0.75 length=1186	scaffold=gi528858383	strand=+
11969_g              -           1185 18026                -            158   1.3e-07   31.5   0.9   1   3     0.036       8.8    6.1   0.0    94   130   696   732   680   761 0.73 length=1186	scaffold=gi527307902	strand=+
11969_g              -           1185 18026                -            158   1.3e-07   31.5   0.9   2   3     0.019       4.6    7.0   0.0    46    82   921   957   909   974 0.78 length=1186	scaffold=gi527307902	strand=+
11969_g              -           1185 18026                -            158   1.3e-07   31.5   0.9   3   3   8.9e-05     0.022   14.6   0.1    19    80  1058  1126  1051  1129 0.75 length=1186	scaffold=gi527307902	strand=+
6736_g               -            335 18026                -            158   1.8e-07   31.1  13.9   1   2   3.7e-08   9.2e-06   25.6   9.2    12   149    70   215    61   219 0.81 length=336	scaffold=gi528858387	strand=-
6736_g               -            335 18026                -            158   1.8e-07   31.1  13.9   2   2     0.012       2.9    7.7   0.2     9    44   221   256   216   276 0.86 length=336	scaffold=gi528858387	strand=-
8174_g               -            335 18026                -            158   1.8e-07   31.1  13.9   1   2   3.7e-08   9.2e-06   25.6   9.2    12   149    70   215    61   219 0.81 length=336	scaffold=gi527311550	strand=+
8174_g               -            335 18026                -            158   1.8e-07   31.1  13.9   2   2     0.012       2.9    7.7   0.2     9    44   221   256   216   276 0.86 length=336	scaffold=gi527311550	strand=+
4196_g               -            258 18026                -            158     2e-06   27.7   0.2   1   2   1.3e-06   0.00031   20.6   0.0    93   150    30    87    18    94 0.93 length=259	scaffold=gi528858390	strand=+
4196_g               -            258 18026                -            158     2e-06   27.7   0.2   2   2     0.068        17    5.2   0.0    51   104   105   155    93   166 0.73 length=259	scaffold=gi528858390	strand=+
8411_g               -            258 18026                -            158     2e-06   27.7   0.2   1   2   1.3e-06   0.00031   20.6   0.0    93   150    30    87    18    94 0.93 length=259	scaffold=gi527313991	strand=-
8411_g               -            258 18026                -            158     2e-06   27.7   0.2   2   2     0.068        17    5.2   0.0    51   104   105   155    93   166 0.73 length=259	scaffold=gi527313991	strand=-
5725_g               -            509 18026                -            158   3.6e-06   26.9   0.0   1   1   2.4e-08   5.9e-06   26.2   0.0    18   134   370   483   358   498 0.90 length=510	scaffold=gi528858388	strand=+
6523_g               -            509 18026                -            158   3.6e-06   26.9   0.0   1   1   2.4e-08   5.9e-06   26.2   0.0    18   134   370   483   358   498 0.90 length=510	scaffold=gi527312496	strand=-
166_g                -           1429 18026                -            158   3.1e-05   23.9   0.2   1   1   2.3e-07   5.6e-05   23.0   0.2    97   151  1307  1358  1285  1363 0.85 length=1430	scaffold=gi528858396	strand=-
224_g                -           1429 18026                -            158   3.1e-05   23.9   0.2   1   1   2.3e-07   5.6e-05   23.0   0.2    97   151  1307  1358  1285  1363 0.85 length=1430	scaffold=gi527315854	strand=+
13486_g              -            420 18026                -            158   3.9e-05   23.5   0.0   1   2      0.13        32    4.3   0.0    23    83    11    68     5    81 0.59 length=421	scaffold=gi527309735	strand=-
13486_g              -            420 18026                -            158   3.9e-05   23.5   0.0   2   2     3e-05    0.0073   16.1   0.0     7    40    91   124    85   135 0.86 length=421	scaffold=gi527309735	strand=-
9179_g               -            420 18026                -            158   3.9e-05   23.5   0.0   1   2      0.13        32    4.3   0.0    23    83    11    68     5    81 0.59 length=421	scaffold=gi528858385	strand=+
9179_g               -            420 18026                -            158   3.9e-05   23.5   0.0   2   2     3e-05    0.0073   16.1   0.0     7    40    91   124    85   135 0.86 length=421	scaffold=gi528858385	strand=+
3916_g               -           1351 18026                -            158   0.00028   20.7   0.0   1   1   5.9e-06    0.0014   18.4   0.0    18   156  1113  1262  1102  1264 0.76 length=1352	scaffold=gi528858391	strand=-
8696_g               -           1351 18026                -            158   0.00028   20.7   0.0   1   1   5.9e-06    0.0014   18.4   0.0    18   156  1113  1262  1102  1264 0.76 length=1352	scaffold=gi527314479	strand=-
4416_g               -             66 18026                -            158   0.00035   20.4   0.2   1   1   1.6e-06   0.00038   20.3   0.2   123   155    30    62    14    64 0.86 length=67	scaffold=gi528858390	strand=-
8431_g               -             66 18026                -            158   0.00035   20.4   0.2   1   1   1.6e-06   0.00038   20.3   0.2   123   155    30    62    14    64 0.86 length=67	scaffold=gi527313757	strand=-
295_g                -            210 18026                -            158    0.0018   18.1   0.0   1   1   1.5e-05    0.0037   17.1   0.0    76   146   131   204   120   208 0.81 length=211	scaffold=gi527315854	strand=+
96_g                 -            210 18026                -            158    0.0018   18.1   0.0   1   1   1.5e-05    0.0037   17.1   0.0    76   146   131   204   120   208 0.81 length=211	scaffold=gi528858396	strand=-
6002_g               -            207 18026                -            158    0.0026   17.6   0.2   1   1     2e-05    0.0049   16.7   0.0    63   132   120   189   113   204 0.91 length=208	scaffold=gi528858388	strand=+
6249_g               -            207 18026                -            158    0.0026   17.6   0.2   1   1     2e-05    0.0049   16.7   0.0    63   132   120   189   113   204 0.91 length=208	scaffold=gi527312496	strand=-
12522_g              -            137 18026                -            158    0.0069   16.2   0.1   1   1   3.4e-05    0.0083   15.9   0.1    10    81    64   135    42   137 0.87 length=138	scaffold=gi527308984	strand=-
2961_g               -           1757 18026                -            158      0.01   15.7   0.0   1   2       1.7   4.2e+02    0.7   0.0    14    41  1314  1341  1303  1381 0.85 length=1758	scaffold=gi528858386	strand=-
2961_g               -           1757 18026                -            158      0.01   15.7   0.0   2   2   0.00086      0.21   11.4   0.0    55   116  1572  1633  1565  1639 0.82 length=1758	scaffold=gi528858386	strand=-
3642_g               -           1757 18026                -            158      0.01   15.7   0.0   1   2       1.7   4.2e+02    0.7   0.0    14    41  1314  1341  1303  1381 0.85 length=1758	scaffold=gi527310881	strand=-
3642_g               -           1757 18026                -            158      0.01   15.7   0.0   2   2   0.00086      0.21   11.4   0.0    55   116  1572  1633  1565  1639 0.82 length=1758	scaffold=gi527310881	strand=-
7448_g               -           1202 18026                -            158      0.02   14.7   0.2   1   3     0.052        13    5.6   0.0    95   115   774   794   768   799 0.89 length=1203	scaffold=gi528858387	strand=-
7448_g               -           1202 18026                -            158      0.02   14.7   0.2   2   3      0.26        64    3.3   0.0    92   116   909   933   893   936 0.85 length=1203	scaffold=gi528858387	strand=-
7448_g               -           1202 18026                -            158      0.02   14.7   0.2   3   3       1.4   3.4e+02    1.0   0.0    20    41  1036  1057   966  1063 0.80 length=1203	scaffold=gi528858387	strand=-
7471_g               -           1202 18026                -            158      0.02   14.7   0.2   1   3     0.052        13    5.6   0.0    95   115   774   794   768   799 0.89 length=1203	scaffold=gi527311550	strand=+
7471_g               -           1202 18026                -            158      0.02   14.7   0.2   2   3      0.26        64    3.3   0.0    92   116   909   933   893   936 0.85 length=1203	scaffold=gi527311550	strand=+
7471_g               -           1202 18026                -            158      0.02   14.7   0.2   3   3       1.4   3.4e+02    1.0   0.0    20    41  1036  1057   966  1063 0.80 length=1203	scaffold=gi527311550	strand=+
1807_g               -            659 18026                -            158     0.028   14.2   0.0   1   1   0.00025     0.061   13.1   0.0    69   123   557   611   550   641 0.88 length=660	scaffold=gi527315322	strand=+
990_g                -            659 18026                -            158     0.028   14.2   0.0   1   1   0.00025     0.061   13.1   0.0    69   123   557   611   550   641 0.88 length=660	scaffold=gi528858394	strand=+
#
# Program:         hmmsearch
# Version:         3.4 (Aug 2023)
# Pipeline mode:   SEARCH
# Query file:      /home/inf-20-2025/Malaria/busco_downloads/lineages/apicomplexa_odb12/hmms/18026at5794.hmm
# Target file:     /home/inf-20-2025/Malaria/Results/6_nobird_annotation/T_gondii.faa
# Option settings: hmmsearch --domtblout Results/8_busco/T_gondii/run_apicomplexa_odb12/hmmer_output/initial_run_results/18026at5794.out --cpu 1 /home/inf-20-2025/Malaria/busco_downloads/lineages/apicomplexa_odb12/hmms/18026at5794.hmm /home/inf-20-2025/Malaria/Results/6_nobird_annotation/T_gondii.faa 
# Current dir:     /home/inf-20-2025/Malaria
# Date:            Wed Mar  4 18:32:56 2026
# [ok]
