#                                                                            --- full sequence --- -------------- this domain -------------   hmm coord   ali coord   env coord
# target name        accession   tlen query name           accession   qlen   E-value  score  bias   #  of  c-Evalue  i-Evalue  score  bias  from    to  from    to  from    to  acc description of target
#------------------- ---------- ----- -------------------- ---------- ----- --------- ------ ----- --- --- --------- --------- ------ ----- ----- ----- ----- ----- ----- ----- ---- ---------------------
13049_g              -           1669 19917                -            574  7.7e-201  668.2   7.7   1   4   3.9e-47   8.9e-44  149.6   0.0     2   119    17   152    16   158 0.89 length=1670	scaffold=gi527309735	strand=-
13049_g              -           1669 19917                -            574  7.7e-201  668.2   7.7   2   4   1.8e-06    0.0041   15.4   0.0   134   201   215   291   205   297 0.78 length=1670	scaffold=gi527309735	strand=-
13049_g              -           1669 19917                -            574  7.7e-201  668.2   7.7   3   4     0.059   1.3e+02    0.5   0.4   200   275   331   396   302   409 0.56 length=1670	scaffold=gi527309735	strand=-
13049_g              -           1669 19917                -            574  7.7e-201  668.2   7.7   4   4    1e-153  2.4e-150  501.5   2.4   221   565   451   813   446   821 0.91 length=1670	scaffold=gi527309735	strand=-
9617_g               -           1669 19917                -            574  7.7e-201  668.2   7.7   1   4   3.9e-47   8.9e-44  149.6   0.0     2   119    17   152    16   158 0.89 length=1670	scaffold=gi528858385	strand=+
9617_g               -           1669 19917                -            574  7.7e-201  668.2   7.7   2   4   1.8e-06    0.0041   15.4   0.0   134   201   215   291   205   297 0.78 length=1670	scaffold=gi528858385	strand=+
9617_g               -           1669 19917                -            574  7.7e-201  668.2   7.7   3   4     0.059   1.3e+02    0.5   0.4   200   275   331   396   302   409 0.56 length=1670	scaffold=gi528858385	strand=+
9617_g               -           1669 19917                -            574  7.7e-201  668.2   7.7   4   4    1e-153  2.4e-150  501.5   2.4   221   565   451   813   446   821 0.91 length=1670	scaffold=gi528858385	strand=+
15572_g              -            192 19917                -            574   1.4e-26   92.8   0.1   1   3   1.6e-24   3.7e-21   75.0   0.0    63   120     4    61     3    69 0.96 length=192	scaffold=gi527305861	strand=+
15572_g              -            192 19917                -            574   1.4e-26   92.8   0.1   2   3       1.1   2.6e+03   -3.8   0.0   116   135    79    98    76   102 0.79 length=192	scaffold=gi527305861	strand=+
15572_g              -            192 19917                -            574   1.4e-26   92.8   0.1   3   3   1.4e-06    0.0031   15.8   0.0   133   196   122   187   110   192 0.77 length=192	scaffold=gi527305861	strand=+
13261_g              -            540 19917                -            574    0.0025   16.1   2.4   1   1   1.9e-06    0.0043   15.3   2.4   247   338    70   160    49   179 0.86 length=541	scaffold=gi527309735	strand=+
9407_g               -            540 19917                -            574    0.0025   16.1   2.4   1   1   1.9e-06    0.0043   15.3   2.4   247   338    70   160    49   179 0.86 length=541	scaffold=gi528858385	strand=-
10224_g              -           3165 19917                -            574      0.27    9.4   0.0   1   1   0.00019      0.42    8.7   0.0   380   436  1564  1620  1554  1630 0.84 length=3166	scaffold=gi528858384	strand=+
12299_g              -           3165 19917                -            574      0.27    9.4   0.0   1   1   0.00019      0.42    8.7   0.0   380   436  1564  1620  1554  1630 0.84 length=3166	scaffold=gi527308984	strand=-
#
# Program:         hmmsearch
# Version:         3.4 (Aug 2023)
# Pipeline mode:   SEARCH
# Query file:      /home/inf-20-2025/Malaria/busco_downloads/lineages/apicomplexa_odb12/hmms/19917at5794.hmm
# Target file:     /home/inf-20-2025/Malaria/Results/6_nobird_annotation/T_gondii.faa
# Option settings: hmmsearch --domtblout Results/8_busco/T_gondii/run_apicomplexa_odb12/hmmer_output/initial_run_results/19917at5794.out --cpu 1 /home/inf-20-2025/Malaria/busco_downloads/lineages/apicomplexa_odb12/hmms/19917at5794.hmm /home/inf-20-2025/Malaria/Results/6_nobird_annotation/T_gondii.faa 
# Current dir:     /home/inf-20-2025/Malaria
# Date:            Wed Mar  4 18:33:00 2026
# [ok]
