#                                                                            --- full sequence --- -------------- this domain -------------   hmm coord   ali coord   env coord
# target name        accession   tlen query name           accession   qlen   E-value  score  bias   #  of  c-Evalue  i-Evalue  score  bias  from    to  from    to  from    to  acc description of target
#------------------- ---------- ----- -------------------- ---------- ----- --------- ------ ----- --- --- --------- --------- ------ ----- ----- ----- ----- ----- ----- ----- ---- ---------------------
2925_g               -            220 26645                -            197     2e-40  137.9   1.7   1   2   8.8e-40   2.3e-36  124.6   0.3     2    91    56   150    55   154 0.92 length=221	scaffold=gi528858386	strand=-
2925_g               -            220 26645                -            197     2e-40  137.9   1.7   2   2   1.8e-05     0.048   12.7   0.1   148   169   176   197   169   202 0.85 length=221	scaffold=gi528858386	strand=-
3606_g               -            220 26645                -            197     2e-40  137.9   1.7   1   2   8.8e-40   2.3e-36  124.6   0.3     2    91    56   150    55   154 0.92 length=221	scaffold=gi527310881	strand=-
3606_g               -            220 26645                -            197     2e-40  137.9   1.7   2   2   1.8e-05     0.048   12.7   0.1   148   169   176   197   169   202 0.85 length=221	scaffold=gi527310881	strand=-
5934_g               -            807 26645                -            197   9.4e-07   28.0   0.1   1   3    0.0087        23    3.9   0.0   111   141   568   598   558   615 0.83 length=808	scaffold=gi528858388	strand=+
5934_g               -            807 26645                -            197   9.4e-07   28.0   0.1   2   3      0.14   3.8e+02   -0.1   0.0    61    80   654   673   648   682 0.70 length=808	scaffold=gi528858388	strand=+
5934_g               -            807 26645                -            197   9.4e-07   28.0   0.1   3   3   1.3e-07   0.00035   19.6   0.0    88   136   740   789   733   800 0.85 length=808	scaffold=gi528858388	strand=+
6319_g               -            807 26645                -            197   9.4e-07   28.0   0.1   1   3    0.0087        23    3.9   0.0   111   141   568   598   558   615 0.83 length=808	scaffold=gi527312496	strand=-
6319_g               -            807 26645                -            197   9.4e-07   28.0   0.1   2   3      0.14   3.8e+02   -0.1   0.0    61    80   654   673   648   682 0.70 length=808	scaffold=gi527312496	strand=-
6319_g               -            807 26645                -            197   9.4e-07   28.0   0.1   3   3   1.3e-07   0.00035   19.6   0.0    88   136   740   789   733   800 0.85 length=808	scaffold=gi527312496	strand=-
13730_g              -            369 26645                -            197     0.089   11.8   0.3   1   3     0.024        63    2.5   0.0    61    84   116   136   111   149 0.80 length=370	scaffold=gi527307813	strand=+
13730_g              -            369 26645                -            197     0.089   11.8   0.3   2   3     0.019        51    2.8   0.0    61    87   263   286   258   297 0.76 length=370	scaffold=gi527307813	strand=+
13730_g              -            369 26645                -            197     0.089   11.8   0.3   3   3     0.027        71    2.3   0.0    61    81   330   350   325   359 0.80 length=370	scaffold=gi527307813	strand=+
14017_g              -            428 26645                -            197      0.89    8.5   8.5   1   6     0.023        61    2.5   0.0    61    87    38    61    33    72 0.76 length=429	scaffold=gi527307510	strand=+
14017_g              -            428 26645                -            197      0.89    8.5   8.5   2   6     0.023        61    2.5   0.0    61    87   105   128   100   139 0.76 length=429	scaffold=gi527307510	strand=+
14017_g              -            428 26645                -            197      0.89    8.5   8.5   3   6      0.21   5.5e+02   -0.6   0.0    62    76   173   187   167   189 0.82 length=429	scaffold=gi527307510	strand=+
14017_g              -            428 26645                -            197      0.89    8.5   8.5   4   6     0.023        61    2.5   0.0    61    87   239   262   234   273 0.76 length=429	scaffold=gi527307510	strand=+
14017_g              -            428 26645                -            197      0.89    8.5   8.5   5   6     0.055   1.5e+02    1.3   0.0    61    86   306   328   301   340 0.76 length=429	scaffold=gi527307510	strand=+
14017_g              -            428 26645                -            197      0.89    8.5   8.5   6   6       1.1   2.8e+03   -2.9   0.1    62    73   374   385   369   387 0.83 length=429	scaffold=gi527307510	strand=+
#
# Program:         hmmsearch
# Version:         3.4 (Aug 2023)
# Pipeline mode:   SEARCH
# Query file:      /home/inf-20-2025/Malaria/busco_downloads/lineages/apicomplexa_odb12/hmms/26645at5794.hmm
# Target file:     /home/inf-20-2025/Malaria/Results/6_nobird_annotation/T_gondii.faa
# Option settings: hmmsearch --domtblout Results/8_busco/T_gondii/run_apicomplexa_odb12/hmmer_output/initial_run_results/26645at5794.out --cpu 1 /home/inf-20-2025/Malaria/busco_downloads/lineages/apicomplexa_odb12/hmms/26645at5794.hmm /home/inf-20-2025/Malaria/Results/6_nobird_annotation/T_gondii.faa 
# Current dir:     /home/inf-20-2025/Malaria
# Date:            Wed Mar  4 18:32:57 2026
# [ok]
