#                                                                            --- full sequence --- -------------- this domain -------------   hmm coord   ali coord   env coord
# target name        accession   tlen query name           accession   qlen   E-value  score  bias   #  of  c-Evalue  i-Evalue  score  bias  from    to  from    to  from    to  acc description of target
#------------------- ---------- ----- -------------------- ---------- ----- --------- ------ ----- --- --- --------- --------- ------ ----- ----- ----- ----- ----- ----- ----- ---- ---------------------
13730_g              -            369 31179                -            132     0.032   13.9   1.7   1   2    0.0019       7.7    6.3   0.1    16    49   133   166   121   174 0.83 length=370	scaffold=gi527307813	strand=+
13730_g              -            369 31179                -            132     0.032   13.9   1.7   2   2    0.0018       7.1    6.4   0.2    16    49   280   313   268   321 0.83 length=370	scaffold=gi527307813	strand=+
7328_g               -            760 31179                -            132      0.22   11.2   2.7   1   1   0.00013      0.52   10.1   2.7    81   130   597   648   592   650 0.80 length=761	scaffold=gi528858387	strand=+
7591_g               -            760 31179                -            132      0.22   11.2   2.7   1   1   0.00013      0.52   10.1   2.7    81   130   597   648   592   650 0.80 length=761	scaffold=gi527311550	strand=-
14017_g              -            428 31179                -            132      0.77    9.5  27.4   1   6      0.45   1.8e+03   -1.4   1.0    33    49     5    21     2    28 0.80 length=429	scaffold=gi527307510	strand=+
14017_g              -            428 31179                -            132      0.77    9.5  27.4   2   6    0.0022       8.7    6.1   0.2    16    49    55    88    43    96 0.83 length=429	scaffold=gi527307510	strand=+
14017_g              -            428 31179                -            132      0.77    9.5  27.4   3   6    0.0053        21    4.8   0.3    16    49   122   155   110   163 0.83 length=429	scaffold=gi527307510	strand=+
14017_g              -            428 31179                -            132      0.77    9.5  27.4   4   6     0.011        42    3.9   0.4    21    49   194   222   180   229 0.86 length=429	scaffold=gi527307510	strand=+
14017_g              -            428 31179                -            132      0.77    9.5  27.4   5   6    0.0022       8.7    6.1   0.2    16    49   256   289   244   297 0.83 length=429	scaffold=gi527307510	strand=+
14017_g              -            428 31179                -            132      0.77    9.5  27.4   6   6    0.0031        12    5.6   0.2    17    49   324   356   312   363 0.86 length=429	scaffold=gi527307510	strand=+
#
# Program:         hmmsearch
# Version:         3.4 (Aug 2023)
# Pipeline mode:   SEARCH
# Query file:      /home/inf-20-2025/Malaria/busco_downloads/lineages/apicomplexa_odb12/hmms/31179at5794.hmm
# Target file:     /home/inf-20-2025/Malaria/Results/6_nobird_annotation/T_gondii.faa
# Option settings: hmmsearch --domtblout Results/8_busco/T_gondii/run_apicomplexa_odb12/hmmer_output/initial_run_results/31179at5794.out --cpu 1 /home/inf-20-2025/Malaria/busco_downloads/lineages/apicomplexa_odb12/hmms/31179at5794.hmm /home/inf-20-2025/Malaria/Results/6_nobird_annotation/T_gondii.faa 
# Current dir:     /home/inf-20-2025/Malaria
# Date:            Wed Mar  4 18:32:56 2026
# [ok]
