#                                                                            --- full sequence --- -------------- this domain -------------   hmm coord   ali coord   env coord
# target name        accession   tlen query name           accession   qlen   E-value  score  bias   #  of  c-Evalue  i-Evalue  score  bias  from    to  from    to  from    to  acc description of target
#------------------- ---------- ----- -------------------- ---------- ----- --------- ------ ----- --- --- --------- --------- ------ ----- ----- ----- ----- ----- ----- ----- ---- ---------------------
7985_g               -           1076 31310                -            631  6.7e-263  873.3   6.3   1   5   1.6e-76   6.3e-74  249.1   0.0     5   164   124   303   121   311 0.86 length=1077	scaffold=gi527311550	strand=+
7985_g               -           1076 31310                -            631  6.7e-263  873.3   6.3   2   5   1.3e-96   5.1e-94  315.4   0.1   153   329   340   516   327   531 0.95 length=1077	scaffold=gi527311550	strand=+
7985_g               -           1076 31310                -            631  6.7e-263  873.3   6.3   3   5     3e-05     0.012   13.6   0.2   326   376   561   617   556   623 0.65 length=1077	scaffold=gi527311550	strand=+
7985_g               -           1076 31310                -            631  6.7e-263  873.3   6.3   4   5   1.8e-72   7.1e-70  235.7   0.1   443   562   709   830   696   839 0.92 length=1077	scaffold=gi527311550	strand=+
7985_g               -           1076 31310                -            631  6.7e-263  873.3   6.3   5   5   8.6e-19   3.4e-16   58.3   0.0   562   627   942  1014   929  1018 0.81 length=1077	scaffold=gi527311550	strand=+
6927_g               -           1810 31310                -            631  3.2e-246  818.3  15.6   1   6       3.9   1.6e+03   -3.3   0.0   512   554    34    79    33    91 0.79 length=1811	scaffold=gi528858387	strand=-
6927_g               -           1810 31310                -            631  3.2e-246  818.3  15.6   2   6   1.6e-63   6.5e-61  206.1   0.2    57   164   923  1037   915  1045 0.93 length=1811	scaffold=gi528858387	strand=-
6927_g               -           1810 31310                -            631  3.2e-246  818.3  15.6   3   6   2.7e-96   1.1e-93  314.4   0.1   153   329  1074  1250  1061  1262 0.95 length=1811	scaffold=gi528858387	strand=-
6927_g               -           1810 31310                -            631  3.2e-246  818.3  15.6   4   6   5.5e-05     0.022   12.7   0.2   326   373  1295  1344  1290  1357 0.65 length=1811	scaffold=gi528858387	strand=-
6927_g               -           1810 31310                -            631  3.2e-246  818.3  15.6   5   6   3.5e-72   1.4e-69  234.7   0.1   443   562  1443  1564  1430  1573 0.92 length=1811	scaffold=gi528858387	strand=-
6927_g               -           1810 31310                -            631  3.2e-246  818.3  15.6   6   6   1.6e-18   6.3e-16   57.5   0.0   562   627  1676  1748  1663  1752 0.81 length=1811	scaffold=gi528858387	strand=-
4605_g               -           2948 31310                -            631   1.6e-74  251.0   0.2   1   2   5.2e-39   2.1e-36  125.1   0.0    58   328  1219  1480  1209  1514 0.89 length=2949	scaffold=gi528858389	strand=-
4605_g               -           2948 31310                -            631   1.6e-74  251.0   0.2   2   2   1.6e-38   6.5e-36  123.5   0.1   376   521  2581  2725  2574  2739 0.94 length=2949	scaffold=gi528858389	strand=-
5077_g               -           2948 31310                -            631   1.6e-74  251.0   0.2   1   2   5.2e-39   2.1e-36  125.1   0.0    58   328  1219  1480  1209  1514 0.89 length=2949	scaffold=gi527313191	strand=-
5077_g               -           2948 31310                -            631   1.6e-74  251.0   0.2   2   2   1.6e-38   6.5e-36  123.5   0.1   376   521  2581  2725  2574  2739 0.94 length=2949	scaffold=gi527313191	strand=-
11217_g              -           2854 31310                -            631   1.2e-69  234.9   0.0   1   2   1.5e-09   5.9e-07   27.8   0.0    60   136  1331  1405  1306  1420 0.79 length=2855	scaffold=gi528858383	strand=+
11217_g              -           2854 31310                -            631   1.2e-69  234.9   0.0   2   2     4e-63   1.6e-60  204.8   0.0   182   521  1495  1849  1485  1862 0.88 length=2855	scaffold=gi528858383	strand=+
12014_g              -           2854 31310                -            631   1.2e-69  234.9   0.0   1   2   1.5e-09   5.9e-07   27.8   0.0    60   136  1331  1405  1306  1420 0.79 length=2855	scaffold=gi527307902	strand=+
12014_g              -           2854 31310                -            631   1.2e-69  234.9   0.0   2   2     4e-63   1.6e-60  204.8   0.0   182   521  1495  1849  1485  1862 0.88 length=2855	scaffold=gi527307902	strand=+
574_g                -           1518 31310                -            631   3.3e-69  233.5   0.5   1   2     8e-05     0.032   12.2   0.0    80   110   407   436   395   458 0.76 length=1519	scaffold=gi528858395	strand=+
574_g                -           1518 31310                -            631   3.3e-69  233.5   0.5   2   2   2.5e-67     1e-64  218.7   0.3   165   539   653  1044   647  1050 0.84 length=1519	scaffold=gi528858395	strand=+
599_g                -           1518 31310                -            631   3.3e-69  233.5   0.5   1   2     8e-05     0.032   12.2   0.0    80   110   407   436   395   458 0.76 length=1519	scaffold=gi527315607	strand=-
599_g                -           1518 31310                -            631   3.3e-69  233.5   0.5   2   2   2.5e-67     1e-64  218.7   0.3   165   539   653  1044   647  1050 0.84 length=1519	scaffold=gi527315607	strand=-
7056_g               -           2314 31310                -            631   8.6e-60  202.4   1.4   1   4   1.8e-10   7.3e-08   30.8   0.0    78   133   760   816   744   821 0.76 length=2315	scaffold=gi528858387	strand=+
7056_g               -           2314 31310                -            631   8.6e-60  202.4   1.4   2   4   2.1e-40   8.5e-38  129.7   0.0   167   447   885  1167   882  1174 0.83 length=2315	scaffold=gi528858387	strand=+
7056_g               -           2314 31310                -            631   8.6e-60  202.4   1.4   3   4   2.6e-10     1e-07   30.3   0.0   446   487  1206  1247  1193  1255 0.91 length=2315	scaffold=gi528858387	strand=+
7056_g               -           2314 31310                -            631   8.6e-60  202.4   1.4   4   4    0.0031       1.2    6.9   0.0   487   539  1347  1404  1312  1431 0.77 length=2315	scaffold=gi528858387	strand=+
7860_g               -           2314 31310                -            631   8.6e-60  202.4   1.4   1   4   1.8e-10   7.3e-08   30.8   0.0    78   133   760   816   744   821 0.76 length=2315	scaffold=gi527311550	strand=-
7860_g               -           2314 31310                -            631   8.6e-60  202.4   1.4   2   4   2.1e-40   8.5e-38  129.7   0.0   167   447   885  1167   882  1174 0.83 length=2315	scaffold=gi527311550	strand=-
7860_g               -           2314 31310                -            631   8.6e-60  202.4   1.4   3   4   2.6e-10     1e-07   30.3   0.0   446   487  1206  1247  1193  1255 0.91 length=2315	scaffold=gi527311550	strand=-
7860_g               -           2314 31310                -            631   8.6e-60  202.4   1.4   4   4    0.0031       1.2    6.9   0.0   487   539  1347  1404  1312  1431 0.77 length=2315	scaffold=gi527311550	strand=-
13092_g              -           2556 31310                -            631   2.4e-57  194.3   0.0   1   2     7e-29   2.8e-26   91.7   0.0    60   270   439   646   422   658 0.85 length=2557	scaffold=gi527309735	strand=-
13092_g              -           2556 31310                -            631   2.4e-57  194.3   0.0   2   2   2.3e-31   9.3e-29   99.8   0.1   386   523  1214  1352  1169  1389 0.91 length=2557	scaffold=gi527309735	strand=-
9574_g               -           2556 31310                -            631   2.4e-57  194.3   0.0   1   2     7e-29   2.8e-26   91.7   0.0    60   270   439   646   422   658 0.85 length=2557	scaffold=gi528858385	strand=+
9574_g               -           2556 31310                -            631   2.4e-57  194.3   0.0   2   2   2.3e-31   9.3e-29   99.8   0.1   386   523  1214  1352  1169  1389 0.91 length=2557	scaffold=gi528858385	strand=+
5647_g               -           2191 31310                -            631   8.9e-55  185.8   1.7   1   2   2.3e-43   9.2e-41  139.5   0.1    48   460   666  1134   660  1138 0.77 length=2192	scaffold=gi528858388	strand=-
5647_g               -           2191 31310                -            631   8.9e-55  185.8   1.7   2   2     2e-11   7.9e-09   34.0   0.1   473   524  1178  1229  1174  1241 0.90 length=2192	scaffold=gi528858388	strand=-
6599_g               -           2293 31310                -            631   1.1e-54  185.5   1.8   1   3   2.7e-05     0.011   13.8   0.0    47   111   665   724   654   734 0.84 length=2294	scaffold=gi527312496	strand=+
6599_g               -           2293 31310                -            631   1.1e-54  185.5   1.8   2   3   2.4e-39   9.6e-37  126.2   0.2   164   460   891  1236   883  1240 0.80 length=2294	scaffold=gi527312496	strand=+
6599_g               -           2293 31310                -            631   1.1e-54  185.5   1.8   3   3   2.1e-11   8.3e-09   33.9   0.1   473   524  1280  1331  1276  1343 0.90 length=2294	scaffold=gi527312496	strand=+
6735_g               -           2085 31310                -            631   1.6e-50  171.8   1.3   1   4   5.4e-23   2.2e-20   72.2   0.0    59   246   686   879   678   895 0.79 length=2086	scaffold=gi528858387	strand=+
6735_g               -           2085 31310                -            631   1.6e-50  171.8   1.3   2   4   0.00041      0.16    9.8   0.0   257   326  1007  1077  1004  1085 0.81 length=2086	scaffold=gi528858387	strand=+
6735_g               -           2085 31310                -            631   1.6e-50  171.8   1.3   3   4      0.13        50    1.6   0.0   317   344  1265  1292  1261  1305 0.76 length=2086	scaffold=gi528858387	strand=+
6735_g               -           2085 31310                -            631   1.6e-50  171.8   1.3   4   4     2e-26   8.1e-24   83.5   0.0   368   478  1357  1468  1326  1473 0.84 length=2086	scaffold=gi528858387	strand=+
8175_g               -           2085 31310                -            631   1.6e-50  171.8   1.3   1   4   5.4e-23   2.2e-20   72.2   0.0    59   246   686   879   678   895 0.79 length=2086	scaffold=gi527311550	strand=-
8175_g               -           2085 31310                -            631   1.6e-50  171.8   1.3   2   4   0.00041      0.16    9.8   0.0   257   326  1007  1077  1004  1085 0.81 length=2086	scaffold=gi527311550	strand=-
8175_g               -           2085 31310                -            631   1.6e-50  171.8   1.3   3   4      0.13        50    1.6   0.0   317   344  1265  1292  1261  1305 0.76 length=2086	scaffold=gi527311550	strand=-
8175_g               -           2085 31310                -            631   1.6e-50  171.8   1.3   4   4     2e-26   8.1e-24   83.5   0.0   368   478  1357  1468  1326  1473 0.84 length=2086	scaffold=gi527311550	strand=-
2926_g               -           2161 31310                -            631     1e-41  142.7   0.0   1   4   1.5e-11   5.9e-09   34.4   0.0    61   137    70   143    59   157 0.77 length=2162	scaffold=gi528858386	strand=+
2926_g               -           2161 31310                -            631     1e-41  142.7   0.0   2   4   7.8e-12   3.1e-09   35.3   0.0   167   293   210   341   199   349 0.80 length=2162	scaffold=gi528858386	strand=+
2926_g               -           2161 31310                -            631     1e-41  142.7   0.0   3   4       0.2        80    1.0   0.0   301   327   434   460   428   465 0.87 length=2162	scaffold=gi528858386	strand=+
2926_g               -           2161 31310                -            631     1e-41  142.7   0.0   4   4   4.6e-21   1.8e-18   65.9   0.0   326   522   536   756   529   784 0.72 length=2162	scaffold=gi528858386	strand=+
3607_g               -           2161 31310                -            631     1e-41  142.7   0.0   1   4   1.5e-11   5.9e-09   34.4   0.0    61   137    70   143    59   157 0.77 length=2162	scaffold=gi527310881	strand=+
3607_g               -           2161 31310                -            631     1e-41  142.7   0.0   2   4   7.8e-12   3.1e-09   35.3   0.0   167   293   210   341   199   349 0.80 length=2162	scaffold=gi527310881	strand=+
3607_g               -           2161 31310                -            631     1e-41  142.7   0.0   3   4       0.2        80    1.0   0.0   301   327   434   460   428   465 0.87 length=2162	scaffold=gi527310881	strand=+
3607_g               -           2161 31310                -            631     1e-41  142.7   0.0   4   4   4.6e-21   1.8e-18   65.9   0.0   326   522   536   756   529   784 0.72 length=2162	scaffold=gi527310881	strand=+
1896_g               -           1237 31310                -            631   1.5e-41  142.1   0.0   1   2   2.1e-33   8.4e-31  106.6   0.0   190   430    54   308    32   315 0.88 length=1238	scaffold=gi528858392	strand=-
1896_g               -           1237 31310                -            631   1.5e-41  142.1   0.0   2   2   3.3e-11   1.3e-08   33.3   0.0   442   487   490   536   482   541 0.90 length=1238	scaffold=gi528858392	strand=-
2366_g               -           1237 31310                -            631   1.5e-41  142.1   0.0   1   2   2.1e-33   8.4e-31  106.6   0.0   190   430    54   308    32   315 0.88 length=1238	scaffold=gi527314726	strand=+
2366_g               -           1237 31310                -            631   1.5e-41  142.1   0.0   2   2   3.3e-11   1.3e-08   33.3   0.0   442   487   490   536   482   541 0.90 length=1238	scaffold=gi527314726	strand=+
6295_g               -           1354 31310                -            631   1.5e-38  132.2   0.7   1   1   1.8e-40   7.3e-38  129.9   0.7    58   413   958  1324   950  1330 0.78 length=1355	scaffold=gi527312496	strand=+
5958_g               -           1431 31310                -            631   1.7e-38  132.0   0.7   1   1     2e-40   8.1e-38  129.8   0.7    58   413  1035  1401  1027  1407 0.78 length=1432	scaffold=gi528858388	strand=-
13512_g              -           1810 31310                -            631   4.5e-37  127.3   0.3   1   4   0.00037      0.15   10.0   0.0    79   105   317   343   309   354 0.86 length=1811	scaffold=gi527309735	strand=-
13512_g              -           1810 31310                -            631   4.5e-37  127.3   0.3   2   4     0.086        34    2.2   0.1   181   213  1069  1101  1064  1109 0.83 length=1811	scaffold=gi527309735	strand=-
13512_g              -           1810 31310                -            631   4.5e-37  127.3   0.3   3   4    0.0029       1.2    7.0   0.0   188   237  1183  1232  1175  1237 0.70 length=1811	scaffold=gi527309735	strand=-
13512_g              -           1810 31310                -            631   4.5e-37  127.3   0.3   4   4   4.5e-32   1.8e-29  102.2   0.2   358   538  1627  1809  1604  1810 0.91 length=1811	scaffold=gi527309735	strand=-
9154_g               -           1810 31310                -            631   4.5e-37  127.3   0.3   1   4   0.00037      0.15   10.0   0.0    79   105   317   343   309   354 0.86 length=1811	scaffold=gi528858385	strand=+
9154_g               -           1810 31310                -            631   4.5e-37  127.3   0.3   2   4     0.086        34    2.2   0.1   181   213  1069  1101  1064  1109 0.83 length=1811	scaffold=gi528858385	strand=+
9154_g               -           1810 31310                -            631   4.5e-37  127.3   0.3   3   4    0.0029       1.2    7.0   0.0   188   237  1183  1232  1175  1237 0.70 length=1811	scaffold=gi528858385	strand=+
9154_g               -           1810 31310                -            631   4.5e-37  127.3   0.3   4   4   4.5e-32   1.8e-29  102.2   0.2   358   538  1627  1809  1604  1810 0.91 length=1811	scaffold=gi528858385	strand=+
5957_g               -           1294 31310                -            631   3.9e-29  101.1   0.1   1   1   1.5e-31   5.8e-29  100.5   0.1   412   523    12   124     6   128 0.93 length=1295	scaffold=gi528858388	strand=-
6296_g               -           1294 31310                -            631   3.9e-29  101.1   0.1   1   1   1.5e-31   5.8e-29  100.5   0.1   412   523    12   124     6   128 0.93 length=1295	scaffold=gi527312496	strand=+
2001_g               -           1720 31310                -            631   7.7e-17   60.5   0.1   1   6     0.022       8.9    4.1   0.0    82   106   841   865   824   875 0.82 length=1721	scaffold=gi528858392	strand=+
2001_g               -           1720 31310                -            631   7.7e-17   60.5   0.1   2   6      0.33   1.3e+02    0.2   0.0   116   140   988  1013   986  1024 0.84 length=1721	scaffold=gi528858392	strand=+
2001_g               -           1720 31310                -            631   7.7e-17   60.5   0.1   3   6   0.00019     0.075   11.0   0.0   219   266  1120  1167  1113  1174 0.89 length=1721	scaffold=gi528858392	strand=+
2001_g               -           1720 31310                -            631   7.7e-17   60.5   0.1   4   6       5.9   2.3e+03   -3.9   0.0   329   349  1326  1346  1319  1355 0.74 length=1721	scaffold=gi528858392	strand=+
2001_g               -           1720 31310                -            631   7.7e-17   60.5   0.1   5   6     0.039        16    3.3   0.0   366   438  1505  1590  1480  1598 0.67 length=1721	scaffold=gi528858392	strand=+
2001_g               -           1720 31310                -            631   7.7e-17   60.5   0.1   6   6   3.1e-11   1.2e-08   33.4   0.1   434   484  1664  1714  1651  1717 0.92 length=1721	scaffold=gi528858392	strand=+
2258_g               -           1720 31310                -            631   7.7e-17   60.5   0.1   1   6     0.022       8.9    4.1   0.0    82   106   841   865   824   875 0.82 length=1721	scaffold=gi527314726	strand=-
2258_g               -           1720 31310                -            631   7.7e-17   60.5   0.1   2   6      0.33   1.3e+02    0.2   0.0   116   140   988  1013   986  1024 0.84 length=1721	scaffold=gi527314726	strand=-
2258_g               -           1720 31310                -            631   7.7e-17   60.5   0.1   3   6   0.00019     0.075   11.0   0.0   219   266  1120  1167  1113  1174 0.89 length=1721	scaffold=gi527314726	strand=-
2258_g               -           1720 31310                -            631   7.7e-17   60.5   0.1   4   6       5.9   2.3e+03   -3.9   0.0   329   349  1326  1346  1319  1355 0.74 length=1721	scaffold=gi527314726	strand=-
2258_g               -           1720 31310                -            631   7.7e-17   60.5   0.1   5   6     0.039        16    3.3   0.0   366   438  1505  1590  1480  1598 0.67 length=1721	scaffold=gi527314726	strand=-
2258_g               -           1720 31310                -            631   7.7e-17   60.5   0.1   6   6   3.1e-11   1.2e-08   33.4   0.1   434   484  1664  1714  1651  1717 0.92 length=1721	scaffold=gi527314726	strand=-
12585_g              -           2101 31310                -            631   1.2e-13   49.9   0.0   1   2       4.3   1.7e+03   -3.4   0.0   302   323   171   192   170   226 0.89 length=2102	scaffold=gi527308984	strand=+
12585_g              -           2101 31310                -            631   1.2e-13   49.9   0.0   2   2   7.3e-16   2.9e-13   48.7   0.0   387   522  1780  1915  1744  1925 0.91 length=2102	scaffold=gi527308984	strand=+
9938_g               -           2101 31310                -            631   1.2e-13   49.9   0.0   1   2       4.3   1.7e+03   -3.4   0.0   302   323   171   192   170   226 0.89 length=2102	scaffold=gi528858384	strand=-
9938_g               -           2101 31310                -            631   1.2e-13   49.9   0.0   2   2   7.3e-16   2.9e-13   48.7   0.0   387   522  1780  1915  1744  1925 0.91 length=2102	scaffold=gi528858384	strand=-
11285_g              -           1660 31310                -            631   4.6e-12   44.7   0.0   1   3     0.055        22    2.8   0.0    84   119   757   793   747   796 0.75 length=1661	scaffold=gi528858383	strand=+
11285_g              -           1660 31310                -            631   4.6e-12   44.7   0.0   2   3    0.0026         1    7.2   0.1   186   210  1112  1136  1095  1142 0.77 length=1661	scaffold=gi528858383	strand=+
11285_g              -           1660 31310                -            631   4.6e-12   44.7   0.0   3   3   3.5e-10   1.4e-07   29.9   0.0   213   505  1212  1496  1201  1509 0.74 length=1661	scaffold=gi528858383	strand=+
12082_g              -           1660 31310                -            631   4.6e-12   44.7   0.0   1   3     0.055        22    2.8   0.0    84   119   757   793   747   796 0.75 length=1661	scaffold=gi527307902	strand=+
12082_g              -           1660 31310                -            631   4.6e-12   44.7   0.0   2   3    0.0026         1    7.2   0.1   186   210  1112  1136  1095  1142 0.77 length=1661	scaffold=gi527307902	strand=+
12082_g              -           1660 31310                -            631   4.6e-12   44.7   0.0   3   3   3.5e-10   1.4e-07   29.9   0.0   213   505  1212  1496  1201  1509 0.74 length=1661	scaffold=gi527307902	strand=+
7854_g               -           3703 31310                -            631   1.9e-11   42.7   0.0   1   3   6.4e-07   0.00025   19.1   0.0    86   137  1012  1060   992  1069 0.82 length=3704	scaffold=gi527311550	strand=-
7854_g               -           3703 31310                -            631   1.9e-11   42.7   0.0   2   3   0.00018     0.071   11.0   0.0   165   219  1180  1234  1168  1260 0.87 length=3704	scaffold=gi527311550	strand=-
7854_g               -           3703 31310                -            631   1.9e-11   42.7   0.0   3   3    0.0011      0.45    8.4   0.0   407   490  2116  2199  2112  2209 0.89 length=3704	scaffold=gi527311550	strand=-
7062_g               -           3751 31310                -            631     2e-11   42.6   0.0   1   3   6.5e-07   0.00026   19.1   0.0    86   137  1012  1060   992  1069 0.82 length=3752	scaffold=gi528858387	strand=+
7062_g               -           3751 31310                -            631     2e-11   42.6   0.0   2   3   0.00018     0.072   11.0   0.0   165   219  1180  1234  1168  1260 0.87 length=3752	scaffold=gi528858387	strand=+
7062_g               -           3751 31310                -            631     2e-11   42.6   0.0   3   3    0.0011      0.45    8.4   0.0   407   490  2116  2199  2112  2209 0.89 length=3752	scaffold=gi528858387	strand=+
10809_g              -           5363 31310                -            631   6.3e-11   40.9   0.2   1   4       1.1   4.3e+02   -1.5   0.0    82   106   973   997   968  1004 0.85 length=5364	scaffold=gi528858383	strand=+
10809_g              -           5363 31310                -            631   6.3e-11   40.9   0.2   2   4   0.00054      0.21    9.5   0.1   115   136  1498  1519  1494  1533 0.85 length=5364	scaffold=gi528858383	strand=+
10809_g              -           5363 31310                -            631   6.3e-11   40.9   0.2   3   4      0.67   2.7e+02   -0.8   0.0   188   225  1748  1785  1733  1791 0.87 length=5364	scaffold=gi528858383	strand=+
10809_g              -           5363 31310                -            631   6.3e-11   40.9   0.2   4   4   4.4e-09   1.8e-06   26.3   0.0   424   507  2901  2984  2896  2986 0.96 length=5364	scaffold=gi528858383	strand=+
11606_g              -           5363 31310                -            631   6.3e-11   40.9   0.2   1   4       1.1   4.3e+02   -1.5   0.0    82   106   973   997   968  1004 0.85 length=5364	scaffold=gi527307902	strand=+
11606_g              -           5363 31310                -            631   6.3e-11   40.9   0.2   2   4   0.00054      0.21    9.5   0.1   115   136  1498  1519  1494  1533 0.85 length=5364	scaffold=gi527307902	strand=+
11606_g              -           5363 31310                -            631   6.3e-11   40.9   0.2   3   4      0.67   2.7e+02   -0.8   0.0   188   225  1748  1785  1733  1791 0.87 length=5364	scaffold=gi527307902	strand=+
11606_g              -           5363 31310                -            631   6.3e-11   40.9   0.2   4   4   4.4e-09   1.8e-06   26.3   0.0   424   507  2901  2984  2896  2986 0.96 length=5364	scaffold=gi527307902	strand=+
1897_g               -            325 31310                -            631     5e-06   24.7   0.0   1   1   1.9e-08   7.4e-06   24.2   0.0    88   137   201   252   197   273 0.82 length=326	scaffold=gi528858392	strand=-
2365_g               -            325 31310                -            631     5e-06   24.7   0.0   1   1   1.9e-08   7.4e-06   24.2   0.0    88   137   201   252   197   273 0.82 length=326	scaffold=gi527314726	strand=+
12584_g              -           1522 31310                -            631     0.007   14.4   0.0   1   2     0.024       9.4    4.0   0.0    81   104   827   850   822   855 0.87 length=1523	scaffold=gi527308984	strand=+
12584_g              -           1522 31310                -            631     0.007   14.4   0.0   2   2    0.0016      0.62    7.9   0.0   111   136  1155  1180  1149  1196 0.78 length=1523	scaffold=gi527308984	strand=+
9939_g               -           1522 31310                -            631     0.007   14.4   0.0   1   2     0.024       9.4    4.0   0.0    81   104   827   850   822   855 0.87 length=1523	scaffold=gi528858384	strand=-
9939_g               -           1522 31310                -            631     0.007   14.4   0.0   2   2    0.0016      0.62    7.9   0.0   111   136  1155  1180  1149  1196 0.78 length=1523	scaffold=gi528858384	strand=-
#
# Program:         hmmsearch
# Version:         3.4 (Aug 2023)
# Pipeline mode:   SEARCH
# Query file:      /home/inf-20-2025/Malaria/busco_downloads/lineages/apicomplexa_odb12/hmms/31310at5794.hmm
# Target file:     /home/inf-20-2025/Malaria/Results/6_nobird_annotation/T_gondii.faa
# Option settings: hmmsearch --domtblout Results/8_busco/T_gondii/run_apicomplexa_odb12/hmmer_output/initial_run_results/31310at5794.out --cpu 1 /home/inf-20-2025/Malaria/busco_downloads/lineages/apicomplexa_odb12/hmms/31310at5794.hmm /home/inf-20-2025/Malaria/Results/6_nobird_annotation/T_gondii.faa 
# Current dir:     /home/inf-20-2025/Malaria
# Date:            Wed Mar  4 18:33:03 2026
# [ok]
