#                                                                            --- full sequence --- -------------- this domain -------------   hmm coord   ali coord   env coord
# target name        accession   tlen query name           accession   qlen   E-value  score  bias   #  of  c-Evalue  i-Evalue  score  bias  from    to  from    to  from    to  acc description of target
#------------------- ---------- ----- -------------------- ---------- ----- --------- ------ ----- --- --- --------- --------- ------ ----- ----- ----- ----- ----- ----- ----- ---- ---------------------
5775_g               -            825 31523                -            382  4.2e-153  509.5   0.1   1   4   8.9e-52   3.5e-48  164.2   0.0     5   117   219   333   215   337 0.94 length=826	scaffold=gi528858388	strand=-
5775_g               -            825 31523                -            382  4.2e-153  509.5   0.1   2   4   6.5e-29   2.6e-25   88.9   0.0   117   200   354   439   349   449 0.91 length=826	scaffold=gi528858388	strand=-
5775_g               -            825 31523                -            382  4.2e-153  509.5   0.1   3   4   3.6e-50   1.4e-46  158.9   0.0   198   313   519   638   515   646 0.93 length=826	scaffold=gi528858388	strand=-
5775_g               -            825 31523                -            382  4.2e-153  509.5   0.1   4   4   6.8e-30   2.7e-26   92.1   0.0   310   374   691   758   682   765 0.90 length=826	scaffold=gi528858388	strand=-
6473_g               -            763 31523                -            382  5.6e-153  509.1   0.2   1   4     8e-52   3.2e-48  164.3   0.0     5   117   219   333   215   337 0.94 length=764	scaffold=gi527312496	strand=+
6473_g               -            763 31523                -            382  5.6e-153  509.1   0.2   2   4   5.8e-29   2.3e-25   89.1   0.0   117   200   354   439   349   449 0.91 length=764	scaffold=gi527312496	strand=+
6473_g               -            763 31523                -            382  5.6e-153  509.1   0.2   3   4   3.2e-50   1.3e-46  159.1   0.0   198   313   519   638   515   646 0.93 length=764	scaffold=gi527312496	strand=+
6473_g               -            763 31523                -            382  5.6e-153  509.1   0.2   4   4   1.2e-29     5e-26   91.3   0.1   310   372   691   756   682   761 0.91 length=764	scaffold=gi527312496	strand=+
10632_g              -           1805 31523                -            382   1.8e-07   30.2   0.0   1   3      0.36   1.4e+03   -2.4   0.0    32    73   623   665   614   669 0.77 length=1806	scaffold=gi528858383	strand=+
10632_g              -           1805 31523                -            382   1.8e-07   30.2   0.0   2   3   3.6e-10   1.4e-06   27.2   0.1    72   140   764   833   757   847 0.88 length=1806	scaffold=gi528858383	strand=+
10632_g              -           1805 31523                -            382   1.8e-07   30.2   0.0   3   3      0.14   5.6e+02   -1.1   0.0   277   321  1578  1625  1538  1633 0.72 length=1806	scaffold=gi528858383	strand=+
11429_g              -           1805 31523                -            382   1.8e-07   30.2   0.0   1   3      0.36   1.4e+03   -2.4   0.0    32    73   623   665   614   669 0.77 length=1806	scaffold=gi527307902	strand=+
11429_g              -           1805 31523                -            382   1.8e-07   30.2   0.0   2   3   3.6e-10   1.4e-06   27.2   0.1    72   140   764   833   757   847 0.88 length=1806	scaffold=gi527307902	strand=+
11429_g              -           1805 31523                -            382   1.8e-07   30.2   0.0   3   3      0.14   5.6e+02   -1.1   0.0   277   321  1578  1625  1538  1633 0.72 length=1806	scaffold=gi527307902	strand=+
#
# Program:         hmmsearch
# Version:         3.4 (Aug 2023)
# Pipeline mode:   SEARCH
# Query file:      /home/inf-20-2025/Malaria/busco_downloads/lineages/apicomplexa_odb12/hmms/31523at5794.hmm
# Target file:     /home/inf-20-2025/Malaria/Results/6_nobird_annotation/T_gondii.faa
# Option settings: hmmsearch --domtblout Results/8_busco/T_gondii/run_apicomplexa_odb12/hmmer_output/initial_run_results/31523at5794.out --cpu 1 /home/inf-20-2025/Malaria/busco_downloads/lineages/apicomplexa_odb12/hmms/31523at5794.hmm /home/inf-20-2025/Malaria/Results/6_nobird_annotation/T_gondii.faa 
# Current dir:     /home/inf-20-2025/Malaria
# Date:            Wed Mar  4 18:33:05 2026
# [ok]
