#                                                                            --- full sequence --- -------------- this domain -------------   hmm coord   ali coord   env coord
# target name        accession   tlen query name           accession   qlen   E-value  score  bias   #  of  c-Evalue  i-Evalue  score  bias  from    to  from    to  from    to  acc description of target
#------------------- ---------- ----- -------------------- ---------- ----- --------- ------ ----- --- --- --------- --------- ------ ----- ----- ----- ----- ----- ----- ----- ---- ---------------------
10328_g              -            471 31573                -            232   1.9e-69  233.8  23.6   1   4   1.8e-17   4.9e-15   55.8   0.3     2    49    17    64    16    68 0.92 length=472	scaffold=gi528858384	strand=+
10328_g              -            471 31573                -            232   1.9e-69  233.8  23.6   2   4   7.2e-14     2e-11   44.0   0.2    42    79    74   111    69   115 0.87 length=472	scaffold=gi528858384	strand=+
10328_g              -            471 31573                -            232   1.9e-69  233.8  23.6   3   4   4.7e-41   1.3e-38  133.0   9.5    79   206   161   297   155   303 0.88 length=472	scaffold=gi528858384	strand=+
10328_g              -            471 31573                -            232   1.9e-69  233.8  23.6   4   4    0.0053       1.5    8.4   0.0   198   230   419   451   414   453 0.88 length=472	scaffold=gi528858384	strand=+
12197_g              -            780 31573                -            232   2.7e-68  230.1  23.3   1   4   3.4e-17   9.2e-15   54.9   0.3     2    49   326   373   325   377 0.92 length=781	scaffold=gi527308984	strand=-
12197_g              -            780 31573                -            232   2.7e-68  230.1  23.3   2   4   1.3e-13   3.6e-11   43.1   0.2    42    79   383   420   378   424 0.87 length=781	scaffold=gi527308984	strand=-
12197_g              -            780 31573                -            232   2.7e-68  230.1  23.3   3   4   9.6e-41   2.6e-38  131.9   9.2    79   206   470   606   464   609 0.88 length=781	scaffold=gi527308984	strand=-
12197_g              -            780 31573                -            232   2.7e-68  230.1  23.3   4   4    0.0097       2.7    7.6   0.0   198   230   728   760   723   762 0.88 length=781	scaffold=gi527308984	strand=-
2651_g               -            467 31573                -            232   1.2e-22   80.7   2.5   1   1   8.3e-25   2.3e-22   79.8   2.5     3    79    99   173    97   177 0.94 length=468	scaffold=gi528858386	strand=+
3332_g               -            467 31573                -            232   1.2e-22   80.7   2.5   1   1   8.3e-25   2.3e-22   79.8   2.5     3    79    99   173    97   177 0.94 length=468	scaffold=gi527310881	strand=+
10148_g              -            363 31573                -            232   2.3e-22   79.8   0.7   1   1   1.3e-24   3.6e-22   79.1   0.1     6    74    10    74     6    86 0.91 length=364	scaffold=gi528858384	strand=-
12373_g              -            363 31573                -            232   2.3e-22   79.8   0.7   1   1   1.3e-24   3.6e-22   79.1   0.1     6    74    10    74     6    86 0.91 length=364	scaffold=gi527308984	strand=+
10140_g              -            587 31573                -            232   3.9e-21   75.8   0.1   1   2   1.4e-23   3.9e-21   75.8   0.1     4    81   204   276   201   289 0.93 length=588	scaffold=gi528858384	strand=+
10140_g              -            587 31573                -            232   3.9e-21   75.8   0.1   2   2       7.5   2.1e+03   -1.9   0.4   176   211   335   352   328   368 0.54 length=588	scaffold=gi528858384	strand=+
12381_g              -            608 31573                -            232   4.1e-21   75.7   0.1   1   2   1.5e-23   4.1e-21   75.7   0.1     4    81   225   297   222   310 0.93 length=609	scaffold=gi527308984	strand=-
12381_g              -            608 31573                -            232   4.1e-21   75.7   0.1   2   2       7.8   2.1e+03   -1.9   0.4   176   211   356   373   349   389 0.54 length=609	scaffold=gi527308984	strand=-
10840_g              -            999 31573                -            232   2.7e-19   69.7   1.5   1   1   9.9e-22   2.7e-19   69.7   1.5     4    80   552   623   549   630 0.94 length=1000	scaffold=gi528858383	strand=+
11637_g              -            999 31573                -            232   2.7e-19   69.7   1.5   1   1   9.9e-22   2.7e-19   69.7   1.5     4    80   552   623   549   630 0.94 length=1000	scaffold=gi527307902	strand=+
13011_g              -           2603 31573                -            232   2.7e-19   69.7   0.2   1   1   1.5e-21   4.2e-19   69.1   0.2     3    75   388   456   386   469 0.90 length=2604	scaffold=gi527309735	strand=+
9652_g               -           2603 31573                -            232   2.7e-19   69.7   0.2   1   1   1.5e-21   4.2e-19   69.1   0.2     3    75   388   456   386   469 0.90 length=2604	scaffold=gi528858385	strand=-
4769_g               -            631 31573                -            232   1.8e-17   63.8   0.1   1   1   1.1e-19   2.9e-17   63.1   0.1     3    78   121   188   120   192 0.94 length=632	scaffold=gi528858389	strand=-
5241_g               -            631 31573                -            232   1.8e-17   63.8   0.1   1   1   1.1e-19   2.9e-17   63.1   0.1     3    78   121   188   120   192 0.94 length=632	scaffold=gi527313191	strand=-
2126_g               -           1184 31573                -            232   2.7e-17   63.2   0.2   1   3     1e-19   2.7e-17   63.2   0.2     5    67   364   422   361   424 0.95 length=1185	scaffold=gi528858392	strand=+
2126_g               -           1184 31573                -            232   2.7e-17   63.2   0.2   2   3      0.45   1.2e+02    2.1   1.1   159   214   680   735   660   755 0.71 length=1185	scaffold=gi528858392	strand=+
2126_g               -           1184 31573                -            232   2.7e-17   63.2   0.2   3   3       2.1   5.8e+02   -0.1   2.8   179   230   758   809   742   811 0.80 length=1185	scaffold=gi528858392	strand=+
2433_g               -           1184 31573                -            232   2.7e-17   63.2   0.2   1   3     1e-19   2.7e-17   63.2   0.2     5    67   364   422   361   424 0.95 length=1185	scaffold=gi527314679	strand=-
2433_g               -           1184 31573                -            232   2.7e-17   63.2   0.2   2   3      0.45   1.2e+02    2.1   1.1   159   214   680   735   660   755 0.71 length=1185	scaffold=gi527314679	strand=-
2433_g               -           1184 31573                -            232   2.7e-17   63.2   0.2   3   3       2.1   5.8e+02   -0.1   2.8   179   230   758   809   742   811 0.80 length=1185	scaffold=gi527314679	strand=-
4555_g               -            643 31573                -            232   1.6e-16   60.6   1.1   1   1   9.4e-19   2.6e-16   60.0   1.1     5   115   239   343   235   354 0.91 length=644	scaffold=gi528858390	strand=+
8570_g               -            643 31573                -            232   1.6e-16   60.6   1.1   1   1   9.4e-19   2.6e-16   60.0   1.1     5   115   239   343   235   354 0.91 length=644	scaffold=gi527313757	strand=+
2812_g               -           1004 31573                -            232     2e-16   60.3   1.1   1   1   1.3e-18   3.6e-16   59.5   1.1     3    75     3    71     1    93 0.90 length=1005	scaffold=gi528858386	strand=-
3493_g               -           1004 31573                -            232     2e-16   60.3   1.1   1   1   1.3e-18   3.6e-16   59.5   1.1     3    75     3    71     1    93 0.90 length=1005	scaffold=gi527310881	strand=-
5843_g               -            693 31573                -            232   4.8e-16   59.1   0.3   1   1   3.9e-18   1.1e-15   58.0   0.3     4    81   383   454   381   475 0.89 length=694	scaffold=gi528858388	strand=-
6404_g               -            693 31573                -            232   4.8e-16   59.1   0.3   1   1   3.9e-18   1.1e-15   58.0   0.3     4    81   383   454   381   475 0.89 length=694	scaffold=gi527312496	strand=+
7066_g               -            198 31573                -            232   5.7e-15   55.6   0.4   1   2   4.1e-17   1.1e-14   54.6   0.0     3    75     4    70     2    79 0.94 length=199	scaffold=gi528858387	strand=-
7066_g               -            198 31573                -            232   5.7e-15   55.6   0.4   2   2         8   2.2e+03   -2.0   0.1   179   210   102   132    97   143 0.53 length=199	scaffold=gi528858387	strand=-
7850_g               -            198 31573                -            232   5.7e-15   55.6   0.4   1   2   4.1e-17   1.1e-14   54.6   0.0     3    75     4    70     2    79 0.94 length=199	scaffold=gi527311550	strand=+
7850_g               -            198 31573                -            232   5.7e-15   55.6   0.4   2   2         8   2.2e+03   -2.0   0.1   179   210   102   132    97   143 0.53 length=199	scaffold=gi527311550	strand=+
6447_g               -           1224 31573                -            232   7.3e-14   52.0   0.1   1   1   4.6e-16   1.3e-13   51.2   0.1     8    69   501   557   494   566 0.92 length=1225	scaffold=gi527312496	strand=+
2544_g               -            380 31573                -            232   1.6e-13   50.8   0.1   1   1   5.9e-16   1.6e-13   50.8   0.1     4    77    14    98    11   109 0.82 length=381	scaffold=gi528858386	strand=+
3225_g               -            380 31573                -            232   1.6e-13   50.8   0.1   1   1   5.9e-16   1.6e-13   50.8   0.1     4    77    14    98    11   109 0.82 length=381	scaffold=gi527310881	strand=+
5801_g               -           2842 31573                -            232   1.8e-13   50.7   0.1   1   1   1.2e-15   3.3e-13   49.8   0.1     8    69   501   557   494   566 0.92 length=2843	scaffold=gi528858388	strand=-
12526_g              -            576 31573                -            232     8e-13   48.6   0.0   1   1   5.1e-15   1.4e-12   47.8   0.0    20    79    82   132    74   137 0.93 length=577	scaffold=gi527308984	strand=+
9994_g               -            576 31573                -            232     8e-13   48.6   0.0   1   1   5.1e-15   1.4e-12   47.8   0.0    20    79    82   132    74   137 0.93 length=577	scaffold=gi528858384	strand=-
4845_g               -           1411 31573                -            232   2.6e-12   46.9   0.1   1   3     7e-12   1.9e-09   37.5   0.0     4    42   636   674   634   684 0.87 length=1412	scaffold=gi528858389	strand=+
4845_g               -           1411 31573                -            232   2.6e-12   46.9   0.1   2   3   1.3e-05    0.0036   17.0   0.0    41    74   705   738   701   747 0.89 length=1412	scaffold=gi528858389	strand=+
4845_g               -           1411 31573                -            232   2.6e-12   46.9   0.1   3   3       9.4   2.6e+03   -2.2   0.7   154   201  1203  1248  1194  1285 0.63 length=1412	scaffold=gi528858389	strand=+
5317_g               -           1411 31573                -            232   2.6e-12   46.9   0.1   1   3     7e-12   1.9e-09   37.5   0.0     4    42   636   674   634   684 0.87 length=1412	scaffold=gi527313191	strand=+
5317_g               -           1411 31573                -            232   2.6e-12   46.9   0.1   2   3   1.3e-05    0.0036   17.0   0.0    41    74   705   738   701   747 0.89 length=1412	scaffold=gi527313191	strand=+
5317_g               -           1411 31573                -            232   2.6e-12   46.9   0.1   3   3       9.4   2.6e+03   -2.2   0.7   154   201  1203  1248  1194  1285 0.63 length=1412	scaffold=gi527313191	strand=+
760_g                -           1445 31573                -            232   3.7e-11   43.1   0.3   1   2   1.2e-07   3.4e-05   23.6   0.1     8    46   980  1018   975  1031 0.84 length=1446	scaffold=gi527315607	strand=-
760_g                -           1445 31573                -            232   3.7e-11   43.1   0.3   2   2   1.1e-05     0.003   17.2   0.0    57    82  1063  1088  1051  1093 0.91 length=1446	scaffold=gi527315607	strand=-
415_g                -           1529 31573                -            232   4.2e-11   42.9   0.3   1   2   1.3e-07   3.6e-05   23.5   0.1     8    46   980  1018   975  1031 0.84 length=1530	scaffold=gi528858395	strand=+
415_g                -           1529 31573                -            232   4.2e-11   42.9   0.3   2   2   1.2e-05    0.0032   17.2   0.0    57    82  1063  1088  1051  1093 0.91 length=1530	scaffold=gi528858395	strand=+
7167_g               -            519 31573                -            232   6.4e-11   42.3   1.2   1   2   2.3e-13   6.4e-11   42.3   1.2    17    75    66   120    63   131 0.89 length=520	scaffold=gi528858387	strand=+
7167_g               -            519 31573                -            232   6.4e-11   42.3   1.2   2   2       7.4     2e+03   -1.8   3.1   178   221   181   224   146   234 0.74 length=520	scaffold=gi528858387	strand=+
7750_g               -            519 31573                -            232   6.4e-11   42.3   1.2   1   2   2.3e-13   6.4e-11   42.3   1.2    17    75    66   120    63   131 0.89 length=520	scaffold=gi527311550	strand=-
7750_g               -            519 31573                -            232   6.4e-11   42.3   1.2   2   2       7.4     2e+03   -1.8   3.1   178   221   181   224   146   234 0.74 length=520	scaffold=gi527311550	strand=-
4169_g               -            554 31573                -            232   3.1e-10   40.1   0.7   1   2   5.4e-07   0.00015   21.5   0.1     8    49   280   321   273   328 0.88 length=555	scaffold=gi528858391	strand=-
4169_g               -            554 31573                -            232   3.1e-10   40.1   0.7   2   2   1.8e-05     0.005   16.5   0.1    44    85   372   413   366   430 0.83 length=555	scaffold=gi528858391	strand=-
8949_g               -            554 31573                -            232   3.1e-10   40.1   0.7   1   2   5.4e-07   0.00015   21.5   0.1     8    49   280   321   273   328 0.88 length=555	scaffold=gi527314250	strand=-
8949_g               -            554 31573                -            232   3.1e-10   40.1   0.7   2   2   1.8e-05     0.005   16.5   0.1    44    85   372   413   366   430 0.83 length=555	scaffold=gi527314250	strand=-
6893_g               -            977 31573                -            232   3.1e-09   36.8   0.1   1   1   2.3e-11   6.2e-09   35.8   0.1    10    73   237   295   229   310 0.84 length=978	scaffold=gi528858387	strand=-
8019_g               -            977 31573                -            232   3.1e-09   36.8   0.1   1   1   2.3e-11   6.2e-09   35.8   0.1    10    73   237   295   229   310 0.84 length=978	scaffold=gi527311550	strand=+
4986_g               -            920 31573                -            232   3.4e-09   36.7   0.2   1   1   2.6e-11   7.1e-09   35.6   0.2     2    63   841   907   840   913 0.87 length=921	scaffold=gi528858389	strand=+
5458_g               -            920 31573                -            232   3.4e-09   36.7   0.2   1   1   2.6e-11   7.1e-09   35.6   0.2     2    63   841   907   840   913 0.87 length=921	scaffold=gi527313191	strand=+
6068_g               -           2332 31573                -            232   1.3e-07   31.5   1.7   1   2    0.0067       1.8    8.1   0.0     5    25  2103  2123  2101  2125 0.92 length=2333	scaffold=gi528858388	strand=+
6068_g               -           2332 31573                -            232   1.3e-07   31.5   1.7   2   2   3.6e-07   9.7e-05   22.1   0.5    23    74  2184  2231  2180  2243 0.93 length=2333	scaffold=gi528858388	strand=+
6184_g               -           2332 31573                -            232   1.3e-07   31.5   1.7   1   2    0.0067       1.8    8.1   0.0     5    25  2103  2123  2101  2125 0.92 length=2333	scaffold=gi527312496	strand=-
6184_g               -           2332 31573                -            232   1.3e-07   31.5   1.7   2   2   3.6e-07   9.7e-05   22.1   0.5    23    74  2184  2231  2180  2243 0.93 length=2333	scaffold=gi527312496	strand=-
13290_g              -            921 31573                -            232   1.3e-07   31.5   0.0   1   2   5.8e-09   1.6e-06   28.0   0.0     6    43     7    44     3    52 0.89 length=922	scaffold=gi527309735	strand=+
13290_g              -            921 31573                -            232   1.3e-07   31.5   0.0   2   2       1.4   3.9e+02    0.5   0.0    45    73   131   159   125   171 0.87 length=922	scaffold=gi527309735	strand=+
9379_g               -            921 31573                -            232   1.3e-07   31.5   0.0   1   2   5.8e-09   1.6e-06   28.0   0.0     6    43     7    44     3    52 0.89 length=922	scaffold=gi528858385	strand=-
9379_g               -            921 31573                -            232   1.3e-07   31.5   0.0   2   2       1.4   3.9e+02    0.5   0.0    45    73   131   159   125   171 0.87 length=922	scaffold=gi528858385	strand=-
2909_g               -            917 31573                -            232   9.3e-07   28.7   0.1   1   1   6.7e-09   1.8e-06   27.7   0.1     6    74    12    72     8    80 0.90 length=918	scaffold=gi528858386	strand=-
3590_g               -            917 31573                -            232   9.3e-07   28.7   0.1   1   1   6.7e-09   1.8e-06   27.7   0.1     6    74    12    72     8    80 0.90 length=918	scaffold=gi527310881	strand=-
5762_g               -            534 31573                -            232   5.5e-05   22.9   0.3   1   1   3.5e-07   9.7e-05   22.1   0.3    20    62   489   531   480   532 0.93 length=535	scaffold=gi528858388	strand=+
6486_g               -            534 31573                -            232   5.5e-05   22.9   0.3   1   1   3.5e-07   9.7e-05   22.1   0.3    20    62   489   531   480   532 0.93 length=535	scaffold=gi527312496	strand=-
4106_g               -            786 31573                -            232   0.00016   21.4   0.8   1   4      0.34        93    2.5   0.0     9    31   254   276   250   279 0.86 length=787	scaffold=gi528858391	strand=+
4106_g               -            786 31573                -            232   0.00016   21.4   0.8   2   4     6e-07   0.00016   21.4   0.8    29    78   412   455   410   480 0.80 length=787	scaffold=gi528858391	strand=+
4106_g               -            786 31573                -            232   0.00016   21.4   0.8   3   4       6.2   1.7e+03   -1.6   0.5   154   192   498   532   478   565 0.58 length=787	scaffold=gi528858391	strand=+
4106_g               -            786 31573                -            232   0.00016   21.4   0.8   4   4       6.5   1.8e+03   -1.7   0.4   163   195   581   613   567   617 0.74 length=787	scaffold=gi528858391	strand=+
8886_g               -            786 31573                -            232   0.00016   21.4   0.8   1   4      0.34        93    2.5   0.0     9    31   254   276   250   279 0.86 length=787	scaffold=gi527314250	strand=+
8886_g               -            786 31573                -            232   0.00016   21.4   0.8   2   4     6e-07   0.00016   21.4   0.8    29    78   412   455   410   480 0.80 length=787	scaffold=gi527314250	strand=+
8886_g               -            786 31573                -            232   0.00016   21.4   0.8   3   4       6.2   1.7e+03   -1.6   0.5   154   192   498   532   478   565 0.58 length=787	scaffold=gi527314250	strand=+
8886_g               -            786 31573                -            232   0.00016   21.4   0.8   4   4       6.5   1.8e+03   -1.7   0.4   163   195   581   613   567   617 0.74 length=787	scaffold=gi527314250	strand=+
1161_g               -            486 31573                -            232    0.0032   17.2   0.0   1   1   0.00011     0.031   13.9   0.0     5    77   202   264   199   270 0.83 length=487	scaffold=gi528858393	strand=-
1476_g               -            486 31573                -            232    0.0032   17.2   0.0   1   1   0.00011     0.031   13.9   0.0     5    77   202   264   199   270 0.83 length=487	scaffold=gi527315005	strand=+
13389_g              -           2689 31573                -            232     0.071   12.7   0.0   1   1   0.00056      0.15   11.6   0.0    21    55  2649  2684  2633  2686 0.73 length=2690	scaffold=gi527309735	strand=+
9279_g               -           2689 31573                -            232     0.071   12.7   0.0   1   1   0.00056      0.15   11.6   0.0    21    55  2649  2684  2633  2686 0.73 length=2690	scaffold=gi528858385	strand=-
2767_g               -            221 31573                -            232     0.085   12.5   2.1   1   1   0.00042      0.11   12.1   2.1    22    70   104   152    81   155 0.85 length=222	scaffold=gi528858386	strand=+
3448_g               -            221 31573                -            232     0.085   12.5   2.1   1   1   0.00042      0.11   12.1   2.1    22    70   104   152    81   155 0.85 length=222	scaffold=gi527310881	strand=+
#
# Program:         hmmsearch
# Version:         3.4 (Aug 2023)
# Pipeline mode:   SEARCH
# Query file:      /home/inf-20-2025/Malaria/busco_downloads/lineages/apicomplexa_odb12/hmms/31573at5794.hmm
# Target file:     /home/inf-20-2025/Malaria/Results/6_nobird_annotation/T_gondii.faa
# Option settings: hmmsearch --domtblout Results/8_busco/T_gondii/run_apicomplexa_odb12/hmmer_output/initial_run_results/31573at5794.out --cpu 1 /home/inf-20-2025/Malaria/busco_downloads/lineages/apicomplexa_odb12/hmms/31573at5794.hmm /home/inf-20-2025/Malaria/Results/6_nobird_annotation/T_gondii.faa 
# Current dir:     /home/inf-20-2025/Malaria
# Date:            Wed Mar  4 18:32:56 2026
# [ok]
