#                                                                            --- full sequence --- -------------- this domain -------------   hmm coord   ali coord   env coord
# target name        accession   tlen query name           accession   qlen   E-value  score  bias   #  of  c-Evalue  i-Evalue  score  bias  from    to  from    to  from    to  acc description of target
#------------------- ---------- ----- -------------------- ---------- ----- --------- ------ ----- --- --- --------- --------- ------ ----- ----- ----- ----- ----- ----- ----- ---- ---------------------
10613_g              -           1573 31757                -            739  5.1e-298  990.1   0.4   1   4   8.9e-31   7.9e-28   96.8   0.0     5   144   480   651   476   655 0.79 length=1574	scaffold=gi528858383	strand=+
10613_g              -           1573 31757                -            739  5.1e-298  990.1   0.4   2   4     1e-80   8.9e-78  261.9   0.0   140   332   793   991   779  1004 0.93 length=1574	scaffold=gi528858383	strand=+
10613_g              -           1573 31757                -            739  5.1e-298  990.1   0.4   3   4   6.7e-39   5.9e-36  123.7   0.0   336   426  1040  1146  1025  1156 0.84 length=1574	scaffold=gi528858383	strand=+
10613_g              -           1573 31757                -            739  5.1e-298  990.1   0.4   4   4    5e-152  4.4e-149  497.7   0.0   425   737  1206  1553  1190  1555 0.87 length=1574	scaffold=gi528858383	strand=+
11410_g              -           1573 31757                -            739  5.1e-298  990.1   0.4   1   4   8.9e-31   7.9e-28   96.8   0.0     5   144   480   651   476   655 0.79 length=1574	scaffold=gi527307902	strand=+
11410_g              -           1573 31757                -            739  5.1e-298  990.1   0.4   2   4     1e-80   8.9e-78  261.9   0.0   140   332   793   991   779  1004 0.93 length=1574	scaffold=gi527307902	strand=+
11410_g              -           1573 31757                -            739  5.1e-298  990.1   0.4   3   4   6.7e-39   5.9e-36  123.7   0.0   336   426  1040  1146  1025  1156 0.84 length=1574	scaffold=gi527307902	strand=+
11410_g              -           1573 31757                -            739  5.1e-298  990.1   0.4   4   4    5e-152  4.4e-149  497.7   0.0   425   737  1206  1553  1190  1555 0.87 length=1574	scaffold=gi527307902	strand=+
10591_g              -            963 31757                -            739    1e-122  410.5   0.9   1   3   4.7e-17   4.2e-14   51.4   0.0   152   294   135   272   109   279 0.79 length=964	scaffold=gi528858383	strand=-
10591_g              -            963 31757                -            739    1e-122  410.5   0.9   2   3   1.1e-90   9.9e-88  294.8   0.0   313   566   319   577   312   600 0.86 length=964	scaffold=gi528858383	strand=-
10591_g              -            963 31757                -            739    1e-122  410.5   0.9   3   3     1e-19   8.9e-17   60.2   0.9   573   662   659   751   640   757 0.87 length=964	scaffold=gi528858383	strand=-
11388_g              -            963 31757                -            739    1e-122  410.5   0.9   1   3   4.7e-17   4.2e-14   51.4   0.0   152   294   135   272   109   279 0.79 length=964	scaffold=gi527307902	strand=-
11388_g              -            963 31757                -            739    1e-122  410.5   0.9   2   3   1.1e-90   9.9e-88  294.8   0.0   313   566   319   577   312   600 0.86 length=964	scaffold=gi527307902	strand=-
11388_g              -            963 31757                -            739    1e-122  410.5   0.9   3   3     1e-19   8.9e-17   60.2   0.9   573   662   659   751   640   757 0.87 length=964	scaffold=gi527307902	strand=-
12973_g              -           1129 31757                -            739  4.5e-108  362.1   0.0   1   2   5.9e-32   5.2e-29  100.7   0.0    68   392   343   647   288   656 0.80 length=1130	scaffold=gi527309735	strand=-
12973_g              -           1129 31757                -            739  4.5e-108  362.1   0.0   2   2   5.2e-78   4.6e-75  253.0   0.1   395   657   704   993   695  1002 0.85 length=1130	scaffold=gi527309735	strand=-
9688_g               -           1129 31757                -            739  4.5e-108  362.1   0.0   1   2   5.9e-32   5.2e-29  100.7   0.0    68   392   343   647   288   656 0.80 length=1130	scaffold=gi528858385	strand=+
9688_g               -           1129 31757                -            739  4.5e-108  362.1   0.0   2   2   5.2e-78   4.6e-75  253.0   0.1   395   657   704   993   695  1002 0.85 length=1130	scaffold=gi528858385	strand=+
4512_g               -            893 31757                -            739   9.6e-98  327.9   3.4   1   3         3   2.6e+03   -4.1   0.1   153   197   292   337   287   343 0.69 length=894	scaffold=gi528858390	strand=+
4512_g               -            893 31757                -            739   9.6e-98  327.9   3.4   2   3      0.18   1.6e+02   -0.1   0.0   238   262   399   423   379   427 0.84 length=894	scaffold=gi528858390	strand=+
4512_g               -            893 31757                -            739   9.6e-98  327.9   3.4   3   3  1.5e-100   1.3e-97  327.5   0.9   337   736   472   878   459   881 0.89 length=894	scaffold=gi528858390	strand=+
8527_g               -            893 31757                -            739   9.6e-98  327.9   3.4   1   3         3   2.6e+03   -4.1   0.1   153   197   292   337   287   343 0.69 length=894	scaffold=gi527313757	strand=+
8527_g               -            893 31757                -            739   9.6e-98  327.9   3.4   2   3      0.18   1.6e+02   -0.1   0.0   238   262   399   423   379   427 0.84 length=894	scaffold=gi527313757	strand=+
8527_g               -            893 31757                -            739   9.6e-98  327.9   3.4   3   3  1.5e-100   1.3e-97  327.5   0.9   337   736   472   878   459   881 0.89 length=894	scaffold=gi527313757	strand=+
9596_g               -           1161 31757                -            739   2.4e-94  316.7   7.7   1   5       3.2   2.9e+03   -4.2   0.1    38    81    34    77    28    88 0.70 length=1162	scaffold=gi528858385	strand=+
9596_g               -           1161 31757                -            739   2.4e-94  316.7   7.7   2   5     0.011       9.5    3.9   0.1   161   211   331   381   317   390 0.87 length=1162	scaffold=gi528858385	strand=+
9596_g               -           1161 31757                -            739   2.4e-94  316.7   7.7   3   5   7.1e-85   6.2e-82  275.7   0.2   339   540   620   824   601   826 0.93 length=1162	scaffold=gi528858385	strand=+
9596_g               -           1161 31757                -            739   2.4e-94  316.7   7.7   4   5   1.5e-05     0.014   13.3   0.2   539   572   899   932   896   944 0.88 length=1162	scaffold=gi528858385	strand=+
9596_g               -           1161 31757                -            739   2.4e-94  316.7   7.7   5   5     5e-09   4.4e-06   24.9   0.0   561   662   952  1059   937  1066 0.82 length=1162	scaffold=gi528858385	strand=+
13070_g              -           1163 31757                -            739   2.4e-94  316.7   7.7   1   5       3.2   2.9e+03   -4.2   0.1    38    81    34    77    28    88 0.70 length=1164	scaffold=gi527309735	strand=-
13070_g              -           1163 31757                -            739   2.4e-94  316.7   7.7   2   5     0.011       9.5    3.9   0.1   161   211   331   381   317   390 0.87 length=1164	scaffold=gi527309735	strand=-
13070_g              -           1163 31757                -            739   2.4e-94  316.7   7.7   3   5   7.1e-85   6.3e-82  275.6   0.2   339   540   620   824   601   826 0.93 length=1164	scaffold=gi527309735	strand=-
13070_g              -           1163 31757                -            739   2.4e-94  316.7   7.7   4   5   1.5e-05     0.014   13.3   0.2   539   572   899   932   896   944 0.88 length=1164	scaffold=gi527309735	strand=-
13070_g              -           1163 31757                -            739   2.4e-94  316.7   7.7   5   5     5e-09   4.4e-06   24.9   0.0   561   662   952  1059   937  1066 0.82 length=1164	scaffold=gi527309735	strand=-
10449_g              -           1501 31757                -            739   3.1e-87  293.2   0.0   1   4   2.9e-06    0.0026   15.7   0.0   118   196   192   270   163   289 0.71 length=1502	scaffold=gi528858384	strand=-
10449_g              -           1501 31757                -            739   3.1e-87  293.2   0.0   2   4     4e-78   3.6e-75  253.3   0.0   247   547   433   725   426   791 0.86 length=1502	scaffold=gi528858384	strand=-
10449_g              -           1501 31757                -            739   3.1e-87  293.2   0.0   3   4       1.2   1.1e+03   -2.9   0.0   570   591   854   875   844   885 0.83 length=1502	scaffold=gi528858384	strand=-
10449_g              -           1501 31757                -            739   3.1e-87  293.2   0.0   4   4   3.5e-07   0.00031   18.8   0.1   622   660   945   983   894   989 0.82 length=1502	scaffold=gi528858384	strand=-
12810_g              -           1501 31757                -            739   3.1e-87  293.2   0.0   1   4   2.9e-06    0.0026   15.7   0.0   118   196   192   270   163   289 0.71 length=1502	scaffold=gi527308853	strand=+
12810_g              -           1501 31757                -            739   3.1e-87  293.2   0.0   2   4     4e-78   3.6e-75  253.3   0.0   247   547   433   725   426   791 0.86 length=1502	scaffold=gi527308853	strand=+
12810_g              -           1501 31757                -            739   3.1e-87  293.2   0.0   3   4       1.2   1.1e+03   -2.9   0.0   570   591   854   875   844   885 0.83 length=1502	scaffold=gi527308853	strand=+
12810_g              -           1501 31757                -            739   3.1e-87  293.2   0.0   4   4   3.5e-07   0.00031   18.8   0.1   622   660   945   983   894   989 0.82 length=1502	scaffold=gi527308853	strand=+
10316_g              -           1595 31757                -            739     8e-50  169.5   3.0   1   5       2.7   2.4e+03   -4.0   0.0   308   339   784   815   781   819 0.80 length=1596	scaffold=gi528858384	strand=+
10316_g              -           1595 31757                -            739     8e-50  169.5   3.0   2   5    0.0017       1.5    6.6   0.0   395   422  1088  1115  1081  1124 0.85 length=1596	scaffold=gi528858384	strand=+
10316_g              -           1595 31757                -            739     8e-50  169.5   3.0   3   5   0.00031      0.27    9.0   0.0   427   457  1157  1187  1152  1190 0.94 length=1596	scaffold=gi528858384	strand=+
10316_g              -           1595 31757                -            739     8e-50  169.5   3.0   4   5   1.4e-33   1.3e-30  106.0   0.0   458   561  1219  1326  1216  1342 0.91 length=1596	scaffold=gi528858384	strand=+
10316_g              -           1595 31757                -            739     8e-50  169.5   3.0   5   5   7.8e-15   6.9e-12   44.1   0.1   574   668  1369  1469  1356  1483 0.84 length=1596	scaffold=gi528858384	strand=+
12209_g              -           1595 31757                -            739     8e-50  169.5   3.0   1   5       2.7   2.4e+03   -4.0   0.0   308   339   784   815   781   819 0.80 length=1596	scaffold=gi527308984	strand=-
12209_g              -           1595 31757                -            739     8e-50  169.5   3.0   2   5    0.0017       1.5    6.6   0.0   395   422  1088  1115  1081  1124 0.85 length=1596	scaffold=gi527308984	strand=-
12209_g              -           1595 31757                -            739     8e-50  169.5   3.0   3   5   0.00031      0.27    9.0   0.0   427   457  1157  1187  1152  1190 0.94 length=1596	scaffold=gi527308984	strand=-
12209_g              -           1595 31757                -            739     8e-50  169.5   3.0   4   5   1.4e-33   1.3e-30  106.0   0.0   458   561  1219  1326  1216  1342 0.91 length=1596	scaffold=gi527308984	strand=-
12209_g              -           1595 31757                -            739     8e-50  169.5   3.0   5   5   7.8e-15   6.9e-12   44.1   0.1   574   668  1369  1469  1356  1483 0.84 length=1596	scaffold=gi527308984	strand=-
7273_g               -           1071 31757                -            739   2.7e-16   58.7   3.3   1   3      0.46   4.1e+02   -1.5   0.1   281   323   429   471   428   483 0.85 length=1072	scaffold=gi528858387	strand=-
7273_g               -           1071 31757                -            739   2.7e-16   58.7   3.3   2   3      0.18   1.6e+02   -0.1   0.0   396   425   805   834   800   841 0.86 length=1072	scaffold=gi528858387	strand=-
7273_g               -           1071 31757                -            739   2.7e-16   58.7   3.3   3   3   6.2e-19   5.5e-16   57.6   0.2   434   498   960  1024   956  1028 0.97 length=1072	scaffold=gi528858387	strand=-
7645_g               -           1071 31757                -            739   2.7e-16   58.7   3.3   1   3      0.46   4.1e+02   -1.5   0.1   281   323   429   471   428   483 0.85 length=1072	scaffold=gi527311550	strand=+
7645_g               -           1071 31757                -            739   2.7e-16   58.7   3.3   2   3      0.18   1.6e+02   -0.1   0.0   396   425   805   834   800   841 0.86 length=1072	scaffold=gi527311550	strand=+
7645_g               -           1071 31757                -            739   2.7e-16   58.7   3.3   3   3   6.2e-19   5.5e-16   57.6   0.2   434   498   960  1024   956  1028 0.97 length=1072	scaffold=gi527311550	strand=+
7272_g               -            465 31757                -            739   9.7e-05   20.5   0.0   1   3     0.033        29    2.3   0.0   532   548   144   160   141   176 0.83 length=466	scaffold=gi528858387	strand=-
7272_g               -            465 31757                -            739   9.7e-05   20.5   0.0   2   3   0.00019      0.17    9.7   0.0   579   619   234   274   228   285 0.89 length=466	scaffold=gi528858387	strand=-
7272_g               -            465 31757                -            739   9.7e-05   20.5   0.0   3   3    0.0076       6.7    4.5   0.0   623   660   303   340   298   350 0.88 length=466	scaffold=gi528858387	strand=-
7646_g               -            465 31757                -            739   9.7e-05   20.5   0.0   1   3     0.033        29    2.3   0.0   532   548   144   160   141   176 0.83 length=466	scaffold=gi527311550	strand=+
7646_g               -            465 31757                -            739   9.7e-05   20.5   0.0   2   3   0.00019      0.17    9.7   0.0   579   619   234   274   228   285 0.89 length=466	scaffold=gi527311550	strand=+
7646_g               -            465 31757                -            739   9.7e-05   20.5   0.0   3   3    0.0076       6.7    4.5   0.0   623   660   303   340   298   350 0.88 length=466	scaffold=gi527311550	strand=+
#
# Program:         hmmsearch
# Version:         3.4 (Aug 2023)
# Pipeline mode:   SEARCH
# Query file:      /home/inf-20-2025/Malaria/busco_downloads/lineages/apicomplexa_odb12/hmms/31757at5794.hmm
# Target file:     /home/inf-20-2025/Malaria/Results/6_nobird_annotation/T_gondii.faa
# Option settings: hmmsearch --domtblout Results/8_busco/T_gondii/run_apicomplexa_odb12/hmmer_output/initial_run_results/31757at5794.out --cpu 1 /home/inf-20-2025/Malaria/busco_downloads/lineages/apicomplexa_odb12/hmms/31757at5794.hmm /home/inf-20-2025/Malaria/Results/6_nobird_annotation/T_gondii.faa 
# Current dir:     /home/inf-20-2025/Malaria
# Date:            Wed Mar  4 18:33:01 2026
# [ok]
