#                                                                            --- full sequence --- -------------- this domain -------------   hmm coord   ali coord   env coord
# target name        accession   tlen query name           accession   qlen   E-value  score  bias   #  of  c-Evalue  i-Evalue  score  bias  from    to  from    to  from    to  acc description of target
#------------------- ---------- ----- -------------------- ---------- ----- --------- ------ ----- --- --- --------- --------- ------ ----- ----- ----- ----- ----- ----- ----- ---- ---------------------
11285_g              -           1660 32028                -            554  1.1e-191  637.8   5.7   1   7     0.003       1.3    7.2   0.0     4    33   432   461   429   465 0.88 length=1661	scaffold=gi528858383	strand=+
11285_g              -           1660 32028                -            554  1.1e-191  637.8   5.7   2   7   1.8e-08   7.4e-06   24.5   0.0    46   101   507   563   479   583 0.75 length=1661	scaffold=gi528858383	strand=+
11285_g              -           1660 32028                -            554  1.1e-191  637.8   5.7   3   7      0.38   1.6e+02    0.2   0.0   106   132   616   642   605   654 0.77 length=1661	scaffold=gi528858383	strand=+
11285_g              -           1660 32028                -            554  1.1e-191  637.8   5.7   4   7   2.4e-12   9.9e-10   37.2   0.2   123   151   746   774   743   781 0.95 length=1661	scaffold=gi528858383	strand=+
11285_g              -           1660 32028                -            554  1.1e-191  637.8   5.7   5   7     2e-30   8.4e-28   96.9   0.2   172   248  1062  1135  1057  1140 0.95 length=1661	scaffold=gi528858383	strand=+
11285_g              -           1660 32028                -            554  1.1e-191  637.8   5.7   6   7   3.9e-62   1.6e-59  201.6   0.1   246   372  1204  1330  1197  1336 0.96 length=1661	scaffold=gi528858383	strand=+
11285_g              -           1660 32028                -            554  1.1e-191  637.8   5.7   7   7   3.7e-81   1.5e-78  264.4   0.0   371   547  1351  1520  1341  1525 0.93 length=1661	scaffold=gi528858383	strand=+
12082_g              -           1660 32028                -            554  1.1e-191  637.8   5.7   1   7     0.003       1.3    7.2   0.0     4    33   432   461   429   465 0.88 length=1661	scaffold=gi527307902	strand=+
12082_g              -           1660 32028                -            554  1.1e-191  637.8   5.7   2   7   1.8e-08   7.4e-06   24.5   0.0    46   101   507   563   479   583 0.75 length=1661	scaffold=gi527307902	strand=+
12082_g              -           1660 32028                -            554  1.1e-191  637.8   5.7   3   7      0.38   1.6e+02    0.2   0.0   106   132   616   642   605   654 0.77 length=1661	scaffold=gi527307902	strand=+
12082_g              -           1660 32028                -            554  1.1e-191  637.8   5.7   4   7   2.4e-12   9.9e-10   37.2   0.2   123   151   746   774   743   781 0.95 length=1661	scaffold=gi527307902	strand=+
12082_g              -           1660 32028                -            554  1.1e-191  637.8   5.7   5   7     2e-30   8.4e-28   96.9   0.2   172   248  1062  1135  1057  1140 0.95 length=1661	scaffold=gi527307902	strand=+
12082_g              -           1660 32028                -            554  1.1e-191  637.8   5.7   6   7   3.9e-62   1.6e-59  201.6   0.1   246   372  1204  1330  1197  1336 0.96 length=1661	scaffold=gi527307902	strand=+
12082_g              -           1660 32028                -            554  1.1e-191  637.8   5.7   7   7   3.7e-81   1.5e-78  264.4   0.0   371   547  1351  1520  1341  1525 0.93 length=1661	scaffold=gi527307902	strand=+
7854_g               -           3703 32028                -            554   1.6e-59  201.6   0.0   1   4   1.5e-30   6.2e-28   97.3   0.0    52   197   922  1071   916  1078 0.83 length=3704	scaffold=gi527311550	strand=-
7854_g               -           3703 32028                -            554   1.6e-59  201.6   0.0   2   4   1.2e-14     5e-12   44.8   0.0   202   317  1175  1303  1168  1308 0.78 length=3704	scaffold=gi527311550	strand=-
7854_g               -           3703 32028                -            554   1.6e-59  201.6   0.0   3   4    0.0025         1    7.5   0.0   291   329  1425  1462  1412  1470 0.86 length=3704	scaffold=gi527311550	strand=-
7854_g               -           3703 32028                -            554   1.6e-59  201.6   0.0   4   4   3.7e-15   1.5e-12   46.5   0.0   427   512  2119  2203  2111  2209 0.91 length=3704	scaffold=gi527311550	strand=-
7062_g               -           3751 32028                -            554   1.7e-59  201.5   0.0   1   4   1.5e-30   6.3e-28   97.3   0.0    52   197   922  1071   916  1078 0.83 length=3752	scaffold=gi528858387	strand=+
7062_g               -           3751 32028                -            554   1.7e-59  201.5   0.0   2   4   1.2e-14   5.1e-12   44.8   0.0   202   317  1175  1303  1168  1308 0.78 length=3752	scaffold=gi528858387	strand=+
7062_g               -           3751 32028                -            554   1.7e-59  201.5   0.0   3   4    0.0025       1.1    7.4   0.0   291   329  1425  1462  1412  1470 0.86 length=3752	scaffold=gi528858387	strand=+
7062_g               -           3751 32028                -            554   1.7e-59  201.5   0.0   4   4   3.8e-15   1.6e-12   46.5   0.0   427   512  2119  2203  2111  2209 0.91 length=3752	scaffold=gi528858387	strand=+
4605_g               -           2948 32028                -            554   6.7e-58  196.2   1.5   1   2   1.5e-30   6.1e-28   97.3   0.1   116   371  1218  1486  1188  1503 0.78 length=2949	scaffold=gi528858389	strand=-
4605_g               -           2948 32028                -            554   6.7e-58  196.2   1.5   2   2     1e-30   4.3e-28   97.8   0.1   393   528  2579  2714  2568  2721 0.92 length=2949	scaffold=gi528858389	strand=-
5077_g               -           2948 32028                -            554   6.7e-58  196.2   1.5   1   2   1.5e-30   6.1e-28   97.3   0.1   116   371  1218  1486  1188  1503 0.78 length=2949	scaffold=gi527313191	strand=-
5077_g               -           2948 32028                -            554   6.7e-58  196.2   1.5   2   2     1e-30   4.3e-28   97.8   0.1   393   528  2579  2714  2568  2721 0.92 length=2949	scaffold=gi527313191	strand=-
574_g                -           1518 32028                -            554   1.5e-51  175.3   0.3   1   3   1.6e-08   6.5e-06   24.6   0.0   120   172   392   451   381   462 0.83 length=1519	scaffold=gi528858395	strand=+
574_g                -           1518 32028                -            554   1.5e-51  175.3   0.3   2   3     4e-18   1.7e-15   56.3   0.0   203   362   649   814   643   848 0.75 length=1519	scaffold=gi528858395	strand=+
574_g                -           1518 32028                -            554   1.5e-51  175.3   0.3   3   3   1.6e-28   6.6e-26   90.6   0.0   390   537   871  1019   859  1037 0.86 length=1519	scaffold=gi528858395	strand=+
599_g                -           1518 32028                -            554   1.5e-51  175.3   0.3   1   3   1.6e-08   6.5e-06   24.6   0.0   120   172   392   451   381   462 0.83 length=1519	scaffold=gi527315607	strand=-
599_g                -           1518 32028                -            554   1.5e-51  175.3   0.3   2   3     4e-18   1.7e-15   56.3   0.0   203   362   649   814   643   848 0.75 length=1519	scaffold=gi527315607	strand=-
599_g                -           1518 32028                -            554   1.5e-51  175.3   0.3   3   3   1.6e-28   6.6e-26   90.6   0.0   390   537   871  1019   859  1037 0.86 length=1519	scaffold=gi527315607	strand=-
13092_g              -           2556 32028                -            554   7.6e-47  159.7   1.7   1   3   1.2e-23   4.8e-21   74.6   0.0    22   291   340   625   319   630 0.73 length=2557	scaffold=gi527309735	strand=-
13092_g              -           2556 32028                -            554   7.6e-47  159.7   1.7   2   3     0.014       5.9    5.0   0.2   321   395   686   759   673   802 0.71 length=2557	scaffold=gi527309735	strand=-
13092_g              -           2556 32028                -            554   7.6e-47  159.7   1.7   3   3   1.5e-24   6.1e-22   77.5   0.1   403   524  1213  1335  1159  1364 0.81 length=2557	scaffold=gi527309735	strand=-
9574_g               -           2556 32028                -            554   7.6e-47  159.7   1.7   1   3   1.2e-23   4.8e-21   74.6   0.0    22   291   340   625   319   630 0.73 length=2557	scaffold=gi528858385	strand=+
9574_g               -           2556 32028                -            554   7.6e-47  159.7   1.7   2   3     0.014       5.9    5.0   0.2   321   395   686   759   673   802 0.71 length=2557	scaffold=gi528858385	strand=+
9574_g               -           2556 32028                -            554   7.6e-47  159.7   1.7   3   3   1.5e-24   6.1e-22   77.5   0.1   403   524  1213  1335  1159  1364 0.81 length=2557	scaffold=gi528858385	strand=+
6735_g               -           2085 32028                -            554   1.9e-38  132.0   1.1   1   3   1.6e-15   6.7e-13   47.7   0.0   112   286   680   878   665   896 0.74 length=2086	scaffold=gi528858387	strand=+
6735_g               -           2085 32028                -            554   1.9e-38  132.0   1.1   2   3     0.054        23    3.0   0.2   322   364  1036  1078  1019  1095 0.68 length=2086	scaffold=gi528858387	strand=+
6735_g               -           2085 32028                -            554   1.9e-38  132.0   1.1   3   3   1.2e-24   5.1e-22   77.8   0.0   343   496  1314  1469  1311  1474 0.90 length=2086	scaffold=gi528858387	strand=+
8175_g               -           2085 32028                -            554   1.9e-38  132.0   1.1   1   3   1.6e-15   6.7e-13   47.7   0.0   112   286   680   878   665   896 0.74 length=2086	scaffold=gi527311550	strand=-
8175_g               -           2085 32028                -            554   1.9e-38  132.0   1.1   2   3     0.054        23    3.0   0.2   322   364  1036  1078  1019  1095 0.68 length=2086	scaffold=gi527311550	strand=-
8175_g               -           2085 32028                -            554   1.9e-38  132.0   1.1   3   3   1.2e-24   5.1e-22   77.8   0.0   343   496  1314  1469  1311  1474 0.90 length=2086	scaffold=gi527311550	strand=-
7056_g               -           2314 32028                -            554   1.5e-36  125.8   0.2   1   4   1.3e-10   5.4e-08   31.5   0.0   117   181   744   815   730   827 0.77 length=2315	scaffold=gi528858387	strand=+
7056_g               -           2314 32028                -            554   1.5e-36  125.8   0.2   2   4   5.9e-17   2.5e-14   52.4   0.5   209   365   885  1038   880  1063 0.77 length=2315	scaffold=gi528858387	strand=+
7056_g               -           2314 32028                -            554   1.5e-36  125.8   0.2   3   4   7.8e-07   0.00033   19.0   0.0   386   461  1087  1164  1077  1180 0.83 length=2315	scaffold=gi528858387	strand=+
7056_g               -           2314 32028                -            554   1.5e-36  125.8   0.2   4   4     4e-06    0.0017   16.7   0.0   463   503  1206  1246  1194  1250 0.89 length=2315	scaffold=gi528858387	strand=+
7860_g               -           2314 32028                -            554   1.5e-36  125.8   0.2   1   4   1.3e-10   5.4e-08   31.5   0.0   117   181   744   815   730   827 0.77 length=2315	scaffold=gi527311550	strand=-
7860_g               -           2314 32028                -            554   1.5e-36  125.8   0.2   2   4   5.9e-17   2.5e-14   52.4   0.5   209   365   885  1038   880  1063 0.77 length=2315	scaffold=gi527311550	strand=-
7860_g               -           2314 32028                -            554   1.5e-36  125.8   0.2   3   4   7.8e-07   0.00033   19.0   0.0   386   461  1087  1164  1077  1180 0.83 length=2315	scaffold=gi527311550	strand=-
7860_g               -           2314 32028                -            554   1.5e-36  125.8   0.2   4   4     4e-06    0.0017   16.7   0.0   463   503  1206  1246  1194  1250 0.89 length=2315	scaffold=gi527311550	strand=-
11217_g              -           2854 32028                -            554   7.1e-34  116.9   0.1   1   3   6.8e-10   2.8e-07   29.1   0.0   115   186  1327  1406  1299  1427 0.77 length=2855	scaffold=gi528858383	strand=+
11217_g              -           2854 32028                -            554   7.1e-34  116.9   0.1   2   3   2.6e-07   0.00011   20.6   0.0   225   343  1499  1629  1482  1667 0.71 length=2855	scaffold=gi528858383	strand=+
11217_g              -           2854 32028                -            554   7.1e-34  116.9   0.1   3   3   4.5e-20   1.9e-17   62.7   0.0   402   524  1711  1834  1692  1843 0.89 length=2855	scaffold=gi528858383	strand=+
12014_g              -           2854 32028                -            554   7.1e-34  116.9   0.1   1   3   6.8e-10   2.8e-07   29.1   0.0   115   186  1327  1406  1299  1427 0.77 length=2855	scaffold=gi527307902	strand=+
12014_g              -           2854 32028                -            554   7.1e-34  116.9   0.1   2   3   2.6e-07   0.00011   20.6   0.0   225   343  1499  1629  1482  1667 0.71 length=2855	scaffold=gi527307902	strand=+
12014_g              -           2854 32028                -            554   7.1e-34  116.9   0.1   3   3   4.5e-20   1.9e-17   62.7   0.0   402   524  1711  1834  1692  1843 0.89 length=2855	scaffold=gi527307902	strand=+
2926_g               -           2161 32028                -            554   8.4e-27   93.6   0.0   1   3   6.8e-12   2.9e-09   35.7   0.0   111   185    61   142    19   150 0.73 length=2162	scaffold=gi528858386	strand=+
2926_g               -           2161 32028                -            554   8.4e-27   93.6   0.0   2   3   6.4e-06    0.0027   16.0   0.0   224   288   228   291   181   302 0.82 length=2162	scaffold=gi528858386	strand=+
2926_g               -           2161 32028                -            554   8.4e-27   93.6   0.0   3   3   1.5e-12   6.4e-10   37.9   0.0   387   541   586   757   563   769 0.82 length=2162	scaffold=gi528858386	strand=+
3607_g               -           2161 32028                -            554   8.4e-27   93.6   0.0   1   3   6.8e-12   2.9e-09   35.7   0.0   111   185    61   142    19   150 0.73 length=2162	scaffold=gi527310881	strand=+
3607_g               -           2161 32028                -            554   8.4e-27   93.6   0.0   2   3   6.4e-06    0.0027   16.0   0.0   224   288   228   291   181   302 0.82 length=2162	scaffold=gi527310881	strand=+
3607_g               -           2161 32028                -            554   8.4e-27   93.6   0.0   3   3   1.5e-12   6.4e-10   37.9   0.0   387   541   586   757   563   769 0.82 length=2162	scaffold=gi527310881	strand=+
13512_g              -           1810 32028                -            554   2.1e-26   92.3   0.2   1   3   0.00015     0.061   11.5   0.0   114   155   297   342   277   348 0.79 length=1811	scaffold=gi527309735	strand=-
13512_g              -           1810 32028                -            554   2.1e-26   92.3   0.2   2   3       1.5   6.3e+02   -1.7   0.0   226   251  1075  1100  1063  1107 0.81 length=1811	scaffold=gi527309735	strand=-
13512_g              -           1810 32028                -            554   2.1e-26   92.3   0.2   3   3   1.6e-24   6.8e-22   77.4   0.0   385   540  1635  1793  1603  1805 0.84 length=1811	scaffold=gi527309735	strand=-
9154_g               -           1810 32028                -            554   2.1e-26   92.3   0.2   1   3   0.00015     0.061   11.5   0.0   114   155   297   342   277   348 0.79 length=1811	scaffold=gi528858385	strand=+
9154_g               -           1810 32028                -            554   2.1e-26   92.3   0.2   2   3       1.5   6.3e+02   -1.7   0.0   226   251  1075  1100  1063  1107 0.81 length=1811	scaffold=gi528858385	strand=+
9154_g               -           1810 32028                -            554   2.1e-26   92.3   0.2   3   3   1.6e-24   6.8e-22   77.4   0.0   385   540  1635  1793  1603  1805 0.84 length=1811	scaffold=gi528858385	strand=+
7985_g               -           1076 32028                -            554   3.3e-24   85.0   0.1   1   3   1.5e-08   6.2e-06   24.7   0.0   109   185   182   275   174   284 0.74 length=1077	scaffold=gi527311550	strand=+
7985_g               -           1076 32028                -            554   3.3e-24   85.0   0.1   2   3   1.7e-14   6.9e-12   44.3   0.0   205   366   350   516   343   552 0.75 length=1077	scaffold=gi527311550	strand=+
7985_g               -           1076 32028                -            554   3.3e-24   85.0   0.1   3   3    0.0001     0.043   12.0   0.0   463   528   712   777   703   801 0.82 length=1077	scaffold=gi527311550	strand=+
6295_g               -           1354 32028                -            554   1.5e-23   82.8   5.9   1   2     6e-25   2.5e-22   78.8   3.2   110   362   951  1225   928  1251 0.71 length=1355	scaffold=gi527312496	strand=+
6295_g               -           1354 32028                -            554   1.5e-23   82.8   5.9   2   2      0.14        59    1.7   0.1   382   426  1275  1319  1242  1340 0.84 length=1355	scaffold=gi527312496	strand=+
5958_g               -           1431 32028                -            554     2e-23   82.4   6.0   1   2   7.4e-25   3.1e-22   78.5   3.4   110   362  1028  1302  1005  1329 0.71 length=1432	scaffold=gi528858388	strand=-
5958_g               -           1431 32028                -            554     2e-23   82.4   6.0   2   2      0.15        63    1.6   0.1   382   426  1352  1396  1319  1417 0.84 length=1432	scaffold=gi528858388	strand=-
6927_g               -           1810 32028                -            554   8.3e-23   80.4   0.1   1   3   9.9e-08   4.1e-05   22.0   0.0   109   185   916  1009   902  1018 0.73 length=1811	scaffold=gi528858387	strand=-
6927_g               -           1810 32028                -            554   8.3e-23   80.4   0.1   2   3   3.5e-14   1.5e-11   43.3   0.1   205   365  1084  1249  1077  1284 0.74 length=1811	scaffold=gi528858387	strand=-
6927_g               -           1810 32028                -            554   8.3e-23   80.4   0.1   3   3   0.00019     0.079   11.1   0.0   463   527  1446  1510  1437  1535 0.82 length=1811	scaffold=gi528858387	strand=-
1896_g               -           1237 32028                -            554   3.7e-21   75.0   0.7   1   2   6.3e-15   2.6e-12   45.7   0.2   208   448    30   309    20   315 0.62 length=1238	scaffold=gi528858392	strand=-
1896_g               -           1237 32028                -            554   3.7e-21   75.0   0.7   2   2     9e-08   3.8e-05   22.1   0.0   456   503   487   535   482   542 0.88 length=1238	scaffold=gi528858392	strand=-
2366_g               -           1237 32028                -            554   3.7e-21   75.0   0.7   1   2   6.3e-15   2.6e-12   45.7   0.2   208   448    30   309    20   315 0.62 length=1238	scaffold=gi527314726	strand=+
2366_g               -           1237 32028                -            554   3.7e-21   75.0   0.7   2   2     9e-08   3.8e-05   22.1   0.0   456   503   487   535   482   542 0.88 length=1238	scaffold=gi527314726	strand=+
5957_g               -           1294 32028                -            554   1.4e-18   66.5   0.1   1   1   4.9e-21   2.1e-18   65.9   0.1   427   540    10   123     3   128 0.88 length=1295	scaffold=gi528858388	strand=-
6296_g               -           1294 32028                -            554   1.4e-18   66.5   0.1   1   1   4.9e-21   2.1e-18   65.9   0.1   427   540    10   123     3   128 0.88 length=1295	scaffold=gi527312496	strand=+
5647_g               -           2191 32028                -            554   1.3e-15   56.7   0.2   1   4   2.1e-08   8.6e-06   24.2   0.0   111   158   670   720   651   725 0.80 length=2192	scaffold=gi528858388	strand=-
5647_g               -           2191 32028                -            554   1.3e-15   56.7   0.2   2   4       1.5   6.4e+02   -1.7   0.0   225   280   811   864   781   931 0.80 length=2192	scaffold=gi528858388	strand=-
5647_g               -           2191 32028                -            554   1.3e-15   56.7   0.2   3   4   3.2e-08   1.3e-05   23.6   0.0   425   477  1082  1134  1078  1138 0.92 length=2192	scaffold=gi528858388	strand=-
5647_g               -           2191 32028                -            554   1.3e-15   56.7   0.2   4   4     0.035        15    3.7   0.0   490   525  1178  1212  1175  1238 0.84 length=2192	scaffold=gi528858388	strand=-
6599_g               -           2293 32028                -            554   1.5e-15   56.4   0.2   1   4   2.1e-08   8.7e-06   24.2   0.0   111   158   670   720   651   727 0.80 length=2294	scaffold=gi527312496	strand=+
6599_g               -           2293 32028                -            554   1.5e-15   56.4   0.2   2   4       1.7   7.2e+02   -1.9   0.0   225   279   913   965   884  1032 0.82 length=2294	scaffold=gi527312496	strand=+
6599_g               -           2293 32028                -            554   1.5e-15   56.4   0.2   3   4   3.4e-08   1.4e-05   23.5   0.0   425   477  1184  1236  1180  1240 0.92 length=2294	scaffold=gi527312496	strand=+
6599_g               -           2293 32028                -            554   1.5e-15   56.4   0.2   4   4     0.037        15    3.6   0.0   490   525  1280  1314  1277  1340 0.84 length=2294	scaffold=gi527312496	strand=+
1897_g               -            325 32028                -            554   6.6e-08   31.2   0.0   1   1   2.9e-10   1.2e-07   30.4   0.0   140   187   202   253   199   272 0.80 length=326	scaffold=gi528858392	strand=-
2365_g               -            325 32028                -            554   6.6e-08   31.2   0.0   1   1   2.9e-10   1.2e-07   30.4   0.0   140   187   202   253   199   272 0.80 length=326	scaffold=gi527314726	strand=+
12585_g              -           2101 32028                -            554     2e-07   29.6   0.0   1   1   7.4e-10   3.1e-07   29.0   0.0   405   533  1780  1907  1777  1925 0.89 length=2102	scaffold=gi527308984	strand=+
9938_g               -           2101 32028                -            554     2e-07   29.6   0.0   1   1   7.4e-10   3.1e-07   29.0   0.0   405   533  1780  1907  1777  1925 0.89 length=2102	scaffold=gi528858384	strand=-
10809_g              -           5363 32028                -            554     1e-06   27.3   0.2   1   3       1.9   7.8e+02   -2.0   0.1   134   156   974   996   966  1005 0.82 length=5364	scaffold=gi528858383	strand=+
10809_g              -           5363 32028                -            554     1e-06   27.3   0.2   2   3       1.6   6.9e+02   -1.9   0.0   225   266  1746  1785  1744  1789 0.86 length=5364	scaffold=gi528858383	strand=+
10809_g              -           5363 32028                -            554     1e-06   27.3   0.2   3   3   1.8e-08   7.5e-06   24.4   0.0   439   522  2899  2981  2896  2985 0.94 length=5364	scaffold=gi528858383	strand=+
11606_g              -           5363 32028                -            554     1e-06   27.3   0.2   1   3       1.9   7.8e+02   -2.0   0.1   134   156   974   996   966  1005 0.82 length=5364	scaffold=gi527307902	strand=+
11606_g              -           5363 32028                -            554     1e-06   27.3   0.2   2   3       1.6   6.9e+02   -1.9   0.0   225   266  1746  1785  1744  1789 0.86 length=5364	scaffold=gi527307902	strand=+
11606_g              -           5363 32028                -            554     1e-06   27.3   0.2   3   3   1.8e-08   7.5e-06   24.4   0.0   439   522  2899  2981  2896  2985 0.94 length=5364	scaffold=gi527307902	strand=+
2001_g               -           1720 32028                -            554   1.1e-05   23.9   2.9   1   4     0.002      0.85    7.7   0.3   138   156   846   864   839   866 0.90 length=1721	scaffold=gi528858392	strand=+
2001_g               -           1720 32028                -            554   1.1e-05   23.9   2.9   2   4       3.4   1.4e+03   -2.9   0.0   165   186   988  1009   986  1015 0.85 length=1721	scaffold=gi528858392	strand=+
2001_g               -           1720 32028                -            554   1.1e-05   23.9   2.9   3   4      0.63   2.6e+02   -0.5   0.0   394   453  1514  1588  1499  1594 0.61 length=1721	scaffold=gi528858392	strand=+
2001_g               -           1720 32028                -            554   1.1e-05   23.9   2.9   4   4   3.3e-05     0.014   13.6   0.0   448   501  1661  1714  1648  1717 0.91 length=1721	scaffold=gi528858392	strand=+
2258_g               -           1720 32028                -            554   1.1e-05   23.9   2.9   1   4     0.002      0.85    7.7   0.3   138   156   846   864   839   866 0.90 length=1721	scaffold=gi527314726	strand=-
2258_g               -           1720 32028                -            554   1.1e-05   23.9   2.9   2   4       3.4   1.4e+03   -2.9   0.0   165   186   988  1009   986  1015 0.85 length=1721	scaffold=gi527314726	strand=-
2258_g               -           1720 32028                -            554   1.1e-05   23.9   2.9   3   4      0.63   2.6e+02   -0.5   0.0   394   453  1514  1588  1499  1594 0.61 length=1721	scaffold=gi527314726	strand=-
2258_g               -           1720 32028                -            554   1.1e-05   23.9   2.9   4   4   3.3e-05     0.014   13.6   0.0   448   501  1661  1714  1648  1717 0.91 length=1721	scaffold=gi527314726	strand=-
#
# Program:         hmmsearch
# Version:         3.4 (Aug 2023)
# Pipeline mode:   SEARCH
# Query file:      /home/inf-20-2025/Malaria/busco_downloads/lineages/apicomplexa_odb12/hmms/32028at5794.hmm
# Target file:     /home/inf-20-2025/Malaria/Results/6_nobird_annotation/T_gondii.faa
# Option settings: hmmsearch --domtblout Results/8_busco/T_gondii/run_apicomplexa_odb12/hmmer_output/initial_run_results/32028at5794.out --cpu 1 /home/inf-20-2025/Malaria/busco_downloads/lineages/apicomplexa_odb12/hmms/32028at5794.hmm /home/inf-20-2025/Malaria/Results/6_nobird_annotation/T_gondii.faa 
# Current dir:     /home/inf-20-2025/Malaria
# Date:            Wed Mar  4 18:33:17 2026
# [ok]
