#                                                                            --- full sequence --- -------------- this domain -------------   hmm coord   ali coord   env coord
# target name        accession   tlen query name           accession   qlen   E-value  score  bias   #  of  c-Evalue  i-Evalue  score  bias  from    to  from    to  from    to  acc description of target
#------------------- ---------- ----- -------------------- ---------- ----- --------- ------ ----- --- --- --------- --------- ------ ----- ----- ----- ----- ----- ----- ----- ---- ---------------------
142_g                -            614 32139                -            397  2.4e-155  516.7   0.0   1   1  1.7e-157  2.9e-155  516.5   0.0     2   348   257   613   256   614 0.96 length=615	scaffold=gi528858396	strand=-
249_g                -            614 32139                -            397  2.4e-155  516.7   0.0   1   1  1.7e-157  2.9e-155  516.5   0.0     2   348   257   613   256   614 0.96 length=615	scaffold=gi527315854	strand=+
2497_g               -            479 32139                -            397  9.7e-115  383.0   1.5   1   1  6.9e-117  1.1e-114  382.8   1.5     2   395    52   447    51   449 0.93 length=480	scaffold=gi528858386	strand=+
3178_g               -            479 32139                -            397  9.7e-115  383.0   1.5   1   1  6.9e-117  1.1e-114  382.8   1.5     2   395    52   447    51   449 0.93 length=480	scaffold=gi527310881	strand=+
11116_g              -            412 32139                -            397   1.5e-88  296.9   0.6   1   1     1e-90   1.7e-88  296.7   0.6     2   372    40   408    39   412 0.95 length=413	scaffold=gi528858383	strand=-
11913_g              -            412 32139                -            397   1.5e-88  296.9   0.6   1   1     1e-90   1.7e-88  296.7   0.6     2   372    40   408    39   412 0.95 length=413	scaffold=gi527307902	strand=-
10113_g              -            453 32139                -            397   1.3e-84  283.8   0.1   1   1   8.9e-87   1.5e-84  283.7   0.1    20   353   121   450   102   453 0.94 length=454	scaffold=gi528858384	strand=-
12408_g              -            453 32139                -            397   1.3e-84  283.8   0.1   1   1   8.9e-87   1.5e-84  283.7   0.1    20   353   121   450   102   453 0.94 length=454	scaffold=gi527308984	strand=+
10136_g              -           3844 32139                -            397   5.9e-83  278.4   0.0   1   1   5.4e-85   8.9e-83  277.8   0.0     2   347   377   740   376   761 0.88 length=3845	scaffold=gi528858384	strand=+
12385_g              -           3844 32139                -            397   5.9e-83  278.4   0.0   1   1   5.4e-85   8.9e-83  277.8   0.0     2   347   377   740   376   761 0.88 length=3845	scaffold=gi527308984	strand=-
13500_g              -            734 32139                -            397   1.8e-82  276.8   0.2   1   3   5.1e-17   8.5e-15   54.0   0.1     7    66   236   295   230   297 0.92 length=735	scaffold=gi527309735	strand=-
13500_g              -            734 32139                -            397   1.8e-82  276.8   0.2   2   3   2.4e-22     4e-20   71.5   0.0    72   173   320   418   313   429 0.94 length=735	scaffold=gi527309735	strand=-
13500_g              -            734 32139                -            397   1.8e-82  276.8   0.2   3   3   1.7e-45   2.7e-43  147.8   0.0   179   357   445   626   441   638 0.91 length=735	scaffold=gi527309735	strand=-
9166_g               -            734 32139                -            397   1.8e-82  276.8   0.2   1   3   5.1e-17   8.5e-15   54.0   0.1     7    66   236   295   230   297 0.92 length=735	scaffold=gi528858385	strand=+
9166_g               -            734 32139                -            397   1.8e-82  276.8   0.2   2   3   2.4e-22     4e-20   71.5   0.0    72   173   320   418   313   429 0.94 length=735	scaffold=gi528858385	strand=+
9166_g               -            734 32139                -            397   1.8e-82  276.8   0.2   3   3   1.7e-45   2.7e-43  147.8   0.0   179   357   445   626   441   638 0.91 length=735	scaffold=gi528858385	strand=+
10112_g              -            569 32139                -            397   8.1e-82  274.6   0.0   1   1     6e-84     1e-81  274.4   0.0     1   390    85   476    85   483 0.91 length=570	scaffold=gi528858384	strand=-
12409_g              -            569 32139                -            397   8.1e-82  274.6   0.0   1   1     6e-84     1e-81  274.4   0.0     1   390    85   476    85   483 0.91 length=570	scaffold=gi527308984	strand=+
1027_g               -           1171 32139                -            397   1.4e-80  270.5   0.0   1   1   1.3e-82   2.2e-80  270.0   0.0     4   361   761  1138   758  1156 0.86 length=1172	scaffold=gi528858394	strand=+
1844_g               -           1171 32139                -            397   1.4e-80  270.5   0.0   1   1   1.3e-82   2.2e-80  270.0   0.0     4   361   761  1138   758  1156 0.86 length=1172	scaffold=gi527315322	strand=+
10435_g              -            434 32139                -            397   9.3e-79  264.6   0.6   1   1   6.9e-81   1.1e-78  264.3   0.6     4   368    47   422    44   433 0.89 length=435	scaffold=gi528858384	strand=+
12824_g              -            434 32139                -            397   9.3e-79  264.6   0.6   1   1   6.9e-81   1.1e-78  264.3   0.6     4   368    47   422    44   433 0.89 length=435	scaffold=gi527308853	strand=-
2998_g               -           1271 32139                -            397   1.1e-75  254.5   0.0   1   2   1.7e-53   2.8e-51  174.1   0.0     2   288   585   881   584   894 0.87 length=1272	scaffold=gi528858386	strand=-
2998_g               -           1271 32139                -            397   1.1e-75  254.5   0.0   2   2   2.3e-24   3.8e-22   78.2   0.0   289   354  1057  1122  1052  1130 0.95 length=1272	scaffold=gi528858386	strand=-
3679_g               -           1271 32139                -            397   1.1e-75  254.5   0.0   1   2   1.7e-53   2.8e-51  174.1   0.0     2   288   585   881   584   894 0.87 length=1272	scaffold=gi527310881	strand=-
3679_g               -           1271 32139                -            397   1.1e-75  254.5   0.0   2   2   2.3e-24   3.8e-22   78.2   0.0   289   354  1057  1122  1052  1130 0.95 length=1272	scaffold=gi527310881	strand=-
10648_g              -            962 32139                -            397   8.7e-74  248.2   2.2   1   2   6.5e-43   1.1e-40  139.3   0.1     8   202   231   436   225   455 0.84 length=963	scaffold=gi528858383	strand=+
10648_g              -            962 32139                -            397   8.7e-74  248.2   2.2   2   2   3.3e-33   5.4e-31  107.3   0.3   205   354   466   617   440   632 0.85 length=963	scaffold=gi528858383	strand=+
11445_g              -            962 32139                -            397   8.7e-74  248.2   2.2   1   2   6.5e-43   1.1e-40  139.3   0.1     8   202   231   436   225   455 0.84 length=963	scaffold=gi527307902	strand=+
11445_g              -            962 32139                -            397   8.7e-74  248.2   2.2   2   2   3.3e-33   5.4e-31  107.3   0.3   205   354   466   617   440   632 0.85 length=963	scaffold=gi527307902	strand=+
13109_g              -            656 32139                -            397   2.5e-73  246.7   0.0   1   2   1.5e-45   2.5e-43  147.9   0.0     2   226   130   357   129   378 0.87 length=657	scaffold=gi527309735	strand=+
13109_g              -            656 32139                -            397   2.5e-73  246.7   0.0   2   2   5.3e-30   8.8e-28   96.7   0.0   263   349   502   588   491   601 0.91 length=657	scaffold=gi527309735	strand=+
9557_g               -            656 32139                -            397   2.5e-73  246.7   0.0   1   2   1.5e-45   2.5e-43  147.9   0.0     2   226   130   357   129   378 0.87 length=657	scaffold=gi528858385	strand=-
9557_g               -            656 32139                -            397   2.5e-73  246.7   0.0   2   2   5.3e-30   8.8e-28   96.7   0.0   263   349   502   588   491   601 0.91 length=657	scaffold=gi528858385	strand=-
454_g                -           2499 32139                -            397   2.2e-72  243.6   0.1   1   2   8.4e-53   1.4e-50  171.8   0.2    14   292  1213  1492  1199  1496 0.89 length=2500	scaffold=gi528858395	strand=+
454_g                -           2499 32139                -            397   2.2e-72  243.6   0.1   2   2   1.3e-21   2.1e-19   69.1   0.0   292   362  1551  1621  1549  1633 0.90 length=2500	scaffold=gi528858395	strand=+
720_g                -           2499 32139                -            397   2.2e-72  243.6   0.1   1   2   8.4e-53   1.4e-50  171.8   0.2    14   292  1213  1492  1199  1496 0.89 length=2500	scaffold=gi527315607	strand=-
720_g                -           2499 32139                -            397   2.2e-72  243.6   0.1   2   2   1.3e-21   2.1e-19   69.1   0.0   292   362  1551  1621  1549  1633 0.90 length=2500	scaffold=gi527315607	strand=-
6071_g               -           1023 32139                -            397   4.7e-67  226.0   0.0   1   2      0.27        44    2.2   0.0     2    42   672   712   671   714 0.91 length=1024	scaffold=gi528858388	strand=+
6071_g               -           1023 32139                -            397   4.7e-67  226.0   0.0   2   2   6.3e-68     1e-65  221.6   0.1    72   372   721  1019   718  1023 0.93 length=1024	scaffold=gi528858388	strand=+
6181_g               -           1035 32139                -            397   4.9e-67  226.0   0.0   1   2      0.27        45    2.2   0.0     2    42   684   724   683   726 0.91 length=1036	scaffold=gi527312496	strand=-
6181_g               -           1035 32139                -            397   4.9e-67  226.0   0.0   2   2   6.4e-68   1.1e-65  221.6   0.1    72   372   733  1031   730  1035 0.93 length=1036	scaffold=gi527312496	strand=-
2611_g               -            841 32139                -            397   1.5e-65  221.1   0.5   1   2   2.5e-33   4.1e-31  107.7   0.1    12   173   269   433   259   440 0.87 length=842	scaffold=gi528858386	strand=+
2611_g               -            841 32139                -            397   1.5e-65  221.1   0.5   2   2   1.5e-34   2.6e-32  111.7   0.0   181   365   506   698   500   713 0.88 length=842	scaffold=gi528858386	strand=+
3292_g               -            841 32139                -            397   1.5e-65  221.1   0.5   1   2   2.5e-33   4.1e-31  107.7   0.1    12   173   269   433   259   440 0.87 length=842	scaffold=gi527310881	strand=+
3292_g               -            841 32139                -            397   1.5e-65  221.1   0.5   2   2   1.5e-34   2.6e-32  111.7   0.0   181   365   506   698   500   713 0.88 length=842	scaffold=gi527310881	strand=+
1666_g               -           1792 32139                -            397     2e-63  214.1   0.6   1   3   1.6e-12   2.7e-10   39.2   0.2    20    64  1055  1099  1033  1108 0.87 length=1793	scaffold=gi527315322	strand=+
1666_g               -           1792 32139                -            397     2e-63  214.1   0.6   2   3   3.9e-30   6.5e-28   97.2   0.0    74   264  1181  1373  1172  1403 0.87 length=1793	scaffold=gi527315322	strand=+
1666_g               -           1792 32139                -            397     2e-63  214.1   0.6   3   3   3.8e-23   6.2e-21   74.2   0.0   292   364  1518  1590  1511  1607 0.92 length=1793	scaffold=gi527315322	strand=+
849_g                -           1792 32139                -            397     2e-63  214.1   0.6   1   3   1.6e-12   2.7e-10   39.2   0.2    20    64  1055  1099  1033  1108 0.87 length=1793	scaffold=gi528858394	strand=+
849_g                -           1792 32139                -            397     2e-63  214.1   0.6   2   3   3.9e-30   6.5e-28   97.2   0.0    74   264  1181  1373  1172  1403 0.87 length=1793	scaffold=gi528858394	strand=+
849_g                -           1792 32139                -            397     2e-63  214.1   0.6   3   3   3.8e-23   6.2e-21   74.2   0.0   292   364  1518  1590  1511  1607 0.92 length=1793	scaffold=gi528858394	strand=+
1128_g               -            470 32139                -            397   2.2e-63  214.0   0.0   1   1   2.4e-63   3.9e-61  206.5   0.0    30   389    44   420    40   428 0.83 length=471	scaffold=gi528858393	strand=+
1510_g               -            470 32139                -            397   2.2e-63  214.0   0.0   1   1   2.4e-63   3.9e-61  206.5   0.0    30   389    44   420    40   428 0.83 length=471	scaffold=gi527315005	strand=-
12664_g              -            840 32139                -            397   1.9e-60  204.3   0.0   1   1     2e-62   3.4e-60  203.5   0.0    15   363   129   505   117   529 0.81 length=841	scaffold=gi527308984	strand=+
9860_g               -            840 32139                -            397   1.9e-60  204.3   0.0   1   1     2e-62   3.4e-60  203.5   0.0    15   363   129   505   117   529 0.81 length=841	scaffold=gi528858384	strand=-
5878_g               -            992 32139                -            397   3.5e-58  196.8   0.2   1   3      0.32        54    2.0   0.0     2    29   190   218   189   224 0.88 length=993	scaffold=gi528858388	strand=-
5878_g               -            992 32139                -            397   3.5e-58  196.8   0.2   2   3   2.7e-45   4.4e-43  147.1   0.1    30   300   323   613   312   616 0.83 length=993	scaffold=gi528858388	strand=-
5878_g               -            992 32139                -            397   3.5e-58  196.8   0.2   3   3   5.6e-14   9.3e-12   44.0   0.0   304   362   709   767   706   782 0.90 length=993	scaffold=gi528858388	strand=-
6372_g               -            992 32139                -            397   3.5e-58  196.8   0.2   1   3      0.32        54    2.0   0.0     2    29   190   218   189   224 0.88 length=993	scaffold=gi527312496	strand=+
6372_g               -            992 32139                -            397   3.5e-58  196.8   0.2   2   3   2.7e-45   4.4e-43  147.1   0.1    30   300   323   613   312   616 0.83 length=993	scaffold=gi527312496	strand=+
6372_g               -            992 32139                -            397   3.5e-58  196.8   0.2   3   3   5.6e-14   9.3e-12   44.0   0.0   304   362   709   767   706   782 0.90 length=993	scaffold=gi527312496	strand=+
4521_g               -           1247 32139                -            397   5.7e-54  183.0   1.2   1   4   5.8e-21   9.5e-19   67.0   0.0    21    89    94   166    76   171 0.87 length=1248	scaffold=gi528858390	strand=+
4521_g               -           1247 32139                -            397   5.7e-54  183.0   1.2   2   4   2.2e-07   3.6e-05   22.3   0.0   150   200   335   382   325   387 0.90 length=1248	scaffold=gi528858390	strand=+
4521_g               -           1247 32139                -            397   5.7e-54  183.0   1.2   3   4   1.5e-15   2.4e-13   49.2   0.0   203   312   423   536   413   549 0.87 length=1248	scaffold=gi528858390	strand=+
4521_g               -           1247 32139                -            397   5.7e-54  183.0   1.2   4   4     1e-12   1.7e-10   39.8   0.0   306   360   575   629   565   642 0.86 length=1248	scaffold=gi528858390	strand=+
8536_g               -           1247 32139                -            397   5.7e-54  183.0   1.2   1   4   5.8e-21   9.5e-19   67.0   0.0    21    89    94   166    76   171 0.87 length=1248	scaffold=gi527313757	strand=+
8536_g               -           1247 32139                -            397   5.7e-54  183.0   1.2   2   4   2.2e-07   3.6e-05   22.3   0.0   150   200   335   382   325   387 0.90 length=1248	scaffold=gi527313757	strand=+
8536_g               -           1247 32139                -            397   5.7e-54  183.0   1.2   3   4   1.5e-15   2.4e-13   49.2   0.0   203   312   423   536   413   549 0.87 length=1248	scaffold=gi527313757	strand=+
8536_g               -           1247 32139                -            397   5.7e-54  183.0   1.2   4   4     1e-12   1.7e-10   39.8   0.0   306   360   575   629   565   642 0.86 length=1248	scaffold=gi527313757	strand=+
5574_g               -           1305 32139                -            397   1.3e-53  181.8   0.5   1   4   1.6e-07   2.6e-05   22.7   0.0    35    66   718   749   712   751 0.88 length=1306	scaffold=gi528858388	strand=+
5574_g               -           1305 32139                -            397   1.3e-53  181.8   0.5   2   4    0.0008      0.13   10.5   0.0    71   111   848   888   841   929 0.84 length=1306	scaffold=gi528858388	strand=+
5574_g               -           1305 32139                -            397   1.3e-53  181.8   0.5   3   4   2.3e-12   3.8e-10   38.6   0.1   118   199   972  1049   965  1064 0.83 length=1306	scaffold=gi528858388	strand=+
5574_g               -           1305 32139                -            397   1.3e-53  181.8   0.5   4   4   2.5e-32   4.1e-30  104.4   0.0   234   352  1160  1278  1137  1298 0.92 length=1306	scaffold=gi528858388	strand=+
6674_g               -           1393 32139                -            397   1.8e-53  181.3   0.5   1   4   1.7e-07   2.8e-05   22.6   0.0    35    66   806   837   800   839 0.88 length=1394	scaffold=gi527312496	strand=-
6674_g               -           1393 32139                -            397   1.8e-53  181.3   0.5   2   4   0.00086      0.14   10.4   0.0    71   111   936   976   929  1016 0.84 length=1394	scaffold=gi527312496	strand=-
6674_g               -           1393 32139                -            397   1.8e-53  181.3   0.5   3   4   2.5e-12   4.2e-10   38.5   0.1   118   199  1060  1137  1053  1152 0.83 length=1394	scaffold=gi527312496	strand=-
6674_g               -           1393 32139                -            397   1.8e-53  181.3   0.5   4   4   2.8e-32   4.6e-30  104.3   0.0   234   352  1248  1366  1226  1386 0.93 length=1394	scaffold=gi527312496	strand=-
7260_g               -            954 32139                -            397   5.7e-52  176.4   0.6   1   4     4e-11   6.6e-09   34.6   0.0     7    65   239   298   234   302 0.89 length=955	scaffold=gi528858387	strand=-
7260_g               -            954 32139                -            397   5.7e-52  176.4   0.6   2   4   6.2e-12     1e-09   37.2   0.1    71   139   381   450   356   457 0.91 length=955	scaffold=gi528858387	strand=-
7260_g               -            954 32139                -            397   5.7e-52  176.4   0.6   3   4     9e-06    0.0015   16.9   0.0   134   177   496   539   490   545 0.87 length=955	scaffold=gi528858387	strand=-
7260_g               -            954 32139                -            397   5.7e-52  176.4   0.6   4   4   1.6e-25   2.7e-23   82.0   0.1   268   368   748   848   744   878 0.87 length=955	scaffold=gi528858387	strand=-
7659_g               -            954 32139                -            397   5.7e-52  176.4   0.6   1   4     4e-11   6.6e-09   34.6   0.0     7    65   239   298   234   302 0.89 length=955	scaffold=gi527311550	strand=+
7659_g               -            954 32139                -            397   5.7e-52  176.4   0.6   2   4   6.2e-12     1e-09   37.2   0.1    71   139   381   450   356   457 0.91 length=955	scaffold=gi527311550	strand=+
7659_g               -            954 32139                -            397   5.7e-52  176.4   0.6   3   4     9e-06    0.0015   16.9   0.0   134   177   496   539   490   545 0.87 length=955	scaffold=gi527311550	strand=+
7659_g               -            954 32139                -            397   5.7e-52  176.4   0.6   4   4   1.6e-25   2.7e-23   82.0   0.1   268   368   748   848   744   878 0.87 length=955	scaffold=gi527311550	strand=+
1606_g               -            602 32139                -            397   4.7e-51  173.4   0.1   1   4   8.8e-17   1.5e-14   53.2   0.0     6    87   129   211   124   227 0.87 length=603	scaffold=gi527315322	strand=+
1606_g               -            602 32139                -            397   4.7e-51  173.4   0.1   2   4   2.6e-12   4.2e-10   38.5   0.0   120   229   261   368   244   371 0.80 length=603	scaffold=gi527315322	strand=+
1606_g               -            602 32139                -            397   4.7e-51  173.4   0.1   3   4   9.1e-15   1.5e-12   46.6   0.0   243   322   408   494   394   508 0.86 length=603	scaffold=gi527315322	strand=+
1606_g               -            602 32139                -            397   4.7e-51  173.4   0.1   4   4     1e-09   1.7e-07   29.9   0.0   322   381   540   599   536   602 0.91 length=603	scaffold=gi527315322	strand=+
789_g                -            602 32139                -            397   4.7e-51  173.4   0.1   1   4   8.8e-17   1.5e-14   53.2   0.0     6    87   129   211   124   227 0.87 length=603	scaffold=gi528858394	strand=+
789_g                -            602 32139                -            397   4.7e-51  173.4   0.1   2   4   2.6e-12   4.2e-10   38.5   0.0   120   229   261   368   244   371 0.80 length=603	scaffold=gi528858394	strand=+
789_g                -            602 32139                -            397   4.7e-51  173.4   0.1   3   4   9.1e-15   1.5e-12   46.6   0.0   243   322   408   494   394   508 0.86 length=603	scaffold=gi528858394	strand=+
789_g                -            602 32139                -            397   4.7e-51  173.4   0.1   4   4     1e-09   1.7e-07   29.9   0.0   322   381   540   599   536   602 0.91 length=603	scaffold=gi528858394	strand=+
5557_g               -            975 32139                -            397     7e-48  162.9   0.0   1   2   3.1e-24   5.2e-22   77.7   0.0    40   197   252   423   248   442 0.72 length=976	scaffold=gi528858388	strand=-
5557_g               -            975 32139                -            397     7e-48  162.9   0.0   2   2   2.8e-25   4.6e-23   81.2   0.0   239   338   556   654   490   656 0.79 length=976	scaffold=gi528858388	strand=-
6691_g               -            975 32139                -            397     7e-48  162.9   0.0   1   2   3.1e-24   5.2e-22   77.7   0.0    40   197   252   423   248   442 0.72 length=976	scaffold=gi527312496	strand=+
6691_g               -            975 32139                -            397     7e-48  162.9   0.0   2   2   2.8e-25   4.6e-23   81.2   0.0   239   338   556   654   490   656 0.79 length=976	scaffold=gi527312496	strand=+
13495_g              -           1072 32139                -            397     1e-47  162.4   0.0   1   3   9.5e-14   1.6e-11   43.2   0.0     5    62   305   362   301   370 0.91 length=1073	scaffold=gi527309735	strand=+
13495_g              -           1072 32139                -            397     1e-47  162.4   0.0   2   3   2.1e-06   0.00035   19.0   0.0    72   171   411   513   403   521 0.81 length=1073	scaffold=gi527309735	strand=+
13495_g              -           1072 32139                -            397     1e-47  162.4   0.0   3   3   9.5e-30   1.6e-27   95.9   0.0   236   368   703   835   693   858 0.93 length=1073	scaffold=gi527309735	strand=+
9171_g               -           1072 32139                -            397     1e-47  162.4   0.0   1   3   9.5e-14   1.6e-11   43.2   0.0     5    62   305   362   301   370 0.91 length=1073	scaffold=gi528858385	strand=-
9171_g               -           1072 32139                -            397     1e-47  162.4   0.0   2   3   2.1e-06   0.00035   19.0   0.0    72   171   411   513   403   521 0.81 length=1073	scaffold=gi528858385	strand=-
9171_g               -           1072 32139                -            397     1e-47  162.4   0.0   3   3   9.5e-30   1.6e-27   95.9   0.0   236   368   703   835   693   858 0.93 length=1073	scaffold=gi528858385	strand=-
5812_g               -           1541 32139                -            397     4e-43  147.2   0.0   1   4   7.2e-08   1.2e-05   23.8   0.0     3    66   943  1016   941  1019 0.73 length=1542	scaffold=gi528858388	strand=+
5812_g               -           1541 32139                -            397     4e-43  147.2   0.0   2   4         2   3.3e+02   -0.6   0.0    72    89  1088  1105  1081  1111 0.86 length=1542	scaffold=gi528858388	strand=+
5812_g               -           1541 32139                -            397     4e-43  147.2   0.0   3   4   2.7e-07   4.5e-05   22.0   0.0    99   175  1154  1230  1149  1236 0.83 length=1542	scaffold=gi528858388	strand=+
5812_g               -           1541 32139                -            397     4e-43  147.2   0.0   4   4   9.1e-30   1.5e-27   96.0   0.0   241   362  1356  1484  1291  1502 0.76 length=1542	scaffold=gi528858388	strand=+
6437_g               -           1541 32139                -            397     4e-43  147.2   0.0   1   4   7.2e-08   1.2e-05   23.8   0.0     3    66   943  1016   941  1019 0.73 length=1542	scaffold=gi527312496	strand=-
6437_g               -           1541 32139                -            397     4e-43  147.2   0.0   2   4         2   3.3e+02   -0.6   0.0    72    89  1088  1105  1081  1111 0.86 length=1542	scaffold=gi527312496	strand=-
6437_g               -           1541 32139                -            397     4e-43  147.2   0.0   3   4   2.7e-07   4.5e-05   22.0   0.0    99   175  1154  1230  1149  1236 0.83 length=1542	scaffold=gi527312496	strand=-
6437_g               -           1541 32139                -            397     4e-43  147.2   0.0   4   4   9.1e-30   1.5e-27   96.0   0.0   241   362  1356  1484  1291  1502 0.76 length=1542	scaffold=gi527312496	strand=-
4721_g               -           1056 32139                -            397   5.2e-36  123.8   0.1   1   5    0.0046      0.77    8.0   0.0    14    48   120   154   107   156 0.83 length=1057	scaffold=gi528858389	strand=+
4721_g               -           1056 32139                -            397   5.2e-36  123.8   0.1   2   5   7.4e-07   0.00012   20.5   0.0    33    64   157   188   154   194 0.92 length=1057	scaffold=gi528858389	strand=+
4721_g               -           1056 32139                -            397   5.2e-36  123.8   0.1   3   5     0.036         6    5.1   0.0    65    89   301   325   300   338 0.84 length=1057	scaffold=gi528858389	strand=+
4721_g               -           1056 32139                -            397   5.2e-36  123.8   0.1   4   5   4.9e-12   8.1e-10   37.6   0.0   118   183   418   487   392   510 0.78 length=1057	scaffold=gi528858389	strand=+
4721_g               -           1056 32139                -            397   5.2e-36  123.8   0.1   5   5   2.5e-14   4.1e-12   45.1   0.0   263   322   631   692   623   695 0.89 length=1057	scaffold=gi528858389	strand=+
5193_g               -           1056 32139                -            397   5.2e-36  123.8   0.1   1   5    0.0046      0.77    8.0   0.0    14    48   120   154   107   156 0.83 length=1057	scaffold=gi527313191	strand=+
5193_g               -           1056 32139                -            397   5.2e-36  123.8   0.1   2   5   7.4e-07   0.00012   20.5   0.0    33    64   157   188   154   194 0.92 length=1057	scaffold=gi527313191	strand=+
5193_g               -           1056 32139                -            397   5.2e-36  123.8   0.1   3   5     0.036         6    5.1   0.0    65    89   301   325   300   338 0.84 length=1057	scaffold=gi527313191	strand=+
5193_g               -           1056 32139                -            397   5.2e-36  123.8   0.1   4   5   4.9e-12   8.1e-10   37.6   0.0   118   183   418   487   392   510 0.78 length=1057	scaffold=gi527313191	strand=+
5193_g               -           1056 32139                -            397   5.2e-36  123.8   0.1   5   5   2.5e-14   4.1e-12   45.1   0.0   263   322   631   692   623   695 0.89 length=1057	scaffold=gi527313191	strand=+
11141_g              -           1619 32139                -            397   1.1e-35  122.8   0.5   1   5   2.4e-07     4e-05   22.1   0.1    47    90   540   593   532   611 0.76 length=1620	scaffold=gi528858383	strand=-
11141_g              -           1619 32139                -            397   1.1e-35  122.8   0.5   2   5   3.6e-13   5.9e-11   41.3   0.0   104   179   707   780   697   787 0.90 length=1620	scaffold=gi528858383	strand=-
11141_g              -           1619 32139                -            397   1.1e-35  122.8   0.5   3   5      0.02       3.3    5.9   0.0   207   292   952  1044   926  1058 0.69 length=1620	scaffold=gi528858383	strand=-
11141_g              -           1619 32139                -            397   1.1e-35  122.8   0.5   4   5   5.1e-05    0.0084   14.5   0.0   266   310  1103  1148  1094  1158 0.87 length=1620	scaffold=gi528858383	strand=-
11141_g              -           1619 32139                -            397   1.1e-35  122.8   0.5   5   5   3.8e-10   6.3e-08   31.3   0.0   309   346  1238  1275  1235  1284 0.90 length=1620	scaffold=gi528858383	strand=-
11938_g              -           1619 32139                -            397   1.1e-35  122.8   0.5   1   5   2.4e-07     4e-05   22.1   0.1    47    90   540   593   532   611 0.76 length=1620	scaffold=gi527307902	strand=-
11938_g              -           1619 32139                -            397   1.1e-35  122.8   0.5   2   5   3.6e-13   5.9e-11   41.3   0.0   104   179   707   780   697   787 0.90 length=1620	scaffold=gi527307902	strand=-
11938_g              -           1619 32139                -            397   1.1e-35  122.8   0.5   3   5      0.02       3.3    5.9   0.0   207   292   952  1044   926  1058 0.69 length=1620	scaffold=gi527307902	strand=-
11938_g              -           1619 32139                -            397   1.1e-35  122.8   0.5   4   5   5.1e-05    0.0084   14.5   0.0   266   310  1103  1148  1094  1158 0.87 length=1620	scaffold=gi527307902	strand=-
11938_g              -           1619 32139                -            397   1.1e-35  122.8   0.5   5   5   3.8e-10   6.3e-08   31.3   0.0   309   346  1238  1275  1235  1284 0.90 length=1620	scaffold=gi527307902	strand=-
1710_g               -           1766 32139                -            397   3.6e-34  117.8   0.0   1   4   9.8e-11   1.6e-08   33.3   0.0     9    62   596   649   589   656 0.88 length=1767	scaffold=gi527315322	strand=-
1710_g               -           1766 32139                -            397   3.6e-34  117.8   0.0   2   4   1.3e-05    0.0022   16.4   0.0    73   119   687   733   684   744 0.94 length=1767	scaffold=gi527315322	strand=-
1710_g               -           1766 32139                -            397   3.6e-34  117.8   0.0   3   4   1.1e-11   1.9e-09   36.4   0.0   119   195   765   846   749   870 0.82 length=1767	scaffold=gi527315322	strand=-
1710_g               -           1766 32139                -            397   3.6e-34  117.8   0.0   4   4     1e-06   0.00017   20.0   0.0   235   314  1052  1151  1044  1154 0.75 length=1767	scaffold=gi527315322	strand=-
893_g                -           1766 32139                -            397   3.6e-34  117.8   0.0   1   4   9.8e-11   1.6e-08   33.3   0.0     9    62   596   649   589   656 0.88 length=1767	scaffold=gi528858394	strand=-
893_g                -           1766 32139                -            397   3.6e-34  117.8   0.0   2   4   1.3e-05    0.0022   16.4   0.0    73   119   687   733   684   744 0.94 length=1767	scaffold=gi528858394	strand=-
893_g                -           1766 32139                -            397   3.6e-34  117.8   0.0   3   4   1.1e-11   1.9e-09   36.4   0.0   119   195   765   846   749   870 0.82 length=1767	scaffold=gi528858394	strand=-
893_g                -           1766 32139                -            397   3.6e-34  117.8   0.0   4   4     1e-06   0.00017   20.0   0.0   235   314  1052  1151  1044  1154 0.75 length=1767	scaffold=gi528858394	strand=-
4858_g               -           1900 32139                -            397   1.5e-32  112.4   1.3   1   6    0.0024      0.39    9.0   0.0    10    44   564   598   557   600 0.83 length=1901	scaffold=gi528858389	strand=+
4858_g               -           1900 32139                -            397   1.5e-32  112.4   1.3   2   6   4.2e-05     0.007   14.7   0.0    43    65   661   683   654   687 0.88 length=1901	scaffold=gi528858389	strand=+
4858_g               -           1900 32139                -            397   1.5e-32  112.4   1.3   3   6   6.4e-09   1.1e-06   27.3   0.0    79   160   805   892   789   899 0.79 length=1901	scaffold=gi528858389	strand=+
4858_g               -           1900 32139                -            397   1.5e-32  112.4   1.3   4   6       5.4   8.9e+02   -2.1   0.0   245   264  1108  1127  1102  1142 0.80 length=1901	scaffold=gi528858389	strand=+
4858_g               -           1900 32139                -            397   1.5e-32  112.4   1.3   5   6       7.2   1.2e+03   -2.5   0.1   268   291  1262  1285  1256  1288 0.87 length=1901	scaffold=gi528858389	strand=+
4858_g               -           1900 32139                -            397   1.5e-32  112.4   1.3   6   6   2.5e-17   4.1e-15   55.0   0.0   295   357  1310  1373  1306  1393 0.85 length=1901	scaffold=gi528858389	strand=+
5330_g               -           1900 32139                -            397   1.5e-32  112.4   1.3   1   6    0.0024      0.39    9.0   0.0    10    44   564   598   557   600 0.83 length=1901	scaffold=gi527313191	strand=+
5330_g               -           1900 32139                -            397   1.5e-32  112.4   1.3   2   6   4.2e-05     0.007   14.7   0.0    43    65   661   683   654   687 0.88 length=1901	scaffold=gi527313191	strand=+
5330_g               -           1900 32139                -            397   1.5e-32  112.4   1.3   3   6   6.4e-09   1.1e-06   27.3   0.0    79   160   805   892   789   899 0.79 length=1901	scaffold=gi527313191	strand=+
5330_g               -           1900 32139                -            397   1.5e-32  112.4   1.3   4   6       5.4   8.9e+02   -2.1   0.0   245   264  1108  1127  1102  1142 0.80 length=1901	scaffold=gi527313191	strand=+
5330_g               -           1900 32139                -            397   1.5e-32  112.4   1.3   5   6       7.2   1.2e+03   -2.5   0.1   268   291  1262  1285  1256  1288 0.87 length=1901	scaffold=gi527313191	strand=+
5330_g               -           1900 32139                -            397   1.5e-32  112.4   1.3   6   6   2.5e-17   4.1e-15   55.0   0.0   295   357  1310  1373  1306  1393 0.85 length=1901	scaffold=gi527313191	strand=+
2053_g               -           1624 32139                -            397   3.1e-32  111.4   3.6   1   5   1.4e-08   2.3e-06   26.2   0.0    47    93   597   654   591   663 0.73 length=1625	scaffold=gi528858392	strand=-
2053_g               -           1624 32139                -            397   3.1e-32  111.4   3.6   2   5      0.16        27    2.9   0.0   117   137   798   818   788   830 0.79 length=1625	scaffold=gi528858392	strand=-
2053_g               -           1624 32139                -            397   3.1e-32  111.4   3.6   3   5   0.00054     0.089   11.1   0.0   138   170   847   879   839   893 0.85 length=1625	scaffold=gi528858392	strand=-
2053_g               -           1624 32139                -            397   3.1e-32  111.4   3.6   4   5      0.12        19    3.4   0.0   177   239   919   985   914  1008 0.73 length=1625	scaffold=gi528858392	strand=-
2053_g               -           1624 32139                -            397   3.1e-32  111.4   3.6   5   5   6.2e-20     1e-17   63.6   0.1   268   336  1239  1307  1234  1312 0.95 length=1625	scaffold=gi528858392	strand=-
2205_g               -           1624 32139                -            397   3.1e-32  111.4   3.6   1   5   1.4e-08   2.3e-06   26.2   0.0    47    93   597   654   591   663 0.73 length=1625	scaffold=gi527314726	strand=+
2205_g               -           1624 32139                -            397   3.1e-32  111.4   3.6   2   5      0.16        27    2.9   0.0   117   137   798   818   788   830 0.79 length=1625	scaffold=gi527314726	strand=+
2205_g               -           1624 32139                -            397   3.1e-32  111.4   3.6   3   5   0.00054     0.089   11.1   0.0   138   170   847   879   839   893 0.85 length=1625	scaffold=gi527314726	strand=+
2205_g               -           1624 32139                -            397   3.1e-32  111.4   3.6   4   5      0.12        19    3.4   0.0   177   239   919   985   914  1008 0.73 length=1625	scaffold=gi527314726	strand=+
2205_g               -           1624 32139                -            397   3.1e-32  111.4   3.6   5   5   6.2e-20     1e-17   63.6   0.1   268   336  1239  1307  1234  1312 0.95 length=1625	scaffold=gi527314726	strand=+
781_g                -            982 32139                -            397   4.6e-31  107.5   0.4   1   3    0.0011      0.18   10.1   0.0     2    38     3    39     2    47 0.89 length=983	scaffold=gi527315607	strand=-
781_g                -            982 32139                -            397   4.6e-31  107.5   0.4   2   3     2e-12   3.4e-10   38.8   0.0    67   200   404   547   401   571 0.76 length=983	scaffold=gi527315607	strand=-
781_g                -            982 32139                -            397   4.6e-31  107.5   0.4   3   3   3.3e-17   5.5e-15   54.6   0.0   286   345   914   973   900   980 0.89 length=983	scaffold=gi527315607	strand=-
6061_g               -           2863 32139                -            397   3.6e-29  101.3   2.1   1   6     0.016       2.6    6.3   0.0     3    39   335   371   333   379 0.92 length=2864	scaffold=gi528858388	strand=-
6061_g               -           2863 32139                -            397   3.6e-29  101.3   2.1   2   6   1.9e-05    0.0031   15.9   0.0    39    65   458   484   444   489 0.89 length=2864	scaffold=gi528858388	strand=-
6061_g               -           2863 32139                -            397   3.6e-29  101.3   2.1   3   6     0.029       4.8    5.4   0.0    71    88   553   570   546   576 0.87 length=2864	scaffold=gi528858388	strand=-
6061_g               -           2863 32139                -            397   3.6e-29  101.3   2.1   4   6   4.2e-05     0.007   14.7   0.0   136   189  1013  1067  1005  1075 0.74 length=2864	scaffold=gi528858388	strand=-
6061_g               -           2863 32139                -            397   3.6e-29  101.3   2.1   5   6   1.2e-14   1.9e-12   46.2   0.1   234   322  1650  1738  1641  1741 0.91 length=2864	scaffold=gi528858388	strand=-
6061_g               -           2863 32139                -            397   3.6e-29  101.3   2.1   6   6     0.025       4.2    5.6   0.0   323   371  1827  1874  1815  1887 0.83 length=2864	scaffold=gi528858388	strand=-
6191_g               -           2863 32139                -            397   3.6e-29  101.3   2.1   1   6     0.016       2.6    6.3   0.0     3    39   335   371   333   379 0.92 length=2864	scaffold=gi527312496	strand=+
6191_g               -           2863 32139                -            397   3.6e-29  101.3   2.1   2   6   1.9e-05    0.0031   15.9   0.0    39    65   458   484   444   489 0.89 length=2864	scaffold=gi527312496	strand=+
6191_g               -           2863 32139                -            397   3.6e-29  101.3   2.1   3   6     0.029       4.8    5.4   0.0    71    88   553   570   546   576 0.87 length=2864	scaffold=gi527312496	strand=+
6191_g               -           2863 32139                -            397   3.6e-29  101.3   2.1   4   6   4.2e-05     0.007   14.7   0.0   136   189  1013  1067  1005  1075 0.74 length=2864	scaffold=gi527312496	strand=+
6191_g               -           2863 32139                -            397   3.6e-29  101.3   2.1   5   6   1.2e-14   1.9e-12   46.2   0.1   234   322  1650  1738  1641  1741 0.91 length=2864	scaffold=gi527312496	strand=+
6191_g               -           2863 32139                -            397   3.6e-29  101.3   2.1   6   6     0.025       4.2    5.6   0.0   323   371  1827  1874  1815  1887 0.83 length=2864	scaffold=gi527312496	strand=+
4813_g               -           1834 32139                -            397   3.6e-28   98.0   0.9   1   4   1.5e-10   2.5e-08   32.7   0.0     2    65   440   503   439   511 0.94 length=1835	scaffold=gi528858389	strand=+
4813_g               -           1834 32139                -            397   3.6e-28   98.0   0.9   2   4      0.66   1.1e+02    0.9   0.1   148   162   977   991   953  1001 0.81 length=1835	scaffold=gi528858389	strand=+
4813_g               -           1834 32139                -            397   3.6e-28   98.0   0.9   3   4    0.0014      0.23    9.8   0.0   214   288  1195  1267  1178  1272 0.80 length=1835	scaffold=gi528858389	strand=+
4813_g               -           1834 32139                -            397   3.6e-28   98.0   0.9   4   4   1.1e-15   1.8e-13   49.6   0.0   294   336  1315  1357  1312  1363 0.94 length=1835	scaffold=gi528858389	strand=+
5285_g               -           1834 32139                -            397   3.6e-28   98.0   0.9   1   4   1.5e-10   2.5e-08   32.7   0.0     2    65   440   503   439   511 0.94 length=1835	scaffold=gi527313191	strand=+
5285_g               -           1834 32139                -            397   3.6e-28   98.0   0.9   2   4      0.66   1.1e+02    0.9   0.1   148   162   977   991   953  1001 0.81 length=1835	scaffold=gi527313191	strand=+
5285_g               -           1834 32139                -            397   3.6e-28   98.0   0.9   3   4    0.0014      0.23    9.8   0.0   214   288  1195  1267  1178  1272 0.80 length=1835	scaffold=gi527313191	strand=+
5285_g               -           1834 32139                -            397   3.6e-28   98.0   0.9   4   4   1.1e-15   1.8e-13   49.6   0.0   294   336  1315  1357  1312  1363 0.94 length=1835	scaffold=gi527313191	strand=+
13291_g              -           4932 32139                -            397     1e-21   76.8   0.0   1   3   2.9e-08   4.7e-06   25.2   0.0    45    88   947   999   942  1010 0.77 length=4933	scaffold=gi527309735	strand=+
13291_g              -           4932 32139                -            397     1e-21   76.8   0.0   2   3   1.8e-09   2.9e-07   29.1   0.0   100   162  1045  1111  1036  1113 0.81 length=4933	scaffold=gi527309735	strand=+
13291_g              -           4932 32139                -            397     1e-21   76.8   0.0   3   3   3.6e-06   0.00059   18.3   0.0   289   335  1664  1709  1651  1723 0.85 length=4933	scaffold=gi527309735	strand=+
9378_g               -           4932 32139                -            397     1e-21   76.8   0.0   1   3   2.9e-08   4.7e-06   25.2   0.0    45    88   947   999   942  1010 0.77 length=4933	scaffold=gi528858385	strand=-
9378_g               -           4932 32139                -            397     1e-21   76.8   0.0   2   3   1.8e-09   2.9e-07   29.1   0.0   100   162  1045  1111  1036  1113 0.81 length=4933	scaffold=gi528858385	strand=-
9378_g               -           4932 32139                -            397     1e-21   76.8   0.0   3   3   3.6e-06   0.00059   18.3   0.0   289   335  1664  1709  1651  1723 0.85 length=4933	scaffold=gi528858385	strand=-
4372_g               -           1588 32139                -            397   1.8e-21   75.9   0.0   1   4   8.3e-11   1.4e-08   33.5   0.0     2    61   341   400   340   405 0.95 length=1589	scaffold=gi528858390	strand=+
4372_g               -           1588 32139                -            397   1.8e-21   75.9   0.0   2   4     0.054         9    4.5   0.0    71    88   500   517   495   529 0.85 length=1589	scaffold=gi528858390	strand=+
4372_g               -           1588 32139                -            397   1.8e-21   75.9   0.0   3   4   0.00055     0.091   11.1   0.0   137   161   731   755   710   795 0.78 length=1589	scaffold=gi528858390	strand=+
4372_g               -           1588 32139                -            397   1.8e-21   75.9   0.0   4   4   5.5e-07     9e-05   21.0   0.0   293   367  1249  1323  1239  1332 0.87 length=1589	scaffold=gi528858390	strand=+
8237_g               -           1588 32139                -            397   1.8e-21   75.9   0.0   1   4   8.3e-11   1.4e-08   33.5   0.0     2    61   341   400   340   405 0.95 length=1589	scaffold=gi527313991	strand=-
8237_g               -           1588 32139                -            397   1.8e-21   75.9   0.0   2   4     0.054         9    4.5   0.0    71    88   500   517   495   529 0.85 length=1589	scaffold=gi527313991	strand=-
8237_g               -           1588 32139                -            397   1.8e-21   75.9   0.0   3   4   0.00055     0.091   11.1   0.0   137   161   731   755   710   795 0.78 length=1589	scaffold=gi527313991	strand=-
8237_g               -           1588 32139                -            397   1.8e-21   75.9   0.0   4   4   5.5e-07     9e-05   21.0   0.0   293   367  1249  1323  1239  1332 0.87 length=1589	scaffold=gi527313991	strand=-
395_g                -           1394 32139                -            397     2e-18   65.9   0.4   1   3    0.0016      0.27    9.5   0.0     2    38     3    39     2    47 0.89 length=1395	scaffold=gi528858395	strand=+
395_g                -           1394 32139                -            397     2e-18   65.9   0.4   2   3   3.3e-12   5.5e-10   38.1   0.0    67   200   404   547   401   571 0.76 length=1395	scaffold=gi528858395	strand=+
395_g                -           1394 32139                -            397     2e-18   65.9   0.4   3   3   5.4e-05    0.0089   14.4   0.0   286   309   914   937   900   948 0.85 length=1395	scaffold=gi528858395	strand=+
5875_g               -           1651 32139                -            397   6.1e-18   64.3   0.0   1   2   0.00041     0.068   11.5   0.0    25    59   101   135    84   139 0.85 length=1652	scaffold=gi528858388	strand=-
5875_g               -           1651 32139                -            397   6.1e-18   64.3   0.0   2   2     7e-16   1.2e-13   50.2   0.0   240   370   424   554   417   569 0.95 length=1652	scaffold=gi528858388	strand=-
6375_g               -           1651 32139                -            397   6.1e-18   64.3   0.0   1   2   0.00041     0.068   11.5   0.0    25    59   101   135    84   139 0.85 length=1652	scaffold=gi527312496	strand=+
6375_g               -           1651 32139                -            397   6.1e-18   64.3   0.0   2   2     7e-16   1.2e-13   50.2   0.0   240   370   424   554   417   569 0.95 length=1652	scaffold=gi527312496	strand=+
7501_g               -           1507 32139                -            397   7.4e-17   60.8   0.0   1   2   9.1e-14   1.5e-11   43.3   0.0    40   117   722   800   714   832 0.82 length=1508	scaffold=gi527311550	strand=+
7501_g               -           1507 32139                -            397   7.4e-17   60.8   0.0   2   2   3.6e-05     0.006   15.0   0.0   156   241  1098  1185  1096  1192 0.80 length=1508	scaffold=gi527311550	strand=+
3102_g               -           1765 32139                -            397   3.8e-16   58.4   0.0   1   1   4.3e-18   7.1e-16   57.5   0.0    47   356   747  1058   739  1065 0.74 length=1766	scaffold=gi528858386	strand=+
3783_g               -           1765 32139                -            397   3.8e-16   58.4   0.0   1   1   4.3e-18   7.1e-16   57.5   0.0    47   356   747  1058   739  1065 0.74 length=1766	scaffold=gi527310709	strand=+
7419_g               -           1194 32139                -            397   1.1e-14   53.5   0.0   1   2   6.9e-14   1.1e-11   43.7   0.0    40   117   747   825   739   857 0.82 length=1195	scaffold=gi528858387	strand=-
7419_g               -           1194 32139                -            397   1.1e-14   53.5   0.0   2   2    0.0066       1.1    7.5   0.0   156   196  1123  1160  1121  1177 0.84 length=1195	scaffold=gi528858387	strand=-
2696_g               -           1972 32139                -            397   1.4e-12   46.7   0.2   1   2    0.0032      0.52    8.6   0.0    33    62   855   884   846   925 0.83 length=1973	scaffold=gi528858386	strand=+
2696_g               -           1972 32139                -            397   1.4e-12   46.7   0.2   2   2   1.9e-11   3.2e-09   35.6   0.0   243   353  1180  1291  1161  1302 0.92 length=1973	scaffold=gi528858386	strand=+
3377_g               -           1972 32139                -            397   1.4e-12   46.7   0.2   1   2    0.0032      0.52    8.6   0.0    33    62   855   884   846   925 0.83 length=1973	scaffold=gi527310881	strand=+
3377_g               -           1972 32139                -            397   1.4e-12   46.7   0.2   2   2   1.9e-11   3.2e-09   35.6   0.0   243   353  1180  1291  1161  1302 0.92 length=1973	scaffold=gi527310881	strand=+
13289_g              -           3419 32139                -            397   1.4e-10   40.0   1.2   1   4   8.5e-11   1.4e-08   33.5   0.1     8   189   743   934   739   944 0.77 length=3420	scaffold=gi527309735	strand=-
13289_g              -           3419 32139                -            397   1.4e-10   40.0   1.2   2   4      0.84   1.4e+02    0.6   0.1   225   315  1158  1247  1119  1254 0.70 length=3420	scaffold=gi527309735	strand=-
13289_g              -           3419 32139                -            397   1.4e-10   40.0   1.2   3   4      0.65   1.1e+02    0.9   0.0    38   107  2015  2086  2010  2098 0.84 length=3420	scaffold=gi527309735	strand=-
13289_g              -           3419 32139                -            397   1.4e-10   40.0   1.2   4   4       3.2   5.3e+02   -1.3   0.0   115   172  2125  2180  2091  2191 0.84 length=3420	scaffold=gi527309735	strand=-
9380_g               -           3419 32139                -            397   1.4e-10   40.0   1.2   1   4   8.5e-11   1.4e-08   33.5   0.1     8   189   743   934   739   944 0.77 length=3420	scaffold=gi528858385	strand=+
9380_g               -           3419 32139                -            397   1.4e-10   40.0   1.2   2   4      0.84   1.4e+02    0.6   0.1   225   315  1158  1247  1119  1254 0.70 length=3420	scaffold=gi528858385	strand=+
9380_g               -           3419 32139                -            397   1.4e-10   40.0   1.2   3   4      0.65   1.1e+02    0.9   0.0    38   107  2015  2086  2010  2098 0.84 length=3420	scaffold=gi528858385	strand=+
9380_g               -           3419 32139                -            397   1.4e-10   40.0   1.2   4   4       3.2   5.3e+02   -1.3   0.0   115   172  2125  2180  2091  2191 0.84 length=3420	scaffold=gi528858385	strand=+
11081_g              -           3540 32139                -            397   1.8e-08   33.1   0.1   1   3   0.00023     0.037   12.3   0.0    34    68   912   946   896   950 0.82 length=3541	scaffold=gi528858383	strand=+
11081_g              -           3540 32139                -            397   1.8e-08   33.1   0.1   2   3    0.0009      0.15   10.4   0.0    72   183  1052  1171  1046  1187 0.72 length=3541	scaffold=gi528858383	strand=+
11081_g              -           3540 32139                -            397   1.8e-08   33.1   0.1   3   3     0.025       4.2    5.6   0.0   263   315  2695  2747  2635  2756 0.87 length=3541	scaffold=gi528858383	strand=+
11878_g              -           3540 32139                -            397   1.8e-08   33.1   0.1   1   3   0.00023     0.037   12.3   0.0    34    68   912   946   896   950 0.82 length=3541	scaffold=gi527307902	strand=+
11878_g              -           3540 32139                -            397   1.8e-08   33.1   0.1   2   3    0.0009      0.15   10.4   0.0    72   183  1052  1171  1046  1187 0.72 length=3541	scaffold=gi527307902	strand=+
11878_g              -           3540 32139                -            397   1.8e-08   33.1   0.1   3   3     0.025       4.2    5.6   0.0   263   315  2695  2747  2635  2756 0.87 length=3541	scaffold=gi527307902	strand=+
2563_g               -           2716 32139                -            397   6.3e-05   21.5   0.0   1   2      0.64   1.1e+02    1.0   0.1    40    84   566   611   562   616 0.68 length=2717	scaffold=gi528858386	strand=+
2563_g               -           2716 32139                -            397   6.3e-05   21.5   0.0   2   2   5.1e-06   0.00084   17.8   0.0   294   335  1924  1965  1921  1974 0.90 length=2717	scaffold=gi528858386	strand=+
3244_g               -           2716 32139                -            397   6.3e-05   21.5   0.0   1   2      0.64   1.1e+02    1.0   0.1    40    84   566   611   562   616 0.68 length=2717	scaffold=gi527310881	strand=+
3244_g               -           2716 32139                -            397   6.3e-05   21.5   0.0   2   2   5.1e-06   0.00084   17.8   0.0   294   335  1924  1965  1921  1974 0.90 length=2717	scaffold=gi527310881	strand=+
13512_g              -           1810 32139                -            397   0.00063   18.2   0.0   1   1   9.1e-06    0.0015   16.9   0.0   240   352  1654  1771  1636  1800 0.87 length=1811	scaffold=gi527309735	strand=-
9154_g               -           1810 32139                -            397   0.00063   18.2   0.0   1   1   9.1e-06    0.0015   16.9   0.0   240   352  1654  1771  1636  1800 0.87 length=1811	scaffold=gi528858385	strand=+
10369_g              -            349 32139                -            397     0.001   17.5   0.0   1   2   6.4e-05     0.011   14.1   0.0    28    62   165   199   151   217 0.86 length=350	scaffold=gi528858384	strand=+
10369_g              -            349 32139                -            397     0.001   17.5   0.0   2   2      0.83   1.4e+02    0.6   0.0   123   156   287   322   275   329 0.79 length=350	scaffold=gi528858384	strand=+
12155_g              -            349 32139                -            397     0.001   17.5   0.0   1   2   6.4e-05     0.011   14.1   0.0    28    62   165   199   151   217 0.86 length=350	scaffold=gi527308984	strand=-
12155_g              -            349 32139                -            397     0.001   17.5   0.0   2   2      0.83   1.4e+02    0.6   0.0   123   156   287   322   275   329 0.79 length=350	scaffold=gi527308984	strand=-
574_g                -           1518 32139                -            397     0.026   12.8   0.3   1   1   0.00028     0.046   12.0   0.3   236   340   879   986   864  1044 0.77 length=1519	scaffold=gi528858395	strand=+
599_g                -           1518 32139                -            397     0.026   12.8   0.3   1   1   0.00028     0.046   12.0   0.3   236   340   879   986   864  1044 0.77 length=1519	scaffold=gi527315607	strand=-
12585_g              -           2101 32139                -            397      0.04   12.2   0.0   1   1    0.0004     0.066   11.5   0.0   246   352  1783  1892  1776  1916 0.80 length=2102	scaffold=gi527308984	strand=+
9938_g               -           2101 32139                -            397      0.04   12.2   0.0   1   1    0.0004     0.066   11.5   0.0   246   352  1783  1892  1776  1916 0.80 length=2102	scaffold=gi528858384	strand=-
10809_g              -           5363 32139                -            397     0.051   11.9   0.0   1   1    0.0005     0.083   11.2   0.0   272   332  2893  2955  2876  2977 0.77 length=5364	scaffold=gi528858383	strand=+
11606_g              -           5363 32139                -            397     0.051   11.9   0.0   1   1    0.0005     0.083   11.2   0.0   272   332  2893  2955  2876  2977 0.77 length=5364	scaffold=gi527307902	strand=+
#
# Program:         hmmsearch
# Version:         3.4 (Aug 2023)
# Pipeline mode:   SEARCH
# Query file:      /home/inf-20-2025/Malaria/busco_downloads/lineages/apicomplexa_odb12/hmms/32139at5794.hmm
# Target file:     /home/inf-20-2025/Malaria/Results/6_nobird_annotation/T_gondii.faa
# Option settings: hmmsearch --domtblout Results/8_busco/T_gondii/run_apicomplexa_odb12/hmmer_output/initial_run_results/32139at5794.out --cpu 1 /home/inf-20-2025/Malaria/busco_downloads/lineages/apicomplexa_odb12/hmms/32139at5794.hmm /home/inf-20-2025/Malaria/Results/6_nobird_annotation/T_gondii.faa 
# Current dir:     /home/inf-20-2025/Malaria
# Date:            Wed Mar  4 18:33:07 2026
# [ok]
