#                                                                            --- full sequence --- -------------- this domain -------------   hmm coord   ali coord   env coord
# target name        accession   tlen query name           accession   qlen   E-value  score  bias   #  of  c-Evalue  i-Evalue  score  bias  from    to  from    to  from    to  acc description of target
#------------------- ---------- ----- -------------------- ---------- ----- --------- ------ ----- --- --- --------- --------- ------ ----- ----- ----- ----- ----- ----- ----- ---- ---------------------
7100_g               -           1464 32326                -            380   1.5e-87  293.9   0.0   1   4   5.9e-44   1.7e-41  142.3   0.0   109   304   737   950   690   956 0.88 length=1465	scaffold=gi528858387	strand=-
7100_g               -           1464 32326                -            380   1.5e-87  293.9   0.0   2   4   8.8e-41   2.5e-38  131.8   0.0    90   261   991  1184   956  1191 0.85 length=1465	scaffold=gi528858387	strand=-
7100_g               -           1464 32326                -            380   1.5e-87  293.9   0.0   3   4     0.026       7.5    5.2   0.0   276   306  1259  1289  1248  1310 0.89 length=1465	scaffold=gi528858387	strand=-
7100_g               -           1464 32326                -            380   1.5e-87  293.9   0.0   4   4     0.022       6.2    5.5   0.0   341   376  1387  1422  1360  1424 0.86 length=1465	scaffold=gi528858387	strand=-
7816_g               -           1464 32326                -            380   1.5e-87  293.9   0.0   1   4   5.9e-44   1.7e-41  142.3   0.0   109   304   737   950   690   956 0.88 length=1465	scaffold=gi527311550	strand=+
7816_g               -           1464 32326                -            380   1.5e-87  293.9   0.0   2   4   8.8e-41   2.5e-38  131.8   0.0    90   261   991  1184   956  1191 0.85 length=1465	scaffold=gi527311550	strand=+
7816_g               -           1464 32326                -            380   1.5e-87  293.9   0.0   3   4     0.026       7.5    5.2   0.0   276   306  1259  1289  1248  1310 0.89 length=1465	scaffold=gi527311550	strand=+
7816_g               -           1464 32326                -            380   1.5e-87  293.9   0.0   4   4     0.022       6.2    5.5   0.0   341   376  1387  1422  1360  1424 0.86 length=1465	scaffold=gi527311550	strand=+
13183_g              -           1306 32326                -            380   7.9e-75  252.0   0.0   1   6      0.28        82    1.8   0.0   127   142   468   483   454   490 0.89 length=1307	scaffold=gi527309735	strand=+
13183_g              -           1306 32326                -            380   7.9e-75  252.0   0.0   2   6     0.045        13    4.4   0.0   147   174   541   568   522   571 0.90 length=1307	scaffold=gi527309735	strand=+
13183_g              -           1306 32326                -            380   7.9e-75  252.0   0.0   3   6    0.0037       1.1    8.0   0.0   178   194   652   668   649   673 0.88 length=1307	scaffold=gi527309735	strand=+
13183_g              -           1306 32326                -            380   7.9e-75  252.0   0.0   4   6   1.5e-18   4.2e-16   58.7   0.0   200   303   725   829   722   837 0.91 length=1307	scaffold=gi527309735	strand=+
13183_g              -           1306 32326                -            380   7.9e-75  252.0   0.0   5   6   3.7e-48   1.1e-45  156.1   0.0    88   270   890  1092   873  1121 0.89 length=1307	scaffold=gi527309735	strand=+
13183_g              -           1306 32326                -            380   7.9e-75  252.0   0.0   6   6   0.00021     0.061   12.1   0.0   275   317  1191  1233  1178  1292 0.83 length=1307	scaffold=gi527309735	strand=+
9483_g               -           1306 32326                -            380   7.9e-75  252.0   0.0   1   6      0.28        82    1.8   0.0   127   142   468   483   454   490 0.89 length=1307	scaffold=gi528858385	strand=-
9483_g               -           1306 32326                -            380   7.9e-75  252.0   0.0   2   6     0.045        13    4.4   0.0   147   174   541   568   522   571 0.90 length=1307	scaffold=gi528858385	strand=-
9483_g               -           1306 32326                -            380   7.9e-75  252.0   0.0   3   6    0.0037       1.1    8.0   0.0   178   194   652   668   649   673 0.88 length=1307	scaffold=gi528858385	strand=-
9483_g               -           1306 32326                -            380   7.9e-75  252.0   0.0   4   6   1.5e-18   4.2e-16   58.7   0.0   200   303   725   829   722   837 0.91 length=1307	scaffold=gi528858385	strand=-
9483_g               -           1306 32326                -            380   7.9e-75  252.0   0.0   5   6   3.7e-48   1.1e-45  156.1   0.0    88   270   890  1092   873  1121 0.89 length=1307	scaffold=gi528858385	strand=-
9483_g               -           1306 32326                -            380   7.9e-75  252.0   0.0   6   6   0.00021     0.061   12.1   0.0   275   317  1191  1233  1178  1292 0.83 length=1307	scaffold=gi528858385	strand=-
4577_g               -            324 32326                -            380   5.4e-73  245.9   0.2   1   2   7.4e-13   2.1e-10   39.9   0.0    78   128     9    59     2    62 0.91 length=325	scaffold=gi528858390	strand=+
4577_g               -            324 32326                -            380   5.4e-73  245.9   0.2   2   2   7.6e-62   2.2e-59  201.2   0.1   127   305    75   271    68   284 0.88 length=325	scaffold=gi528858390	strand=+
8592_g               -            324 32326                -            380   5.4e-73  245.9   0.2   1   2   7.4e-13   2.1e-10   39.9   0.0    78   128     9    59     2    62 0.91 length=325	scaffold=gi527313757	strand=+
8592_g               -            324 32326                -            380   5.4e-73  245.9   0.2   2   2   7.6e-62   2.2e-59  201.2   0.1   127   305    75   271    68   284 0.88 length=325	scaffold=gi527313757	strand=+
6809_g               -           1363 32326                -            380   8.2e-56  189.4   0.0   1   5       2.4   6.9e+02   -1.3   0.0   101   129   379   408   373   421 0.78 length=1364	scaffold=gi528858387	strand=+
6809_g               -           1363 32326                -            380   8.2e-56  189.4   0.0   2   5   2.5e-06   0.00071   18.4   0.0   165   259   582   689   574   698 0.67 length=1364	scaffold=gi528858387	strand=+
6809_g               -           1363 32326                -            380   8.2e-56  189.4   0.0   3   5    0.0081       2.3    6.9   0.0   272   303   738   769   725   779 0.89 length=1364	scaffold=gi528858387	strand=+
6809_g               -           1363 32326                -            380   8.2e-56  189.4   0.0   4   5   1.1e-42   3.1e-40  138.1   0.0    94   281   976  1187   969  1194 0.88 length=1364	scaffold=gi528858387	strand=+
6809_g               -           1363 32326                -            380   8.2e-56  189.4   0.0   5   5   2.5e-05    0.0073   15.1   0.0   269   344  1204  1278  1193  1295 0.75 length=1364	scaffold=gi528858387	strand=+
8103_g               -           1363 32326                -            380   8.2e-56  189.4   0.0   1   5       2.4   6.9e+02   -1.3   0.0   101   129   379   408   373   421 0.78 length=1364	scaffold=gi527311550	strand=-
8103_g               -           1363 32326                -            380   8.2e-56  189.4   0.0   2   5   2.5e-06   0.00071   18.4   0.0   165   259   582   689   574   698 0.67 length=1364	scaffold=gi527311550	strand=-
8103_g               -           1363 32326                -            380   8.2e-56  189.4   0.0   3   5    0.0081       2.3    6.9   0.0   272   303   738   769   725   779 0.89 length=1364	scaffold=gi527311550	strand=-
8103_g               -           1363 32326                -            380   8.2e-56  189.4   0.0   4   5   1.1e-42   3.1e-40  138.1   0.0    94   281   976  1187   969  1194 0.88 length=1364	scaffold=gi527311550	strand=-
8103_g               -           1363 32326                -            380   8.2e-56  189.4   0.0   5   5   2.5e-05    0.0073   15.1   0.0   269   344  1204  1278  1193  1295 0.75 length=1364	scaffold=gi527311550	strand=-
558_g                -            899 32326                -            380   2.7e-50  171.2   0.0   1   2   1.2e-05    0.0034   16.2   0.0    92   127   447   482   437   491 0.89 length=900	scaffold=gi528858395	strand=-
558_g                -            899 32326                -            380   2.7e-50  171.2   0.0   2   2   4.3e-47   1.2e-44  152.6   0.0   128   306   625   812   622   823 0.95 length=900	scaffold=gi528858395	strand=-
615_g                -            899 32326                -            380   2.7e-50  171.2   0.0   1   2   1.2e-05    0.0034   16.2   0.0    92   127   447   482   437   491 0.89 length=900	scaffold=gi527315607	strand=+
615_g                -            899 32326                -            380   2.7e-50  171.2   0.0   2   2   4.3e-47   1.2e-44  152.6   0.0   128   306   625   812   622   823 0.95 length=900	scaffold=gi527315607	strand=+
10324_g              -            726 32326                -            380   1.1e-48  165.9   0.0   1   4   1.2e-13   3.3e-11   42.6   0.0   162   193   172   203   167   211 0.84 length=727	scaffold=gi528858384	strand=-
10324_g              -            726 32326                -            380   1.1e-48  165.9   0.0   2   4   1.3e-34   3.9e-32  111.5   0.0   238   324   352   441   349   449 0.93 length=727	scaffold=gi528858384	strand=-
10324_g              -            726 32326                -            380   1.1e-48  165.9   0.0   3   4     0.015       4.2    6.0   0.0   322   350   548   576   536   591 0.82 length=727	scaffold=gi528858384	strand=-
10324_g              -            726 32326                -            380   1.1e-48  165.9   0.0   4   4       1.4     4e+02   -0.5   0.0   347   368   629   650   626   659 0.82 length=727	scaffold=gi528858384	strand=-
12201_g              -            726 32326                -            380   1.1e-48  165.9   0.0   1   4   1.2e-13   3.3e-11   42.6   0.0   162   193   172   203   167   211 0.84 length=727	scaffold=gi527308984	strand=+
12201_g              -            726 32326                -            380   1.1e-48  165.9   0.0   2   4   1.3e-34   3.9e-32  111.5   0.0   238   324   352   441   349   449 0.93 length=727	scaffold=gi527308984	strand=+
12201_g              -            726 32326                -            380   1.1e-48  165.9   0.0   3   4     0.015       4.2    6.0   0.0   322   350   548   576   536   591 0.82 length=727	scaffold=gi527308984	strand=+
12201_g              -            726 32326                -            380   1.1e-48  165.9   0.0   4   4       1.4     4e+02   -0.5   0.0   347   368   629   650   626   659 0.82 length=727	scaffold=gi527308984	strand=+
557_g                -            487 32326                -            380   2.9e-47  161.3   0.0   1   2     0.018       5.3    5.7   0.0    92   114    21    43    15    45 0.89 length=488	scaffold=gi528858395	strand=-
557_g                -            487 32326                -            380   2.9e-47  161.3   0.0   2   2   2.5e-47   7.3e-45  153.3   0.0   128   308   125   308   118   312 0.94 length=488	scaffold=gi528858395	strand=-
616_g                -            487 32326                -            380   2.9e-47  161.3   0.0   1   2     0.018       5.3    5.7   0.0    92   114    21    43    15    45 0.89 length=488	scaffold=gi527315607	strand=+
616_g                -            487 32326                -            380   2.9e-47  161.3   0.0   2   2   2.5e-47   7.3e-45  153.3   0.0   128   308   125   308   118   312 0.94 length=488	scaffold=gi527315607	strand=+
13644_g              -            415 32326                -            380   5.1e-40  137.4   2.0   1   3       4.8   1.4e+03   -2.3   0.2    61    93    15    46    13    69 0.56 length=416	scaffold=gi527309735	strand=+
13644_g              -            415 32326                -            380   5.1e-40  137.4   2.0   2   3    0.0019      0.55    8.9   0.0    89   127   132   170   112   175 0.84 length=416	scaffold=gi527309735	strand=+
13644_g              -            415 32326                -            380   5.1e-40  137.4   2.0   3   3   2.2e-39   6.2e-37  127.2   0.1   132   306   210   387   208   410 0.89 length=416	scaffold=gi527309735	strand=+
9019_g               -            415 32326                -            380   5.1e-40  137.4   2.0   1   3       4.8   1.4e+03   -2.3   0.2    61    93    15    46    13    69 0.56 length=416	scaffold=gi528858385	strand=-
9019_g               -            415 32326                -            380   5.1e-40  137.4   2.0   2   3    0.0019      0.55    8.9   0.0    89   127   132   170   112   175 0.84 length=416	scaffold=gi528858385	strand=-
9019_g               -            415 32326                -            380   5.1e-40  137.4   2.0   3   3   2.2e-39   6.2e-37  127.2   0.1   132   306   210   387   208   410 0.89 length=416	scaffold=gi528858385	strand=-
10530_g              -            802 32326                -            380   3.4e-39  134.7   0.0   1   2       9.4   2.7e+03   -3.2   0.0    85   116   343   374   338   376 0.83 length=803	scaffold=gi528858383	strand=-
10530_g              -            802 32326                -            380   3.4e-39  134.7   0.0   2   2   2.5e-41   7.2e-39  133.6   0.0   127   304   593   774   580   796 0.93 length=803	scaffold=gi528858383	strand=-
11327_g              -            802 32326                -            380   3.4e-39  134.7   0.0   1   2       9.4   2.7e+03   -3.2   0.0    85   116   343   374   338   376 0.83 length=803	scaffold=gi527308799	strand=-
11327_g              -            802 32326                -            380   3.4e-39  134.7   0.0   2   2   2.5e-41   7.2e-39  133.6   0.0   127   304   593   774   580   796 0.93 length=803	scaffold=gi527308799	strand=-
2557_g               -            714 32326                -            380   4.9e-36  124.3   0.4   1   2       5.2   1.5e+03   -2.4   0.0   112   127   384   399   382   400 0.90 length=715	scaffold=gi528858386	strand=+
2557_g               -            714 32326                -            380   4.9e-36  124.3   0.4   2   2   3.7e-38   1.1e-35  123.2   0.1   127   306   504   686   493   704 0.90 length=715	scaffold=gi528858386	strand=+
3238_g               -            714 32326                -            380   4.9e-36  124.3   0.4   1   2       5.2   1.5e+03   -2.4   0.0   112   127   384   399   382   400 0.90 length=715	scaffold=gi527310881	strand=+
3238_g               -            714 32326                -            380   4.9e-36  124.3   0.4   2   2   3.7e-38   1.1e-35  123.2   0.1   127   306   504   686   493   704 0.90 length=715	scaffold=gi527310881	strand=+
4909_g               -           1592 32326                -            380   7.8e-36  123.6   0.0   1   1   7.3e-38   2.1e-35  122.2   0.0    89   305   731   969   724   976 0.86 length=1593	scaffold=gi528858389	strand=-
5381_g               -           1592 32326                -            380   7.8e-36  123.6   0.0   1   1   7.3e-38   2.1e-35  122.2   0.0    89   305   731   969   724   976 0.86 length=1593	scaffold=gi527313191	strand=-
5781_g               -           3159 32326                -            380   1.4e-35  122.8   1.1   1   3    0.0041       1.2    7.8   0.0    92   127   324   359   301   364 0.85 length=3160	scaffold=gi528858388	strand=-
5781_g               -           3159 32326                -            380   1.4e-35  122.8   1.1   2   3   2.5e-26   7.3e-24   84.2   0.0   127   217   435   527   423   531 0.92 length=3160	scaffold=gi528858388	strand=-
5781_g               -           3159 32326                -            380   1.4e-35  122.8   1.1   3   3   1.2e-08   3.5e-06   26.0   1.2   197   305   571   682   562   696 0.81 length=3160	scaffold=gi528858388	strand=-
6759_g               -           1004 32326                -            380   3.7e-35  121.4   0.3   1   3     5e-07   0.00015   20.7   0.0    83   127   567   611   556   614 0.93 length=1005	scaffold=gi528858387	strand=+
6759_g               -           1004 32326                -            380   3.7e-35  121.4   0.3   2   3   2.3e-16   6.7e-14   51.4   0.0   123   206   706   801   701   804 0.82 length=1005	scaffold=gi528858387	strand=+
6759_g               -           1004 32326                -            380   3.7e-35  121.4   0.3   3   3   1.9e-14   5.6e-12   45.1   0.2   199   306   870   977   858   995 0.88 length=1005	scaffold=gi528858387	strand=+
6468_g               -           6759 32326                -            380   1.6e-34  119.3   1.1   1   3    0.0091       2.6    6.7   0.0    92   127   324   359   301   364 0.85 length=6760	scaffold=gi527312496	strand=+
6468_g               -           6759 32326                -            380   1.6e-34  119.3   1.1   2   3   5.7e-26   1.7e-23   83.1   0.0   127   217   435   527   424   531 0.92 length=6760	scaffold=gi527312496	strand=+
6468_g               -           6759 32326                -            380   1.6e-34  119.3   1.1   3   3   2.8e-08     8e-06   24.9   1.2   197   305   571   682   562   696 0.81 length=6760	scaffold=gi527312496	strand=+
8153_g               -           1952 32326                -            380     4e-34  118.0   0.3   1   3   1.1e-06   0.00031   19.6   0.0    83   127  1515  1559  1505  1562 0.93 length=1953	scaffold=gi527311550	strand=-
8153_g               -           1952 32326                -            380     4e-34  118.0   0.3   2   3   5.2e-16   1.5e-13   50.3   0.0   123   206  1654  1749  1649  1752 0.82 length=1953	scaffold=gi527311550	strand=-
8153_g               -           1952 32326                -            380     4e-34  118.0   0.3   3   3   4.6e-14   1.3e-11   43.9   0.3   199   305  1818  1924  1806  1942 0.88 length=1953	scaffold=gi527311550	strand=-
5875_g               -           1651 32326                -            380   1.1e-30  106.7   0.0   1   2   1.8e-31   5.1e-29  101.2   0.0    96   271   985  1185   959  1195 0.85 length=1652	scaffold=gi528858388	strand=-
5875_g               -           1651 32326                -            380   1.1e-30  106.7   0.0   2   2      0.16        46    2.6   0.0   271   312  1300  1341  1290  1368 0.81 length=1652	scaffold=gi528858388	strand=-
6375_g               -           1651 32326                -            380   1.1e-30  106.7   0.0   1   2   1.8e-31   5.1e-29  101.2   0.0    96   271   985  1185   959  1195 0.85 length=1652	scaffold=gi527312496	strand=+
6375_g               -           1651 32326                -            380   1.1e-30  106.7   0.0   2   2      0.16        46    2.6   0.0   271   312  1300  1341  1290  1368 0.81 length=1652	scaffold=gi527312496	strand=+
10555_g              -           1551 32326                -            380   2.1e-30  105.8   0.0   1   3       3.5     1e+03   -1.8   0.0   308   347   646   685   617   705 0.74 length=1552	scaffold=gi528858383	strand=+
10555_g              -           1551 32326                -            380   2.1e-30  105.8   0.0   2   3      0.54   1.6e+02    0.9   0.1    88   122   797   834   772   839 0.72 length=1552	scaffold=gi528858383	strand=+
10555_g              -           1551 32326                -            380   2.1e-30  105.8   0.0   3   3   1.8e-31   5.2e-29  101.2   0.0   127   298   906  1077   903  1096 0.94 length=1552	scaffold=gi528858383	strand=+
11352_g              -           1551 32326                -            380   2.1e-30  105.8   0.0   1   3       3.5     1e+03   -1.8   0.0   308   347   646   685   617   705 0.74 length=1552	scaffold=gi527308799	strand=+
11352_g              -           1551 32326                -            380   2.1e-30  105.8   0.0   2   3      0.54   1.6e+02    0.9   0.1    88   122   797   834   772   839 0.72 length=1552	scaffold=gi527308799	strand=+
11352_g              -           1551 32326                -            380   2.1e-30  105.8   0.0   3   3   1.8e-31   5.2e-29  101.2   0.0   127   298   906  1077   903  1096 0.94 length=1552	scaffold=gi527308799	strand=+
11275_g              -           1180 32326                -            380   7.7e-26   90.7   0.0   1   3     5e-22   1.5e-19   70.1   0.0    92   192   578   696   561   705 0.86 length=1181	scaffold=gi528858383	strand=+
11275_g              -           1180 32326                -            380   7.7e-26   90.7   0.0   2   3   4.2e-05     0.012   14.4   0.0   194   254   788   849   780   869 0.86 length=1181	scaffold=gi528858383	strand=+
11275_g              -           1180 32326                -            380   7.7e-26   90.7   0.0   3   3         1   2.9e+02   -0.0   0.0   274   309   966  1001   944  1015 0.76 length=1181	scaffold=gi528858383	strand=+
12072_g              -           1180 32326                -            380   7.7e-26   90.7   0.0   1   3     5e-22   1.5e-19   70.1   0.0    92   192   578   696   561   705 0.86 length=1181	scaffold=gi527307902	strand=+
12072_g              -           1180 32326                -            380   7.7e-26   90.7   0.0   2   3   4.2e-05     0.012   14.4   0.0   194   254   788   849   780   869 0.86 length=1181	scaffold=gi527307902	strand=+
12072_g              -           1180 32326                -            380   7.7e-26   90.7   0.0   3   3         1   2.9e+02   -0.0   0.0   274   309   966  1001   944  1015 0.76 length=1181	scaffold=gi527307902	strand=+
10068_g              -           1170 32326                -            380   1.1e-24   87.0   0.1   1   3      0.22        65    2.1   0.0    99   128   651   680   641   684 0.89 length=1171	scaffold=gi528858384	strand=+
10068_g              -           1170 32326                -            380   1.1e-24   87.0   0.1   2   3   3.2e-24   9.2e-22   77.3   0.1   129   209   879   959   876   962 0.96 length=1171	scaffold=gi528858384	strand=+
10068_g              -           1170 32326                -            380   1.1e-24   87.0   0.1   3   3      0.11        31    3.2   0.0   267   296  1064  1093  1051  1111 0.83 length=1171	scaffold=gi528858384	strand=+
12453_g              -           1187 32326                -            380   1.1e-24   86.9   0.1   1   3      0.23        66    2.1   0.0    99   128   668   697   658   701 0.89 length=1188	scaffold=gi527308984	strand=-
12453_g              -           1187 32326                -            380   1.1e-24   86.9   0.1   2   3   3.3e-24   9.4e-22   77.3   0.1   129   209   896   976   893   979 0.96 length=1188	scaffold=gi527308984	strand=-
12453_g              -           1187 32326                -            380   1.1e-24   86.9   0.1   3   3      0.11        31    3.1   0.0   267   296  1081  1110  1068  1128 0.83 length=1188	scaffold=gi527308984	strand=-
10908_g              -           4018 32326                -            380   1.8e-18   66.4   0.0   1   2   1.8e-19   5.3e-17   61.6   0.0   127   263  1611  1770  1610  1774 0.74 length=4019	scaffold=gi528858383	strand=+
10908_g              -           4018 32326                -            380   1.8e-18   66.4   0.0   2   2      0.34        97    1.5   0.0   270   306  1840  1876  1834  1901 0.83 length=4019	scaffold=gi528858383	strand=+
11705_g              -           4018 32326                -            380   1.8e-18   66.4   0.0   1   2   1.8e-19   5.3e-17   61.6   0.0   127   263  1611  1770  1610  1774 0.74 length=4019	scaffold=gi527307902	strand=+
11705_g              -           4018 32326                -            380   1.8e-18   66.4   0.0   2   2      0.34        97    1.5   0.0   270   306  1840  1876  1834  1901 0.83 length=4019	scaffold=gi527307902	strand=+
2000_g               -            781 32326                -            380   2.2e-17   62.9   0.0   1   3   1.4e-14   4.2e-12   45.5   0.0   127   286   269   454   268   465 0.81 length=782	scaffold=gi528858392	strand=-
2000_g               -            781 32326                -            380   2.2e-17   62.9   0.0   2   3     0.002      0.59    8.8   0.0   270   306   474   510   468   531 0.87 length=782	scaffold=gi528858392	strand=-
2000_g               -            781 32326                -            380   2.2e-17   62.9   0.0   3   3     0.058        17    4.1   0.0   127   187   596   657   595   723 0.76 length=782	scaffold=gi528858392	strand=-
2259_g               -            781 32326                -            380   2.2e-17   62.9   0.0   1   3   1.4e-14   4.2e-12   45.5   0.0   127   286   269   454   268   465 0.81 length=782	scaffold=gi527314726	strand=+
2259_g               -            781 32326                -            380   2.2e-17   62.9   0.0   2   3     0.002      0.59    8.8   0.0   270   306   474   510   468   531 0.87 length=782	scaffold=gi527314726	strand=+
2259_g               -            781 32326                -            380   2.2e-17   62.9   0.0   3   3     0.058        17    4.1   0.0   127   187   596   657   595   723 0.76 length=782	scaffold=gi527314726	strand=+
12198_g              -            300 32326                -            380   4.4e-15   55.3   0.3   1   2   3.3e-10   9.4e-08   31.2   0.0     2    40    10    48     9    50 0.95 length=301	scaffold=gi527308984	strand=+
12198_g              -            300 32326                -            380   4.4e-15   55.3   0.3   2   2   1.8e-07   5.1e-05   22.2   0.0    41    76   101   136    94   143 0.90 length=301	scaffold=gi527308984	strand=+
1282_g               -            659 32326                -            380   1.6e-14   53.5   0.1   1   2      0.16        47    2.6   0.0    98   121   303   325   298   334 0.78 length=660	scaffold=gi528858393	strand=-
1282_g               -            659 32326                -            380   1.6e-14   53.5   0.1   2   2   1.6e-15   4.7e-13   48.6   0.0   124   194   476   546   472   559 0.88 length=660	scaffold=gi528858393	strand=-
1358_g               -            659 32326                -            380   1.6e-14   53.5   0.1   1   2      0.16        47    2.6   0.0    98   121   303   325   298   334 0.78 length=660	scaffold=gi527315005	strand=+
1358_g               -            659 32326                -            380   1.6e-14   53.5   0.1   2   2   1.6e-15   4.7e-13   48.6   0.0   124   194   476   546   472   559 0.88 length=660	scaffold=gi527315005	strand=+
10326_g              -            489 32326                -            380   1.6e-14   53.5   0.3   1   2   6.2e-10   1.8e-07   30.3   0.0     2    40   199   237   198   239 0.95 length=490	scaffold=gi528858384	strand=-
10326_g              -            489 32326                -            380   1.6e-14   53.5   0.3   2   2   3.4e-07   9.8e-05   21.3   0.0    41    76   290   325   283   332 0.90 length=490	scaffold=gi528858384	strand=-
10325_g              -            442 32326                -            380   3.4e-13   49.1   0.1   1   3      0.13        37    2.9   0.0    88   105    17    34     9    39 0.88 length=443	scaffold=gi528858384	strand=-
10325_g              -            442 32326                -            380   3.4e-13   49.1   0.1   2   3     2e-09   5.9e-07   28.6   0.0   103   128   120   145   117   155 0.93 length=443	scaffold=gi528858384	strand=-
10325_g              -            442 32326                -            380   3.4e-13   49.1   0.1   3   3   6.5e-05     0.019   13.7   0.0   127   146   345   364   341   369 0.91 length=443	scaffold=gi528858384	strand=-
2071_g               -           1142 32326                -            380     4e-11   42.3   0.0   1   1     3e-13   8.6e-11   41.2   0.0   111   290   586   794   570   806 0.74 length=1143	scaffold=gi528858392	strand=+
2188_g               -           1142 32326                -            380     4e-11   42.3   0.0   1   1     3e-13   8.6e-11   41.2   0.0   111   290   586   794   570   806 0.74 length=1143	scaffold=gi527314726	strand=-
1281_g               -            380 32326                -            380   7.5e-11   41.4   0.0   1   1     4e-13   1.2e-10   40.8   0.0   220   307   175   263   166   284 0.88 length=381	scaffold=gi528858393	strand=-
1359_g               -            380 32326                -            380   7.5e-11   41.4   0.0   1   1     4e-13   1.2e-10   40.8   0.0   220   307   175   263   166   284 0.88 length=381	scaffold=gi527315005	strand=+
1085_g               -            366 32326                -            380   3.5e-10   39.2   0.0   1   2       3.6   1.1e+03   -1.9   0.0   278   306    32    60    21    71 0.79 length=367	scaffold=gi528858393	strand=-
1085_g               -            366 32326                -            380   3.5e-10   39.2   0.0   2   2   3.6e-12   1.1e-09   37.6   0.0   128   188   118   178   115   187 0.95 length=367	scaffold=gi528858393	strand=-
1553_g               -            366 32326                -            380   3.5e-10   39.2   0.0   1   2       3.6   1.1e+03   -1.9   0.0   278   306    32    60    21    71 0.79 length=367	scaffold=gi527315005	strand=+
1553_g               -            366 32326                -            380   3.5e-10   39.2   0.0   2   2   3.6e-12   1.1e-09   37.6   0.0   128   188   118   178   115   187 0.95 length=367	scaffold=gi527315005	strand=+
12199_g              -            247 32326                -            380   4.1e-09   35.7   0.0   1   2     0.062        18    3.9   0.0    88   105    17    34     9    40 0.88 length=248	scaffold=gi527308984	strand=+
12199_g              -            247 32326                -            380   4.1e-09   35.7   0.0   2   2   9.6e-10   2.8e-07   29.7   0.0   103   128   120   145   117   155 0.93 length=248	scaffold=gi527308984	strand=+
12200_g              -            165 32326                -            380    0.0038   16.0   0.0   1   1   1.8e-05    0.0052   15.6   0.0   127   146    68    87    63    92 0.91 length=166	scaffold=gi527308984	strand=+
12708_g              -             63 32326                -            380     0.029   13.2   0.0   1   1   0.00011     0.031   13.0   0.0   189   240     2    54     1    57 0.87 length=64	scaffold=gi527308984	strand=+
9815_g               -             63 32326                -            380     0.029   13.2   0.0   1   1   0.00011     0.031   13.0   0.0   189   240     2    54     1    57 0.87 length=64	scaffold=gi528858384	strand=-
2852_g               -           1141 32326                -            380     0.046   12.5   0.4   1   3       1.4   4.1e+02   -0.5   0.1   220   240   663   683   659   685 0.86 length=1142	scaffold=gi528858386	strand=-
2852_g               -           1141 32326                -            380     0.046   12.5   0.4   2   3       5.1   1.5e+03   -2.3   0.0   283   306   697   720   689   727 0.82 length=1142	scaffold=gi528858386	strand=-
2852_g               -           1141 32326                -            380     0.046   12.5   0.4   3   3    0.0014       0.4    9.4   0.0   175   193   966   986   956  1006 0.79 length=1142	scaffold=gi528858386	strand=-
3533_g               -           1141 32326                -            380     0.046   12.5   0.4   1   3       1.4   4.1e+02   -0.5   0.1   220   240   663   683   659   685 0.86 length=1142	scaffold=gi527310881	strand=-
3533_g               -           1141 32326                -            380     0.046   12.5   0.4   2   3       5.1   1.5e+03   -2.3   0.0   283   306   697   720   689   727 0.82 length=1142	scaffold=gi527310881	strand=-
3533_g               -           1141 32326                -            380     0.046   12.5   0.4   3   3    0.0014       0.4    9.4   0.0   175   193   966   986   956  1006 0.79 length=1142	scaffold=gi527310881	strand=-
#
# Program:         hmmsearch
# Version:         3.4 (Aug 2023)
# Pipeline mode:   SEARCH
# Query file:      /home/inf-20-2025/Malaria/busco_downloads/lineages/apicomplexa_odb12/hmms/32326at5794.hmm
# Target file:     /home/inf-20-2025/Malaria/Results/6_nobird_annotation/T_gondii.faa
# Option settings: hmmsearch --domtblout Results/8_busco/T_gondii/run_apicomplexa_odb12/hmmer_output/initial_run_results/32326at5794.out --cpu 1 /home/inf-20-2025/Malaria/busco_downloads/lineages/apicomplexa_odb12/hmms/32326at5794.hmm /home/inf-20-2025/Malaria/Results/6_nobird_annotation/T_gondii.faa 
# Current dir:     /home/inf-20-2025/Malaria
# Date:            Wed Mar  4 18:33:04 2026
# [ok]
