#                                                                            --- full sequence --- -------------- this domain -------------   hmm coord   ali coord   env coord
# target name        accession   tlen query name           accession   qlen   E-value  score  bias   #  of  c-Evalue  i-Evalue  score  bias  from    to  from    to  from    to  acc description of target
#------------------- ---------- ----- -------------------- ---------- ----- --------- ------ ----- --- --- --------- --------- ------ ----- ----- ----- ----- ----- ----- ----- ---- ---------------------
13500_g              -            734 32347                -            442  4.2e-231  766.9   0.0   1   2  1.7e-112  2.9e-110  368.6   0.0     2   233   168   423   167   432 0.90 length=735	scaffold=gi527309735	strand=-
13500_g              -            734 32347                -            442  4.2e-231  766.9   0.0   2   2  7.7e-121  1.3e-118  396.1   0.0   234   441   446   653   441   654 0.99 length=735	scaffold=gi527309735	strand=-
9166_g               -            734 32347                -            442  4.2e-231  766.9   0.0   1   2  1.7e-112  2.9e-110  368.6   0.0     2   233   168   423   167   432 0.90 length=735	scaffold=gi528858385	strand=+
9166_g               -            734 32347                -            442  4.2e-231  766.9   0.0   2   2  7.7e-121  1.3e-118  396.1   0.0   234   441   446   653   441   654 0.99 length=735	scaffold=gi528858385	strand=+
13109_g              -            656 32347                -            442  9.8e-119  396.5   0.0   1   3   2.3e-66     4e-64  216.6   0.0    50   279   126   354    89   359 0.90 length=657	scaffold=gi527309735	strand=+
13109_g              -            656 32347                -            442  9.8e-119  396.5   0.0   2   3       0.2        35    2.5   0.0   285   311   438   465   433   468 0.79 length=657	scaffold=gi527309735	strand=+
13109_g              -            656 32347                -            442  9.8e-119  396.5   0.0   3   3   2.5e-53   4.3e-51  173.6   0.0   311   441   493   623   488   624 0.97 length=657	scaffold=gi527309735	strand=+
9557_g               -            656 32347                -            442  9.8e-119  396.5   0.0   1   3   2.3e-66     4e-64  216.6   0.0    50   279   126   354    89   359 0.90 length=657	scaffold=gi528858385	strand=-
9557_g               -            656 32347                -            442  9.8e-119  396.5   0.0   2   3       0.2        35    2.5   0.0   285   311   438   465   433   468 0.79 length=657	scaffold=gi528858385	strand=-
9557_g               -            656 32347                -            442  9.8e-119  396.5   0.0   3   3   2.5e-53   4.3e-51  173.6   0.0   311   441   493   623   488   624 0.97 length=657	scaffold=gi528858385	strand=-
10136_g              -           3844 32347                -            442  5.8e-111  370.9   0.0   1   1  4.7e-113  8.2e-111  370.4   0.0    49   433   372   774   347   783 0.88 length=3845	scaffold=gi528858384	strand=+
12385_g              -           3844 32347                -            442  5.8e-111  370.9   0.0   1   1  4.7e-113  8.2e-111  370.4   0.0    49   433   372   774   347   783 0.88 length=3845	scaffold=gi527308984	strand=-
1027_g               -           1171 32347                -            442  1.5e-103  346.5   0.0   1   1  1.6e-105  2.7e-103  345.7   0.0    50   430   755  1150   696  1159 0.87 length=1172	scaffold=gi528858394	strand=+
1844_g               -           1171 32347                -            442  1.5e-103  346.5   0.0   1   1  1.6e-105  2.7e-103  345.7   0.0    50   430   755  1150   696  1159 0.87 length=1172	scaffold=gi527315322	strand=+
2998_g               -           1271 32347                -            442  9.2e-100  334.0   1.3   1   3       5.4   9.2e+02   -2.1   1.7   282   339   349   403   342   413 0.80 length=1272	scaffold=gi528858386	strand=-
2998_g               -           1271 32347                -            442  9.2e-100  334.0   1.3   2   3   5.9e-68     1e-65  221.8   0.0    59   346   591   882   565   894 0.89 length=1272	scaffold=gi528858386	strand=-
2998_g               -           1271 32347                -            442  9.2e-100  334.0   1.3   3   3   7.2e-34   1.3e-31  109.5   0.0   344   432  1055  1144  1050  1150 0.93 length=1272	scaffold=gi528858386	strand=-
3679_g               -           1271 32347                -            442  9.2e-100  334.0   1.3   1   3       5.4   9.2e+02   -2.1   1.7   282   339   349   403   342   413 0.80 length=1272	scaffold=gi527310881	strand=-
3679_g               -           1271 32347                -            442  9.2e-100  334.0   1.3   2   3   5.9e-68     1e-65  221.8   0.0    59   346   591   882   565   894 0.89 length=1272	scaffold=gi527310881	strand=-
3679_g               -           1271 32347                -            442  9.2e-100  334.0   1.3   3   3   7.2e-34   1.3e-31  109.5   0.0   344   432  1055  1144  1050  1150 0.93 length=1272	scaffold=gi527310881	strand=-
1666_g               -           1792 32347                -            442     9e-84  281.3   0.5   1   3   4.8e-11   8.3e-09   34.3   0.1    73   116  1057  1100  1040  1110 0.90 length=1793	scaffold=gi527315322	strand=+
1666_g               -           1792 32347                -            442     9e-84  281.3   0.5   2   3   1.5e-46   2.7e-44  151.2   0.0   131   319  1180  1370  1166  1375 0.91 length=1793	scaffold=gi527315322	strand=+
1666_g               -           1792 32347                -            442     9e-84  281.3   0.5   3   3   1.3e-28   2.2e-26   92.2   0.0   347   437  1516  1606  1509  1610 0.95 length=1793	scaffold=gi527315322	strand=+
849_g                -           1792 32347                -            442     9e-84  281.3   0.5   1   3   4.8e-11   8.3e-09   34.3   0.1    73   116  1057  1100  1040  1110 0.90 length=1793	scaffold=gi528858394	strand=+
849_g                -           1792 32347                -            442     9e-84  281.3   0.5   2   3   1.5e-46   2.7e-44  151.2   0.0   131   319  1180  1370  1166  1375 0.91 length=1793	scaffold=gi528858394	strand=+
849_g                -           1792 32347                -            442     9e-84  281.3   0.5   3   3   1.3e-28   2.2e-26   92.2   0.0   347   437  1516  1606  1509  1610 0.95 length=1793	scaffold=gi528858394	strand=+
11116_g              -            412 32347                -            442   2.5e-79  266.7   2.2   1   1   1.8e-81   3.1e-79  266.4   2.2    50   428    36   407    20   412 0.91 length=413	scaffold=gi528858383	strand=-
11913_g              -            412 32347                -            442   2.5e-79  266.7   2.2   1   1   1.8e-81   3.1e-79  266.4   2.2    50   428    36   407    20   412 0.91 length=413	scaffold=gi527307902	strand=-
5574_g               -           1305 32347                -            442   1.5e-76  257.5   1.4   1   5       0.5        87    1.2   0.0    57    85   653   681   642   687 0.88 length=1306	scaffold=gi528858388	strand=+
5574_g               -           1305 32347                -            442   1.5e-76  257.5   1.4   2   5   3.4e-07   5.9e-05   21.6   0.0    80   133   712   765   710   770 0.88 length=1306	scaffold=gi528858388	strand=+
5574_g               -           1305 32347                -            442   1.5e-76  257.5   1.4   3   5   1.3e-06   0.00023   19.6   0.0   125   171   844   890   838   911 0.93 length=1306	scaffold=gi528858388	strand=+
5574_g               -           1305 32347                -            442   1.5e-76  257.5   1.4   4   5   4.6e-24   7.9e-22   77.2   0.1   178   265   974  1062   966  1087 0.89 length=1306	scaffold=gi528858388	strand=+
5574_g               -           1305 32347                -            442   1.5e-76  257.5   1.4   5   5   1.3e-40   2.3e-38  131.7   0.0   294   434  1163  1303  1136  1305 0.93 length=1306	scaffold=gi528858388	strand=+
2497_g               -            479 32347                -            442   1.6e-76  257.4   0.0   1   1   1.3e-78   2.2e-76  257.0   0.0    61   414    60   407    42   428 0.94 length=480	scaffold=gi528858386	strand=+
3178_g               -            479 32347                -            442   1.6e-76  257.4   0.0   1   1   1.3e-78   2.2e-76  257.0   0.0    61   414    60   407    42   428 0.94 length=480	scaffold=gi527310881	strand=+
6674_g               -           1393 32347                -            442   2.1e-76  257.1   1.3   1   5      0.55        94    1.1   0.0    57    85   741   769   731   775 0.87 length=1394	scaffold=gi527312496	strand=-
6674_g               -           1393 32347                -            442   2.1e-76  257.1   1.3   2   5   3.7e-07   6.4e-05   21.5   0.0    80   133   800   853   798   858 0.88 length=1394	scaffold=gi527312496	strand=-
6674_g               -           1393 32347                -            442   2.1e-76  257.1   1.3   3   5   1.4e-06   0.00025   19.5   0.0   125   171   932   978   926   999 0.93 length=1394	scaffold=gi527312496	strand=-
6674_g               -           1393 32347                -            442   2.1e-76  257.1   1.3   4   5   4.9e-24   8.5e-22   77.1   0.1   178   265  1062  1150  1054  1175 0.89 length=1394	scaffold=gi527312496	strand=-
6674_g               -           1393 32347                -            442   2.1e-76  257.1   1.3   5   5   1.5e-40   2.5e-38  131.5   0.0   294   434  1251  1391  1224  1393 0.93 length=1394	scaffold=gi527312496	strand=-
10435_g              -            434 32347                -            442   2.1e-72  243.9   1.7   1   1   1.6e-74   2.7e-72  243.5   1.7    53   428    44   425     6   430 0.88 length=435	scaffold=gi528858384	strand=+
12824_g              -            434 32347                -            442   2.1e-72  243.9   1.7   1   1   1.6e-74   2.7e-72  243.5   1.7    53   428    44   425     6   430 0.88 length=435	scaffold=gi527308853	strand=-
1128_g               -            470 32347                -            442   1.3e-71  241.2   0.0   1   2   1.9e-25   3.3e-23   81.7   0.0    81   228    44   185    40   196 0.91 length=471	scaffold=gi528858393	strand=+
1128_g               -            470 32347                -            442   1.3e-71  241.2   0.0   2   2   1.7e-48     3e-46  157.7   0.0   218   439   197   420   192   423 0.91 length=471	scaffold=gi528858393	strand=+
1510_g               -            470 32347                -            442   1.3e-71  241.2   0.0   1   2   1.9e-25   3.3e-23   81.7   0.0    81   228    44   185    40   196 0.91 length=471	scaffold=gi527315005	strand=-
1510_g               -            470 32347                -            442   1.3e-71  241.2   0.0   2   2   1.7e-48     3e-46  157.7   0.0   218   439   197   420   192   423 0.91 length=471	scaffold=gi527315005	strand=-
10648_g              -            962 32347                -            442   1.5e-70  237.8   0.0   1   2   1.7e-42     3e-40  137.9   0.0    60   254   232   434   225   449 0.90 length=963	scaffold=gi528858383	strand=+
10648_g              -            962 32347                -            442   1.5e-70  237.8   0.0   2   2   3.3e-30   5.7e-28   97.4   0.1   275   419   481   627   464   633 0.89 length=963	scaffold=gi528858383	strand=+
11445_g              -            962 32347                -            442   1.5e-70  237.8   0.0   1   2   1.7e-42     3e-40  137.9   0.0    60   254   232   434   225   449 0.90 length=963	scaffold=gi527307902	strand=+
11445_g              -            962 32347                -            442   1.5e-70  237.8   0.0   2   2   3.3e-30   5.7e-28   97.4   0.1   275   419   481   627   464   633 0.89 length=963	scaffold=gi527307902	strand=+
10112_g              -            569 32347                -            442   1.2e-69  234.8   0.0   1   1   8.8e-72   1.5e-69  234.4   0.0    63   415    96   445    42   455 0.91 length=570	scaffold=gi528858384	strand=-
12409_g              -            569 32347                -            442   1.2e-69  234.8   0.0   1   1   8.8e-72   1.5e-69  234.4   0.0    63   415    96   445    42   455 0.91 length=570	scaffold=gi527308984	strand=+
6071_g               -           1023 32347                -            442   9.4e-69  231.8   0.2   1   2      0.11        20    3.4   0.0    58    93   677   712   659   715 0.84 length=1024	scaffold=gi528858388	strand=+
6071_g               -           1023 32347                -            442   9.4e-69  231.8   0.2   2   2   3.1e-69   5.4e-67  226.0   0.6   126   432   717  1022   713  1023 0.95 length=1024	scaffold=gi528858388	strand=+
6181_g               -           1035 32347                -            442   9.7e-69  231.8   0.2   1   2      0.11        20    3.4   0.0    58    93   689   724   671   727 0.84 length=1036	scaffold=gi527312496	strand=-
6181_g               -           1035 32347                -            442   9.7e-69  231.8   0.2   2   2   3.2e-69   5.5e-67  226.0   0.6   126   432   729  1034   725  1035 0.95 length=1036	scaffold=gi527312496	strand=-
12664_g              -            840 32347                -            442   6.4e-68  229.1   0.0   1   1   5.6e-70   9.7e-68  228.5   0.0    58   412   121   497    89   501 0.88 length=841	scaffold=gi527308984	strand=+
9860_g               -            840 32347                -            442   6.4e-68  229.1   0.0   1   1   5.6e-70   9.7e-68  228.5   0.0    58   412   121   497    89   501 0.88 length=841	scaffold=gi528858384	strand=-
454_g                -           2499 32347                -            442   2.7e-67  227.0   0.0   1   2   3.9e-50   6.7e-48  163.1   0.0    62   349  1210  1492  1192  1496 0.94 length=2500	scaffold=gi528858395	strand=+
454_g                -           2499 32347                -            442   2.7e-67  227.0   0.0   2   2   2.5e-19   4.4e-17   61.5   0.0   348   418  1550  1620  1545  1628 0.93 length=2500	scaffold=gi528858395	strand=+
720_g                -           2499 32347                -            442   2.7e-67  227.0   0.0   1   2   3.9e-50   6.7e-48  163.1   0.0    62   349  1210  1492  1192  1496 0.94 length=2500	scaffold=gi527315607	strand=-
720_g                -           2499 32347                -            442   2.7e-67  227.0   0.0   2   2   2.5e-19   4.4e-17   61.5   0.0   348   418  1550  1620  1545  1628 0.93 length=2500	scaffold=gi527315607	strand=-
10113_g              -            453 32347                -            442   1.8e-66  224.3   0.1   1   1   1.4e-68   2.4e-66  223.9   0.1    54   408   103   448    87   452 0.92 length=454	scaffold=gi528858384	strand=-
12408_g              -            453 32347                -            442   1.8e-66  224.3   0.1   1   1   1.4e-68   2.4e-66  223.9   0.1    54   408   103   448    87   452 0.92 length=454	scaffold=gi527308984	strand=+
142_g                -            614 32347                -            442   7.7e-61  205.7   0.0   1   1     7e-63   1.2e-60  205.1   0.0    59   404   263   612   251   614 0.90 length=615	scaffold=gi528858396	strand=-
249_g                -            614 32347                -            442   7.7e-61  205.7   0.0   1   1     7e-63   1.2e-60  205.1   0.0    59   404   263   612   251   614 0.90 length=615	scaffold=gi527315854	strand=+
2611_g               -            841 32347                -            442   3.6e-52  177.2   0.1   1   2   6.9e-26   1.2e-23   83.2   0.0    72   216   278   421   256   434 0.87 length=842	scaffold=gi528858386	strand=+
2611_g               -            841 32347                -            442   3.6e-52  177.2   0.1   2   2   1.6e-28   2.8e-26   91.8   0.0   274   417   547   693   505   712 0.91 length=842	scaffold=gi528858386	strand=+
3292_g               -            841 32347                -            442   3.6e-52  177.2   0.1   1   2   6.9e-26   1.2e-23   83.2   0.0    72   216   278   421   256   434 0.87 length=842	scaffold=gi527310881	strand=+
3292_g               -            841 32347                -            442   3.6e-52  177.2   0.1   2   2   1.6e-28   2.8e-26   91.8   0.0   274   417   547   693   505   712 0.91 length=842	scaffold=gi527310881	strand=+
1606_g               -            602 32347                -            442   3.2e-51  174.0   0.0   1   4   2.8e-13   4.9e-11   41.6   0.0    48   145   120   211    87   229 0.79 length=603	scaffold=gi527315322	strand=+
1606_g               -            602 32347                -            442   3.2e-51  174.0   0.0   2   4   9.3e-15   1.6e-12   46.5   0.0   178   282   261   365   241   371 0.88 length=603	scaffold=gi527315322	strand=+
1606_g               -            602 32347                -            442   3.2e-51  174.0   0.0   3   4     4e-15   6.9e-13   47.7   0.0   285   387   393   499   386   511 0.84 length=603	scaffold=gi527315322	strand=+
1606_g               -            602 32347                -            442   3.2e-51  174.0   0.0   4   4   1.2e-10   2.1e-08   32.9   0.0   379   434   540   598   537   601 0.87 length=603	scaffold=gi527315322	strand=+
789_g                -            602 32347                -            442   3.2e-51  174.0   0.0   1   4   2.8e-13   4.9e-11   41.6   0.0    48   145   120   211    87   229 0.79 length=603	scaffold=gi528858394	strand=+
789_g                -            602 32347                -            442   3.2e-51  174.0   0.0   2   4   9.3e-15   1.6e-12   46.5   0.0   178   282   261   365   241   371 0.88 length=603	scaffold=gi528858394	strand=+
789_g                -            602 32347                -            442   3.2e-51  174.0   0.0   3   4     4e-15   6.9e-13   47.7   0.0   285   387   393   499   386   511 0.84 length=603	scaffold=gi528858394	strand=+
789_g                -            602 32347                -            442   3.2e-51  174.0   0.0   4   4   1.2e-10   2.1e-08   32.9   0.0   379   434   540   598   537   601 0.87 length=603	scaffold=gi528858394	strand=+
13495_g              -           1072 32347                -            442   1.3e-40  139.1   0.0   1   4   1.4e-08   2.5e-06   26.1   0.0    59   123   308   372   303   376 0.93 length=1073	scaffold=gi527309735	strand=+
13495_g              -           1072 32347                -            442   1.3e-40  139.1   0.0   2   4   5.1e-06   0.00088   17.7   0.0   126   224   407   511   397   520 0.78 length=1073	scaffold=gi527309735	strand=+
13495_g              -           1072 32347                -            442   1.3e-40  139.1   0.0   3   4      0.54        93    1.1   0.0   229   258   541   571   535   582 0.80 length=1073	scaffold=gi527309735	strand=+
13495_g              -           1072 32347                -            442   1.3e-40  139.1   0.0   4   4   1.8e-27   3.1e-25   88.4   0.0   287   415   696   825   688   838 0.90 length=1073	scaffold=gi527309735	strand=+
9171_g               -           1072 32347                -            442   1.3e-40  139.1   0.0   1   4   1.4e-08   2.5e-06   26.1   0.0    59   123   308   372   303   376 0.93 length=1073	scaffold=gi528858385	strand=-
9171_g               -           1072 32347                -            442   1.3e-40  139.1   0.0   2   4   5.1e-06   0.00088   17.7   0.0   126   224   407   511   397   520 0.78 length=1073	scaffold=gi528858385	strand=-
9171_g               -           1072 32347                -            442   1.3e-40  139.1   0.0   3   4      0.54        93    1.1   0.0   229   258   541   571   535   582 0.80 length=1073	scaffold=gi528858385	strand=-
9171_g               -           1072 32347                -            442   1.3e-40  139.1   0.0   4   4   1.8e-27   3.1e-25   88.4   0.0   287   415   696   825   688   838 0.90 length=1073	scaffold=gi528858385	strand=-
5557_g               -            975 32347                -            442   2.7e-40  138.1   0.0   1   2   1.1e-21     2e-19   69.3   0.0    95   248   256   420   248   427 0.79 length=976	scaffold=gi528858388	strand=-
5557_g               -            975 32347                -            442   2.7e-40  138.1   0.0   2   2   1.4e-20   2.5e-18   65.6   0.0   297   393   557   652   534   657 0.86 length=976	scaffold=gi528858388	strand=-
6691_g               -            975 32347                -            442   2.7e-40  138.1   0.0   1   2   1.1e-21     2e-19   69.3   0.0    95   248   256   420   248   427 0.79 length=976	scaffold=gi527312496	strand=+
6691_g               -            975 32347                -            442   2.7e-40  138.1   0.0   2   2   1.4e-20   2.5e-18   65.6   0.0   297   393   557   652   534   657 0.86 length=976	scaffold=gi527312496	strand=+
4858_g               -           1900 32347                -            442   8.1e-39  133.2   0.0   1   4   6.8e-06    0.0012   17.3   0.0    37    95   539   598   515   602 0.86 length=1901	scaffold=gi528858389	strand=+
4858_g               -           1900 32347                -            442   8.1e-39  133.2   0.0   2   4   0.00082      0.14   10.4   0.0    95   114   662   681   655   696 0.85 length=1901	scaffold=gi528858389	strand=+
4858_g               -           1900 32347                -            442   8.1e-39  133.2   0.0   3   4   5.4e-11   9.3e-09   34.1   0.0   117   214   787   891   770   895 0.76 length=1901	scaffold=gi528858389	strand=+
4858_g               -           1900 32347                -            442   8.1e-39  133.2   0.0   4   4   1.6e-20   2.8e-18   65.5   0.0   352   439  1310  1398  1303  1400 0.94 length=1901	scaffold=gi528858389	strand=+
5330_g               -           1900 32347                -            442   8.1e-39  133.2   0.0   1   4   6.8e-06    0.0012   17.3   0.0    37    95   539   598   515   602 0.86 length=1901	scaffold=gi527313191	strand=+
5330_g               -           1900 32347                -            442   8.1e-39  133.2   0.0   2   4   0.00082      0.14   10.4   0.0    95   114   662   681   655   696 0.85 length=1901	scaffold=gi527313191	strand=+
5330_g               -           1900 32347                -            442   8.1e-39  133.2   0.0   3   4   5.4e-11   9.3e-09   34.1   0.0   117   214   787   891   770   895 0.76 length=1901	scaffold=gi527313191	strand=+
5330_g               -           1900 32347                -            442   8.1e-39  133.2   0.0   4   4   1.6e-20   2.8e-18   65.5   0.0   352   439  1310  1398  1303  1400 0.94 length=1901	scaffold=gi527313191	strand=+
7260_g               -            954 32347                -            442     2e-38  131.9   0.2   1   4   1.3e-10   2.3e-08   32.8   0.0    56   118   237   300   221   309 0.86 length=955	scaffold=gi528858387	strand=-
7260_g               -            954 32347                -            442     2e-38  131.9   0.2   2   4   5.2e-10     9e-08   30.9   0.1   124   197   376   450   366   458 0.88 length=955	scaffold=gi528858387	strand=-
7260_g               -            954 32347                -            442     2e-38  131.9   0.2   3   4     0.012         2    6.6   0.0   198   219   505   526   492   540 0.81 length=955	scaffold=gi528858387	strand=-
7260_g               -            954 32347                -            442     2e-38  131.9   0.2   4   4   1.3e-17   2.2e-15   55.9   0.0   326   404   749   827   732   845 0.93 length=955	scaffold=gi528858387	strand=-
7659_g               -            954 32347                -            442     2e-38  131.9   0.2   1   4   1.3e-10   2.3e-08   32.8   0.0    56   118   237   300   221   309 0.86 length=955	scaffold=gi527311550	strand=+
7659_g               -            954 32347                -            442     2e-38  131.9   0.2   2   4   5.2e-10     9e-08   30.9   0.1   124   197   376   450   366   458 0.88 length=955	scaffold=gi527311550	strand=+
7659_g               -            954 32347                -            442     2e-38  131.9   0.2   3   4     0.012         2    6.6   0.0   198   219   505   526   492   540 0.81 length=955	scaffold=gi527311550	strand=+
7659_g               -            954 32347                -            442     2e-38  131.9   0.2   4   4   1.3e-17   2.2e-15   55.9   0.0   326   404   749   827   732   845 0.93 length=955	scaffold=gi527311550	strand=+
1710_g               -           1766 32347                -            442   2.3e-38  131.7   0.0   1   4   9.2e-13   1.6e-10   39.9   0.0    66   176   602   732   590   742 0.75 length=1767	scaffold=gi527315322	strand=-
1710_g               -           1766 32347                -            442   2.3e-38  131.7   0.0   2   4   2.2e-15   3.8e-13   48.6   0.0   177   259   765   856   748   863 0.82 length=1767	scaffold=gi527315322	strand=-
1710_g               -           1766 32347                -            442   2.3e-38  131.7   0.0   3   4   1.7e-07   2.9e-05   22.6   0.0   293   351  1052  1111  1044  1116 0.90 length=1767	scaffold=gi527315322	strand=-
1710_g               -           1766 32347                -            442   2.3e-38  131.7   0.0   4   4   7.8e-05     0.013   13.8   0.0   346   371  1126  1151  1118  1153 0.86 length=1767	scaffold=gi527315322	strand=-
893_g                -           1766 32347                -            442   2.3e-38  131.7   0.0   1   4   9.2e-13   1.6e-10   39.9   0.0    66   176   602   732   590   742 0.75 length=1767	scaffold=gi528858394	strand=-
893_g                -           1766 32347                -            442   2.3e-38  131.7   0.0   2   4   2.2e-15   3.8e-13   48.6   0.0   177   259   765   856   748   863 0.82 length=1767	scaffold=gi528858394	strand=-
893_g                -           1766 32347                -            442   2.3e-38  131.7   0.0   3   4   1.7e-07   2.9e-05   22.6   0.0   293   351  1052  1111  1044  1116 0.90 length=1767	scaffold=gi528858394	strand=-
893_g                -           1766 32347                -            442   2.3e-38  131.7   0.0   4   4   7.8e-05     0.013   13.8   0.0   346   371  1126  1151  1118  1153 0.86 length=1767	scaffold=gi528858394	strand=-
4521_g               -           1247 32347                -            442   1.2e-37  129.4   0.1   1   4   5.3e-12   9.1e-10   37.4   0.0    77   145    99   164    90   170 0.91 length=1248	scaffold=gi528858390	strand=+
4521_g               -           1247 32347                -            442   1.2e-37  129.4   0.1   2   4   2.1e-09   3.7e-07   28.8   0.0   205   252   335   380   332   384 0.92 length=1248	scaffold=gi528858390	strand=+
4521_g               -           1247 32347                -            442   1.2e-37  129.4   0.1   3   4   5.9e-11     1e-08   34.0   0.0   267   367   431   534   420   538 0.87 length=1248	scaffold=gi528858390	strand=+
4521_g               -           1247 32347                -            442   1.2e-37  129.4   0.1   4   4   9.9e-08   1.7e-05   23.3   0.0   360   407   572   619   557   639 0.85 length=1248	scaffold=gi528858390	strand=+
8536_g               -           1247 32347                -            442   1.2e-37  129.4   0.1   1   4   5.3e-12   9.1e-10   37.4   0.0    77   145    99   164    90   170 0.91 length=1248	scaffold=gi527313757	strand=+
8536_g               -           1247 32347                -            442   1.2e-37  129.4   0.1   2   4   2.1e-09   3.7e-07   28.8   0.0   205   252   335   380   332   384 0.92 length=1248	scaffold=gi527313757	strand=+
8536_g               -           1247 32347                -            442   1.2e-37  129.4   0.1   3   4   5.9e-11     1e-08   34.0   0.0   267   367   431   534   420   538 0.87 length=1248	scaffold=gi527313757	strand=+
8536_g               -           1247 32347                -            442   1.2e-37  129.4   0.1   4   4   9.9e-08   1.7e-05   23.3   0.0   360   407   572   619   557   639 0.85 length=1248	scaffold=gi527313757	strand=+
5812_g               -           1541 32347                -            442   7.1e-35  120.2   0.0   1   4   5.8e-06     0.001   17.5   0.0    75   120   966  1019   962  1027 0.73 length=1542	scaffold=gi528858388	strand=+
5812_g               -           1541 32347                -            442   7.1e-35  120.2   0.0   2   4       0.8   1.4e+02    0.6   0.0   123   145  1081  1103  1077  1111 0.84 length=1542	scaffold=gi528858388	strand=+
5812_g               -           1541 32347                -            442   7.1e-35  120.2   0.0   3   4   3.7e-09   6.4e-07   28.1   0.0   169   230  1168  1230  1152  1236 0.82 length=1542	scaffold=gi528858388	strand=+
5812_g               -           1541 32347                -            442   7.1e-35  120.2   0.0   4   4   2.7e-21   4.7e-19   68.0   0.0   276   421  1330  1486  1319  1496 0.75 length=1542	scaffold=gi528858388	strand=+
6437_g               -           1541 32347                -            442   7.1e-35  120.2   0.0   1   4   5.8e-06     0.001   17.5   0.0    75   120   966  1019   962  1027 0.73 length=1542	scaffold=gi527312496	strand=-
6437_g               -           1541 32347                -            442   7.1e-35  120.2   0.0   2   4       0.8   1.4e+02    0.6   0.0   123   145  1081  1103  1077  1111 0.84 length=1542	scaffold=gi527312496	strand=-
6437_g               -           1541 32347                -            442   7.1e-35  120.2   0.0   3   4   3.7e-09   6.4e-07   28.1   0.0   169   230  1168  1230  1152  1236 0.82 length=1542	scaffold=gi527312496	strand=-
6437_g               -           1541 32347                -            442   7.1e-35  120.2   0.0   4   4   2.7e-21   4.7e-19   68.0   0.0   276   421  1330  1486  1319  1496 0.75 length=1542	scaffold=gi527312496	strand=-
5878_g               -            992 32347                -            442     6e-31  107.2   0.0   1   2   1.4e-18   2.4e-16   59.1   0.0    81   359   323   615   312   617 0.83 length=993	scaffold=gi528858388	strand=-
5878_g               -            992 32347                -            442     6e-31  107.2   0.0   2   2     3e-14   5.3e-12   44.8   0.0   360   432   708   783   703   791 0.83 length=993	scaffold=gi528858388	strand=-
6372_g               -            992 32347                -            442     6e-31  107.2   0.0   1   2   1.4e-18   2.4e-16   59.1   0.0    81   359   323   615   312   617 0.83 length=993	scaffold=gi527312496	strand=+
6372_g               -            992 32347                -            442     6e-31  107.2   0.0   2   2     3e-14   5.3e-12   44.8   0.0   360   432   708   783   703   791 0.83 length=993	scaffold=gi527312496	strand=+
11141_g              -           1619 32347                -            442   7.2e-31  107.0   0.0   1   4   0.00012      0.02   13.2   0.0    98   146   540   591   526   599 0.78 length=1620	scaffold=gi528858383	strand=-
11141_g              -           1619 32347                -            442   7.2e-31  107.0   0.0   2   4   3.1e-12   5.3e-10   38.2   0.0   163   230   708   776   702   790 0.85 length=1620	scaffold=gi528858383	strand=-
11141_g              -           1619 32347                -            442   7.2e-31  107.0   0.0   3   4   4.8e-05    0.0083   14.5   0.0   326   365  1106  1146  1091  1154 0.84 length=1620	scaffold=gi528858383	strand=-
11141_g              -           1619 32347                -            442   7.2e-31  107.0   0.0   4   4   3.4e-11   5.9e-09   34.8   0.0   366   410  1238  1282  1226  1290 0.88 length=1620	scaffold=gi528858383	strand=-
11938_g              -           1619 32347                -            442   7.2e-31  107.0   0.0   1   4   0.00012      0.02   13.2   0.0    98   146   540   591   526   599 0.78 length=1620	scaffold=gi527307902	strand=-
11938_g              -           1619 32347                -            442   7.2e-31  107.0   0.0   2   4   3.1e-12   5.3e-10   38.2   0.0   163   230   708   776   702   790 0.85 length=1620	scaffold=gi527307902	strand=-
11938_g              -           1619 32347                -            442   7.2e-31  107.0   0.0   3   4   4.8e-05    0.0083   14.5   0.0   326   365  1106  1146  1091  1154 0.84 length=1620	scaffold=gi527307902	strand=-
11938_g              -           1619 32347                -            442   7.2e-31  107.0   0.0   4   4   3.4e-11   5.9e-09   34.8   0.0   366   410  1238  1282  1226  1290 0.88 length=1620	scaffold=gi527307902	strand=-
781_g                -            982 32347                -            442     8e-30  103.5   0.0   1   4      0.72   1.2e+02    0.7   0.0    59    88     9    38     1    45 0.81 length=983	scaffold=gi527315607	strand=-
781_g                -            982 32347                -            442     8e-30  103.5   0.0   2   4   1.1e-13     2e-11   42.9   0.0   129   247   408   539   393   556 0.80 length=983	scaffold=gi527315607	strand=-
781_g                -            982 32347                -            442     8e-30  103.5   0.0   3   4       8.3   1.4e+03   -2.8   0.0   323   343   846   866   841   871 0.84 length=983	scaffold=gi527315607	strand=-
781_g                -            982 32347                -            442     8e-30  103.5   0.0   4   4   2.8e-17   4.8e-15   54.8   0.0   332   405   903   976   894   981 0.90 length=983	scaffold=gi527315607	strand=-
4813_g               -           1834 32347                -            442   4.5e-25   87.9   0.0   1   4   5.6e-08   9.7e-06   24.2   0.0    58   115   445   502   430   506 0.92 length=1835	scaffold=gi528858389	strand=+
4813_g               -           1834 32347                -            442   4.5e-25   87.9   0.0   2   4      0.43        75    1.5   0.0   177   214   951   988   938   994 0.87 length=1835	scaffold=gi528858389	strand=+
4813_g               -           1834 32347                -            442   4.5e-25   87.9   0.0   3   4   0.00055     0.095   11.0   0.0   270   344  1191  1266  1180  1272 0.88 length=1835	scaffold=gi528858389	strand=+
4813_g               -           1834 32347                -            442   4.5e-25   87.9   0.0   4   4   2.3e-14   3.9e-12   45.2   0.0   351   393  1315  1357  1310  1366 0.94 length=1835	scaffold=gi528858389	strand=+
5285_g               -           1834 32347                -            442   4.5e-25   87.9   0.0   1   4   5.6e-08   9.7e-06   24.2   0.0    58   115   445   502   430   506 0.92 length=1835	scaffold=gi527313191	strand=+
5285_g               -           1834 32347                -            442   4.5e-25   87.9   0.0   2   4      0.43        75    1.5   0.0   177   214   951   988   938   994 0.87 length=1835	scaffold=gi527313191	strand=+
5285_g               -           1834 32347                -            442   4.5e-25   87.9   0.0   3   4   0.00055     0.095   11.0   0.0   270   344  1191  1266  1180  1272 0.88 length=1835	scaffold=gi527313191	strand=+
5285_g               -           1834 32347                -            442   4.5e-25   87.9   0.0   4   4   2.3e-14   3.9e-12   45.2   0.0   351   393  1315  1357  1310  1366 0.94 length=1835	scaffold=gi527313191	strand=+
2053_g               -           1624 32347                -            442   2.7e-24   85.3   0.2   1   5   2.4e-08   4.1e-06   25.4   0.0    98   153   597   656   589   663 0.85 length=1625	scaffold=gi528858392	strand=-
2053_g               -           1624 32347                -            442   2.7e-24   85.3   0.2   2   5       7.4   1.3e+03   -2.6   0.0   179   194   802   817   798   821 0.86 length=1625	scaffold=gi528858392	strand=-
2053_g               -           1624 32347                -            442   2.7e-24   85.3   0.2   3   5     0.053       9.2    4.5   0.0   196   225   850   879   844   889 0.80 length=1625	scaffold=gi528858392	strand=-
2053_g               -           1624 32347                -            442   2.7e-24   85.3   0.2   4   5       2.7   4.7e+02   -1.2   0.0   236   295   924   985   915  1006 0.81 length=1625	scaffold=gi528858392	strand=-
2053_g               -           1624 32347                -            442   2.7e-24   85.3   0.2   5   5   1.4e-15   2.4e-13   49.2   0.0   334   392  1248  1306  1237  1311 0.95 length=1625	scaffold=gi528858392	strand=-
2205_g               -           1624 32347                -            442   2.7e-24   85.3   0.2   1   5   2.4e-08   4.1e-06   25.4   0.0    98   153   597   656   589   663 0.85 length=1625	scaffold=gi527314726	strand=+
2205_g               -           1624 32347                -            442   2.7e-24   85.3   0.2   2   5       7.4   1.3e+03   -2.6   0.0   179   194   802   817   798   821 0.86 length=1625	scaffold=gi527314726	strand=+
2205_g               -           1624 32347                -            442   2.7e-24   85.3   0.2   3   5     0.053       9.2    4.5   0.0   196   225   850   879   844   889 0.80 length=1625	scaffold=gi527314726	strand=+
2205_g               -           1624 32347                -            442   2.7e-24   85.3   0.2   4   5       2.7   4.7e+02   -1.2   0.0   236   295   924   985   915  1006 0.81 length=1625	scaffold=gi527314726	strand=+
2205_g               -           1624 32347                -            442   2.7e-24   85.3   0.2   5   5   1.4e-15   2.4e-13   49.2   0.0   334   392  1248  1306  1237  1311 0.95 length=1625	scaffold=gi527314726	strand=+
13291_g              -           4932 32347                -            442   8.2e-23   80.4   0.1   1   3   7.8e-11   1.3e-08   33.6   0.1    96   149   947  1002   942  1009 0.89 length=4933	scaffold=gi527309735	strand=+
13291_g              -           4932 32347                -            442   8.2e-23   80.4   0.1   2   3   1.7e-08   2.9e-06   25.9   0.0   156   215  1043  1109  1035  1112 0.84 length=4933	scaffold=gi527309735	strand=+
13291_g              -           4932 32347                -            442   8.2e-23   80.4   0.1   3   3     1e-05    0.0018   16.7   0.0   331   386  1649  1704  1622  1722 0.87 length=4933	scaffold=gi527309735	strand=+
9378_g               -           4932 32347                -            442   8.2e-23   80.4   0.1   1   3   7.8e-11   1.3e-08   33.6   0.1    96   149   947  1002   942  1009 0.89 length=4933	scaffold=gi528858385	strand=-
9378_g               -           4932 32347                -            442   8.2e-23   80.4   0.1   2   3   1.7e-08   2.9e-06   25.9   0.0   156   215  1043  1109  1035  1112 0.84 length=4933	scaffold=gi528858385	strand=-
9378_g               -           4932 32347                -            442   8.2e-23   80.4   0.1   3   3     1e-05    0.0018   16.7   0.0   331   386  1649  1704  1622  1722 0.87 length=4933	scaffold=gi528858385	strand=-
4721_g               -           1056 32347                -            442   1.1e-19   70.1   0.0   1   4     1e-05    0.0018   16.7   0.0    84   116   157   189   122   193 0.93 length=1057	scaffold=gi528858389	strand=+
4721_g               -           1056 32347                -            442   1.1e-19   70.1   0.0   2   4     0.089        15    3.7   0.0   130   145   308   323   295   336 0.81 length=1057	scaffold=gi528858389	strand=+
4721_g               -           1056 32347                -            442   1.1e-19   70.1   0.0   3   4   1.4e-05    0.0024   16.2   0.0   179   229   421   478   391   536 0.78 length=1057	scaffold=gi528858389	strand=+
4721_g               -           1056 32347                -            442   1.1e-19   70.1   0.0   4   4   7.7e-09   1.3e-06   27.0   0.0   329   378   640   691   633   694 0.88 length=1057	scaffold=gi528858389	strand=+
5193_g               -           1056 32347                -            442   1.1e-19   70.1   0.0   1   4     1e-05    0.0018   16.7   0.0    84   116   157   189   122   193 0.93 length=1057	scaffold=gi527313191	strand=+
5193_g               -           1056 32347                -            442   1.1e-19   70.1   0.0   2   4     0.089        15    3.7   0.0   130   145   308   323   295   336 0.81 length=1057	scaffold=gi527313191	strand=+
5193_g               -           1056 32347                -            442   1.1e-19   70.1   0.0   3   4   1.4e-05    0.0024   16.2   0.0   179   229   421   478   391   536 0.78 length=1057	scaffold=gi527313191	strand=+
5193_g               -           1056 32347                -            442   1.1e-19   70.1   0.0   4   4   7.7e-09   1.3e-06   27.0   0.0   329   378   640   691   633   694 0.88 length=1057	scaffold=gi527313191	strand=+
6061_g               -           2863 32347                -            442   1.4e-18   66.4   0.0   1   6      0.27        47    2.1   0.0    58    90   339   371   318   381 0.87 length=2864	scaffold=gi528858388	strand=-
6061_g               -           2863 32347                -            442   1.4e-18   66.4   0.0   2   6      0.19        33    2.6   0.0    89   117   457   485   445   500 0.85 length=2864	scaffold=gi528858388	strand=-
6061_g               -           2863 32347                -            442   1.4e-18   66.4   0.0   3   6    0.0065       1.1    7.5   0.0   122   150   546   574   539   584 0.84 length=2864	scaffold=gi528858388	strand=-
6061_g               -           2863 32347                -            442   1.4e-18   66.4   0.0   4   6     0.002      0.35    9.1   0.0   202   225  1024  1047  1015  1067 0.86 length=2864	scaffold=gi528858388	strand=-
6061_g               -           2863 32347                -            442   1.4e-18   66.4   0.0   5   6   3.3e-09   5.6e-07   28.2   0.0   284   378  1643  1737  1634  1739 0.95 length=2864	scaffold=gi528858388	strand=-
6061_g               -           2863 32347                -            442   1.4e-18   66.4   0.0   6   6    0.0077       1.3    7.2   0.0   382   419  1829  1866  1824  1887 0.82 length=2864	scaffold=gi528858388	strand=-
6191_g               -           2863 32347                -            442   1.4e-18   66.4   0.0   1   6      0.27        47    2.1   0.0    58    90   339   371   318   381 0.87 length=2864	scaffold=gi527312496	strand=+
6191_g               -           2863 32347                -            442   1.4e-18   66.4   0.0   2   6      0.19        33    2.6   0.0    89   117   457   485   445   500 0.85 length=2864	scaffold=gi527312496	strand=+
6191_g               -           2863 32347                -            442   1.4e-18   66.4   0.0   3   6    0.0065       1.1    7.5   0.0   122   150   546   574   539   584 0.84 length=2864	scaffold=gi527312496	strand=+
6191_g               -           2863 32347                -            442   1.4e-18   66.4   0.0   4   6     0.002      0.35    9.1   0.0   202   225  1024  1047  1015  1067 0.86 length=2864	scaffold=gi527312496	strand=+
6191_g               -           2863 32347                -            442   1.4e-18   66.4   0.0   5   6   3.3e-09   5.6e-07   28.2   0.0   284   378  1643  1737  1634  1739 0.95 length=2864	scaffold=gi527312496	strand=+
6191_g               -           2863 32347                -            442   1.4e-18   66.4   0.0   6   6    0.0077       1.3    7.2   0.0   382   419  1829  1866  1824  1887 0.82 length=2864	scaffold=gi527312496	strand=+
395_g                -           1394 32347                -            442   3.6e-18   65.1   0.0   1   3       1.2   2.1e+02   -0.0   0.0    60    88    10    38     2    45 0.82 length=1395	scaffold=gi528858395	strand=+
395_g                -           1394 32347                -            442   3.6e-18   65.1   0.0   2   3   1.9e-13   3.2e-11   42.2   0.0   129   247   408   539   393   555 0.80 length=1395	scaffold=gi528858395	strand=+
395_g                -           1394 32347                -            442   3.6e-18   65.1   0.0   3   3     5e-06   0.00086   17.7   0.1   332   366   903   937   894   942 0.87 length=1395	scaffold=gi528858395	strand=+
7501_g               -           1507 32347                -            442   5.2e-15   54.7   0.0   1   2   3.3e-10   5.7e-08   31.5   0.0    89   169   720   794   713   838 0.83 length=1508	scaffold=gi527311550	strand=+
7501_g               -           1507 32347                -            442   5.2e-15   54.7   0.0   2   2   5.2e-07     9e-05   21.0   0.0   211   297  1098  1185  1093  1203 0.87 length=1508	scaffold=gi527311550	strand=+
4372_g               -           1588 32347                -            442     1e-11   43.8   0.2   1   4   5.3e-07   9.1e-05   20.9   0.0    70   120   358   408   345   416 0.83 length=1589	scaffold=gi528858390	strand=+
4372_g               -           1588 32347                -            442     1e-11   43.8   0.2   2   4     0.022       3.9    5.7   0.0   124   146   495   517   483   523 0.84 length=1589	scaffold=gi528858390	strand=+
4372_g               -           1588 32347                -            442     1e-11   43.8   0.2   3   4      0.48        84    1.3   0.0   199   215   738   754   713   763 0.90 length=1589	scaffold=gi528858390	strand=+
4372_g               -           1588 32347                -            442     1e-11   43.8   0.2   4   4    0.0011       0.2   10.0   0.0   346   403  1244  1302  1237  1322 0.79 length=1589	scaffold=gi528858390	strand=+
8237_g               -           1588 32347                -            442     1e-11   43.8   0.2   1   4   5.3e-07   9.1e-05   20.9   0.0    70   120   358   408   345   416 0.83 length=1589	scaffold=gi527313991	strand=-
8237_g               -           1588 32347                -            442     1e-11   43.8   0.2   2   4     0.022       3.9    5.7   0.0   124   146   495   517   483   523 0.84 length=1589	scaffold=gi527313991	strand=-
8237_g               -           1588 32347                -            442     1e-11   43.8   0.2   3   4      0.48        84    1.3   0.0   199   215   738   754   713   763 0.90 length=1589	scaffold=gi527313991	strand=-
8237_g               -           1588 32347                -            442     1e-11   43.8   0.2   4   4    0.0011       0.2   10.0   0.0   346   403  1244  1302  1237  1322 0.79 length=1589	scaffold=gi527313991	strand=-
7419_g               -           1194 32347                -            442   1.6e-10   39.9   0.0   1   2   2.4e-10   4.1e-08   32.0   0.0    89   169   745   819   737   863 0.83 length=1195	scaffold=gi528858387	strand=-
7419_g               -           1194 32347                -            442   1.6e-10   39.9   0.0   2   2     0.021       3.7    5.8   0.0   211   250  1123  1160  1118  1171 0.85 length=1195	scaffold=gi528858387	strand=-
5875_g               -           1651 32347                -            442   4.1e-08   32.0   0.0   1   2     0.044       7.6    4.7   0.0    71   109    96   134    68   139 0.84 length=1652	scaffold=gi528858388	strand=-
5875_g               -           1651 32347                -            442   4.1e-08   32.0   0.0   2   2   4.3e-08   7.4e-06   24.5   0.0   301   408   428   535   405   545 0.88 length=1652	scaffold=gi528858388	strand=-
6375_g               -           1651 32347                -            442   4.1e-08   32.0   0.0   1   2     0.044       7.6    4.7   0.0    71   109    96   134    68   139 0.84 length=1652	scaffold=gi527312496	strand=+
6375_g               -           1651 32347                -            442   4.1e-08   32.0   0.0   2   2   4.3e-08   7.4e-06   24.5   0.0   301   408   428   535   405   545 0.88 length=1652	scaffold=gi527312496	strand=+
2696_g               -           1972 32347                -            442   4.4e-08   31.9   0.2   1   2      0.33        58    1.8   0.0    82   112   853   883   846   888 0.90 length=1973	scaffold=gi528858386	strand=+
2696_g               -           1972 32347                -            442   4.4e-08   31.9   0.2   2   2   4.9e-09   8.5e-07   27.6   0.0   303   416  1183  1297  1167  1304 0.88 length=1973	scaffold=gi528858386	strand=+
3377_g               -           1972 32347                -            442   4.4e-08   31.9   0.2   1   2      0.33        58    1.8   0.0    82   112   853   883   846   888 0.90 length=1973	scaffold=gi527310881	strand=+
3377_g               -           1972 32347                -            442   4.4e-08   31.9   0.2   2   2   4.9e-09   8.5e-07   27.6   0.0   303   416  1183  1297  1167  1304 0.88 length=1973	scaffold=gi527310881	strand=+
3102_g               -           1765 32347                -            442     4e-06   25.4   0.0   1   1   3.6e-08   6.2e-06   24.8   0.0   303   397   948  1042   924  1061 0.90 length=1766	scaffold=gi528858386	strand=+
3783_g               -           1765 32347                -            442     4e-06   25.4   0.0   1   1   3.6e-08   6.2e-06   24.8   0.0   303   397   948  1042   924  1061 0.90 length=1766	scaffold=gi527310709	strand=+
574_g                -           1518 32347                -            442   4.7e-05   21.9   0.1   1   1   5.2e-07   8.9e-05   21.0   0.1   289   390   877   985   863  1011 0.79 length=1519	scaffold=gi528858395	strand=+
599_g                -           1518 32347                -            442   4.7e-05   21.9   0.1   1   1   5.2e-07   8.9e-05   21.0   0.1   289   390   877   985   863  1011 0.79 length=1519	scaffold=gi527315607	strand=-
12585_g              -           2101 32347                -            442   0.00063   18.2   0.0   1   1   5.8e-06     0.001   17.5   0.0   299   394  1779  1875  1774  1890 0.86 length=2102	scaffold=gi527308984	strand=+
9938_g               -           2101 32347                -            442   0.00063   18.2   0.0   1   1   5.8e-06     0.001   17.5   0.0   299   394  1779  1875  1774  1890 0.86 length=2102	scaffold=gi528858384	strand=-
4605_g               -           2948 32347                -            442    0.0046   15.3   0.0   1   1   4.5e-05    0.0078   14.6   0.0   291   391  2583  2690  2563  2718 0.80 length=2949	scaffold=gi528858389	strand=-
5077_g               -           2948 32347                -            442    0.0046   15.3   0.0   1   1   4.5e-05    0.0078   14.6   0.0   291   391  2583  2690  2563  2718 0.80 length=2949	scaffold=gi527313191	strand=-
11217_g              -           2854 32347                -            442     0.039   12.3   0.0   1   1   0.00043     0.074   11.4   0.0   298   388  1712  1811  1679  1831 0.78 length=2855	scaffold=gi528858383	strand=+
12014_g              -           2854 32347                -            442     0.039   12.3   0.0   1   1   0.00043     0.074   11.4   0.0   298   388  1712  1811  1679  1831 0.78 length=2855	scaffold=gi527307902	strand=+
11285_g              -           1660 32347                -            442     0.095   11.0   0.0   1   1   0.00084      0.15   10.4   0.0   293   344  1380  1432  1367  1444 0.83 length=1661	scaffold=gi528858383	strand=+
12082_g              -           1660 32347                -            442     0.095   11.0   0.0   1   1   0.00084      0.15   10.4   0.0   293   344  1380  1432  1367  1444 0.83 length=1661	scaffold=gi527307902	strand=+
10809_g              -           5363 32347                -            442      0.22    9.8   0.0   1   1     0.002      0.35    9.1   0.0   335   394  2899  2960  2895  2970 0.78 length=5364	scaffold=gi528858383	strand=+
11606_g              -           5363 32347                -            442      0.22    9.8   0.0   1   1     0.002      0.35    9.1   0.0   335   394  2899  2960  2895  2970 0.78 length=5364	scaffold=gi527307902	strand=+
#
# Program:         hmmsearch
# Version:         3.4 (Aug 2023)
# Pipeline mode:   SEARCH
# Query file:      /home/inf-20-2025/Malaria/busco_downloads/lineages/apicomplexa_odb12/hmms/32347at5794.hmm
# Target file:     /home/inf-20-2025/Malaria/Results/6_nobird_annotation/T_gondii.faa
# Option settings: hmmsearch --domtblout Results/8_busco/T_gondii/run_apicomplexa_odb12/hmmer_output/initial_run_results/32347at5794.out --cpu 1 /home/inf-20-2025/Malaria/busco_downloads/lineages/apicomplexa_odb12/hmms/32347at5794.hmm /home/inf-20-2025/Malaria/Results/6_nobird_annotation/T_gondii.faa 
# Current dir:     /home/inf-20-2025/Malaria
# Date:            Wed Mar  4 18:33:06 2026
# [ok]
