#                                                                            --- full sequence --- -------------- this domain -------------   hmm coord   ali coord   env coord
# target name        accession   tlen query name           accession   qlen   E-value  score  bias   #  of  c-Evalue  i-Evalue  score  bias  from    to  from    to  from    to  acc description of target
#------------------- ---------- ----- -------------------- ---------- ----- --------- ------ ----- --- --- --------- --------- ------ ----- ----- ----- ----- ----- ----- ----- ---- ---------------------
10066_g              -           1320 32662                -           1014         0 1692.4   6.6   1   5   3.2e-25   2.3e-22   78.5   0.2     1    85     1    85     1   122 0.85 length=1321	scaffold=gi528858384	strand=+
10066_g              -           1320 32662                -           1014         0 1692.4   6.6   2   5   3.8e-12   2.8e-09   35.2   0.5    77   145   124   192    97   204 0.87 length=1321	scaffold=gi528858384	strand=+
10066_g              -           1320 32662                -           1014         0 1692.4   6.6   3   5     2e-11   1.4e-08   32.8   0.0   135   206   243   318   208   346 0.80 length=1321	scaffold=gi528858384	strand=+
10066_g              -           1320 32662                -           1014         0 1692.4   6.6   4   5    1e-237  7.2e-235  781.9   0.0   218   650   429   886   423   894 0.94 length=1321	scaffold=gi528858384	strand=+
10066_g              -           1320 32662                -           1014         0 1692.4   6.6   5   5  4.6e-232  3.3e-229  763.2   0.1   649  1014   951  1320   949  1320 0.98 length=1321	scaffold=gi528858384	strand=+
12455_g              -           1320 32662                -           1014         0 1692.4   6.6   1   5   3.2e-25   2.3e-22   78.5   0.2     1    85     1    85     1   122 0.85 length=1321	scaffold=gi527308984	strand=-
12455_g              -           1320 32662                -           1014         0 1692.4   6.6   2   5   3.8e-12   2.8e-09   35.2   0.5    77   145   124   192    97   204 0.87 length=1321	scaffold=gi527308984	strand=-
12455_g              -           1320 32662                -           1014         0 1692.4   6.6   3   5     2e-11   1.4e-08   32.8   0.0   135   206   243   318   208   346 0.80 length=1321	scaffold=gi527308984	strand=-
12455_g              -           1320 32662                -           1014         0 1692.4   6.6   4   5    1e-237  7.2e-235  781.9   0.0   218   650   429   886   423   894 0.94 length=1321	scaffold=gi527308984	strand=-
12455_g              -           1320 32662                -           1014         0 1692.4   6.6   5   5  4.6e-232  3.3e-229  763.2   0.1   649  1014   951  1320   949  1320 0.98 length=1321	scaffold=gi527308984	strand=-
6992_g               -            958 32662                -           1014  2.3e-264  879.6   0.0   1   1  4.3e-267  3.1e-264  879.2   0.0   354  1000   271   931   263   941 0.94 length=959	scaffold=gi528858387	strand=+
7920_g               -            958 32662                -           1014  2.3e-264  879.6   0.0   1   1  4.3e-267  3.1e-264  879.2   0.0   354  1000   271   931   263   941 0.94 length=959	scaffold=gi527311550	strand=-
5833_g               -           1513 32662                -           1014  1.4e-263  877.0   4.7   1   5   0.00029      0.21    9.1   0.5   195   271   270   346   239   355 0.84 length=1514	scaffold=gi528858388	strand=-
5833_g               -           1513 32662                -           1014  1.4e-263  877.0   4.7   2   5   3.2e-24   2.3e-21   75.1   0.1   267   408   388   527   383   531 0.72 length=1514	scaffold=gi528858388	strand=-
5833_g               -           1513 32662                -           1014  1.4e-263  877.0   4.7   3   5   1.9e-78   1.4e-75  254.7   0.0   410   569   581   740   576   743 0.98 length=1514	scaffold=gi528858388	strand=-
5833_g               -           1513 32662                -           1014  1.4e-263  877.0   4.7   4   5  2.9e-138  2.1e-135  452.7   0.0   570   870   807  1104   804  1108 0.98 length=1514	scaffold=gi528858388	strand=-
5833_g               -           1513 32662                -           1014  1.4e-263  877.0   4.7   5   5   3.1e-26   2.2e-23   81.8   0.0   870   964  1136  1233  1131  1237 0.94 length=1514	scaffold=gi528858388	strand=-
6415_g               -           1513 32662                -           1014  1.4e-263  877.0   4.7   1   5   0.00029      0.21    9.1   0.5   195   271   270   346   239   355 0.84 length=1514	scaffold=gi527312496	strand=+
6415_g               -           1513 32662                -           1014  1.4e-263  877.0   4.7   2   5   3.2e-24   2.3e-21   75.1   0.1   267   408   388   527   383   531 0.72 length=1514	scaffold=gi527312496	strand=+
6415_g               -           1513 32662                -           1014  1.4e-263  877.0   4.7   3   5   1.9e-78   1.4e-75  254.7   0.0   410   569   581   740   576   743 0.98 length=1514	scaffold=gi527312496	strand=+
6415_g               -           1513 32662                -           1014  1.4e-263  877.0   4.7   4   5  2.9e-138  2.1e-135  452.7   0.0   570   870   807  1104   804  1108 0.98 length=1514	scaffold=gi527312496	strand=+
6415_g               -           1513 32662                -           1014  1.4e-263  877.0   4.7   5   5   3.1e-26   2.2e-23   81.8   0.0   870   964  1136  1233  1131  1237 0.94 length=1514	scaffold=gi527312496	strand=+
10427_g              -            862 32662                -           1014  5.6e-187  623.4   0.0   1   2   3.9e-97   2.8e-94  316.5   0.0   348   598   216   483   125   489 0.82 length=863	scaffold=gi528858384	strand=+
10427_g              -            862 32662                -           1014  5.6e-187  623.4   0.0   2   2   2.6e-93   1.9e-90  303.9   0.0   606   888   547   832   532   846 0.96 length=863	scaffold=gi528858384	strand=+
12832_g              -            862 32662                -           1014  5.6e-187  623.4   0.0   1   2   3.9e-97   2.8e-94  316.5   0.0   348   598   216   483   125   489 0.82 length=863	scaffold=gi527308853	strand=-
12832_g              -            862 32662                -           1014  5.6e-187  623.4   0.0   2   2   2.6e-93   1.9e-90  303.9   0.0   606   888   547   832   532   846 0.96 length=863	scaffold=gi527308853	strand=-
5600_g               -            588 32662                -           1014    5e-154  514.3   6.8   1   2   6.1e-29   4.4e-26   90.8   0.3   593   671    67   144    44   147 0.86 length=589	scaffold=gi528858388	strand=+
5600_g               -            588 32662                -           1014    5e-154  514.3   6.8   2   2  2.2e-130  1.6e-127  426.6   0.0   681   986   262   569   253   586 0.96 length=589	scaffold=gi528858388	strand=+
6648_g               -            588 32662                -           1014    5e-154  514.3   6.8   1   2   6.1e-29   4.4e-26   90.8   0.3   593   671    67   144    44   147 0.86 length=589	scaffold=gi527312496	strand=-
6648_g               -            588 32662                -           1014    5e-154  514.3   6.8   2   2  2.2e-130  1.6e-127  426.6   0.0   681   986   262   569   253   586 0.96 length=589	scaffold=gi527312496	strand=-
5599_g               -            910 32662                -           1014   3.8e-89  299.5  18.5   1   4       1.8   1.3e+03   -3.4   3.2   102   144    86   120    53   150 0.38 length=911	scaffold=gi528858388	strand=+
5599_g               -            910 32662                -           1014   3.8e-89  299.5  18.5   2   4     0.015        11    3.4   3.0    11   185   207   379   202   542 0.57 length=911	scaffold=gi528858388	strand=+
5599_g               -            910 32662                -           1014   3.8e-89  299.5  18.5   3   4   1.4e-38     1e-35  122.7   0.0   355   440   614   699   563   702 0.92 length=911	scaffold=gi528858388	strand=+
5599_g               -            910 32662                -           1014   3.8e-89  299.5  18.5   4   4   7.2e-57   5.2e-54  183.2   0.1   468   595   783   910   781   910 0.98 length=911	scaffold=gi528858388	strand=+
6649_g               -            910 32662                -           1014   3.8e-89  299.5  18.5   1   4       1.8   1.3e+03   -3.4   3.2   102   144    86   120    53   150 0.38 length=911	scaffold=gi527312496	strand=-
6649_g               -            910 32662                -           1014   3.8e-89  299.5  18.5   2   4     0.015        11    3.4   3.0    11   185   207   379   202   542 0.57 length=911	scaffold=gi527312496	strand=-
6649_g               -            910 32662                -           1014   3.8e-89  299.5  18.5   3   4   1.4e-38     1e-35  122.7   0.0   355   440   614   699   563   702 0.92 length=911	scaffold=gi527312496	strand=-
6649_g               -            910 32662                -           1014   3.8e-89  299.5  18.5   4   4   7.2e-57   5.2e-54  183.2   0.1   468   595   783   910   781   910 0.98 length=911	scaffold=gi527312496	strand=-
242_g                -           1873 32662                -           1014   3.9e-86  289.6  11.2   1   6   8.8e-38   6.3e-35  120.1  12.4   309   510   576   803   334   805 0.74 length=1874	scaffold=gi527315854	strand=+
242_g                -           1873 32662                -           1014   3.9e-86  289.6  11.2   2   6   2.7e-05     0.019   12.5   0.0   510   570   887   951   882   954 0.85 length=1874	scaffold=gi527315854	strand=+
242_g                -           1873 32662                -           1014   3.9e-86  289.6  11.2   3   6    0.0022       1.6    6.2   0.0   569   594   986  1011   970  1023 0.80 length=1874	scaffold=gi527315854	strand=+
242_g                -           1873 32662                -           1014   3.9e-86  289.6  11.2   4   6   8.8e-35   6.4e-32  110.1   0.0   605   773  1201  1375  1194  1383 0.91 length=1874	scaffold=gi527315854	strand=+
242_g                -           1873 32662                -           1014   3.9e-86  289.6  11.2   5   6    0.0011       0.8    7.2   0.0   772   796  1409  1433  1402  1458 0.89 length=1874	scaffold=gi527315854	strand=+
242_g                -           1873 32662                -           1014   3.9e-86  289.6  11.2   6   6   2.4e-06    0.0017   16.0   0.0   929   972  1674  1719  1655  1730 0.82 length=1874	scaffold=gi527315854	strand=+
148_g                -           1911 32662                -           1014   4.6e-86  289.3  11.2   1   6     9e-38   6.5e-35  120.0  12.4   309   510   614   841   372   843 0.74 length=1912	scaffold=gi528858396	strand=-
148_g                -           1911 32662                -           1014   4.6e-86  289.3  11.2   2   6   2.7e-05      0.02   12.5   0.0   510   570   925   989   920   992 0.85 length=1912	scaffold=gi528858396	strand=-
148_g                -           1911 32662                -           1014   4.6e-86  289.3  11.2   3   6    0.0023       1.6    6.1   0.0   569   594  1024  1049  1008  1061 0.80 length=1912	scaffold=gi528858396	strand=-
148_g                -           1911 32662                -           1014   4.6e-86  289.3  11.2   4   6     9e-35   6.5e-32  110.1   0.0   605   773  1239  1413  1232  1421 0.91 length=1912	scaffold=gi528858396	strand=-
148_g                -           1911 32662                -           1014   4.6e-86  289.3  11.2   5   6    0.0011      0.81    7.1   0.0   772   796  1447  1471  1440  1496 0.89 length=1912	scaffold=gi528858396	strand=-
148_g                -           1911 32662                -           1014   4.6e-86  289.3  11.2   6   6   2.4e-06    0.0018   16.0   0.0   929   972  1712  1757  1693  1768 0.82 length=1912	scaffold=gi528858396	strand=-
4139_g               -           3563 32662                -           1014   1.9e-67  227.7   1.7   1   3      0.53   3.8e+02   -1.7   0.0   364   394  3020  3052  3001  3063 0.75 length=3564	scaffold=gi528858391	strand=+
4139_g               -           3563 32662                -           1014   1.9e-67  227.7   1.7   2   3   1.3e-32   9.7e-30  102.9   0.9   404   529  3149  3274  3057  3281 0.90 length=3564	scaffold=gi528858391	strand=+
4139_g               -           3563 32662                -           1014   1.9e-67  227.7   1.7   3   3   2.9e-38   2.1e-35  121.6   0.0   572   713  3429  3562  3422  3563 0.94 length=3564	scaffold=gi528858391	strand=+
8919_g               -           3563 32662                -           1014   1.9e-67  227.7   1.7   1   3      0.53   3.8e+02   -1.7   0.0   364   394  3020  3052  3001  3063 0.75 length=3564	scaffold=gi527314250	strand=+
8919_g               -           3563 32662                -           1014   1.9e-67  227.7   1.7   2   3   1.3e-32   9.7e-30  102.9   0.9   404   529  3149  3274  3057  3281 0.90 length=3564	scaffold=gi527314250	strand=+
8919_g               -           3563 32662                -           1014   1.9e-67  227.7   1.7   3   3   2.9e-38   2.1e-35  121.6   0.0   572   713  3429  3562  3422  3563 0.94 length=3564	scaffold=gi527314250	strand=+
2255_g               -           3149 32662                -           1014   4.6e-59  200.0   0.0   1   3   8.8e-41   6.4e-38  130.0   0.0   362   546  1072  1279  1059  1285 0.83 length=3150	scaffold=gi527314726	strand=+
2255_g               -           3149 32662                -           1014   4.6e-59  200.0   0.0   2   3   8.3e-21     6e-18   63.9   0.0   609   735  1600  1726  1593  1733 0.96 length=3150	scaffold=gi527314726	strand=+
2255_g               -           3149 32662                -           1014   4.6e-59  200.0   0.0   3   3     0.055        40    1.5   0.1   748   791  1783  1829  1779  1834 0.79 length=3150	scaffold=gi527314726	strand=+
2003_g               -           4742 32662                -           1014   1.9e-58  198.0   0.0   1   3   1.4e-40     1e-37  129.3   0.0   362   546  1072  1279  1059  1285 0.83 length=4743	scaffold=gi528858392	strand=-
2003_g               -           4742 32662                -           1014   1.9e-58  198.0   0.0   2   3   1.3e-20   9.5e-18   63.2   0.0   609   735  1600  1726  1593  1733 0.96 length=4743	scaffold=gi528858392	strand=-
2003_g               -           4742 32662                -           1014   1.9e-58  198.0   0.0   3   3     0.085        61    0.9   0.1   748   791  1783  1829  1779  1834 0.79 length=4743	scaffold=gi528858392	strand=-
12968_g              -           2095 32662                -           1014   3.7e-20   71.2   4.7   1   6   5.8e-16   4.2e-13   47.8   0.0   418   514   349   445   336   456 0.93 length=2096	scaffold=gi527309735	strand=-
12968_g              -           2095 32662                -           1014   3.7e-20   71.2   4.7   2   6      0.65   4.7e+02   -2.0   2.3   100   213   849   893   747   934 0.62 length=2096	scaffold=gi527309735	strand=-
12968_g              -           2095 32662                -           1014   3.7e-20   71.2   4.7   3   6      0.73   5.3e+02   -2.2   0.0   560   599  1381  1423  1378  1429 0.79 length=2096	scaffold=gi527309735	strand=-
12968_g              -           2095 32662                -           1014   3.7e-20   71.2   4.7   4   6     0.049        35    1.7   0.0   667   703  1512  1549  1494  1557 0.79 length=2096	scaffold=gi527309735	strand=-
12968_g              -           2095 32662                -           1014   3.7e-20   71.2   4.7   5   6   3.4e-05     0.024   12.2   0.0   775   902  1703  1853  1698  1857 0.72 length=2096	scaffold=gi527309735	strand=-
12968_g              -           2095 32662                -           1014   3.7e-20   71.2   4.7   6   6    0.0098       7.1    4.0   0.0   896   930  1948  1982  1940  1989 0.84 length=2096	scaffold=gi527309735	strand=-
9693_g               -           2095 32662                -           1014   3.7e-20   71.2   4.7   1   6   5.8e-16   4.2e-13   47.8   0.0   418   514   349   445   336   456 0.93 length=2096	scaffold=gi528858385	strand=+
9693_g               -           2095 32662                -           1014   3.7e-20   71.2   4.7   2   6      0.65   4.7e+02   -2.0   2.3   100   213   849   893   747   934 0.62 length=2096	scaffold=gi528858385	strand=+
9693_g               -           2095 32662                -           1014   3.7e-20   71.2   4.7   3   6      0.73   5.3e+02   -2.2   0.0   560   599  1381  1423  1378  1429 0.79 length=2096	scaffold=gi528858385	strand=+
9693_g               -           2095 32662                -           1014   3.7e-20   71.2   4.7   4   6     0.049        35    1.7   0.0   667   703  1512  1549  1494  1557 0.79 length=2096	scaffold=gi528858385	strand=+
9693_g               -           2095 32662                -           1014   3.7e-20   71.2   4.7   5   6   3.4e-05     0.024   12.2   0.0   775   902  1703  1853  1698  1857 0.72 length=2096	scaffold=gi528858385	strand=+
9693_g               -           2095 32662                -           1014   3.7e-20   71.2   4.7   6   6    0.0098       7.1    4.0   0.0   896   930  1948  1982  1940  1989 0.84 length=2096	scaffold=gi528858385	strand=+
4141_g               -            780 32662                -           1014   7.4e-16   56.9   0.0   1   2     1e-14   7.4e-12   43.7   0.0   772   887   152   273   147   287 0.84 length=781	scaffold=gi528858391	strand=+
4141_g               -            780 32662                -           1014   7.4e-16   56.9   0.0   2   2   7.2e-05     0.052   11.1   0.0   930   971   537   581   526   594 0.81 length=781	scaffold=gi528858391	strand=+
8921_g               -            780 32662                -           1014   7.4e-16   56.9   0.0   1   2     1e-14   7.4e-12   43.7   0.0   772   887   152   273   147   287 0.84 length=781	scaffold=gi527314250	strand=+
8921_g               -            780 32662                -           1014   7.4e-16   56.9   0.0   2   2   7.2e-05     0.052   11.1   0.0   930   971   537   581   526   594 0.81 length=781	scaffold=gi527314250	strand=+
#
# Program:         hmmsearch
# Version:         3.4 (Aug 2023)
# Pipeline mode:   SEARCH
# Query file:      /home/inf-20-2025/Malaria/busco_downloads/lineages/apicomplexa_odb12/hmms/32662at5794.hmm
# Target file:     /home/inf-20-2025/Malaria/Results/6_nobird_annotation/T_gondii.faa
# Option settings: hmmsearch --domtblout Results/8_busco/T_gondii/run_apicomplexa_odb12/hmmer_output/initial_run_results/32662at5794.out --cpu 1 /home/inf-20-2025/Malaria/busco_downloads/lineages/apicomplexa_odb12/hmms/32662at5794.hmm /home/inf-20-2025/Malaria/Results/6_nobird_annotation/T_gondii.faa 
# Current dir:     /home/inf-20-2025/Malaria
# Date:            Wed Mar  4 18:33:28 2026
# [ok]
