#                                                                            --- full sequence --- -------------- this domain -------------   hmm coord   ali coord   env coord
# target name        accession   tlen query name           accession   qlen   E-value  score  bias   #  of  c-Evalue  i-Evalue  score  bias  from    to  from    to  from    to  acc description of target
#------------------- ---------- ----- -------------------- ---------- ----- --------- ------ ----- --- --- --------- --------- ------ ----- ----- ----- ----- ----- ----- ----- ---- ---------------------
2769_g               -            803 33274                -           1015  5.7e-112  375.1  47.3   1   2   2.8e-34   1.1e-31  109.3  46.3   569   789   157   405   140   427 0.84 length=804	scaffold=gi528858386	strand=+
2769_g               -            803 33274                -           1015  5.7e-112  375.1  47.3   2   2   6.3e-80   2.5e-77  260.4   0.0   792  1014   520   766   494   767 0.87 length=804	scaffold=gi528858386	strand=+
3450_g               -            803 33274                -           1015  5.7e-112  375.1  47.3   1   2   2.8e-34   1.1e-31  109.3  46.3   569   789   157   405   140   427 0.84 length=804	scaffold=gi527310881	strand=+
3450_g               -            803 33274                -           1015  5.7e-112  375.1  47.3   2   2   6.3e-80   2.5e-77  260.4   0.0   792  1014   520   766   494   767 0.87 length=804	scaffold=gi527310881	strand=+
2768_g               -           1310 33274                -           1015   3.7e-97  326.0  47.0   1   8   1.4e-29   5.5e-27   93.8   0.0     2    65   227   295   226   298 0.94 length=1311	scaffold=gi528858386	strand=+
2768_g               -           1310 33274                -           1015   3.7e-97  326.0  47.0   2   8   8.3e-19   3.3e-16   58.1   0.0    63   145   381   477   375   482 0.83 length=1311	scaffold=gi528858386	strand=+
2768_g               -           1310 33274                -           1015   3.7e-97  326.0  47.0   3   8   6.3e-13   2.5e-10   38.6  29.1   145   316   539   725   538   736 0.59 length=1311	scaffold=gi528858386	strand=+
2768_g               -           1310 33274                -           1015   3.7e-97  326.0  47.0   4   8    0.0004      0.16    9.5  16.3   271   368   722   820   701   840 0.67 length=1311	scaffold=gi528858386	strand=+
2768_g               -           1310 33274                -           1015   3.7e-97  326.0  47.0   5   8   6.3e-15   2.5e-12   45.2   0.1   357   442   918  1006   911  1009 0.87 length=1311	scaffold=gi528858386	strand=+
2768_g               -           1310 33274                -           1015   3.7e-97  326.0  47.0   6   8   2.5e-06   0.00099   16.8   0.0   443   468  1029  1054  1024  1059 0.92 length=1311	scaffold=gi528858386	strand=+
2768_g               -           1310 33274                -           1015   3.7e-97  326.0  47.0   7   8   0.00068      0.27    8.7   0.0   468   491  1079  1102  1077  1104 0.91 length=1311	scaffold=gi528858386	strand=+
2768_g               -           1310 33274                -           1015   3.7e-97  326.0  47.0   8   8   6.1e-15   2.4e-12   45.3   0.0   493   567  1148  1230  1137  1234 0.82 length=1311	scaffold=gi528858386	strand=+
3449_g               -           1310 33274                -           1015   3.7e-97  326.0  47.0   1   8   1.4e-29   5.5e-27   93.8   0.0     2    65   227   295   226   298 0.94 length=1311	scaffold=gi527310881	strand=+
3449_g               -           1310 33274                -           1015   3.7e-97  326.0  47.0   2   8   8.3e-19   3.3e-16   58.1   0.0    63   145   381   477   375   482 0.83 length=1311	scaffold=gi527310881	strand=+
3449_g               -           1310 33274                -           1015   3.7e-97  326.0  47.0   3   8   6.3e-13   2.5e-10   38.6  29.1   145   316   539   725   538   736 0.59 length=1311	scaffold=gi527310881	strand=+
3449_g               -           1310 33274                -           1015   3.7e-97  326.0  47.0   4   8    0.0004      0.16    9.5  16.3   271   368   722   820   701   840 0.67 length=1311	scaffold=gi527310881	strand=+
3449_g               -           1310 33274                -           1015   3.7e-97  326.0  47.0   5   8   6.3e-15   2.5e-12   45.2   0.1   357   442   918  1006   911  1009 0.87 length=1311	scaffold=gi527310881	strand=+
3449_g               -           1310 33274                -           1015   3.7e-97  326.0  47.0   6   8   2.5e-06   0.00099   16.8   0.0   443   468  1029  1054  1024  1059 0.92 length=1311	scaffold=gi527310881	strand=+
3449_g               -           1310 33274                -           1015   3.7e-97  326.0  47.0   7   8   0.00068      0.27    8.7   0.0   468   491  1079  1102  1077  1104 0.91 length=1311	scaffold=gi527310881	strand=+
3449_g               -           1310 33274                -           1015   3.7e-97  326.0  47.0   8   8   6.1e-15   2.4e-12   45.3   0.0   493   567  1148  1230  1137  1234 0.82 length=1311	scaffold=gi527310881	strand=+
6838_g               -           2148 33274                -           1015   5.9e-68  229.4 108.7   1   8   1.2e-18   4.6e-16   57.6   0.0     2    65   314   383   313   399 0.91 length=2149	scaffold=gi528858387	strand=-
6838_g               -           2148 33274                -           1015   5.9e-68  229.4 108.7   2   8   4.5e-06    0.0018   15.9   0.0    81   161   505   592   485   616 0.82 length=2149	scaffold=gi528858387	strand=-
6838_g               -           2148 33274                -           1015   5.9e-68  229.4 108.7   3   8       1.6   6.2e+02   -2.4  29.2   541   711   845  1021   827  1068 0.65 length=2149	scaffold=gi528858387	strand=-
6838_g               -           2148 33274                -           1015   5.9e-68  229.4 108.7   4   8   1.4e-11   5.6e-09   34.1   0.0   375   532  1079  1252  1043  1323 0.80 length=2149	scaffold=gi528858387	strand=-
6838_g               -           2148 33274                -           1015   5.9e-68  229.4 108.7   5   8       2.5     1e+03   -3.1   1.7   587   690  1279  1382  1273  1398 0.58 length=2149	scaffold=gi528858387	strand=-
6838_g               -           2148 33274                -           1015   5.9e-68  229.4 108.7   6   8       0.1        42    1.5  33.5   553   771  1457  1667  1450  1674 0.56 length=2149	scaffold=gi528858387	strand=-
6838_g               -           2148 33274                -           1015   5.9e-68  229.4 108.7   7   8      0.16        62    0.9   1.9   698   745  1723  1770  1715  1783 0.84 length=2149	scaffold=gi528858387	strand=-
6838_g               -           2148 33274                -           1015   5.9e-68  229.4 108.7   8   8   2.1e-45   8.3e-43  146.1   2.8   779  1001  1870  2089  1858  2101 0.92 length=2149	scaffold=gi528858387	strand=-
8075_g               -           2148 33274                -           1015   5.9e-68  229.4 108.7   1   8   1.2e-18   4.6e-16   57.6   0.0     2    65   314   383   313   399 0.91 length=2149	scaffold=gi527311550	strand=+
8075_g               -           2148 33274                -           1015   5.9e-68  229.4 108.7   2   8   4.5e-06    0.0018   15.9   0.0    81   161   505   592   485   616 0.82 length=2149	scaffold=gi527311550	strand=+
8075_g               -           2148 33274                -           1015   5.9e-68  229.4 108.7   3   8       1.6   6.2e+02   -2.4  29.2   541   711   845  1021   827  1068 0.65 length=2149	scaffold=gi527311550	strand=+
8075_g               -           2148 33274                -           1015   5.9e-68  229.4 108.7   4   8   1.4e-11   5.6e-09   34.1   0.0   375   532  1079  1252  1043  1323 0.80 length=2149	scaffold=gi527311550	strand=+
8075_g               -           2148 33274                -           1015   5.9e-68  229.4 108.7   5   8       2.5     1e+03   -3.1   1.7   587   690  1279  1382  1273  1398 0.58 length=2149	scaffold=gi527311550	strand=+
8075_g               -           2148 33274                -           1015   5.9e-68  229.4 108.7   6   8       0.1        42    1.5  33.5   553   771  1457  1667  1450  1674 0.56 length=2149	scaffold=gi527311550	strand=+
8075_g               -           2148 33274                -           1015   5.9e-68  229.4 108.7   7   8      0.16        62    0.9   1.9   698   745  1723  1770  1715  1783 0.84 length=2149	scaffold=gi527311550	strand=+
8075_g               -           2148 33274                -           1015   5.9e-68  229.4 108.7   8   8   2.1e-45   8.3e-43  146.1   2.8   779  1001  1870  2089  1858  2101 0.92 length=2149	scaffold=gi527311550	strand=+
1012_g               -           2291 33274                -           1015   1.1e-43  149.1  77.5   1   7   2.9e-18   1.1e-15   56.3   0.0     2    69   131   205   130   220 0.88 length=2292	scaffold=gi528858394	strand=-
1012_g               -           2291 33274                -           1015   1.1e-43  149.1  77.5   2   7     8e-07   0.00032   18.4   0.1    78   187   288   399   278   403 0.82 length=2292	scaffold=gi528858394	strand=-
1012_g               -           2291 33274                -           1015   1.1e-43  149.1  77.5   3   7       0.2        78    0.6   0.0   401   442  1137  1180  1106  1185 0.79 length=2292	scaffold=gi528858394	strand=-
1012_g               -           2291 33274                -           1015   1.1e-43  149.1  77.5   4   7     2e-11   7.9e-09   33.6  11.6   486   734  1309  1554  1293  1569 0.80 length=2292	scaffold=gi528858394	strand=-
1012_g               -           2291 33274                -           1015   1.1e-43  149.1  77.5   5   7       3.5   1.4e+03   -3.6   2.5   816   858  1673  1715  1656  1720 0.69 length=2292	scaffold=gi528858394	strand=-
1012_g               -           2291 33274                -           1015   1.1e-43  149.1  77.5   6   7       2.7   1.1e+03   -3.2   0.7   602   629  1986  2013  1945  2036 0.48 length=2292	scaffold=gi528858394	strand=-
1012_g               -           2291 33274                -           1015   1.1e-43  149.1  77.5   7   7   5.3e-23   2.1e-20   72.0   0.2   916   990  2160  2236  2115  2237 0.93 length=2292	scaffold=gi528858394	strand=-
1829_g               -           2291 33274                -           1015   1.1e-43  149.1  77.5   1   7   2.9e-18   1.1e-15   56.3   0.0     2    69   131   205   130   220 0.88 length=2292	scaffold=gi527315322	strand=-
1829_g               -           2291 33274                -           1015   1.1e-43  149.1  77.5   2   7     8e-07   0.00032   18.4   0.1    78   187   288   399   278   403 0.82 length=2292	scaffold=gi527315322	strand=-
1829_g               -           2291 33274                -           1015   1.1e-43  149.1  77.5   3   7       0.2        78    0.6   0.0   401   442  1137  1180  1106  1185 0.79 length=2292	scaffold=gi527315322	strand=-
1829_g               -           2291 33274                -           1015   1.1e-43  149.1  77.5   4   7     2e-11   7.9e-09   33.6  11.6   486   734  1309  1554  1293  1569 0.80 length=2292	scaffold=gi527315322	strand=-
1829_g               -           2291 33274                -           1015   1.1e-43  149.1  77.5   5   7       3.5   1.4e+03   -3.6   2.5   816   858  1673  1715  1656  1720 0.69 length=2292	scaffold=gi527315322	strand=-
1829_g               -           2291 33274                -           1015   1.1e-43  149.1  77.5   6   7       2.7   1.1e+03   -3.2   0.7   602   629  1986  2013  1945  2036 0.48 length=2292	scaffold=gi527315322	strand=-
1829_g               -           2291 33274                -           1015   1.1e-43  149.1  77.5   7   7   5.3e-23   2.1e-20   72.0   0.2   916   990  2160  2236  2115  2237 0.93 length=2292	scaffold=gi527315322	strand=-
3115_g               -           1607 33274                -           1015   1.5e-07   29.4   1.4   1   5      0.14        55    1.1  21.8   212   395    34   211    25   239 0.59 length=1608	scaffold=gi528858386	strand=-
3115_g               -           1607 33274                -           1015   1.5e-07   29.4   1.4   2   5       4.6   1.8e+03   -4.0   8.9   231   291   549   609   499   629 0.60 length=1608	scaffold=gi528858386	strand=-
3115_g               -           1607 33274                -           1015   1.5e-07   29.4   1.4   3   5     0.078        31    1.9   2.5   669   721   819   871   798   885 0.41 length=1608	scaffold=gi528858386	strand=-
3115_g               -           1607 33274                -           1015   1.5e-07   29.4   1.4   4   5       0.5     2e+02   -0.8  27.9   589   879   986  1284   973  1295 0.73 length=1608	scaffold=gi528858386	strand=-
3115_g               -           1607 33274                -           1015   1.5e-07   29.4   1.4   5   5   3.8e-10   1.5e-07   29.4   1.4   914   991  1445  1546  1436  1557 0.70 length=1608	scaffold=gi528858386	strand=-
3796_g               -           1607 33274                -           1015   1.5e-07   29.4   1.4   1   5      0.14        55    1.1  21.8   212   395    34   211    25   239 0.59 length=1608	scaffold=gi527310709	strand=-
3796_g               -           1607 33274                -           1015   1.5e-07   29.4   1.4   2   5       4.6   1.8e+03   -4.0   8.9   231   291   549   609   499   629 0.60 length=1608	scaffold=gi527310709	strand=-
3796_g               -           1607 33274                -           1015   1.5e-07   29.4   1.4   3   5     0.078        31    1.9   2.5   669   721   819   871   798   885 0.41 length=1608	scaffold=gi527310709	strand=-
3796_g               -           1607 33274                -           1015   1.5e-07   29.4   1.4   4   5       0.5     2e+02   -0.8  27.9   589   879   986  1284   973  1295 0.73 length=1608	scaffold=gi527310709	strand=-
3796_g               -           1607 33274                -           1015   1.5e-07   29.4   1.4   5   5   3.8e-10   1.5e-07   29.4   1.4   914   991  1445  1546  1436  1557 0.70 length=1608	scaffold=gi527310709	strand=-
12669_g              -           2556 33274                -           1015   1.8e-05   22.5   0.0   1   3       1.6   6.3e+02   -2.4  19.4   557   713  1149  1315  1134  1323 0.42 length=2557	scaffold=gi527308984	strand=+
12669_g              -           2556 33274                -           1015   1.8e-05   22.5   0.0   2   3      0.34   1.4e+02   -0.2   0.2   550   623  2157  2230  2150  2243 0.87 length=2557	scaffold=gi527308984	strand=+
12669_g              -           2556 33274                -           1015   1.8e-05   22.5   0.0   3   3   4.6e-08   1.8e-05   22.5   0.0   918   956  2276  2314  2270  2320 0.92 length=2557	scaffold=gi527308984	strand=+
9855_g               -           2556 33274                -           1015   1.8e-05   22.5   0.0   1   3       1.6   6.3e+02   -2.4  19.4   557   713  1149  1315  1134  1323 0.42 length=2557	scaffold=gi528858384	strand=-
9855_g               -           2556 33274                -           1015   1.8e-05   22.5   0.0   2   3      0.34   1.4e+02   -0.2   0.2   550   623  2157  2230  2150  2243 0.87 length=2557	scaffold=gi528858384	strand=-
9855_g               -           2556 33274                -           1015   1.8e-05   22.5   0.0   3   3   4.6e-08   1.8e-05   22.5   0.0   918   956  2276  2314  2270  2320 0.92 length=2557	scaffold=gi528858384	strand=-
10485_g              -           1750 33274                -           1015   2.3e-05   22.2   0.0   1   4       0.4   1.6e+02   -0.5  12.8    88   253   213   382   142   402 0.50 length=1751	scaffold=gi528858384	strand=-
10485_g              -           1750 33274                -           1015   2.3e-05   22.2   0.0   2   4    0.0061       2.4    5.5   6.0   615   847   512   620   494   700 0.53 length=1751	scaffold=gi528858384	strand=-
10485_g              -           1750 33274                -           1015   2.3e-05   22.2   0.0   3   4       3.4   1.4e+03   -3.6  10.7   641   728  1307  1395  1268  1460 0.71 length=1751	scaffold=gi528858384	strand=-
10485_g              -           1750 33274                -           1015   2.3e-05   22.2   0.0   4   4   5.7e-08   2.3e-05   22.2   0.0   920   969  1576  1625  1563  1627 0.93 length=1751	scaffold=gi528858384	strand=-
12775_g              -           1750 33274                -           1015   2.3e-05   22.2   0.0   1   4       0.4   1.6e+02   -0.5  12.8    88   253   213   382   142   402 0.50 length=1751	scaffold=gi527308853	strand=+
12775_g              -           1750 33274                -           1015   2.3e-05   22.2   0.0   2   4    0.0061       2.4    5.5   6.0   615   847   512   620   494   700 0.53 length=1751	scaffold=gi527308853	strand=+
12775_g              -           1750 33274                -           1015   2.3e-05   22.2   0.0   3   4       3.4   1.4e+03   -3.6  10.7   641   728  1307  1395  1268  1460 0.71 length=1751	scaffold=gi527308853	strand=+
12775_g              -           1750 33274                -           1015   2.3e-05   22.2   0.0   4   4   5.7e-08   2.3e-05   22.2   0.0   920   969  1576  1625  1563  1627 0.93 length=1751	scaffold=gi527308853	strand=+
3898_g               -            730 33274                -           1015     0.052   11.1   1.1   1   1   0.00023     0.091   10.3   1.1   154   226   298   370   293   381 0.92 length=731	scaffold=gi528858391	strand=-
8678_g               -            730 33274                -           1015     0.052   11.1   1.1   1   1   0.00023     0.091   10.3   1.1   154   226   298   370   293   381 0.92 length=731	scaffold=gi527314479	strand=-
3117_g               -            656 33274                -           1015      0.06   10.9   0.0   1   1   0.00023      0.09   10.3   0.0     3    45     2    49     1    58 0.88 length=657	scaffold=gi528858386	strand=-
3798_g               -            656 33274                -           1015      0.06   10.9   0.0   1   1   0.00023      0.09   10.3   0.0     3    45     2    49     1    58 0.88 length=657	scaffold=gi527310709	strand=-
1986_g               -           1230 33274                -           1015     0.064   10.8   0.1   1   3       2.5     1e+03   -3.1   0.0   939   968   746   775   726   777 0.79 length=1231	scaffold=gi528858392	strand=+
1986_g               -           1230 33274                -           1015     0.064   10.8   0.1   2   3      0.69   2.8e+02   -1.3   0.5   714   750   893   929   883   940 0.74 length=1231	scaffold=gi528858392	strand=+
1986_g               -           1230 33274                -           1015     0.064   10.8   0.1   3   3   0.00016     0.064   10.8   0.1   917   983  1123  1185  1120  1187 0.89 length=1231	scaffold=gi528858392	strand=+
2274_g               -           1230 33274                -           1015     0.064   10.8   0.1   1   3       2.5     1e+03   -3.1   0.0   939   968   746   775   726   777 0.79 length=1231	scaffold=gi527314726	strand=-
2274_g               -           1230 33274                -           1015     0.064   10.8   0.1   2   3      0.69   2.8e+02   -1.3   0.5   714   750   893   929   883   940 0.74 length=1231	scaffold=gi527314726	strand=-
2274_g               -           1230 33274                -           1015     0.064   10.8   0.1   3   3   0.00016     0.064   10.8   0.1   917   983  1123  1185  1120  1187 0.89 length=1231	scaffold=gi527314726	strand=-
14272_g              -            126 33274                -           1015      0.13    9.7   9.7   1   1   0.00043      0.17    9.4   9.7   664   763    15   114     9   124 0.57 length=127	scaffold=gi527307246	strand=-
4707_g               -            233 33274                -           1015      0.15    9.6  21.0   1   1   0.00058      0.23    8.9  21.0   524   730    27   224    17   232 0.68 length=234	scaffold=gi528858389	strand=+
5179_g               -            233 33274                -           1015      0.15    9.6  21.0   1   1   0.00058      0.23    8.9  21.0   524   730    27   224    17   232 0.68 length=234	scaffold=gi527313191	strand=+
2158_g               -            689 33274                -           1015      0.21    9.1   8.9   1   1   0.00082      0.33    8.4   8.9   189   291   447   549   442   560 0.91 length=690	scaffold=gi528858392	strand=+
2467_g               -            689 33274                -           1015      0.21    9.1   8.9   1   1   0.00082      0.33    8.4   8.9   189   291   447   549   442   560 0.91 length=690	scaffold=gi527314663	strand=+
5880_g               -           2347 33274                -           1015      0.25    8.8   0.1   1   1   0.00095      0.38    8.2   0.1   844   894  1912  1959  1903  1966 0.87 length=2348	scaffold=gi528858388	strand=-
6370_g               -           2347 33274                -           1015      0.25    8.8   0.1   1   1   0.00095      0.38    8.2   0.1   844   894  1912  1959  1903  1966 0.87 length=2348	scaffold=gi527312496	strand=+
7398_g               -            740 33274                -           1015      0.52    7.8  14.6   1   1     0.002      0.78    7.2  14.6   202   342   218   356   206   375 0.63 length=741	scaffold=gi528858387	strand=+
7520_g               -            740 33274                -           1015      0.52    7.8  14.6   1   1     0.002      0.78    7.2  14.6   202   342   218   356   206   375 0.63 length=741	scaffold=gi527311550	strand=-
10872_g              -            452 33274                -           1015      0.83    7.1   9.5   1   2   0.00026       0.1   10.1   4.4   537   627    64   154    54   164 0.86 length=453	scaffold=gi528858383	strand=-
10872_g              -            452 33274                -           1015      0.83    7.1   9.5   2   2      0.51     2e+02   -0.8   0.2   179   245   306   372   297   400 0.71 length=453	scaffold=gi528858383	strand=-
11669_g              -            452 33274                -           1015      0.83    7.1   9.5   1   2   0.00026       0.1   10.1   4.4   537   627    64   154    54   164 0.86 length=453	scaffold=gi527307902	strand=-
11669_g              -            452 33274                -           1015      0.83    7.1   9.5   2   2      0.51     2e+02   -0.8   0.2   179   245   306   372   297   400 0.71 length=453	scaffold=gi527307902	strand=-
11085_g              -            858 33274                -           1015       1.7    6.1  34.4   1   1    0.0088       3.5    5.0  34.4   582   809   624   848   610   855 0.76 length=859	scaffold=gi528858383	strand=-
11882_g              -            858 33274                -           1015       1.7    6.1  34.4   1   1    0.0088       3.5    5.0  34.4   582   809   624   848   610   855 0.76 length=859	scaffold=gi527307902	strand=-
4309_g               -            241 33274                -           1015       2.2    5.7  29.6   1   2     0.012       4.9    4.5  28.2   685   833    36   183    18   196 0.50 length=242	scaffold=gi528858390	strand=+
4309_g               -            241 33274                -           1015       2.2    5.7  29.6   2   2     0.046        18    2.6   8.8   199   293   123   217   120   226 0.87 length=242	scaffold=gi528858390	strand=+
8297_g               -            241 33274                -           1015       2.2    5.7  29.6   1   2     0.012       4.9    4.5  28.2   685   833    36   183    18   196 0.50 length=242	scaffold=gi527313991	strand=-
8297_g               -            241 33274                -           1015       2.2    5.7  29.6   2   2     0.046        18    2.6   8.8   199   293   123   217   120   226 0.87 length=242	scaffold=gi527313991	strand=-
11094_g              -           1142 33274                -           1015       2.7    5.4  13.8   1   1    0.0094       3.7    4.9  13.8   598   717   648   765   641   773 0.66 length=1143	scaffold=gi528858383	strand=-
11891_g              -           1142 33274                -           1015       2.7    5.4  13.8   1   1    0.0094       3.7    4.9  13.8   598   717   648   765   641   773 0.66 length=1143	scaffold=gi527307902	strand=-
13457_g              -            243 33274                -           1015       2.9    5.3  47.4   1   2      0.02       8.1    3.8  28.9   264   393     5   135     1   142 0.79 length=244	scaffold=gi527309735	strand=+
13457_g              -            243 33274                -           1015       2.9    5.3  47.4   2   2    0.0044       1.7    6.0  18.3   193   295   109   211   105   238 0.82 length=244	scaffold=gi527309735	strand=+
9208_g               -            243 33274                -           1015       2.9    5.3  47.4   1   2      0.02       8.1    3.8  28.9   264   393     5   135     1   142 0.79 length=244	scaffold=gi528858385	strand=-
9208_g               -            243 33274                -           1015       2.9    5.3  47.4   2   2    0.0044       1.7    6.0  18.3   193   295   109   211   105   238 0.82 length=244	scaffold=gi528858385	strand=-
14606_g              -            128 33274                -           1015       7.3    4.0  27.0   1   1     0.022       8.8    3.7  27.0   584   702     8   125     1   128 0.63 length=128	scaffold=gi527306871	strand=-
#
# Program:         hmmsearch
# Version:         3.4 (Aug 2023)
# Pipeline mode:   SEARCH
# Query file:      /home/inf-20-2025/Malaria/busco_downloads/lineages/apicomplexa_odb12/hmms/33274at5794.hmm
# Target file:     /home/inf-20-2025/Malaria/Results/6_nobird_annotation/T_gondii.faa
# Option settings: hmmsearch --domtblout Results/8_busco/T_gondii/run_apicomplexa_odb12/hmmer_output/initial_run_results/33274at5794.out --cpu 1 /home/inf-20-2025/Malaria/busco_downloads/lineages/apicomplexa_odb12/hmms/33274at5794.hmm /home/inf-20-2025/Malaria/Results/6_nobird_annotation/T_gondii.faa 
# Current dir:     /home/inf-20-2025/Malaria
# Date:            Wed Mar  4 18:33:19 2026
# [ok]
