#                                                                            --- full sequence --- -------------- this domain -------------   hmm coord   ali coord   env coord
# target name        accession   tlen query name           accession   qlen   E-value  score  bias   #  of  c-Evalue  i-Evalue  score  bias  from    to  from    to  from    to  acc description of target
#------------------- ---------- ----- -------------------- ---------- ----- --------- ------ ----- --- --- --------- --------- ------ ----- ----- ----- ----- ----- ----- ----- ---- ---------------------
2998_g               -           1271 33299                -            484  1.6e-246  818.4   0.0   1   2  2.1e-196  3.5e-194  645.8   0.0     8   386   497   879   489   890 0.97 length=1272	scaffold=gi528858386	strand=-
2998_g               -           1271 33299                -            484  1.6e-246  818.4   0.0   2   2   3.7e-52   6.2e-50  170.1   0.0   388   480  1056  1148  1050  1152 0.97 length=1272	scaffold=gi528858386	strand=-
3679_g               -           1271 33299                -            484  1.6e-246  818.4   0.0   1   2  2.1e-196  3.5e-194  645.8   0.0     8   386   497   879   489   890 0.97 length=1272	scaffold=gi527310881	strand=-
3679_g               -           1271 33299                -            484  1.6e-246  818.4   0.0   2   2   3.7e-52   6.2e-50  170.1   0.0   388   480  1056  1148  1050  1152 0.97 length=1272	scaffold=gi527310881	strand=-
10136_g              -           3844 33299                -            484    3e-105  352.5   0.0   1   1  3.2e-107  5.2e-105  351.7   0.0    64   447   347   740   314   770 0.92 length=3845	scaffold=gi528858384	strand=+
12385_g              -           3844 33299                -            484    3e-105  352.5   0.0   1   1  3.2e-107  5.2e-105  351.7   0.0    64   447   347   740   314   770 0.92 length=3845	scaffold=gi527308984	strand=-
1027_g               -           1171 33299                -            484  1.3e-103  347.0   4.4   1   1  1.4e-105  2.4e-103  346.2   0.0    54   473   720  1149   653  1159 0.84 length=1172	scaffold=gi528858394	strand=+
1844_g               -           1171 33299                -            484  1.3e-103  347.0   4.4   1   1  1.4e-105  2.4e-103  346.2   0.0    54   473   720  1149   653  1159 0.84 length=1172	scaffold=gi527315322	strand=+
13500_g              -            734 33299                -            484  5.5e-101  338.4   0.4   1   2   2.2e-40   3.7e-38  131.2   0.1    85   276   221   420   212   424 0.83 length=735	scaffold=gi527309735	strand=-
13500_g              -            734 33299                -            484  5.5e-101  338.4   0.4   2   2   1.1e-62   1.8e-60  204.8   0.0   279   475   447   643   443   651 0.96 length=735	scaffold=gi527309735	strand=-
9166_g               -            734 33299                -            484  5.5e-101  338.4   0.4   1   2   2.2e-40   3.7e-38  131.2   0.1    85   276   221   420   212   424 0.83 length=735	scaffold=gi528858385	strand=+
9166_g               -            734 33299                -            484  5.5e-101  338.4   0.4   2   2   1.1e-62   1.8e-60  204.8   0.0   279   475   447   643   443   651 0.96 length=735	scaffold=gi528858385	strand=+
13109_g              -            656 33299                -            484  1.6e-100  336.9   0.0   1   2   1.6e-69   2.6e-67  227.4   0.0    57   331    93   362    72   373 0.89 length=657	scaffold=gi527309735	strand=+
13109_g              -            656 33299                -            484  1.6e-100  336.9   0.0   2   2     4e-33   6.6e-31  107.3   0.0   360   476   499   614   490   621 0.92 length=657	scaffold=gi527309735	strand=+
9557_g               -            656 33299                -            484  1.6e-100  336.9   0.0   1   2   1.6e-69   2.6e-67  227.4   0.0    57   331    93   362    72   373 0.89 length=657	scaffold=gi528858385	strand=-
9557_g               -            656 33299                -            484  1.6e-100  336.9   0.0   2   2     4e-33   6.6e-31  107.3   0.0   360   476   499   614   490   621 0.92 length=657	scaffold=gi528858385	strand=-
1666_g               -           1792 33299                -            484   7.2e-80  268.8   0.0   1   4   9.5e-05     0.016   13.7   0.0    56   105   936   986   903   992 0.83 length=1793	scaffold=gi527315322	strand=+
1666_g               -           1792 33299                -            484   7.2e-80  268.8   0.0   2   4     2e-18   3.3e-16   58.8   0.0    90   159  1029  1103  1026  1147 0.86 length=1793	scaffold=gi527315322	strand=+
1666_g               -           1792 33299                -            484   7.2e-80  268.8   0.0   3   4   4.2e-38   6.9e-36  123.7   0.0   173   363  1181  1371  1160  1373 0.88 length=1793	scaffold=gi527315322	strand=+
1666_g               -           1792 33299                -            484   7.2e-80  268.8   0.0   4   4     1e-20   1.7e-18   66.4   0.0   385   482  1511  1607  1504  1609 0.91 length=1793	scaffold=gi527315322	strand=+
849_g                -           1792 33299                -            484   7.2e-80  268.8   0.0   1   4   9.5e-05     0.016   13.7   0.0    56   105   936   986   903   992 0.83 length=1793	scaffold=gi528858394	strand=+
849_g                -           1792 33299                -            484   7.2e-80  268.8   0.0   2   4     2e-18   3.3e-16   58.8   0.0    90   159  1029  1103  1026  1147 0.86 length=1793	scaffold=gi528858394	strand=+
849_g                -           1792 33299                -            484   7.2e-80  268.8   0.0   3   4   4.2e-38   6.9e-36  123.7   0.0   173   363  1181  1371  1160  1373 0.88 length=1793	scaffold=gi528858394	strand=+
849_g                -           1792 33299                -            484   7.2e-80  268.8   0.0   4   4     1e-20   1.7e-18   66.4   0.0   385   482  1511  1607  1504  1609 0.91 length=1793	scaffold=gi528858394	strand=+
10112_g              -            569 33299                -            484   3.4e-76  256.7   0.0   1   1     3e-78     5e-76  256.1   0.0    92   456    85   442    69   453 0.91 length=570	scaffold=gi528858384	strand=-
12409_g              -            569 33299                -            484   3.4e-76  256.7   0.0   1   1     3e-78     5e-76  256.1   0.0    92   456    85   442    69   453 0.91 length=570	scaffold=gi527308984	strand=+
11116_g              -            412 33299                -            484   1.7e-74  251.0   1.9   1   1   1.5e-76   2.5e-74  250.5   1.9    87   452    34   388    27   408 0.91 length=413	scaffold=gi528858383	strand=-
11913_g              -            412 33299                -            484   1.7e-74  251.0   1.9   1   1   1.5e-76   2.5e-74  250.5   1.9    87   452    34   388    27   408 0.91 length=413	scaffold=gi527307902	strand=-
2497_g               -            479 33299                -            484   2.5e-71  240.6   0.3   1   1   2.2e-73   3.6e-71  240.1   0.3    93   449    52   399    44   411 0.92 length=480	scaffold=gi528858386	strand=+
3178_g               -            479 33299                -            484   2.5e-71  240.6   0.3   1   1   2.2e-73   3.6e-71  240.1   0.3    93   449    52   399    44   411 0.92 length=480	scaffold=gi527310881	strand=+
1128_g               -            470 33299                -            484   2.9e-69  233.8   0.1   1   1   4.9e-69   8.1e-67  225.7   0.1   120   480    43   417    40   421 0.85 length=471	scaffold=gi528858393	strand=+
1510_g               -            470 33299                -            484   2.9e-69  233.8   0.1   1   1   4.9e-69   8.1e-67  225.7   0.1   120   480    43   417    40   421 0.85 length=471	scaffold=gi527315005	strand=-
10648_g              -            962 33299                -            484   4.4e-69  233.2   0.3   1   2   6.5e-44   1.1e-41  142.9   0.1    95   309   227   445   223   457 0.87 length=963	scaffold=gi528858383	strand=+
10648_g              -            962 33299                -            484   4.4e-69  233.2   0.3   2   2   3.5e-27   5.8e-25   87.7   0.0   319   450   481   613   446   632 0.85 length=963	scaffold=gi528858383	strand=+
11445_g              -            962 33299                -            484   4.4e-69  233.2   0.3   1   2   6.5e-44   1.1e-41  142.9   0.1    95   309   227   445   223   457 0.87 length=963	scaffold=gi527307902	strand=+
11445_g              -            962 33299                -            484   4.4e-69  233.2   0.3   2   2   3.5e-27   5.8e-25   87.7   0.0   319   450   481   613   446   632 0.85 length=963	scaffold=gi527307902	strand=+
10435_g              -            434 33299                -            484   1.6e-68  231.4   0.8   1   1   1.2e-70     2e-68  231.0   0.8    91   470    43   423    14   433 0.89 length=435	scaffold=gi528858384	strand=+
12824_g              -            434 33299                -            484   1.6e-68  231.4   0.8   1   1   1.2e-70     2e-68  231.0   0.8    91   470    43   423    14   433 0.89 length=435	scaffold=gi527308853	strand=-
10113_g              -            453 33299                -            484   1.2e-65  221.8   0.1   1   1   9.9e-68   1.6e-65  221.4   0.1    93   447   103   444    90   451 0.93 length=454	scaffold=gi528858384	strand=-
12408_g              -            453 33299                -            484   1.2e-65  221.8   0.1   1   1   9.9e-68   1.6e-65  221.4   0.1    93   447   103   444    90   451 0.93 length=454	scaffold=gi527308984	strand=+
6071_g               -           1023 33299                -            484   4.4e-65  220.0   0.1   1   2   0.00015     0.025   13.1   0.0    91   133   670   712   661   716 0.94 length=1024	scaffold=gi528858388	strand=+
6071_g               -           1023 33299                -            484   4.4e-65  220.0   0.1   2   2     1e-62   1.7e-60  204.9   0.1   168   471   718  1017   714  1022 0.92 length=1024	scaffold=gi528858388	strand=+
6181_g               -           1035 33299                -            484   4.6e-65  220.0   0.1   1   2   0.00016     0.027   12.9   0.0    91   133   682   724   673   726 0.94 length=1036	scaffold=gi527312496	strand=-
6181_g               -           1035 33299                -            484   4.6e-65  220.0   0.1   2   2   1.1e-62   1.8e-60  204.8   0.1   168   471   730  1029   726  1034 0.92 length=1036	scaffold=gi527312496	strand=-
142_g                -            614 33299                -            484   3.8e-60  203.7   0.0   1   1   3.7e-62   6.2e-60  203.0   0.0    93   448   257   613   253   614 0.89 length=615	scaffold=gi528858396	strand=-
249_g                -            614 33299                -            484   3.8e-60  203.7   0.0   1   1   3.7e-62   6.2e-60  203.0   0.0    93   448   257   613   253   614 0.89 length=615	scaffold=gi527315854	strand=+
454_g                -           2499 33299                -            484   1.8e-58  198.2   0.0   1   2   3.5e-46   5.8e-44  150.4   0.0   104   392  1212  1492  1198  1496 0.91 length=2500	scaffold=gi528858395	strand=+
454_g                -           2499 33299                -            484   1.8e-58  198.2   0.0   2   2   3.1e-14   5.2e-12   45.0   0.0   391   448  1550  1607  1547  1625 0.94 length=2500	scaffold=gi528858395	strand=+
720_g                -           2499 33299                -            484   1.8e-58  198.2   0.0   1   2   3.5e-46   5.8e-44  150.4   0.0   104   392  1212  1492  1198  1496 0.91 length=2500	scaffold=gi527315607	strand=-
720_g                -           2499 33299                -            484   1.8e-58  198.2   0.0   2   2   3.1e-14   5.2e-12   45.0   0.0   391   448  1550  1607  1547  1625 0.94 length=2500	scaffold=gi527315607	strand=-
12664_g              -            840 33299                -            484   2.4e-58  197.8   0.0   1   1   2.4e-60     4e-58  197.1   0.0    95   446   118   488    24   499 0.85 length=841	scaffold=gi527308984	strand=+
9860_g               -            840 33299                -            484   2.4e-58  197.8   0.0   1   1   2.4e-60     4e-58  197.1   0.0    95   446   118   488    24   499 0.85 length=841	scaffold=gi528858384	strand=-
2611_g               -            841 33299                -            484   3.3e-58  197.3   0.2   1   2   4.6e-35   7.6e-33  113.7   0.0   103   274   269   433   258   441 0.89 length=842	scaffold=gi528858386	strand=+
2611_g               -            841 33299                -            484   3.3e-58  197.3   0.2   2   2   2.9e-25   4.8e-23   81.4   0.0   279   448   506   681   499   690 0.87 length=842	scaffold=gi528858386	strand=+
3292_g               -            841 33299                -            484   3.3e-58  197.3   0.2   1   2   4.6e-35   7.6e-33  113.7   0.0   103   274   269   433   258   441 0.89 length=842	scaffold=gi527310881	strand=+
3292_g               -            841 33299                -            484   3.3e-58  197.3   0.2   2   2   2.9e-25   4.8e-23   81.4   0.0   279   448   506   681   499   690 0.87 length=842	scaffold=gi527310881	strand=+
5574_g               -           1305 33299                -            484     9e-57  192.6   0.5   1   4   5.4e-06   0.00089   17.8   0.0   127   155   719   747   713   765 0.84 length=1306	scaffold=gi528858388	strand=+
5574_g               -           1305 33299                -            484     9e-57  192.6   0.5   2   4   0.00092      0.15   10.5   0.0   166   193   844   871   831   913 0.73 length=1306	scaffold=gi528858388	strand=+
5574_g               -           1305 33299                -            484     9e-57  192.6   0.5   3   4   3.2e-16   5.3e-14   51.6   0.0   220   311   970  1062   940  1082 0.86 length=1306	scaffold=gi528858388	strand=+
5574_g               -           1305 33299                -            484     9e-57  192.6   0.5   4   4     4e-33   6.7e-31  107.3   0.0   319   477  1144  1302  1122  1304 0.87 length=1306	scaffold=gi528858388	strand=+
6674_g               -           1393 33299                -            484   1.2e-56  192.2   0.5   1   4   5.8e-06   0.00096   17.7   0.0   127   155   807   835   801   853 0.84 length=1394	scaffold=gi527312496	strand=-
6674_g               -           1393 33299                -            484   1.2e-56  192.2   0.5   2   4   0.00099      0.16   10.4   0.0   166   193   932   959   919  1001 0.73 length=1394	scaffold=gi527312496	strand=-
6674_g               -           1393 33299                -            484   1.2e-56  192.2   0.5   3   4   3.5e-16   5.8e-14   51.4   0.0   220   311  1058  1150  1029  1170 0.86 length=1394	scaffold=gi527312496	strand=-
6674_g               -           1393 33299                -            484   1.2e-56  192.2   0.5   4   4   4.4e-33   7.3e-31  107.2   0.0   319   477  1232  1390  1210  1392 0.87 length=1394	scaffold=gi527312496	strand=-
1606_g               -            602 33299                -            484   2.9e-46  158.0   0.2   1   3   3.4e-31   5.7e-29  100.9   0.1    63   300    91   339    79   361 0.76 length=603	scaffold=gi527315322	strand=+
1606_g               -            602 33299                -            484   2.9e-46  158.0   0.2   2   3   3.4e-10   5.6e-08   31.7   0.0   376   421   448   493   409   508 0.89 length=603	scaffold=gi527315322	strand=+
1606_g               -            602 33299                -            484   2.9e-46  158.0   0.2   3   3   6.4e-07   0.00011   20.9   0.0   422   456   540   573   537   599 0.79 length=603	scaffold=gi527315322	strand=+
789_g                -            602 33299                -            484   2.9e-46  158.0   0.2   1   3   3.4e-31   5.7e-29  100.9   0.1    63   300    91   339    79   361 0.76 length=603	scaffold=gi528858394	strand=+
789_g                -            602 33299                -            484   2.9e-46  158.0   0.2   2   3   3.4e-10   5.6e-08   31.7   0.0   376   421   448   493   409   508 0.89 length=603	scaffold=gi528858394	strand=+
789_g                -            602 33299                -            484   2.9e-46  158.0   0.2   3   3   6.4e-07   0.00011   20.9   0.0   422   456   540   573   537   599 0.79 length=603	scaffold=gi528858394	strand=+
13495_g              -           1072 33299                -            484   1.7e-43  148.8   0.1   1   4   3.1e-12   5.1e-10   38.4   0.0    93   157   302   366   290   371 0.89 length=1073	scaffold=gi527309735	strand=+
13495_g              -           1072 33299                -            484   1.7e-43  148.8   0.1   2   4   1.5e-09   2.4e-07   29.6   0.0   162   272   402   513   395   520 0.87 length=1073	scaffold=gi527309735	strand=+
13495_g              -           1072 33299                -            484   1.7e-43  148.8   0.1   3   4     0.036       5.9    5.2   0.1   276   311   545   580   538   587 0.87 length=1073	scaffold=gi527309735	strand=+
13495_g              -           1072 33299                -            484   1.7e-43  148.8   0.1   4   4   8.8e-22   1.5e-19   69.9   0.0   342   446   709   813   694   826 0.91 length=1073	scaffold=gi527309735	strand=+
9171_g               -           1072 33299                -            484   1.7e-43  148.8   0.1   1   4   3.1e-12   5.1e-10   38.4   0.0    93   157   302   366   290   371 0.89 length=1073	scaffold=gi528858385	strand=-
9171_g               -           1072 33299                -            484   1.7e-43  148.8   0.1   2   4   1.5e-09   2.4e-07   29.6   0.0   162   272   402   513   395   520 0.87 length=1073	scaffold=gi528858385	strand=-
9171_g               -           1072 33299                -            484   1.7e-43  148.8   0.1   3   4     0.036       5.9    5.2   0.1   276   311   545   580   538   587 0.87 length=1073	scaffold=gi528858385	strand=-
9171_g               -           1072 33299                -            484   1.7e-43  148.8   0.1   4   4   8.8e-22   1.5e-19   69.9   0.0   342   446   709   813   694   826 0.91 length=1073	scaffold=gi528858385	strand=-
4521_g               -           1247 33299                -            484   2.4e-43  148.3   9.1   1   4   5.3e-19   8.9e-17   60.7   0.0    94   191    76   169    66   183 0.89 length=1248	scaffold=gi528858390	strand=+
4521_g               -           1247 33299                -            484   2.4e-43  148.3   9.1   2   4   5.7e-12   9.4e-10   37.5   0.0   252   299   336   383   328   387 0.91 length=1248	scaffold=gi528858390	strand=+
4521_g               -           1247 33299                -            484   2.4e-43  148.3   9.1   3   4   2.1e-09   3.6e-07   29.0   0.0   303   411   424   535   415   538 0.85 length=1248	scaffold=gi528858390	strand=+
4521_g               -           1247 33299                -            484   2.4e-43  148.3   9.1   4   4   1.4e-07   2.3e-05   23.1   0.0   410   450   579   619   557   634 0.86 length=1248	scaffold=gi528858390	strand=+
8536_g               -           1247 33299                -            484   2.4e-43  148.3   9.1   1   4   5.3e-19   8.9e-17   60.7   0.0    94   191    76   169    66   183 0.89 length=1248	scaffold=gi527313757	strand=+
8536_g               -           1247 33299                -            484   2.4e-43  148.3   9.1   2   4   5.7e-12   9.4e-10   37.5   0.0   252   299   336   383   328   387 0.91 length=1248	scaffold=gi527313757	strand=+
8536_g               -           1247 33299                -            484   2.4e-43  148.3   9.1   3   4   2.1e-09   3.6e-07   29.0   0.0   303   411   424   535   415   538 0.85 length=1248	scaffold=gi527313757	strand=+
8536_g               -           1247 33299                -            484   2.4e-43  148.3   9.1   4   4   1.4e-07   2.3e-05   23.1   0.0   410   450   579   619   557   634 0.86 length=1248	scaffold=gi527313757	strand=+
7260_g               -            954 33299                -            484   2.4e-43  148.3   0.1   1   4   4.9e-11   8.2e-09   34.4   0.0   102   165   243   307   234   311 0.88 length=955	scaffold=gi528858387	strand=-
7260_g               -            954 33299                -            484   2.4e-43  148.3   0.1   2   4   1.5e-11   2.4e-09   36.2   0.1   166   245   377   452   372   465 0.87 length=955	scaffold=gi528858387	strand=-
7260_g               -            954 33299                -            484   2.4e-43  148.3   0.1   3   4    0.0017      0.28    9.6   0.0   243   277   504   538   498   542 0.88 length=955	scaffold=gi528858387	strand=-
7260_g               -            954 33299                -            484   2.4e-43  148.3   0.1   4   4   1.7e-19   2.9e-17   62.3   0.0   368   467   748   847   745   860 0.92 length=955	scaffold=gi528858387	strand=-
7659_g               -            954 33299                -            484   2.4e-43  148.3   0.1   1   4   4.9e-11   8.2e-09   34.4   0.0   102   165   243   307   234   311 0.88 length=955	scaffold=gi527311550	strand=+
7659_g               -            954 33299                -            484   2.4e-43  148.3   0.1   2   4   1.5e-11   2.4e-09   36.2   0.1   166   245   377   452   372   465 0.87 length=955	scaffold=gi527311550	strand=+
7659_g               -            954 33299                -            484   2.4e-43  148.3   0.1   3   4    0.0017      0.28    9.6   0.0   243   277   504   538   498   542 0.88 length=955	scaffold=gi527311550	strand=+
7659_g               -            954 33299                -            484   2.4e-43  148.3   0.1   4   4   1.7e-19   2.9e-17   62.3   0.0   368   467   748   847   745   860 0.92 length=955	scaffold=gi527311550	strand=+
5878_g               -            992 33299                -            484   2.1e-42  145.2   0.0   1   3       3.8   6.3e+02   -1.5   0.0    10   121   100   219    94   222 0.71 length=993	scaffold=gi528858388	strand=-
5878_g               -            992 33299                -            484   2.1e-42  145.2   0.0   2   3   3.6e-31     6e-29  100.8   0.0   120   402   322   615   315   618 0.84 length=993	scaffold=gi528858388	strand=-
5878_g               -            992 33299                -            484   2.1e-42  145.2   0.0   3   3   6.3e-13     1e-10   40.7   0.0   403   456   708   761   704   773 0.91 length=993	scaffold=gi528858388	strand=-
6372_g               -            992 33299                -            484   2.1e-42  145.2   0.0   1   3       3.8   6.3e+02   -1.5   0.0    10   121   100   219    94   222 0.71 length=993	scaffold=gi527312496	strand=+
6372_g               -            992 33299                -            484   2.1e-42  145.2   0.0   2   3   3.6e-31     6e-29  100.8   0.0   120   402   322   615   315   618 0.84 length=993	scaffold=gi527312496	strand=+
6372_g               -            992 33299                -            484   2.1e-42  145.2   0.0   3   3   6.3e-13     1e-10   40.7   0.0   403   456   708   761   704   773 0.91 length=993	scaffold=gi527312496	strand=+
5557_g               -            975 33299                -            484   4.7e-38  130.9   0.0   1   2   6.6e-21   1.1e-18   67.0   0.0   135   294   256   422   252   427 0.70 length=976	scaffold=gi528858388	strand=-
5557_g               -            975 33299                -            484   4.7e-38  130.9   0.0   2   2     4e-19   6.6e-17   61.1   0.0   295   438   504   654   487   657 0.80 length=976	scaffold=gi528858388	strand=-
6691_g               -            975 33299                -            484   4.7e-38  130.9   0.0   1   2   6.6e-21   1.1e-18   67.0   0.0   135   294   256   422   252   427 0.70 length=976	scaffold=gi527312496	strand=+
6691_g               -            975 33299                -            484   4.7e-38  130.9   0.0   2   2     4e-19   6.6e-17   61.1   0.0   295   438   504   654   487   657 0.80 length=976	scaffold=gi527312496	strand=+
4858_g               -           1900 33299                -            484   1.5e-37  129.2   0.0   1   5   9.1e-14   1.5e-11   43.5   0.0    49   135   510   598   500   601 0.91 length=1901	scaffold=gi528858389	strand=+
4858_g               -           1900 33299                -            484   1.5e-37  129.2   0.0   2   5     0.082        14    4.0   0.0   135   158   662   687   658   695 0.76 length=1901	scaffold=gi528858389	strand=+
4858_g               -           1900 33299                -            484   1.5e-37  129.2   0.0   3   5   2.6e-08   4.3e-06   25.5   0.0   178   261   805   892   795   898 0.87 length=1901	scaffold=gi528858389	strand=+
4858_g               -           1900 33299                -            484   1.5e-37  129.2   0.0   4   5       5.1   8.5e+02   -1.9   0.1   369   389  1263  1283  1257  1286 0.82 length=1901	scaffold=gi528858389	strand=+
4858_g               -           1900 33299                -            484   1.5e-37  129.2   0.0   5   5   1.8e-15     3e-13   49.1   0.0   395   456  1310  1372  1307  1393 0.86 length=1901	scaffold=gi528858389	strand=+
5330_g               -           1900 33299                -            484   1.5e-37  129.2   0.0   1   5   9.1e-14   1.5e-11   43.5   0.0    49   135   510   598   500   601 0.91 length=1901	scaffold=gi527313191	strand=+
5330_g               -           1900 33299                -            484   1.5e-37  129.2   0.0   2   5     0.082        14    4.0   0.0   135   158   662   687   658   695 0.76 length=1901	scaffold=gi527313191	strand=+
5330_g               -           1900 33299                -            484   1.5e-37  129.2   0.0   3   5   2.6e-08   4.3e-06   25.5   0.0   178   261   805   892   795   898 0.87 length=1901	scaffold=gi527313191	strand=+
5330_g               -           1900 33299                -            484   1.5e-37  129.2   0.0   4   5       5.1   8.5e+02   -1.9   0.1   369   389  1263  1283  1257  1286 0.82 length=1901	scaffold=gi527313191	strand=+
5330_g               -           1900 33299                -            484   1.5e-37  129.2   0.0   5   5   1.8e-15     3e-13   49.1   0.0   395   456  1310  1372  1307  1393 0.86 length=1901	scaffold=gi527313191	strand=+
11141_g              -           1619 33299                -            484   6.6e-35  120.5   0.3   1   5   6.9e-10   1.1e-07   30.7   0.0   138   195   540   599   535   624 0.84 length=1620	scaffold=gi528858383	strand=-
11141_g              -           1619 33299                -            484   6.6e-35  120.5   0.3   2   5   2.4e-13     4e-11   42.1   0.0   211   280   710   780   700   794 0.87 length=1620	scaffold=gi528858383	strand=-
11141_g              -           1619 33299                -            484   6.6e-35  120.5   0.3   3   5       3.3   5.5e+02   -1.3   0.0   133   147   985   999   983  1003 0.90 length=1620	scaffold=gi528858383	strand=-
11141_g              -           1619 33299                -            484   6.6e-35  120.5   0.3   4   5   0.00014     0.024   13.1   0.0   356   410  1093  1148  1087  1156 0.87 length=1620	scaffold=gi528858383	strand=-
11141_g              -           1619 33299                -            484   6.6e-35  120.5   0.3   5   5   5.8e-09   9.6e-07   27.6   0.0   410   446  1239  1275  1236  1283 0.90 length=1620	scaffold=gi528858383	strand=-
11938_g              -           1619 33299                -            484   6.6e-35  120.5   0.3   1   5   6.9e-10   1.1e-07   30.7   0.0   138   195   540   599   535   624 0.84 length=1620	scaffold=gi527307902	strand=-
11938_g              -           1619 33299                -            484   6.6e-35  120.5   0.3   2   5   2.4e-13     4e-11   42.1   0.0   211   280   710   780   700   794 0.87 length=1620	scaffold=gi527307902	strand=-
11938_g              -           1619 33299                -            484   6.6e-35  120.5   0.3   3   5       3.3   5.5e+02   -1.3   0.0   133   147   985   999   983  1003 0.90 length=1620	scaffold=gi527307902	strand=-
11938_g              -           1619 33299                -            484   6.6e-35  120.5   0.3   4   5   0.00014     0.024   13.1   0.0   356   410  1093  1148  1087  1156 0.87 length=1620	scaffold=gi527307902	strand=-
11938_g              -           1619 33299                -            484   6.6e-35  120.5   0.3   5   5   5.8e-09   9.6e-07   27.6   0.0   410   446  1239  1275  1236  1283 0.90 length=1620	scaffold=gi527307902	strand=-
1710_g               -           1766 33299                -            484   1.8e-34  119.0   0.0   1   4   7.7e-13   1.3e-10   40.4   0.0    98   218   594   727   588   737 0.74 length=1767	scaffold=gi527315322	strand=-
1710_g               -           1766 33299                -            484   1.8e-34  119.0   0.0   2   4   2.6e-16   4.3e-14   51.9   0.0   217   308   759   861   749   871 0.81 length=1767	scaffold=gi527315322	strand=-
1710_g               -           1766 33299                -            484   1.8e-34  119.0   0.0   3   4   0.00065      0.11   11.0   0.0   340   392  1057  1109  1002  1112 0.93 length=1767	scaffold=gi527315322	strand=-
1710_g               -           1766 33299                -            484   1.8e-34  119.0   0.0   4   4    0.0094       1.6    7.1   0.0   386   413  1123  1150  1114  1153 0.87 length=1767	scaffold=gi527315322	strand=-
893_g                -           1766 33299                -            484   1.8e-34  119.0   0.0   1   4   7.7e-13   1.3e-10   40.4   0.0    98   218   594   727   588   737 0.74 length=1767	scaffold=gi528858394	strand=-
893_g                -           1766 33299                -            484   1.8e-34  119.0   0.0   2   4   2.6e-16   4.3e-14   51.9   0.0   217   308   759   861   749   871 0.81 length=1767	scaffold=gi528858394	strand=-
893_g                -           1766 33299                -            484   1.8e-34  119.0   0.0   3   4   0.00065      0.11   11.0   0.0   340   392  1057  1109  1002  1112 0.93 length=1767	scaffold=gi528858394	strand=-
893_g                -           1766 33299                -            484   1.8e-34  119.0   0.0   4   4    0.0094       1.6    7.1   0.0   386   413  1123  1150  1114  1153 0.87 length=1767	scaffold=gi528858394	strand=-
5812_g               -           1541 33299                -            484   5.4e-33  114.2   0.0   1   4   0.00018      0.03   12.8   0.0    87   153   936  1012   933  1056 0.74 length=1542	scaffold=gi528858388	strand=+
5812_g               -           1541 33299                -            484   5.4e-33  114.2   0.0   2   4      0.21        34    2.7   0.0   164   192  1081  1109  1068  1125 0.79 length=1542	scaffold=gi528858388	strand=+
5812_g               -           1541 33299                -            484   5.4e-33  114.2   0.0   3   4   2.4e-10   3.9e-08   32.2   0.0   199   279  1149  1233  1115  1237 0.82 length=1542	scaffold=gi528858388	strand=+
5812_g               -           1541 33299                -            484   5.4e-33  114.2   0.0   4   4   4.7e-19   7.8e-17   60.9   0.0   286   451  1295  1473  1287  1484 0.78 length=1542	scaffold=gi528858388	strand=+
6437_g               -           1541 33299                -            484   5.4e-33  114.2   0.0   1   4   0.00018      0.03   12.8   0.0    87   153   936  1012   933  1056 0.74 length=1542	scaffold=gi527312496	strand=-
6437_g               -           1541 33299                -            484   5.4e-33  114.2   0.0   2   4      0.21        34    2.7   0.0   164   192  1081  1109  1068  1125 0.79 length=1542	scaffold=gi527312496	strand=-
6437_g               -           1541 33299                -            484   5.4e-33  114.2   0.0   3   4   2.4e-10   3.9e-08   32.2   0.0   199   279  1149  1233  1115  1237 0.82 length=1542	scaffold=gi527312496	strand=-
6437_g               -           1541 33299                -            484   5.4e-33  114.2   0.0   4   4   4.7e-19   7.8e-17   60.9   0.0   286   451  1295  1473  1287  1484 0.78 length=1542	scaffold=gi527312496	strand=-
781_g                -            982 33299                -            484   7.8e-29  100.5   0.2   1   3    0.0011      0.19   10.2   0.0    93   128     3    38     1    47 0.89 length=983	scaffold=gi527315607	strand=-
781_g                -            982 33299                -            484   7.8e-29  100.5   0.2   2   3   3.8e-17   6.3e-15   54.6   0.0   163   314   401   563   394   594 0.77 length=983	scaffold=gi527315607	strand=-
781_g                -            982 33299                -            484   7.8e-29  100.5   0.2   3   3   2.7e-10   4.4e-08   32.0   0.0   379   446   907   974   901   981 0.89 length=983	scaffold=gi527315607	strand=-
2053_g               -           1624 33299                -            484   1.8e-27   95.9   2.1   1   4   4.9e-08   8.2e-06   24.6   0.1   136   192   595   654   591   671 0.84 length=1625	scaffold=gi528858392	strand=-
2053_g               -           1624 33299                -            484   1.8e-27   95.9   2.1   2   4    0.0018       0.3    9.5   0.0   243   273   851   881   845   890 0.86 length=1625	scaffold=gi528858392	strand=-
2053_g               -           1624 33299                -            484   1.8e-27   95.9   2.1   3   4     0.014       2.3    6.6   0.0   278   334   922   980   915   992 0.76 length=1625	scaffold=gi528858392	strand=-
2053_g               -           1624 33299                -            484   1.8e-27   95.9   2.1   4   4   5.9e-16   9.7e-14   50.7   0.0   368   435  1239  1306  1231  1311 0.94 length=1625	scaffold=gi528858392	strand=-
2205_g               -           1624 33299                -            484   1.8e-27   95.9   2.1   1   4   4.9e-08   8.2e-06   24.6   0.1   136   192   595   654   591   671 0.84 length=1625	scaffold=gi527314726	strand=+
2205_g               -           1624 33299                -            484   1.8e-27   95.9   2.1   2   4    0.0018       0.3    9.5   0.0   243   273   851   881   845   890 0.86 length=1625	scaffold=gi527314726	strand=+
2205_g               -           1624 33299                -            484   1.8e-27   95.9   2.1   3   4     0.014       2.3    6.6   0.0   278   334   922   980   915   992 0.76 length=1625	scaffold=gi527314726	strand=+
2205_g               -           1624 33299                -            484   1.8e-27   95.9   2.1   4   4   5.9e-16   9.7e-14   50.7   0.0   368   435  1239  1306  1231  1311 0.94 length=1625	scaffold=gi527314726	strand=+
4721_g               -           1056 33299                -            484   2.4e-25   88.9   0.0   1   4   1.7e-06   0.00028   19.5   0.0   112   151   145   184    93   201 0.86 length=1057	scaffold=gi528858389	strand=+
4721_g               -           1056 33299                -            484   2.4e-25   88.9   0.0   2   4    0.0036       0.6    8.5   0.0   171   217   308   354   299   362 0.77 length=1057	scaffold=gi528858389	strand=+
4721_g               -           1056 33299                -            484   2.4e-25   88.9   0.0   3   4   3.4e-09   5.7e-07   28.4   0.0   215   280   411   483   403   502 0.83 length=1057	scaffold=gi528858389	strand=+
4721_g               -           1056 33299                -            484   2.4e-25   88.9   0.0   4   4   1.1e-08   1.8e-06   26.7   0.0   367   422   635   692   632   697 0.89 length=1057	scaffold=gi528858389	strand=+
5193_g               -           1056 33299                -            484   2.4e-25   88.9   0.0   1   4   1.7e-06   0.00028   19.5   0.0   112   151   145   184    93   201 0.86 length=1057	scaffold=gi527313191	strand=+
5193_g               -           1056 33299                -            484   2.4e-25   88.9   0.0   2   4    0.0036       0.6    8.5   0.0   171   217   308   354   299   362 0.77 length=1057	scaffold=gi527313191	strand=+
5193_g               -           1056 33299                -            484   2.4e-25   88.9   0.0   3   4   3.4e-09   5.7e-07   28.4   0.0   215   280   411   483   403   502 0.83 length=1057	scaffold=gi527313191	strand=+
5193_g               -           1056 33299                -            484   2.4e-25   88.9   0.0   4   4   1.1e-08   1.8e-06   26.7   0.0   367   422   635   692   632   697 0.89 length=1057	scaffold=gi527313191	strand=+
4813_g               -           1834 33299                -            484   6.8e-25   87.5   0.0   1   4   7.2e-11   1.2e-08   33.9   0.0    89   153   436   500   425   519 0.89 length=1835	scaffold=gi528858389	strand=+
4813_g               -           1834 33299                -            484   6.8e-25   87.5   0.0   2   4     0.021       3.6    6.0   0.0   223   260   951   988   937  1000 0.89 length=1835	scaffold=gi528858389	strand=+
4813_g               -           1834 33299                -            484   6.8e-25   87.5   0.0   3   4       1.7   2.7e+02   -0.3   0.0   308   386  1189  1265  1177  1270 0.75 length=1835	scaffold=gi528858389	strand=+
4813_g               -           1834 33299                -            484   6.8e-25   87.5   0.0   4   4   3.3e-13   5.4e-11   41.6   0.0   395   438  1316  1359  1305  1365 0.92 length=1835	scaffold=gi528858389	strand=+
5285_g               -           1834 33299                -            484   6.8e-25   87.5   0.0   1   4   7.2e-11   1.2e-08   33.9   0.0    89   153   436   500   425   519 0.89 length=1835	scaffold=gi527313191	strand=+
5285_g               -           1834 33299                -            484   6.8e-25   87.5   0.0   2   4     0.021       3.6    6.0   0.0   223   260   951   988   937  1000 0.89 length=1835	scaffold=gi527313191	strand=+
5285_g               -           1834 33299                -            484   6.8e-25   87.5   0.0   3   4       1.7   2.7e+02   -0.3   0.0   308   386  1189  1265  1177  1270 0.75 length=1835	scaffold=gi527313191	strand=+
5285_g               -           1834 33299                -            484   6.8e-25   87.5   0.0   4   4   3.3e-13   5.4e-11   41.6   0.0   395   438  1316  1359  1305  1365 0.92 length=1835	scaffold=gi527313191	strand=+
395_g                -           1394 33299                -            484   3.4e-20   72.0   0.5   1   3    0.0017      0.28    9.6   0.0    93   128     3    38     1    47 0.89 length=1395	scaffold=gi528858395	strand=+
395_g                -           1394 33299                -            484   3.4e-20   72.0   0.5   2   3   6.4e-17   1.1e-14   53.9   0.0   164   314   402   563   394   594 0.77 length=1395	scaffold=gi528858395	strand=+
395_g                -           1394 33299                -            484   3.4e-20   72.0   0.5   3   3     0.044       7.2    4.9   0.1   379   408   907   936   901   939 0.86 length=1395	scaffold=gi528858395	strand=+
13291_g              -           4932 33299                -            484   3.1e-17   62.2  11.5   1   4      0.81   1.3e+02    0.8   0.0   102   128   884   910   873   913 0.85 length=4933	scaffold=gi527309735	strand=+
13291_g              -           4932 33299                -            484   3.1e-17   62.2  11.5   2   4   7.9e-09   1.3e-06   27.2   0.0   136   194   947  1006   945  1034 0.85 length=4933	scaffold=gi527309735	strand=+
13291_g              -           4932 33299                -            484   3.1e-17   62.2  11.5   3   4   8.2e-07   0.00014   20.5   0.0   200   261  1040  1109  1031  1112 0.79 length=4933	scaffold=gi527309735	strand=+
13291_g              -           4932 33299                -            484   3.1e-17   62.2  11.5   4   4   3.3e-06   0.00055   18.5   0.0   377   430  1652  1705  1646  1733 0.82 length=4933	scaffold=gi527309735	strand=+
9378_g               -           4932 33299                -            484   3.1e-17   62.2  11.5   1   4      0.81   1.3e+02    0.8   0.0   102   128   884   910   873   913 0.85 length=4933	scaffold=gi528858385	strand=-
9378_g               -           4932 33299                -            484   3.1e-17   62.2  11.5   2   4   7.9e-09   1.3e-06   27.2   0.0   136   194   947  1006   945  1034 0.85 length=4933	scaffold=gi528858385	strand=-
9378_g               -           4932 33299                -            484   3.1e-17   62.2  11.5   3   4   8.2e-07   0.00014   20.5   0.0   200   261  1040  1109  1031  1112 0.79 length=4933	scaffold=gi528858385	strand=-
9378_g               -           4932 33299                -            484   3.1e-17   62.2  11.5   4   4   3.3e-06   0.00055   18.5   0.0   377   430  1652  1705  1646  1733 0.82 length=4933	scaffold=gi528858385	strand=-
6061_g               -           2863 33299                -            484   4.3e-17   61.7   2.7   1   5   0.00032     0.053   12.0   0.0    89   130   330   371   321   379 0.91 length=2864	scaffold=gi528858388	strand=-
6061_g               -           2863 33299                -            484   4.3e-17   61.7   2.7   2   5      0.55        91    1.3   0.0   131   157   459   485   456   494 0.84 length=2864	scaffold=gi528858388	strand=-
6061_g               -           2863 33299                -            484   4.3e-17   61.7   2.7   3   5     0.028       4.6    5.6   0.0   168   201   551   584   539   602 0.77 length=2864	scaffold=gi528858388	strand=-
6061_g               -           2863 33299                -            484   4.3e-17   61.7   2.7   4   5    0.0016      0.26    9.7   0.1   246   300  1022  1076   992  1084 0.87 length=2864	scaffold=gi528858388	strand=-
6061_g               -           2863 33299                -            484   4.3e-17   61.7   2.7   5   5   6.7e-09   1.1e-06   27.4   0.0   328   421  1643  1737  1613  1739 0.91 length=2864	scaffold=gi528858388	strand=-
6191_g               -           2863 33299                -            484   4.3e-17   61.7   2.7   1   5   0.00032     0.053   12.0   0.0    89   130   330   371   321   379 0.91 length=2864	scaffold=gi527312496	strand=+
6191_g               -           2863 33299                -            484   4.3e-17   61.7   2.7   2   5      0.55        91    1.3   0.0   131   157   459   485   456   494 0.84 length=2864	scaffold=gi527312496	strand=+
6191_g               -           2863 33299                -            484   4.3e-17   61.7   2.7   3   5     0.028       4.6    5.6   0.0   168   201   551   584   539   602 0.77 length=2864	scaffold=gi527312496	strand=+
6191_g               -           2863 33299                -            484   4.3e-17   61.7   2.7   4   5    0.0016      0.26    9.7   0.1   246   300  1022  1076   992  1084 0.87 length=2864	scaffold=gi527312496	strand=+
6191_g               -           2863 33299                -            484   4.3e-17   61.7   2.7   5   5   6.7e-09   1.1e-06   27.4   0.0   328   421  1643  1737  1613  1739 0.91 length=2864	scaffold=gi527312496	strand=+
5875_g               -           1651 33299                -            484   1.9e-14   53.0   0.0   1   2   2.5e-05    0.0041   15.6   0.1   119   152   104   137    85   146 0.91 length=1652	scaffold=gi528858388	strand=-
5875_g               -           1651 33299                -            484   1.9e-14   53.0   0.0   2   2   3.7e-11   6.1e-09   34.9   0.0   346   439   430   523   423   532 0.95 length=1652	scaffold=gi528858388	strand=-
6375_g               -           1651 33299                -            484   1.9e-14   53.0   0.0   1   2   2.5e-05    0.0041   15.6   0.1   119   152   104   137    85   146 0.91 length=1652	scaffold=gi527312496	strand=+
6375_g               -           1651 33299                -            484   1.9e-14   53.0   0.0   2   2   3.7e-11   6.1e-09   34.9   0.0   346   439   430   523   423   532 0.95 length=1652	scaffold=gi527312496	strand=+
7501_g               -           1507 33299                -            484   2.8e-13   49.2   0.0   1   2   3.9e-07   6.5e-05   21.6   0.0   130   215   721   793   718   839 0.66 length=1508	scaffold=gi527311550	strand=+
7501_g               -           1507 33299                -            484   2.8e-13   49.2   0.0   2   2     3e-08   4.9e-06   25.3   0.0   257   299  1098  1140  1093  1185 0.80 length=1508	scaffold=gi527311550	strand=+
7419_g               -           1194 33299                -            484   2.6e-12   46.0   0.0   1   2   2.9e-07   4.9e-05   22.0   0.0   130   215   746   818   743   864 0.65 length=1195	scaffold=gi528858387	strand=-
7419_g               -           1194 33299                -            484   2.6e-12   46.0   0.0   2   2   3.8e-07   6.3e-05   21.6   0.0   257   293  1123  1159  1118  1166 0.92 length=1195	scaffold=gi528858387	strand=-
4372_g               -           1588 33299                -            484   5.7e-12   44.9   0.0   1   4   8.6e-11   1.4e-08   33.7   0.0    87   151   335   399   258   414 0.81 length=1589	scaffold=gi528858390	strand=+
4372_g               -           1588 33299                -            484   5.7e-12   44.9   0.0   2   4      0.13        21    3.4   0.0   166   189   496   519   482   532 0.76 length=1589	scaffold=gi528858390	strand=+
4372_g               -           1588 33299                -            484   5.7e-12   44.9   0.0   3   4      0.51        85    1.4   0.0   244   261   737   754   711   791 0.83 length=1589	scaffold=gi528858390	strand=+
4372_g               -           1588 33299                -            484   5.7e-12   44.9   0.0   4   4       1.5   2.4e+02   -0.1   0.0   392   440  1248  1296  1236  1310 0.76 length=1589	scaffold=gi528858390	strand=+
8237_g               -           1588 33299                -            484   5.7e-12   44.9   0.0   1   4   8.6e-11   1.4e-08   33.7   0.0    87   151   335   399   258   414 0.81 length=1589	scaffold=gi527313991	strand=-
8237_g               -           1588 33299                -            484   5.7e-12   44.9   0.0   2   4      0.13        21    3.4   0.0   166   189   496   519   482   532 0.76 length=1589	scaffold=gi527313991	strand=-
8237_g               -           1588 33299                -            484   5.7e-12   44.9   0.0   3   4      0.51        85    1.4   0.0   244   261   737   754   711   791 0.83 length=1589	scaffold=gi527313991	strand=-
8237_g               -           1588 33299                -            484   5.7e-12   44.9   0.0   4   4       1.5   2.4e+02   -0.1   0.0   392   440  1248  1296  1236  1310 0.76 length=1589	scaffold=gi527313991	strand=-
2696_g               -           1972 33299                -            484   1.1e-11   43.9   0.5   1   2   0.00015     0.024   13.1   0.5   123   153   854   884   846   897 0.88 length=1973	scaffold=gi528858386	strand=+
2696_g               -           1972 33299                -            484   1.1e-11   43.9   0.5   2   2   3.9e-09   6.5e-07   28.2   0.0   346   449  1183  1287  1177  1303 0.90 length=1973	scaffold=gi528858386	strand=+
3377_g               -           1972 33299                -            484   1.1e-11   43.9   0.5   1   2   0.00015     0.024   13.1   0.5   123   153   854   884   846   897 0.88 length=1973	scaffold=gi527310881	strand=+
3377_g               -           1972 33299                -            484   1.1e-11   43.9   0.5   2   2   3.9e-09   6.5e-07   28.2   0.0   346   449  1183  1287  1177  1303 0.90 length=1973	scaffold=gi527310881	strand=+
3102_g               -           1765 33299                -            484   5.8e-11   41.5   0.0   1   2       3.4   5.7e+02   -1.3   0.0   137   150   746   759   741   765 0.87 length=1766	scaffold=gi528858386	strand=+
3102_g               -           1765 33299                -            484   5.8e-11   41.5   0.0   2   2   1.7e-12   2.8e-10   39.3   0.0   345   438   947  1040   920  1049 0.93 length=1766	scaffold=gi528858386	strand=+
3783_g               -           1765 33299                -            484   5.8e-11   41.5   0.0   1   2       3.4   5.7e+02   -1.3   0.0   137   150   746   759   741   765 0.87 length=1766	scaffold=gi527310709	strand=+
3783_g               -           1765 33299                -            484   5.8e-11   41.5   0.0   2   2   1.7e-12   2.8e-10   39.3   0.0   345   438   947  1040   920  1049 0.93 length=1766	scaffold=gi527310709	strand=+
11217_g              -           2854 33299                -            484   2.1e-05   23.2   0.0   1   1   2.6e-07   4.4e-05   22.1   0.0   330   457  1701  1834  1685  1847 0.82 length=2855	scaffold=gi528858383	strand=+
12014_g              -           2854 33299                -            484   2.1e-05   23.2   0.0   1   1   2.6e-07   4.4e-05   22.1   0.0   330   457  1701  1834  1685  1847 0.82 length=2855	scaffold=gi527307902	strand=+
7056_g               -           2314 33299                -            484   0.00047   18.8   0.0   1   2      0.31        52    2.1   0.1   247   308   905   965   884  1051 0.77 length=2315	scaffold=gi528858387	strand=+
7056_g               -           2314 33299                -            484   0.00047   18.8   0.0   2   2   8.4e-05     0.014   13.9   0.0   323   393  1086  1157  1078  1169 0.86 length=2315	scaffold=gi528858387	strand=+
7860_g               -           2314 33299                -            484   0.00047   18.8   0.0   1   2      0.31        52    2.1   0.1   247   308   905   965   884  1051 0.77 length=2315	scaffold=gi527311550	strand=-
7860_g               -           2314 33299                -            484   0.00047   18.8   0.0   2   2   8.4e-05     0.014   13.9   0.0   323   393  1086  1157  1078  1169 0.86 length=2315	scaffold=gi527311550	strand=-
574_g                -           1518 33299                -            484    0.0023   16.5   0.3   1   2       4.2   6.9e+02   -1.6   0.0   246   295   673   720   660   726 0.77 length=1519	scaffold=gi528858395	strand=+
574_g                -           1518 33299                -            484    0.0023   16.5   0.3   2   2     5e-05    0.0084   14.6   0.1   333   451   876  1000   863  1020 0.80 length=1519	scaffold=gi528858395	strand=+
599_g                -           1518 33299                -            484    0.0023   16.5   0.3   1   2       4.2   6.9e+02   -1.6   0.0   246   295   673   720   660   726 0.77 length=1519	scaffold=gi527315607	strand=-
599_g                -           1518 33299                -            484    0.0023   16.5   0.3   2   2     5e-05    0.0084   14.6   0.1   333   451   876  1000   863  1020 0.80 length=1519	scaffold=gi527315607	strand=-
1127_g               -            555 33299                -            484    0.0047   15.5   0.0   1   2       0.5        83    1.4   0.0    68    96   407   438   385   454 0.80 length=556	scaffold=gi528858393	strand=+
1127_g               -            555 33299                -            484    0.0047   15.5   0.0   2   2   0.00042     0.069   11.6   0.0    99   121   497   519   492   524 0.93 length=556	scaffold=gi528858393	strand=+
1511_g               -            555 33299                -            484    0.0047   15.5   0.0   1   2       0.5        83    1.4   0.0    68    96   407   438   385   454 0.80 length=556	scaffold=gi527315005	strand=-
1511_g               -            555 33299                -            484    0.0047   15.5   0.0   2   2   0.00042     0.069   11.6   0.0    99   121   497   519   492   524 0.93 length=556	scaffold=gi527315005	strand=-
10369_g              -            349 33299                -            484    0.0082   14.7   0.0   1   1   9.4e-05     0.016   13.7   0.0   119   158   165   204   150   212 0.84 length=350	scaffold=gi528858384	strand=+
12155_g              -            349 33299                -            484    0.0082   14.7   0.0   1   1   9.4e-05     0.016   13.7   0.0   119   158   165   204   150   212 0.84 length=350	scaffold=gi527308984	strand=-
3971_g               -           1630 33299                -            484     0.049   12.1   0.0   1   2     0.083        14    4.0   0.0   218   295   524   600   493   614 0.70 length=1631	scaffold=gi528858391	strand=-
3971_g               -           1630 33299                -            484     0.049   12.1   0.0   2   2     0.037       6.1    5.2   0.0   333   388   685   740   665   753 0.87 length=1631	scaffold=gi528858391	strand=-
8751_g               -           1630 33299                -            484     0.049   12.1   0.0   1   2     0.083        14    4.0   0.0   218   295   524   600   493   614 0.70 length=1631	scaffold=gi527314479	strand=-
8751_g               -           1630 33299                -            484     0.049   12.1   0.0   2   2     0.037       6.1    5.2   0.0   333   388   685   740   665   753 0.87 length=1631	scaffold=gi527314479	strand=-
11081_g              -           3540 33299                -            484      0.18   10.2   0.0   1   2      0.35        58    2.0   0.0   125   157   912   944   898   951 0.87 length=3541	scaffold=gi528858383	strand=+
11081_g              -           3540 33299                -            484      0.18   10.2   0.0   2   2     0.041       6.8    5.0   0.0   352   410  2682  2742  2678  2750 0.83 length=3541	scaffold=gi528858383	strand=+
11878_g              -           3540 33299                -            484      0.18   10.2   0.0   1   2      0.35        58    2.0   0.0   125   157   912   944   898   951 0.87 length=3541	scaffold=gi527307902	strand=+
11878_g              -           3540 33299                -            484      0.18   10.2   0.0   2   2     0.041       6.8    5.0   0.0   352   410  2682  2742  2678  2750 0.83 length=3541	scaffold=gi527307902	strand=+
2563_g               -           2716 33299                -            484       0.2   10.1   0.0   1   4       7.2   1.2e+03   -2.4   0.0   138   197   573   625   568   633 0.69 length=2717	scaffold=gi528858386	strand=+
2563_g               -           2716 33299                -            484       0.2   10.1   0.0   2   4         4   6.6e+02   -1.5   0.0   226   257   883   914   872   916 0.92 length=2717	scaffold=gi528858386	strand=+
2563_g               -           2716 33299                -            484       0.2   10.1   0.0   3   4    0.0012       0.2   10.1   0.0   395   435  1925  1965  1921  1972 0.90 length=2717	scaffold=gi528858386	strand=+
2563_g               -           2716 33299                -            484       0.2   10.1   0.0   4   4         7   1.2e+03   -2.3   3.2    18    95  2600  2679  2585  2685 0.58 length=2717	scaffold=gi528858386	strand=+
3244_g               -           2716 33299                -            484       0.2   10.1   0.0   1   4       7.2   1.2e+03   -2.4   0.0   138   197   573   625   568   633 0.69 length=2717	scaffold=gi527310881	strand=+
3244_g               -           2716 33299                -            484       0.2   10.1   0.0   2   4         4   6.6e+02   -1.5   0.0   226   257   883   914   872   916 0.92 length=2717	scaffold=gi527310881	strand=+
3244_g               -           2716 33299                -            484       0.2   10.1   0.0   3   4    0.0012       0.2   10.1   0.0   395   435  1925  1965  1921  1972 0.90 length=2717	scaffold=gi527310881	strand=+
3244_g               -           2716 33299                -            484       0.2   10.1   0.0   4   4         7   1.2e+03   -2.3   3.2    18    95  2600  2679  2585  2685 0.58 length=2717	scaffold=gi527310881	strand=+
#
# Program:         hmmsearch
# Version:         3.4 (Aug 2023)
# Pipeline mode:   SEARCH
# Query file:      /home/inf-20-2025/Malaria/busco_downloads/lineages/apicomplexa_odb12/hmms/33299at5794.hmm
# Target file:     /home/inf-20-2025/Malaria/Results/6_nobird_annotation/T_gondii.faa
# Option settings: hmmsearch --domtblout Results/8_busco/T_gondii/run_apicomplexa_odb12/hmmer_output/initial_run_results/33299at5794.out --cpu 1 /home/inf-20-2025/Malaria/busco_downloads/lineages/apicomplexa_odb12/hmms/33299at5794.hmm /home/inf-20-2025/Malaria/Results/6_nobird_annotation/T_gondii.faa 
# Current dir:     /home/inf-20-2025/Malaria
# Date:            Wed Mar  4 18:33:22 2026
# [ok]
