#                                                                            --- full sequence --- -------------- this domain -------------   hmm coord   ali coord   env coord
# target name        accession   tlen query name           accession   qlen   E-value  score  bias   #  of  c-Evalue  i-Evalue  score  bias  from    to  from    to  from    to  acc description of target
#------------------- ---------- ----- -------------------- ---------- ----- --------- ------ ----- --- --- --------- --------- ------ ----- ----- ----- ----- ----- ----- ----- ---- ---------------------
5630_g               -            288 33372                -            176     1e-61  207.8  18.6   1   3   3.6e-42   1.4e-38  132.4   7.2     1    98     1    98     1   100 0.92 length=289	scaffold=gi528858388	strand=+
5630_g               -            288 33372                -            176     1e-61  207.8  18.6   2   3   3.7e-25   1.5e-21   77.0   2.2    69   167    93   192    86   197 0.88 length=289	scaffold=gi528858388	strand=+
5630_g               -            288 33372                -            176     1e-61  207.8  18.6   3   3    0.0021       8.2    6.2   0.1   143   176   244   277   231   277 0.82 length=289	scaffold=gi528858388	strand=+
6616_g               -            288 33372                -            176     1e-61  207.8  18.6   1   3   3.6e-42   1.4e-38  132.4   7.2     1    98     1    98     1   100 0.92 length=289	scaffold=gi527312496	strand=-
6616_g               -            288 33372                -            176     1e-61  207.8  18.6   2   3   3.7e-25   1.5e-21   77.0   2.2    69   167    93   192    86   197 0.88 length=289	scaffold=gi527312496	strand=-
6616_g               -            288 33372                -            176     1e-61  207.8  18.6   3   3    0.0021       8.2    6.2   0.1   143   176   244   277   231   277 0.82 length=289	scaffold=gi527312496	strand=-
9962_g               -           1866 33372                -            176   1.3e-14   54.4   0.8   1   5         4   1.6e+04   -7.4   7.5    41    65   883   907   871   928 0.51 length=1867	scaffold=gi528858384	strand=+
9962_g               -           1866 33372                -            176   1.3e-14   54.4   0.8   2   5       2.2   8.7e+03   -3.7   0.9   113   164  1333  1384  1321  1395 0.61 length=1867	scaffold=gi528858384	strand=+
9962_g               -           1866 33372                -            176   1.3e-14   54.4   0.8   3   5         4   1.6e+04  -14.4  19.2    34    53  1468  1487  1411  1488 0.77 length=1867	scaffold=gi528858384	strand=+
9962_g               -           1866 33372                -            176   1.3e-14   54.4   0.8   4   5         4   1.6e+04  -10.2  16.4    34    55  1468  1489  1457  1535 0.73 length=1867	scaffold=gi528858384	strand=+
9962_g               -           1866 33372                -            176   1.3e-14   54.4   0.8   5   5   3.3e-18   1.3e-14   54.4   0.8    40   135  1656  1748  1640  1753 0.68 length=1867	scaffold=gi528858384	strand=+
12559_g              -           1889 33372                -            176   1.3e-14   54.3   0.8   1   5         4   1.6e+04   -7.5   7.5    41    65   906   930   894   951 0.51 length=1890	scaffold=gi527308984	strand=-
12559_g              -           1889 33372                -            176   1.3e-14   54.3   0.8   2   5       2.2   8.8e+03   -3.7   0.9   113   164  1356  1407  1344  1418 0.61 length=1890	scaffold=gi527308984	strand=-
12559_g              -           1889 33372                -            176   1.3e-14   54.3   0.8   3   5         4   1.6e+04  -10.2  11.4    56    91  1460  1495  1439  1503 0.39 length=1890	scaffold=gi527308984	strand=-
12559_g              -           1889 33372                -            176   1.3e-14   54.3   0.8   4   5         4   1.6e+04  -10.3  16.2    34    55  1491  1512  1487  1558 0.75 length=1890	scaffold=gi527308984	strand=-
12559_g              -           1889 33372                -            176   1.3e-14   54.3   0.8   5   5   3.3e-18   1.3e-14   54.3   0.8    40   135  1679  1771  1663  1776 0.68 length=1890	scaffold=gi527308984	strand=-
#
# Program:         hmmsearch
# Version:         3.4 (Aug 2023)
# Pipeline mode:   SEARCH
# Query file:      /home/inf-20-2025/Malaria/busco_downloads/lineages/apicomplexa_odb12/hmms/33372at5794.hmm
# Target file:     /home/inf-20-2025/Malaria/Results/6_nobird_annotation/T_gondii.faa
# Option settings: hmmsearch --domtblout Results/8_busco/T_gondii/run_apicomplexa_odb12/hmmer_output/initial_run_results/33372at5794.out --cpu 1 /home/inf-20-2025/Malaria/busco_downloads/lineages/apicomplexa_odb12/hmms/33372at5794.hmm /home/inf-20-2025/Malaria/Results/6_nobird_annotation/T_gondii.faa 
# Current dir:     /home/inf-20-2025/Malaria
# Date:            Wed Mar  4 18:33:23 2026
# [ok]
