#                                                                            --- full sequence --- -------------- this domain -------------   hmm coord   ali coord   env coord
# target name        accession   tlen query name           accession   qlen   E-value  score  bias   #  of  c-Evalue  i-Evalue  score  bias  from    to  from    to  from    to  acc description of target
#------------------- ---------- ----- -------------------- ---------- ----- --------- ------ ----- --- --- --------- --------- ------ ----- ----- ----- ----- ----- ----- ----- ---- ---------------------
4605_g               -           2948 33413                -           1096         0 1386.5  97.0   1   7   4.7e-60   1.7e-57  195.1  23.4     3   318   420   730   418   731 0.75 length=2949	scaffold=gi528858389	strand=-
4605_g               -           2948 33413                -           1096         0 1386.5  97.0   2   7     0.014       4.9    4.8  28.2   189   322   675   807   651   809 0.62 length=2949	scaffold=gi528858389	strand=-
4605_g               -           2948 33413                -           1096         0 1386.5  97.0   3   7     0.044        15    3.1  17.9   196   306   804   906   790   913 0.52 length=2949	scaffold=gi528858389	strand=-
4605_g               -           2948 33413                -           1096         0 1386.5  97.0   4   7   9.1e-09   3.2e-06   25.3  21.8   197   338   867  1009   856  1023 0.67 length=2949	scaffold=gi528858389	strand=-
4605_g               -           2948 33413                -           1096         0 1386.5  97.0   5   7    2e-207  6.9e-205  683.1   0.1   202   676  1066  1542  1010  1564 0.75 length=2949	scaffold=gi528858389	strand=-
4605_g               -           2948 33413                -           1096         0 1386.5  97.0   6   7     1e-12   3.6e-10   38.4   0.0   700   819  2455  2555  2433  2561 0.85 length=2949	scaffold=gi528858389	strand=-
4605_g               -           2948 33413                -           1096         0 1386.5  97.0   7   7  3.4e-138  1.2e-135  453.9   3.7   813  1094  2580  2915  2575  2917 0.84 length=2949	scaffold=gi528858389	strand=-
5077_g               -           2948 33413                -           1096         0 1386.5  97.0   1   7   4.7e-60   1.7e-57  195.1  23.4     3   318   420   730   418   731 0.75 length=2949	scaffold=gi527313191	strand=-
5077_g               -           2948 33413                -           1096         0 1386.5  97.0   2   7     0.014       4.9    4.8  28.2   189   322   675   807   651   809 0.62 length=2949	scaffold=gi527313191	strand=-
5077_g               -           2948 33413                -           1096         0 1386.5  97.0   3   7     0.044        15    3.1  17.9   196   306   804   906   790   913 0.52 length=2949	scaffold=gi527313191	strand=-
5077_g               -           2948 33413                -           1096         0 1386.5  97.0   4   7   9.1e-09   3.2e-06   25.3  21.8   197   338   867  1009   856  1023 0.67 length=2949	scaffold=gi527313191	strand=-
5077_g               -           2948 33413                -           1096         0 1386.5  97.0   5   7    2e-207  6.9e-205  683.1   0.1   202   676  1066  1542  1010  1564 0.75 length=2949	scaffold=gi527313191	strand=-
5077_g               -           2948 33413                -           1096         0 1386.5  97.0   6   7     1e-12   3.6e-10   38.4   0.0   700   819  2455  2555  2433  2561 0.85 length=2949	scaffold=gi527313191	strand=-
5077_g               -           2948 33413                -           1096         0 1386.5  97.0   7   7  3.4e-138  1.2e-135  453.9   3.7   813  1094  2580  2915  2575  2917 0.84 length=2949	scaffold=gi527313191	strand=-
574_g                -           1518 33413                -           1096  7.7e-146  487.6  23.4   1   4   7.2e-26   2.5e-23   81.9   0.0   349   419   382   452   335   457 0.90 length=1519	scaffold=gi528858395	strand=+
574_g                -           1518 33413                -           1096  7.7e-146  487.6  23.4   2   4    0.0026      0.92    7.2   0.0   415   447   547   579   545   583 0.89 length=1519	scaffold=gi528858395	strand=+
574_g                -           1518 33413                -           1096  7.7e-146  487.6  23.4   3   4   2.4e-59   8.6e-57  192.7   0.5   455   649   650   850   636   856 0.90 length=1519	scaffold=gi528858395	strand=+
574_g                -           1518 33413                -           1096  7.7e-146  487.6  23.4   4   4   2.4e-66   8.5e-64  215.9   3.2   797   978   859  1042   854  1052 0.92 length=1519	scaffold=gi528858395	strand=+
599_g                -           1518 33413                -           1096  7.7e-146  487.6  23.4   1   4   7.2e-26   2.5e-23   81.9   0.0   349   419   382   452   335   457 0.90 length=1519	scaffold=gi527315607	strand=-
599_g                -           1518 33413                -           1096  7.7e-146  487.6  23.4   2   4    0.0026      0.92    7.2   0.0   415   447   547   579   545   583 0.89 length=1519	scaffold=gi527315607	strand=-
599_g                -           1518 33413                -           1096  7.7e-146  487.6  23.4   3   4   2.4e-59   8.6e-57  192.7   0.5   455   649   650   850   636   856 0.90 length=1519	scaffold=gi527315607	strand=-
599_g                -           1518 33413                -           1096  7.7e-146  487.6  23.4   4   4   2.4e-66   8.5e-64  215.9   3.2   797   978   859  1042   854  1052 0.92 length=1519	scaffold=gi527315607	strand=-
7056_g               -           2314 33413                -           1096    4e-130  435.6  49.1   1   7       3.3   1.2e+03   -3.1   5.0   248   318   568   633   513   670 0.52 length=2315	scaffold=gi528858387	strand=+
7056_g               -           2314 33413                -           1096    4e-130  435.6  49.1   2   7   3.5e-31   1.2e-28   99.5   0.0   346   433   734   821   691   829 0.88 length=2315	scaffold=gi528858387	strand=+
7056_g               -           2314 33413                -           1096    4e-130  435.6  49.1   3   7     2e-64     7e-62  209.6   1.1   429   659   854  1080   843  1087 0.92 length=2315	scaffold=gi528858387	strand=+
7056_g               -           2314 33413                -           1096    4e-130  435.6  49.1   4   7   4.8e-22   1.7e-19   69.3   0.0   804   884  1086  1167  1077  1170 0.94 length=2315	scaffold=gi528858387	strand=+
7056_g               -           2314 33413                -           1096    4e-130  435.6  49.1   5   7   5.8e-20   2.1e-17   62.3   0.1   884   926  1207  1249  1191  1258 0.92 length=2315	scaffold=gi528858387	strand=+
7056_g               -           2314 33413                -           1096    4e-130  435.6  49.1   6   7   7.9e-06    0.0028   15.6   0.1   925   979  1348  1403  1345  1442 0.84 length=2315	scaffold=gi528858387	strand=+
7056_g               -           2314 33413                -           1096    4e-130  435.6  49.1   7   7       7.1   2.5e+03   -4.2  19.1   172   318  1764  1906  1726  1937 0.52 length=2315	scaffold=gi528858387	strand=+
7860_g               -           2314 33413                -           1096    4e-130  435.6  49.1   1   7       3.3   1.2e+03   -3.1   5.0   248   318   568   633   513   670 0.52 length=2315	scaffold=gi527311550	strand=-
7860_g               -           2314 33413                -           1096    4e-130  435.6  49.1   2   7   3.5e-31   1.2e-28   99.5   0.0   346   433   734   821   691   829 0.88 length=2315	scaffold=gi527311550	strand=-
7860_g               -           2314 33413                -           1096    4e-130  435.6  49.1   3   7     2e-64     7e-62  209.6   1.1   429   659   854  1080   843  1087 0.92 length=2315	scaffold=gi527311550	strand=-
7860_g               -           2314 33413                -           1096    4e-130  435.6  49.1   4   7   4.8e-22   1.7e-19   69.3   0.0   804   884  1086  1167  1077  1170 0.94 length=2315	scaffold=gi527311550	strand=-
7860_g               -           2314 33413                -           1096    4e-130  435.6  49.1   5   7   5.8e-20   2.1e-17   62.3   0.1   884   926  1207  1249  1191  1258 0.92 length=2315	scaffold=gi527311550	strand=-
7860_g               -           2314 33413                -           1096    4e-130  435.6  49.1   6   7   7.9e-06    0.0028   15.6   0.1   925   979  1348  1403  1345  1442 0.84 length=2315	scaffold=gi527311550	strand=-
7860_g               -           2314 33413                -           1096    4e-130  435.6  49.1   7   7       7.1   2.5e+03   -4.2  19.1   172   318  1764  1906  1726  1937 0.52 length=2315	scaffold=gi527311550	strand=-
11217_g              -           2854 33413                -           1096  3.6e-126  422.5   5.0   1   3   2.3e-34   8.1e-32  110.0   0.1   281   449  1252  1423  1242  1427 0.86 length=2855	scaffold=gi528858383	strand=+
11217_g              -           2854 33413                -           1096  3.6e-126  422.5   5.0   2   3     6e-46   2.1e-43  148.4   0.3   457   627  1477  1661  1472  1678 0.86 length=2855	scaffold=gi528858383	strand=+
11217_g              -           2854 33413                -           1096  3.6e-126  422.5   5.0   3   3   2.9e-57     1e-54  185.9   0.1   798   962  1688  1853  1673  1893 0.90 length=2855	scaffold=gi528858383	strand=+
12014_g              -           2854 33413                -           1096  3.6e-126  422.5   5.0   1   3   2.3e-34   8.1e-32  110.0   0.1   281   449  1252  1423  1242  1427 0.86 length=2855	scaffold=gi527307902	strand=+
12014_g              -           2854 33413                -           1096  3.6e-126  422.5   5.0   2   3     6e-46   2.1e-43  148.4   0.3   457   627  1477  1661  1472  1678 0.86 length=2855	scaffold=gi527307902	strand=+
12014_g              -           2854 33413                -           1096  3.6e-126  422.5   5.0   3   3   2.9e-57     1e-54  185.9   0.1   798   962  1688  1853  1673  1893 0.90 length=2855	scaffold=gi527307902	strand=+
13092_g              -           2556 33413                -           1096   7.7e-95  318.7   1.3   1   3   5.4e-51   1.9e-48  165.1   0.0   285   547   369   629   302   635 0.79 length=2557	scaffold=gi527309735	strand=-
13092_g              -           2556 33413                -           1096   7.7e-95  318.7   1.3   2   3    0.0001     0.036   11.9   1.2   567   655   680   771   667   828 0.85 length=2557	scaffold=gi527309735	strand=-
13092_g              -           2556 33413                -           1096   7.7e-95  318.7   1.3   3   3   3.6e-50   1.3e-47  162.4   1.0   821   957  1212  1349  1204  1372 0.93 length=2557	scaffold=gi527309735	strand=-
9574_g               -           2556 33413                -           1096   7.7e-95  318.7   1.3   1   3   5.4e-51   1.9e-48  165.1   0.0   285   547   369   629   302   635 0.79 length=2557	scaffold=gi528858385	strand=+
9574_g               -           2556 33413                -           1096   7.7e-95  318.7   1.3   2   3    0.0001     0.036   11.9   1.2   567   655   680   771   667   828 0.85 length=2557	scaffold=gi528858385	strand=+
9574_g               -           2556 33413                -           1096   7.7e-95  318.7   1.3   3   3   3.6e-50   1.3e-47  162.4   1.0   821   957  1212  1349  1204  1372 0.93 length=2557	scaffold=gi528858385	strand=+
6735_g               -           2085 33413                -           1096   3.3e-87  293.4   6.9   1   4   1.4e-45     5e-43  147.2   0.0   291   538   616   878   547   904 0.76 length=2086	scaffold=gi528858387	strand=+
6735_g               -           2085 33413                -           1096   3.3e-87  293.4   6.9   2   4   2.6e-09   9.3e-07   27.1   1.2   554   615  1016  1077  1009  1092 0.84 length=2086	scaffold=gi528858387	strand=+
6735_g               -           2085 33413                -           1096   3.3e-87  293.4   6.9   3   4      0.13        47    1.5   0.0   617   651  1254  1289  1245  1306 0.75 length=2086	scaffold=gi528858387	strand=+
6735_g               -           2085 33413                -           1096   3.3e-87  293.4   6.9   4   4   1.6e-36   5.8e-34  117.1   0.1   799   916  1350  1469  1313  1473 0.86 length=2086	scaffold=gi528858387	strand=+
8175_g               -           2085 33413                -           1096   3.3e-87  293.4   6.9   1   4   1.4e-45     5e-43  147.2   0.0   291   538   616   878   547   904 0.76 length=2086	scaffold=gi527311550	strand=-
8175_g               -           2085 33413                -           1096   3.3e-87  293.4   6.9   2   4   2.6e-09   9.3e-07   27.1   1.2   554   615  1016  1077  1009  1092 0.84 length=2086	scaffold=gi527311550	strand=-
8175_g               -           2085 33413                -           1096   3.3e-87  293.4   6.9   3   4      0.13        47    1.5   0.0   617   651  1254  1289  1245  1306 0.75 length=2086	scaffold=gi527311550	strand=-
8175_g               -           2085 33413                -           1096   3.3e-87  293.4   6.9   4   4   1.6e-36   5.8e-34  117.1   0.1   799   916  1350  1469  1313  1473 0.86 length=2086	scaffold=gi527311550	strand=-
6295_g               -           1354 33413                -           1096   5.5e-78  262.9   6.7   1   3      0.15        53    1.4   0.4   605   674   417   489   413   551 0.58 length=1355	scaffold=gi527312496	strand=+
6295_g               -           1354 33413                -           1096   5.5e-78  262.9   6.7   2   3   7.7e-73   2.7e-70  237.4   1.2   264   650   864  1262   743  1268 0.78 length=1355	scaffold=gi527312496	strand=+
6295_g               -           1354 33413                -           1096   5.5e-78  262.9   6.7   3   3   1.3e-12   4.4e-10   38.1   0.4   799   849  1273  1323  1271  1327 0.95 length=1355	scaffold=gi527312496	strand=+
5958_g               -           1431 33413                -           1096   6.8e-78  262.6   6.6   1   3      0.16        56    1.3   0.4   605   674   494   566   490   628 0.58 length=1432	scaffold=gi528858388	strand=-
5958_g               -           1431 33413                -           1096   6.8e-78  262.6   6.6   2   3   8.4e-73     3e-70  237.3   1.2   264   650   941  1339   820  1345 0.78 length=1432	scaffold=gi528858388	strand=-
5958_g               -           1431 33413                -           1096   6.8e-78  262.6   6.6   3   3   1.3e-12   4.7e-10   38.0   0.4   799   849  1350  1400  1348  1404 0.95 length=1432	scaffold=gi528858388	strand=-
1896_g               -           1237 33413                -           1096   5.5e-77  259.6   2.0   1   5   2.4e-54   8.5e-52  176.2   0.1   456   649    27   234    12   239 0.86 length=1238	scaffold=gi528858392	strand=-
1896_g               -           1237 33413                -           1096   5.5e-77  259.6   2.0   2   5   2.9e-13     1e-10   40.2   0.3   802   862   243   303   238   309 0.90 length=1238	scaffold=gi528858392	strand=-
1896_g               -           1237 33413                -           1096   5.5e-77  259.6   2.0   3   5   3.7e-19   1.3e-16   59.7   0.0   880   926   492   538   489   540 0.95 length=1238	scaffold=gi528858392	strand=-
1896_g               -           1237 33413                -           1096   5.5e-77  259.6   2.0   4   5       0.5   1.8e+02   -0.4   0.0   926   954   586   614   583   623 0.91 length=1238	scaffold=gi528858392	strand=-
1896_g               -           1237 33413                -           1096   5.5e-77  259.6   2.0   5   5       6.3   2.2e+03   -4.0   1.0   272   333  1159  1221  1136  1231 0.53 length=1238	scaffold=gi528858392	strand=-
2366_g               -           1237 33413                -           1096   5.5e-77  259.6   2.0   1   5   2.4e-54   8.5e-52  176.2   0.1   456   649    27   234    12   239 0.86 length=1238	scaffold=gi527314726	strand=+
2366_g               -           1237 33413                -           1096   5.5e-77  259.6   2.0   2   5   2.9e-13     1e-10   40.2   0.3   802   862   243   303   238   309 0.90 length=1238	scaffold=gi527314726	strand=+
2366_g               -           1237 33413                -           1096   5.5e-77  259.6   2.0   3   5   3.7e-19   1.3e-16   59.7   0.0   880   926   492   538   489   540 0.95 length=1238	scaffold=gi527314726	strand=+
2366_g               -           1237 33413                -           1096   5.5e-77  259.6   2.0   4   5       0.5   1.8e+02   -0.4   0.0   926   954   586   614   583   623 0.91 length=1238	scaffold=gi527314726	strand=+
2366_g               -           1237 33413                -           1096   5.5e-77  259.6   2.0   5   5       6.3   2.2e+03   -4.0   1.0   272   333  1159  1221  1136  1231 0.53 length=1238	scaffold=gi527314726	strand=+
6599_g               -           2293 33413                -           1096   1.3e-72  245.1   4.6   1   5       1.8   6.2e+02   -2.2   0.1     8    43   174   209   172   226 0.77 length=2294	scaffold=gi527312496	strand=+
6599_g               -           2293 33413                -           1096   1.3e-72  245.1   4.6   2   5   9.9e-17   3.5e-14   51.6   0.0   308   400   629   720   482   724 0.62 length=2294	scaffold=gi527312496	strand=+
6599_g               -           2293 33413                -           1096   1.3e-72  245.1   4.6   3   5   4.5e-27   1.6e-24   85.9   0.1   458   649   892  1109   883  1121 0.81 length=2294	scaffold=gi527312496	strand=+
6599_g               -           2293 33413                -           1096   1.3e-72  245.1   4.6   4   5   4.4e-23   1.5e-20   72.7   0.1   806   897  1125  1236  1120  1238 0.86 length=2294	scaffold=gi527312496	strand=+
6599_g               -           2293 33413                -           1096   1.3e-72  245.1   4.6   5   5   6.7e-10   2.4e-07   29.0   0.0   911   955  1281  1325  1277  1346 0.82 length=2294	scaffold=gi527312496	strand=+
5647_g               -           2191 33413                -           1096   1.7e-72  244.7   5.7   1   5       1.7   5.9e+02   -2.1   0.1     8    43   174   209   172   226 0.77 length=2192	scaffold=gi528858388	strand=-
5647_g               -           2191 33413                -           1096   1.7e-72  244.7   5.7   2   5   8.1e-17   2.8e-14   51.9   0.0   308   400   629   720   482   730 0.63 length=2192	scaffold=gi528858388	strand=-
5647_g               -           2191 33413                -           1096   1.7e-72  244.7   5.7   3   5     4e-27   1.4e-24   86.1   0.1   458   649   790  1007   781  1021 0.81 length=2192	scaffold=gi528858388	strand=-
5647_g               -           2191 33413                -           1096   1.7e-72  244.7   5.7   4   5   3.9e-23   1.4e-20   72.8   0.1   805   897  1022  1134  1012  1136 0.86 length=2192	scaffold=gi528858388	strand=-
5647_g               -           2191 33413                -           1096   1.7e-72  244.7   5.7   5   5   6.4e-10   2.3e-07   29.1   0.0   911   955  1179  1223  1175  1244 0.82 length=2192	scaffold=gi528858388	strand=-
7985_g               -           1076 33413                -           1096   1.6e-57  195.2   2.0   1   4   3.6e-14   1.3e-11   43.2   0.0   343   430   177   274   172   278 0.80 length=1077	scaffold=gi527311550	strand=+
7985_g               -           1076 33413                -           1096   1.6e-57  195.2   2.0   2   4   7.7e-23   2.7e-20   71.9   0.1   455   625   349   523   346   543 0.90 length=1077	scaffold=gi527311550	strand=+
7985_g               -           1076 33413                -           1096   1.6e-57  195.2   2.0   3   4       1.6   5.8e+02   -2.1   0.0   632   653   557   578   548   589 0.81 length=1077	scaffold=gi527311550	strand=+
7985_g               -           1076 33413                -           1096   1.6e-57  195.2   2.0   4   4   1.8e-24   6.4e-22   77.3   0.0   882   982   711   808   702   821 0.89 length=1077	scaffold=gi527311550	strand=+
2926_g               -           2161 33413                -           1096   1.3e-56  192.1  22.5   1   4   6.3e-39   2.2e-36  125.1   0.5   299   549    10   300     1   345 0.75 length=2162	scaffold=gi528858386	strand=+
2926_g               -           2161 33413                -           1096   1.3e-56  192.1  22.5   2   4    0.0056         2    6.1   0.0   630   649   530   549   525   559 0.89 length=2162	scaffold=gi528858386	strand=+
2926_g               -           2161 33413                -           1096   1.3e-56  192.1  22.5   3   4   1.9e-21   6.8e-19   67.2   0.0   801   951   581   748   578   781 0.83 length=2162	scaffold=gi528858386	strand=+
2926_g               -           2161 33413                -           1096   1.3e-56  192.1  22.5   4   4       3.8   1.3e+03   -3.3   4.1   254   338  1341  1425  1284  1438 0.62 length=2162	scaffold=gi528858386	strand=+
3607_g               -           2161 33413                -           1096   1.3e-56  192.1  22.5   1   4   6.3e-39   2.2e-36  125.1   0.5   299   549    10   300     1   345 0.75 length=2162	scaffold=gi527310881	strand=+
3607_g               -           2161 33413                -           1096   1.3e-56  192.1  22.5   2   4    0.0056         2    6.1   0.0   630   649   530   549   525   559 0.89 length=2162	scaffold=gi527310881	strand=+
3607_g               -           2161 33413                -           1096   1.3e-56  192.1  22.5   3   4   1.9e-21   6.8e-19   67.2   0.0   801   951   581   748   578   781 0.83 length=2162	scaffold=gi527310881	strand=+
3607_g               -           2161 33413                -           1096   1.3e-56  192.1  22.5   4   4       3.8   1.3e+03   -3.3   4.1   254   338  1341  1425  1284  1438 0.62 length=2162	scaffold=gi527310881	strand=+
6927_g               -           1810 33413                -           1096   8.1e-54  182.9   3.9   1   4   1.2e-11   4.1e-09   34.9   0.0   358   430   926  1008   916  1012 0.79 length=1811	scaffold=gi528858387	strand=-
6927_g               -           1810 33413                -           1096   8.1e-54  182.9   3.9   2   4   1.6e-22   5.7e-20   70.8   0.1   455   625  1083  1257  1080  1276 0.90 length=1811	scaffold=gi528858387	strand=-
6927_g               -           1810 33413                -           1096   8.1e-54  182.9   3.9   3   4       3.6   1.3e+03   -3.2   0.0   632   653  1291  1312  1285  1321 0.82 length=1811	scaffold=gi528858387	strand=-
6927_g               -           1810 33413                -           1096   8.1e-54  182.9   3.9   4   4   3.4e-24   1.2e-21   76.3   0.0   882   982  1445  1542  1436  1555 0.89 length=1811	scaffold=gi528858387	strand=-
13512_g              -           1810 33413                -           1096     4e-37  127.6   0.1   1   6   9.6e-13   3.4e-10   38.4   0.0   357   471   301   430   280   441 0.75 length=1811	scaffold=gi527309735	strand=-
13512_g              -           1810 33413                -           1096     4e-37  127.6   0.1   2   6       8.1   2.9e+03   -4.4   0.9   208   239   560   590   529   616 0.40 length=1811	scaffold=gi527309735	strand=-
13512_g              -           1810 33413                -           1096     4e-37  127.6   0.1   3   6    0.0005      0.17    9.6   0.0   478   509  1073  1104  1064  1110 0.87 length=1811	scaffold=gi527309735	strand=-
13512_g              -           1810 33413                -           1096     4e-37  127.6   0.1   4   6   9.9e-05     0.035   11.9   0.0   510   532  1212  1234  1199  1240 0.92 length=1811	scaffold=gi527309735	strand=-
13512_g              -           1810 33413                -           1096     4e-37  127.6   0.1   5   6       6.4   2.3e+03   -4.0   3.8   197   245  1554  1600  1524  1638 0.51 length=1811	scaffold=gi527309735	strand=-
13512_g              -           1810 33413                -           1096     4e-37  127.6   0.1   6   6   2.9e-29     1e-26   93.2   0.0   806   949  1637  1783  1634  1800 0.92 length=1811	scaffold=gi527309735	strand=-
9154_g               -           1810 33413                -           1096     4e-37  127.6   0.1   1   6   9.6e-13   3.4e-10   38.4   0.0   357   471   301   430   280   441 0.75 length=1811	scaffold=gi528858385	strand=+
9154_g               -           1810 33413                -           1096     4e-37  127.6   0.1   2   6       8.1   2.9e+03   -4.4   0.9   208   239   560   590   529   616 0.40 length=1811	scaffold=gi528858385	strand=+
9154_g               -           1810 33413                -           1096     4e-37  127.6   0.1   3   6    0.0005      0.17    9.6   0.0   478   509  1073  1104  1064  1110 0.87 length=1811	scaffold=gi528858385	strand=+
9154_g               -           1810 33413                -           1096     4e-37  127.6   0.1   4   6   9.9e-05     0.035   11.9   0.0   510   532  1212  1234  1199  1240 0.92 length=1811	scaffold=gi528858385	strand=+
9154_g               -           1810 33413                -           1096     4e-37  127.6   0.1   5   6       6.4   2.3e+03   -4.0   3.8   197   245  1554  1600  1524  1638 0.51 length=1811	scaffold=gi528858385	strand=+
9154_g               -           1810 33413                -           1096     4e-37  127.6   0.1   6   6   2.9e-29     1e-26   93.2   0.0   806   949  1637  1783  1634  1800 0.92 length=1811	scaffold=gi528858385	strand=+
5957_g               -           1294 33413                -           1096   2.8e-36  124.8   0.2   1   2   8.1e-39   2.8e-36  124.8   0.2   851   956    14   120    10   127 0.96 length=1295	scaffold=gi528858388	strand=-
5957_g               -           1294 33413                -           1096   2.8e-36  124.8   0.2   2   2       3.4   1.2e+03   -3.1   2.4   136   227   410   501   403   516 0.61 length=1295	scaffold=gi528858388	strand=-
6296_g               -           1294 33413                -           1096   2.8e-36  124.8   0.2   1   2   8.1e-39   2.8e-36  124.8   0.2   851   956    14   120    10   127 0.96 length=1295	scaffold=gi527312496	strand=+
6296_g               -           1294 33413                -           1096   2.8e-36  124.8   0.2   2   2       3.4   1.2e+03   -3.1   2.4   136   227   410   501   403   516 0.61 length=1295	scaffold=gi527312496	strand=+
1897_g               -            325 33413                -           1096   5.1e-28   97.5   8.7   1   2   8.7e-11   3.1e-08   32.0   6.7   219   382     4   170     1   172 0.69 length=326	scaffold=gi528858392	strand=-
1897_g               -            325 33413                -           1096   5.1e-28   97.5   8.7   2   2   3.6e-23   1.3e-20   73.0   0.0   381   444   201   264   200   272 0.91 length=326	scaffold=gi528858392	strand=-
2365_g               -            325 33413                -           1096   5.1e-28   97.5   8.7   1   2   8.7e-11   3.1e-08   32.0   6.7   219   382     4   170     1   172 0.69 length=326	scaffold=gi527314726	strand=+
2365_g               -            325 33413                -           1096   5.1e-28   97.5   8.7   2   2   3.6e-23   1.3e-20   73.0   0.0   381   444   201   264   200   272 0.91 length=326	scaffold=gi527314726	strand=+
11285_g              -           1660 33413                -           1096   1.3e-21   76.2   6.2   1   4      0.22        78    0.8   0.0   379   392   760   773   747   775 0.82 length=1661	scaffold=gi528858383	strand=+
11285_g              -           1660 33413                -           1096   1.3e-21   76.2   6.2   2   4    0.0024      0.86    7.3   0.0   467   501  1100  1134  1092  1138 0.90 length=1661	scaffold=gi528858383	strand=+
11285_g              -           1660 33413                -           1096   1.3e-21   76.2   6.2   3   4   2.5e-05    0.0088   13.9   0.4   506   598  1212  1304  1208  1327 0.81 length=1661	scaffold=gi528858383	strand=+
11285_g              -           1660 33413                -           1096   1.3e-21   76.2   6.2   4   4   2.2e-17   7.8e-15   53.8   0.0   819   947  1383  1501  1368  1511 0.88 length=1661	scaffold=gi528858383	strand=+
12082_g              -           1660 33413                -           1096   1.3e-21   76.2   6.2   1   4      0.22        78    0.8   0.0   379   392   760   773   747   775 0.82 length=1661	scaffold=gi527307902	strand=+
12082_g              -           1660 33413                -           1096   1.3e-21   76.2   6.2   2   4    0.0024      0.86    7.3   0.0   467   501  1100  1134  1092  1138 0.90 length=1661	scaffold=gi527307902	strand=+
12082_g              -           1660 33413                -           1096   1.3e-21   76.2   6.2   3   4   2.5e-05    0.0088   13.9   0.4   506   598  1212  1304  1208  1327 0.81 length=1661	scaffold=gi527307902	strand=+
12082_g              -           1660 33413                -           1096   1.3e-21   76.2   6.2   4   4   2.2e-17   7.8e-15   53.8   0.0   819   947  1383  1501  1368  1511 0.88 length=1661	scaffold=gi527307902	strand=+
2001_g               -           1720 33413                -           1096   2.4e-21   75.4   5.4   1   7   0.00027     0.096   10.4   0.0   346   371   693   718   612   725 0.68 length=1721	scaffold=gi528858392	strand=+
2001_g               -           1720 33413                -           1096   2.4e-21   75.4   5.4   2   7     0.003       1.1    7.0   0.3   377   398   843   864   838   868 0.88 length=1721	scaffold=gi528858392	strand=+
2001_g               -           1720 33413                -           1096   2.4e-21   75.4   5.4   3   7     0.041        14    3.3   0.0   408   442   985  1021   980  1042 0.84 length=1721	scaffold=gi528858392	strand=+
2001_g               -           1720 33413                -           1096   2.4e-21   75.4   5.4   4   7    0.0041       1.4    6.6   0.1   512   588  1120  1189  1115  1197 0.76 length=1721	scaffold=gi528858392	strand=+
2001_g               -           1720 33413                -           1096   2.4e-21   75.4   5.4   5   7     0.063        22    2.6   0.0   625   652  1312  1339  1300  1356 0.88 length=1721	scaffold=gi528858392	strand=+
2001_g               -           1720 33413                -           1096   2.4e-21   75.4   5.4   6   7   0.00029       0.1   10.4   0.0   807   872  1508  1587  1504  1591 0.75 length=1721	scaffold=gi528858392	strand=+
2001_g               -           1720 33413                -           1096   2.4e-21   75.4   5.4   7   7     7e-10   2.5e-07   29.0   0.0   877   921  1670  1714  1660  1716 0.91 length=1721	scaffold=gi528858392	strand=+
2258_g               -           1720 33413                -           1096   2.4e-21   75.4   5.4   1   7   0.00027     0.096   10.4   0.0   346   371   693   718   612   725 0.68 length=1721	scaffold=gi527314726	strand=-
2258_g               -           1720 33413                -           1096   2.4e-21   75.4   5.4   2   7     0.003       1.1    7.0   0.3   377   398   843   864   838   868 0.88 length=1721	scaffold=gi527314726	strand=-
2258_g               -           1720 33413                -           1096   2.4e-21   75.4   5.4   3   7     0.041        14    3.3   0.0   408   442   985  1021   980  1042 0.84 length=1721	scaffold=gi527314726	strand=-
2258_g               -           1720 33413                -           1096   2.4e-21   75.4   5.4   4   7    0.0041       1.4    6.6   0.1   512   588  1120  1189  1115  1197 0.76 length=1721	scaffold=gi527314726	strand=-
2258_g               -           1720 33413                -           1096   2.4e-21   75.4   5.4   5   7     0.063        22    2.6   0.0   625   652  1312  1339  1300  1356 0.88 length=1721	scaffold=gi527314726	strand=-
2258_g               -           1720 33413                -           1096   2.4e-21   75.4   5.4   6   7   0.00029       0.1   10.4   0.0   807   872  1508  1587  1504  1591 0.75 length=1721	scaffold=gi527314726	strand=-
2258_g               -           1720 33413                -           1096   2.4e-21   75.4   5.4   7   7     7e-10   2.5e-07   29.0   0.0   877   921  1670  1714  1660  1716 0.91 length=1721	scaffold=gi527314726	strand=-
10809_g              -           5363 33413                -           1096   3.2e-10   38.5   7.6   1   2    0.0033       1.2    6.9   0.1   479   615  1746  1890  1742  1909 0.74 length=5364	scaffold=gi528858383	strand=+
10809_g              -           5363 33413                -           1096   3.2e-10   38.5   7.6   2   2   4.5e-12   1.6e-09   36.2   0.0   862   942  2902  2982  2898  2985 0.94 length=5364	scaffold=gi528858383	strand=+
11606_g              -           5363 33413                -           1096   3.2e-10   38.5   7.6   1   2    0.0033       1.2    6.9   0.1   479   615  1746  1890  1742  1909 0.74 length=5364	scaffold=gi527307902	strand=+
11606_g              -           5363 33413                -           1096   3.2e-10   38.5   7.6   2   2   4.5e-12   1.6e-09   36.2   0.0   862   942  2902  2982  2898  2985 0.94 length=5364	scaffold=gi527307902	strand=+
7854_g               -           3703 33413                -           1096   1.7e-09   36.1   0.0   1   3   4.9e-12   1.7e-09   36.1   0.0   345   435   981  1063   958  1076 0.84 length=3704	scaffold=gi527311550	strand=-
7854_g               -           3703 33413                -           1096   1.7e-09   36.1   0.0   2   3       3.7   1.3e+03   -3.2   5.6   201   342  1717  1859  1651  1873 0.45 length=3704	scaffold=gi527311550	strand=-
7854_g               -           3703 33413                -           1096   1.7e-09   36.1   0.0   3   3     0.068        24    2.5   0.0   847   932  2119  2204  2116  2210 0.89 length=3704	scaffold=gi527311550	strand=-
7062_g               -           3751 33413                -           1096   1.7e-09   36.1   0.0   1   3     5e-12   1.7e-09   36.1   0.0   345   435   981  1063   958  1076 0.84 length=3752	scaffold=gi528858387	strand=+
7062_g               -           3751 33413                -           1096   1.7e-09   36.1   0.0   2   3       3.8   1.3e+03   -3.3   5.6   201   342  1717  1859  1651  1873 0.45 length=3752	scaffold=gi528858387	strand=+
7062_g               -           3751 33413                -           1096   1.7e-09   36.1   0.0   3   3     0.069        24    2.5   0.0   847   932  2119  2204  2116  2210 0.89 length=3752	scaffold=gi528858387	strand=+
12585_g              -           2101 33413                -           1096   8.3e-09   33.8   0.0   1   1   2.3e-11   8.3e-09   33.8   0.0   826   942  1782  1897  1777  1904 0.79 length=2102	scaffold=gi527308984	strand=+
9938_g               -           2101 33413                -           1096   8.3e-09   33.8   0.0   1   1   2.3e-11   8.3e-09   33.8   0.0   826   942  1782  1897  1777  1904 0.79 length=2102	scaffold=gi528858384	strand=-
528_g                -           1437 33413                -           1096   1.2e-08   33.4   0.0   1   1   5.9e-11   2.1e-08   32.5   0.0   216   417   125   344    63   348 0.60 length=1438	scaffold=gi528858395	strand=-
646_g                -           1437 33413                -           1096   1.2e-08   33.4   0.0   1   1   5.9e-11   2.1e-08   32.5   0.0   216   417   125   344    63   348 0.60 length=1438	scaffold=gi527315607	strand=+
12690_g              -           1853 33413                -           1096      0.88    7.3  13.2   1   1    0.0042       1.5    6.5  13.2   265   379   731   845   715   871 0.87 length=1854	scaffold=gi527308984	strand=-
9833_g               -           1853 33413                -           1096      0.88    7.3  13.2   1   1    0.0042       1.5    6.5  13.2   265   379   731   845   715   871 0.87 length=1854	scaffold=gi528858384	strand=+
2735_g               -            171 33413                -           1096       5.5    4.6  13.0   1   1     0.016       5.8    4.6  13.0   223   308    55   140    23   168 0.64 length=172	scaffold=gi528858386	strand=+
3416_g               -            171 33413                -           1096       5.5    4.6  13.0   1   1     0.016       5.8    4.6  13.0   223   308    55   140    23   168 0.64 length=172	scaffold=gi527310881	strand=+
15110_g              -            125 33413                -           1096       7.2    4.2  15.5   1   1     0.022       7.7    4.2  15.5   162   258    17   116     2   125 0.45 length=126	scaffold=gi527306340	strand=+
#
# Program:         hmmsearch
# Version:         3.4 (Aug 2023)
# Pipeline mode:   SEARCH
# Query file:      /home/inf-20-2025/Malaria/busco_downloads/lineages/apicomplexa_odb12/hmms/33413at5794.hmm
# Target file:     /home/inf-20-2025/Malaria/Results/6_nobird_annotation/T_gondii.faa
# Option settings: hmmsearch --domtblout Results/8_busco/T_gondii/run_apicomplexa_odb12/hmmer_output/initial_run_results/33413at5794.out --cpu 1 /home/inf-20-2025/Malaria/busco_downloads/lineages/apicomplexa_odb12/hmms/33413at5794.hmm /home/inf-20-2025/Malaria/Results/6_nobird_annotation/T_gondii.faa 
# Current dir:     /home/inf-20-2025/Malaria
# Date:            Wed Mar  4 18:33:58 2026
# [ok]
