#                                                                            --- full sequence --- -------------- this domain -------------   hmm coord   ali coord   env coord
# target name        accession   tlen query name           accession   qlen   E-value  score  bias   #  of  c-Evalue  i-Evalue  score  bias  from    to  from    to  from    to  acc description of target
#------------------- ---------- ----- -------------------- ---------- ----- --------- ------ ----- --- --- --------- --------- ------ ----- ----- ----- ----- ----- ----- ----- ---- ---------------------
10911_g              -            345 35146                -            260  7.6e-122  405.4   2.0   1   2  3.5e-120  9.3e-117  388.8   1.6     1   245     1   249     1   252 0.97 length=346	scaffold=gi528858383	strand=-
10911_g              -            345 35146                -            260  7.6e-122  405.4   2.0   2   2   3.4e-06     0.009   15.2   0.0   242   259   279   296   274   297 0.90 length=346	scaffold=gi528858383	strand=-
11708_g              -            345 35146                -            260  7.6e-122  405.4   2.0   1   2  3.5e-120  9.3e-117  388.8   1.6     1   245     1   249     1   252 0.97 length=346	scaffold=gi527307902	strand=-
11708_g              -            345 35146                -            260  7.6e-122  405.4   2.0   2   2   3.4e-06     0.009   15.2   0.0   242   259   279   296   274   297 0.90 length=346	scaffold=gi527307902	strand=-
2352_g               -            287 35146                -            260   5.2e-47  160.1   0.7   1   2   1.4e-48   3.8e-45  154.0   0.5     1   241     1   241     1   246 0.86 length=288	scaffold=gi527314726	strand=+
2352_g               -            287 35146                -            260   5.2e-47  160.1   0.7   2   2    0.0066        17    4.4   0.0   245   259   272   286   260   287 0.87 length=288	scaffold=gi527314726	strand=+
1909_g               -            273 35146                -            260     9e-44  149.6   0.6   1   2   2.7e-45   7.1e-42  143.3   0.4    16   241     1   227     1   232 0.86 length=274	scaffold=gi528858392	strand=-
1909_g               -            273 35146                -            260     9e-44  149.6   0.6   2   2    0.0062        16    4.5   0.0   245   259   258   272   246   273 0.87 length=274	scaffold=gi528858392	strand=-
6107_g               -            954 35146                -            260     0.056   12.6   0.0   1   1   3.4e-05      0.09   11.9   0.0     3    63     4    64     2    78 0.92 length=955	scaffold=gi528858388	strand=-
6146_g               -            954 35146                -            260     0.056   12.6   0.0   1   1   3.4e-05      0.09   11.9   0.0     3    63     4    64     2    78 0.92 length=955	scaffold=gi527312496	strand=+
#
# Program:         hmmsearch
# Version:         3.4 (Aug 2023)
# Pipeline mode:   SEARCH
# Query file:      /home/inf-20-2025/Malaria/busco_downloads/lineages/apicomplexa_odb12/hmms/35146at5794.hmm
# Target file:     /home/inf-20-2025/Malaria/Results/6_nobird_annotation/T_gondii.faa
# Option settings: hmmsearch --domtblout Results/8_busco/T_gondii/run_apicomplexa_odb12/hmmer_output/initial_run_results/35146at5794.out --cpu 1 /home/inf-20-2025/Malaria/busco_downloads/lineages/apicomplexa_odb12/hmms/35146at5794.hmm /home/inf-20-2025/Malaria/Results/6_nobird_annotation/T_gondii.faa 
# Current dir:     /home/inf-20-2025/Malaria
# Date:            Wed Mar  4 18:33:15 2026
# [ok]
