#                                                                            --- full sequence --- -------------- this domain -------------   hmm coord   ali coord   env coord
# target name        accession   tlen query name           accession   qlen   E-value  score  bias   #  of  c-Evalue  i-Evalue  score  bias  from    to  from    to  from    to  acc description of target
#------------------- ---------- ----- -------------------- ---------- ----- --------- ------ ----- --- --- --------- --------- ------ ----- ----- ----- ----- ----- ----- ----- ---- ---------------------
4808_g               -           2494 36223                -            261  9.8e-108  359.2   0.1   1   2   1.4e-07   7.1e-05   22.0   0.0     2    37   889   924   888   937 0.84 length=2495	scaffold=gi528858389	strand=-
4808_g               -           2494 36223                -            261  9.8e-108  359.2   0.1   2   2  5.2e-103  2.6e-100  334.9   0.0    35   259  1079  1310  1074  1312 0.95 length=2495	scaffold=gi528858389	strand=-
5280_g               -           2494 36223                -            261  9.8e-108  359.2   0.1   1   2   1.4e-07   7.1e-05   22.0   0.0     2    37   889   924   888   937 0.84 length=2495	scaffold=gi527313191	strand=-
5280_g               -           2494 36223                -            261  9.8e-108  359.2   0.1   2   2  5.2e-103  2.6e-100  334.9   0.0    35   259  1079  1310  1074  1312 0.95 length=2495	scaffold=gi527313191	strand=-
13547_g              -           1662 36223                -            261   7.4e-43  146.5  15.6   1   6       2.8   1.4e+03   -1.9   0.0    12    42   728   758   724   764 0.89 length=1663	scaffold=gi527309735	strand=-
13547_g              -           1662 36223                -            261   7.4e-43  146.5  15.6   2   6   7.7e-16   3.8e-13   49.1   0.0    72   112   975  1015   968  1019 0.93 length=1663	scaffold=gi527309735	strand=-
13547_g              -           1662 36223                -            261   7.4e-43  146.5  15.6   3   6   2.4e-29   1.2e-26   93.4   4.0   107   209  1174  1280  1168  1286 0.87 length=1663	scaffold=gi527309735	strand=-
13547_g              -           1662 36223                -            261   7.4e-43  146.5  15.6   4   6       2.4   1.2e+03   -1.6   3.9   169   211  1310  1354  1304  1359 0.87 length=1663	scaffold=gi527309735	strand=-
13547_g              -           1662 36223                -            261   7.4e-43  146.5  15.6   5   6     0.013       6.5    5.8   0.0   209   255  1427  1472  1410  1477 0.86 length=1663	scaffold=gi527309735	strand=-
13547_g              -           1662 36223                -            261   7.4e-43  146.5  15.6   6   6       7.1   3.5e+03   -3.2   0.0    71    86  1624  1639  1620  1640 0.87 length=1663	scaffold=gi527309735	strand=-
9118_g               -           1662 36223                -            261   7.4e-43  146.5  15.6   1   6       2.8   1.4e+03   -1.9   0.0    12    42   728   758   724   764 0.89 length=1663	scaffold=gi528858385	strand=+
9118_g               -           1662 36223                -            261   7.4e-43  146.5  15.6   2   6   7.7e-16   3.8e-13   49.1   0.0    72   112   975  1015   968  1019 0.93 length=1663	scaffold=gi528858385	strand=+
9118_g               -           1662 36223                -            261   7.4e-43  146.5  15.6   3   6   2.4e-29   1.2e-26   93.4   4.0   107   209  1174  1280  1168  1286 0.87 length=1663	scaffold=gi528858385	strand=+
9118_g               -           1662 36223                -            261   7.4e-43  146.5  15.6   4   6       2.4   1.2e+03   -1.6   3.9   169   211  1310  1354  1304  1359 0.87 length=1663	scaffold=gi528858385	strand=+
9118_g               -           1662 36223                -            261   7.4e-43  146.5  15.6   5   6     0.013       6.5    5.8   0.0   209   255  1427  1472  1410  1477 0.86 length=1663	scaffold=gi528858385	strand=+
9118_g               -           1662 36223                -            261   7.4e-43  146.5  15.6   6   6       7.1   3.5e+03   -3.2   0.0    71    86  1624  1639  1620  1640 0.87 length=1663	scaffold=gi528858385	strand=+
3936_g               -           3031 36223                -            261   4.6e-33  114.4   1.7   1   2   1.2e-20   6.1e-18   64.9   0.0    51   140   601   690   587   699 0.91 length=3032	scaffold=gi528858391	strand=+
3936_g               -           3031 36223                -            261   4.6e-33  114.4   1.7   2   2   1.8e-15   9.1e-13   47.9   0.8   144   221   746   824   738   832 0.90 length=3032	scaffold=gi528858391	strand=+
8716_g               -           3031 36223                -            261   4.6e-33  114.4   1.7   1   2   1.2e-20   6.1e-18   64.9   0.0    51   140   601   690   587   699 0.91 length=3032	scaffold=gi527314479	strand=+
8716_g               -           3031 36223                -            261   4.6e-33  114.4   1.7   2   2   1.8e-15   9.1e-13   47.9   0.8   144   221   746   824   738   832 0.90 length=3032	scaffold=gi527314479	strand=+
1673_g               -           1866 36223                -            261   5.5e-29  101.1   2.4   1   3      0.27   1.4e+02    1.4   0.0     3    42  1028  1066  1026  1082 0.76 length=1867	scaffold=gi527315322	strand=-
1673_g               -           1866 36223                -            261   5.5e-29  101.1   2.4   2   3       7.5   3.7e+03   -3.3   0.0    52    70  1258  1276  1255  1279 0.81 length=1867	scaffold=gi527315322	strand=-
1673_g               -           1866 36223                -            261   5.5e-29  101.1   2.4   3   3     3e-30   1.5e-27   96.4   2.6    74   226  1484  1640  1476  1648 0.92 length=1867	scaffold=gi527315322	strand=-
856_g                -           1866 36223                -            261   5.5e-29  101.1   2.4   1   3      0.27   1.4e+02    1.4   0.0     3    42  1028  1066  1026  1082 0.76 length=1867	scaffold=gi528858394	strand=-
856_g                -           1866 36223                -            261   5.5e-29  101.1   2.4   2   3       7.5   3.7e+03   -3.3   0.0    52    70  1258  1276  1255  1279 0.81 length=1867	scaffold=gi528858394	strand=-
856_g                -           1866 36223                -            261   5.5e-29  101.1   2.4   3   3     3e-30   1.5e-27   96.4   2.6    74   226  1484  1640  1476  1648 0.92 length=1867	scaffold=gi528858394	strand=-
2575_g               -           3987 36223                -            261   1.4e-23   83.4   0.1   1   1   4.6e-26   2.3e-23   82.7   0.1    86   225  3800  3948  3789  3960 0.84 length=3988	scaffold=gi528858386	strand=-
3256_g               -           3987 36223                -            261   1.4e-23   83.4   0.1   1   1   4.6e-26   2.3e-23   82.7   0.1    86   225  3800  3948  3789  3960 0.84 length=3988	scaffold=gi527310881	strand=-
10667_g              -            417 36223                -            261   7.2e-21   74.5   0.6   1   2   0.00015     0.075   12.1   0.0     3    73   171   252   169   258 0.67 length=418	scaffold=gi528858383	strand=+
10667_g              -            417 36223                -            261   7.2e-21   74.5   0.6   2   2   3.6e-19   1.8e-16   60.1   0.6   150   257   290   391   286   395 0.85 length=418	scaffold=gi528858383	strand=+
11464_g              -            417 36223                -            261   7.2e-21   74.5   0.6   1   2   0.00015     0.075   12.1   0.0     3    73   171   252   169   258 0.67 length=418	scaffold=gi527307902	strand=+
11464_g              -            417 36223                -            261   7.2e-21   74.5   0.6   2   2   3.6e-19   1.8e-16   60.1   0.6   150   257   290   391   286   395 0.85 length=418	scaffold=gi527307902	strand=+
2855_g               -           1850 36223                -            261   1.9e-19   69.8   4.3   1   4   8.6e-08   4.3e-05   22.8   0.0    52    88   553   589   547   593 0.92 length=1851	scaffold=gi528858386	strand=+
2855_g               -           1850 36223                -            261   1.9e-19   69.8   4.3   2   4   2.4e-06    0.0012   18.0   0.0    86   109   629   652   616   657 0.85 length=1851	scaffold=gi528858386	strand=+
2855_g               -           1850 36223                -            261   1.9e-19   69.8   4.3   3   4      0.55   2.7e+02    0.4   0.0   110   154   736   786   727   798 0.76 length=1851	scaffold=gi528858386	strand=+
2855_g               -           1850 36223                -            261   1.9e-19   69.8   4.3   4   4   7.5e-09   3.7e-06   26.2   0.4   157   231   876   948   869   962 0.86 length=1851	scaffold=gi528858386	strand=+
3536_g               -           1850 36223                -            261   1.9e-19   69.8   4.3   1   4   8.6e-08   4.3e-05   22.8   0.0    52    88   553   589   547   593 0.92 length=1851	scaffold=gi527310881	strand=+
3536_g               -           1850 36223                -            261   1.9e-19   69.8   4.3   2   4   2.4e-06    0.0012   18.0   0.0    86   109   629   652   616   657 0.85 length=1851	scaffold=gi527310881	strand=+
3536_g               -           1850 36223                -            261   1.9e-19   69.8   4.3   3   4      0.55   2.7e+02    0.4   0.0   110   154   736   786   727   798 0.76 length=1851	scaffold=gi527310881	strand=+
3536_g               -           1850 36223                -            261   1.9e-19   69.8   4.3   4   4   7.5e-09   3.7e-06   26.2   0.4   157   231   876   948   869   962 0.86 length=1851	scaffold=gi527310881	strand=+
12454_g              -           2993 36223                -            261   4.1e-19   68.7   0.1   1   1   1.3e-21   6.3e-19   68.1   0.1    76   194  2815  2941  2808  2950 0.83 length=2994	scaffold=gi527308984	strand=+
10067_g              -           3196 36223                -            261   4.4e-19   68.6   0.1   1   1   1.4e-21   6.8e-19   68.0   0.1    76   194  2977  3103  2970  3112 0.83 length=3197	scaffold=gi528858384	strand=-
10475_g              -           3740 36223                -            261   1.6e-17   63.5   0.0   1   1   4.9e-20   2.4e-17   62.9   0.0     7   225  1236  1466  1231  1477 0.84 length=3741	scaffold=gi528858384	strand=-
12784_g              -           3740 36223                -            261   1.6e-17   63.5   0.0   1   1   4.9e-20   2.4e-17   62.9   0.0     7   225  1236  1466  1231  1477 0.84 length=3741	scaffold=gi527308853	strand=+
12911_g              -            810 36223                -            261   9.5e-16   57.7   0.6   1   3   2.1e-12   1.1e-09   37.9   0.0    36   115   148   228   132   233 0.85 length=811	scaffold=gi527309735	strand=-
12911_g              -            810 36223                -            261   9.5e-16   57.7   0.6   2   3       2.4   1.2e+03   -1.7   0.0   111   131   253   273   241   276 0.81 length=811	scaffold=gi527309735	strand=-
12911_g              -            810 36223                -            261   9.5e-16   57.7   0.6   3   3   7.4e-06    0.0037   16.4   0.6   149   192   335   378   324   383 0.92 length=811	scaffold=gi527309735	strand=-
9751_g               -            810 36223                -            261   9.5e-16   57.7   0.6   1   3   2.1e-12   1.1e-09   37.9   0.0    36   115   148   228   132   233 0.85 length=811	scaffold=gi528858385	strand=+
9751_g               -            810 36223                -            261   9.5e-16   57.7   0.6   2   3       2.4   1.2e+03   -1.7   0.0   111   131   253   273   241   276 0.81 length=811	scaffold=gi528858385	strand=+
9751_g               -            810 36223                -            261   9.5e-16   57.7   0.6   3   3   7.4e-06    0.0037   16.4   0.6   149   192   335   378   324   383 0.92 length=811	scaffold=gi528858385	strand=+
5772_g               -           1124 36223                -            261   6.1e-14   51.8   0.2   1   2   1.4e-06    0.0007   18.8   0.0     3    72   478   550   476   555 0.80 length=1125	scaffold=gi528858388	strand=-
5772_g               -           1124 36223                -            261   6.1e-14   51.8   0.2   2   2   2.9e-10   1.4e-07   30.9   0.0    75   124   596   643   590   676 0.83 length=1125	scaffold=gi528858388	strand=-
6476_g               -           1124 36223                -            261   6.1e-14   51.8   0.2   1   2   1.4e-06    0.0007   18.8   0.0     3    72   478   550   476   555 0.80 length=1125	scaffold=gi527312496	strand=+
6476_g               -           1124 36223                -            261   6.1e-14   51.8   0.2   2   2   2.9e-10   1.4e-07   30.9   0.0    75   124   596   643   590   676 0.83 length=1125	scaffold=gi527312496	strand=+
11108_g              -           2322 36223                -            261   3.5e-08   32.9   0.5   1   1   1.1e-10   5.5e-08   32.2   0.5   148   228  1690  1770  1634  1779 0.92 length=2323	scaffold=gi528858383	strand=-
11905_g              -           2322 36223                -            261   3.5e-08   32.9   0.5   1   1   1.1e-10   5.5e-08   32.2   0.5   148   228  1690  1770  1634  1779 0.92 length=2323	scaffold=gi527307902	strand=-
7028_g               -           2086 36223                -            261   0.00014   21.1   0.9   1   2     0.078        39    3.2   0.0    50    82   812   848   787   853 0.73 length=2087	scaffold=gi528858387	strand=+
7028_g               -           2086 36223                -            261   0.00014   21.1   0.9   2   2   1.6e-05    0.0078   15.3   0.7   101   227  1535  1678  1532  1688 0.72 length=2087	scaffold=gi528858387	strand=+
7884_g               -           2086 36223                -            261   0.00014   21.1   0.9   1   2     0.078        39    3.2   0.0    50    82   812   848   787   853 0.73 length=2087	scaffold=gi527311550	strand=-
7884_g               -           2086 36223                -            261   0.00014   21.1   0.9   2   2   1.6e-05    0.0078   15.3   0.7   101   227  1535  1678  1532  1688 0.72 length=2087	scaffold=gi527311550	strand=-
13519_g              -            315 36223                -            261   0.00092   18.4   0.8   1   1   4.8e-06    0.0024   17.0   0.8    92   216    99   225    64   244 0.68 length=316	scaffold=gi527309735	strand=-
9147_g               -            315 36223                -            261   0.00092   18.4   0.8   1   1   4.8e-06    0.0024   17.0   0.8    92   216    99   225    64   244 0.68 length=316	scaffold=gi528858385	strand=+
4082_g               -           1448 36223                -            261    0.0031   16.7   0.2   1   2      0.25   1.2e+02    1.6   0.0    86   106  1015  1035   942  1046 0.57 length=1449	scaffold=gi528858391	strand=+
4082_g               -           1448 36223                -            261    0.0031   16.7   0.2   2   2   0.00018     0.092   11.8   0.1   113   192  1250  1333  1242  1343 0.74 length=1449	scaffold=gi528858391	strand=+
8862_g               -           1448 36223                -            261    0.0031   16.7   0.2   1   2      0.25   1.2e+02    1.6   0.0    86   106  1015  1035   942  1046 0.57 length=1449	scaffold=gi527314344	strand=+
8862_g               -           1448 36223                -            261    0.0031   16.7   0.2   2   2   0.00018     0.092   11.8   0.1   113   192  1250  1333  1242  1343 0.74 length=1449	scaffold=gi527314344	strand=+
13068_g              -           3847 36223                -            261    0.0062   15.7   0.1   1   1   2.6e-05     0.013   14.7   0.1    78   214  3016  3162  2998  3173 0.70 length=3848	scaffold=gi527309735	strand=-
9598_g               -           3922 36223                -            261    0.0064   15.6   0.1   1   1   2.6e-05     0.013   14.6   0.1    78   214  3122  3268  3104  3279 0.70 length=3923	scaffold=gi528858385	strand=+
#
# Program:         hmmsearch
# Version:         3.4 (Aug 2023)
# Pipeline mode:   SEARCH
# Query file:      /home/inf-20-2025/Malaria/busco_downloads/lineages/apicomplexa_odb12/hmms/36223at5794.hmm
# Target file:     /home/inf-20-2025/Malaria/Results/6_nobird_annotation/T_gondii.faa
# Option settings: hmmsearch --domtblout Results/8_busco/T_gondii/run_apicomplexa_odb12/hmmer_output/initial_run_results/36223at5794.out --cpu 1 /home/inf-20-2025/Malaria/busco_downloads/lineages/apicomplexa_odb12/hmms/36223at5794.hmm /home/inf-20-2025/Malaria/Results/6_nobird_annotation/T_gondii.faa 
# Current dir:     /home/inf-20-2025/Malaria
# Date:            Wed Mar  4 18:33:09 2026
# [ok]
