#                                                                            --- full sequence --- -------------- this domain -------------   hmm coord   ali coord   env coord
# target name        accession   tlen query name           accession   qlen   E-value  score  bias   #  of  c-Evalue  i-Evalue  score  bias  from    to  from    to  from    to  acc description of target
#------------------- ---------- ----- -------------------- ---------- ----- --------- ------ ----- --- --- --------- --------- ------ ----- ----- ----- ----- ----- ----- ----- ---- ---------------------
6048_g               -            282 37207                -            172   4.1e-63  211.9  14.2   1   3      0.39     1e+03   -1.0   1.8    57    80    22    41     3    55 0.41 length=283	scaffold=gi528858388	strand=+
6048_g               -            282 37207                -            172   4.1e-63  211.9  14.2   2   3   5.5e-20   1.5e-16   60.3   0.3     5    73    80   149    76   165 0.87 length=283	scaffold=gi528858388	strand=+
6048_g               -            282 37207                -            172   4.1e-63  211.9  14.2   3   3   1.2e-50   3.1e-47  160.2   0.7    69   172   179   282   153   282 0.94 length=283	scaffold=gi528858388	strand=+
6204_g               -            282 37207                -            172   4.1e-63  211.9  14.2   1   3      0.39     1e+03   -1.0   1.8    57    80    22    41     3    55 0.41 length=283	scaffold=gi527312496	strand=-
6204_g               -            282 37207                -            172   4.1e-63  211.9  14.2   2   3   5.5e-20   1.5e-16   60.3   0.3     5    73    80   149    76   165 0.87 length=283	scaffold=gi527312496	strand=-
6204_g               -            282 37207                -            172   4.1e-63  211.9  14.2   3   3   1.2e-50   3.1e-47  160.2   0.7    69   172   179   282   153   282 0.94 length=283	scaffold=gi527312496	strand=-
1915_g               -            645 37207                -            172     0.011   15.2   1.6   1   1   8.4e-06     0.022   14.2   1.6     4    70   543   609   539   627 0.70 length=646	scaffold=gi528858392	strand=+
2346_g               -            645 37207                -            172     0.011   15.2   1.6   1   1   8.4e-06     0.022   14.2   1.6     4    70   543   609   539   627 0.70 length=646	scaffold=gi527314726	strand=-
2052_g               -            960 37207                -            172      0.24   10.8   2.2   1   2   8.9e-05      0.24   10.8   0.1    87   138   724   775   710   789 0.78 length=961	scaffold=gi528858392	strand=+
2052_g               -            960 37207                -            172      0.24   10.8   2.2   2   2       1.5     4e+03   -2.9   0.3    77   101   838   862   816   866 0.74 length=961	scaffold=gi528858392	strand=+
2206_g               -            960 37207                -            172      0.24   10.8   2.2   1   2   8.9e-05      0.24   10.8   0.1    87   138   724   775   710   789 0.78 length=961	scaffold=gi527314726	strand=-
2206_g               -            960 37207                -            172      0.24   10.8   2.2   2   2       1.5     4e+03   -2.9   0.3    77   101   838   862   816   866 0.74 length=961	scaffold=gi527314726	strand=-
#
# Program:         hmmsearch
# Version:         3.4 (Aug 2023)
# Pipeline mode:   SEARCH
# Query file:      /home/inf-20-2025/Malaria/busco_downloads/lineages/apicomplexa_odb12/hmms/37207at5794.hmm
# Target file:     /home/inf-20-2025/Malaria/Results/6_nobird_annotation/T_gondii.faa
# Option settings: hmmsearch --domtblout Results/8_busco/T_gondii/run_apicomplexa_odb12/hmmer_output/initial_run_results/37207at5794.out --cpu 1 /home/inf-20-2025/Malaria/busco_downloads/lineages/apicomplexa_odb12/hmms/37207at5794.hmm /home/inf-20-2025/Malaria/Results/6_nobird_annotation/T_gondii.faa 
# Current dir:     /home/inf-20-2025/Malaria
# Date:            Wed Mar  4 18:33:12 2026
# [ok]
