#                                                                            --- full sequence --- -------------- this domain -------------   hmm coord   ali coord   env coord
# target name        accession   tlen query name           accession   qlen   E-value  score  bias   #  of  c-Evalue  i-Evalue  score  bias  from    to  from    to  from    to  acc description of target
#------------------- ---------- ----- -------------------- ---------- ----- --------- ------ ----- --- --- --------- --------- ------ ----- ----- ----- ----- ----- ----- ----- ---- ---------------------
10068_g              -           1170 37309                -            348  3.1e-104  348.4   0.0   1   4       0.1        24    3.4   0.0    18    68   563   616   544   625 0.69 length=1171	scaffold=gi528858384	strand=+
10068_g              -           1170 37309                -            348  3.1e-104  348.4   0.0   2   4   4.3e-22     1e-19   70.4   0.0    62   119   642   698   620   701 0.88 length=1171	scaffold=gi528858384	strand=+
10068_g              -           1170 37309                -            348  3.1e-104  348.4   0.0   3   4   5.3e-52   1.3e-49  168.7   0.0   113   200   873   960   867   962 0.97 length=1171	scaffold=gi528858384	strand=+
10068_g              -           1170 37309                -            348  3.1e-104  348.4   0.0   4   4   5.2e-31   1.3e-28   99.7   0.0   249   329  1053  1133  1044  1170 0.91 length=1171	scaffold=gi528858384	strand=+
12453_g              -           1187 37309                -            348  3.3e-104  348.3   0.0   1   4     0.098        24    3.4   0.0    18    68   580   633   561   647 0.71 length=1188	scaffold=gi527308984	strand=-
12453_g              -           1187 37309                -            348  3.3e-104  348.3   0.0   2   4   4.3e-22   1.1e-19   70.4   0.0    62   119   659   715   637   718 0.88 length=1188	scaffold=gi527308984	strand=-
12453_g              -           1187 37309                -            348  3.3e-104  348.3   0.0   3   4   5.4e-52   1.3e-49  168.7   0.0   113   200   890   977   884   979 0.97 length=1188	scaffold=gi527308984	strand=-
12453_g              -           1187 37309                -            348  3.3e-104  348.3   0.0   4   4   5.3e-31   1.3e-28   99.7   0.0   249   329  1070  1150  1061  1187 0.91 length=1188	scaffold=gi527308984	strand=-
7100_g               -           1464 37309                -            348   7.3e-97  324.1   0.0   1   4   1.4e-53   3.5e-51  173.9   0.0    72   336   727   991   711   995 0.89 length=1465	scaffold=gi528858387	strand=-
7100_g               -           1464 37309                -            348   7.3e-97  324.1   0.0   2   4   7.8e-43   1.9e-40  138.6   0.0    70   249   998  1182   991  1197 0.91 length=1465	scaffold=gi528858387	strand=-
7100_g               -           1464 37309                -            348   7.3e-97  324.1   0.0   3   4    0.0076       1.9    7.1   0.0   269   295  1259  1285  1245  1292 0.87 length=1465	scaffold=gi528858387	strand=-
7100_g               -           1464 37309                -            348   7.3e-97  324.1   0.0   4   4       9.2   2.2e+03   -3.1   0.0    83   109  1381  1407  1302  1411 0.68 length=1465	scaffold=gi528858387	strand=-
7816_g               -           1464 37309                -            348   7.3e-97  324.1   0.0   1   4   1.4e-53   3.5e-51  173.9   0.0    72   336   727   991   711   995 0.89 length=1465	scaffold=gi527311550	strand=+
7816_g               -           1464 37309                -            348   7.3e-97  324.1   0.0   2   4   7.8e-43   1.9e-40  138.6   0.0    70   249   998  1182   991  1197 0.91 length=1465	scaffold=gi527311550	strand=+
7816_g               -           1464 37309                -            348   7.3e-97  324.1   0.0   3   4    0.0076       1.9    7.1   0.0   269   295  1259  1285  1245  1292 0.87 length=1465	scaffold=gi527311550	strand=+
7816_g               -           1464 37309                -            348   7.3e-97  324.1   0.0   4   4       9.2   2.2e+03   -3.1   0.0    83   109  1381  1407  1302  1411 0.68 length=1465	scaffold=gi527311550	strand=+
13183_g              -           1306 37309                -            348   4.8e-70  235.9   0.0   1   6   2.2e-09   5.3e-07   28.6   0.0    65   136   415   487   358   493 0.81 length=1307	scaffold=gi527309735	strand=+
13183_g              -           1306 37309                -            348   4.8e-70  235.9   0.0   2   6     0.013       3.1    6.4   0.0   167   184   651   668   644   671 0.87 length=1307	scaffold=gi527309735	strand=+
13183_g              -           1306 37309                -            348   4.8e-70  235.9   0.0   3   6     5e-10   1.2e-07   30.7   0.0   196   291   731   824   726   839 0.90 length=1307	scaffold=gi527309735	strand=+
13183_g              -           1306 37309                -            348   4.8e-70  235.9   0.0   4   6      0.45   1.1e+02    1.3   0.0   314   338   870   894   852   902 0.85 length=1307	scaffold=gi527309735	strand=+
13183_g              -           1306 37309                -            348   4.8e-70  235.9   0.0   5   6   8.4e-47   2.1e-44  151.6   0.0    68   254   897  1086   866  1095 0.90 length=1307	scaffold=gi527309735	strand=+
13183_g              -           1306 37309                -            348   4.8e-70  235.9   0.0   6   6    0.0017      0.41    9.3   0.1   267   305  1190  1228  1171  1268 0.83 length=1307	scaffold=gi527309735	strand=+
9483_g               -           1306 37309                -            348   4.8e-70  235.9   0.0   1   6   2.2e-09   5.3e-07   28.6   0.0    65   136   415   487   358   493 0.81 length=1307	scaffold=gi528858385	strand=-
9483_g               -           1306 37309                -            348   4.8e-70  235.9   0.0   2   6     0.013       3.1    6.4   0.0   167   184   651   668   644   671 0.87 length=1307	scaffold=gi528858385	strand=-
9483_g               -           1306 37309                -            348   4.8e-70  235.9   0.0   3   6     5e-10   1.2e-07   30.7   0.0   196   291   731   824   726   839 0.90 length=1307	scaffold=gi528858385	strand=-
9483_g               -           1306 37309                -            348   4.8e-70  235.9   0.0   4   6      0.45   1.1e+02    1.3   0.0   314   338   870   894   852   902 0.85 length=1307	scaffold=gi528858385	strand=-
9483_g               -           1306 37309                -            348   4.8e-70  235.9   0.0   5   6   8.4e-47   2.1e-44  151.6   0.0    68   254   897  1086   866  1095 0.90 length=1307	scaffold=gi528858385	strand=-
9483_g               -           1306 37309                -            348   4.8e-70  235.9   0.0   6   6    0.0017      0.41    9.3   0.1   267   305  1190  1228  1171  1268 0.83 length=1307	scaffold=gi528858385	strand=-
4577_g               -            324 37309                -            348   7.2e-59  199.2   0.0   1   2   5.7e-44   1.4e-41  142.3   0.0    64   205    22   164     2   171 0.90 length=325	scaffold=gi528858390	strand=+
4577_g               -            324 37309                -            348   7.2e-59  199.2   0.0   2   2     2e-17   4.9e-15   55.0   0.0   208   290   185   263   178   311 0.85 length=325	scaffold=gi528858390	strand=+
8592_g               -            324 37309                -            348   7.2e-59  199.2   0.0   1   2   5.7e-44   1.4e-41  142.3   0.0    64   205    22   164     2   171 0.90 length=325	scaffold=gi527313757	strand=+
8592_g               -            324 37309                -            348   7.2e-59  199.2   0.0   2   2     2e-17   4.9e-15   55.0   0.0   208   290   185   263   178   311 0.85 length=325	scaffold=gi527313757	strand=+
6809_g               -           1363 37309                -            348     1e-49  169.1   0.0   1   3    0.0014      0.35    9.5   0.0    97   144   474   524   409   526 0.84 length=1364	scaffold=gi528858387	strand=+
6809_g               -           1363 37309                -            348     1e-49  169.1   0.0   2   3    0.0028      0.69    8.5   0.0   151   249   578   689   574   694 0.70 length=1364	scaffold=gi528858387	strand=+
6809_g               -           1363 37309                -            348     1e-49  169.1   0.0   3   3   9.7e-45   2.4e-42  144.9   0.0    70   250   979  1166   951  1184 0.90 length=1364	scaffold=gi528858387	strand=+
8103_g               -           1363 37309                -            348     1e-49  169.1   0.0   1   3    0.0014      0.35    9.5   0.0    97   144   474   524   409   526 0.84 length=1364	scaffold=gi527311550	strand=-
8103_g               -           1363 37309                -            348     1e-49  169.1   0.0   2   3    0.0028      0.69    8.5   0.0   151   249   578   689   574   694 0.70 length=1364	scaffold=gi527311550	strand=-
8103_g               -           1363 37309                -            348     1e-49  169.1   0.0   3   3   9.7e-45   2.4e-42  144.9   0.0    70   250   979  1166   951  1184 0.90 length=1364	scaffold=gi527311550	strand=-
558_g                -            899 37309                -            348   1.2e-46  158.9   0.2   1   1   3.2e-48   7.7e-46  156.3   0.0   103   294   610   807   600   816 0.86 length=900	scaffold=gi528858395	strand=-
615_g                -            899 37309                -            348   1.2e-46  158.9   0.2   1   1   3.2e-48   7.7e-46  156.3   0.0   103   294   610   807   600   816 0.86 length=900	scaffold=gi527315607	strand=+
557_g                -            487 37309                -            348   2.2e-44  151.6   0.0   1   1   1.8e-46   4.3e-44  150.6   0.0   106   299   113   306    95   310 0.91 length=488	scaffold=gi528858395	strand=-
616_g                -            487 37309                -            348   2.2e-44  151.6   0.0   1   1   1.8e-46   4.3e-44  150.6   0.0   106   299   113   306    95   310 0.91 length=488	scaffold=gi527315607	strand=+
13644_g              -            415 37309                -            348   3.4e-43  147.6   0.0   1   1   3.8e-43   9.3e-41  139.6   0.0    69   292   139   380   103   389 0.82 length=416	scaffold=gi527309735	strand=+
9019_g               -            415 37309                -            348   3.4e-43  147.6   0.0   1   1   3.8e-43   9.3e-41  139.6   0.0    69   292   139   380   103   389 0.82 length=416	scaffold=gi528858385	strand=-
10530_g              -            802 37309                -            348   7.8e-39  133.3   0.0   1   1     5e-41   1.2e-38  132.6   0.0   106   290   582   767   573   782 0.90 length=803	scaffold=gi528858383	strand=-
11327_g              -            802 37309                -            348   7.8e-39  133.3   0.0   1   1     5e-41   1.2e-38  132.6   0.0   106   290   582   767   573   782 0.90 length=803	scaffold=gi527308799	strand=-
4909_g               -           1592 37309                -            348   1.2e-38  132.7   0.0   1   1   8.1e-41     2e-38  132.0   0.0    68   290   737   961   723   965 0.89 length=1593	scaffold=gi528858389	strand=-
5381_g               -           1592 37309                -            348   1.2e-38  132.7   0.0   1   1   8.1e-41     2e-38  132.0   0.0    68   290   737   961   723   965 0.89 length=1593	scaffold=gi527313191	strand=-
6468_g               -           6759 37309                -            348   4.2e-37  127.6   6.4   1   5      0.36        89    1.6   0.0    63   115   320   376   292   389 0.71 length=6760	scaffold=gi527312496	strand=+
6468_g               -           6759 37309                -            348   4.2e-37  127.6   6.4   2   5   5.9e-28   1.4e-25   89.7   0.0    98   209   416   529   407   532 0.90 length=6760	scaffold=gi527312496	strand=+
6468_g               -           6759 37309                -            348   4.2e-37  127.6   6.4   3   5   8.3e-10     2e-07   30.0   2.0   184   293   568   677   561   682 0.83 length=6760	scaffold=gi527312496	strand=+
6468_g               -           6759 37309                -            348   4.2e-37  127.6   6.4   4   5       2.2   5.4e+02   -1.0   0.0   112   140  2529  2557  2516  2562 0.87 length=6760	scaffold=gi527312496	strand=+
6468_g               -           6759 37309                -            348   4.2e-37  127.6   6.4   5   5      0.15        37    2.8   0.0   110   141  3974  4005  3963  4032 0.91 length=6760	scaffold=gi527312496	strand=+
5781_g               -           3159 37309                -            348   6.5e-37  127.0   6.6   1   4      0.16        40    2.7   0.0    63   115   320   376   292   389 0.71 length=3160	scaffold=gi528858388	strand=-
5781_g               -           3159 37309                -            348   6.5e-37  127.0   6.6   2   4   2.6e-28   6.3e-26   90.9   0.0    98   209   416   529   407   532 0.90 length=3160	scaffold=gi528858388	strand=-
5781_g               -           3159 37309                -            348   6.5e-37  127.0   6.6   3   4   3.6e-10   8.9e-08   31.2   2.0   184   293   568   677   561   682 0.83 length=3160	scaffold=gi528858388	strand=-
5781_g               -           3159 37309                -            348   6.5e-37  127.0   6.6   4   4      0.92   2.3e+02    0.2   0.0   112   140  2529  2557  2514  2564 0.86 length=3160	scaffold=gi528858388	strand=-
2557_g               -            714 37309                -            348   1.6e-34  119.1   0.6   1   3       4.8   1.2e+03   -2.1   0.1   152   168    48    64    47    67 0.87 length=715	scaffold=gi528858386	strand=+
2557_g               -            714 37309                -            348   1.6e-34  119.1   0.6   2   3      0.03       7.3    5.1   0.0    91   122   390   422   365   432 0.75 length=715	scaffold=gi528858386	strand=+
2557_g               -            714 37309                -            348   1.6e-34  119.1   0.6   3   3   1.7e-34   4.1e-32  111.2   0.1   108   290   495   677   490   684 0.89 length=715	scaffold=gi528858386	strand=+
3238_g               -            714 37309                -            348   1.6e-34  119.1   0.6   1   3       4.8   1.2e+03   -2.1   0.1   152   168    48    64    47    67 0.87 length=715	scaffold=gi527310881	strand=+
3238_g               -            714 37309                -            348   1.6e-34  119.1   0.6   2   3      0.03       7.3    5.1   0.0    91   122   390   422   365   432 0.75 length=715	scaffold=gi527310881	strand=+
3238_g               -            714 37309                -            348   1.6e-34  119.1   0.6   3   3   1.7e-34   4.1e-32  111.2   0.1   108   290   495   677   490   684 0.89 length=715	scaffold=gi527310881	strand=+
5875_g               -           1651 37309                -            348     9e-34  116.6   0.0   1   2   3.3e-35     8e-33  113.5   0.0    71   253   987  1177   952  1185 0.89 length=1652	scaffold=gi528858388	strand=-
5875_g               -           1651 37309                -            348     9e-34  116.6   0.0   2   2         1   2.5e+02    0.1   0.0   257   291  1293  1327  1286  1374 0.74 length=1652	scaffold=gi528858388	strand=-
6375_g               -           1651 37309                -            348     9e-34  116.6   0.0   1   2   3.3e-35     8e-33  113.5   0.0    71   253   987  1177   952  1185 0.89 length=1652	scaffold=gi527312496	strand=+
6375_g               -           1651 37309                -            348     9e-34  116.6   0.0   2   2         1   2.5e+02    0.1   0.0   257   291  1293  1327  1286  1374 0.74 length=1652	scaffold=gi527312496	strand=+
2000_g               -            781 37309                -            348   9.3e-32  110.0   0.0   1   3   5.2e-24   1.3e-21   76.7   0.0   108   280   260   455   255   461 0.86 length=782	scaffold=gi528858392	strand=-
2000_g               -            781 37309                -            348   9.3e-32  110.0   0.0   2   3   6.4e-05     0.016   13.9   0.0   264   337   475   546   463   554 0.84 length=782	scaffold=gi528858392	strand=-
2000_g               -            781 37309                -            348   9.3e-32  110.0   0.0   3   3   2.6e-05    0.0064   15.2   0.0   108   177   587   657   582   664 0.76 length=782	scaffold=gi528858392	strand=-
2259_g               -            781 37309                -            348   9.3e-32  110.0   0.0   1   3   5.2e-24   1.3e-21   76.7   0.0   108   280   260   455   255   461 0.86 length=782	scaffold=gi527314726	strand=+
2259_g               -            781 37309                -            348   9.3e-32  110.0   0.0   2   3   6.4e-05     0.016   13.9   0.0   264   337   475   546   463   554 0.84 length=782	scaffold=gi527314726	strand=+
2259_g               -            781 37309                -            348   9.3e-32  110.0   0.0   3   3   2.6e-05    0.0064   15.2   0.0   108   177   587   657   582   664 0.76 length=782	scaffold=gi527314726	strand=+
6759_g               -           1004 37309                -            348   7.6e-30  103.7   0.4   1   3   4.8e-06    0.0012   17.6   0.0    47   119   558   631   540   638 0.85 length=1005	scaffold=gi528858387	strand=+
6759_g               -           1004 37309                -            348   7.6e-30  103.7   0.4   2   3   9.2e-13   2.2e-10   39.7   0.0   116   180   710   785   695   797 0.84 length=1005	scaffold=gi528858387	strand=+
6759_g               -           1004 37309                -            348   7.6e-30  103.7   0.4   3   3   1.5e-13   3.8e-11   42.2   0.5   191   289   872   967   857   973 0.87 length=1005	scaffold=gi528858387	strand=+
10555_g              -           1551 37309                -            348   2.4e-29  102.1   0.0   1   2   0.00053      0.13   10.9   0.0    67   117   803   853   774   869 0.84 length=1552	scaffold=gi528858383	strand=+
10555_g              -           1551 37309                -            348   2.4e-29  102.1   0.0   2   2   1.2e-27     3e-25   88.6   0.0   111   289   900  1075   890  1086 0.90 length=1552	scaffold=gi528858383	strand=+
11352_g              -           1551 37309                -            348   2.4e-29  102.1   0.0   1   2   0.00053      0.13   10.9   0.0    67   117   803   853   774   869 0.84 length=1552	scaffold=gi527308799	strand=+
11352_g              -           1551 37309                -            348   2.4e-29  102.1   0.0   2   2   1.2e-27     3e-25   88.6   0.0   111   289   900  1075   890  1086 0.90 length=1552	scaffold=gi527308799	strand=+
8153_g               -           1952 37309                -            348     7e-29  100.6   0.4   1   3   1.1e-05    0.0026   16.4   0.0    47   119  1506  1579  1488  1585 0.85 length=1953	scaffold=gi527311550	strand=-
8153_g               -           1952 37309                -            348     7e-29  100.6   0.4   2   3     2e-12     5e-10   38.6   0.0   116   180  1658  1733  1643  1745 0.84 length=1953	scaffold=gi527311550	strand=-
8153_g               -           1952 37309                -            348     7e-29  100.6   0.4   3   3   3.5e-13   8.6e-11   41.1   0.5   191   289  1820  1915  1805  1921 0.87 length=1953	scaffold=gi527311550	strand=-
11275_g              -           1180 37309                -            348   9.1e-28   96.9   0.0   1   3     1e-23   2.4e-21   75.7   0.0    70   182   583   696   573   703 0.92 length=1181	scaffold=gi528858383	strand=+
11275_g              -           1180 37309                -            348   9.1e-28   96.9   0.0   2   3   5.9e-06    0.0015   17.3   0.0   198   248   802   853   787   885 0.82 length=1181	scaffold=gi528858383	strand=+
11275_g              -           1180 37309                -            348   9.1e-28   96.9   0.0   3   3       2.1   5.2e+02   -1.0   0.0   270   290   969   989   947  1010 0.74 length=1181	scaffold=gi528858383	strand=+
12072_g              -           1180 37309                -            348   9.1e-28   96.9   0.0   1   3     1e-23   2.4e-21   75.7   0.0    70   182   583   696   573   703 0.92 length=1181	scaffold=gi527307902	strand=+
12072_g              -           1180 37309                -            348   9.1e-28   96.9   0.0   2   3   5.9e-06    0.0015   17.3   0.0   198   248   802   853   787   885 0.82 length=1181	scaffold=gi527307902	strand=+
12072_g              -           1180 37309                -            348   9.1e-28   96.9   0.0   3   3       2.1   5.2e+02   -1.0   0.0   270   290   969   989   947  1010 0.74 length=1181	scaffold=gi527307902	strand=+
10908_g              -           4018 37309                -            348   1.4e-19   69.9   0.0   1   1   6.2e-21   1.5e-18   66.6   0.0    69   254  1557  1771  1546  1775 0.69 length=4019	scaffold=gi528858383	strand=+
11705_g              -           4018 37309                -            348   1.4e-19   69.9   0.0   1   1   6.2e-21   1.5e-18   66.6   0.0    69   254  1557  1771  1546  1775 0.69 length=4019	scaffold=gi527307902	strand=+
2071_g               -           1142 37309                -            348   2.4e-19   69.2   0.0   1   1   2.3e-21   5.6e-19   68.0   0.0    80   282   569   793   567   798 0.85 length=1143	scaffold=gi528858392	strand=+
2188_g               -           1142 37309                -            348   2.4e-19   69.2   0.0   1   1   2.3e-21   5.6e-19   68.0   0.0    80   282   569   793   567   798 0.85 length=1143	scaffold=gi527314726	strand=-
10324_g              -            726 37309                -            348   1.7e-16   59.9   0.1   1   2   9.6e-09   2.4e-06   26.5   0.0   152   184   172   204   155   210 0.87 length=727	scaffold=gi528858384	strand=-
10324_g              -            726 37309                -            348   1.7e-16   59.9   0.1   2   2   5.7e-10   1.4e-07   30.5   0.0   228   285   352   406   341   411 0.87 length=727	scaffold=gi528858384	strand=-
12201_g              -            726 37309                -            348   1.7e-16   59.9   0.1   1   2   9.6e-09   2.4e-06   26.5   0.0   152   184   172   204   155   210 0.87 length=727	scaffold=gi527308984	strand=+
12201_g              -            726 37309                -            348   1.7e-16   59.9   0.1   2   2   5.7e-10   1.4e-07   30.5   0.0   228   285   352   406   341   411 0.87 length=727	scaffold=gi527308984	strand=+
1282_g               -            659 37309                -            348   4.4e-12   45.3   0.0   1   2    0.0016       0.4    9.3   0.0    72   119   304   351   298   385 0.86 length=660	scaffold=gi528858393	strand=-
1282_g               -            659 37309                -            348   4.4e-12   45.3   0.0   2   2   6.3e-11   1.5e-08   33.7   0.0   117   183   479   545   470   554 0.94 length=660	scaffold=gi528858393	strand=-
1358_g               -            659 37309                -            348   4.4e-12   45.3   0.0   1   2    0.0016       0.4    9.3   0.0    72   119   304   351   298   385 0.86 length=660	scaffold=gi527315005	strand=+
1358_g               -            659 37309                -            348   4.4e-12   45.3   0.0   2   2   6.3e-11   1.5e-08   33.7   0.0   117   183   479   545   470   554 0.94 length=660	scaffold=gi527315005	strand=+
13241_g              -            738 37309                -            348   4.6e-10   38.7   0.6   1   3       4.6   1.1e+03   -2.1   3.7    32    74   127   169    96   205 0.58 length=739	scaffold=gi527309735	strand=+
13241_g              -            738 37309                -            348   4.6e-10   38.7   0.6   2   3   1.4e-09   3.5e-07   29.2   0.0   108   224   404   520   399   522 0.88 length=739	scaffold=gi527309735	strand=+
13241_g              -            738 37309                -            348   4.6e-10   38.7   0.6   3   3     0.057        14    4.2   0.0   225   287   609   681   601   692 0.68 length=739	scaffold=gi527309735	strand=+
9426_g               -            738 37309                -            348   4.6e-10   38.7   0.6   1   3       4.6   1.1e+03   -2.1   3.7    32    74   127   169    96   205 0.58 length=739	scaffold=gi528858385	strand=-
9426_g               -            738 37309                -            348   4.6e-10   38.7   0.6   2   3   1.4e-09   3.5e-07   29.2   0.0   108   224   404   520   399   522 0.88 length=739	scaffold=gi528858385	strand=-
9426_g               -            738 37309                -            348   4.6e-10   38.7   0.6   3   3     0.057        14    4.2   0.0   225   287   609   681   601   692 0.68 length=739	scaffold=gi528858385	strand=-
2093_g               -           1072 37309                -            348   8.1e-07   28.0   0.2   1   2   3.4e-06   0.00082   18.1   0.0   105   160   257   314   210   327 0.86 length=1073	scaffold=gi528858392	strand=-
2093_g               -           1072 37309                -            348   8.1e-07   28.0   0.2   2   2    0.0051       1.2    7.7   0.1   164   212   626   678   620   684 0.75 length=1073	scaffold=gi528858392	strand=-
2168_g               -           1072 37309                -            348   8.1e-07   28.0   0.2   1   2   3.4e-06   0.00082   18.1   0.0   105   160   257   314   210   327 0.86 length=1073	scaffold=gi527314726	strand=+
2168_g               -           1072 37309                -            348   8.1e-07   28.0   0.2   2   2    0.0051       1.2    7.7   0.1   164   212   626   678   620   684 0.75 length=1073	scaffold=gi527314726	strand=+
1281_g               -            380 37309                -            348   1.2e-06   27.4   1.6   1   2       1.9   4.7e+02   -0.8   0.5    21    58    22    48     4    82 0.49 length=381	scaffold=gi528858393	strand=-
1281_g               -            380 37309                -            348   1.2e-06   27.4   1.6   2   2     9e-09   2.2e-06   26.6   0.0   205   291   170   254   165   287 0.88 length=381	scaffold=gi528858393	strand=-
1359_g               -            380 37309                -            348   1.2e-06   27.4   1.6   1   2       1.9   4.7e+02   -0.8   0.5    21    58    22    48     4    82 0.49 length=381	scaffold=gi527315005	strand=+
1359_g               -            380 37309                -            348   1.2e-06   27.4   1.6   2   2     9e-09   2.2e-06   26.6   0.0   205   291   170   254   165   287 0.88 length=381	scaffold=gi527315005	strand=+
12708_g              -             63 37309                -            348   2.5e-06   26.4   0.0   1   1   1.1e-08   2.6e-06   26.3   0.0   179   232     2    56     1    57 0.84 length=64	scaffold=gi527308984	strand=+
9815_g               -             63 37309                -            348   2.5e-06   26.4   0.0   1   1   1.1e-08   2.6e-06   26.3   0.0   179   232     2    56     1    57 0.84 length=64	scaffold=gi528858384	strand=-
10325_g              -            442 37309                -            348   8.4e-06   24.7   0.0   1   2    0.0068       1.7    7.2   0.0    75   112   119   156   112   162 0.90 length=443	scaffold=gi528858384	strand=-
10325_g              -            442 37309                -            348   8.4e-06   24.7   0.0   2   2   2.6e-05    0.0064   15.2   0.1   106   135   334   363   325   369 0.85 length=443	scaffold=gi528858384	strand=-
1085_g               -            366 37309                -            348   3.7e-05   22.5   0.0   1   2       7.2   1.8e+03   -2.7   0.0   271   298    32    59    23    61 0.82 length=367	scaffold=gi528858393	strand=-
1085_g               -            366 37309                -            348   3.7e-05   22.5   0.0   2   2   3.9e-07   9.6e-05   21.2   0.0   113   177   114   177   108   184 0.93 length=367	scaffold=gi528858393	strand=-
1553_g               -            366 37309                -            348   3.7e-05   22.5   0.0   1   2       7.2   1.8e+03   -2.7   0.0   271   298    32    59    23    61 0.82 length=367	scaffold=gi527315005	strand=+
1553_g               -            366 37309                -            348   3.7e-05   22.5   0.0   2   2   3.9e-07   9.6e-05   21.2   0.0   113   177   114   177   108   184 0.93 length=367	scaffold=gi527315005	strand=+
12719_g              -           2242 37309                -            348   0.00013   20.7   0.0   1   1   9.2e-07   0.00023   20.0   0.0    56   176  1634  1756  1582  1764 0.74 length=2243	scaffold=gi527308984	strand=-
9804_g               -           2242 37309                -            348   0.00013   20.7   0.0   1   1   9.2e-07   0.00023   20.0   0.0    56   176  1634  1756  1582  1764 0.74 length=2243	scaffold=gi528858384	strand=+
12200_g              -            165 37309                -            348    0.0012   17.6   0.1   1   1   6.4e-06    0.0016   17.2   0.1   106   135    57    86    48    92 0.85 length=166	scaffold=gi527308984	strand=+
2852_g               -           1141 37309                -            348    0.0026   16.5   0.0   1   2    0.0033      0.81    8.3   0.0   105   136   535   566   498   592 0.85 length=1142	scaffold=gi528858386	strand=-
2852_g               -           1141 37309                -            348    0.0026   16.5   0.0   2   2     0.021       5.1    5.6   0.0   162   188   963   991   945  1012 0.71 length=1142	scaffold=gi528858386	strand=-
3533_g               -           1141 37309                -            348    0.0026   16.5   0.0   1   2    0.0033      0.81    8.3   0.0   105   136   535   566   498   592 0.85 length=1142	scaffold=gi527310881	strand=-
3533_g               -           1141 37309                -            348    0.0026   16.5   0.0   2   2     0.021       5.1    5.6   0.0   162   188   963   991   945  1012 0.71 length=1142	scaffold=gi527310881	strand=-
1068_g               -            989 37309                -            348     0.015   13.9   0.1   1   3   0.00063      0.15   10.6   0.0   144   181   379   417   332   515 0.76 length=990	scaffold=gi528858393	strand=+
1068_g               -            989 37309                -            348     0.015   13.9   0.1   2   3       6.4   1.6e+03   -2.5   0.0   238   285   688   737   679   747 0.80 length=990	scaffold=gi528858393	strand=+
1068_g               -            989 37309                -            348     0.015   13.9   0.1   3   3       4.2     1e+03   -1.9   0.0   100   128   775   806   754   812 0.70 length=990	scaffold=gi528858393	strand=+
6274_g               -            429 37309                -            348     0.015   13.9   0.0   1   1   0.00011     0.026   13.2   0.0   137   182   364   412   326   419 0.76 length=430	scaffold=gi527312496	strand=-
2782_g               -           1663 37309                -            348     0.016   13.9   0.1   1   1   0.00011     0.027   13.1   0.1   105   156   451   504   440   511 0.87 length=1664	scaffold=gi528858386	strand=-
3463_g               -           1663 37309                -            348     0.016   13.9   0.1   1   1   0.00011     0.027   13.1   0.1   105   156   451   504   440   511 0.87 length=1664	scaffold=gi527310881	strand=-
1570_g               -           1050 37309                -            348     0.019   13.7   0.1   1   3   0.00068      0.17   10.5   0.0   144   181   379   417   332   515 0.76 length=1051	scaffold=gi527315005	strand=-
1570_g               -           1050 37309                -            348     0.019   13.7   0.1   2   3       6.9   1.7e+03   -2.6   0.0   238   285   688   737   679   747 0.80 length=1051	scaffold=gi527315005	strand=-
1570_g               -           1050 37309                -            348     0.019   13.7   0.1   3   3       3.2   7.9e+02   -1.6   0.0    93   127   770   805   694   810 0.74 length=1051	scaffold=gi527315005	strand=-
10072_g              -           2766 37309                -            348     0.023   13.4   0.0   1   1   0.00018     0.043   12.5   0.0   135   182  1028  1075  1013  1082 0.87 length=2767	scaffold=gi528858384	strand=+
12449_g              -           2766 37309                -            348     0.023   13.4   0.0   1   1   0.00018     0.043   12.5   0.0   135   182  1028  1075  1013  1082 0.87 length=2767	scaffold=gi527308984	strand=-
#
# Program:         hmmsearch
# Version:         3.4 (Aug 2023)
# Pipeline mode:   SEARCH
# Query file:      /home/inf-20-2025/Malaria/busco_downloads/lineages/apicomplexa_odb12/hmms/37309at5794.hmm
# Target file:     /home/inf-20-2025/Malaria/Results/6_nobird_annotation/T_gondii.faa
# Option settings: hmmsearch --domtblout Results/8_busco/T_gondii/run_apicomplexa_odb12/hmmer_output/initial_run_results/37309at5794.out --cpu 1 /home/inf-20-2025/Malaria/busco_downloads/lineages/apicomplexa_odb12/hmms/37309at5794.hmm /home/inf-20-2025/Malaria/Results/6_nobird_annotation/T_gondii.faa 
# Current dir:     /home/inf-20-2025/Malaria
# Date:            Wed Mar  4 18:33:09 2026
# [ok]
