#                                                                            --- full sequence --- -------------- this domain -------------   hmm coord   ali coord   env coord
# target name        accession   tlen query name           accession   qlen   E-value  score  bias   #  of  c-Evalue  i-Evalue  score  bias  from    to  from    to  from    to  acc description of target
#------------------- ---------- ----- -------------------- ---------- ----- --------- ------ ----- --- --- --------- --------- ------ ----- ----- ----- ----- ----- ----- ----- ---- ---------------------
2106_g               -            920 40301                -            301   8.2e-80  268.0   0.1   1   1   1.5e-82   1.2e-79  267.5   0.1    49   299   656   907   631   909 0.95 length=921	scaffold=gi528858392	strand=+
2449_g               -            920 40301                -            301   8.2e-80  268.0   0.1   1   1   1.5e-82   1.2e-79  267.5   0.1    49   299   656   907   631   909 0.95 length=921	scaffold=gi527314679	strand=-
2872_g               -           1641 40301                -            301   1.2e-74  251.0   0.1   1   2     5e-11     4e-08   32.6   0.0    40    79  1276  1315  1262  1322 0.89 length=1642	scaffold=gi528858386	strand=-
2872_g               -           1641 40301                -            301   1.2e-74  251.0   0.1   2   2   7.1e-67   5.6e-64  216.0   0.0    80   283  1344  1561  1338  1574 0.90 length=1642	scaffold=gi528858386	strand=-
3553_g               -           1641 40301                -            301   1.2e-74  251.0   0.1   1   2     5e-11     4e-08   32.6   0.0    40    79  1276  1315  1262  1322 0.89 length=1642	scaffold=gi527310881	strand=-
3553_g               -           1641 40301                -            301   1.2e-74  251.0   0.1   2   2   7.1e-67   5.6e-64  216.0   0.0    80   283  1344  1561  1338  1574 0.90 length=1642	scaffold=gi527310881	strand=-
4045_g               -           1149 40301                -            301   7.3e-70  235.3   0.5   1   4   2.6e-37   2.1e-34  118.9   0.1    23   129   372   478   357   525 0.83 length=1150	scaffold=gi528858391	strand=-
4045_g               -           1149 40301                -            301   7.3e-70  235.3   0.5   2   4   1.2e-27   9.4e-25   87.2   0.0   127   207   653   734   637   737 0.94 length=1150	scaffold=gi528858391	strand=-
4045_g               -           1149 40301                -            301   7.3e-70  235.3   0.5   3   4      0.03        24    3.8   0.0   202   252   805   860   795   868 0.63 length=1150	scaffold=gi528858391	strand=-
4045_g               -           1149 40301                -            301   7.3e-70  235.3   0.5   4   4   3.5e-07   0.00028   20.0   0.0   249   292   971  1014   963  1022 0.91 length=1150	scaffold=gi528858391	strand=-
8825_g               -           1149 40301                -            301   7.3e-70  235.3   0.5   1   4   2.6e-37   2.1e-34  118.9   0.1    23   129   372   478   357   525 0.83 length=1150	scaffold=gi527314344	strand=-
8825_g               -           1149 40301                -            301   7.3e-70  235.3   0.5   2   4   1.2e-27   9.4e-25   87.2   0.0   127   207   653   734   637   737 0.94 length=1150	scaffold=gi527314344	strand=-
8825_g               -           1149 40301                -            301   7.3e-70  235.3   0.5   3   4      0.03        24    3.8   0.0   202   252   805   860   795   868 0.63 length=1150	scaffold=gi527314344	strand=-
8825_g               -           1149 40301                -            301   7.3e-70  235.3   0.5   4   4   3.5e-07   0.00028   20.0   0.0   249   292   971  1014   963  1022 0.91 length=1150	scaffold=gi527314344	strand=-
10057_g              -            850 40301                -            301     1e-63  215.2   0.4   1   2   7.8e-32   6.2e-29  101.0   0.2    52   151   285   385   273   391 0.93 length=851	scaffold=gi528858384	strand=-
10057_g              -            850 40301                -            301     1e-63  215.2   0.4   2   2   3.5e-35   2.8e-32  111.9   0.0   149   286   428   566   420   577 0.92 length=851	scaffold=gi528858384	strand=-
12463_g              -            850 40301                -            301     1e-63  215.2   0.4   1   2   7.8e-32   6.2e-29  101.0   0.2    52   151   285   385   273   391 0.93 length=851	scaffold=gi527308984	strand=+
12463_g              -            850 40301                -            301     1e-63  215.2   0.4   2   2   3.5e-35   2.8e-32  111.9   0.0   149   286   428   566   420   577 0.92 length=851	scaffold=gi527308984	strand=+
12519_g              -            805 40301                -            301   2.3e-63  214.0   0.1   1   2   1.4e-60   1.1e-57  195.3   0.0    40   257   164   391   158   398 0.91 length=806	scaffold=gi527308984	strand=+
12519_g              -            805 40301                -            301   2.3e-63  214.0   0.1   2   2   4.2e-06    0.0033   16.5   0.0   254   282   463   491   458   505 0.83 length=806	scaffold=gi527308984	strand=+
9999_g               -            805 40301                -            301   2.3e-63  214.0   0.1   1   2   1.4e-60   1.1e-57  195.3   0.0    40   257   164   391   158   398 0.91 length=806	scaffold=gi528858384	strand=-
9999_g               -            805 40301                -            301   2.3e-63  214.0   0.1   2   2   4.2e-06    0.0033   16.5   0.0   254   282   463   491   458   505 0.83 length=806	scaffold=gi528858384	strand=-
11172_g              -           1185 40301                -            301   8.5e-48  162.9   0.7   1   2   1.8e-50   1.4e-47  162.2   0.1    55   287   291   533   259   543 0.85 length=1186	scaffold=gi528858383	strand=+
11172_g              -           1185 40301                -            301   8.5e-48  162.9   0.7   2   2         5     4e+03   -3.5   0.0   239   255   640   656   638   664 0.82 length=1186	scaffold=gi528858383	strand=+
11969_g              -           1185 40301                -            301   8.5e-48  162.9   0.7   1   2   1.8e-50   1.4e-47  162.2   0.1    55   287   291   533   259   543 0.85 length=1186	scaffold=gi527307902	strand=+
11969_g              -           1185 40301                -            301   8.5e-48  162.9   0.7   2   2         5     4e+03   -3.5   0.0   239   255   640   656   638   664 0.82 length=1186	scaffold=gi527307902	strand=+
7580_g               -           2761 40301                -            301   1.6e-42  145.6   0.0   1   3   1.1e-27   8.7e-25   87.3   0.0    25   139  1814  1936  1804  1942 0.91 length=2762	scaffold=gi527311550	strand=-
7580_g               -           2761 40301                -            301   1.6e-42  145.6   0.0   2   3   6.3e-07    0.0005   19.2   0.1   143   194  1977  2029  1973  2041 0.87 length=2762	scaffold=gi527311550	strand=-
7580_g               -           2761 40301                -            301   1.6e-42  145.6   0.0   3   3     1e-11   7.9e-09   34.9   0.0   199   282  2144  2233  2133  2245 0.77 length=2762	scaffold=gi527311550	strand=-
7339_g               -           2872 40301                -            301   1.8e-42  145.4   0.0   1   3   1.1e-27   9.1e-25   87.3   0.0    25   139  1814  1936  1804  1942 0.91 length=2873	scaffold=gi528858387	strand=+
7339_g               -           2872 40301                -            301   1.8e-42  145.4   0.0   2   3   6.6e-07   0.00052   19.1   0.1   143   194  1977  2029  1973  2041 0.87 length=2873	scaffold=gi528858387	strand=+
7339_g               -           2872 40301                -            301   1.8e-42  145.4   0.0   3   3     1e-11   8.3e-09   34.9   0.0   199   282  2144  2233  2133  2245 0.77 length=2873	scaffold=gi528858387	strand=+
12958_g              -            432 40301                -            301     4e-35  121.3   0.0   1   3       1.6   1.3e+03   -1.9   0.0   262   299    13    50    10    53 0.84 length=433	scaffold=gi527309735	strand=+
12958_g              -            432 40301                -            301     4e-35  121.3   0.0   2   3   4.5e-09   3.5e-06   26.2   0.0    25    73   231   279   219   281 0.92 length=433	scaffold=gi527309735	strand=+
12958_g              -            432 40301                -            301     4e-35  121.3   0.0   3   3   3.5e-29   2.7e-26   92.3   0.0   114   207   281   377   279   384 0.94 length=433	scaffold=gi527309735	strand=+
9703_g               -            432 40301                -            301     4e-35  121.3   0.0   1   3       1.6   1.3e+03   -1.9   0.0   262   299    13    50    10    53 0.84 length=433	scaffold=gi528858385	strand=-
9703_g               -            432 40301                -            301     4e-35  121.3   0.0   2   3   4.5e-09   3.5e-06   26.2   0.0    25    73   231   279   219   281 0.92 length=433	scaffold=gi528858385	strand=-
9703_g               -            432 40301                -            301     4e-35  121.3   0.0   3   3   3.5e-29   2.7e-26   92.3   0.0   114   207   281   377   279   384 0.94 length=433	scaffold=gi528858385	strand=-
13355_g              -            437 40301                -            301   7.7e-18   64.5   0.0   1   3   5.2e-09   4.2e-06   26.0   0.0   182   219    77   114    67   131 0.83 length=438	scaffold=gi527309735	strand=-
13355_g              -            437 40301                -            301   7.7e-18   64.5   0.0   2   3   9.9e-06    0.0079   15.2   0.0   221   289   213   284   208   290 0.67 length=438	scaffold=gi527309735	strand=-
13355_g              -            437 40301                -            301   7.7e-18   64.5   0.0   3   3   5.5e-07   0.00044   19.4   0.0   249   286   327   364   312   376 0.85 length=438	scaffold=gi527309735	strand=-
9314_g               -            437 40301                -            301   7.7e-18   64.5   0.0   1   3   5.2e-09   4.2e-06   26.0   0.0   182   219    77   114    67   131 0.83 length=438	scaffold=gi528858385	strand=+
9314_g               -            437 40301                -            301   7.7e-18   64.5   0.0   2   3   9.9e-06    0.0079   15.2   0.0   221   289   213   284   208   290 0.67 length=438	scaffold=gi528858385	strand=+
9314_g               -            437 40301                -            301   7.7e-18   64.5   0.0   3   3   5.5e-07   0.00044   19.4   0.0   249   286   327   364   312   376 0.85 length=438	scaffold=gi528858385	strand=+
13356_g              -            218 40301                -            301   1.5e-06   27.4   0.3   1   2      0.13     1e+02    1.8   0.1    18    48    51    85    42    92 0.67 length=219	scaffold=gi527309735	strand=-
13356_g              -            218 40301                -            301   1.5e-06   27.4   0.3   2   2     3e-08   2.4e-05   23.5   0.0    75   107   179   211   173   215 0.89 length=219	scaffold=gi527309735	strand=-
9313_g               -            218 40301                -            301   1.5e-06   27.4   0.3   1   2      0.13     1e+02    1.8   0.1    18    48    51    85    42    92 0.67 length=219	scaffold=gi528858385	strand=+
9313_g               -            218 40301                -            301   1.5e-06   27.4   0.3   2   2     3e-08   2.4e-05   23.5   0.0    75   107   179   211   173   215 0.89 length=219	scaffold=gi528858385	strand=+
#
# Program:         hmmsearch
# Version:         3.4 (Aug 2023)
# Pipeline mode:   SEARCH
# Query file:      /home/inf-20-2025/Malaria/busco_downloads/lineages/apicomplexa_odb12/hmms/40301at5794.hmm
# Target file:     /home/inf-20-2025/Malaria/Results/6_nobird_annotation/T_gondii.faa
# Option settings: hmmsearch --domtblout Results/8_busco/T_gondii/run_apicomplexa_odb12/hmmer_output/initial_run_results/40301at5794.out --cpu 1 /home/inf-20-2025/Malaria/busco_downloads/lineages/apicomplexa_odb12/hmms/40301at5794.hmm /home/inf-20-2025/Malaria/Results/6_nobird_annotation/T_gondii.faa 
# Current dir:     /home/inf-20-2025/Malaria
# Date:            Wed Mar  4 18:33:11 2026
# [ok]
