#                                                                            --- full sequence --- -------------- this domain -------------   hmm coord   ali coord   env coord
# target name        accession   tlen query name           accession   qlen   E-value  score  bias   #  of  c-Evalue  i-Evalue  score  bias  from    to  from    to  from    to  acc description of target
#------------------- ---------- ----- -------------------- ---------- ----- --------- ------ ----- --- --- --------- --------- ------ ----- ----- ----- ----- ----- ----- ----- ---- ---------------------
2586_g               -            701 41802                -            658         0 1146.4   0.0   1   1         0         0 1146.1   0.0    33   656    54   691    19   693 0.94 length=702	scaffold=gi528858386	strand=+
3267_g               -            701 41802                -            658         0 1146.4   0.0   1   1         0         0 1146.1   0.0    33   656    54   691    19   693 0.94 length=702	scaffold=gi527310881	strand=+
1785_g               -           1604 41802                -            658   1.2e-07   29.9   0.2   1   3      0.14   2.2e+02   -0.6   0.1   124   220   467   562   464   570 0.87 length=1605	scaffold=gi527315322	strand=-
1785_g               -           1604 41802                -            658   1.2e-07   29.9   0.2   2   3   0.00017      0.28    8.9   0.0   222   299   662   745   642   759 0.70 length=1605	scaffold=gi527315322	strand=-
1785_g               -           1604 41802                -            658   1.2e-07   29.9   0.2   3   3   6.3e-07     0.001   17.0   0.0   505   584  1150  1231  1120  1247 0.77 length=1605	scaffold=gi527315322	strand=-
968_g                -           1604 41802                -            658   1.2e-07   29.9   0.2   1   3      0.14   2.2e+02   -0.6   0.1   124   220   467   562   464   570 0.87 length=1605	scaffold=gi528858394	strand=-
968_g                -           1604 41802                -            658   1.2e-07   29.9   0.2   2   3   0.00017      0.28    8.9   0.0   222   299   662   745   642   759 0.70 length=1605	scaffold=gi528858394	strand=-
968_g                -           1604 41802                -            658   1.2e-07   29.9   0.2   3   3   6.3e-07     0.001   17.0   0.0   505   584  1150  1231  1120  1247 0.77 length=1605	scaffold=gi528858394	strand=-
126_g                -            299 41802                -            658   0.00012   20.0   0.0   1   1   1.1e-07   0.00017   19.6   0.0   450   573    13   142     7   156 0.83 length=300	scaffold=gi528858396	strand=+
265_g                -            299 41802                -            658   0.00012   20.0   0.0   1   1   1.1e-07   0.00017   19.6   0.0   450   573    13   142     7   156 0.83 length=300	scaffold=gi527315854	strand=-
10937_g              -            674 41802                -            658   0.00016   19.6   0.0   1   1   1.5e-07   0.00024   19.1   0.0   267   297   371   401   358   421 0.77 length=675	scaffold=gi528858383	strand=-
11734_g              -            674 41802                -            658   0.00016   19.6   0.0   1   1   1.5e-07   0.00024   19.1   0.0   267   297   371   401   358   421 0.77 length=675	scaffold=gi527307902	strand=-
12624_g              -            866 41802                -            658    0.0006   17.8   0.0   1   1   5.6e-07   0.00088   17.2   0.0   255   296   360   401   349   455 0.71 length=867	scaffold=gi527308984	strand=+
9899_g               -            866 41802                -            658    0.0006   17.8   0.0   1   1   5.6e-07   0.00088   17.2   0.0   255   296   360   401   349   455 0.71 length=867	scaffold=gi528858384	strand=-
#
# Program:         hmmsearch
# Version:         3.4 (Aug 2023)
# Pipeline mode:   SEARCH
# Query file:      /home/inf-20-2025/Malaria/busco_downloads/lineages/apicomplexa_odb12/hmms/41802at5794.hmm
# Target file:     /home/inf-20-2025/Malaria/Results/6_nobird_annotation/T_gondii.faa
# Option settings: hmmsearch --domtblout Results/8_busco/T_gondii/run_apicomplexa_odb12/hmmer_output/initial_run_results/41802at5794.out --cpu 1 /home/inf-20-2025/Malaria/busco_downloads/lineages/apicomplexa_odb12/hmms/41802at5794.hmm /home/inf-20-2025/Malaria/Results/6_nobird_annotation/T_gondii.faa 
# Current dir:     /home/inf-20-2025/Malaria
# Date:            Wed Mar  4 18:33:17 2026
# [ok]
