#                                                                            --- full sequence --- -------------- this domain -------------   hmm coord   ali coord   env coord
# target name        accession   tlen query name           accession   qlen   E-value  score  bias   #  of  c-Evalue  i-Evalue  score  bias  from    to  from    to  from    to  acc description of target
#------------------- ---------- ----- -------------------- ---------- ----- --------- ------ ----- --- --- --------- --------- ------ ----- ----- ----- ----- ----- ----- ----- ---- ---------------------
5928_g               -           1290 42069                -            496  1.6e-128  429.3  35.1   1   5   1.2e-89   2.1e-86  290.3   0.0     2   276   150   442   149   446 0.90 length=1291	scaffold=gi528858388	strand=-
5928_g               -           1290 42069                -            496  1.6e-128  429.3  35.1   2   5         9   1.6e+04  -26.7  31.0   470   470   562   562   467   635 0.59 length=1291	scaffold=gi528858388	strand=-
5928_g               -           1290 42069                -            496  1.6e-128  429.3  35.1   3   5   4.5e-17     8e-14   51.0   0.0   267   306   679   718   670   724 0.95 length=1291	scaffold=gi528858388	strand=-
5928_g               -           1290 42069                -            496  1.6e-128  429.3  35.1   4   5   5.1e-27   9.1e-24   83.8   0.0   305   364   798   859   797   861 0.93 length=1291	scaffold=gi528858388	strand=-
5928_g               -           1290 42069                -            496  1.6e-128  429.3  35.1   5   5   4.1e-07   0.00072   18.1   0.0   395   450   942  1001   941  1059 0.63 length=1291	scaffold=gi528858388	strand=-
6325_g               -           1290 42069                -            496  1.6e-128  429.3  35.1   1   5   1.2e-89   2.1e-86  290.3   0.0     2   276   150   442   149   446 0.90 length=1291	scaffold=gi527312496	strand=+
6325_g               -           1290 42069                -            496  1.6e-128  429.3  35.1   2   5         9   1.6e+04  -26.7  31.0   470   470   562   562   467   635 0.59 length=1291	scaffold=gi527312496	strand=+
6325_g               -           1290 42069                -            496  1.6e-128  429.3  35.1   3   5   4.5e-17     8e-14   51.0   0.0   267   306   679   718   670   724 0.95 length=1291	scaffold=gi527312496	strand=+
6325_g               -           1290 42069                -            496  1.6e-128  429.3  35.1   4   5   5.1e-27   9.1e-24   83.8   0.0   305   364   798   859   797   861 0.93 length=1291	scaffold=gi527312496	strand=+
6325_g               -           1290 42069                -            496  1.6e-128  429.3  35.1   5   5   4.1e-07   0.00072   18.1   0.0   395   450   942  1001   941  1059 0.63 length=1291	scaffold=gi527312496	strand=+
4790_g               -           3104 42069                -            496   6.6e-33  113.9   0.1   1   5     0.015        27    3.0   0.0    26    73   493   538   468   545 0.75 length=3105	scaffold=gi528858389	strand=-
4790_g               -           3104 42069                -            496   6.6e-33  113.9   0.1   2   5   3.2e-12   5.7e-09   34.9   0.0    86   166   610   699   590   739 0.79 length=3105	scaffold=gi528858389	strand=-
4790_g               -           3104 42069                -            496   6.6e-33  113.9   0.1   3   5   0.00046      0.81    8.1   0.0   215   251   871   907   864   909 0.92 length=3105	scaffold=gi528858389	strand=-
4790_g               -           3104 42069                -            496   6.6e-33  113.9   0.1   4   5    0.0044       7.8    4.8   0.0   283   304  1061  1082  1046  1089 0.87 length=3105	scaffold=gi528858389	strand=-
4790_g               -           3104 42069                -            496   6.6e-33  113.9   0.1   5   5   1.6e-18   2.7e-15   55.8   0.0   357   415  1097  1155  1082  1165 0.88 length=3105	scaffold=gi528858389	strand=-
5262_g               -           3104 42069                -            496   6.6e-33  113.9   0.1   1   5     0.015        27    3.0   0.0    26    73   493   538   468   545 0.75 length=3105	scaffold=gi527313191	strand=-
5262_g               -           3104 42069                -            496   6.6e-33  113.9   0.1   2   5   3.2e-12   5.7e-09   34.9   0.0    86   166   610   699   590   739 0.79 length=3105	scaffold=gi527313191	strand=-
5262_g               -           3104 42069                -            496   6.6e-33  113.9   0.1   3   5   0.00046      0.81    8.1   0.0   215   251   871   907   864   909 0.92 length=3105	scaffold=gi527313191	strand=-
5262_g               -           3104 42069                -            496   6.6e-33  113.9   0.1   4   5    0.0044       7.8    4.8   0.0   283   304  1061  1082  1046  1089 0.87 length=3105	scaffold=gi527313191	strand=-
5262_g               -           3104 42069                -            496   6.6e-33  113.9   0.1   5   5   1.6e-18   2.7e-15   55.8   0.0   357   415  1097  1155  1082  1165 0.88 length=3105	scaffold=gi527313191	strand=-
1753_g               -            922 42069                -            496   6.6e-08   31.4   0.0   1   3   6.9e-06     0.012   14.1   0.0    46   161   400   515   397   529 0.79 length=923	scaffold=gi527315322	strand=-
1753_g               -            922 42069                -            496   6.6e-08   31.4   0.0   2   3    0.0021       3.7    5.9   0.0    84   246   555   620   532   690 0.71 length=923	scaffold=gi527315322	strand=-
1753_g               -            922 42069                -            496   6.6e-08   31.4   0.0   3   3   0.00064       1.1    7.6   0.0   372   457   761   855   712   872 0.73 length=923	scaffold=gi527315322	strand=-
936_g                -            922 42069                -            496   6.6e-08   31.4   0.0   1   3   6.9e-06     0.012   14.1   0.0    46   161   400   515   397   529 0.79 length=923	scaffold=gi528858394	strand=-
936_g                -            922 42069                -            496   6.6e-08   31.4   0.0   2   3    0.0021       3.7    5.9   0.0    84   246   555   620   532   690 0.71 length=923	scaffold=gi528858394	strand=-
936_g                -            922 42069                -            496   6.6e-08   31.4   0.0   3   3   0.00064       1.1    7.6   0.0   372   457   761   855   712   872 0.73 length=923	scaffold=gi528858394	strand=-
10432_g              -            384 42069                -            496    0.0031   16.0   0.1   1   2      0.26   4.7e+02   -1.0   0.0    39   105   140   207   129   237 0.72 length=385	scaffold=gi528858384	strand=-
10432_g              -            384 42069                -            496    0.0031   16.0   0.1   2   2   6.4e-06     0.011   14.2   0.0    44   165   232   349   196   368 0.82 length=385	scaffold=gi528858384	strand=-
12827_g              -            384 42069                -            496    0.0031   16.0   0.1   1   2      0.26   4.7e+02   -1.0   0.0    39   105   140   207   129   237 0.72 length=385	scaffold=gi527308853	strand=+
12827_g              -            384 42069                -            496    0.0031   16.0   0.1   2   2   6.4e-06     0.011   14.2   0.0    44   165   232   349   196   368 0.82 length=385	scaffold=gi527308853	strand=+
10422_g              -            131 42069                -            496      0.12   10.8   0.0   1   2    0.0021       3.7    5.9   0.0    39    95     8    61     3    74 0.85 length=132	scaffold=gi528858384	strand=+
10422_g              -            131 42069                -            496      0.12   10.8   0.0   2   2     0.016        28    3.0   0.0   369   384    87   102    84   104 0.90 length=132	scaffold=gi528858384	strand=+
#
# Program:         hmmsearch
# Version:         3.4 (Aug 2023)
# Pipeline mode:   SEARCH
# Query file:      /home/inf-20-2025/Malaria/busco_downloads/lineages/apicomplexa_odb12/hmms/42069at5794.hmm
# Target file:     /home/inf-20-2025/Malaria/Results/6_nobird_annotation/T_gondii.faa
# Option settings: hmmsearch --domtblout Results/8_busco/T_gondii/run_apicomplexa_odb12/hmmer_output/initial_run_results/42069at5794.out --cpu 1 /home/inf-20-2025/Malaria/busco_downloads/lineages/apicomplexa_odb12/hmms/42069at5794.hmm /home/inf-20-2025/Malaria/Results/6_nobird_annotation/T_gondii.faa 
# Current dir:     /home/inf-20-2025/Malaria
# Date:            Wed Mar  4 18:33:21 2026
# [ok]
