#                                                                            --- full sequence --- -------------- this domain -------------   hmm coord   ali coord   env coord
# target name        accession   tlen query name           accession   qlen   E-value  score  bias   #  of  c-Evalue  i-Evalue  score  bias  from    to  from    to  from    to  acc description of target
#------------------- ---------- ----- -------------------- ---------- ----- --------- ------ ----- --- --- --------- --------- ------ ----- ----- ----- ----- ----- ----- ----- ---- ---------------------
10187_g              -           1341 43215                -            773         0 1019.3  26.6   1   6  1.9e-145  1.6e-142  476.1   1.4     3   296    22   356    16   370 0.87 length=1342	scaffold=gi528858384	strand=+
10187_g              -           1341 43215                -            773         0 1019.3  26.6   2   6   5.1e-12   4.5e-09   34.8   0.0   296   329   393   426   388   441 0.88 length=1342	scaffold=gi528858384	strand=+
10187_g              -           1341 43215                -            773         0 1019.3  26.6   3   6      0.41   3.6e+02   -1.3   0.9   327   373   481   527   478   536 0.63 length=1342	scaffold=gi528858384	strand=+
10187_g              -           1341 43215                -            773         0 1019.3  26.6   4   6      0.39   3.4e+02   -1.2   0.1   335   366   547   577   541   603 0.72 length=1342	scaffold=gi528858384	strand=+
10187_g              -           1341 43215                -            773         0 1019.3  26.6   5   6   3.3e-05     0.029   12.3   0.2   384   417   835   868   813   873 0.88 length=1342	scaffold=gi528858384	strand=+
10187_g              -           1341 43215                -            773         0 1019.3  26.6   6   6  3.5e-155  3.1e-152  508.2   2.8   365   772   872  1319   865  1320 0.84 length=1342	scaffold=gi528858384	strand=+
12335_g              -           1341 43215                -            773         0 1019.3  26.6   1   6  1.9e-145  1.6e-142  476.1   1.4     3   296    22   356    16   370 0.87 length=1342	scaffold=gi527308984	strand=-
12335_g              -           1341 43215                -            773         0 1019.3  26.6   2   6   5.1e-12   4.5e-09   34.8   0.0   296   329   393   426   388   441 0.88 length=1342	scaffold=gi527308984	strand=-
12335_g              -           1341 43215                -            773         0 1019.3  26.6   3   6      0.41   3.6e+02   -1.3   0.9   327   373   481   527   478   536 0.63 length=1342	scaffold=gi527308984	strand=-
12335_g              -           1341 43215                -            773         0 1019.3  26.6   4   6      0.39   3.4e+02   -1.2   0.1   335   366   547   577   541   603 0.72 length=1342	scaffold=gi527308984	strand=-
12335_g              -           1341 43215                -            773         0 1019.3  26.6   5   6   3.3e-05     0.029   12.3   0.2   384   417   835   868   813   873 0.88 length=1342	scaffold=gi527308984	strand=-
12335_g              -           1341 43215                -            773         0 1019.3  26.6   6   6  3.5e-155  3.1e-152  508.2   2.8   365   772   872  1319   865  1320 0.84 length=1342	scaffold=gi527308984	strand=-
2669_g               -            911 43215                -            773   1.8e-13   49.3   0.0   1   4   0.00017      0.15   10.0   0.0   116   163   205   257   186   262 0.80 length=912	scaffold=gi528858386	strand=+
2669_g               -            911 43215                -            773   1.8e-13   49.3   0.0   2   4      0.41   3.7e+02   -1.3   0.0   227   250   391   414   385   417 0.84 length=912	scaffold=gi528858386	strand=+
2669_g               -            911 43215                -            773   1.8e-13   49.3   0.0   3   4   4.6e-07   0.00041   18.4   0.0   246   290   442   486   437   507 0.86 length=912	scaffold=gi528858386	strand=+
2669_g               -            911 43215                -            773   1.8e-13   49.3   0.0   4   4   4.1e-06    0.0036   15.3   0.0   438   497   821   879   812   884 0.93 length=912	scaffold=gi528858386	strand=+
3350_g               -            911 43215                -            773   1.8e-13   49.3   0.0   1   4   0.00017      0.15   10.0   0.0   116   163   205   257   186   262 0.80 length=912	scaffold=gi527310881	strand=+
3350_g               -            911 43215                -            773   1.8e-13   49.3   0.0   2   4      0.41   3.7e+02   -1.3   0.0   227   250   391   414   385   417 0.84 length=912	scaffold=gi527310881	strand=+
3350_g               -            911 43215                -            773   1.8e-13   49.3   0.0   3   4   4.6e-07   0.00041   18.4   0.0   246   290   442   486   437   507 0.86 length=912	scaffold=gi527310881	strand=+
3350_g               -            911 43215                -            773   1.8e-13   49.3   0.0   4   4   4.1e-06    0.0036   15.3   0.0   438   497   821   879   812   884 0.93 length=912	scaffold=gi527310881	strand=+
11212_g              -           2667 43215                -            773   1.2e-07   30.0   0.0   1   1   1.4e-10   1.2e-07   30.0   0.0    60   169  2077  2193  2066  2207 0.76 length=2668	scaffold=gi528858383	strand=-
12009_g              -           2667 43215                -            773   1.2e-07   30.0   0.0   1   1   1.4e-10   1.2e-07   30.0   0.0    60   169  2077  2193  2066  2207 0.76 length=2668	scaffold=gi527307902	strand=-
1700_g               -            645 43215                -            773    0.0015   16.6   0.5   1   2    0.0099       8.7    4.1   0.1    53    86   152   185   133   197 0.83 length=646	scaffold=gi527315322	strand=+
1700_g               -            645 43215                -            773    0.0015   16.6   0.5   2   2    0.0001     0.089   10.7   0.0   100   173   235   314   225   327 0.81 length=646	scaffold=gi527315322	strand=+
883_g                -            645 43215                -            773    0.0015   16.6   0.5   1   2    0.0099       8.7    4.1   0.1    53    86   152   185   133   197 0.83 length=646	scaffold=gi528858394	strand=+
883_g                -            645 43215                -            773    0.0015   16.6   0.5   2   2    0.0001     0.089   10.7   0.0   100   173   235   314   225   327 0.81 length=646	scaffold=gi528858394	strand=+
10426_g              -            892 43215                -            773    0.0081   14.1   0.1   1   1   1.4e-05     0.012   13.5   0.1   105   179   146   222   134   233 0.81 length=893	scaffold=gi528858384	strand=-
12833_g              -            892 43215                -            773    0.0081   14.1   0.1   1   1   1.4e-05     0.012   13.5   0.1   105   179   146   222   134   233 0.81 length=893	scaffold=gi527308853	strand=+
13183_g              -           1306 43215                -            773    0.0089   14.0   0.0   1   2    0.0086       7.6    4.3   0.0    62    85   456   479   445   492 0.87 length=1307	scaffold=gi527309735	strand=+
13183_g              -           1306 43215                -            773    0.0089   14.0   0.0   2   2    0.0013       1.1    7.1   0.0    30    98   905   970   903   975 0.83 length=1307	scaffold=gi527309735	strand=+
9483_g               -           1306 43215                -            773    0.0089   14.0   0.0   1   2    0.0086       7.6    4.3   0.0    62    85   456   479   445   492 0.87 length=1307	scaffold=gi528858385	strand=-
9483_g               -           1306 43215                -            773    0.0089   14.0   0.0   2   2    0.0013       1.1    7.1   0.0    30    98   905   970   903   975 0.83 length=1307	scaffold=gi528858385	strand=-
6809_g               -           1363 43215                -            773     0.048   11.6   0.1   1   2     0.012        11    3.8   0.0    66    80   485   499   482   510 0.85 length=1364	scaffold=gi528858387	strand=+
6809_g               -           1363 43215                -            773     0.048   11.6   0.1   2   2    0.0038       3.3    5.5   0.0    62    98  1015  1050  1008  1055 0.82 length=1364	scaffold=gi528858387	strand=+
8103_g               -           1363 43215                -            773     0.048   11.6   0.1   1   2     0.012        11    3.8   0.0    66    80   485   499   482   510 0.85 length=1364	scaffold=gi527311550	strand=-
8103_g               -           1363 43215                -            773     0.048   11.6   0.1   2   2    0.0038       3.3    5.5   0.0    62    98  1015  1050  1008  1055 0.82 length=1364	scaffold=gi527311550	strand=-
7370_g               -           2220 43215                -            773      0.15    9.9   0.1   1   1    0.0003      0.26    9.1   0.1    66    87  1933  1954  1927  1961 0.90 length=2221	scaffold=gi528858387	strand=+
7547_g               -           2220 43215                -            773      0.15    9.9   0.1   1   1    0.0003      0.26    9.1   0.1    66    87  1933  1954  1927  1961 0.90 length=2221	scaffold=gi527311550	strand=-
5885_g               -           1303 43215                -            773      0.97    7.3   7.5   1   2    0.0056         5    4.9   8.0   700   766   353   419   333   427 0.90 length=1304	scaffold=gi528858388	strand=+
5885_g               -           1303 43215                -            773      0.97    7.3   7.5   2   2      0.53   4.7e+02   -1.6   0.0    60    85   583   607   568   614 0.73 length=1304	scaffold=gi528858388	strand=+
6365_g               -           1303 43215                -            773      0.97    7.3   7.5   1   2    0.0056         5    4.9   8.0   700   766   353   419   333   427 0.90 length=1304	scaffold=gi527312496	strand=-
6365_g               -           1303 43215                -            773      0.97    7.3   7.5   2   2      0.53   4.7e+02   -1.6   0.0    60    85   583   607   568   614 0.73 length=1304	scaffold=gi527312496	strand=-
#
# Program:         hmmsearch
# Version:         3.4 (Aug 2023)
# Pipeline mode:   SEARCH
# Query file:      /home/inf-20-2025/Malaria/busco_downloads/lineages/apicomplexa_odb12/hmms/43215at5794.hmm
# Target file:     /home/inf-20-2025/Malaria/Results/6_nobird_annotation/T_gondii.faa
# Option settings: hmmsearch --domtblout Results/8_busco/T_gondii/run_apicomplexa_odb12/hmmer_output/initial_run_results/43215at5794.out --cpu 1 /home/inf-20-2025/Malaria/busco_downloads/lineages/apicomplexa_odb12/hmms/43215at5794.hmm /home/inf-20-2025/Malaria/Results/6_nobird_annotation/T_gondii.faa 
# Current dir:     /home/inf-20-2025/Malaria
# Date:            Wed Mar  4 18:33:16 2026
# [ok]
