#                                                                            --- full sequence --- -------------- this domain -------------   hmm coord   ali coord   env coord
# target name        accession   tlen query name           accession   qlen   E-value  score  bias   #  of  c-Evalue  i-Evalue  score  bias  from    to  from    to  from    to  acc description of target
#------------------- ---------- ----- -------------------- ---------- ----- --------- ------ ----- --- --- --------- --------- ------ ----- ----- ----- ----- ----- ----- ----- ---- ---------------------
12902_g              -           3256 43474                -            643  1.7e-209  697.5  52.9   1   6     1e-78   3.3e-75  253.8   3.2     1   106  2254  2359  2254  2368 0.98 length=3257	scaffold=gi527309735	strand=+
12902_g              -           3256 43474                -            643  1.7e-209  697.5  52.9   2   6   1.8e-53   5.6e-50  170.5   9.1   106   188  2392  2474  2390  2488 0.93 length=3257	scaffold=gi527309735	strand=+
12902_g              -           3256 43474                -            643  1.7e-209  697.5  52.9   3   6   4.5e-28   1.4e-24   86.5   1.4   188   308  2507  2639  2497  2658 0.80 length=3257	scaffold=gi527309735	strand=+
12902_g              -           3256 43474                -            643  1.7e-209  697.5  52.9   4   6      0.03        94    1.2   0.0   301   324  2683  2706  2671  2715 0.86 length=3257	scaffold=gi527309735	strand=+
12902_g              -           3256 43474                -            643  1.7e-209  697.5  52.9   5   6   4.2e-26   1.3e-22   80.0   0.1   332   451  2821  2950  2803  2955 0.85 length=3257	scaffold=gi527309735	strand=+
12902_g              -           3256 43474                -            643  1.7e-209  697.5  52.9   6   6   2.1e-39   6.6e-36  124.0  10.3   408   642  2963  3209  2956  3210 0.83 length=3257	scaffold=gi527309735	strand=+
9760_g               -           3256 43474                -            643  1.7e-209  697.5  52.9   1   6     1e-78   3.3e-75  253.8   3.2     1   106  2254  2359  2254  2368 0.98 length=3257	scaffold=gi528858385	strand=-
9760_g               -           3256 43474                -            643  1.7e-209  697.5  52.9   2   6   1.8e-53   5.6e-50  170.5   9.1   106   188  2392  2474  2390  2488 0.93 length=3257	scaffold=gi528858385	strand=-
9760_g               -           3256 43474                -            643  1.7e-209  697.5  52.9   3   6   4.5e-28   1.4e-24   86.5   1.4   188   308  2507  2639  2497  2658 0.80 length=3257	scaffold=gi528858385	strand=-
9760_g               -           3256 43474                -            643  1.7e-209  697.5  52.9   4   6      0.03        94    1.2   0.0   301   324  2683  2706  2671  2715 0.86 length=3257	scaffold=gi528858385	strand=-
9760_g               -           3256 43474                -            643  1.7e-209  697.5  52.9   5   6   4.2e-26   1.3e-22   80.0   0.1   332   451  2821  2950  2803  2955 0.85 length=3257	scaffold=gi528858385	strand=-
9760_g               -           3256 43474                -            643  1.7e-209  697.5  52.9   6   6   2.1e-39   6.6e-36  124.0  10.3   408   642  2963  3209  2956  3210 0.83 length=3257	scaffold=gi528858385	strand=-
5560_g               -           1682 43474                -            643   4.3e-09   35.4   2.4   1   2   0.00017      0.55    8.6   0.1    10    49   650   694   643   700 0.66 length=1683	scaffold=gi528858388	strand=+
5560_g               -           1682 43474                -            643   4.3e-09   35.4   2.4   2   2     8e-10   2.5e-06   26.2   0.2    13   102   710   800   702   805 0.90 length=1683	scaffold=gi528858388	strand=+
6688_g               -           1682 43474                -            643   4.3e-09   35.4   2.4   1   2   0.00017      0.55    8.6   0.1    10    49   650   694   643   700 0.66 length=1683	scaffold=gi527312496	strand=-
6688_g               -           1682 43474                -            643   4.3e-09   35.4   2.4   2   2     8e-10   2.5e-06   26.2   0.2    13   102   710   800   702   805 0.90 length=1683	scaffold=gi527312496	strand=-
14420_g              -             98 43474                -            643   3.3e-08   32.5  11.2   1   1   1.2e-11   3.8e-08   32.3  11.2   140   171     1    32     1    44 0.81 length=99	scaffold=gi527307076	strand=+
#
# Program:         hmmsearch
# Version:         3.4 (Aug 2023)
# Pipeline mode:   SEARCH
# Query file:      /home/inf-20-2025/Malaria/busco_downloads/lineages/apicomplexa_odb12/hmms/43474at5794.hmm
# Target file:     /home/inf-20-2025/Malaria/Results/6_nobird_annotation/T_gondii.faa
# Option settings: hmmsearch --domtblout Results/8_busco/T_gondii/run_apicomplexa_odb12/hmmer_output/initial_run_results/43474at5794.out --cpu 1 /home/inf-20-2025/Malaria/busco_downloads/lineages/apicomplexa_odb12/hmms/43474at5794.hmm /home/inf-20-2025/Malaria/Results/6_nobird_annotation/T_gondii.faa 
# Current dir:     /home/inf-20-2025/Malaria
# Date:            Wed Mar  4 18:33:22 2026
# [ok]
