#                                                                            --- full sequence --- -------------- this domain -------------   hmm coord   ali coord   env coord
# target name        accession   tlen query name           accession   qlen   E-value  score  bias   #  of  c-Evalue  i-Evalue  score  bias  from    to  from    to  from    to  acc description of target
#------------------- ---------- ----- -------------------- ---------- ----- --------- ------ ----- --- --- --------- --------- ------ ----- ----- ----- ----- ----- ----- ----- ---- ---------------------
2497_g               -            479 47873                -            411  1.6e-203  675.9   0.7   1   1  1.2e-205    2e-203  675.5   0.7     9   409    47   451    40   453 0.98 length=480	scaffold=gi528858386	strand=+
3178_g               -            479 47873                -            411  1.6e-203  675.9   0.7   1   1  1.2e-205    2e-203  675.5   0.7     9   409    47   451    40   453 0.98 length=480	scaffold=gi527310881	strand=+
10112_g              -            569 47873                -            411  2.4e-100  336.1   0.0   1   1  1.9e-102  3.2e-100  335.6   0.0    10   359    82   437    72   482 0.94 length=570	scaffold=gi528858384	strand=-
12409_g              -            569 47873                -            411  2.4e-100  336.1   0.0   1   1  1.9e-102  3.2e-100  335.6   0.0    10   359    82   437    72   482 0.94 length=570	scaffold=gi527308984	strand=+
142_g                -            614 47873                -            411   1.1e-87  294.4   0.0   1   1   8.4e-90   1.4e-87  294.0   0.0    10   356   253   612   250   614 0.91 length=615	scaffold=gi528858396	strand=-
249_g                -            614 47873                -            411   1.1e-87  294.4   0.0   1   1   8.4e-90   1.4e-87  294.0   0.0    10   356   253   612   250   614 0.91 length=615	scaffold=gi527315854	strand=+
11116_g              -            412 47873                -            411   1.9e-87  293.5   0.4   1   1   1.4e-89   2.4e-87  293.2   0.4     8   377    34   404    27   410 0.97 length=413	scaffold=gi528858383	strand=-
11913_g              -            412 47873                -            411   1.9e-87  293.5   0.4   1   1   1.4e-89   2.4e-87  293.2   0.4     8   377    34   404    27   410 0.97 length=413	scaffold=gi527307902	strand=-
1027_g               -           1171 47873                -            411     1e-84  284.6   0.2   1   1   1.3e-86   2.2e-84  283.5   0.0    14   368   759  1136   754  1147 0.86 length=1172	scaffold=gi528858394	strand=+
1844_g               -           1171 47873                -            411     1e-84  284.6   0.2   1   1   1.3e-86   2.2e-84  283.5   0.0    14   368   759  1136   754  1147 0.86 length=1172	scaffold=gi527315322	strand=+
454_g                -           2499 47873                -            411     7e-84  281.8   0.1   1   2   4.5e-64   7.4e-62  209.3   0.2     6   302  1192  1492  1188  1498 0.94 length=2500	scaffold=gi528858395	strand=+
454_g                -           2499 47873                -            411     7e-84  281.8   0.1   2   2   9.6e-22   1.6e-19   69.8   0.0   302   360  1551  1610  1546  1634 0.91 length=2500	scaffold=gi528858395	strand=+
720_g                -           2499 47873                -            411     7e-84  281.8   0.1   1   2   4.5e-64   7.4e-62  209.3   0.2     6   302  1192  1492  1188  1498 0.94 length=2500	scaffold=gi527315607	strand=-
720_g                -           2499 47873                -            411     7e-84  281.8   0.1   2   2   9.6e-22   1.6e-19   69.8   0.0   302   360  1551  1610  1546  1634 0.91 length=2500	scaffold=gi527315607	strand=-
10648_g              -            962 47873                -            411   2.5e-82  276.7   0.7   1   1   2.8e-81   4.6e-79  265.9   0.7    11   357   222   611   214   632 0.85 length=963	scaffold=gi528858383	strand=+
11445_g              -            962 47873                -            411   2.5e-82  276.7   0.7   1   1   2.8e-81   4.6e-79  265.9   0.7    11   357   222   611   214   632 0.85 length=963	scaffold=gi527307902	strand=+
10113_g              -            453 47873                -            411     1e-80  271.4   0.1   1   1   7.9e-83   1.3e-80  271.0   0.1     5   358    94   446    90   452 0.96 length=454	scaffold=gi528858384	strand=-
12408_g              -            453 47873                -            411     1e-80  271.4   0.1   1   1   7.9e-83   1.3e-80  271.0   0.1     5   358    94   446    90   452 0.96 length=454	scaffold=gi527308984	strand=+
10435_g              -            434 47873                -            411   1.2e-77  261.2   0.3   1   1   9.6e-80   1.6e-77  260.9   0.3    12   376    43   421    37   433 0.89 length=435	scaffold=gi528858384	strand=+
12824_g              -            434 47873                -            411   1.2e-77  261.2   0.3   1   1   9.6e-80   1.6e-77  260.9   0.3    12   376    43   421    37   433 0.89 length=435	scaffold=gi527308853	strand=-
13500_g              -            734 47873                -            411   3.2e-77  259.9   0.0   1   3   9.4e-18   1.6e-15   56.7   0.0    18    78   235   295   220   304 0.90 length=735	scaffold=gi527309735	strand=-
13500_g              -            734 47873                -            411   3.2e-77  259.9   0.0   2   3   5.5e-21   9.1e-19   67.3   0.0    83   184   319   419   309   424 0.95 length=735	scaffold=gi527309735	strand=-
13500_g              -            734 47873                -            411   3.2e-77  259.9   0.0   3   3   1.1e-40   1.9e-38  132.2   0.0   188   357   447   617   442   635 0.97 length=735	scaffold=gi527309735	strand=-
9166_g               -            734 47873                -            411   3.2e-77  259.9   0.0   1   3   9.4e-18   1.6e-15   56.7   0.0    18    78   235   295   220   304 0.90 length=735	scaffold=gi528858385	strand=+
9166_g               -            734 47873                -            411   3.2e-77  259.9   0.0   2   3   5.5e-21   9.1e-19   67.3   0.0    83   184   319   419   309   424 0.95 length=735	scaffold=gi528858385	strand=+
9166_g               -            734 47873                -            411   3.2e-77  259.9   0.0   3   3   1.1e-40   1.9e-38  132.2   0.0   188   357   447   617   442   635 0.97 length=735	scaffold=gi528858385	strand=+
13109_g              -            656 47873                -            411   3.7e-76  256.4   0.0   1   2     2e-52   3.3e-50  170.9   0.0    13   236   129   358   121   376 0.91 length=657	scaffold=gi527309735	strand=+
13109_g              -            656 47873                -            411   3.7e-76  256.4   0.0   2   2   7.3e-26   1.2e-23   83.4   0.0   274   356   503   586   491   589 0.91 length=657	scaffold=gi527309735	strand=+
9557_g               -            656 47873                -            411   3.7e-76  256.4   0.0   1   2     2e-52   3.3e-50  170.9   0.0    13   236   129   358   121   376 0.91 length=657	scaffold=gi528858385	strand=-
9557_g               -            656 47873                -            411   3.7e-76  256.4   0.0   2   2   7.3e-26   1.2e-23   83.4   0.0   274   356   503   586   491   589 0.91 length=657	scaffold=gi528858385	strand=-
2998_g               -           1271 47873                -            411   3.7e-75  253.1   0.0   1   2   3.5e-58   5.8e-56  189.9   0.0    14   297   585   880   581   893 0.90 length=1272	scaffold=gi528858386	strand=-
2998_g               -           1271 47873                -            411   3.7e-75  253.1   0.0   2   2   5.4e-19   8.9e-17   60.8   0.0   299   358  1057  1117  1050  1129 0.90 length=1272	scaffold=gi528858386	strand=-
3679_g               -           1271 47873                -            411   3.7e-75  253.1   0.0   1   2   3.5e-58   5.8e-56  189.9   0.0    14   297   585   880   581   893 0.90 length=1272	scaffold=gi527310881	strand=-
3679_g               -           1271 47873                -            411   3.7e-75  253.1   0.0   2   2   5.4e-19   8.9e-17   60.8   0.0   299   358  1057  1117  1050  1129 0.90 length=1272	scaffold=gi527310881	strand=-
10136_g              -           3844 47873                -            411   3.9e-75  253.0   0.0   1   1   3.7e-77   6.2e-75  252.3   0.0    13   366   376   749   366   762 0.87 length=3845	scaffold=gi528858384	strand=+
12385_g              -           3844 47873                -            411   3.9e-75  253.0   0.0   1   1   3.7e-77   6.2e-75  252.3   0.0    13   366   376   749   366   762 0.87 length=3845	scaffold=gi527308984	strand=-
6071_g               -           1023 47873                -            411   1.1e-66  225.2   0.0   1   2   4.7e-05    0.0077   14.9   0.0     8    54   666   712   661   717 0.91 length=1024	scaffold=gi528858388	strand=+
6071_g               -           1023 47873                -            411   1.1e-66  225.2   0.0   2   2   8.1e-64   1.3e-61  208.4   0.0    82   377   719  1015   714  1021 0.97 length=1024	scaffold=gi528858388	strand=+
6181_g               -           1035 47873                -            411   1.1e-66  225.2   0.0   1   2   4.7e-05    0.0078   14.9   0.0     8    54   678   724   673   729 0.91 length=1036	scaffold=gi527312496	strand=-
6181_g               -           1035 47873                -            411   1.1e-66  225.2   0.0   2   2   8.3e-64   1.4e-61  208.4   0.0    82   377   731  1027   726  1033 0.97 length=1036	scaffold=gi527312496	strand=-
1666_g               -           1792 47873                -            411   3.3e-65  220.3   0.0   1   3   1.6e-13   2.7e-11   42.7   0.0    27    81  1050  1104  1028  1112 0.81 length=1793	scaffold=gi527315322	strand=+
1666_g               -           1792 47873                -            411   3.3e-65  220.3   0.0   2   3   7.3e-35   1.2e-32  113.0   0.0    86   268  1181  1366  1162  1379 0.92 length=1793	scaffold=gi527315322	strand=+
1666_g               -           1792 47873                -            411   3.3e-65  220.3   0.0   3   3   6.8e-19   1.1e-16   60.4   0.0   302   376  1518  1593  1453  1619 0.85 length=1793	scaffold=gi527315322	strand=+
849_g                -           1792 47873                -            411   3.3e-65  220.3   0.0   1   3   1.6e-13   2.7e-11   42.7   0.0    27    81  1050  1104  1028  1112 0.81 length=1793	scaffold=gi528858394	strand=+
849_g                -           1792 47873                -            411   3.3e-65  220.3   0.0   2   3   7.3e-35   1.2e-32  113.0   0.0    86   268  1181  1366  1162  1379 0.92 length=1793	scaffold=gi528858394	strand=+
849_g                -           1792 47873                -            411   3.3e-65  220.3   0.0   3   3   6.8e-19   1.1e-16   60.4   0.0   302   376  1518  1593  1453  1619 0.85 length=1793	scaffold=gi528858394	strand=+
1128_g               -            470 47873                -            411   6.9e-59  199.5   0.1   1   2   3.3e-26   5.5e-24   84.5   0.1    41   193    43   197    40   201 0.89 length=471	scaffold=gi528858393	strand=+
1128_g               -            470 47873                -            411   6.9e-59  199.5   0.1   2   2   4.6e-35   7.6e-33  113.7   0.0   173   372   197   400   188   432 0.83 length=471	scaffold=gi528858393	strand=+
1510_g               -            470 47873                -            411   6.9e-59  199.5   0.1   1   2   3.3e-26   5.5e-24   84.5   0.1    41   193    43   197    40   201 0.89 length=471	scaffold=gi527315005	strand=-
1510_g               -            470 47873                -            411   6.9e-59  199.5   0.1   2   2   4.6e-35   7.6e-33  113.7   0.0   173   372   197   400   188   432 0.83 length=471	scaffold=gi527315005	strand=-
5878_g               -            992 47873                -            411   2.4e-54  184.5   0.1   1   3       1.6   2.7e+02   -0.1   0.0    10    43   186   220   182   228 0.79 length=993	scaffold=gi528858388	strand=-
5878_g               -            992 47873                -            411   2.4e-54  184.5   0.1   2   3   2.3e-44   3.8e-42  144.3   0.0    41   310   322   613   314   616 0.82 length=993	scaffold=gi528858388	strand=-
5878_g               -            992 47873                -            411   2.4e-54  184.5   0.1   3   3   1.9e-11   3.1e-09   35.9   0.0   313   360   708   756   693   779 0.85 length=993	scaffold=gi528858388	strand=-
6372_g               -            992 47873                -            411   2.4e-54  184.5   0.1   1   3       1.6   2.7e+02   -0.1   0.0    10    43   186   220   182   228 0.79 length=993	scaffold=gi527312496	strand=+
6372_g               -            992 47873                -            411   2.4e-54  184.5   0.1   2   3   2.3e-44   3.8e-42  144.3   0.0    41   310   322   613   314   616 0.82 length=993	scaffold=gi527312496	strand=+
6372_g               -            992 47873                -            411   2.4e-54  184.5   0.1   3   3   1.9e-11   3.1e-09   35.9   0.0   313   360   708   756   693   779 0.85 length=993	scaffold=gi527312496	strand=+
12664_g              -            840 47873                -            411   5.2e-54  183.4   0.0   1   1   5.1e-56   8.5e-54  182.7   0.0    15   369   117   502   103   549 0.80 length=841	scaffold=gi527308984	strand=+
9860_g               -            840 47873                -            411   5.2e-54  183.4   0.0   1   1   5.1e-56   8.5e-54  182.7   0.0    15   369   117   502   103   549 0.80 length=841	scaffold=gi528858384	strand=-
2611_g               -            841 47873                -            411   2.8e-53  181.0   0.5   1   2   2.9e-27   4.7e-25   88.0   0.0    32   183   277   433   259   440 0.88 length=842	scaffold=gi528858386	strand=+
2611_g               -            841 47873                -            411   2.8e-53  181.0   0.5   2   2   3.1e-28   5.1e-26   91.2   0.1   194   368   512   692   499   710 0.80 length=842	scaffold=gi528858386	strand=+
3292_g               -            841 47873                -            411   2.8e-53  181.0   0.5   1   2   2.9e-27   4.7e-25   88.0   0.0    32   183   277   433   259   440 0.88 length=842	scaffold=gi527310881	strand=+
3292_g               -            841 47873                -            411   2.8e-53  181.0   0.5   2   2   3.1e-28   5.1e-26   91.2   0.1   194   368   512   692   499   710 0.80 length=842	scaffold=gi527310881	strand=+
4521_g               -           1247 47873                -            411   1.9e-50  171.7   3.8   1   4   5.9e-21   9.8e-19   67.2   0.0    14   102    75   167    63   172 0.88 length=1248	scaffold=gi528858390	strand=+
4521_g               -           1247 47873                -            411   1.9e-50  171.7   3.8   2   4   1.4e-07   2.4e-05   23.2   0.1   160   206   335   381   331   386 0.92 length=1248	scaffold=gi528858390	strand=+
4521_g               -           1247 47873                -            411   1.9e-50  171.7   3.8   3   4   2.6e-15   4.3e-13   48.6   0.1   222   323   433   537   411   541 0.85 length=1248	scaffold=gi528858390	strand=+
4521_g               -           1247 47873                -            411   1.9e-50  171.7   3.8   4   4   9.9e-10   1.6e-07   30.3   0.0   310   355   569   615   556   629 0.85 length=1248	scaffold=gi528858390	strand=+
8536_g               -           1247 47873                -            411   1.9e-50  171.7   3.8   1   4   5.9e-21   9.8e-19   67.2   0.0    14   102    75   167    63   172 0.88 length=1248	scaffold=gi527313757	strand=+
8536_g               -           1247 47873                -            411   1.9e-50  171.7   3.8   2   4   1.4e-07   2.4e-05   23.2   0.1   160   206   335   381   331   386 0.92 length=1248	scaffold=gi527313757	strand=+
8536_g               -           1247 47873                -            411   1.9e-50  171.7   3.8   3   4   2.6e-15   4.3e-13   48.6   0.1   222   323   433   537   411   541 0.85 length=1248	scaffold=gi527313757	strand=+
8536_g               -           1247 47873                -            411   1.9e-50  171.7   3.8   4   4   9.9e-10   1.6e-07   30.3   0.0   310   355   569   615   556   629 0.85 length=1248	scaffold=gi527313757	strand=+
1606_g               -            602 47873                -            411   1.4e-49  168.8   0.3   1   4   1.4e-20   2.3e-18   66.0   0.1    11   109   122   221   113   232 0.91 length=603	scaffold=gi527315322	strand=+
1606_g               -            602 47873                -            411   1.4e-49  168.8   0.3   2   4   3.9e-12   6.4e-10   38.2   0.0   132   232   261   362   246   373 0.90 length=603	scaffold=gi527315322	strand=+
1606_g               -            602 47873                -            411   1.4e-49  168.8   0.3   3   4   1.3e-13   2.1e-11   43.1   0.0   236   335   391   495   386   508 0.84 length=603	scaffold=gi527315322	strand=+
1606_g               -            602 47873                -            411   1.4e-49  168.8   0.3   4   4   1.6e-05    0.0027   16.4   0.0   333   374   542   583   539   599 0.81 length=603	scaffold=gi527315322	strand=+
789_g                -            602 47873                -            411   1.4e-49  168.8   0.3   1   4   1.4e-20   2.3e-18   66.0   0.1    11   109   122   221   113   232 0.91 length=603	scaffold=gi528858394	strand=+
789_g                -            602 47873                -            411   1.4e-49  168.8   0.3   2   4   3.9e-12   6.4e-10   38.2   0.0   132   232   261   362   246   373 0.90 length=603	scaffold=gi528858394	strand=+
789_g                -            602 47873                -            411   1.4e-49  168.8   0.3   3   4   1.3e-13   2.1e-11   43.1   0.0   236   335   391   495   386   508 0.84 length=603	scaffold=gi528858394	strand=+
789_g                -            602 47873                -            411   1.4e-49  168.8   0.3   4   4   1.6e-05    0.0027   16.4   0.0   333   374   542   583   539   599 0.81 length=603	scaffold=gi528858394	strand=+
5574_g               -           1305 47873                -            411     1e-46  159.4   0.2   1   4   7.3e-06    0.0012   17.5   0.0    45    78   716   749   711   756 0.88 length=1306	scaffold=gi528858388	strand=+
5574_g               -           1305 47873                -            411     1e-46  159.4   0.2   2   4   5.4e-05     0.009   14.7   0.0    84   124   849   889   840   903 0.87 length=1306	scaffold=gi528858388	strand=+
5574_g               -           1305 47873                -            411     1e-46  159.4   0.2   3   4   9.3e-13   1.5e-10   40.2   0.0   132   206   974  1049   966  1067 0.87 length=1306	scaffold=gi528858388	strand=+
5574_g               -           1305 47873                -            411     1e-46  159.4   0.2   4   4   3.3e-25   5.4e-23   81.2   0.0   250   358  1166  1275  1138  1299 0.91 length=1306	scaffold=gi528858388	strand=+
6674_g               -           1393 47873                -            411   1.4e-46  159.0   0.2   1   4   7.9e-06    0.0013   17.4   0.0    45    78   804   837   799   844 0.88 length=1394	scaffold=gi527312496	strand=-
6674_g               -           1393 47873                -            411   1.4e-46  159.0   0.2   2   4   5.8e-05    0.0097   14.6   0.0    84   124   937   977   928   991 0.87 length=1394	scaffold=gi527312496	strand=-
6674_g               -           1393 47873                -            411   1.4e-46  159.0   0.2   3   4     1e-12   1.7e-10   40.1   0.0   132   206  1062  1137  1054  1155 0.87 length=1394	scaffold=gi527312496	strand=-
6674_g               -           1393 47873                -            411   1.4e-46  159.0   0.2   4   4   3.6e-25   5.9e-23   81.1   0.0   250   358  1254  1363  1226  1387 0.91 length=1394	scaffold=gi527312496	strand=-
7260_g               -            954 47873                -            411   1.5e-46  158.8   2.0   1   4   3.6e-12   5.9e-10   38.3   0.0    22    78   242   299   232   303 0.89 length=955	scaffold=gi528858387	strand=-
7260_g               -            954 47873                -            411   1.5e-46  158.8   2.0   2   4   2.8e-12   4.6e-10   38.7   0.3    84   148   382   447   370   454 0.91 length=955	scaffold=gi528858387	strand=-
7260_g               -            954 47873                -            411   1.5e-46  158.8   2.0   3   4    0.0089       1.5    7.4   0.0   153   184   505   536   494   546 0.76 length=955	scaffold=gi528858387	strand=-
7260_g               -            954 47873                -            411   1.5e-46  158.8   2.0   4   4   1.1e-21   1.9e-19   69.6   0.0   279   376   749   847   743   880 0.86 length=955	scaffold=gi528858387	strand=-
7659_g               -            954 47873                -            411   1.5e-46  158.8   2.0   1   4   3.6e-12   5.9e-10   38.3   0.0    22    78   242   299   232   303 0.89 length=955	scaffold=gi527311550	strand=+
7659_g               -            954 47873                -            411   1.5e-46  158.8   2.0   2   4   2.8e-12   4.6e-10   38.7   0.3    84   148   382   447   370   454 0.91 length=955	scaffold=gi527311550	strand=+
7659_g               -            954 47873                -            411   1.5e-46  158.8   2.0   3   4    0.0089       1.5    7.4   0.0   153   184   505   536   494   546 0.76 length=955	scaffold=gi527311550	strand=+
7659_g               -            954 47873                -            411   1.5e-46  158.8   2.0   4   4   1.1e-21   1.9e-19   69.6   0.0   279   376   749   847   743   880 0.86 length=955	scaffold=gi527311550	strand=+
5557_g               -            975 47873                -            411   1.9e-41  142.0   0.0   1   2   1.3e-23   2.1e-21   76.0   0.0    55   199   255   418   249   427 0.80 length=976	scaffold=gi528858388	strand=-
5557_g               -            975 47873                -            411   1.9e-41  142.0   0.0   2   2   1.6e-19   2.6e-17   62.5   0.0   247   347   554   654   545   658 0.89 length=976	scaffold=gi528858388	strand=-
6691_g               -            975 47873                -            411   1.9e-41  142.0   0.0   1   2   1.3e-23   2.1e-21   76.0   0.0    55   199   255   418   249   427 0.80 length=976	scaffold=gi527312496	strand=+
6691_g               -            975 47873                -            411   1.9e-41  142.0   0.0   2   2   1.6e-19   2.6e-17   62.5   0.0   247   347   554   654   545   658 0.89 length=976	scaffold=gi527312496	strand=+
5812_g               -           1541 47873                -            411   2.1e-38  132.0   0.0   1   4   6.5e-07   0.00011   21.0   0.0    14    80   942  1018   937  1022 0.78 length=1542	scaffold=gi528858388	strand=+
5812_g               -           1541 47873                -            411   2.1e-38  132.0   0.0   2   4     0.016       2.6    6.5   0.0    81   107  1085  1111  1075  1115 0.87 length=1542	scaffold=gi528858388	strand=+
5812_g               -           1541 47873                -            411   2.1e-38  132.0   0.0   3   4   6.2e-07    0.0001   21.0   0.0   110   188  1153  1234  1149  1236 0.75 length=1542	scaffold=gi528858388	strand=+
5812_g               -           1541 47873                -            411   2.1e-38  132.0   0.0   4   4   3.5e-24   5.9e-22   77.8   0.0   252   385  1357  1498  1346  1519 0.86 length=1542	scaffold=gi528858388	strand=+
6437_g               -           1541 47873                -            411   2.1e-38  132.0   0.0   1   4   6.5e-07   0.00011   21.0   0.0    14    80   942  1018   937  1022 0.78 length=1542	scaffold=gi527312496	strand=-
6437_g               -           1541 47873                -            411   2.1e-38  132.0   0.0   2   4     0.016       2.6    6.5   0.0    81   107  1085  1111  1075  1115 0.87 length=1542	scaffold=gi527312496	strand=-
6437_g               -           1541 47873                -            411   2.1e-38  132.0   0.0   3   4   6.2e-07    0.0001   21.0   0.0   110   188  1153  1234  1149  1236 0.75 length=1542	scaffold=gi527312496	strand=-
6437_g               -           1541 47873                -            411   2.1e-38  132.0   0.0   4   4   3.5e-24   5.9e-22   77.8   0.0   252   385  1357  1498  1346  1519 0.86 length=1542	scaffold=gi527312496	strand=-
11141_g              -           1619 47873                -            411   3.3e-38  131.4   0.0   1   5   3.1e-08   5.2e-06   25.3   0.1    59   117   540   608   536   627 0.78 length=1620	scaffold=gi528858383	strand=-
11141_g              -           1619 47873                -            411   3.3e-38  131.4   0.0   2   5   9.8e-16   1.6e-13   50.0   0.0   122   190   713   781   695   792 0.87 length=1620	scaffold=gi528858383	strand=-
11141_g              -           1619 47873                -            411   3.3e-38  131.4   0.0   3   5      0.13        21    3.6   0.0   217   293   953  1035   947  1054 0.71 length=1620	scaffold=gi528858383	strand=-
11141_g              -           1619 47873                -            411   3.3e-38  131.4   0.0   4   5   3.2e-06   0.00053   18.7   0.0   281   327  1108  1155  1095  1160 0.84 length=1620	scaffold=gi528858383	strand=-
11141_g              -           1619 47873                -            411   3.3e-38  131.4   0.0   5   5   2.5e-08   4.1e-06   25.7   0.0   319   355  1238  1275  1227  1282 0.87 length=1620	scaffold=gi528858383	strand=-
11938_g              -           1619 47873                -            411   3.3e-38  131.4   0.0   1   5   3.1e-08   5.2e-06   25.3   0.1    59   117   540   608   536   627 0.78 length=1620	scaffold=gi527307902	strand=-
11938_g              -           1619 47873                -            411   3.3e-38  131.4   0.0   2   5   9.8e-16   1.6e-13   50.0   0.0   122   190   713   781   695   792 0.87 length=1620	scaffold=gi527307902	strand=-
11938_g              -           1619 47873                -            411   3.3e-38  131.4   0.0   3   5      0.13        21    3.6   0.0   217   293   953  1035   947  1054 0.71 length=1620	scaffold=gi527307902	strand=-
11938_g              -           1619 47873                -            411   3.3e-38  131.4   0.0   4   5   3.2e-06   0.00053   18.7   0.0   281   327  1108  1155  1095  1160 0.84 length=1620	scaffold=gi527307902	strand=-
11938_g              -           1619 47873                -            411   3.3e-38  131.4   0.0   5   5   2.5e-08   4.1e-06   25.7   0.0   319   355  1238  1275  1227  1282 0.87 length=1620	scaffold=gi527307902	strand=-
13495_g              -           1072 47873                -            411   3.9e-34  117.9   0.0   1   3   6.3e-09     1e-06   27.6   0.0    18    77   306   365   301   370 0.90 length=1073	scaffold=gi527309735	strand=+
13495_g              -           1072 47873                -            411   3.9e-34  117.9   0.0   2   3   7.4e-08   1.2e-05   24.1   0.0    85   181   412   513   406   521 0.77 length=1073	scaffold=gi527309735	strand=+
13495_g              -           1072 47873                -            411   3.9e-34  117.9   0.0   3   3   2.2e-19   3.7e-17   62.0   0.0   247   354   704   812   698   836 0.90 length=1073	scaffold=gi527309735	strand=+
9171_g               -           1072 47873                -            411   3.9e-34  117.9   0.0   1   3   6.3e-09     1e-06   27.6   0.0    18    77   306   365   301   370 0.90 length=1073	scaffold=gi528858385	strand=-
9171_g               -           1072 47873                -            411   3.9e-34  117.9   0.0   2   3   7.4e-08   1.2e-05   24.1   0.0    85   181   412   513   406   521 0.77 length=1073	scaffold=gi528858385	strand=-
9171_g               -           1072 47873                -            411   3.9e-34  117.9   0.0   3   3   2.2e-19   3.7e-17   62.0   0.0   247   354   704   812   698   836 0.90 length=1073	scaffold=gi528858385	strand=-
781_g                -            982 47873                -            411     2e-32  112.3   2.3   1   4   9.5e-09   1.6e-06   27.0   0.0    14    55     3    44     1    47 0.90 length=983	scaffold=gi527315607	strand=-
781_g                -            982 47873                -            411     2e-32  112.3   2.3   2   4     3e-13     5e-11   41.8   0.0    80   222   405   562   401   575 0.74 length=983	scaffold=gi527315607	strand=-
781_g                -            982 47873                -            411     2e-32  112.3   2.3   3   4     0.092        15    4.0   0.0   240   274   794   828   786   835 0.90 length=983	scaffold=gi527315607	strand=-
781_g                -            982 47873                -            411     2e-32  112.3   2.3   4   4   1.9e-11   3.2e-09   35.9   0.0   296   354   914   973   902   977 0.92 length=983	scaffold=gi527315607	strand=-
1710_g               -           1766 47873                -            411   2.1e-32  112.3   0.0   1   4     1e-09   1.7e-07   30.2   0.0    20    80   595   655   587   659 0.88 length=1767	scaffold=gi527315322	strand=-
1710_g               -           1766 47873                -            411   2.1e-32  112.3   0.0   2   4   1.2e-07   1.9e-05   23.4   0.0    85   132   687   734   680   745 0.90 length=1767	scaffold=gi527315322	strand=-
1710_g               -           1766 47873                -            411   2.1e-32  112.3   0.0   3   4     3e-11     5e-09   35.3   0.0   130   218   764   862   754   878 0.81 length=1767	scaffold=gi527315322	strand=-
1710_g               -           1766 47873                -            411   2.1e-32  112.3   0.0   4   4   6.3e-05     0.011   14.4   0.0   294   324  1123  1151  1050  1153 0.77 length=1767	scaffold=gi527315322	strand=-
893_g                -           1766 47873                -            411   2.1e-32  112.3   0.0   1   4     1e-09   1.7e-07   30.2   0.0    20    80   595   655   587   659 0.88 length=1767	scaffold=gi528858394	strand=-
893_g                -           1766 47873                -            411   2.1e-32  112.3   0.0   2   4   1.2e-07   1.9e-05   23.4   0.0    85   132   687   734   680   745 0.90 length=1767	scaffold=gi528858394	strand=-
893_g                -           1766 47873                -            411   2.1e-32  112.3   0.0   3   4     3e-11     5e-09   35.3   0.0   130   218   764   862   754   878 0.81 length=1767	scaffold=gi528858394	strand=-
893_g                -           1766 47873                -            411   2.1e-32  112.3   0.0   4   4   6.3e-05     0.011   14.4   0.0   294   324  1123  1151  1050  1153 0.77 length=1767	scaffold=gi528858394	strand=-
4858_g               -           1900 47873                -            411   6.2e-31  107.4   0.4   1   5   0.00015     0.025   13.2   0.0    19    55   561   597   549   600 0.88 length=1901	scaffold=gi528858389	strand=+
4858_g               -           1900 47873                -            411   6.2e-31  107.4   0.4   2   5   1.6e-05    0.0027   16.4   0.0    56    77   662   683   658   690 0.86 length=1901	scaffold=gi528858389	strand=+
4858_g               -           1900 47873                -            411   6.2e-31  107.4   0.4   3   5     1e-08   1.7e-06   26.9   0.0    91   170   805   892   792   907 0.86 length=1901	scaffold=gi528858389	strand=+
4858_g               -           1900 47873                -            411   6.2e-31  107.4   0.4   4   5       7.8   1.3e+03   -2.3   0.0   277   298  1262  1282  1251  1287 0.76 length=1901	scaffold=gi528858389	strand=+
4858_g               -           1900 47873                -            411   6.2e-31  107.4   0.4   5   5   6.2e-14     1e-11   44.1   0.0   305   359  1310  1366  1304  1391 0.86 length=1901	scaffold=gi528858389	strand=+
5330_g               -           1900 47873                -            411   6.2e-31  107.4   0.4   1   5   0.00015     0.025   13.2   0.0    19    55   561   597   549   600 0.88 length=1901	scaffold=gi527313191	strand=+
5330_g               -           1900 47873                -            411   6.2e-31  107.4   0.4   2   5   1.6e-05    0.0027   16.4   0.0    56    77   662   683   658   690 0.86 length=1901	scaffold=gi527313191	strand=+
5330_g               -           1900 47873                -            411   6.2e-31  107.4   0.4   3   5     1e-08   1.7e-06   26.9   0.0    91   170   805   892   792   907 0.86 length=1901	scaffold=gi527313191	strand=+
5330_g               -           1900 47873                -            411   6.2e-31  107.4   0.4   4   5       7.8   1.3e+03   -2.3   0.0   277   298  1262  1282  1251  1287 0.76 length=1901	scaffold=gi527313191	strand=+
5330_g               -           1900 47873                -            411   6.2e-31  107.4   0.4   5   5   6.2e-14     1e-11   44.1   0.0   305   359  1310  1366  1304  1391 0.86 length=1901	scaffold=gi527313191	strand=+
4813_g               -           1834 47873                -            411   1.6e-26   92.9   0.0   1   4   2.5e-10   4.1e-08   32.2   0.0     9    77   435   503   428   511 0.92 length=1835	scaffold=gi528858389	strand=+
4813_g               -           1834 47873                -            411   1.6e-26   92.9   0.0   2   4     0.099        16    3.9   0.0   134   170   954   989   950  1003 0.89 length=1835	scaffold=gi528858389	strand=+
4813_g               -           1834 47873                -            411   1.6e-26   92.9   0.0   3   4   3.5e-05    0.0057   15.3   0.0   234   299  1203  1268  1178  1273 0.86 length=1835	scaffold=gi528858389	strand=+
4813_g               -           1834 47873                -            411   1.6e-26   92.9   0.0   4   4   2.2e-11   3.6e-09   35.7   0.0   304   345  1315  1357  1311  1362 0.90 length=1835	scaffold=gi528858389	strand=+
5285_g               -           1834 47873                -            411   1.6e-26   92.9   0.0   1   4   2.5e-10   4.1e-08   32.2   0.0     9    77   435   503   428   511 0.92 length=1835	scaffold=gi527313191	strand=+
5285_g               -           1834 47873                -            411   1.6e-26   92.9   0.0   2   4     0.099        16    3.9   0.0   134   170   954   989   950  1003 0.89 length=1835	scaffold=gi527313191	strand=+
5285_g               -           1834 47873                -            411   1.6e-26   92.9   0.0   3   4   3.5e-05    0.0057   15.3   0.0   234   299  1203  1268  1178  1273 0.86 length=1835	scaffold=gi527313191	strand=+
5285_g               -           1834 47873                -            411   1.6e-26   92.9   0.0   4   4   2.2e-11   3.6e-09   35.7   0.0   304   345  1315  1357  1311  1362 0.90 length=1835	scaffold=gi527313191	strand=+
6061_g               -           2863 47873                -            411     4e-25   88.3   0.0   1   6   0.00018      0.03   12.9   0.0     5    51   325   371   319   381 0.84 length=2864	scaffold=gi528858388	strand=-
6061_g               -           2863 47873                -            411     4e-25   88.3   0.0   2   6    0.0019      0.31    9.6   0.0    50    80   457   487   447   491 0.88 length=2864	scaffold=gi528858388	strand=-
6061_g               -           2863 47873                -            411     4e-25   88.3   0.0   3   6    0.0026      0.42    9.1   0.0    82   105   552   575   545   581 0.84 length=2864	scaffold=gi528858388	strand=-
6061_g               -           2863 47873                -            411     4e-25   88.3   0.0   4   6       1.3   2.2e+02    0.2   0.0   156   200  1023  1067  1019  1078 0.76 length=2864	scaffold=gi528858388	strand=-
6061_g               -           2863 47873                -            411     4e-25   88.3   0.0   5   6     1e-13   1.7e-11   43.4   0.0   233   331  1639  1737  1618  1740 0.93 length=2864	scaffold=gi528858388	strand=-
6061_g               -           2863 47873                -            411     4e-25   88.3   0.0   6   6      0.15        25    3.3   0.0   329   387  1824  1886  1798  1900 0.74 length=2864	scaffold=gi528858388	strand=-
6191_g               -           2863 47873                -            411     4e-25   88.3   0.0   1   6   0.00018      0.03   12.9   0.0     5    51   325   371   319   381 0.84 length=2864	scaffold=gi527312496	strand=+
6191_g               -           2863 47873                -            411     4e-25   88.3   0.0   2   6    0.0019      0.31    9.6   0.0    50    80   457   487   447   491 0.88 length=2864	scaffold=gi527312496	strand=+
6191_g               -           2863 47873                -            411     4e-25   88.3   0.0   3   6    0.0026      0.42    9.1   0.0    82   105   552   575   545   581 0.84 length=2864	scaffold=gi527312496	strand=+
6191_g               -           2863 47873                -            411     4e-25   88.3   0.0   4   6       1.3   2.2e+02    0.2   0.0   156   200  1023  1067  1019  1078 0.76 length=2864	scaffold=gi527312496	strand=+
6191_g               -           2863 47873                -            411     4e-25   88.3   0.0   5   6     1e-13   1.7e-11   43.4   0.0   233   331  1639  1737  1618  1740 0.93 length=2864	scaffold=gi527312496	strand=+
6191_g               -           2863 47873                -            411     4e-25   88.3   0.0   6   6      0.15        25    3.3   0.0   329   387  1824  1886  1798  1900 0.74 length=2864	scaffold=gi527312496	strand=+
2053_g               -           1624 47873                -            411   8.9e-25   87.1   2.4   1   5   6.2e-07    0.0001   21.1   0.0    55   103   593   652   591   657 0.76 length=1625	scaffold=gi528858392	strand=-
2053_g               -           1624 47873                -            411   8.9e-25   87.1   2.4   2   5       9.3   1.5e+03   -2.6   0.0   129   143   798   812   779   817 0.81 length=1625	scaffold=gi528858392	strand=-
2053_g               -           1624 47873                -            411   8.9e-25   87.1   2.4   3   5    0.0029      0.48    9.0   0.0   150   179   849   878   842   887 0.85 length=1625	scaffold=gi528858392	strand=-
2053_g               -           1624 47873                -            411   8.9e-25   87.1   2.4   4   5    0.0075       1.2    7.6   0.1   189   250   924   987   915   992 0.82 length=1625	scaffold=gi528858392	strand=-
2053_g               -           1624 47873                -            411   8.9e-25   87.1   2.4   5   5     3e-14   4.9e-12   45.1   0.0   284   345  1245  1307  1229  1314 0.91 length=1625	scaffold=gi528858392	strand=-
2205_g               -           1624 47873                -            411   8.9e-25   87.1   2.4   1   5   6.2e-07    0.0001   21.1   0.0    55   103   593   652   591   657 0.76 length=1625	scaffold=gi527314726	strand=+
2205_g               -           1624 47873                -            411   8.9e-25   87.1   2.4   2   5       9.3   1.5e+03   -2.6   0.0   129   143   798   812   779   817 0.81 length=1625	scaffold=gi527314726	strand=+
2205_g               -           1624 47873                -            411   8.9e-25   87.1   2.4   3   5    0.0029      0.48    9.0   0.0   150   179   849   878   842   887 0.85 length=1625	scaffold=gi527314726	strand=+
2205_g               -           1624 47873                -            411   8.9e-25   87.1   2.4   4   5    0.0075       1.2    7.6   0.1   189   250   924   987   915   992 0.82 length=1625	scaffold=gi527314726	strand=+
2205_g               -           1624 47873                -            411   8.9e-25   87.1   2.4   5   5     3e-14   4.9e-12   45.1   0.0   284   345  1245  1307  1229  1314 0.91 length=1625	scaffold=gi527314726	strand=+
4721_g               -           1056 47873                -            411   3.2e-24   85.3   2.1   1   6       1.1   1.8e+02    0.5   0.0     4    50    97   144    94   155 0.83 length=1057	scaffold=gi528858389	strand=+
4721_g               -           1056 47873                -            411   3.2e-24   85.3   2.1   2   6   1.7e-07   2.8e-05   22.9   0.0    32    78   144   190   127   197 0.82 length=1057	scaffold=gi528858389	strand=+
4721_g               -           1056 47873                -            411   3.2e-24   85.3   2.1   3   6    0.0056      0.92    8.0   0.0    79   103   303   327   300   340 0.82 length=1057	scaffold=gi528858389	strand=+
4721_g               -           1056 47873                -            411   3.2e-24   85.3   2.1   4   6   3.9e-05    0.0065   15.1   0.0   134   189   422   483   395   495 0.84 length=1057	scaffold=gi528858389	strand=+
4721_g               -           1056 47873                -            411   3.2e-24   85.3   2.1   5   6       3.5   5.9e+02   -1.2   0.4   222   273   549   603   538   608 0.80 length=1057	scaffold=gi528858389	strand=+
4721_g               -           1056 47873                -            411   3.2e-24   85.3   2.1   6   6     2e-10   3.4e-08   32.5   0.0   280   330   638   690   623   693 0.87 length=1057	scaffold=gi528858389	strand=+
5193_g               -           1056 47873                -            411   3.2e-24   85.3   2.1   1   6       1.1   1.8e+02    0.5   0.0     4    50    97   144    94   155 0.83 length=1057	scaffold=gi527313191	strand=+
5193_g               -           1056 47873                -            411   3.2e-24   85.3   2.1   2   6   1.7e-07   2.8e-05   22.9   0.0    32    78   144   190   127   197 0.82 length=1057	scaffold=gi527313191	strand=+
5193_g               -           1056 47873                -            411   3.2e-24   85.3   2.1   3   6    0.0056      0.92    8.0   0.0    79   103   303   327   300   340 0.82 length=1057	scaffold=gi527313191	strand=+
5193_g               -           1056 47873                -            411   3.2e-24   85.3   2.1   4   6   3.9e-05    0.0065   15.1   0.0   134   189   422   483   395   495 0.84 length=1057	scaffold=gi527313191	strand=+
5193_g               -           1056 47873                -            411   3.2e-24   85.3   2.1   5   6       3.5   5.9e+02   -1.2   0.4   222   273   549   603   538   608 0.80 length=1057	scaffold=gi527313191	strand=+
5193_g               -           1056 47873                -            411   3.2e-24   85.3   2.1   6   6     2e-10   3.4e-08   32.5   0.0   280   330   638   690   623   693 0.87 length=1057	scaffold=gi527313191	strand=+
395_g                -           1394 47873                -            411   3.8e-24   85.0   1.5   1   4   1.4e-08   2.3e-06   26.5   0.0    14    55     3    44     1    47 0.90 length=1395	scaffold=gi528858395	strand=+
395_g                -           1394 47873                -            411   3.8e-24   85.0   1.5   2   4     5e-13   8.2e-11   41.1   0.0    80   222   405   562   401   575 0.74 length=1395	scaffold=gi528858395	strand=+
395_g                -           1394 47873                -            411   3.8e-24   85.0   1.5   3   4      0.14        23    3.4   0.0   240   274   794   828   787   835 0.90 length=1395	scaffold=gi528858395	strand=+
395_g                -           1394 47873                -            411   3.8e-24   85.0   1.5   4   4    0.0019      0.31    9.6   0.0   296   319   914   937   902   945 0.90 length=1395	scaffold=gi528858395	strand=+
13291_g              -           4932 47873                -            411   4.9e-20   71.5   0.1   1   5       2.1   3.5e+02   -0.5   0.0    12    43   872   904   867   926 0.86 length=4933	scaffold=gi527309735	strand=+
13291_g              -           4932 47873                -            411   4.9e-20   71.5   0.1   2   5   3.5e-09   5.9e-07   28.4   0.1    57   107   947  1006   944  1010 0.79 length=4933	scaffold=gi527309735	strand=+
13291_g              -           4932 47873                -            411   4.9e-20   71.5   0.1   3   5   6.6e-07   0.00011   21.0   0.0   114   170  1047  1109  1032  1112 0.87 length=4933	scaffold=gi527309735	strand=+
13291_g              -           4932 47873                -            411   4.9e-20   71.5   0.1   4   5       2.8   4.7e+02   -0.9   0.0   252   303  1587  1640  1580  1654 0.76 length=4933	scaffold=gi527309735	strand=+
13291_g              -           4932 47873                -            411   4.9e-20   71.5   0.1   5   5   4.9e-05    0.0082   14.8   0.0   296   333  1661  1698  1649  1722 0.83 length=4933	scaffold=gi527309735	strand=+
9378_g               -           4932 47873                -            411   4.9e-20   71.5   0.1   1   5       2.1   3.5e+02   -0.5   0.0    12    43   872   904   867   926 0.86 length=4933	scaffold=gi528858385	strand=-
9378_g               -           4932 47873                -            411   4.9e-20   71.5   0.1   2   5   3.5e-09   5.9e-07   28.4   0.1    57   107   947  1006   944  1010 0.79 length=4933	scaffold=gi528858385	strand=-
9378_g               -           4932 47873                -            411   4.9e-20   71.5   0.1   3   5   6.6e-07   0.00011   21.0   0.0   114   170  1047  1109  1032  1112 0.87 length=4933	scaffold=gi528858385	strand=-
9378_g               -           4932 47873                -            411   4.9e-20   71.5   0.1   4   5       2.8   4.7e+02   -0.9   0.0   252   303  1587  1640  1580  1654 0.76 length=4933	scaffold=gi528858385	strand=-
9378_g               -           4932 47873                -            411   4.9e-20   71.5   0.1   5   5   4.9e-05    0.0082   14.8   0.0   296   333  1661  1698  1649  1722 0.83 length=4933	scaffold=gi528858385	strand=-
4372_g               -           1588 47873                -            411   2.2e-17   62.8   0.2   1   4   3.8e-09   6.3e-07   28.3   0.0    13    73   340   400   336   408 0.93 length=1589	scaffold=gi528858390	strand=+
4372_g               -           1588 47873                -            411   2.2e-17   62.8   0.2   2   4     0.013       2.1    6.9   0.0    84   104   501   521   483   526 0.86 length=1589	scaffold=gi528858390	strand=+
4372_g               -           1588 47873                -            411   2.2e-17   62.8   0.2   3   4     0.022       3.7    6.1   0.0   154   205   738   791   731   798 0.76 length=1589	scaffold=gi528858390	strand=+
4372_g               -           1588 47873                -            411   2.2e-17   62.8   0.2   4   4   2.5e-05    0.0041   15.8   0.0   301   354  1247  1301  1237  1315 0.83 length=1589	scaffold=gi528858390	strand=+
8237_g               -           1588 47873                -            411   2.2e-17   62.8   0.2   1   4   3.8e-09   6.3e-07   28.3   0.0    13    73   340   400   336   408 0.93 length=1589	scaffold=gi527313991	strand=-
8237_g               -           1588 47873                -            411   2.2e-17   62.8   0.2   2   4     0.013       2.1    6.9   0.0    84   104   501   521   483   526 0.86 length=1589	scaffold=gi527313991	strand=-
8237_g               -           1588 47873                -            411   2.2e-17   62.8   0.2   3   4     0.022       3.7    6.1   0.0   154   205   738   791   731   798 0.76 length=1589	scaffold=gi527313991	strand=-
8237_g               -           1588 47873                -            411   2.2e-17   62.8   0.2   4   4   2.5e-05    0.0041   15.8   0.0   301   354  1247  1301  1237  1315 0.83 length=1589	scaffold=gi527313991	strand=-
7501_g               -           1507 47873                -            411   8.7e-15   54.2   0.0   1   2   3.6e-13   5.9e-11   41.6   0.0    50   128   720   799   712   819 0.86 length=1508	scaffold=gi527311550	strand=+
7501_g               -           1507 47873                -            411   8.7e-15   54.2   0.0   2   2    0.0011      0.19   10.3   0.0   166   246  1098  1181  1087  1207 0.74 length=1508	scaffold=gi527311550	strand=+
7419_g               -           1194 47873                -            411   4.4e-14   51.9   0.0   1   2   2.7e-13   4.4e-11   42.0   0.0    50   128   745   824   737   844 0.86 length=1195	scaffold=gi528858387	strand=-
7419_g               -           1194 47873                -            411   4.4e-14   51.9   0.0   2   2    0.0074       1.2    7.6   0.0   166   201  1123  1158  1112  1167 0.88 length=1195	scaffold=gi528858387	strand=-
3102_g               -           1765 47873                -            411   2.4e-07   29.7   0.0   1   1   2.4e-09     4e-07   29.0   0.0   250   362   942  1055   929  1064 0.91 length=1766	scaffold=gi528858386	strand=+
3783_g               -           1765 47873                -            411   2.4e-07   29.7   0.0   1   1   2.4e-09     4e-07   29.0   0.0   250   362   942  1055   929  1064 0.91 length=1766	scaffold=gi527310709	strand=+
5875_g               -           1651 47873                -            411   1.4e-06   27.2   0.0   1   2     0.085        14    4.1   0.0    29    71    93   135    76   159 0.84 length=1652	scaffold=gi528858388	strand=-
5875_g               -           1651 47873                -            411   1.4e-06   27.2   0.0   2   2   7.9e-07   0.00013   20.7   0.0   245   352   419   527   410   553 0.90 length=1652	scaffold=gi528858388	strand=-
6375_g               -           1651 47873                -            411   1.4e-06   27.2   0.0   1   2     0.085        14    4.1   0.0    29    71    93   135    76   159 0.84 length=1652	scaffold=gi527312496	strand=+
6375_g               -           1651 47873                -            411   1.4e-06   27.2   0.0   2   2   7.9e-07   0.00013   20.7   0.0   245   352   419   527   410   553 0.90 length=1652	scaffold=gi527312496	strand=+
2696_g               -           1972 47873                -            411   3.2e-06   26.0   0.2   1   2    0.0048      0.79    8.2   0.1    42    72   852   882   846   899 0.91 length=1973	scaffold=gi528858386	strand=+
2696_g               -           1972 47873                -            411   3.2e-06   26.0   0.2   2   2   2.9e-05    0.0048   15.6   0.0   244   361  1171  1287  1160  1320 0.82 length=1973	scaffold=gi528858386	strand=+
3377_g               -           1972 47873                -            411   3.2e-06   26.0   0.2   1   2    0.0048      0.79    8.2   0.1    42    72   852   882   846   899 0.91 length=1973	scaffold=gi527310881	strand=+
3377_g               -           1972 47873                -            411   3.2e-06   26.0   0.2   2   2   2.9e-05    0.0048   15.6   0.0   244   361  1171  1287  1160  1320 0.82 length=1973	scaffold=gi527310881	strand=+
5957_g               -           1294 47873                -            411    0.0081   14.8   0.1   1   1   7.8e-05     0.013   14.1   0.1   279   353    13    88     7   120 0.71 length=1295	scaffold=gi528858388	strand=-
6296_g               -           1294 47873                -            411    0.0081   14.8   0.1   1   1   7.8e-05     0.013   14.1   0.1   279   353    13    88     7   120 0.71 length=1295	scaffold=gi527312496	strand=+
4605_g               -           2948 47873                -            411    0.0086   14.7   0.1   1   1   8.4e-05     0.014   14.0   0.1   242   342  2578  2689  2550  2747 0.79 length=2949	scaffold=gi528858389	strand=-
5077_g               -           2948 47873                -            411    0.0086   14.7   0.1   1   1   8.4e-05     0.014   14.0   0.1   242   342  2578  2689  2550  2747 0.79 length=2949	scaffold=gi527313191	strand=-
11081_g              -           3540 47873                -            411     0.012   14.2   0.1   1   3      0.04       6.7    5.2   0.0    41    79   906   945   899   950 0.82 length=3541	scaffold=gi528858383	strand=+
11081_g              -           3540 47873                -            411     0.012   14.2   0.1   2   3      0.88   1.5e+02    0.8   0.0    80   139  1048  1105  1043  1114 0.84 length=3541	scaffold=gi528858383	strand=+
11081_g              -           3540 47873                -            411     0.012   14.2   0.1   3   3      0.13        22    3.5   0.0   215   324  2640  2746  2629  2750 0.76 length=3541	scaffold=gi528858383	strand=+
11878_g              -           3540 47873                -            411     0.012   14.2   0.1   1   3      0.04       6.7    5.2   0.0    41    79   906   945   899   950 0.82 length=3541	scaffold=gi527307902	strand=+
11878_g              -           3540 47873                -            411     0.012   14.2   0.1   2   3      0.88   1.5e+02    0.8   0.0    80   139  1048  1105  1043  1114 0.84 length=3541	scaffold=gi527307902	strand=+
11878_g              -           3540 47873                -            411     0.012   14.2   0.1   3   3      0.13        22    3.5   0.0   215   324  2640  2746  2629  2750 0.76 length=3541	scaffold=gi527307902	strand=+
11217_g              -           2854 47873                -            411     0.052   12.1   0.0   1   1   0.00052     0.086   11.4   0.0   238   353  1697  1818  1689  1860 0.73 length=2855	scaffold=gi528858383	strand=+
12014_g              -           2854 47873                -            411     0.052   12.1   0.0   1   1   0.00052     0.086   11.4   0.0   238   353  1697  1818  1689  1860 0.73 length=2855	scaffold=gi527307902	strand=+
471_g                -           1575 47873                -            411     0.086   11.4   0.4   1   2     0.019       3.1    6.3   0.1    59   145  1034  1119  1029  1123 0.82 length=1576	scaffold=gi528858395	strand=-
471_g                -           1575 47873                -            411     0.086   11.4   0.4   2   2      0.19        31    3.0   0.0   281   312  1496  1527  1477  1536 0.89 length=1576	scaffold=gi528858395	strand=-
702_g                -           1575 47873                -            411     0.086   11.4   0.4   1   2     0.019       3.1    6.3   0.1    59   145  1034  1119  1029  1123 0.82 length=1576	scaffold=gi527315607	strand=+
702_g                -           1575 47873                -            411     0.086   11.4   0.4   2   2      0.19        31    3.0   0.0   281   312  1496  1527  1477  1536 0.89 length=1576	scaffold=gi527315607	strand=+
2563_g               -           2716 47873                -            411      0.11   11.1   0.0   1   2       4.8   7.9e+02   -1.6   0.0    53   107   568   622   551   625 0.74 length=2717	scaffold=gi528858386	strand=+
2563_g               -           2716 47873                -            411      0.11   11.1   0.0   2   2    0.0024       0.4    9.2   0.0   304   341  1924  1962  1920  1968 0.82 length=2717	scaffold=gi528858386	strand=+
3244_g               -           2716 47873                -            411      0.11   11.1   0.0   1   2       4.8   7.9e+02   -1.6   0.0    53   107   568   622   551   625 0.74 length=2717	scaffold=gi527310881	strand=+
3244_g               -           2716 47873                -            411      0.11   11.1   0.0   2   2    0.0024       0.4    9.2   0.0   304   341  1924  1962  1920  1968 0.82 length=2717	scaffold=gi527310881	strand=+
2697_g               -           1696 47873                -            411      0.16   10.5   0.0   1   1    0.0016      0.26    9.8   0.0     4    80   285   363   282   370 0.86 length=1697	scaffold=gi528858386	strand=+
3378_g               -           1696 47873                -            411      0.16   10.5   0.0   1   1    0.0016      0.26    9.8   0.0     4    80   285   363   282   370 0.86 length=1697	scaffold=gi527310881	strand=+
7080_g               -            798 47873                -            411      0.26    9.8   0.5   1   1    0.0024       0.4    9.2   0.5   227   302    36   110    26   129 0.82 length=799	scaffold=gi528858387	strand=+
7835_g               -            798 47873                -            411      0.26    9.8   0.5   1   1    0.0024       0.4    9.2   0.5   227   302    36   110    26   129 0.82 length=799	scaffold=gi527311550	strand=-
#
# Program:         hmmsearch
# Version:         3.4 (Aug 2023)
# Pipeline mode:   SEARCH
# Query file:      /home/inf-20-2025/Malaria/busco_downloads/lineages/apicomplexa_odb12/hmms/47873at5794.hmm
# Target file:     /home/inf-20-2025/Malaria/Results/6_nobird_annotation/T_gondii.faa
# Option settings: hmmsearch --domtblout Results/8_busco/T_gondii/run_apicomplexa_odb12/hmmer_output/initial_run_results/47873at5794.out --cpu 1 /home/inf-20-2025/Malaria/busco_downloads/lineages/apicomplexa_odb12/hmms/47873at5794.hmm /home/inf-20-2025/Malaria/Results/6_nobird_annotation/T_gondii.faa 
# Current dir:     /home/inf-20-2025/Malaria
# Date:            Wed Mar  4 18:33:15 2026
# [ok]
