#                                                                            --- full sequence --- -------------- this domain -------------   hmm coord   ali coord   env coord
# target name        accession   tlen query name           accession   qlen   E-value  score  bias   #  of  c-Evalue  i-Evalue  score  bias  from    to  from    to  from    to  acc description of target
#------------------- ---------- ----- -------------------- ---------- ----- --------- ------ ----- --- --- --------- --------- ------ ----- ----- ----- ----- ----- ----- ----- ---- ---------------------
4080_g               -            377 68694                -            181   7.3e-75  250.2   0.0   1   2   2.5e-23   1.7e-20   73.1   0.0     3    53   115   165   113   172 0.93 length=378	scaffold=gi528858391	strand=-
4080_g               -            377 68694                -            181   7.3e-75  250.2   0.0   2   2   1.2e-54   8.1e-52  175.2   0.0    77   181   271   377   265   377 0.96 length=378	scaffold=gi528858391	strand=-
8860_g               -            377 68694                -            181   7.3e-75  250.2   0.0   1   2   2.5e-23   1.7e-20   73.1   0.0     3    53   115   165   113   172 0.93 length=378	scaffold=gi527314344	strand=-
8860_g               -            377 68694                -            181   7.3e-75  250.2   0.0   2   2   1.2e-54   8.1e-52  175.2   0.0    77   181   271   377   265   377 0.96 length=378	scaffold=gi527314344	strand=-
4152_g               -            701 68694                -            181   7.7e-53  178.5   0.4   1   1   1.9e-55   1.2e-52  177.8   0.4    12   180   452   623   441   624 0.92 length=702	scaffold=gi528858391	strand=-
8932_g               -            701 68694                -            181   7.7e-53  178.5   0.4   1   1   1.9e-55   1.2e-52  177.8   0.4    12   180   452   623   441   624 0.92 length=702	scaffold=gi527314250	strand=-
1624_g               -            179 68694                -            181   1.8e-46  157.7   0.1   1   1     1e-48     7e-46  155.8   0.1    16   164    24   160    11   178 0.89 length=180	scaffold=gi527315322	strand=+
807_g                -            179 68694                -            181   1.8e-46  157.7   0.1   1   1     1e-48     7e-46  155.8   0.1    16   164    24   160    11   178 0.89 length=180	scaffold=gi528858394	strand=+
1870_g               -           1111 68694                -            181   3.3e-37  127.6   0.3   1   1   8.6e-40   5.7e-37  126.8   0.3    27   174   964  1103   959  1108 0.89 length=1112	scaffold=gi528858392	strand=+
2391_g               -           1111 68694                -            181   3.3e-37  127.6   0.3   1   1   8.6e-40   5.7e-37  126.8   0.3    27   174   964  1103   959  1108 0.89 length=1112	scaffold=gi527314726	strand=-
5696_g               -            597 68694                -            181   3.2e-35  121.1   0.0   1   1   6.6e-38   4.4e-35  120.6   0.0    14   179   345   509   333   511 0.92 length=598	scaffold=gi528858388	strand=-
6551_g               -            602 68694                -            181   3.2e-35  121.1   0.0   1   1   6.7e-38   4.5e-35  120.6   0.0    14   179   350   514   338   516 0.92 length=603	scaffold=gi527312496	strand=+
2813_g               -            189 68694                -            181   1.7e-30  105.7   0.1   1   1   3.4e-33   2.3e-30  105.3   0.1    25   167     6   139     1   145 0.91 length=190	scaffold=gi528858386	strand=+
3494_g               -            189 68694                -            181   1.7e-30  105.7   0.1   1   1   3.4e-33   2.3e-30  105.3   0.1    25   167     6   139     1   145 0.91 length=190	scaffold=gi527310881	strand=+
6758_g               -            968 68694                -            181   1.5e-20   73.3   0.0   1   2   3.1e-08     2e-05   24.0   0.0    72   111   167   206   161   219 0.84 length=969	scaffold=gi528858387	strand=+
6758_g               -            968 68694                -            181   1.5e-20   73.3   0.0   2   2   2.8e-15   1.8e-12   46.9   0.0   104   176   300   373   291   377 0.87 length=969	scaffold=gi528858387	strand=+
8153_g               -           1952 68694                -            181   7.2e-20   71.0   0.0   1   2   6.8e-08   4.5e-05   22.8   0.0    72   111   167   206   161   219 0.84 length=1953	scaffold=gi527311550	strand=-
8153_g               -           1952 68694                -            181   7.2e-20   71.0   0.0   2   2   6.4e-15   4.3e-12   45.7   0.0   104   176   300   373   291   377 0.87 length=1953	scaffold=gi527311550	strand=-
4383_g               -            767 68694                -            181   3.2e-15   55.9   0.0   1   1   2.6e-17   1.7e-14   53.5   0.0    25   158   140   281   136   301 0.79 length=768	scaffold=gi528858390	strand=-
8226_g               -            767 68694                -            181   3.2e-15   55.9   0.0   1   1   2.6e-17   1.7e-14   53.5   0.0    25   158   140   281   136   301 0.79 length=768	scaffold=gi527313991	strand=+
4189_g               -            122 68694                -            181   1.5e-14   53.7   0.0   1   1   3.1e-17     2e-14   53.3   0.0    13    76    55   120    46   121 0.91 length=123	scaffold=gi528858390	strand=-
8418_g               -            122 68694                -            181   1.5e-14   53.7   0.0   1   1   3.1e-17     2e-14   53.3   0.0    13    76    55   120    46   121 0.91 length=123	scaffold=gi527313991	strand=+
3094_g               -            443 68694                -            181   1.6e-11   43.8   0.2   1   1   7.9e-14   5.2e-11   42.2   0.2    70   150    84   176    78   183 0.75 length=444	scaffold=gi528858386	strand=+
3775_g               -            443 68694                -            181   1.6e-11   43.8   0.2   1   1   7.9e-14   5.2e-11   42.2   0.2    70   150    84   176    78   183 0.75 length=444	scaffold=gi527310709	strand=+
7266_g               -            349 68694                -            181   4.4e-10   39.2   0.1   1   1   1.2e-12   8.1e-10   38.3   0.1    26   103   127   195   120   209 0.89 length=350	scaffold=gi528858387	strand=+
7653_g               -            349 68694                -            181   4.4e-10   39.2   0.1   1   1   1.2e-12   8.1e-10   38.3   0.1    26   103   127   195   120   209 0.89 length=350	scaffold=gi527311550	strand=-
13609_g              -            731 68694                -            181      0.08   12.3   0.0   1   2    0.0087       5.7    6.2   0.0    25    81     6    54     2    63 0.84 length=732	scaffold=gi527309735	strand=+
13609_g              -            731 68694                -            181      0.08   12.3   0.0   2   2     0.056        37    3.6   0.0   122   167   233   278   205   291 0.70 length=732	scaffold=gi527309735	strand=+
9054_g               -            731 68694                -            181      0.08   12.3   0.0   1   2    0.0087       5.7    6.2   0.0    25    81     6    54     2    63 0.84 length=732	scaffold=gi528858385	strand=-
9054_g               -            731 68694                -            181      0.08   12.3   0.0   2   2     0.056        37    3.6   0.0   122   167   233   278   205   291 0.70 length=732	scaffold=gi528858385	strand=-
#
# Program:         hmmsearch
# Version:         3.4 (Aug 2023)
# Pipeline mode:   SEARCH
# Query file:      /home/inf-20-2025/Malaria/busco_downloads/lineages/apicomplexa_odb12/hmms/68694at5794.hmm
# Target file:     /home/inf-20-2025/Malaria/Results/6_nobird_annotation/T_gondii.faa
# Option settings: hmmsearch --domtblout Results/8_busco/T_gondii/run_apicomplexa_odb12/hmmer_output/initial_run_results/68694at5794.out --cpu 1 /home/inf-20-2025/Malaria/busco_downloads/lineages/apicomplexa_odb12/hmms/68694at5794.hmm /home/inf-20-2025/Malaria/Results/6_nobird_annotation/T_gondii.faa 
# Current dir:     /home/inf-20-2025/Malaria
# Date:            Wed Mar  4 18:33:16 2026
# [ok]
