#                                                                            --- full sequence --- -------------- this domain -------------   hmm coord   ali coord   env coord
# target name        accession   tlen query name           accession   qlen   E-value  score  bias   #  of  c-Evalue  i-Evalue  score  bias  from    to  from    to  from    to  acc description of target
#------------------- ---------- ----- -------------------- ---------- ----- --------- ------ ----- --- --- --------- --------- ------ ----- ----- ----- ----- ----- ----- ----- ---- ---------------------
2855_g               -           1850 68721                -            322  5.1e-170  564.2   0.0   1   1  5.5e-172  6.7e-170  563.9   0.0     1   322  1516  1846  1516  1846 0.96 length=1851	scaffold=gi528858386	strand=+
3536_g               -           1850 68721                -            322  5.1e-170  564.2   0.0   1   1  5.5e-172  6.7e-170  563.9   0.0     1   322  1516  1846  1516  1846 0.96 length=1851	scaffold=gi527310881	strand=+
4334_g               -           1364 68721                -            322   6.7e-25   87.4   1.5   1   3   4.2e-10   5.1e-08   31.9   0.0   142   219    14    91     3    96 0.89 length=1365	scaffold=gi528858390	strand=-
4334_g               -           1364 68721                -            322   6.7e-25   87.4   1.5   2   3   1.5e-07   1.9e-05   23.5   0.2   155   214   111   170   104   174 0.95 length=1365	scaffold=gi528858390	strand=-
4334_g               -           1364 68721                -            322   6.7e-25   87.4   1.5   3   3   3.3e-09   4.1e-07   28.9   0.0   143   219   216   297   199   304 0.80 length=1365	scaffold=gi528858390	strand=-
8274_g               -           1364 68721                -            322   6.7e-25   87.4   1.5   1   3   4.2e-10   5.1e-08   31.9   0.0   142   219    14    91     3    96 0.89 length=1365	scaffold=gi527313991	strand=+
8274_g               -           1364 68721                -            322   6.7e-25   87.4   1.5   2   3   1.5e-07   1.9e-05   23.5   0.2   155   214   111   170   104   174 0.95 length=1365	scaffold=gi527313991	strand=+
8274_g               -           1364 68721                -            322   6.7e-25   87.4   1.5   3   3   3.3e-09   4.1e-07   28.9   0.0   143   219   216   297   199   304 0.80 length=1365	scaffold=gi527313991	strand=+
10432_g              -            384 68721                -            322   6.5e-21   74.3   4.5   1   4   0.00066     0.081   11.5   0.0   175   214    91   130    66   136 0.75 length=385	scaffold=gi528858384	strand=-
10432_g              -            384 68721                -            322   6.5e-21   74.3   4.5   2   4   6.9e-10   8.5e-08   31.2   0.0   156   212   114   170   110   180 0.91 length=385	scaffold=gi528858384	strand=-
10432_g              -            384 68721                -            322   6.5e-21   74.3   4.5   3   4   3.2e-08   3.9e-06   25.7   0.1   137   215   137   218   136   222 0.87 length=385	scaffold=gi528858384	strand=-
10432_g              -            384 68721                -            322   6.5e-21   74.3   4.5   4   4     1e-08   1.3e-06   27.3   0.1     5   103   222   320   219   361 0.80 length=385	scaffold=gi528858384	strand=-
12827_g              -            384 68721                -            322   6.5e-21   74.3   4.5   1   4   0.00066     0.081   11.5   0.0   175   214    91   130    66   136 0.75 length=385	scaffold=gi527308853	strand=+
12827_g              -            384 68721                -            322   6.5e-21   74.3   4.5   2   4   6.9e-10   8.5e-08   31.2   0.0   156   212   114   170   110   180 0.91 length=385	scaffold=gi527308853	strand=+
12827_g              -            384 68721                -            322   6.5e-21   74.3   4.5   3   4   3.2e-08   3.9e-06   25.7   0.1   137   215   137   218   136   222 0.87 length=385	scaffold=gi527308853	strand=+
12827_g              -            384 68721                -            322   6.5e-21   74.3   4.5   4   4     1e-08   1.3e-06   27.3   0.1     5   103   222   320   219   361 0.80 length=385	scaffold=gi527308853	strand=+
12917_g              -           1311 68721                -            322   4.3e-19   68.3   1.0   1   6   0.00047     0.057   12.0   0.0   281   317   546   582   541   585 0.85 length=1312	scaffold=gi527309735	strand=+
12917_g              -           1311 68721                -            322   4.3e-19   68.3   1.0   2   6     0.061       7.5    5.1   0.0   273   305   580   612   577   615 0.82 length=1312	scaffold=gi527309735	strand=+
12917_g              -           1311 68721                -            322   4.3e-19   68.3   1.0   3   6       2.6   3.1e+02   -0.3   0.0   160   191   861   893   857   907 0.76 length=1312	scaffold=gi527309735	strand=+
12917_g              -           1311 68721                -            322   4.3e-19   68.3   1.0   4   6     3e-05    0.0037   15.9   0.2   160   218   998  1057   989  1077 0.63 length=1312	scaffold=gi527309735	strand=+
12917_g              -           1311 68721                -            322   4.3e-19   68.3   1.0   5   6   9.6e-05     0.012   14.3   0.0   153   210  1114  1175  1094  1178 0.84 length=1312	scaffold=gi527309735	strand=+
12917_g              -           1311 68721                -            322   4.3e-19   68.3   1.0   6   6   1.5e-08   1.8e-06   26.8   0.0   138   213  1145  1220  1141  1228 0.91 length=1312	scaffold=gi527309735	strand=+
9745_g               -           1311 68721                -            322   4.3e-19   68.3   1.0   1   6   0.00047     0.057   12.0   0.0   281   317   546   582   541   585 0.85 length=1312	scaffold=gi528858385	strand=-
9745_g               -           1311 68721                -            322   4.3e-19   68.3   1.0   2   6     0.061       7.5    5.1   0.0   273   305   580   612   577   615 0.82 length=1312	scaffold=gi528858385	strand=-
9745_g               -           1311 68721                -            322   4.3e-19   68.3   1.0   3   6       2.6   3.1e+02   -0.3   0.0   160   191   861   893   857   907 0.76 length=1312	scaffold=gi528858385	strand=-
9745_g               -           1311 68721                -            322   4.3e-19   68.3   1.0   4   6     3e-05    0.0037   15.9   0.2   160   218   998  1057   989  1077 0.63 length=1312	scaffold=gi528858385	strand=-
9745_g               -           1311 68721                -            322   4.3e-19   68.3   1.0   5   6   9.6e-05     0.012   14.3   0.0   153   210  1114  1175  1094  1178 0.84 length=1312	scaffold=gi528858385	strand=-
9745_g               -           1311 68721                -            322   4.3e-19   68.3   1.0   6   6   1.5e-08   1.8e-06   26.8   0.0   138   213  1145  1220  1141  1228 0.91 length=1312	scaffold=gi528858385	strand=-
10695_g              -            900 68721                -            322   7.5e-19   67.5   5.3   1   4   8.7e-07   0.00011   21.0   0.1   160   222   608   670   605   694 0.89 length=901	scaffold=gi528858383	strand=-
10695_g              -            900 68721                -            322   7.5e-19   67.5   5.3   2   4     0.029       3.5    6.2   0.0   283   315   669   701   668   707 0.91 length=901	scaffold=gi528858383	strand=-
10695_g              -            900 68721                -            322   7.5e-19   67.5   5.3   3   4   5.4e-10   6.5e-08   31.5   0.3   122   210   695   783   691   807 0.83 length=901	scaffold=gi528858383	strand=-
10695_g              -            900 68721                -            322   7.5e-19   67.5   5.3   4   4    0.0011      0.14   10.8   0.0   155   210   814   877   809   884 0.84 length=901	scaffold=gi528858383	strand=-
11492_g              -            900 68721                -            322   7.5e-19   67.5   5.3   1   4   8.7e-07   0.00011   21.0   0.1   160   222   608   670   605   694 0.89 length=901	scaffold=gi527307902	strand=-
11492_g              -            900 68721                -            322   7.5e-19   67.5   5.3   2   4     0.029       3.5    6.2   0.0   283   315   669   701   668   707 0.91 length=901	scaffold=gi527307902	strand=-
11492_g              -            900 68721                -            322   7.5e-19   67.5   5.3   3   4   5.4e-10   6.5e-08   31.5   0.3   122   210   695   783   691   807 0.83 length=901	scaffold=gi527307902	strand=-
11492_g              -            900 68721                -            322   7.5e-19   67.5   5.3   4   4    0.0011      0.14   10.8   0.0   155   210   814   877   809   884 0.84 length=901	scaffold=gi527307902	strand=-
1903_g               -            659 68721                -            322   9.6e-19   67.1   2.3   1   4   2.3e-06   0.00029   19.6   0.0   157   212   373   428   353   440 0.88 length=660	scaffold=gi528858392	strand=+
1903_g               -            659 68721                -            322   9.6e-19   67.1   2.3   2   4   7.8e-06   0.00095   17.9   0.0   154   219   412   480   410   491 0.85 length=660	scaffold=gi528858392	strand=+
1903_g               -            659 68721                -            322   9.6e-19   67.1   2.3   3   4   1.8e-09   2.2e-07   29.8   0.0   160   217   505   562   494   574 0.86 length=660	scaffold=gi528858392	strand=+
1903_g               -            659 68721                -            322   9.6e-19   67.1   2.3   4   4     0.034       4.1    5.9   0.1   174   210   616   652   586   658 0.74 length=660	scaffold=gi528858392	strand=+
2359_g               -            659 68721                -            322   9.6e-19   67.1   2.3   1   4   2.3e-06   0.00029   19.6   0.0   157   212   373   428   353   440 0.88 length=660	scaffold=gi527314726	strand=-
2359_g               -            659 68721                -            322   9.6e-19   67.1   2.3   2   4   7.8e-06   0.00095   17.9   0.0   154   219   412   480   410   491 0.85 length=660	scaffold=gi527314726	strand=-
2359_g               -            659 68721                -            322   9.6e-19   67.1   2.3   3   4   1.8e-09   2.2e-07   29.8   0.0   160   217   505   562   494   574 0.86 length=660	scaffold=gi527314726	strand=-
2359_g               -            659 68721                -            322   9.6e-19   67.1   2.3   4   4     0.034       4.1    5.9   0.1   174   210   616   652   586   658 0.74 length=660	scaffold=gi527314726	strand=-
2907_g               -           1269 68721                -            322   7.3e-18   64.2   2.3   1   4    0.0062      0.76    8.3   0.0   289   315   733   759   712   766 0.83 length=1270	scaffold=gi528858386	strand=-
2907_g               -           1269 68721                -            322   7.3e-18   64.2   2.3   2   4   4.6e-11   5.6e-09   35.1   0.2   138   209   778   850   763   854 0.86 length=1270	scaffold=gi528858386	strand=-
2907_g               -           1269 68721                -            322   7.3e-18   64.2   2.3   3   4   1.1e-05    0.0014   17.4   0.0   170   221   853   904   849   922 0.88 length=1270	scaffold=gi528858386	strand=-
2907_g               -           1269 68721                -            322   7.3e-18   64.2   2.3   4   4       1.5   1.8e+02    0.5   0.0    17    90   928  1004   911  1020 0.69 length=1270	scaffold=gi528858386	strand=-
3588_g               -           1269 68721                -            322   7.3e-18   64.2   2.3   1   4    0.0062      0.76    8.3   0.0   289   315   733   759   712   766 0.83 length=1270	scaffold=gi527310881	strand=-
3588_g               -           1269 68721                -            322   7.3e-18   64.2   2.3   2   4   4.6e-11   5.6e-09   35.1   0.2   138   209   778   850   763   854 0.86 length=1270	scaffold=gi527310881	strand=-
3588_g               -           1269 68721                -            322   7.3e-18   64.2   2.3   3   4   1.1e-05    0.0014   17.4   0.0   170   221   853   904   849   922 0.88 length=1270	scaffold=gi527310881	strand=-
3588_g               -           1269 68721                -            322   7.3e-18   64.2   2.3   4   4       1.5   1.8e+02    0.5   0.0    17    90   928  1004   911  1020 0.69 length=1270	scaffold=gi527310881	strand=-
2645_g               -            950 68721                -            322   1.1e-17   63.7   3.1   1   3    0.0029      0.35    9.4   0.0   174   218   653   698   650   703 0.83 length=951	scaffold=gi528858386	strand=+
2645_g               -            950 68721                -            322   1.1e-17   63.7   3.1   2   3   1.9e-09   2.3e-07   29.7   0.1     6   104   701   801   697   810 0.88 length=951	scaffold=gi528858386	strand=+
2645_g               -            950 68721                -            322   1.1e-17   63.7   3.1   3   3   4.6e-08   5.7e-06   25.2   1.1    53   210   791   950   790   950 0.75 length=951	scaffold=gi528858386	strand=+
3326_g               -            950 68721                -            322   1.1e-17   63.7   3.1   1   3    0.0029      0.35    9.4   0.0   174   218   653   698   650   703 0.83 length=951	scaffold=gi527310881	strand=+
3326_g               -            950 68721                -            322   1.1e-17   63.7   3.1   2   3   1.9e-09   2.3e-07   29.7   0.1     6   104   701   801   697   810 0.88 length=951	scaffold=gi527310881	strand=+
3326_g               -            950 68721                -            322   1.1e-17   63.7   3.1   3   3   4.6e-08   5.7e-06   25.2   1.1    53   210   791   950   790   950 0.75 length=951	scaffold=gi527310881	strand=+
4491_g               -            711 68721                -            322   3.2e-17   62.1   1.2   1   5      0.01       1.2    7.6   0.0   145   191   341   387   334   391 0.88 length=712	scaffold=gi528858390	strand=-
4491_g               -            711 68721                -            322   3.2e-17   62.1   1.2   2   5       7.1   8.7e+02   -1.7   0.0   157   197   412   452   409   455 0.72 length=712	scaffold=gi528858390	strand=-
4491_g               -            711 68721                -            322   3.2e-17   62.1   1.2   3   5   0.00062     0.075   11.6   0.0   176   216   454   494   442   513 0.85 length=712	scaffold=gi528858390	strand=-
4491_g               -            711 68721                -            322   3.2e-17   62.1   1.2   4   5   6.6e-07     8e-05   21.4   0.0   134   212   496   575   490   579 0.81 length=712	scaffold=gi528858390	strand=-
4491_g               -            711 68721                -            322   3.2e-17   62.1   1.2   5   5   2.2e-05    0.0027   16.4   0.0   152   209   629   686   601   702 0.63 length=712	scaffold=gi528858390	strand=-
8506_g               -            711 68721                -            322   3.2e-17   62.1   1.2   1   5      0.01       1.2    7.6   0.0   145   191   341   387   334   391 0.88 length=712	scaffold=gi527313757	strand=-
8506_g               -            711 68721                -            322   3.2e-17   62.1   1.2   2   5       7.1   8.7e+02   -1.7   0.0   157   197   412   452   409   455 0.72 length=712	scaffold=gi527313757	strand=-
8506_g               -            711 68721                -            322   3.2e-17   62.1   1.2   3   5   0.00062     0.075   11.6   0.0   176   216   454   494   442   513 0.85 length=712	scaffold=gi527313757	strand=-
8506_g               -            711 68721                -            322   3.2e-17   62.1   1.2   4   5   6.6e-07     8e-05   21.4   0.0   134   212   496   575   490   579 0.81 length=712	scaffold=gi527313757	strand=-
8506_g               -            711 68721                -            322   3.2e-17   62.1   1.2   5   5   2.2e-05    0.0027   16.4   0.0   152   209   629   686   601   702 0.63 length=712	scaffold=gi527313757	strand=-
12555_g              -            762 68721                -            322   2.7e-13   49.2   0.0   1   5     0.039       4.8    5.7   0.0   281   308   147   174   142   186 0.88 length=763	scaffold=gi527308984	strand=+
12555_g              -            762 68721                -            322   2.7e-13   49.2   0.0   2   5   6.2e-06   0.00076   18.2   0.1   175   234   320   380   310   390 0.68 length=763	scaffold=gi527308984	strand=+
12555_g              -            762 68721                -            322   2.7e-13   49.2   0.0   3   5     0.062       7.6    5.1   0.0   155   204   397   445   386   455 0.75 length=763	scaffold=gi527308984	strand=+
12555_g              -            762 68721                -            322   2.7e-13   49.2   0.0   4   5   0.00071     0.087   11.4   0.0   174   214   502   542   490   571 0.81 length=763	scaffold=gi527308984	strand=+
12555_g              -            762 68721                -            322   2.7e-13   49.2   0.0   5   5       1.3   1.6e+02    0.7   0.0   175   205   725   755   673   761 0.58 length=763	scaffold=gi527308984	strand=+
9966_g               -            762 68721                -            322   2.7e-13   49.2   0.0   1   5     0.039       4.8    5.7   0.0   281   308   147   174   142   186 0.88 length=763	scaffold=gi528858384	strand=-
9966_g               -            762 68721                -            322   2.7e-13   49.2   0.0   2   5   6.2e-06   0.00076   18.2   0.1   175   234   320   380   310   390 0.68 length=763	scaffold=gi528858384	strand=-
9966_g               -            762 68721                -            322   2.7e-13   49.2   0.0   3   5     0.062       7.6    5.1   0.0   155   204   397   445   386   455 0.75 length=763	scaffold=gi528858384	strand=-
9966_g               -            762 68721                -            322   2.7e-13   49.2   0.0   4   5   0.00071     0.087   11.4   0.0   174   214   502   542   490   571 0.81 length=763	scaffold=gi528858384	strand=-
9966_g               -            762 68721                -            322   2.7e-13   49.2   0.0   5   5       1.3   1.6e+02    0.7   0.0   175   205   725   755   673   761 0.58 length=763	scaffold=gi528858384	strand=-
10137_g              -            929 68721                -            322   5.9e-13   48.1   0.7   1   5      0.43        53    2.3   0.0    20    40    27    47     8    54 0.76 length=930	scaffold=gi528858384	strand=+
10137_g              -            929 68721                -            322   5.9e-13   48.1   0.7   2   5     0.063       7.7    5.0   0.0   174   209   172   207   152   216 0.80 length=930	scaffold=gi528858384	strand=+
10137_g              -            929 68721                -            322   5.9e-13   48.1   0.7   3   5     0.013       1.6    7.3   0.0     8    67   365   424   360   431 0.86 length=930	scaffold=gi528858384	strand=+
10137_g              -            929 68721                -            322   5.9e-13   48.1   0.7   4   5   7.2e-08   8.8e-06   24.6   0.0   137   215   488   571   483   588 0.88 length=930	scaffold=gi528858384	strand=+
10137_g              -            929 68721                -            322   5.9e-13   48.1   0.7   5   5      0.62        76    1.8   0.0     8    44   825   861   819   886 0.88 length=930	scaffold=gi528858384	strand=+
12384_g              -            929 68721                -            322   5.9e-13   48.1   0.7   1   5      0.43        53    2.3   0.0    20    40    27    47     8    54 0.76 length=930	scaffold=gi527308984	strand=-
12384_g              -            929 68721                -            322   5.9e-13   48.1   0.7   2   5     0.063       7.7    5.0   0.0   174   209   172   207   152   216 0.80 length=930	scaffold=gi527308984	strand=-
12384_g              -            929 68721                -            322   5.9e-13   48.1   0.7   3   5     0.013       1.6    7.3   0.0     8    67   365   424   360   431 0.86 length=930	scaffold=gi527308984	strand=-
12384_g              -            929 68721                -            322   5.9e-13   48.1   0.7   4   5   7.2e-08   8.8e-06   24.6   0.0   137   215   488   571   483   588 0.88 length=930	scaffold=gi527308984	strand=-
12384_g              -            929 68721                -            322   5.9e-13   48.1   0.7   5   5      0.62        76    1.8   0.0     8    44   825   861   819   886 0.88 length=930	scaffold=gi527308984	strand=-
10633_g              -           2210 68721                -            322   3.9e-12   45.4   0.4   1   7   0.00052     0.063   11.9   0.0   156   203   776   823   771   826 0.91 length=2211	scaffold=gi528858383	strand=+
10633_g              -           2210 68721                -            322   3.9e-12   45.4   0.4   2   7   0.00089      0.11   11.1   0.0   161   222   823   885   816   902 0.85 length=2211	scaffold=gi528858383	strand=+
10633_g              -           2210 68721                -            322   3.9e-12   45.4   0.4   3   7       8.2     1e+03   -1.9   0.0    54    91   977  1014   971  1021 0.81 length=2211	scaffold=gi528858383	strand=+
10633_g              -           2210 68721                -            322   3.9e-12   45.4   0.4   4   7      0.78        95    1.4   0.1   153   205  1033  1086   983  1095 0.67 length=2211	scaffold=gi528858383	strand=+
10633_g              -           2210 68721                -            322   3.9e-12   45.4   0.4   5   7   0.00099      0.12   11.0   0.0   177   217  1246  1286  1232  1288 0.90 length=2211	scaffold=gi528858383	strand=+
10633_g              -           2210 68721                -            322   3.9e-12   45.4   0.4   6   7    0.0031      0.38    9.3   0.0   158   202  1269  1313  1267  1324 0.79 length=2211	scaffold=gi528858383	strand=+
10633_g              -           2210 68721                -            322   3.9e-12   45.4   0.4   7   7       5.1   6.2e+02   -1.2   0.0   194   212  1852  1870  1839  1880 0.67 length=2211	scaffold=gi528858383	strand=+
11430_g              -           2210 68721                -            322   3.9e-12   45.4   0.4   1   7   0.00052     0.063   11.9   0.0   156   203   776   823   771   826 0.91 length=2211	scaffold=gi527307902	strand=+
11430_g              -           2210 68721                -            322   3.9e-12   45.4   0.4   2   7   0.00089      0.11   11.1   0.0   161   222   823   885   816   902 0.85 length=2211	scaffold=gi527307902	strand=+
11430_g              -           2210 68721                -            322   3.9e-12   45.4   0.4   3   7       8.2     1e+03   -1.9   0.0    54    91   977  1014   971  1021 0.81 length=2211	scaffold=gi527307902	strand=+
11430_g              -           2210 68721                -            322   3.9e-12   45.4   0.4   4   7      0.78        95    1.4   0.1   153   205  1033  1086   983  1095 0.67 length=2211	scaffold=gi527307902	strand=+
11430_g              -           2210 68721                -            322   3.9e-12   45.4   0.4   5   7   0.00099      0.12   11.0   0.0   177   217  1246  1286  1232  1288 0.90 length=2211	scaffold=gi527307902	strand=+
11430_g              -           2210 68721                -            322   3.9e-12   45.4   0.4   6   7    0.0031      0.38    9.3   0.0   158   202  1269  1313  1267  1324 0.79 length=2211	scaffold=gi527307902	strand=+
11430_g              -           2210 68721                -            322   3.9e-12   45.4   0.4   7   7       5.1   6.2e+02   -1.2   0.0   194   212  1852  1870  1839  1880 0.67 length=2211	scaffold=gi527307902	strand=+
4504_g               -            462 68721                -            322   1.6e-11   43.5   2.4   1   3   2.8e-09   3.5e-07   29.2   0.4   155   222   277   344   201   357 0.85 length=463	scaffold=gi528858390	strand=+
4504_g               -            462 68721                -            322   1.6e-11   43.5   2.4   2   3     0.033         4    6.0   0.0   176   208   376   408   366   413 0.81 length=463	scaffold=gi528858390	strand=+
4504_g               -            462 68721                -            322   1.6e-11   43.5   2.4   3   3    0.0017      0.21   10.2   0.1   133   208   387   462   383   462 0.86 length=463	scaffold=gi528858390	strand=+
8519_g               -            462 68721                -            322   1.6e-11   43.5   2.4   1   3   2.8e-09   3.5e-07   29.2   0.4   155   222   277   344   201   357 0.85 length=463	scaffold=gi527313757	strand=+
8519_g               -            462 68721                -            322   1.6e-11   43.5   2.4   2   3     0.033         4    6.0   0.0   176   208   376   408   366   413 0.81 length=463	scaffold=gi527313757	strand=+
8519_g               -            462 68721                -            322   1.6e-11   43.5   2.4   3   3    0.0017      0.21   10.2   0.1   133   208   387   462   383   462 0.86 length=463	scaffold=gi527313757	strand=+
6921_g               -           3003 68721                -            322   2.6e-11   42.7   1.2   1   5   2.3e-05    0.0029   16.3   0.0   150   192   166   209   158   228 0.85 length=3004	scaffold=gi528858387	strand=-
6921_g               -           3003 68721                -            322   2.6e-11   42.7   1.2   2   5     0.066       8.1    5.0   0.0   180   228   798   845   789   857 0.89 length=3004	scaffold=gi528858387	strand=-
6921_g               -           3003 68721                -            322   2.6e-11   42.7   1.2   3   5     0.014       1.7    7.2   0.1    16    87   996  1068   993  1079 0.79 length=3004	scaffold=gi528858387	strand=-
6921_g               -           3003 68721                -            322   2.6e-11   42.7   1.2   4   5       4.1     5e+02   -0.9   0.0   196   217  1224  1245  1215  1251 0.83 length=3004	scaffold=gi528858387	strand=-
6921_g               -           3003 68721                -            322   2.6e-11   42.7   1.2   5   5     0.014       1.7    7.2   0.0     7    90  1251  1336  1245  1342 0.75 length=3004	scaffold=gi528858387	strand=-
7991_g               -           3003 68721                -            322   2.6e-11   42.7   1.2   1   5   2.3e-05    0.0029   16.3   0.0   150   192   166   209   158   228 0.85 length=3004	scaffold=gi527311550	strand=+
7991_g               -           3003 68721                -            322   2.6e-11   42.7   1.2   2   5     0.066       8.1    5.0   0.0   180   228   798   845   789   857 0.89 length=3004	scaffold=gi527311550	strand=+
7991_g               -           3003 68721                -            322   2.6e-11   42.7   1.2   3   5     0.014       1.7    7.2   0.1    16    87   996  1068   993  1079 0.79 length=3004	scaffold=gi527311550	strand=+
7991_g               -           3003 68721                -            322   2.6e-11   42.7   1.2   4   5       4.1     5e+02   -0.9   0.0   196   217  1224  1245  1215  1251 0.83 length=3004	scaffold=gi527311550	strand=+
7991_g               -           3003 68721                -            322   2.6e-11   42.7   1.2   5   5     0.014       1.7    7.2   0.0     7    90  1251  1336  1245  1342 0.75 length=3004	scaffold=gi527311550	strand=+
170_g                -          10106 68721                -            322   3.5e-10   39.0   0.0   1   3     0.002      0.25    9.9   0.1   164   212   179   233   133   238 0.78 length=10107	scaffold=gi528858396	strand=-
170_g                -          10106 68721                -            322   3.5e-10   39.0   0.0   2   3       4.3   5.3e+02   -1.0   0.0   159   202   556   599   542   605 0.82 length=10107	scaffold=gi528858396	strand=-
170_g                -          10106 68721                -            322   3.5e-10   39.0   0.0   3   3   1.7e-06   0.00021   20.0   0.0   154   307   629   793   610   798 0.75 length=10107	scaffold=gi528858396	strand=-
220_g                -          10119 68721                -            322   3.5e-10   39.0   0.0   1   3     0.002      0.25    9.9   0.1   164   212   192   246   146   251 0.78 length=10120	scaffold=gi527315854	strand=+
220_g                -          10119 68721                -            322   3.5e-10   39.0   0.0   2   3       4.3   5.3e+02   -1.0   0.0   159   202   569   612   555   618 0.82 length=10120	scaffold=gi527315854	strand=+
220_g                -          10119 68721                -            322   3.5e-10   39.0   0.0   3   3   1.7e-06   0.00021   20.0   0.0   154   307   642   806   623   811 0.75 length=10120	scaffold=gi527315854	strand=+
13034_g              -           2693 68721                -            322   6.2e-10   38.2   0.1   1   4     0.022       2.7    6.5   0.0   155   194  1876  1917  1851  1934 0.79 length=2694	scaffold=gi527309735	strand=+
13034_g              -           2693 68721                -            322   6.2e-10   38.2   0.1   2   4     0.065         8    5.0   0.0   174   213  2142  2181  2136  2187 0.89 length=2694	scaffold=gi527309735	strand=+
13034_g              -           2693 68721                -            322   6.2e-10   38.2   0.1   3   4   1.7e-06   0.00021   20.0   0.1   174   222  2184  2232  2181  2235 0.93 length=2694	scaffold=gi527309735	strand=+
13034_g              -           2693 68721                -            322   6.2e-10   38.2   0.1   4   4       1.2   1.4e+02    0.8   0.0   152   178  2247  2273  2240  2291 0.81 length=2694	scaffold=gi527309735	strand=+
9631_g               -           2693 68721                -            322   6.2e-10   38.2   0.1   1   4     0.022       2.7    6.5   0.0   155   194  1876  1917  1851  1934 0.79 length=2694	scaffold=gi528858385	strand=-
9631_g               -           2693 68721                -            322   6.2e-10   38.2   0.1   2   4     0.065         8    5.0   0.0   174   213  2142  2181  2136  2187 0.89 length=2694	scaffold=gi528858385	strand=-
9631_g               -           2693 68721                -            322   6.2e-10   38.2   0.1   3   4   1.7e-06   0.00021   20.0   0.1   174   222  2184  2232  2181  2235 0.93 length=2694	scaffold=gi528858385	strand=-
9631_g               -           2693 68721                -            322   6.2e-10   38.2   0.1   4   4       1.2   1.4e+02    0.8   0.0   152   178  2247  2273  2240  2291 0.81 length=2694	scaffold=gi528858385	strand=-
7441_g               -            948 68721                -            322   1.3e-09   37.1   1.7   1   4      0.39        47    2.4   0.0    21    91   584   657   582   672 0.73 length=949	scaffold=gi528858387	strand=-
7441_g               -            948 68721                -            322   1.3e-09   37.1   1.7   2   4     0.014       1.7    7.2   0.2   198   233   705   740   700   744 0.89 length=949	scaffold=gi528858387	strand=-
7441_g               -            948 68721                -            322   1.3e-09   37.1   1.7   3   4     1e-06   0.00013   20.8   0.0   156   237   746   830   741   835 0.87 length=949	scaffold=gi528858387	strand=-
7441_g               -            948 68721                -            322   1.3e-09   37.1   1.7   4   4      0.38        46    2.5   0.0   177   210   914   946   899   948 0.71 length=949	scaffold=gi528858387	strand=-
7478_g               -            948 68721                -            322   1.3e-09   37.1   1.7   1   4      0.39        47    2.4   0.0    21    91   584   657   582   672 0.73 length=949	scaffold=gi527311550	strand=+
7478_g               -            948 68721                -            322   1.3e-09   37.1   1.7   2   4     0.014       1.7    7.2   0.2   198   233   705   740   700   744 0.89 length=949	scaffold=gi527311550	strand=+
7478_g               -            948 68721                -            322   1.3e-09   37.1   1.7   3   4     1e-06   0.00013   20.8   0.0   156   237   746   830   741   835 0.87 length=949	scaffold=gi527311550	strand=+
7478_g               -            948 68721                -            322   1.3e-09   37.1   1.7   4   4      0.38        46    2.5   0.0   177   210   914   946   899   948 0.71 length=949	scaffold=gi527311550	strand=+
2132_g               -            697 68721                -            322     1e-07   30.9   0.0   1   3      0.63        77    1.7   0.0    12   103   229   326   222   330 0.82 length=698	scaffold=gi528858392	strand=+
2132_g               -            697 68721                -            322     1e-07   30.9   0.0   2   3      0.93   1.1e+02    1.2   0.0   259   285   553   579   468   582 0.62 length=698	scaffold=gi528858392	strand=+
2132_g               -            697 68721                -            322     1e-07   30.9   0.0   3   3   1.1e-07   1.4e-05   23.9   0.0   153   216   583   647   572   662 0.88 length=698	scaffold=gi528858392	strand=+
2427_g               -            697 68721                -            322     1e-07   30.9   0.0   1   3      0.63        77    1.7   0.0    12   103   229   326   222   330 0.82 length=698	scaffold=gi527314679	strand=-
2427_g               -            697 68721                -            322     1e-07   30.9   0.0   2   3      0.93   1.1e+02    1.2   0.0   259   285   553   579   468   582 0.62 length=698	scaffold=gi527314679	strand=-
2427_g               -            697 68721                -            322     1e-07   30.9   0.0   3   3   1.1e-07   1.4e-05   23.9   0.0   153   216   583   647   572   662 0.88 length=698	scaffold=gi527314679	strand=-
1961_g               -            675 68721                -            322   1.4e-07   30.5   0.0   1   4    0.0022      0.26    9.8   0.0   154   235   366   447   353   461 0.79 length=676	scaffold=gi528858392	strand=+
1961_g               -            675 68721                -            322   1.4e-07   30.5   0.0   2   4       2.8   3.5e+02   -0.4   0.0   158   191   471   505   466   508 0.76 length=676	scaffold=gi528858392	strand=+
1961_g               -            675 68721                -            322   1.4e-07   30.5   0.0   3   4     0.025       3.1    6.3   0.0   193   220   530   557   518   561 0.85 length=676	scaffold=gi528858392	strand=+
1961_g               -            675 68721                -            322   1.4e-07   30.5   0.0   4   4    0.0052      0.64    8.6   0.0   157   198   591   632   585   639 0.85 length=676	scaffold=gi528858392	strand=+
2299_g               -            675 68721                -            322   1.4e-07   30.5   0.0   1   4    0.0022      0.26    9.8   0.0   154   235   366   447   353   461 0.79 length=676	scaffold=gi527314726	strand=-
2299_g               -            675 68721                -            322   1.4e-07   30.5   0.0   2   4       2.8   3.5e+02   -0.4   0.0   158   191   471   505   466   508 0.76 length=676	scaffold=gi527314726	strand=-
2299_g               -            675 68721                -            322   1.4e-07   30.5   0.0   3   4     0.025       3.1    6.3   0.0   193   220   530   557   518   561 0.85 length=676	scaffold=gi527314726	strand=-
2299_g               -            675 68721                -            322   1.4e-07   30.5   0.0   4   4    0.0052      0.64    8.6   0.0   157   198   591   632   585   639 0.85 length=676	scaffold=gi527314726	strand=-
6847_g               -           1353 68721                -            322   4.4e-07   28.8   0.0   1   3     0.097        12    4.4   0.0   277   314   515   552   511   556 0.78 length=1354	scaffold=gi528858387	strand=+
6847_g               -           1353 68721                -            322   4.4e-07   28.8   0.0   2   3   0.00063     0.077   11.6   0.0   144   207   588   655   569   663 0.84 length=1354	scaffold=gi528858387	strand=+
6847_g               -           1353 68721                -            322   4.4e-07   28.8   0.0   3   3    0.0059      0.72    8.4   0.0   277   318  1206  1248  1195  1251 0.84 length=1354	scaffold=gi528858387	strand=+
8067_g               -           1353 68721                -            322   4.4e-07   28.8   0.0   1   3     0.097        12    4.4   0.0   277   314   515   552   511   556 0.78 length=1354	scaffold=gi527311550	strand=-
8067_g               -           1353 68721                -            322   4.4e-07   28.8   0.0   2   3   0.00063     0.077   11.6   0.0   144   207   588   655   569   663 0.84 length=1354	scaffold=gi527311550	strand=-
8067_g               -           1353 68721                -            322   4.4e-07   28.8   0.0   3   3    0.0059      0.72    8.4   0.0   277   318  1206  1248  1195  1251 0.84 length=1354	scaffold=gi527311550	strand=-
4982_g               -            832 68721                -            322   5.2e-07   28.6   0.0   1   6      0.51        62    2.1   0.0     5    23   250   268   247   272 0.84 length=833	scaffold=gi528858389	strand=+
4982_g               -            832 68721                -            322   5.2e-07   28.6   0.0   2   6       4.2   5.1e+02   -1.0   0.0   150   172   287   309   284   317 0.69 length=833	scaffold=gi528858389	strand=+
4982_g               -            832 68721                -            322   5.2e-07   28.6   0.0   3   6    0.0086       1.1    7.9   0.0   281   313   322   354   314   358 0.92 length=833	scaffold=gi528858389	strand=+
4982_g               -            832 68721                -            322   5.2e-07   28.6   0.0   4   6       0.4        49    2.4   0.0   273   296   401   424   397   439 0.85 length=833	scaffold=gi528858389	strand=+
4982_g               -            832 68721                -            322   5.2e-07   28.6   0.0   5   6     0.047       5.7    5.5   0.0   154   188   448   482   434   519 0.57 length=833	scaffold=gi528858389	strand=+
4982_g               -            832 68721                -            322   5.2e-07   28.6   0.0   6   6      0.56        68    1.9   0.0   156   172   685   701   666   708 0.74 length=833	scaffold=gi528858389	strand=+
5454_g               -            832 68721                -            322   5.2e-07   28.6   0.0   1   6      0.51        62    2.1   0.0     5    23   250   268   247   272 0.84 length=833	scaffold=gi527313191	strand=+
5454_g               -            832 68721                -            322   5.2e-07   28.6   0.0   2   6       4.2   5.1e+02   -1.0   0.0   150   172   287   309   284   317 0.69 length=833	scaffold=gi527313191	strand=+
5454_g               -            832 68721                -            322   5.2e-07   28.6   0.0   3   6    0.0086       1.1    7.9   0.0   281   313   322   354   314   358 0.92 length=833	scaffold=gi527313191	strand=+
5454_g               -            832 68721                -            322   5.2e-07   28.6   0.0   4   6       0.4        49    2.4   0.0   273   296   401   424   397   439 0.85 length=833	scaffold=gi527313191	strand=+
5454_g               -            832 68721                -            322   5.2e-07   28.6   0.0   5   6     0.047       5.7    5.5   0.0   154   188   448   482   434   519 0.57 length=833	scaffold=gi527313191	strand=+
5454_g               -            832 68721                -            322   5.2e-07   28.6   0.0   6   6      0.56        68    1.9   0.0   156   172   685   701   666   708 0.74 length=833	scaffold=gi527313191	strand=+
4276_g               -            710 68721                -            322   5.3e-07   28.6   0.4   1   2   5.2e-07   6.4e-05   21.7   0.0   158   220   175   237   159   249 0.87 length=711	scaffold=gi528858390	strand=-
4276_g               -            710 68721                -            322   5.3e-07   28.6   0.4   2   2       1.7   2.1e+02    0.3   0.0   163   189   355   382   304   397 0.78 length=711	scaffold=gi528858390	strand=-
8329_g               -            710 68721                -            322   5.3e-07   28.6   0.4   1   2   5.2e-07   6.4e-05   21.7   0.0   158   220   175   237   159   249 0.87 length=711	scaffold=gi527313991	strand=+
8329_g               -            710 68721                -            322   5.3e-07   28.6   0.4   2   2       1.7   2.1e+02    0.3   0.0   163   189   355   382   304   397 0.78 length=711	scaffold=gi527313991	strand=+
13216_g              -           1955 68721                -            322   5.5e-07   28.5   0.3   1   3         3   3.7e+02   -0.5   0.0   178   222   283   327   278   343 0.78 length=1956	scaffold=gi527309735	strand=+
13216_g              -           1955 68721                -            322   5.5e-07   28.5   0.3   2   3   0.00013     0.016   13.9   0.0   154   205   406   458   386   467 0.90 length=1956	scaffold=gi527309735	strand=+
13216_g              -           1955 68721                -            322   5.5e-07   28.5   0.3   3   3     0.006      0.73    8.4   0.2   132   218   588   692   574   698 0.63 length=1956	scaffold=gi527309735	strand=+
9449_g               -           1955 68721                -            322   5.5e-07   28.5   0.3   1   3         3   3.7e+02   -0.5   0.0   178   222   283   327   278   343 0.78 length=1956	scaffold=gi528858385	strand=-
9449_g               -           1955 68721                -            322   5.5e-07   28.5   0.3   2   3   0.00013     0.016   13.9   0.0   154   205   406   458   386   467 0.90 length=1956	scaffold=gi528858385	strand=-
9449_g               -           1955 68721                -            322   5.5e-07   28.5   0.3   3   3     0.006      0.73    8.4   0.2   132   218   588   692   574   698 0.63 length=1956	scaffold=gi528858385	strand=-
7061_g               -           3572 68721                -            322   9.7e-07   27.7   0.2   1   2       2.3   2.8e+02   -0.1   0.0   153   189   238   274   210   298 0.77 length=3573	scaffold=gi528858387	strand=+
7061_g               -           3572 68721                -            322   9.7e-07   27.7   0.2   2   2   9.2e-08   1.1e-05   24.2   0.1   161   211  3514  3565  3505  3571 0.89 length=3573	scaffold=gi528858387	strand=+
7855_g               -           3572 68721                -            322   9.7e-07   27.7   0.2   1   2       2.3   2.8e+02   -0.1   0.0   153   189   238   274   210   298 0.77 length=3573	scaffold=gi527311550	strand=-
7855_g               -           3572 68721                -            322   9.7e-07   27.7   0.2   2   2   9.2e-08   1.1e-05   24.2   0.1   161   211  3514  3565  3505  3571 0.89 length=3573	scaffold=gi527311550	strand=-
2993_g               -            680 68721                -            322   1.2e-06   27.5   0.3   1   4   0.00016     0.019   13.6   0.1   180   212    77   110    69   131 0.85 length=681	scaffold=gi528858386	strand=+
2993_g               -            680 68721                -            322   1.2e-06   27.5   0.3   2   4       2.4     3e+02   -0.2   0.0    53    83   143   172   133   177 0.77 length=681	scaffold=gi528858386	strand=+
2993_g               -            680 68721                -            322   1.2e-06   27.5   0.3   3   4     0.021       2.5    6.6   0.0   277   316   215   255   212   259 0.84 length=681	scaffold=gi528858386	strand=+
2993_g               -            680 68721                -            322   1.2e-06   27.5   0.3   4   4       1.3   1.6e+02    0.7   0.0   155   170   617   632   611   645 0.67 length=681	scaffold=gi528858386	strand=+
3674_g               -            680 68721                -            322   1.2e-06   27.5   0.3   1   4   0.00016     0.019   13.6   0.1   180   212    77   110    69   131 0.85 length=681	scaffold=gi527310881	strand=+
3674_g               -            680 68721                -            322   1.2e-06   27.5   0.3   2   4       2.4     3e+02   -0.2   0.0    53    83   143   172   133   177 0.77 length=681	scaffold=gi527310881	strand=+
3674_g               -            680 68721                -            322   1.2e-06   27.5   0.3   3   4     0.021       2.5    6.6   0.0   277   316   215   255   212   259 0.84 length=681	scaffold=gi527310881	strand=+
3674_g               -            680 68721                -            322   1.2e-06   27.5   0.3   4   4       1.3   1.6e+02    0.7   0.0   155   170   617   632   611   645 0.67 length=681	scaffold=gi527310881	strand=+
4461_g               -            620 68721                -            322     2e-06   26.7   0.9   1   4    0.0033      0.41    9.2   0.0     3    45   302   344   300   359 0.87 length=621	scaffold=gi528858390	strand=+
4461_g               -            620 68721                -            322     2e-06   26.7   0.9   2   4      0.32        39    2.7   0.0   154   187   363   397   349   401 0.80 length=621	scaffold=gi528858390	strand=+
4461_g               -            620 68721                -            322     2e-06   26.7   0.9   3   4       1.3   1.6e+02    0.7   0.0   289   315   468   494   465   501 0.83 length=621	scaffold=gi528858390	strand=+
4461_g               -            620 68721                -            322     2e-06   26.7   0.9   4   4     0.008      0.98    8.0   0.0   154   222   521   592   516   600 0.77 length=621	scaffold=gi528858390	strand=+
8476_g               -            620 68721                -            322     2e-06   26.7   0.9   1   4    0.0033      0.41    9.2   0.0     3    45   302   344   300   359 0.87 length=621	scaffold=gi527313757	strand=+
8476_g               -            620 68721                -            322     2e-06   26.7   0.9   2   4      0.32        39    2.7   0.0   154   187   363   397   349   401 0.80 length=621	scaffold=gi527313757	strand=+
8476_g               -            620 68721                -            322     2e-06   26.7   0.9   3   4       1.3   1.6e+02    0.7   0.0   289   315   468   494   465   501 0.83 length=621	scaffold=gi527313757	strand=+
8476_g               -            620 68721                -            322     2e-06   26.7   0.9   4   4     0.008      0.98    8.0   0.0   154   222   521   592   516   600 0.77 length=621	scaffold=gi527313757	strand=+
10787_g              -            341 68721                -            322   3.7e-06   25.8   1.4   1   5     0.016       1.9    7.0   0.0    24    98    26   100    15   103 0.85 length=342	scaffold=gi528858383	strand=+
10787_g              -            341 68721                -            322   3.7e-06   25.8   1.4   2   5     0.024       2.9    6.4   0.0     5    83    89   167    85   170 0.79 length=342	scaffold=gi528858383	strand=+
10787_g              -            341 68721                -            322   3.7e-06   25.8   1.4   3   5       1.2   1.4e+02    0.9   0.0   289   316   185   212   183   216 0.89 length=342	scaffold=gi528858383	strand=+
10787_g              -            341 68721                -            322   3.7e-06   25.8   1.4   4   5    0.0043      0.53    8.8   0.2   288   312   239   263   233   268 0.91 length=342	scaffold=gi528858383	strand=+
10787_g              -            341 68721                -            322   3.7e-06   25.8   1.4   5   5      0.19        23    3.5   0.0   161   192   258   289   257   299 0.90 length=342	scaffold=gi528858383	strand=+
11584_g              -            341 68721                -            322   3.7e-06   25.8   1.4   1   5     0.016       1.9    7.0   0.0    24    98    26   100    15   103 0.85 length=342	scaffold=gi527307902	strand=+
11584_g              -            341 68721                -            322   3.7e-06   25.8   1.4   2   5     0.024       2.9    6.4   0.0     5    83    89   167    85   170 0.79 length=342	scaffold=gi527307902	strand=+
11584_g              -            341 68721                -            322   3.7e-06   25.8   1.4   3   5       1.2   1.4e+02    0.9   0.0   289   316   185   212   183   216 0.89 length=342	scaffold=gi527307902	strand=+
11584_g              -            341 68721                -            322   3.7e-06   25.8   1.4   4   5    0.0043      0.53    8.8   0.2   288   312   239   263   233   268 0.91 length=342	scaffold=gi527307902	strand=+
11584_g              -            341 68721                -            322   3.7e-06   25.8   1.4   5   5      0.19        23    3.5   0.0   161   192   258   289   257   299 0.90 length=342	scaffold=gi527307902	strand=+
12606_g              -           1148 68721                -            322   3.9e-06   25.7   0.1   1   6      0.16        19    3.7   0.0   288   315   443   470   440   473 0.90 length=1149	scaffold=gi527308984	strand=+
12606_g              -           1148 68721                -            322   3.9e-06   25.7   0.1   2   6     0.024       2.9    6.4   0.0   171   212   522   563   518   581 0.88 length=1149	scaffold=gi527308984	strand=+
12606_g              -           1148 68721                -            322   3.9e-06   25.7   0.1   3   6      0.41        50    2.4   0.0   144   176   589   621   584   625 0.63 length=1149	scaffold=gi527308984	strand=+
12606_g              -           1148 68721                -            322   3.9e-06   25.7   0.1   4   6     0.071       8.7    4.9   0.0   155   190   703   738   697   742 0.91 length=1149	scaffold=gi527308984	strand=+
12606_g              -           1148 68721                -            322   3.9e-06   25.7   0.1   5   6       7.1   8.6e+02   -1.7   0.0   155   174   799   818   780   841 0.66 length=1149	scaffold=gi527308984	strand=+
12606_g              -           1148 68721                -            322   3.9e-06   25.7   0.1   6   6       6.1   7.4e+02   -1.5   0.0   155   183   889   917   887   921 0.87 length=1149	scaffold=gi527308984	strand=+
9917_g               -           1148 68721                -            322   3.9e-06   25.7   0.1   1   6      0.16        19    3.7   0.0   288   315   443   470   440   473 0.90 length=1149	scaffold=gi528858384	strand=-
9917_g               -           1148 68721                -            322   3.9e-06   25.7   0.1   2   6     0.024       2.9    6.4   0.0   171   212   522   563   518   581 0.88 length=1149	scaffold=gi528858384	strand=-
9917_g               -           1148 68721                -            322   3.9e-06   25.7   0.1   3   6      0.41        50    2.4   0.0   144   176   589   621   584   625 0.63 length=1149	scaffold=gi528858384	strand=-
9917_g               -           1148 68721                -            322   3.9e-06   25.7   0.1   4   6     0.071       8.7    4.9   0.0   155   190   703   738   697   742 0.91 length=1149	scaffold=gi528858384	strand=-
9917_g               -           1148 68721                -            322   3.9e-06   25.7   0.1   5   6       7.1   8.6e+02   -1.7   0.0   155   174   799   818   780   841 0.66 length=1149	scaffold=gi528858384	strand=-
9917_g               -           1148 68721                -            322   3.9e-06   25.7   0.1   6   6       6.1   7.4e+02   -1.5   0.0   155   183   889   917   887   921 0.87 length=1149	scaffold=gi528858384	strand=-
3966_g               -            672 68721                -            322   4.2e-06   25.6   0.2   1   4       1.9   2.3e+02    0.2   0.0   279   298   128   147   122   157 0.76 length=673	scaffold=gi528858391	strand=+
3966_g               -            672 68721                -            322   4.2e-06   25.6   0.2   2   4       3.1   3.7e+02   -0.5   0.0   190   211   173   194   166   205 0.70 length=673	scaffold=gi528858391	strand=+
3966_g               -            672 68721                -            322   4.2e-06   25.6   0.2   3   4       2.1   2.5e+02    0.1   0.1   153   173   224   244   182   255 0.76 length=673	scaffold=gi528858391	strand=+
3966_g               -            672 68721                -            322   4.2e-06   25.6   0.2   4   4   3.9e-06   0.00048   18.9   0.0     6    59   598   651   572   667 0.80 length=673	scaffold=gi528858391	strand=+
8746_g               -            672 68721                -            322   4.2e-06   25.6   0.2   1   4       1.9   2.3e+02    0.2   0.0   279   298   128   147   122   157 0.76 length=673	scaffold=gi527314479	strand=+
8746_g               -            672 68721                -            322   4.2e-06   25.6   0.2   2   4       3.1   3.7e+02   -0.5   0.0   190   211   173   194   166   205 0.70 length=673	scaffold=gi527314479	strand=+
8746_g               -            672 68721                -            322   4.2e-06   25.6   0.2   3   4       2.1   2.5e+02    0.1   0.1   153   173   224   244   182   255 0.76 length=673	scaffold=gi527314479	strand=+
8746_g               -            672 68721                -            322   4.2e-06   25.6   0.2   4   4   3.9e-06   0.00048   18.9   0.0     6    59   598   651   572   667 0.80 length=673	scaffold=gi527314479	strand=+
15731_g              -            177 68721                -            322   5.3e-06   25.3   0.0   1   2     0.023       2.8    6.5   0.0   158   203    39    84     4    90 0.85 length=178	scaffold=gi527305696	strand=-
15731_g              -            177 68721                -            322   5.3e-06   25.3   0.0   2   2   1.1e-05    0.0014   17.3   0.0   154   215   113   174    93   177 0.88 length=178	scaffold=gi527305696	strand=-
13592_g              -            389 68721                -            322   5.8e-06   25.1   0.0   1   4     0.002      0.24   10.0   0.0   180   229    15    65    12    73 0.86 length=390	scaffold=gi527309735	strand=+
13592_g              -            389 68721                -            322   5.8e-06   25.1   0.0   2   4     0.021       2.6    6.6   0.0   120   213   126   219   113   233 0.68 length=390	scaffold=gi527309735	strand=+
13592_g              -            389 68721                -            322   5.8e-06   25.1   0.0   3   4      0.41        50    2.3   0.0   154   173   302   321   297   329 0.83 length=390	scaffold=gi527309735	strand=+
13592_g              -            389 68721                -            322   5.8e-06   25.1   0.0   4   4         2   2.4e+02    0.1   0.0   185   210   362   387   355   389 0.65 length=390	scaffold=gi527309735	strand=+
7315_g               -           1625 68721                -            322     6e-06   25.1   1.5   1   1   5.5e-08   6.7e-06   24.9   0.1   136   211   498   574   476   578 0.88 length=1626	scaffold=gi528858387	strand=+
7604_g               -           1625 68721                -            322     6e-06   25.1   1.5   1   1   5.5e-08   6.7e-06   24.9   0.1   136   211   498   574   476   578 0.88 length=1626	scaffold=gi527311550	strand=-
10038_g              -            617 68721                -            322   6.8e-06   24.9   0.9   1   3      0.73        89    1.5   0.1   137   171   279   314   269   321 0.75 length=618	scaffold=gi528858384	strand=-
10038_g              -            617 68721                -            322   6.8e-06   24.9   0.9   2   3       0.3        37    2.8   0.0   157   192   425   463   414   482 0.70 length=618	scaffold=gi528858384	strand=-
10038_g              -            617 68721                -            322   6.8e-06   24.9   0.9   3   3   1.4e-05    0.0017   17.0   0.1   159   212   493   548   488   587 0.85 length=618	scaffold=gi528858384	strand=-
12482_g              -            617 68721                -            322   6.8e-06   24.9   0.9   1   3      0.73        89    1.5   0.1   137   171   279   314   269   321 0.75 length=618	scaffold=gi527308984	strand=+
12482_g              -            617 68721                -            322   6.8e-06   24.9   0.9   2   3       0.3        37    2.8   0.0   157   192   425   463   414   482 0.70 length=618	scaffold=gi527308984	strand=+
12482_g              -            617 68721                -            322   6.8e-06   24.9   0.9   3   3   1.4e-05    0.0017   17.0   0.1   159   212   493   548   488   587 0.85 length=618	scaffold=gi527308984	strand=+
2835_g               -            808 68721                -            322   8.1e-06   24.7   0.9   1   3    0.0019      0.23   10.1   0.0   172   222   430   481   421   487 0.82 length=809	scaffold=gi528858386	strand=-
2835_g               -            808 68721                -            322   8.1e-06   24.7   0.9   2   3        10   1.2e+03   -2.2   0.0   194   217   578   601   574   614 0.79 length=809	scaffold=gi528858386	strand=-
2835_g               -            808 68721                -            322   8.1e-06   24.7   0.9   3   3   0.00057      0.07   11.7   0.1   171   212   690   731   644   738 0.89 length=809	scaffold=gi528858386	strand=-
3516_g               -            808 68721                -            322   8.1e-06   24.7   0.9   1   3    0.0019      0.23   10.1   0.0   172   222   430   481   421   487 0.82 length=809	scaffold=gi527310881	strand=-
3516_g               -            808 68721                -            322   8.1e-06   24.7   0.9   2   3        10   1.2e+03   -2.2   0.0   194   217   578   601   574   614 0.79 length=809	scaffold=gi527310881	strand=-
3516_g               -            808 68721                -            322   8.1e-06   24.7   0.9   3   3   0.00057      0.07   11.7   0.1   171   212   690   731   644   738 0.89 length=809	scaffold=gi527310881	strand=-
1682_g               -            473 68721                -            322   9.9e-06   24.4   0.0   1   1   1.2e-07   1.4e-05   23.9   0.0   152   207    57   112    47   140 0.87 length=474	scaffold=gi527315322	strand=-
865_g                -            473 68721                -            322   9.9e-06   24.4   0.0   1   1   1.2e-07   1.4e-05   23.9   0.0   152   207    57   112    47   140 0.87 length=474	scaffold=gi528858394	strand=-
7320_g               -           1127 68721                -            322   1.9e-05   23.5   0.0   1   2   1.5e-05    0.0019   16.9   0.0   154   209   409   465   395   486 0.91 length=1128	scaffold=gi528858387	strand=+
7320_g               -           1127 68721                -            322   1.9e-05   23.5   0.0   2   2      0.17        21    3.6   0.0    53   169   704   823   656   829 0.77 length=1128	scaffold=gi528858387	strand=+
7599_g               -           1127 68721                -            322   1.9e-05   23.5   0.0   1   2   1.5e-05    0.0019   16.9   0.0   154   209   409   465   395   486 0.91 length=1128	scaffold=gi527311550	strand=-
7599_g               -           1127 68721                -            322   1.9e-05   23.5   0.0   2   2      0.17        21    3.6   0.0    53   169   704   823   656   829 0.77 length=1128	scaffold=gi527311550	strand=-
10891_g              -            858 68721                -            322   2.5e-05   23.0   0.1   1   3     0.091        11    4.5   0.0   142   200   616   676   603   694 0.71 length=859	scaffold=gi528858383	strand=-
10891_g              -            858 68721                -            322   2.5e-05   23.0   0.1   2   3   0.00016      0.02   13.5   0.0   153   213   702   765   695   773 0.83 length=859	scaffold=gi528858383	strand=-
10891_g              -            858 68721                -            322   2.5e-05   23.0   0.1   3   3       2.3   2.8e+02   -0.1   0.0   150   171   820   841   807   846 0.86 length=859	scaffold=gi528858383	strand=-
11688_g              -            858 68721                -            322   2.5e-05   23.0   0.1   1   3     0.091        11    4.5   0.0   142   200   616   676   603   694 0.71 length=859	scaffold=gi527307902	strand=-
11688_g              -            858 68721                -            322   2.5e-05   23.0   0.1   2   3   0.00016      0.02   13.5   0.0   153   213   702   765   695   773 0.83 length=859	scaffold=gi527307902	strand=-
11688_g              -            858 68721                -            322   2.5e-05   23.0   0.1   3   3       2.3   2.8e+02   -0.1   0.0   150   171   820   841   807   846 0.86 length=859	scaffold=gi527307902	strand=-
2734_g               -           1606 68721                -            322   2.7e-05   22.9   5.8   1   4       4.9   5.9e+02   -1.2   0.0     6    64   603   665   600   673 0.57 length=1607	scaffold=gi528858386	strand=+
2734_g               -           1606 68721                -            322   2.7e-05   22.9   5.8   2   4   3.9e-06   0.00048   18.9   0.1   155   214   667   725   662   733 0.90 length=1607	scaffold=gi528858386	strand=+
2734_g               -           1606 68721                -            322   2.7e-05   22.9   5.8   3   4       7.8   9.5e+02   -1.8   0.0   196   216   891   911   881   933 0.67 length=1607	scaffold=gi528858386	strand=+
2734_g               -           1606 68721                -            322   2.7e-05   22.9   5.8   4   4      0.19        24    3.4   0.0   154   175   938   959   934   970 0.85 length=1607	scaffold=gi528858386	strand=+
3415_g               -           1606 68721                -            322   2.7e-05   22.9   5.8   1   4       4.9   5.9e+02   -1.2   0.0     6    64   603   665   600   673 0.57 length=1607	scaffold=gi527310881	strand=+
3415_g               -           1606 68721                -            322   2.7e-05   22.9   5.8   2   4   3.9e-06   0.00048   18.9   0.1   155   214   667   725   662   733 0.90 length=1607	scaffold=gi527310881	strand=+
3415_g               -           1606 68721                -            322   2.7e-05   22.9   5.8   3   4       7.8   9.5e+02   -1.8   0.0   196   216   891   911   881   933 0.67 length=1607	scaffold=gi527310881	strand=+
3415_g               -           1606 68721                -            322   2.7e-05   22.9   5.8   4   4      0.19        24    3.4   0.0   154   175   938   959   934   970 0.85 length=1607	scaffold=gi527310881	strand=+
1123_g               -            751 68721                -            322   6.4e-05   21.7   0.0   1   2    0.0002     0.025   13.2   0.0   143   209   159   226   154   237 0.91 length=752	scaffold=gi528858393	strand=+
1123_g               -            751 68721                -            322   6.4e-05   21.7   0.0   2   2     0.082        10    4.7   0.0   162   198   315   352   290   361 0.84 length=752	scaffold=gi528858393	strand=+
1515_g               -            751 68721                -            322   6.4e-05   21.7   0.0   1   2    0.0002     0.025   13.2   0.0   143   209   159   226   154   237 0.91 length=752	scaffold=gi527315005	strand=-
1515_g               -            751 68721                -            322   6.4e-05   21.7   0.0   2   2     0.082        10    4.7   0.0   162   198   315   352   290   361 0.84 length=752	scaffold=gi527315005	strand=-
3925_g               -           3451 68721                -            322   7.7e-05   21.5   0.0   1   2   0.00081     0.099   11.2   0.0   156   194  2019  2057  2013  2066 0.90 length=3452	scaffold=gi528858391	strand=+
3925_g               -           3451 68721                -            322   7.7e-05   21.5   0.0   2   2     0.018       2.3    6.8   0.0   156   222  2155  2221  2148  2227 0.87 length=3452	scaffold=gi528858391	strand=+
8705_g               -           3451 68721                -            322   7.7e-05   21.5   0.0   1   2   0.00081     0.099   11.2   0.0   156   194  2019  2057  2013  2066 0.90 length=3452	scaffold=gi527314479	strand=+
8705_g               -           3451 68721                -            322   7.7e-05   21.5   0.0   2   2     0.018       2.3    6.8   0.0   156   222  2155  2221  2148  2227 0.87 length=3452	scaffold=gi527314479	strand=+
7424_g               -            866 68721                -            322   0.00011   20.9   0.0   1   3     0.083        10    4.6   0.0   140   168   216   244   209   270 0.88 length=867	scaffold=gi528858387	strand=+
7424_g               -            866 68721                -            322   0.00011   20.9   0.0   2   3     0.023       2.9    6.4   0.0   144   190   493   539   469   544 0.83 length=867	scaffold=gi528858387	strand=+
7424_g               -            866 68721                -            322   0.00011   20.9   0.0   3   3     0.041         5    5.6   0.0   172   216   570   614   566   631 0.78 length=867	scaffold=gi528858387	strand=+
7496_g               -            866 68721                -            322   0.00011   20.9   0.0   1   3     0.083        10    4.6   0.0   140   168   216   244   209   270 0.88 length=867	scaffold=gi527311550	strand=-
7496_g               -            866 68721                -            322   0.00011   20.9   0.0   2   3     0.023       2.9    6.4   0.0   144   190   493   539   469   544 0.83 length=867	scaffold=gi527311550	strand=-
7496_g               -            866 68721                -            322   0.00011   20.9   0.0   3   3     0.041         5    5.6   0.0   172   216   570   614   566   631 0.78 length=867	scaffold=gi527311550	strand=-
10018_g              -           2990 68721                -            322   0.00017   20.3   0.0   1   1   2.9e-06   0.00036   19.3   0.0   153   211   992  1050   979  1058 0.91 length=2991	scaffold=gi528858384	strand=-
12500_g              -           2990 68721                -            322   0.00017   20.3   0.0   1   1   2.9e-06   0.00036   19.3   0.0   153   211   992  1050   979  1058 0.91 length=2991	scaffold=gi527308984	strand=+
307_g                -            538 68721                -            322   0.00026   19.7   0.1   1   2     0.037       4.5    5.8   0.0   291   315   190   214   182   219 0.85 length=539	scaffold=gi527315854	strand=-
307_g                -            538 68721                -            322   0.00026   19.7   0.1   2   2   0.00091      0.11   11.1   0.0   179   221   243   285   233   295 0.50 length=539	scaffold=gi527315854	strand=-
84_g                 -            538 68721                -            322   0.00026   19.7   0.1   1   2     0.037       4.5    5.8   0.0   291   315   190   214   182   219 0.85 length=539	scaffold=gi528858396	strand=+
84_g                 -            538 68721                -            322   0.00026   19.7   0.1   2   2   0.00091      0.11   11.1   0.0   179   221   243   285   233   295 0.50 length=539	scaffold=gi528858396	strand=+
5020_g               -            661 68721                -            322   0.00041   19.1   0.0   1   3    0.0011      0.14   10.8   0.0   173   224   178   228   175   237 0.83 length=662	scaffold=gi528858389	strand=-
5020_g               -            661 68721                -            322   0.00041   19.1   0.0   2   3      0.31        38    2.8   0.0   158   214   394   459   385   461 0.72 length=662	scaffold=gi528858389	strand=-
5020_g               -            661 68721                -            322   0.00041   19.1   0.0   3   3      0.78        95    1.4   0.0   160   188   447   476   441   515 0.81 length=662	scaffold=gi528858389	strand=-
5492_g               -            661 68721                -            322   0.00041   19.1   0.0   1   3    0.0011      0.14   10.8   0.0   173   224   178   228   175   237 0.83 length=662	scaffold=gi527313191	strand=-
5492_g               -            661 68721                -            322   0.00041   19.1   0.0   2   3      0.31        38    2.8   0.0   158   214   394   459   385   461 0.72 length=662	scaffold=gi527313191	strand=-
5492_g               -            661 68721                -            322   0.00041   19.1   0.0   3   3      0.78        95    1.4   0.0   160   188   447   476   441   515 0.81 length=662	scaffold=gi527313191	strand=-
12688_g              -           1741 68721                -            322   0.00045   19.0   0.1   1   1   1.2e-05    0.0014   17.3   0.1   146   212   909   975   904   983 0.93 length=1742	scaffold=gi527308984	strand=-
9835_g               -           1741 68721                -            322   0.00045   19.0   0.1   1   1   1.2e-05    0.0014   17.3   0.1   146   212   909   975   904   983 0.93 length=1742	scaffold=gi528858384	strand=+
5706_g               -           1995 68721                -            322   0.00047   18.9   0.3   1   2       6.8   8.3e+02   -1.6   0.0   282   313    19    52     7    56 0.82 length=1996	scaffold=gi528858388	strand=+
5706_g               -           1995 68721                -            322   0.00047   18.9   0.3   2   2   1.6e-05    0.0019   16.9   0.2   153   210  1806  1863  1792  1866 0.89 length=1996	scaffold=gi528858388	strand=+
6541_g               -           1995 68721                -            322   0.00047   18.9   0.3   1   2       6.8   8.3e+02   -1.6   0.0   282   313    19    52     7    56 0.82 length=1996	scaffold=gi527312496	strand=-
6541_g               -           1995 68721                -            322   0.00047   18.9   0.3   2   2   1.6e-05    0.0019   16.9   0.2   153   210  1806  1863  1792  1866 0.89 length=1996	scaffold=gi527312496	strand=-
6014_g               -           1017 68721                -            322   0.00068   18.3   0.3   1   4      0.18        21    3.6   0.0   290   316   415   441   404   445 0.84 length=1018	scaffold=gi528858388	strand=+
6014_g               -           1017 68721                -            322   0.00068   18.3   0.3   2   4     0.062       7.6    5.1   0.1   157   213   428   489   424   501 0.73 length=1018	scaffold=gi528858388	strand=+
6014_g               -           1017 68721                -            322   0.00068   18.3   0.3   3   4      0.01       1.2    7.6   0.0   175   212   507   545   492   565 0.78 length=1018	scaffold=gi528858388	strand=+
6014_g               -           1017 68721                -            322   0.00068   18.3   0.3   4   4         5   6.2e+02   -1.2   0.0   140   169   570   603   551   609 0.68 length=1018	scaffold=gi528858388	strand=+
6237_g               -           1017 68721                -            322   0.00068   18.3   0.3   1   4      0.18        21    3.6   0.0   290   316   415   441   404   445 0.84 length=1018	scaffold=gi527312496	strand=-
6237_g               -           1017 68721                -            322   0.00068   18.3   0.3   2   4     0.062       7.6    5.1   0.1   157   213   428   489   424   501 0.73 length=1018	scaffold=gi527312496	strand=-
6237_g               -           1017 68721                -            322   0.00068   18.3   0.3   3   4      0.01       1.2    7.6   0.0   175   212   507   545   492   565 0.78 length=1018	scaffold=gi527312496	strand=-
6237_g               -           1017 68721                -            322   0.00068   18.3   0.3   4   4         5   6.2e+02   -1.2   0.0   140   169   570   603   551   609 0.68 length=1018	scaffold=gi527312496	strand=-
516_g                -           2272 68721                -            322     0.003   16.2   0.1   1   1   4.9e-05     0.006   15.2   0.1   282   315   552   585   536   589 0.85 length=2273	scaffold=gi528858395	strand=-
657_g                -           2272 68721                -            322     0.003   16.2   0.1   1   1   4.9e-05     0.006   15.2   0.1   282   315   552   585   536   589 0.85 length=2273	scaffold=gi527315607	strand=+
11045_g              -           1826 68721                -            322    0.0034   16.0   0.1   1   4       4.7   5.7e+02   -1.1   0.0   282   312   609   640   604   642 0.79 length=1827	scaffold=gi528858383	strand=+
11045_g              -           1826 68721                -            322    0.0034   16.0   0.1   2   4      0.31        38    2.8   0.0   282   313   748   780   663   785 0.80 length=1827	scaffold=gi528858383	strand=+
11045_g              -           1826 68721                -            322    0.0034   16.0   0.1   3   4      0.16        20    3.7   0.0    17    44  1606  1633  1596  1642 0.81 length=1827	scaffold=gi528858383	strand=+
11045_g              -           1826 68721                -            322    0.0034   16.0   0.1   4   4      0.17        20    3.7   0.0   154   222  1725  1795  1703  1799 0.75 length=1827	scaffold=gi528858383	strand=+
11842_g              -           1826 68721                -            322    0.0034   16.0   0.1   1   4       4.7   5.7e+02   -1.1   0.0   282   312   609   640   604   642 0.79 length=1827	scaffold=gi527307902	strand=+
11842_g              -           1826 68721                -            322    0.0034   16.0   0.1   2   4      0.31        38    2.8   0.0   282   313   748   780   663   785 0.80 length=1827	scaffold=gi527307902	strand=+
11842_g              -           1826 68721                -            322    0.0034   16.0   0.1   3   4      0.16        20    3.7   0.0    17    44  1606  1633  1596  1642 0.81 length=1827	scaffold=gi527307902	strand=+
11842_g              -           1826 68721                -            322    0.0034   16.0   0.1   4   4      0.17        20    3.7   0.0   154   222  1725  1795  1703  1799 0.75 length=1827	scaffold=gi527307902	strand=+
7399_g               -            483 68721                -            322    0.0063   15.2   0.0   1   2      0.25        31    3.0   0.0    16    81    49   113    46   131 0.86 length=484	scaffold=gi528858387	strand=-
7399_g               -            483 68721                -            322    0.0063   15.2   0.0   2   2    0.0044      0.54    8.8   0.0   179   220   221   260   214   264 0.85 length=484	scaffold=gi528858387	strand=-
7519_g               -            483 68721                -            322    0.0063   15.2   0.0   1   2      0.25        31    3.0   0.0    16    81    49   113    46   131 0.86 length=484	scaffold=gi527311550	strand=+
7519_g               -            483 68721                -            322    0.0063   15.2   0.0   2   2    0.0044      0.54    8.8   0.0   179   220   221   260   214   264 0.85 length=484	scaffold=gi527311550	strand=+
10105_g              -            434 68721                -            322    0.0069   15.0   0.0   1   2         9   1.1e+03   -2.1   0.0    36    86   217   236   209   258 0.49 length=435	scaffold=gi528858384	strand=+
10105_g              -            434 68721                -            322    0.0069   15.0   0.0   2   2   0.00015     0.019   13.6   0.0     6    79   309   385   305   392 0.81 length=435	scaffold=gi528858384	strand=+
12416_g              -            434 68721                -            322    0.0069   15.0   0.0   1   2         9   1.1e+03   -2.1   0.0    36    86   217   236   209   258 0.49 length=435	scaffold=gi527308984	strand=-
12416_g              -            434 68721                -            322    0.0069   15.0   0.0   2   2   0.00015     0.019   13.6   0.0     6    79   309   385   305   392 0.81 length=435	scaffold=gi527308984	strand=-
10425_g              -            644 68721                -            322     0.009   14.7   0.1   1   2     0.032         4    6.0   0.0   272   317    63   109    54   114 0.77 length=645	scaffold=gi528858384	strand=-
10425_g              -            644 68721                -            322     0.009   14.7   0.1   2   2      0.19        23    3.5   0.1    13    60   173   220   167   228 0.89 length=645	scaffold=gi528858384	strand=-
12834_g              -            644 68721                -            322     0.009   14.7   0.1   1   2     0.032         4    6.0   0.0   272   317    63   109    54   114 0.77 length=645	scaffold=gi527308853	strand=+
12834_g              -            644 68721                -            322     0.009   14.7   0.1   2   2      0.19        23    3.5   0.1    13    60   173   220   167   228 0.89 length=645	scaffold=gi527308853	strand=+
6987_g               -            717 68721                -            322    0.0092   14.6   0.0   1   2   0.00051     0.062   11.9   0.0   157   211   519   574   508   584 0.87 length=718	scaffold=gi528858387	strand=-
6987_g               -            717 68721                -            322    0.0092   14.6   0.0   2   2       2.2   2.7e+02   -0.0   0.0   163   194   656   687   627   704 0.68 length=718	scaffold=gi528858387	strand=-
7925_g               -            717 68721                -            322    0.0092   14.6   0.0   1   2   0.00051     0.062   11.9   0.0   157   211   519   574   508   584 0.87 length=718	scaffold=gi527311550	strand=+
7925_g               -            717 68721                -            322    0.0092   14.6   0.0   2   2       2.2   2.7e+02   -0.0   0.0   163   194   656   687   627   704 0.68 length=718	scaffold=gi527311550	strand=+
12877_g              -            632 68721                -            322    0.0095   14.6   0.0   1   2       0.3        36    2.8   0.0   154   220   210   281   171   314 0.59 length=633	scaffold=gi527310678	strand=-
12877_g              -            632 68721                -            322    0.0095   14.6   0.0   2   2    0.0054      0.66    8.5   0.0   163   212   404   453   378   464 0.90 length=633	scaffold=gi527310678	strand=-
8996_g               -            632 68721                -            322    0.0095   14.6   0.0   1   2       0.3        36    2.8   0.0   154   220   210   281   171   314 0.59 length=633	scaffold=gi528858385	strand=-
8996_g               -            632 68721                -            322    0.0095   14.6   0.0   2   2    0.0054      0.66    8.5   0.0   163   212   404   453   378   464 0.90 length=633	scaffold=gi528858385	strand=-
10962_g              -           3436 68721                -            322     0.016   13.8   0.0   1   2      0.31        38    2.7   0.0   281   315   130   164   122   167 0.70 length=3437	scaffold=gi528858383	strand=+
10962_g              -           3436 68721                -            322     0.016   13.8   0.0   2   2    0.0085         1    7.9   0.0    16    67   328   379   317   385 0.88 length=3437	scaffold=gi528858383	strand=+
11759_g              -           3436 68721                -            322     0.016   13.8   0.0   1   2      0.31        38    2.7   0.0   281   315   130   164   122   167 0.70 length=3437	scaffold=gi527307902	strand=+
11759_g              -           3436 68721                -            322     0.016   13.8   0.0   2   2    0.0085         1    7.9   0.0    16    67   328   379   317   385 0.88 length=3437	scaffold=gi527307902	strand=+
6089_g               -            779 68721                -            322     0.019   13.6   0.0   1   3      0.48        58    2.1   0.0   178   215   196   233   188   253 0.66 length=780	scaffold=gi528858388	strand=+
6089_g               -            779 68721                -            322     0.019   13.6   0.0   2   3       0.2        25    3.4   0.0   283   318   372   407   336   429 0.65 length=780	scaffold=gi528858388	strand=+
6089_g               -            779 68721                -            322     0.019   13.6   0.0   3   3      0.14        18    3.8   0.0    61    90   541   570   524   576 0.81 length=780	scaffold=gi528858388	strand=+
6164_g               -            779 68721                -            322     0.019   13.6   0.0   1   3      0.48        58    2.1   0.0   178   215   196   233   188   253 0.66 length=780	scaffold=gi527312496	strand=-
6164_g               -            779 68721                -            322     0.019   13.6   0.0   2   3       0.2        25    3.4   0.0   283   318   372   407   336   429 0.65 length=780	scaffold=gi527312496	strand=-
6164_g               -            779 68721                -            322     0.019   13.6   0.0   3   3      0.14        18    3.8   0.0    61    90   541   570   524   576 0.81 length=780	scaffold=gi527312496	strand=-
6063_g               -            700 68721                -            322      0.02   13.5   0.5   1   2       0.1        12    4.4   0.4   134   179    28    73    19   101 0.65 length=701	scaffold=gi528858388	strand=-
6063_g               -            700 68721                -            322      0.02   13.5   0.5   2   2     0.025       3.1    6.3   0.0   130   170   108   148    99   158 0.86 length=701	scaffold=gi528858388	strand=-
6189_g               -            700 68721                -            322      0.02   13.5   0.5   1   2       0.1        12    4.4   0.4   134   179    28    73    19   101 0.65 length=701	scaffold=gi527312496	strand=+
6189_g               -            700 68721                -            322      0.02   13.5   0.5   2   2     0.025       3.1    6.3   0.0   130   170   108   148    99   158 0.86 length=701	scaffold=gi527312496	strand=+
2020_g               -           1563 68721                -            322     0.036   12.7   0.1   1   3       2.3   2.8e+02   -0.1   0.0   141   312  1008  1034   996  1043 0.54 length=1564	scaffold=gi528858392	strand=-
2020_g               -           1563 68721                -            322     0.036   12.7   0.1   2   3     0.059       7.2    5.1   0.0   149   215  1122  1190  1109  1196 0.82 length=1564	scaffold=gi528858392	strand=-
2020_g               -           1563 68721                -            322     0.036   12.7   0.1   3   3      0.47        58    2.2   0.0   184   212  1351  1379  1347  1383 0.92 length=1564	scaffold=gi528858392	strand=-
2239_g               -           1588 68721                -            322     0.038   12.6   0.1   1   3       2.3   2.8e+02   -0.1   0.0   141   312  1008  1034   996  1043 0.54 length=1589	scaffold=gi527314726	strand=+
2239_g               -           1588 68721                -            322     0.038   12.6   0.1   2   3      0.06       7.3    5.1   0.0   149   215  1122  1190  1109  1196 0.82 length=1589	scaffold=gi527314726	strand=+
2239_g               -           1588 68721                -            322     0.038   12.6   0.1   3   3      0.48        59    2.1   0.0   184   212  1351  1379  1347  1383 0.92 length=1589	scaffold=gi527314726	strand=+
1870_g               -           1111 68721                -            322     0.043   12.4   0.2   1   3     0.043       5.3    5.6   0.0   147   191   292   337   276   348 0.75 length=1112	scaffold=gi528858392	strand=+
1870_g               -           1111 68721                -            322     0.043   12.4   0.2   2   3      0.36        45    2.5   0.0     9    51   570   612   562   624 0.84 length=1112	scaffold=gi528858392	strand=+
1870_g               -           1111 68721                -            322     0.043   12.4   0.2   3   3         3   3.7e+02   -0.5   0.0    58    91   674   707   666   712 0.81 length=1112	scaffold=gi528858392	strand=+
2391_g               -           1111 68721                -            322     0.043   12.4   0.2   1   3     0.043       5.3    5.6   0.0   147   191   292   337   276   348 0.75 length=1112	scaffold=gi527314726	strand=-
2391_g               -           1111 68721                -            322     0.043   12.4   0.2   2   3      0.36        45    2.5   0.0     9    51   570   612   562   624 0.84 length=1112	scaffold=gi527314726	strand=-
2391_g               -           1111 68721                -            322     0.043   12.4   0.2   3   3         3   3.7e+02   -0.5   0.0    58    91   674   707   666   712 0.81 length=1112	scaffold=gi527314726	strand=-
11193_g              -           2095 68721                -            322     0.044   12.4   0.5   1   3         6   7.4e+02   -1.5   0.0     6    39  1639  1677  1635  1715 0.50 length=2096	scaffold=gi528858383	strand=+
11193_g              -           2095 68721                -            322     0.044   12.4   0.5   2   3      0.85     1e+02    1.3   0.1   177   205  1718  1746  1710  1752 0.82 length=2096	scaffold=gi528858383	strand=+
11193_g              -           2095 68721                -            322     0.044   12.4   0.5   3   3     0.012       1.5    7.4   0.0   155   215  2019  2081  1997  2084 0.85 length=2096	scaffold=gi528858383	strand=+
11990_g              -           2095 68721                -            322     0.044   12.4   0.5   1   3         6   7.4e+02   -1.5   0.0     6    39  1639  1677  1635  1715 0.50 length=2096	scaffold=gi527307902	strand=+
11990_g              -           2095 68721                -            322     0.044   12.4   0.5   2   3      0.85     1e+02    1.3   0.1   177   205  1718  1746  1710  1752 0.82 length=2096	scaffold=gi527307902	strand=+
11990_g              -           2095 68721                -            322     0.044   12.4   0.5   3   3     0.012       1.5    7.4   0.0   155   215  2019  2081  1997  2084 0.85 length=2096	scaffold=gi527307902	strand=+
10812_g              -           2474 68721                -            322     0.046   12.3   0.0   1   3       1.4   1.7e+02    0.6   0.0   154   175   311   332   290   348 0.62 length=2475	scaffold=gi528858383	strand=-
10812_g              -           2474 68721                -            322     0.046   12.3   0.0   2   3       7.8   9.5e+02   -1.8   0.0   156   170   492   506   487   514 0.70 length=2475	scaffold=gi528858383	strand=-
10812_g              -           2474 68721                -            322     0.046   12.3   0.0   3   3     0.013       1.6    7.2   0.0   257   308   579   630   546   639 0.89 length=2475	scaffold=gi528858383	strand=-
11609_g              -           2474 68721                -            322     0.046   12.3   0.0   1   3       1.4   1.7e+02    0.6   0.0   154   175   311   332   290   348 0.62 length=2475	scaffold=gi527307902	strand=-
11609_g              -           2474 68721                -            322     0.046   12.3   0.0   2   3       7.8   9.5e+02   -1.8   0.0   156   170   492   506   487   514 0.70 length=2475	scaffold=gi527307902	strand=-
11609_g              -           2474 68721                -            322     0.046   12.3   0.0   3   3     0.013       1.6    7.2   0.0   257   308   579   630   546   639 0.89 length=2475	scaffold=gi527307902	strand=-
10143_g              -            519 68721                -            322     0.055   12.1   0.0   1   2      0.17        21    3.6   0.0    34    93   178   240   174   270 0.75 length=520	scaffold=gi528858384	strand=+
10143_g              -            519 68721                -            322     0.055   12.1   0.0   2   2      0.03       3.7    6.1   0.0   183   221   294   332   282   344 0.82 length=520	scaffold=gi528858384	strand=+
12378_g              -            519 68721                -            322     0.055   12.1   0.0   1   2      0.17        21    3.6   0.0    34    93   178   240   174   270 0.75 length=520	scaffold=gi527308984	strand=-
12378_g              -            519 68721                -            322     0.055   12.1   0.0   2   2      0.03       3.7    6.1   0.0   183   221   294   332   282   344 0.82 length=520	scaffold=gi527308984	strand=-
12597_g              -           2080 68721                -            322     0.064   11.9   0.0   1   2     0.073       8.9    4.8   0.0   176   210   457   491   451   503 0.79 length=2081	scaffold=gi527308984	strand=+
12597_g              -           2080 68721                -            322     0.064   11.9   0.0   2   2      0.77        94    1.5   0.0   155   175   672   692   669   705 0.64 length=2081	scaffold=gi527308984	strand=+
9926_g               -           2080 68721                -            322     0.064   11.9   0.0   1   2     0.073       8.9    4.8   0.0   176   210   457   491   451   503 0.79 length=2081	scaffold=gi528858384	strand=-
9926_g               -           2080 68721                -            322     0.064   11.9   0.0   2   2      0.77        94    1.5   0.0   155   175   672   692   669   705 0.64 length=2081	scaffold=gi528858384	strand=-
12242_g              -           1510 68721                -            322     0.066   11.8   0.0   1   2       7.3   8.9e+02   -1.8   0.0   166   209   180   230   176   235 0.71 length=1511	scaffold=gi527308984	strand=+
12242_g              -           1510 68721                -            322     0.066   11.8   0.0   2   2    0.0045      0.55    8.8   0.0   180   212   477   509   470   515 0.60 length=1511	scaffold=gi527308984	strand=+
10281_g              -           1517 68721                -            322     0.067   11.8   0.0   1   2       7.3     9e+02   -1.8   0.0   166   209   180   230   176   235 0.71 length=1518	scaffold=gi528858384	strand=-
10281_g              -           1517 68721                -            322     0.067   11.8   0.0   2   2    0.0046      0.56    8.8   0.0   180   212   477   509   470   515 0.60 length=1518	scaffold=gi528858384	strand=-
1805_g               -            269 68721                -            322      0.17   10.5   0.0   1   2       8.9   1.1e+03   -2.0   0.0   154   169   135   150    94   157 0.66 length=270	scaffold=gi527315322	strand=-
1805_g               -            269 68721                -            322      0.17   10.5   0.0   2   2    0.0051      0.62    8.6   0.0   129   210   180   261   172   267 0.64 length=270	scaffold=gi527315322	strand=-
988_g                -            269 68721                -            322      0.17   10.5   0.0   1   2       8.9   1.1e+03   -2.0   0.0   154   169   135   150    94   157 0.66 length=270	scaffold=gi528858394	strand=-
988_g                -            269 68721                -            322      0.17   10.5   0.0   2   2    0.0051      0.62    8.6   0.0   129   210   180   261   172   267 0.64 length=270	scaffold=gi528858394	strand=-
4983_g               -           1584 68721                -            322      0.23   10.0   3.6   1   4       1.7   2.1e+02    0.3   0.1   179   213   920   954   911   960 0.85 length=1585	scaffold=gi528858389	strand=-
4983_g               -           1584 68721                -            322      0.23   10.0   3.6   2   4      0.11        13    4.2   0.0     6    41   975  1012   972  1017 0.85 length=1585	scaffold=gi528858389	strand=-
4983_g               -           1584 68721                -            322      0.23   10.0   3.6   3   4       2.7   3.2e+02   -0.3   0.0   284   315  1038  1071  1034  1074 0.84 length=1585	scaffold=gi528858389	strand=-
4983_g               -           1584 68721                -            322      0.23   10.0   3.6   4   4      0.79        96    1.4   0.2   173   209  1145  1190  1126  1196 0.63 length=1585	scaffold=gi528858389	strand=-
5455_g               -           1584 68721                -            322      0.23   10.0   3.6   1   4       1.7   2.1e+02    0.3   0.1   179   213   920   954   911   960 0.85 length=1585	scaffold=gi527313191	strand=-
5455_g               -           1584 68721                -            322      0.23   10.0   3.6   2   4      0.11        13    4.2   0.0     6    41   975  1012   972  1017 0.85 length=1585	scaffold=gi527313191	strand=-
5455_g               -           1584 68721                -            322      0.23   10.0   3.6   3   4       2.7   3.2e+02   -0.3   0.0   284   315  1038  1071  1034  1074 0.84 length=1585	scaffold=gi527313191	strand=-
5455_g               -           1584 68721                -            322      0.23   10.0   3.6   4   4      0.79        96    1.4   0.2   173   209  1145  1190  1126  1196 0.63 length=1585	scaffold=gi527313191	strand=-
#
# Program:         hmmsearch
# Version:         3.4 (Aug 2023)
# Pipeline mode:   SEARCH
# Query file:      /home/inf-20-2025/Malaria/busco_downloads/lineages/apicomplexa_odb12/hmms/68721at5794.hmm
# Target file:     /home/inf-20-2025/Malaria/Results/6_nobird_annotation/T_gondii.faa
# Option settings: hmmsearch --domtblout Results/8_busco/T_gondii/run_apicomplexa_odb12/hmmer_output/initial_run_results/68721at5794.out --cpu 1 /home/inf-20-2025/Malaria/busco_downloads/lineages/apicomplexa_odb12/hmms/68721at5794.hmm /home/inf-20-2025/Malaria/Results/6_nobird_annotation/T_gondii.faa 
# Current dir:     /home/inf-20-2025/Malaria
# Date:            Wed Mar  4 18:33:20 2026
# [ok]
