#                                                                            --- full sequence --- -------------- this domain -------------   hmm coord   ali coord   env coord
# target name        accession   tlen query name           accession   qlen   E-value  score  bias   #  of  c-Evalue  i-Evalue  score  bias  from    to  from    to  from    to  acc description of target
#------------------- ---------- ----- -------------------- ---------- ----- --------- ------ ----- --- --- --------- --------- ------ ----- ----- ----- ----- ----- ----- ----- ---- ---------------------
5905_g               -            792 68743                -            368  7.5e-104  347.6   0.3   1   3   4.8e-17   1.9e-13   50.1   0.0     1    40   311   350   311   354 0.98 length=793	scaffold=gi528858388	strand=-
5905_g               -            792 68743                -            368  7.5e-104  347.6   0.3   2   3   5.6e-09   2.2e-05   23.5   0.0    40    71   405   436   397   466 0.80 length=793	scaffold=gi528858388	strand=-
5905_g               -            792 68743                -            368  7.5e-104  347.6   0.3   3   3   1.2e-83   4.8e-80  269.2   0.0    80   258   477   673   475   683 0.89 length=793	scaffold=gi528858388	strand=-
6348_g               -            792 68743                -            368  7.5e-104  347.6   0.3   1   3   4.8e-17   1.9e-13   50.1   0.0     1    40   311   350   311   354 0.98 length=793	scaffold=gi527312496	strand=+
6348_g               -            792 68743                -            368  7.5e-104  347.6   0.3   2   3   5.6e-09   2.2e-05   23.5   0.0    40    71   405   436   397   466 0.80 length=793	scaffold=gi527312496	strand=+
6348_g               -            792 68743                -            368  7.5e-104  347.6   0.3   3   3   1.2e-83   4.8e-80  269.2   0.0    80   258   477   673   475   683 0.89 length=793	scaffold=gi527312496	strand=+
5904_g               -            131 68743                -            368     3e-42  144.9   0.7   1   1   9.1e-46   3.6e-42  144.6   0.7   276   368    29   131    14   131 0.86 length=132	scaffold=gi528858388	strand=-
6349_g               -            191 68743                -            368   9.6e-42  143.2   0.7   1   1   3.1e-45   1.2e-41  142.9   0.7   276   368    29   131    15   131 0.86 length=192	scaffold=gi527312496	strand=+
#
# Program:         hmmsearch
# Version:         3.4 (Aug 2023)
# Pipeline mode:   SEARCH
# Query file:      /home/inf-20-2025/Malaria/busco_downloads/lineages/apicomplexa_odb12/hmms/68743at5794.hmm
# Target file:     /home/inf-20-2025/Malaria/Results/6_nobird_annotation/T_gondii.faa
# Option settings: hmmsearch --domtblout Results/8_busco/T_gondii/run_apicomplexa_odb12/hmmer_output/initial_run_results/68743at5794.out --cpu 1 /home/inf-20-2025/Malaria/busco_downloads/lineages/apicomplexa_odb12/hmms/68743at5794.hmm /home/inf-20-2025/Malaria/Results/6_nobird_annotation/T_gondii.faa 
# Current dir:     /home/inf-20-2025/Malaria
# Date:            Wed Mar  4 18:33:22 2026
# [ok]
