#                                                                            --- full sequence --- -------------- this domain -------------   hmm coord   ali coord   env coord
# target name        accession   tlen query name           accession   qlen   E-value  score  bias   #  of  c-Evalue  i-Evalue  score  bias  from    to  from    to  from    to  acc description of target
#------------------- ---------- ----- -------------------- ---------- ----- --------- ------ ----- --- --- --------- --------- ------ ----- ----- ----- ----- ----- ----- ----- ---- ---------------------
10414_g              -           4533 68758                -            197     2e-60  203.8   9.3   1   2   4.7e-42   9.4e-39  133.1   2.9    19   103   166   251   160   298 0.91 length=4534	scaffold=gi528858384	strand=-
10414_g              -           4533 68758                -            197     2e-60  203.8   9.3   2   2   8.1e-24   1.6e-20   73.6   0.5   113   167   353   407   347   411 0.96 length=4534	scaffold=gi528858384	strand=-
12846_g              -           4533 68758                -            197     2e-60  203.8   9.3   1   2   4.7e-42   9.4e-39  133.1   2.9    19   103   166   251   160   298 0.91 length=4534	scaffold=gi527308853	strand=+
12846_g              -           4533 68758                -            197     2e-60  203.8   9.3   2   2   8.1e-24   1.6e-20   73.6   0.5   113   167   353   407   347   411 0.96 length=4534	scaffold=gi527308853	strand=+
304_g                -           1075 68758                -            197   3.8e-29  101.8  11.5   1   1     3e-32   5.9e-29  101.1  11.5     5   181    24   209    20   222 0.89 length=1076	scaffold=gi527315854	strand=+
87_g                 -           1075 68758                -            197   3.8e-29  101.8  11.5   1   1     3e-32   5.9e-29  101.1  11.5     5   181    24   209    20   222 0.89 length=1076	scaffold=gi528858396	strand=-
5048_g               -            968 68758                -            197   3.3e-10   39.9   0.1   1   1   2.6e-13   5.2e-10   39.3   0.1     6   167   302   474   298   483 0.79 length=969	scaffold=gi528858389	strand=-
5520_g               -            968 68758                -            197   3.3e-10   39.9   0.1   1   1   2.6e-13   5.2e-10   39.3   0.1     6   167   302   474   298   483 0.79 length=969	scaffold=gi527313191	strand=-
13062_g              -            911 68758                -            197   1.8e-05   24.5   0.0   1   3     0.067   1.3e+02    2.1   0.1     6    29   540   563   535   568 0.84 length=912	scaffold=gi527309735	strand=+
13062_g              -            911 68758                -            197   1.8e-05   24.5   0.0   2   3     0.077   1.5e+02    1.9   0.0    30    69   608   648   606   664 0.74 length=912	scaffold=gi527309735	strand=+
13062_g              -            911 68758                -            197   1.8e-05   24.5   0.0   3   3     3e-06     0.006   16.3   0.0    85   178   735   831   726   834 0.76 length=912	scaffold=gi527309735	strand=+
9604_g               -            911 68758                -            197   1.8e-05   24.5   0.0   1   3     0.067   1.3e+02    2.1   0.1     6    29   540   563   535   568 0.84 length=912	scaffold=gi528858385	strand=-
9604_g               -            911 68758                -            197   1.8e-05   24.5   0.0   2   3     0.077   1.5e+02    1.9   0.0    30    69   608   648   606   664 0.74 length=912	scaffold=gi528858385	strand=-
9604_g               -            911 68758                -            197   1.8e-05   24.5   0.0   3   3     3e-06     0.006   16.3   0.0    85   178   735   831   726   834 0.76 length=912	scaffold=gi528858385	strand=-
#
# Program:         hmmsearch
# Version:         3.4 (Aug 2023)
# Pipeline mode:   SEARCH
# Query file:      /home/inf-20-2025/Malaria/busco_downloads/lineages/apicomplexa_odb12/hmms/68758at5794.hmm
# Target file:     /home/inf-20-2025/Malaria/Results/6_nobird_annotation/T_gondii.faa
# Option settings: hmmsearch --domtblout Results/8_busco/T_gondii/run_apicomplexa_odb12/hmmer_output/initial_run_results/68758at5794.out --cpu 1 /home/inf-20-2025/Malaria/busco_downloads/lineages/apicomplexa_odb12/hmms/68758at5794.hmm /home/inf-20-2025/Malaria/Results/6_nobird_annotation/T_gondii.faa 
# Current dir:     /home/inf-20-2025/Malaria
# Date:            Wed Mar  4 18:33:23 2026
# [ok]
