#                                                                            --- full sequence --- -------------- this domain -------------   hmm coord   ali coord   env coord
# target name        accession   tlen query name           accession   qlen   E-value  score  bias   #  of  c-Evalue  i-Evalue  score  bias  from    to  from    to  from    to  acc description of target
#------------------- ---------- ----- -------------------- ---------- ----- --------- ------ ----- --- --- --------- --------- ------ ----- ----- ----- ----- ----- ----- ----- ---- ---------------------
3046_g               -           1129 68796                -            343  2.8e-139  463.5   0.4   1   4   1.2e-32   9.4e-29  100.1   0.0     2    68   245   314   244   320 0.94 length=1130	scaffold=gi528858386	strand=+
3046_g               -           1129 68796                -            343  2.8e-139  463.5   0.4   2   4   1.3e-26   1.1e-22   80.2   0.0    68   156   446   541   431   544 0.88 length=1130	scaffold=gi528858386	strand=+
3046_g               -           1129 68796                -            343  2.8e-139  463.5   0.4   3   4   7.7e-68   6.2e-64  215.7   0.0   148   300   559   706   552   716 0.93 length=1130	scaffold=gi528858386	strand=+
3046_g               -           1129 68796                -            343  2.8e-139  463.5   0.4   4   4   1.9e-21   1.5e-17   63.2   0.0   277   338   719   780   702   784 0.88 length=1130	scaffold=gi528858386	strand=+
3727_g               -           1129 68796                -            343  2.8e-139  463.5   0.4   1   4   1.2e-32   9.4e-29  100.1   0.0     2    68   245   314   244   320 0.94 length=1130	scaffold=gi527310709	strand=+
3727_g               -           1129 68796                -            343  2.8e-139  463.5   0.4   2   4   1.3e-26   1.1e-22   80.2   0.0    68   156   446   541   431   544 0.88 length=1130	scaffold=gi527310709	strand=+
3727_g               -           1129 68796                -            343  2.8e-139  463.5   0.4   3   4   7.7e-68   6.2e-64  215.7   0.0   148   300   559   706   552   716 0.93 length=1130	scaffold=gi527310709	strand=+
3727_g               -           1129 68796                -            343  2.8e-139  463.5   0.4   4   4   1.9e-21   1.5e-17   63.2   0.0   277   338   719   780   702   784 0.88 length=1130	scaffold=gi527310709	strand=+
#
# Program:         hmmsearch
# Version:         3.4 (Aug 2023)
# Pipeline mode:   SEARCH
# Query file:      /home/inf-20-2025/Malaria/busco_downloads/lineages/apicomplexa_odb12/hmms/68796at5794.hmm
# Target file:     /home/inf-20-2025/Malaria/Results/6_nobird_annotation/T_gondii.faa
# Option settings: hmmsearch --domtblout Results/8_busco/T_gondii/run_apicomplexa_odb12/hmmer_output/initial_run_results/68796at5794.out --cpu 1 /home/inf-20-2025/Malaria/busco_downloads/lineages/apicomplexa_odb12/hmms/68796at5794.hmm /home/inf-20-2025/Malaria/Results/6_nobird_annotation/T_gondii.faa 
# Current dir:     /home/inf-20-2025/Malaria
# Date:            Wed Mar  4 18:33:26 2026
# [ok]
