#                                                                            --- full sequence --- -------------- this domain -------------   hmm coord   ali coord   env coord
# target name        accession   tlen query name           accession   qlen   E-value  score  bias   #  of  c-Evalue  i-Evalue  score  bias  from    to  from    to  from    to  acc description of target
#------------------- ---------- ----- -------------------- ---------- ----- --------- ------ ----- --- --- --------- --------- ------ ----- ----- ----- ----- ----- ----- ----- ---- ---------------------
4408_g               -            373 68814                -            252  4.1e-114  379.9   7.4   1   3   2.9e-12   2.1e-09   36.9   0.0     2    27     3    28     2    41 0.92 length=374	scaffold=gi528858390	strand=+
4408_g               -            373 68814                -            252  4.1e-114  379.9   7.4   2   3   5.8e-78   4.2e-75  252.1   0.5    26   172    99   245    94   247 0.99 length=374	scaffold=gi528858390	strand=+
4408_g               -            373 68814                -            252  4.1e-114  379.9   7.4   3   3   1.4e-29     1e-26   93.6   0.5   179   252   300   373   297   373 0.98 length=374	scaffold=gi528858390	strand=+
8423_g               -            373 68814                -            252  4.1e-114  379.9   7.4   1   3   2.9e-12   2.1e-09   36.9   0.0     2    27     3    28     2    41 0.92 length=374	scaffold=gi527313757	strand=+
8423_g               -            373 68814                -            252  4.1e-114  379.9   7.4   2   3   5.8e-78   4.2e-75  252.1   0.5    26   172    99   245    94   247 0.99 length=374	scaffold=gi527313757	strand=+
8423_g               -            373 68814                -            252  4.1e-114  379.9   7.4   3   3   1.4e-29     1e-26   93.6   0.5   179   252   300   373   297   373 0.98 length=374	scaffold=gi527313757	strand=+
4001_g               -            396 68814                -            252   2.8e-41  141.3   0.0   1   1   4.9e-44   3.6e-41  141.0   0.0     8   247   166   394   160   396 0.93 length=397	scaffold=gi528858391	strand=-
8781_g               -            396 68814                -            252   2.8e-41  141.3   0.0   1   1   4.9e-44   3.6e-41  141.0   0.0     8   247   166   394   160   396 0.93 length=397	scaffold=gi527314344	strand=-
11055_g              -            258 68814                -            252   2.1e-35  122.1   0.3   1   1   3.8e-38   2.8e-35  121.7   0.3     4   243     3   239     1   244 0.89 length=259	scaffold=gi528858383	strand=+
11852_g              -            258 68814                -            252   2.1e-35  122.1   0.3   1   1   3.8e-38   2.8e-35  121.7   0.3     4   243     3   239     1   244 0.89 length=259	scaffold=gi527307902	strand=+
4271_g               -            326 68814                -            252   3.3e-34  118.2   0.2   1   3   2.8e-13     2e-10   40.2   0.0     8    73     4    72     1    81 0.78 length=327	scaffold=gi528858390	strand=+
4271_g               -            326 68814                -            252   3.3e-34  118.2   0.2   2   3   1.6e-23   1.2e-20   73.8   0.0    71   187   106   223    95   230 0.94 length=327	scaffold=gi528858390	strand=+
4271_g               -            326 68814                -            252   3.3e-34  118.2   0.2   3   3       0.4   2.9e+02    0.4   0.1   206   241   268   309   254   318 0.61 length=327	scaffold=gi528858390	strand=+
8334_g               -            383 68814                -            252   6.3e-34  117.2   0.2   1   3   3.6e-13   2.6e-10   39.9   0.0     8    73     4    72     1    81 0.78 length=384	scaffold=gi527313991	strand=-
8334_g               -            383 68814                -            252   6.3e-34  117.2   0.2   2   3   2.3e-23   1.6e-20   73.3   0.0    71   187   106   223    95   230 0.94 length=384	scaffold=gi527313991	strand=-
8334_g               -            383 68814                -            252   6.3e-34  117.2   0.2   3   3      0.49   3.5e+02    0.1   0.1   206   241   268   309   254   319 0.62 length=384	scaffold=gi527313991	strand=-
10472_g              -            260 68814                -            252   7.2e-27   94.1   0.0   1   1   1.4e-29     1e-26   93.6   0.0     5   244     4   246     1   253 0.80 length=261	scaffold=gi528858384	strand=+
12787_g              -            260 68814                -            252   7.2e-27   94.1   0.0   1   1   1.4e-29     1e-26   93.6   0.0     5   244     4   246     1   253 0.80 length=261	scaffold=gi527308853	strand=-
11234_g              -            376 68814                -            252   8.3e-18   64.4   0.0   1   3   7.8e-08   5.6e-05   22.4   0.0     7    43     4    39     2    56 0.82 length=377	scaffold=gi528858383	strand=-
11234_g              -            376 68814                -            252   8.3e-18   64.4   0.0   2   3   1.8e-05     0.013   14.6   0.0    74   128   157   211   152   225 0.94 length=377	scaffold=gi528858383	strand=-
11234_g              -            376 68814                -            252   8.3e-18   64.4   0.0   3   3   3.3e-08   2.4e-05   23.6   0.0   168   247   284   364   278   369 0.89 length=377	scaffold=gi528858383	strand=-
12031_g              -            376 68814                -            252   8.3e-18   64.4   0.0   1   3   7.8e-08   5.6e-05   22.4   0.0     7    43     4    39     2    56 0.82 length=377	scaffold=gi527307902	strand=-
12031_g              -            376 68814                -            252   8.3e-18   64.4   0.0   2   3   1.8e-05     0.013   14.6   0.0    74   128   157   211   152   225 0.94 length=377	scaffold=gi527307902	strand=-
12031_g              -            376 68814                -            252   8.3e-18   64.4   0.0   3   3   3.3e-08   2.4e-05   23.6   0.0   168   247   284   364   278   369 0.89 length=377	scaffold=gi527307902	strand=-
5964_g               -            238 68814                -            252   3.6e-15   55.8   0.3   1   1     9e-18   6.5e-15   54.9   0.3    39   243    10   217     1   224 0.79 length=239	scaffold=gi528858388	strand=-
6288_g               -            238 68814                -            252   3.6e-15   55.8   0.3   1   1     9e-18   6.5e-15   54.9   0.3    39   243    10   217     1   224 0.79 length=239	scaffold=gi527312496	strand=+
14378_g              -            110 68814                -            252   0.00017   20.8   0.0   1   1   3.1e-07   0.00022   20.4   0.0     6    25    77    96    72   108 0.85 length=111	scaffold=gi527307126	strand=-
12725_g              -            286 68814                -            252   0.00075   18.7   0.0   1   1   1.8e-06    0.0013   17.9   0.0    64   230    75   234    48   244 0.75 length=287	scaffold=gi527308984	strand=+
9799_g               -            286 68814                -            252   0.00075   18.7   0.0   1   1   1.8e-06    0.0013   17.9   0.0    64   230    75   234    48   244 0.75 length=287	scaffold=gi528858384	strand=-
10663_g              -            309 68814                -            252     0.016   14.4   0.0   1   1   2.9e-05     0.021   14.0   0.0    66   162   121   214   111   258 0.84 length=310	scaffold=gi528858383	strand=+
11460_g              -            309 68814                -            252     0.016   14.4   0.0   1   1   2.9e-05     0.021   14.0   0.0    66   162   121   214   111   258 0.84 length=310	scaffold=gi527307902	strand=+
13384_g              -            583 68814                -            252      0.02   14.0   0.0   1   2   9.9e-05     0.071   12.2   0.0    54   109   306   359   288   386 0.86 length=584	scaffold=gi527309735	strand=+
13384_g              -            583 68814                -            252      0.02   14.0   0.0   2   2       1.5   1.1e+03   -1.5   0.0    78   105   470   497   461   503 0.83 length=584	scaffold=gi527309735	strand=+
9284_g               -            583 68814                -            252      0.02   14.0   0.0   1   2   9.9e-05     0.071   12.2   0.0    54   109   306   359   288   386 0.86 length=584	scaffold=gi528858385	strand=-
9284_g               -            583 68814                -            252      0.02   14.0   0.0   2   2       1.5   1.1e+03   -1.5   0.0    78   105   470   497   461   503 0.83 length=584	scaffold=gi528858385	strand=-
15720_g              -             81 68814                -            252     0.067   12.3   0.0   1   1   0.00012     0.085   12.0   0.0    39   111    10    76     1    80 0.79 length=81	scaffold=gi527305709	strand=-
#
# Program:         hmmsearch
# Version:         3.4 (Aug 2023)
# Pipeline mode:   SEARCH
# Query file:      /home/inf-20-2025/Malaria/busco_downloads/lineages/apicomplexa_odb12/hmms/68814at5794.hmm
# Target file:     /home/inf-20-2025/Malaria/Results/6_nobird_annotation/T_gondii.faa
# Option settings: hmmsearch --domtblout Results/8_busco/T_gondii/run_apicomplexa_odb12/hmmer_output/initial_run_results/68814at5794.out --cpu 1 /home/inf-20-2025/Malaria/busco_downloads/lineages/apicomplexa_odb12/hmms/68814at5794.hmm /home/inf-20-2025/Malaria/Results/6_nobird_annotation/T_gondii.faa 
# Current dir:     /home/inf-20-2025/Malaria
# Date:            Wed Mar  4 18:33:24 2026
# [ok]
