#                                                                            --- full sequence --- -------------- this domain -------------   hmm coord   ali coord   env coord
# target name        accession   tlen query name           accession   qlen   E-value  score  bias   #  of  c-Evalue  i-Evalue  score  bias  from    to  from    to  from    to  acc description of target
#------------------- ---------- ----- -------------------- ---------- ----- --------- ------ ----- --- --- --------- --------- ------ ----- ----- ----- ----- ----- ----- ----- ---- ---------------------
2084_g               -            368 68811                -            553  3.8e-133  444.6   2.3   1   3   8.5e-19   2.2e-15   55.8   0.0   266   307    31    72    27    79 0.95 length=369	scaffold=gi528858392	strand=-
2084_g               -            368 68811                -            553  3.8e-133  444.6   2.3   2   3   2.5e-42   6.6e-39  133.5   0.1   308   399    96   189    93   198 0.93 length=369	scaffold=gi528858392	strand=-
2084_g               -            368 68811                -            553  3.8e-133  444.6   2.3   3   3     1e-78   2.7e-75  253.6   0.2   394   553   208   368   203   368 0.98 length=369	scaffold=gi528858392	strand=-
2177_g               -            368 68811                -            553  3.8e-133  444.6   2.3   1   3   8.5e-19   2.2e-15   55.8   0.0   266   307    31    72    27    79 0.95 length=369	scaffold=gi527314726	strand=+
2177_g               -            368 68811                -            553  3.8e-133  444.6   2.3   2   3   2.5e-42   6.6e-39  133.5   0.1   308   399    96   189    93   198 0.93 length=369	scaffold=gi527314726	strand=+
2177_g               -            368 68811                -            553  3.8e-133  444.6   2.3   3   3     1e-78   2.7e-75  253.6   0.2   394   553   208   368   203   368 0.98 length=369	scaffold=gi527314726	strand=+
2085_g               -            763 68811                -            553   1.8e-77  260.8   0.2   1   4   5.6e-09   1.5e-05   23.4   0.0     2    42   185   225   184   245 0.83 length=764	scaffold=gi528858392	strand=-
2085_g               -            763 68811                -            553   1.8e-77  260.8   0.2   2   4   1.5e-10     4e-07   28.6   0.0    32   100   261   347   250   352 0.85 length=764	scaffold=gi528858392	strand=-
2085_g               -            763 68811                -            553   1.8e-77  260.8   0.2   3   4   3.8e-42     1e-38  132.9   0.0   131   213   538   620   530   629 0.93 length=764	scaffold=gi528858392	strand=-
2085_g               -            763 68811                -            553   1.8e-77  260.8   0.2   4   4   2.8e-23   7.3e-20   70.7   0.1   211   267   639   695   632   708 0.94 length=764	scaffold=gi528858392	strand=-
2176_g               -            763 68811                -            553   1.8e-77  260.8   0.2   1   4   5.6e-09   1.5e-05   23.4   0.0     2    42   185   225   184   245 0.83 length=764	scaffold=gi527314726	strand=+
2176_g               -            763 68811                -            553   1.8e-77  260.8   0.2   2   4   1.5e-10     4e-07   28.6   0.0    32   100   261   347   250   352 0.85 length=764	scaffold=gi527314726	strand=+
2176_g               -            763 68811                -            553   1.8e-77  260.8   0.2   3   4   3.8e-42     1e-38  132.9   0.0   131   213   538   620   530   629 0.93 length=764	scaffold=gi527314726	strand=+
2176_g               -            763 68811                -            553   1.8e-77  260.8   0.2   4   4   2.8e-23   7.3e-20   70.7   0.1   211   267   639   695   632   708 0.94 length=764	scaffold=gi527314726	strand=+
7014_g               -            854 68811                -            553   5.1e-49  166.9   0.0   1   4   4.7e-25   1.3e-21   76.5   0.0    98   167   185   254   170   293 0.84 length=855	scaffold=gi528858387	strand=+
7014_g               -            854 68811                -            553   5.1e-49  166.9   0.0   2   4   3.4e-07   0.00091   17.5   0.0   226   278   435   489   429   496 0.83 length=855	scaffold=gi528858387	strand=+
7014_g               -            854 68811                -            553   5.1e-49  166.9   0.0   3   4   1.7e-15   4.4e-12   45.0   0.0   288   342   593   647   585   657 0.88 length=855	scaffold=gi528858387	strand=+
7014_g               -            854 68811                -            553   5.1e-49  166.9   0.0   4   4   1.2e-08   3.2e-05   22.3   0.0   344   392   756   804   744   809 0.94 length=855	scaffold=gi528858387	strand=+
7897_g               -            854 68811                -            553   5.1e-49  166.9   0.0   1   4   4.7e-25   1.3e-21   76.5   0.0    98   167   185   254   170   293 0.84 length=855	scaffold=gi527311550	strand=-
7897_g               -            854 68811                -            553   5.1e-49  166.9   0.0   2   4   3.4e-07   0.00091   17.5   0.0   226   278   435   489   429   496 0.83 length=855	scaffold=gi527311550	strand=-
7897_g               -            854 68811                -            553   5.1e-49  166.9   0.0   3   4   1.7e-15   4.4e-12   45.0   0.0   288   342   593   647   585   657 0.88 length=855	scaffold=gi527311550	strand=-
7897_g               -            854 68811                -            553   5.1e-49  166.9   0.0   4   4   1.2e-08   3.2e-05   22.3   0.0   344   392   756   804   744   809 0.94 length=855	scaffold=gi527311550	strand=-
#
# Program:         hmmsearch
# Version:         3.4 (Aug 2023)
# Pipeline mode:   SEARCH
# Query file:      /home/inf-20-2025/Malaria/busco_downloads/lineages/apicomplexa_odb12/hmms/68811at5794.hmm
# Target file:     /home/inf-20-2025/Malaria/Results/6_nobird_annotation/T_gondii.faa
# Option settings: hmmsearch --domtblout Results/8_busco/T_gondii/run_apicomplexa_odb12/hmmer_output/initial_run_results/68811at5794.out --cpu 1 /home/inf-20-2025/Malaria/busco_downloads/lineages/apicomplexa_odb12/hmms/68811at5794.hmm /home/inf-20-2025/Malaria/Results/6_nobird_annotation/T_gondii.faa 
# Current dir:     /home/inf-20-2025/Malaria
# Date:            Wed Mar  4 18:33:24 2026
# [ok]
