#                                                                            --- full sequence --- -------------- this domain -------------   hmm coord   ali coord   env coord
# target name        accession   tlen query name           accession   qlen   E-value  score  bias   #  of  c-Evalue  i-Evalue  score  bias  from    to  from    to  from    to  acc description of target
#------------------- ---------- ----- -------------------- ---------- ----- --------- ------ ----- --- --- --------- --------- ------ ----- ----- ----- ----- ----- ----- ----- ---- ---------------------
245_g                -           1864 68836                -            815    4e-292  971.1  19.8   1   5   3.4e-65   3.8e-62  210.4   3.8     2   214   599   843   598   849 0.85 length=1865	scaffold=gi527315854	strand=+
245_g                -           1864 68836                -            815    4e-292  971.1  19.8   2   5   1.5e-54   1.7e-51  175.1   0.7   209   346   913  1067   898  1071 0.87 length=1865	scaffold=gi527315854	strand=+
245_g                -           1864 68836                -            815    4e-292  971.1  19.8   3   5  1.4e-108  1.6e-105  353.9   0.1   344   581  1196  1449  1193  1454 0.92 length=1865	scaffold=gi527315854	strand=+
245_g                -           1864 68836                -            815    4e-292  971.1  19.8   4   5     3e-09   3.4e-06   25.3   0.1   580   624  1470  1514  1463  1519 0.90 length=1865	scaffold=gi527315854	strand=+
245_g                -           1864 68836                -            815    4e-292  971.1  19.8   5   5   5.5e-66   6.2e-63  213.0   0.0   619   793  1535  1720  1527  1755 0.85 length=1865	scaffold=gi527315854	strand=+
145_g                -           2028 68836                -            815  7.9e-292  970.1  20.0   1   5   4.2e-65   4.7e-62  210.1   3.9     2   214   599   843   598   848 0.85 length=2029	scaffold=gi528858396	strand=-
145_g                -           2028 68836                -            815  7.9e-292  970.1  20.0   2   5   1.7e-54   1.9e-51  175.0   0.7   209   346   913  1067   898  1071 0.87 length=2029	scaffold=gi528858396	strand=-
145_g                -           2028 68836                -            815  7.9e-292  970.1  20.0   3   5  1.5e-108  1.8e-105  353.7   0.1   344   581  1196  1449  1193  1454 0.92 length=2029	scaffold=gi528858396	strand=-
145_g                -           2028 68836                -            815  7.9e-292  970.1  20.0   4   5   3.3e-09   3.7e-06   25.2   0.1   580   624  1470  1514  1463  1519 0.90 length=2029	scaffold=gi528858396	strand=-
145_g                -           2028 68836                -            815  7.9e-292  970.1  20.0   5   5   6.1e-66   6.9e-63  212.8   0.0   619   793  1535  1720  1527  1755 0.85 length=2029	scaffold=gi528858396	strand=-
10461_g              -           2531 68836                -            815   3.2e-24   84.9   1.2   1   5   8.4e-08   9.6e-05   20.5   0.0    20   154   382   512   369   516 0.82 length=2532	scaffold=gi528858384	strand=-
10461_g              -           2531 68836                -            815   3.2e-24   84.9   1.2   2   5      0.19   2.2e+02   -0.5   0.0   259   324   674   742   654   745 0.82 length=2532	scaffold=gi528858384	strand=-
10461_g              -           2531 68836                -            815   3.2e-24   84.9   1.2   3   5   2.4e-17   2.7e-14   52.1   0.3   328   467   793   931   781   951 0.95 length=2532	scaffold=gi528858384	strand=-
10461_g              -           2531 68836                -            815   3.2e-24   84.9   1.2   4   5     0.019        22    2.8   0.0   575   696   906  1032   901  1047 0.76 length=2532	scaffold=gi528858384	strand=-
10461_g              -           2531 68836                -            815   3.2e-24   84.9   1.2   5   5    0.0021       2.4    6.0   0.0   610   696  1184  1270  1153  1278 0.81 length=2532	scaffold=gi528858384	strand=-
12798_g              -           2531 68836                -            815   3.2e-24   84.9   1.2   1   5   8.4e-08   9.6e-05   20.5   0.0    20   154   382   512   369   516 0.82 length=2532	scaffold=gi527308853	strand=+
12798_g              -           2531 68836                -            815   3.2e-24   84.9   1.2   2   5      0.19   2.2e+02   -0.5   0.0   259   324   674   742   654   745 0.82 length=2532	scaffold=gi527308853	strand=+
12798_g              -           2531 68836                -            815   3.2e-24   84.9   1.2   3   5   2.4e-17   2.7e-14   52.1   0.3   328   467   793   931   781   951 0.95 length=2532	scaffold=gi527308853	strand=+
12798_g              -           2531 68836                -            815   3.2e-24   84.9   1.2   4   5     0.019        22    2.8   0.0   575   696   906  1032   901  1047 0.76 length=2532	scaffold=gi527308853	strand=+
12798_g              -           2531 68836                -            815   3.2e-24   84.9   1.2   5   5    0.0021       2.4    6.0   0.0   610   696  1184  1270  1153  1278 0.81 length=2532	scaffold=gi527308853	strand=+
6715_g               -           1384 68836                -            815   3.2e-22   78.3   2.6   1   2   1.9e-17   2.2e-14   52.4   0.2     3   149   384   531   382   578 0.91 length=1385	scaffold=gi528858387	strand=-
6715_g               -           1384 68836                -            815   3.2e-22   78.3   2.6   2   2   7.8e-09   8.9e-06   23.9   0.2   352   660   873  1163   853  1172 0.76 length=1385	scaffold=gi528858387	strand=-
8194_g               -           1384 68836                -            815   3.2e-22   78.3   2.6   1   2   1.9e-17   2.2e-14   52.4   0.2     3   149   384   531   382   578 0.91 length=1385	scaffold=gi527311550	strand=+
8194_g               -           1384 68836                -            815   3.2e-22   78.3   2.6   2   2   7.8e-09   8.9e-06   23.9   0.2   352   660   873  1163   853  1172 0.76 length=1385	scaffold=gi527311550	strand=+
1090_g               -            961 68836                -            815    0.0069   14.4   1.5   1   3    0.0064       7.3    4.4   0.0   377   449   405   477   388   500 0.73 length=962	scaffold=gi528858393	strand=+
1090_g               -            961 68836                -            815    0.0069   14.4   1.5   2   3    0.0077       8.7    4.1   0.0   378   426   669   717   664   721 0.90 length=962	scaffold=gi528858393	strand=+
1090_g               -            961 68836                -            815    0.0069   14.4   1.5   3   3     0.015        17    3.1   0.2   399   513   800   919   785   929 0.69 length=962	scaffold=gi528858393	strand=+
1548_g               -           1059 68836                -            815      0.01   13.8   1.5   1   3    0.0072       8.2    4.2   0.0   377   449   503   575   486   598 0.73 length=1060	scaffold=gi527315005	strand=-
1548_g               -           1059 68836                -            815      0.01   13.8   1.5   2   3    0.0086       9.7    3.9   0.0   378   426   767   815   762   819 0.90 length=1060	scaffold=gi527315005	strand=-
1548_g               -           1059 68836                -            815      0.01   13.8   1.5   3   3     0.017        20    2.9   0.2   399   513   898  1017   883  1027 0.69 length=1060	scaffold=gi527315005	strand=-
1014_g               -             68 68836                -            815     0.036   12.0   0.0   1   1   3.3e-05     0.037   12.0   0.0   376   426     1    52     1    66 0.83 length=69	scaffold=gi528858394	strand=-
1831_g               -             68 68836                -            815     0.036   12.0   0.0   1   1   3.3e-05     0.037   12.0   0.0   376   426     1    52     1    66 0.83 length=69	scaffold=gi527315322	strand=-
6858_g               -           3439 68836                -            815     0.045   11.7   0.1   1   5      0.01        12    3.7   0.0   555   699  1935  2077  1843  2084 0.51 length=3440	scaffold=gi528858387	strand=-
6858_g               -           3439 68836                -            815     0.045   11.7   0.1   2   5       1.8   2.1e+03   -3.7   0.0   398   681  2243  2270  2194  2293 0.55 length=3440	scaffold=gi528858387	strand=-
6858_g               -           3439 68836                -            815     0.045   11.7   0.1   3   5       1.4   1.6e+03   -3.4   0.0   723   752  2336  2365  2335  2389 0.67 length=3440	scaffold=gi528858387	strand=-
6858_g               -           3439 68836                -            815     0.045   11.7   0.1   4   5     0.015        17    3.1   0.0   333   417  2519  2603  2481  2615 0.76 length=3440	scaffold=gi528858387	strand=-
6858_g               -           3439 68836                -            815     0.045   11.7   0.1   5   5       1.4   1.6e+03   -3.4   0.0   584   621  3053  3090  3048  3097 0.81 length=3440	scaffold=gi528858387	strand=-
8055_g               -           3439 68836                -            815     0.045   11.7   0.1   1   5      0.01        12    3.7   0.0   555   699  1935  2077  1843  2084 0.51 length=3440	scaffold=gi527311550	strand=+
8055_g               -           3439 68836                -            815     0.045   11.7   0.1   2   5       1.8   2.1e+03   -3.7   0.0   398   681  2243  2270  2194  2293 0.55 length=3440	scaffold=gi527311550	strand=+
8055_g               -           3439 68836                -            815     0.045   11.7   0.1   3   5       1.4   1.6e+03   -3.4   0.0   723   752  2336  2365  2335  2389 0.67 length=3440	scaffold=gi527311550	strand=+
8055_g               -           3439 68836                -            815     0.045   11.7   0.1   4   5     0.015        17    3.1   0.0   333   417  2519  2603  2481  2615 0.76 length=3440	scaffold=gi527311550	strand=+
8055_g               -           3439 68836                -            815     0.045   11.7   0.1   5   5       1.4   1.6e+03   -3.4   0.0   584   621  3053  3090  3048  3097 0.81 length=3440	scaffold=gi527311550	strand=+
3029_g               -           1825 68836                -            815     0.073   11.0   8.1   1   5   0.00017      0.19    9.6   0.2     3    94    20   108    18   126 0.81 length=1826	scaffold=gi528858386	strand=-
3029_g               -           1825 68836                -            815     0.073   11.0   8.1   2   5      0.06        68    1.2   0.2   322   383   348   410   342   417 0.71 length=1826	scaffold=gi528858386	strand=-
3029_g               -           1825 68836                -            815     0.073   11.0   8.1   3   5     0.079        90    0.8   0.1   499   544   478   525   469   534 0.68 length=1826	scaffold=gi528858386	strand=-
3029_g               -           1825 68836                -            815     0.073   11.0   8.1   4   5      0.23   2.6e+02   -0.8   0.0   657   698   697   738   682   748 0.73 length=1826	scaffold=gi528858386	strand=-
3029_g               -           1825 68836                -            815     0.073   11.0   8.1   5   5       1.9   2.2e+03   -3.8   0.0   285   330   927   973   926   974 0.78 length=1826	scaffold=gi528858386	strand=-
3710_g               -           1825 68836                -            815     0.073   11.0   8.1   1   5   0.00017      0.19    9.6   0.2     3    94    20   108    18   126 0.81 length=1826	scaffold=gi527310709	strand=-
3710_g               -           1825 68836                -            815     0.073   11.0   8.1   2   5      0.06        68    1.2   0.2   322   383   348   410   342   417 0.71 length=1826	scaffold=gi527310709	strand=-
3710_g               -           1825 68836                -            815     0.073   11.0   8.1   3   5     0.079        90    0.8   0.1   499   544   478   525   469   534 0.68 length=1826	scaffold=gi527310709	strand=-
3710_g               -           1825 68836                -            815     0.073   11.0   8.1   4   5      0.23   2.6e+02   -0.8   0.0   657   698   697   738   682   748 0.73 length=1826	scaffold=gi527310709	strand=-
3710_g               -           1825 68836                -            815     0.073   11.0   8.1   5   5       1.9   2.2e+03   -3.8   0.0   285   330   927   973   926   974 0.78 length=1826	scaffold=gi527310709	strand=-
#
# Program:         hmmsearch
# Version:         3.4 (Aug 2023)
# Pipeline mode:   SEARCH
# Query file:      /home/inf-20-2025/Malaria/busco_downloads/lineages/apicomplexa_odb12/hmms/68836at5794.hmm
# Target file:     /home/inf-20-2025/Malaria/Results/6_nobird_annotation/T_gondii.faa
# Option settings: hmmsearch --domtblout Results/8_busco/T_gondii/run_apicomplexa_odb12/hmmer_output/initial_run_results/68836at5794.out --cpu 1 /home/inf-20-2025/Malaria/busco_downloads/lineages/apicomplexa_odb12/hmms/68836at5794.hmm /home/inf-20-2025/Malaria/Results/6_nobird_annotation/T_gondii.faa 
# Current dir:     /home/inf-20-2025/Malaria
# Date:            Wed Mar  4 18:33:25 2026
# [ok]
