#                                                                            --- full sequence --- -------------- this domain -------------   hmm coord   ali coord   env coord
# target name        accession   tlen query name           accession   qlen   E-value  score  bias   #  of  c-Evalue  i-Evalue  score  bias  from    to  from    to  from    to  acc description of target
#------------------- ---------- ----- -------------------- ---------- ----- --------- ------ ----- --- --- --------- --------- ------ ----- ----- ----- ----- ----- ----- ----- ---- ---------------------
7097_g               -           1105 68879                -            385  6.4e-134  446.1   0.5   1   5   6.8e-36   5.4e-32  110.5   0.0     7    85   267   346   262   364 0.89 length=1106	scaffold=gi528858387	strand=+
7097_g               -           1105 68879                -            385  6.4e-134  446.1   0.5   2   5    0.0013        10    4.3   0.0    80   101   457   478   446   484 0.80 length=1106	scaffold=gi528858387	strand=+
7097_g               -           1105 68879                -            385  6.4e-134  446.1   0.5   3   5   1.3e-10     1e-06   27.3   0.0    99   137   511   549   496   553 0.89 length=1106	scaffold=gi528858387	strand=+
7097_g               -           1105 68879                -            385  6.4e-134  446.1   0.5   4   5   9.6e-15   7.7e-11   40.9   0.0   174   208   685   719   681   725 0.94 length=1106	scaffold=gi528858387	strand=+
7097_g               -           1105 68879                -            385  6.4e-134  446.1   0.5   5   5   3.5e-80   2.8e-76  256.3   0.0   206   379   856  1039   852  1051 0.90 length=1106	scaffold=gi528858387	strand=+
7819_g               -           1234 68879                -            385  1.2e-133  445.1   0.5   1   5   7.8e-36   6.2e-32  110.3   0.0     7    85   396   475   391   493 0.89 length=1235	scaffold=gi527311550	strand=-
7819_g               -           1234 68879                -            385  1.2e-133  445.1   0.5   2   5    0.0015        12    4.1   0.0    80   101   586   607   575   613 0.80 length=1235	scaffold=gi527311550	strand=-
7819_g               -           1234 68879                -            385  1.2e-133  445.1   0.5   3   5   1.5e-10   1.2e-06   27.1   0.0    99   137   640   678   625   682 0.89 length=1235	scaffold=gi527311550	strand=-
7819_g               -           1234 68879                -            385  1.2e-133  445.1   0.5   4   5   1.1e-14   8.7e-11   40.7   0.0   174   208   814   848   810   854 0.94 length=1235	scaffold=gi527311550	strand=-
7819_g               -           1234 68879                -            385  1.2e-133  445.1   0.5   5   5   4.1e-80   3.3e-76  256.1   0.0   206   379   985  1168   981  1180 0.90 length=1235	scaffold=gi527311550	strand=-
#
# Program:         hmmsearch
# Version:         3.4 (Aug 2023)
# Pipeline mode:   SEARCH
# Query file:      /home/inf-20-2025/Malaria/busco_downloads/lineages/apicomplexa_odb12/hmms/68879at5794.hmm
# Target file:     /home/inf-20-2025/Malaria/Results/6_nobird_annotation/T_gondii.faa
# Option settings: hmmsearch --domtblout Results/8_busco/T_gondii/run_apicomplexa_odb12/hmmer_output/initial_run_results/68879at5794.out --cpu 1 /home/inf-20-2025/Malaria/busco_downloads/lineages/apicomplexa_odb12/hmms/68879at5794.hmm /home/inf-20-2025/Malaria/Results/6_nobird_annotation/T_gondii.faa 
# Current dir:     /home/inf-20-2025/Malaria
# Date:            Wed Mar  4 18:33:30 2026
# [ok]
