#                                                                            --- full sequence --- -------------- this domain -------------   hmm coord   ali coord   env coord
# target name        accession   tlen query name           accession   qlen   E-value  score  bias   #  of  c-Evalue  i-Evalue  score  bias  from    to  from    to  from    to  acc description of target
#------------------- ---------- ----- -------------------- ---------- ----- --------- ------ ----- --- --- --------- --------- ------ ----- ----- ----- ----- ----- ----- ----- ---- ---------------------
3041_g               -            966 68886                -            690  4.7e-292  970.3  10.8   1   2   1.2e-98   3.2e-95  319.8   0.1     5   285    48   340    44   345 0.93 length=967	scaffold=gi528858386	strand=+
3041_g               -            966 68886                -            690  4.7e-292  970.3  10.8   2   2  4.3e-199  1.1e-195  651.8   7.6   278   689   366   789   360   790 0.96 length=967	scaffold=gi528858386	strand=+
3722_g               -            966 68886                -            690  4.7e-292  970.3  10.8   1   2   1.2e-98   3.2e-95  319.8   0.1     5   285    48   340    44   345 0.93 length=967	scaffold=gi527310709	strand=+
3722_g               -            966 68886                -            690  4.7e-292  970.3  10.8   2   2  4.3e-199  1.1e-195  651.8   7.6   278   689   366   789   360   790 0.96 length=967	scaffold=gi527310709	strand=+
4741_g               -           1324 68886                -            690   1.4e-10   40.0   3.9   1   3   5.9e-08   0.00016   20.0   1.5    13   253   468   701   425   703 0.78 length=1325	scaffold=gi528858389	strand=+
4741_g               -           1324 68886                -            690   1.4e-10   40.0   3.9   2   3   9.8e-07    0.0026   16.0   0.1   519   632   623   731   615   735 0.83 length=1325	scaffold=gi528858389	strand=+
4741_g               -           1324 68886                -            690   1.4e-10   40.0   3.9   3   3   6.1e-06     0.016   13.4   0.0    11   179   737   905   732   923 0.80 length=1325	scaffold=gi528858389	strand=+
5213_g               -           1324 68886                -            690   1.4e-10   40.0   3.9   1   3   5.9e-08   0.00016   20.0   1.5    13   253   468   701   425   703 0.78 length=1325	scaffold=gi527313191	strand=+
5213_g               -           1324 68886                -            690   1.4e-10   40.0   3.9   2   3   9.8e-07    0.0026   16.0   0.1   519   632   623   731   615   735 0.83 length=1325	scaffold=gi527313191	strand=+
5213_g               -           1324 68886                -            690   1.4e-10   40.0   3.9   3   3   6.1e-06     0.016   13.4   0.0    11   179   737   905   732   923 0.80 length=1325	scaffold=gi527313191	strand=+
7360_g               -            945 68886                -            690   1.7e-10   39.7  16.7   1   5   6.4e-06     0.017   13.3   0.3   590   660    24    90    11    94 0.74 length=946	scaffold=gi528858387	strand=-
7360_g               -            945 68886                -            690   1.7e-10   39.7  16.7   2   5       0.3     8e+02   -2.1   0.0    91   383   208   233   199   239 0.55 length=946	scaffold=gi528858387	strand=-
7360_g               -            945 68886                -            690   1.7e-10   39.7  16.7   3   5   6.6e-08   0.00018   19.9   1.6    31   133   470   578   460   597 0.67 length=946	scaffold=gi528858387	strand=-
7360_g               -            945 68886                -            690   1.7e-10   39.7  16.7   4   5      0.43   1.1e+03   -2.7   0.1   386   420   677   711   672   715 0.76 length=946	scaffold=gi528858387	strand=-
7360_g               -            945 68886                -            690   1.7e-10   39.7  16.7   5   5     2e-06    0.0053   15.0   0.1   427   656   771   817   746   839 0.64 length=946	scaffold=gi528858387	strand=-
7558_g               -            945 68886                -            690   1.7e-10   39.7  16.7   1   5   6.4e-06     0.017   13.3   0.3   590   660    24    90    11    94 0.74 length=946	scaffold=gi527311550	strand=+
7558_g               -            945 68886                -            690   1.7e-10   39.7  16.7   2   5       0.3     8e+02   -2.1   0.0    91   383   208   233   199   239 0.55 length=946	scaffold=gi527311550	strand=+
7558_g               -            945 68886                -            690   1.7e-10   39.7  16.7   3   5   6.6e-08   0.00018   19.9   1.6    31   133   470   578   460   597 0.67 length=946	scaffold=gi527311550	strand=+
7558_g               -            945 68886                -            690   1.7e-10   39.7  16.7   4   5      0.43   1.1e+03   -2.7   0.1   386   420   677   711   672   715 0.76 length=946	scaffold=gi527311550	strand=+
7558_g               -            945 68886                -            690   1.7e-10   39.7  16.7   5   5     2e-06    0.0053   15.0   0.1   427   656   771   817   746   839 0.64 length=946	scaffold=gi527311550	strand=+
#
# Program:         hmmsearch
# Version:         3.4 (Aug 2023)
# Pipeline mode:   SEARCH
# Query file:      /home/inf-20-2025/Malaria/busco_downloads/lineages/apicomplexa_odb12/hmms/68886at5794.hmm
# Target file:     /home/inf-20-2025/Malaria/Results/6_nobird_annotation/T_gondii.faa
# Option settings: hmmsearch --domtblout Results/8_busco/T_gondii/run_apicomplexa_odb12/hmmer_output/initial_run_results/68886at5794.out --cpu 1 /home/inf-20-2025/Malaria/busco_downloads/lineages/apicomplexa_odb12/hmms/68886at5794.hmm /home/inf-20-2025/Malaria/Results/6_nobird_annotation/T_gondii.faa 
# Current dir:     /home/inf-20-2025/Malaria
# Date:            Wed Mar  4 18:33:26 2026
# [ok]
