#                                                                            --- full sequence --- -------------- this domain -------------   hmm coord   ali coord   env coord
# target name        accession   tlen query name           accession   qlen   E-value  score  bias   #  of  c-Evalue  i-Evalue  score  bias  from    to  from    to  from    to  acc description of target
#------------------- ---------- ----- -------------------- ---------- ----- --------- ------ ----- --- --- --------- --------- ------ ----- ----- ----- ----- ----- ----- ----- ---- ---------------------
3074_g               -            830 68895                -            471  6.3e-144  479.7  10.3   1   4   3.1e-14   2.2e-11   42.7   0.1    96   169    47   137    43   163 0.71 length=831	scaffold=gi528858386	strand=+
3074_g               -            830 68895                -            471  6.3e-144  479.7  10.3   2   4       7.4   5.4e+03   -4.7   3.9    19    50   177   208   159   231 0.50 length=831	scaffold=gi528858386	strand=+
3074_g               -            830 68895                -            471  6.3e-144  479.7  10.3   3   4   8.4e-28   6.1e-25   87.4   0.0   194   244   354   404   342   409 0.96 length=831	scaffold=gi528858386	strand=+
3074_g               -            830 68895                -            471  6.3e-144  479.7  10.3   4   4  2.9e-108  2.1e-105  352.7   0.0   242   466   476   706   475   713 0.92 length=831	scaffold=gi528858386	strand=+
3755_g               -            830 68895                -            471  6.3e-144  479.7  10.3   1   4   3.1e-14   2.2e-11   42.7   0.1    96   169    47   137    43   163 0.71 length=831	scaffold=gi527310709	strand=+
3755_g               -            830 68895                -            471  6.3e-144  479.7  10.3   2   4       7.4   5.4e+03   -4.7   3.9    19    50   177   208   159   231 0.50 length=831	scaffold=gi527310709	strand=+
3755_g               -            830 68895                -            471  6.3e-144  479.7  10.3   3   4   8.4e-28   6.1e-25   87.4   0.0   194   244   354   404   342   409 0.96 length=831	scaffold=gi527310709	strand=+
3755_g               -            830 68895                -            471  6.3e-144  479.7  10.3   4   4  2.9e-108  2.1e-105  352.7   0.0   242   466   476   706   475   713 0.92 length=831	scaffold=gi527310709	strand=+
4832_g               -            923 68895                -            471   2.8e-58  197.4   0.0   1   3   6.6e-21   4.7e-18   64.7   0.0   162   276   138   251   112   256 0.82 length=924	scaffold=gi528858389	strand=+
4832_g               -            923 68895                -            471   2.8e-58  197.4   0.0   2   3   5.2e-19   3.8e-16   58.4   0.0   294   361   460   530   455   534 0.81 length=924	scaffold=gi528858389	strand=+
4832_g               -            923 68895                -            471   2.8e-58  197.4   0.0   3   3   1.9e-22   1.3e-19   69.8   0.0   355   462   553   660   543   664 0.92 length=924	scaffold=gi528858389	strand=+
5304_g               -            923 68895                -            471   2.8e-58  197.4   0.0   1   3   6.6e-21   4.7e-18   64.7   0.0   162   276   138   251   112   256 0.82 length=924	scaffold=gi527313191	strand=+
5304_g               -            923 68895                -            471   2.8e-58  197.4   0.0   2   3   5.2e-19   3.8e-16   58.4   0.0   294   361   460   530   455   534 0.81 length=924	scaffold=gi527313191	strand=+
5304_g               -            923 68895                -            471   2.8e-58  197.4   0.0   3   3   1.9e-22   1.3e-19   69.8   0.0   355   462   553   660   543   664 0.92 length=924	scaffold=gi527313191	strand=+
723_g                -           2699 68895                -            471   2.3e-24   85.5   1.6   1   4   3.5e-05     0.025   12.9   0.2   192   234  1977  2019  1971  2020 0.93 length=2700	scaffold=gi527315607	strand=+
723_g                -           2699 68895                -            471   2.3e-24   85.5   1.6   2   4     6e-06    0.0043   15.4   0.0   233   267  2084  2118  2070  2129 0.80 length=2700	scaffold=gi527315607	strand=+
723_g                -           2699 68895                -            471   2.3e-24   85.5   1.6   3   4   3.4e-14   2.5e-11   42.6   0.0   297   358  2247  2309  2237  2317 0.86 length=2700	scaffold=gi527315607	strand=+
723_g                -           2699 68895                -            471   2.3e-24   85.5   1.6   4   4   0.00025      0.18   10.0   0.0   402   464  2455  2519  2450  2525 0.78 length=2700	scaffold=gi527315607	strand=+
452_g                -           2943 68895                -            471   3.4e-24   85.0   1.6   1   4   3.8e-05     0.027   12.7   0.2   192   234  2221  2263  2215  2264 0.93 length=2944	scaffold=gi528858395	strand=-
452_g                -           2943 68895                -            471   3.4e-24   85.0   1.6   2   4   6.5e-06    0.0047   15.3   0.0   233   267  2328  2362  2314  2373 0.80 length=2944	scaffold=gi528858395	strand=-
452_g                -           2943 68895                -            471   3.4e-24   85.0   1.6   3   4   3.8e-14   2.7e-11   42.4   0.0   297   358  2491  2553  2481  2561 0.86 length=2944	scaffold=gi528858395	strand=-
452_g                -           2943 68895                -            471   3.4e-24   85.0   1.6   4   4   0.00028       0.2    9.9   0.0   402   464  2699  2763  2694  2769 0.78 length=2944	scaffold=gi528858395	strand=-
2214_g               -           1270 68895                -            471   3.3e-07   29.0   0.0   1   2   2.3e-05     0.017   13.4   0.0   299   327   686   714   680   730 0.84 length=1271	scaffold=gi527314726	strand=+
2214_g               -           1270 68895                -            471   3.3e-07   29.0   0.0   2   2   3.3e-05     0.024   12.9   0.0   294   332   956   994   939   997 0.92 length=1271	scaffold=gi527314726	strand=+
2044_g               -           1361 68895                -            471   3.9e-07   28.7   0.0   1   2   2.5e-05     0.018   13.3   0.0   299   327   686   714   680   730 0.84 length=1362	scaffold=gi528858392	strand=-
2044_g               -           1361 68895                -            471   3.9e-07   28.7   0.0   2   2   3.6e-05     0.026   12.8   0.0   294   332   956   994   939   997 0.92 length=1362	scaffold=gi528858392	strand=-
5749_g               -            725 68895                -            471   2.2e-05   22.9   0.0   1   1   6.4e-08   4.6e-05   21.9   0.0   301   360   182   243   149   269 0.83 length=726	scaffold=gi528858388	strand=-
6499_g               -            725 68895                -            471   2.2e-05   22.9   0.0   1   1   6.4e-08   4.6e-05   21.9   0.0   301   360   182   243   149   269 0.83 length=726	scaffold=gi527312496	strand=+
4554_g               -           1368 68895                -            471    0.0013   17.1   0.0   1   1   3.6e-06    0.0026   16.1   0.0   298   359   529   592   523   627 0.68 length=1369	scaffold=gi528858390	strand=+
8569_g               -           1368 68895                -            471    0.0013   17.1   0.0   1   1   3.6e-06    0.0026   16.1   0.0   298   359   529   592   523   627 0.68 length=1369	scaffold=gi527313757	strand=+
13022_g              -            471 68895                -            471    0.0056   15.0   0.0   1   1   1.4e-05      0.01   14.1   0.0   294   321    94   121    86   126 0.89 length=472	scaffold=gi527309735	strand=-
9642_g               -            471 68895                -            471    0.0056   15.0   0.0   1   1   1.4e-05      0.01   14.1   0.0   294   321    94   121    86   126 0.89 length=472	scaffold=gi528858385	strand=+
6981_g               -            738 68895                -            471    0.0077   14.6   0.0   1   2   3.8e-05     0.028   12.7   0.0   298   352   179   245   173   254 0.63 length=739	scaffold=gi528858387	strand=-
6981_g               -            738 68895                -            471    0.0077   14.6   0.0   2   2      0.95   6.9e+02   -1.8   0.0   230   251   489   510   484   521 0.73 length=739	scaffold=gi528858387	strand=-
7931_g               -            738 68895                -            471    0.0077   14.6   0.0   1   2   3.8e-05     0.028   12.7   0.0   298   352   179   245   173   254 0.63 length=739	scaffold=gi527311550	strand=+
7931_g               -            738 68895                -            471    0.0077   14.6   0.0   2   2      0.95   6.9e+02   -1.8   0.0   230   251   489   510   484   521 0.73 length=739	scaffold=gi527311550	strand=+
10356_g              -            992 68895                -            471     0.012   13.9   0.0   1   1   3.2e-05     0.023   13.0   0.0   298   317   490   509   483   523 0.83 length=993	scaffold=gi528858384	strand=+
12168_g              -            992 68895                -            471     0.012   13.9   0.0   1   1   3.2e-05     0.023   13.0   0.0   298   317   490   509   483   523 0.83 length=993	scaffold=gi527308984	strand=-
10426_g              -            892 68895                -            471     0.013   13.8   0.0   1   1   3.5e-05     0.025   12.9   0.0   204   261   173   228   162   241 0.82 length=893	scaffold=gi528858384	strand=-
12833_g              -            892 68895                -            471     0.013   13.8   0.0   1   1   3.5e-05     0.025   12.9   0.0   204   261   173   228   162   241 0.82 length=893	scaffold=gi527308853	strand=+
10629_g              -           1223 68895                -            471      0.03   12.6   0.0   1   2     0.056        40    2.3   0.0   205   248   671   712   664   716 0.85 length=1224	scaffold=gi528858383	strand=-
10629_g              -           1223 68895                -            471      0.03   12.6   0.0   2   2    0.0017       1.2    7.3   0.0   299   322   892   915   884   926 0.80 length=1224	scaffold=gi528858383	strand=-
11426_g              -           1223 68895                -            471      0.03   12.6   0.0   1   2     0.056        40    2.3   0.0   205   248   671   712   664   716 0.85 length=1224	scaffold=gi527307902	strand=-
11426_g              -           1223 68895                -            471      0.03   12.6   0.0   2   2    0.0017       1.2    7.3   0.0   299   322   892   915   884   926 0.80 length=1224	scaffold=gi527307902	strand=-
#
# Program:         hmmsearch
# Version:         3.4 (Aug 2023)
# Pipeline mode:   SEARCH
# Query file:      /home/inf-20-2025/Malaria/busco_downloads/lineages/apicomplexa_odb12/hmms/68895at5794.hmm
# Target file:     /home/inf-20-2025/Malaria/Results/6_nobird_annotation/T_gondii.faa
# Option settings: hmmsearch --domtblout Results/8_busco/T_gondii/run_apicomplexa_odb12/hmmer_output/initial_run_results/68895at5794.out --cpu 1 /home/inf-20-2025/Malaria/busco_downloads/lineages/apicomplexa_odb12/hmms/68895at5794.hmm /home/inf-20-2025/Malaria/Results/6_nobird_annotation/T_gondii.faa 
# Current dir:     /home/inf-20-2025/Malaria
# Date:            Wed Mar  4 18:33:31 2026
# [ok]
