#                                                                            --- full sequence --- -------------- this domain -------------   hmm coord   ali coord   env coord
# target name        accession   tlen query name           accession   qlen   E-value  score  bias   #  of  c-Evalue  i-Evalue  score  bias  from    to  from    to  from    to  acc description of target
#------------------- ---------- ----- -------------------- ---------- ----- --------- ------ ----- --- --- --------- --------- ------ ----- ----- ----- ----- ----- ----- ----- ---- ---------------------
2916_g               -           2499 68910                -           1563         0 2054.4  29.2   1   7   3.5e-65   9.2e-62  208.4   0.0     8   173   481   667   476   670 0.87 length=2500	scaffold=gi528858386	strand=-
2916_g               -           2499 68910                -           1563         0 2054.4  29.2   2   7   2.8e-30   7.3e-27   92.7   0.0   173   247   698   775   696   788 0.88 length=2500	scaffold=gi528858386	strand=-
2916_g               -           2499 68910                -           1563         0 2054.4  29.2   3   7  8.7e-278  2.3e-274  913.0   0.2   247   883   825  1504   812  1514 0.92 length=2500	scaffold=gi528858386	strand=-
2916_g               -           2499 68910                -           1563         0 2054.4  29.2   4   7  6.4e-147  1.7e-143  479.3   7.3   906  1257  1597  1964  1594  1973 0.94 length=2500	scaffold=gi528858386	strand=-
2916_g               -           2499 68910                -           1563         0 2054.4  29.2   5   7   6.4e-33   1.7e-29  101.4   0.1  1256  1341  1995  2082  1993  2086 0.92 length=2500	scaffold=gi528858386	strand=-
2916_g               -           2499 68910                -           1563         0 2054.4  29.2   6   7   5.6e-48   1.5e-44  151.3   1.3  1338  1458  2149  2269  2146  2280 0.97 length=2500	scaffold=gi528858386	strand=-
2916_g               -           2499 68910                -           1563         0 2054.4  29.2   7   7   1.8e-37   4.9e-34  116.5   0.0  1462  1562  2322  2423  2320  2424 0.96 length=2500	scaffold=gi528858386	strand=-
3597_g               -           2499 68910                -           1563         0 2054.4  29.2   1   7   3.5e-65   9.2e-62  208.4   0.0     8   173   481   667   476   670 0.87 length=2500	scaffold=gi527310881	strand=-
3597_g               -           2499 68910                -           1563         0 2054.4  29.2   2   7   2.8e-30   7.3e-27   92.7   0.0   173   247   698   775   696   788 0.88 length=2500	scaffold=gi527310881	strand=-
3597_g               -           2499 68910                -           1563         0 2054.4  29.2   3   7  8.7e-278  2.3e-274  913.0   0.2   247   883   825  1504   812  1514 0.92 length=2500	scaffold=gi527310881	strand=-
3597_g               -           2499 68910                -           1563         0 2054.4  29.2   4   7  6.4e-147  1.7e-143  479.3   7.3   906  1257  1597  1964  1594  1973 0.94 length=2500	scaffold=gi527310881	strand=-
3597_g               -           2499 68910                -           1563         0 2054.4  29.2   5   7   6.4e-33   1.7e-29  101.4   0.1  1256  1341  1995  2082  1993  2086 0.92 length=2500	scaffold=gi527310881	strand=-
3597_g               -           2499 68910                -           1563         0 2054.4  29.2   6   7   5.6e-48   1.5e-44  151.3   1.3  1338  1458  2149  2269  2146  2280 0.97 length=2500	scaffold=gi527310881	strand=-
3597_g               -           2499 68910                -           1563         0 2054.4  29.2   7   7   1.8e-37   4.9e-34  116.5   0.0  1462  1562  2322  2423  2320  2424 0.96 length=2500	scaffold=gi527310881	strand=-
6063_g               -            700 68910                -           1563   3.9e-06   24.0   1.3   1   3   1.5e-08   3.8e-05   20.7   0.2  1003  1192   275   479   269   484 0.72 length=701	scaffold=gi528858388	strand=-
6063_g               -            700 68910                -           1563   3.9e-06   24.0   1.3   2   3      0.11     3e+02   -2.2   0.0  1154  1204   499   549   495   574 0.75 length=701	scaffold=gi528858388	strand=-
6063_g               -            700 68910                -           1563   3.9e-06   24.0   1.3   3   3     0.016        43    0.6   0.0  1016  1044   562   590   552   600 0.84 length=701	scaffold=gi528858388	strand=-
6189_g               -            700 68910                -           1563   3.9e-06   24.0   1.3   1   3   1.5e-08   3.8e-05   20.7   0.2  1003  1192   275   479   269   484 0.72 length=701	scaffold=gi527312496	strand=+
6189_g               -            700 68910                -           1563   3.9e-06   24.0   1.3   2   3      0.11     3e+02   -2.2   0.0  1154  1204   499   549   495   574 0.75 length=701	scaffold=gi527312496	strand=+
6189_g               -            700 68910                -           1563   3.9e-06   24.0   1.3   3   3     0.016        43    0.6   0.0  1016  1044   562   590   552   600 0.84 length=701	scaffold=gi527312496	strand=+
10709_g              -            476 68910                -           1563     0.097    9.4   0.1   1   1   5.3e-05      0.14    8.9   0.1  1198  1327   165   294   158   303 0.80 length=477	scaffold=gi528858383	strand=-
11506_g              -            476 68910                -           1563     0.097    9.4   0.1   1   1   5.3e-05      0.14    8.9   0.1  1198  1327   165   294   158   303 0.80 length=477	scaffold=gi527307902	strand=-
#
# Program:         hmmsearch
# Version:         3.4 (Aug 2023)
# Pipeline mode:   SEARCH
# Query file:      /home/inf-20-2025/Malaria/busco_downloads/lineages/apicomplexa_odb12/hmms/68910at5794.hmm
# Target file:     /home/inf-20-2025/Malaria/Results/6_nobird_annotation/T_gondii.faa
# Option settings: hmmsearch --domtblout Results/8_busco/T_gondii/run_apicomplexa_odb12/hmmer_output/initial_run_results/68910at5794.out --cpu 1 /home/inf-20-2025/Malaria/busco_downloads/lineages/apicomplexa_odb12/hmms/68910at5794.hmm /home/inf-20-2025/Malaria/Results/6_nobird_annotation/T_gondii.faa 
# Current dir:     /home/inf-20-2025/Malaria
# Date:            Wed Mar  4 18:33:37 2026
# [ok]
