#                                                                            --- full sequence --- -------------- this domain -------------   hmm coord   ali coord   env coord
# target name        accession   tlen query name           accession   qlen   E-value  score  bias   #  of  c-Evalue  i-Evalue  score  bias  from    to  from    to  from    to  acc description of target
#------------------- ---------- ----- -------------------- ---------- ----- --------- ------ ----- --- --- --------- --------- ------ ----- ----- ----- ----- ----- ----- ----- ---- ---------------------
5747_g               -           2334 68925                -            590  1.9e-183  610.8   0.0   1   4   8.2e-48   6.5e-44  150.1   0.0     4   122  1448  1568  1445  1574 0.94 length=2335	scaffold=gi528858388	strand=+
5747_g               -           2334 68925                -            590  1.9e-183  610.8   0.0   2   4     0.048   3.8e+02   -1.0   0.0   122   149  1602  1630  1585  1631 0.78 length=2335	scaffold=gi528858388	strand=+
5747_g               -           2334 68925                -            590  1.9e-183  610.8   0.0   3   4   2.4e-19   1.9e-15   56.1   0.0   181   263  1629  1729  1612  1749 0.81 length=2335	scaffold=gi528858388	strand=+
5747_g               -           2334 68925                -            590  1.9e-183  610.8   0.0   4   4  2.7e-123  2.1e-119  399.4   0.0   255   521  1750  2026  1734  2046 0.92 length=2335	scaffold=gi528858388	strand=+
6501_g               -           2386 68925                -            590  2.1e-183  610.7   0.0   1   4   8.5e-48   6.7e-44  150.1   0.0     4   122  1500  1620  1497  1626 0.94 length=2387	scaffold=gi527312496	strand=-
6501_g               -           2386 68925                -            590  2.1e-183  610.7   0.0   2   4     0.041   3.3e+02   -0.8   0.0   122   149  1654  1682  1637  1684 0.78 length=2387	scaffold=gi527312496	strand=-
6501_g               -           2386 68925                -            590  2.1e-183  610.7   0.0   3   4   2.4e-19   1.9e-15   56.1   0.0   181   263  1681  1781  1664  1801 0.81 length=2387	scaffold=gi527312496	strand=-
6501_g               -           2386 68925                -            590  2.1e-183  610.7   0.0   4   4  2.7e-123  2.2e-119  399.3   0.0   255   521  1802  2078  1786  2098 0.92 length=2387	scaffold=gi527312496	strand=-
#
# Program:         hmmsearch
# Version:         3.4 (Aug 2023)
# Pipeline mode:   SEARCH
# Query file:      /home/inf-20-2025/Malaria/busco_downloads/lineages/apicomplexa_odb12/hmms/68925at5794.hmm
# Target file:     /home/inf-20-2025/Malaria/Results/6_nobird_annotation/T_gondii.faa
# Option settings: hmmsearch --domtblout Results/8_busco/T_gondii/run_apicomplexa_odb12/hmmer_output/initial_run_results/68925at5794.out --cpu 1 /home/inf-20-2025/Malaria/busco_downloads/lineages/apicomplexa_odb12/hmms/68925at5794.hmm /home/inf-20-2025/Malaria/Results/6_nobird_annotation/T_gondii.faa 
# Current dir:     /home/inf-20-2025/Malaria
# Date:            Wed Mar  4 18:33:28 2026
# [ok]
