#                                                                            --- full sequence --- -------------- this domain -------------   hmm coord   ali coord   env coord
# target name        accession   tlen query name           accession   qlen   E-value  score  bias   #  of  c-Evalue  i-Evalue  score  bias  from    to  from    to  from    to  acc description of target
#------------------- ---------- ----- -------------------- ---------- ----- --------- ------ ----- --- --- --------- --------- ------ ----- ----- ----- ----- ----- ----- ----- ---- ---------------------
10066_g              -           1320 68951                -            762  3.7e-272  904.7   0.0   1   2  6.6e-142  4.7e-139  464.5   0.0   109   476   566   945   513   949 0.89 length=1321	scaffold=gi528858384	strand=+
10066_g              -           1320 68951                -            762  3.7e-272  904.7   0.0   2   2    7e-134    5e-131  438.0   0.0   426   758   951  1284   947  1288 0.97 length=1321	scaffold=gi528858384	strand=+
12455_g              -           1320 68951                -            762  3.7e-272  904.7   0.0   1   2  6.6e-142  4.7e-139  464.5   0.0   109   476   566   945   513   949 0.89 length=1321	scaffold=gi527308984	strand=-
12455_g              -           1320 68951                -            762  3.7e-272  904.7   0.0   2   2    7e-134    5e-131  438.0   0.0   426   758   951  1284   947  1288 0.97 length=1321	scaffold=gi527308984	strand=-
6992_g               -            958 68951                -            762  3.2e-251  835.4   0.0   1   1  5.7e-254  4.1e-251  835.1   0.0   131   760   269   914   264   916 0.95 length=959	scaffold=gi528858387	strand=+
7920_g               -            958 68951                -            762  3.2e-251  835.4   0.0   1   1  5.7e-254  4.1e-251  835.1   0.0   131   760   269   914   264   916 0.95 length=959	scaffold=gi527311550	strand=-
5833_g               -           1513 68951                -            762  8.5e-222  738.1   3.7   1   4     6e-24   4.3e-21   74.5   0.1    78   189   418   529   393   536 0.80 length=1514	scaffold=gi528858388	strand=-
5833_g               -           1513 68951                -            762  8.5e-222  738.1   3.7   2   4   2.5e-68   1.8e-65  221.2   0.0   190   349   582   741   577   745 0.98 length=1514	scaffold=gi528858388	strand=-
5833_g               -           1513 68951                -            762  8.5e-222  738.1   3.7   3   4  3.2e-116  2.3e-113  379.6   0.0   351   647   809  1104   806  1109 0.97 length=1514	scaffold=gi528858388	strand=-
5833_g               -           1513 68951                -            762  8.5e-222  738.1   3.7   4   4   1.8e-19   1.3e-16   59.6   0.0   648   742  1137  1234  1133  1245 0.91 length=1514	scaffold=gi528858388	strand=-
6415_g               -           1513 68951                -            762  8.5e-222  738.1   3.7   1   4     6e-24   4.3e-21   74.5   0.1    78   189   418   529   393   536 0.80 length=1514	scaffold=gi527312496	strand=+
6415_g               -           1513 68951                -            762  8.5e-222  738.1   3.7   2   4   2.5e-68   1.8e-65  221.2   0.0   190   349   582   741   577   745 0.98 length=1514	scaffold=gi527312496	strand=+
6415_g               -           1513 68951                -            762  8.5e-222  738.1   3.7   3   4  3.2e-116  2.3e-113  379.6   0.0   351   647   809  1104   806  1109 0.97 length=1514	scaffold=gi527312496	strand=+
6415_g               -           1513 68951                -            762  8.5e-222  738.1   3.7   4   4   1.8e-19   1.3e-16   59.6   0.0   648   742  1137  1234  1133  1245 0.91 length=1514	scaffold=gi527312496	strand=+
5600_g               -            588 68951                -            762  8.8e-205  681.9   0.0   1   2   7.6e-40   5.5e-37  127.0   0.0   364   449    59   145    52   169 0.88 length=589	scaffold=gi528858388	strand=+
5600_g               -            588 68951                -            762  8.8e-205  681.9   0.0   2   2  1.7e-168  1.2e-165  552.4   0.0   457   761   261   567   257   568 0.99 length=589	scaffold=gi528858388	strand=+
6648_g               -            588 68951                -            762  8.8e-205  681.9   0.0   1   2   7.6e-40   5.5e-37  127.0   0.0   364   449    59   145    52   169 0.88 length=589	scaffold=gi527312496	strand=-
6648_g               -            588 68951                -            762  8.8e-205  681.9   0.0   2   2  1.7e-168  1.2e-165  552.4   0.0   457   761   261   567   257   568 0.99 length=589	scaffold=gi527312496	strand=-
10427_g              -            862 68951                -            762  2.6e-174  581.1   0.0   1   2   3.9e-89   2.8e-86  290.0   0.0   132   374   221   480   157   491 0.83 length=863	scaffold=gi528858384	strand=+
10427_g              -            862 68951                -            762  2.6e-174  581.1   0.0   2   2   2.8e-88   2.1e-85  287.1   0.0   375   664   539   831   525   851 0.94 length=863	scaffold=gi528858384	strand=+
12832_g              -            862 68951                -            762  2.6e-174  581.1   0.0   1   2   3.9e-89   2.8e-86  290.0   0.0   132   374   221   480   157   491 0.83 length=863	scaffold=gi527308853	strand=-
12832_g              -            862 68951                -            762  2.6e-174  581.1   0.0   2   2   2.8e-88   2.1e-85  287.1   0.0   375   664   539   831   525   851 0.94 length=863	scaffold=gi527308853	strand=-
5599_g               -            910 68951                -            762  5.9e-139  464.2  26.8   1   3   2.7e-22     2e-19   69.0   9.1     2   117   404   536   403   555 0.78 length=911	scaffold=gi528858388	strand=+
5599_g               -            910 68951                -            762  5.9e-139  464.2  26.8   2   3     1e-45   7.3e-43  146.4   0.0   134   219   614   699   564   703 0.93 length=911	scaffold=gi528858388	strand=+
5599_g               -            910 68951                -            762  5.9e-139  464.2  26.8   3   3   1.9e-80   1.4e-77  261.3   0.1   247   374   783   910   778   910 0.99 length=911	scaffold=gi528858388	strand=+
6649_g               -            910 68951                -            762  5.9e-139  464.2  26.8   1   3   2.7e-22     2e-19   69.0   9.1     2   117   404   536   403   555 0.78 length=911	scaffold=gi527312496	strand=-
6649_g               -            910 68951                -            762  5.9e-139  464.2  26.8   2   3     1e-45   7.3e-43  146.4   0.0   134   219   614   699   564   703 0.93 length=911	scaffold=gi527312496	strand=-
6649_g               -            910 68951                -            762  5.9e-139  464.2  26.8   3   3   1.9e-80   1.4e-77  261.3   0.1   247   374   783   910   778   910 0.99 length=911	scaffold=gi527312496	strand=-
242_g                -           1873 68951                -            762   1.9e-82  277.3  12.0   1   7   4.5e-12   3.3e-09   35.2   0.1    93   184   578   673   538   680 0.73 length=1874	scaffold=gi527315854	strand=+
242_g                -           1873 68951                -            762   1.9e-82  277.3  12.0   2   7   6.1e-28   4.4e-25   87.6   0.1   190   286   704   799   698   804 0.90 length=1874	scaffold=gi527315854	strand=+
242_g                -           1873 68951                -            762   1.9e-82  277.3  12.0   3   7   2.7e-07   0.00019   19.4   0.0   289   348   887   950   884   954 0.87 length=1874	scaffold=gi527315854	strand=+
242_g                -           1873 68951                -            762   1.9e-82  277.3  12.0   4   7     0.018        13    3.4   0.0   350   377   988  1015   973  1023 0.82 length=1874	scaffold=gi527315854	strand=+
242_g                -           1873 68951                -            762   1.9e-82  277.3  12.0   5   7   1.5e-35   1.1e-32  112.9   0.0   382   546  1201  1372  1193  1381 0.90 length=1874	scaffold=gi527315854	strand=+
242_g                -           1873 68951                -            762   1.9e-82  277.3  12.0   6   7    0.0017       1.2    6.8   0.0   548   589  1409  1452  1402  1477 0.77 length=1874	scaffold=gi527315854	strand=+
242_g                -           1873 68951                -            762   1.9e-82  277.3  12.0   7   7   7.8e-05     0.056   11.2   0.0   706   750  1674  1720  1653  1726 0.81 length=1874	scaffold=gi527315854	strand=+
148_g                -           1911 68951                -            762   2.2e-82  277.1  12.0   1   7   4.6e-12   3.3e-09   35.1   0.1    93   184   616   711   576   718 0.73 length=1912	scaffold=gi528858396	strand=-
148_g                -           1911 68951                -            762   2.2e-82  277.1  12.0   2   7   6.3e-28   4.5e-25   87.6   0.1   190   286   742   837   736   842 0.90 length=1912	scaffold=gi528858396	strand=-
148_g                -           1911 68951                -            762   2.2e-82  277.1  12.0   3   7   2.7e-07    0.0002   19.4   0.0   289   348   925   988   922   992 0.87 length=1912	scaffold=gi528858396	strand=-
148_g                -           1911 68951                -            762   2.2e-82  277.1  12.0   4   7     0.019        13    3.4   0.0   350   377  1026  1053  1011  1061 0.82 length=1912	scaffold=gi528858396	strand=-
148_g                -           1911 68951                -            762   2.2e-82  277.1  12.0   5   7   1.5e-35   1.1e-32  112.8   0.0   382   546  1239  1410  1231  1419 0.90 length=1912	scaffold=gi528858396	strand=-
148_g                -           1911 68951                -            762   2.2e-82  277.1  12.0   6   7    0.0017       1.2    6.8   0.0   548   589  1447  1490  1440  1515 0.77 length=1912	scaffold=gi528858396	strand=-
148_g                -           1911 68951                -            762   2.2e-82  277.1  12.0   7   7     8e-05     0.058   11.2   0.0   706   750  1712  1758  1691  1764 0.81 length=1912	scaffold=gi528858396	strand=-
4139_g               -           3563 68951                -            762   1.9e-68  231.0   1.1   1   4      0.34   2.5e+02   -0.8   0.0   138   173  3015  3052  2999  3056 0.74 length=3564	scaffold=gi528858391	strand=+
4139_g               -           3563 68951                -            762   1.9e-68  231.0   1.1   2   4   2.5e-34   1.8e-31  108.8   0.1   184   312  3150  3278  3057  3284 0.90 length=3564	scaffold=gi528858391	strand=+
4139_g               -           3563 68951                -            762   1.9e-68  231.0   1.1   3   4      0.16   1.2e+02    0.3   0.0   313   328  3307  3322  3299  3329 0.86 length=3564	scaffold=gi528858391	strand=+
4139_g               -           3563 68951                -            762   1.9e-68  231.0   1.1   4   4   9.7e-37     7e-34  116.7   0.0   348   487  3426  3559  3422  3563 0.93 length=3564	scaffold=gi528858391	strand=+
8919_g               -           3563 68951                -            762   1.9e-68  231.0   1.1   1   4      0.34   2.5e+02   -0.8   0.0   138   173  3015  3052  2999  3056 0.74 length=3564	scaffold=gi527314250	strand=+
8919_g               -           3563 68951                -            762   1.9e-68  231.0   1.1   2   4   2.5e-34   1.8e-31  108.8   0.1   184   312  3150  3278  3057  3284 0.90 length=3564	scaffold=gi527314250	strand=+
8919_g               -           3563 68951                -            762   1.9e-68  231.0   1.1   3   4      0.16   1.2e+02    0.3   0.0   313   328  3307  3322  3299  3329 0.86 length=3564	scaffold=gi527314250	strand=+
8919_g               -           3563 68951                -            762   1.9e-68  231.0   1.1   4   4   9.7e-37     7e-34  116.7   0.0   348   487  3426  3559  3422  3563 0.93 length=3564	scaffold=gi527314250	strand=+
2255_g               -           3149 68951                -            762   4.8e-65  219.8   0.1   1   4     5e-43   3.6e-40  137.5   0.0   141   324  1072  1278  1057  1284 0.85 length=3150	scaffold=gi527314726	strand=+
2255_g               -           3149 68951                -            762   4.8e-65  219.8   0.1   2   4       2.9   2.1e+03   -3.9   0.0   354   372  1531  1549  1528  1551 0.87 length=3150	scaffold=gi527314726	strand=+
2255_g               -           3149 68951                -            762   4.8e-65  219.8   0.1   3   4   4.7e-23   3.4e-20   71.5   0.0   378   511  1592  1726  1587  1730 0.94 length=3150	scaffold=gi527314726	strand=+
2255_g               -           3149 68951                -            762   4.8e-65  219.8   0.1   4   4    0.0028       2.1    6.1   0.0   523   571  1782  1833  1776  1840 0.83 length=3150	scaffold=gi527314726	strand=+
2003_g               -           4742 68951                -            762   2.1e-64  217.7   0.0   1   3   8.1e-43   5.9e-40  136.8   0.0   141   324  1072  1278  1057  1284 0.85 length=4743	scaffold=gi528858392	strand=-
2003_g               -           4742 68951                -            762   2.1e-64  217.7   0.0   2   3   7.4e-23   5.3e-20   70.8   0.0   378   511  1592  1726  1587  1730 0.94 length=4743	scaffold=gi528858392	strand=-
2003_g               -           4742 68951                -            762   2.1e-64  217.7   0.0   3   3    0.0044       3.2    5.5   0.0   523   571  1782  1833  1776  1840 0.83 length=4743	scaffold=gi528858392	strand=-
12968_g              -           2095 68951                -            762   3.7e-18   64.8   6.9   1   6   1.1e-14   7.7e-12   43.9   0.0   195   292   347   444   339   456 0.92 length=2096	scaffold=gi527309735	strand=-
12968_g              -           2095 68951                -            762   3.7e-18   64.8   6.9   2   6      0.13        92    0.6   2.0    88   145   850   907   810   926 0.78 length=2096	scaffold=gi527309735	strand=-
12968_g              -           2095 68951                -            762   3.7e-18   64.8   6.9   3   6     0.014        10    3.8   0.0   337   374  1379  1419  1377  1435 0.80 length=2096	scaffold=gi527309735	strand=-
12968_g              -           2095 68951                -            762   3.7e-18   64.8   6.9   4   6    0.0045       3.3    5.4   0.0   427   482  1494  1551  1489  1574 0.82 length=2096	scaffold=gi527309735	strand=-
12968_g              -           2095 68951                -            762   3.7e-18   64.8   6.9   5   6      0.87   6.3e+02   -2.1   0.0   504   548  1616  1660  1605  1668 0.83 length=2096	scaffold=gi527309735	strand=-
12968_g              -           2095 68951                -            762   3.7e-18   64.8   6.9   6   6    0.0032       2.3    5.9   0.0   552   674  1704  1848  1699  1857 0.61 length=2096	scaffold=gi527309735	strand=-
9693_g               -           2095 68951                -            762   3.7e-18   64.8   6.9   1   6   1.1e-14   7.7e-12   43.9   0.0   195   292   347   444   339   456 0.92 length=2096	scaffold=gi528858385	strand=+
9693_g               -           2095 68951                -            762   3.7e-18   64.8   6.9   2   6      0.13        92    0.6   2.0    88   145   850   907   810   926 0.78 length=2096	scaffold=gi528858385	strand=+
9693_g               -           2095 68951                -            762   3.7e-18   64.8   6.9   3   6     0.014        10    3.8   0.0   337   374  1379  1419  1377  1435 0.80 length=2096	scaffold=gi528858385	strand=+
9693_g               -           2095 68951                -            762   3.7e-18   64.8   6.9   4   6    0.0045       3.3    5.4   0.0   427   482  1494  1551  1489  1574 0.82 length=2096	scaffold=gi528858385	strand=+
9693_g               -           2095 68951                -            762   3.7e-18   64.8   6.9   5   6      0.87   6.3e+02   -2.1   0.0   504   548  1616  1660  1605  1668 0.83 length=2096	scaffold=gi528858385	strand=+
9693_g               -           2095 68951                -            762   3.7e-18   64.8   6.9   6   6    0.0032       2.3    5.9   0.0   552   674  1704  1848  1699  1857 0.61 length=2096	scaffold=gi528858385	strand=+
4141_g               -            780 68951                -            762   6.4e-15   54.0   0.0   1   2   2.2e-16   1.6e-13   49.4   0.0   546   671   150   280   146   293 0.88 length=781	scaffold=gi528858391	strand=+
4141_g               -            780 68951                -            762   6.4e-15   54.0   0.0   2   2     0.039        28    2.3   0.0   707   748   537   581   525   590 0.83 length=781	scaffold=gi528858391	strand=+
8921_g               -            780 68951                -            762   6.4e-15   54.0   0.0   1   2   2.2e-16   1.6e-13   49.4   0.0   546   671   150   280   146   293 0.88 length=781	scaffold=gi527314250	strand=+
8921_g               -            780 68951                -            762   6.4e-15   54.0   0.0   2   2     0.039        28    2.3   0.0   707   748   537   581   525   590 0.83 length=781	scaffold=gi527314250	strand=+
#
# Program:         hmmsearch
# Version:         3.4 (Aug 2023)
# Pipeline mode:   SEARCH
# Query file:      /home/inf-20-2025/Malaria/busco_downloads/lineages/apicomplexa_odb12/hmms/68951at5794.hmm
# Target file:     /home/inf-20-2025/Malaria/Results/6_nobird_annotation/T_gondii.faa
# Option settings: hmmsearch --domtblout Results/8_busco/T_gondii/run_apicomplexa_odb12/hmmer_output/initial_run_results/68951at5794.out --cpu 1 /home/inf-20-2025/Malaria/busco_downloads/lineages/apicomplexa_odb12/hmms/68951at5794.hmm /home/inf-20-2025/Malaria/Results/6_nobird_annotation/T_gondii.faa 
# Current dir:     /home/inf-20-2025/Malaria
# Date:            Wed Mar  4 18:33:35 2026
# [ok]
