#                                                                            --- full sequence --- -------------- this domain -------------   hmm coord   ali coord   env coord
# target name        accession   tlen query name           accession   qlen   E-value  score  bias   #  of  c-Evalue  i-Evalue  score  bias  from    to  from    to  from    to  acc description of target
#------------------- ---------- ----- -------------------- ---------- ----- --------- ------ ----- --- --- --------- --------- ------ ----- ----- ----- ----- ----- ----- ----- ---- ---------------------
11055_g              -            258 68992                -            247  1.5e-142  473.0   0.2   1   1    3e-145  1.7e-142  472.9   0.2     1   246     1   248     1   249 0.99 length=259	scaffold=gi528858383	strand=+
11852_g              -            258 68992                -            247  1.5e-142  473.0   0.2   1   1    3e-145  1.7e-142  472.9   0.2     1   246     1   248     1   249 0.99 length=259	scaffold=gi527307902	strand=+
4001_g               -            396 68992                -            247   1.2e-53  181.9   0.0   1   1     3e-56   1.7e-53  181.4   0.0     5   238   164   391   160   395 0.95 length=397	scaffold=gi528858391	strand=-
8781_g               -            396 68992                -            247   1.2e-53  181.9   0.0   1   1     3e-56   1.7e-53  181.4   0.0     5   238   164   391   160   395 0.95 length=397	scaffold=gi527314344	strand=-
4271_g               -            326 68992                -            247   8.5e-44  149.7   0.0   1   3   4.5e-19   2.6e-16   59.6   0.0     7    67     4    65     1    74 0.89 length=327	scaffold=gi528858390	strand=+
4271_g               -            326 68992                -            247   8.5e-44  149.7   0.0   2   3   6.8e-26     4e-23   82.0   0.0    68   198   112   235    87   247 0.84 length=327	scaffold=gi528858390	strand=+
4271_g               -            326 68992                -            247   8.5e-44  149.7   0.0   3   3     0.022        13    4.9   0.0   184   225   250   292   235   319 0.81 length=327	scaffold=gi528858390	strand=+
8334_g               -            383 68992                -            247   1.9e-43  148.5   0.0   1   3   5.8e-19   3.4e-16   59.3   0.0     7    67     4    65     1    74 0.89 length=384	scaffold=gi527313991	strand=-
8334_g               -            383 68992                -            247   1.9e-43  148.5   0.0   2   3   9.7e-26   5.7e-23   81.5   0.0    68   198   112   235    87   247 0.84 length=384	scaffold=gi527313991	strand=-
8334_g               -            383 68992                -            247   1.9e-43  148.5   0.0   3   3     0.028        17    4.6   0.0   184   225   250   292   235   319 0.81 length=384	scaffold=gi527313991	strand=-
10472_g              -            260 68992                -            247   1.8e-32  112.6   0.0   1   1   5.1e-35     3e-32  111.9   0.0     3   224     3   229     1   253 0.84 length=261	scaffold=gi528858384	strand=+
12787_g              -            260 68992                -            247   1.8e-32  112.6   0.0   1   1   5.1e-35     3e-32  111.9   0.0     3   224     3   229     1   253 0.84 length=261	scaffold=gi527308853	strand=-
5964_g               -            238 68992                -            247   1.5e-30  106.3   0.4   1   1     8e-33   4.7e-30  104.7   0.4    28   241     1   221     1   227 0.86 length=239	scaffold=gi528858388	strand=-
6288_g               -            238 68992                -            247   1.5e-30  106.3   0.4   1   1     8e-33   4.7e-30  104.7   0.4    28   241     1   221     1   227 0.86 length=239	scaffold=gi527312496	strand=+
11234_g              -            376 68992                -            247   6.7e-27   94.3   0.2   1   3   1.1e-11   6.3e-09   35.4   0.0     5    46     3    44     1    67 0.89 length=377	scaffold=gi528858383	strand=-
11234_g              -            376 68992                -            247   6.7e-27   94.3   0.2   2   3   5.1e-15     3e-12   46.3   0.0    47   124   140   215   137   224 0.89 length=377	scaffold=gi528858383	strand=-
11234_g              -            376 68992                -            247   6.7e-27   94.3   0.2   3   3    0.0012      0.71    9.1   0.0   164   244   282   367   271   370 0.83 length=377	scaffold=gi528858383	strand=-
12031_g              -            376 68992                -            247   6.7e-27   94.3   0.2   1   3   1.1e-11   6.3e-09   35.4   0.0     5    46     3    44     1    67 0.89 length=377	scaffold=gi527307902	strand=-
12031_g              -            376 68992                -            247   6.7e-27   94.3   0.2   2   3   5.1e-15     3e-12   46.3   0.0    47   124   140   215   137   224 0.89 length=377	scaffold=gi527307902	strand=-
12031_g              -            376 68992                -            247   6.7e-27   94.3   0.2   3   3    0.0012      0.71    9.1   0.0   164   244   282   367   271   370 0.83 length=377	scaffold=gi527307902	strand=-
15509_g              -             87 68992                -            247   1.2e-17   64.0   0.0   1   1   2.2e-20   1.3e-17   63.9   0.0   121   164     2    45     1    59 0.92 length=88	scaffold=gi527305925	strand=+
12725_g              -            286 68992                -            247   1.9e-16   60.1   0.2   1   1     4e-18   2.4e-15   56.5   0.2    31   225    49   233    47   245 0.88 length=287	scaffold=gi527308984	strand=+
9799_g               -            286 68992                -            247   1.9e-16   60.1   0.2   1   1     4e-18   2.4e-15   56.5   0.2    31   225    49   233    47   245 0.88 length=287	scaffold=gi528858384	strand=-
15720_g              -             81 68992                -            247   6.8e-16   58.3   0.2   1   1   1.3e-18   7.4e-16   58.2   0.2    28   101     1    74     1    79 0.96 length=81	scaffold=gi527305709	strand=-
10663_g              -            309 68992                -            247   4.4e-11   42.5   0.0   1   1     2e-12   1.2e-09   37.9   0.0    28   200    90   254    75   265 0.88 length=310	scaffold=gi528858383	strand=+
11460_g              -            309 68992                -            247   4.4e-11   42.5   0.0   1   1     2e-12   1.2e-09   37.9   0.0    28   200    90   254    75   265 0.88 length=310	scaffold=gi527307902	strand=+
4408_g               -            373 68992                -            247   7.1e-11   41.8   0.8   1   3   0.00039      0.23   10.7   0.0     4    26     6    28     4    45 0.89 length=374	scaffold=gi528858390	strand=+
4408_g               -            373 68992                -            247   7.1e-11   41.8   0.8   2   3   3.8e-09   2.3e-06   27.1   0.0    25   170    99   245    93   247 0.82 length=374	scaffold=gi528858390	strand=+
4408_g               -            373 68992                -            247   7.1e-11   41.8   0.8   3   3      0.52   3.1e+02    0.5   0.1   191   242   316   369   299   373 0.75 length=374	scaffold=gi528858390	strand=+
8423_g               -            373 68992                -            247   7.1e-11   41.8   0.8   1   3   0.00039      0.23   10.7   0.0     4    26     6    28     4    45 0.89 length=374	scaffold=gi527313757	strand=+
8423_g               -            373 68992                -            247   7.1e-11   41.8   0.8   2   3   3.8e-09   2.3e-06   27.1   0.0    25   170    99   245    93   247 0.82 length=374	scaffold=gi527313757	strand=+
8423_g               -            373 68992                -            247   7.1e-11   41.8   0.8   3   3      0.52   3.1e+02    0.5   0.1   191   242   316   369   299   373 0.75 length=374	scaffold=gi527313757	strand=+
13303_g              -            245 68992                -            247   1.7e-08   34.0   1.9   1   1   2.4e-10   1.4e-07   31.0   1.9    30   201    41   204    37   232 0.80 length=246	scaffold=gi527309735	strand=+
9366_g               -            245 68992                -            247   1.7e-08   34.0   1.9   1   1   2.4e-10   1.4e-07   31.0   1.9    30   201    41   204    37   232 0.80 length=246	scaffold=gi528858385	strand=-
1263_g               -            191 68992                -            247   5.6e-08   32.3   0.0   1   1   8.4e-10   4.9e-07   29.3   0.0    36   210     3   168     1   184 0.84 length=192	scaffold=gi528858393	strand=+
1377_g               -            191 68992                -            247   5.6e-08   32.3   0.0   1   1   8.4e-10   4.9e-07   29.3   0.0    36   210     3   168     1   184 0.84 length=192	scaffold=gi527315005	strand=-
10210_g              -            588 68992                -            247     0.065   12.5   0.0   1   1   0.00017       0.1   11.9   0.0    34    91   322   381   317   392 0.87 length=589	scaffold=gi528858384	strand=-
12312_g              -            588 68992                -            247     0.065   12.5   0.0   1   1   0.00017       0.1   11.9   0.0    34    91   322   381   317   392 0.87 length=589	scaffold=gi527308984	strand=+
14378_g              -            110 68992                -            247      0.13   11.5   0.0   1   1   0.00031      0.18   11.0   0.0     7    24    79    96    75   103 0.89 length=111	scaffold=gi527307126	strand=-
#
# Program:         hmmsearch
# Version:         3.4 (Aug 2023)
# Pipeline mode:   SEARCH
# Query file:      /home/inf-20-2025/Malaria/busco_downloads/lineages/apicomplexa_odb12/hmms/68992at5794.hmm
# Target file:     /home/inf-20-2025/Malaria/Results/6_nobird_annotation/T_gondii.faa
# Option settings: hmmsearch --domtblout Results/8_busco/T_gondii/run_apicomplexa_odb12/hmmer_output/initial_run_results/68992at5794.out --cpu 1 /home/inf-20-2025/Malaria/busco_downloads/lineages/apicomplexa_odb12/hmms/68992at5794.hmm /home/inf-20-2025/Malaria/Results/6_nobird_annotation/T_gondii.faa 
# Current dir:     /home/inf-20-2025/Malaria
# Date:            Wed Mar  4 18:33:40 2026
# [ok]
