#                                                                            --- full sequence --- -------------- this domain -------------   hmm coord   ali coord   env coord
# target name        accession   tlen query name           accession   qlen   E-value  score  bias   #  of  c-Evalue  i-Evalue  score  bias  from    to  from    to  from    to  acc description of target
#------------------- ---------- ----- -------------------- ---------- ----- --------- ------ ----- --- --- --------- --------- ------ ----- ----- ----- ----- ----- ----- ----- ---- ---------------------
6054_g               -            716 69037                -            612         0 1011.7   0.0   1   1  1.7e-306  4.4e-303 1006.4   0.0     3   611    74   715    72   716 0.94 length=717	scaffold=gi528858388	strand=+
6198_g               -            716 69037                -            612         0 1011.7   0.0   1   1  1.7e-306  4.4e-303 1006.4   0.0     3   611    74   715    72   716 0.94 length=717	scaffold=gi527312496	strand=-
1202_g               -           1303 69037                -            612   2.1e-16   59.5   0.2   1   6    0.0082        22    3.3   0.0    25    59   383   417   380   426 0.89 length=1304	scaffold=gi528858393	strand=-
1202_g               -           1303 69037                -            612   2.1e-16   59.5   0.2   2   6   5.4e-06     0.014   13.8   0.0    65   107   561   603   558   617 0.90 length=1304	scaffold=gi528858393	strand=-
1202_g               -           1303 69037                -            612   2.1e-16   59.5   0.2   3   6      0.54   1.4e+03   -2.7   0.0   178   201   818   842   816   866 0.72 length=1304	scaffold=gi528858393	strand=-
1202_g               -           1303 69037                -            612   2.1e-16   59.5   0.2   4   6   1.9e-08     5e-05   21.9   0.1   205   250   869   915   854   928 0.82 length=1304	scaffold=gi528858393	strand=-
1202_g               -           1303 69037                -            612   2.1e-16   59.5   0.2   5   6   3.1e-05     0.082   11.3   0.0   298   368   924   994   915   998 0.90 length=1304	scaffold=gi528858393	strand=-
1202_g               -           1303 69037                -            612   2.1e-16   59.5   0.2   6   6     0.031        83    1.4   0.0   451   470  1023  1041  1012  1046 0.82 length=1304	scaffold=gi528858393	strand=-
1436_g               -           1303 69037                -            612   2.1e-16   59.5   0.2   1   6    0.0082        22    3.3   0.0    25    59   383   417   380   426 0.89 length=1304	scaffold=gi527315005	strand=+
1436_g               -           1303 69037                -            612   2.1e-16   59.5   0.2   2   6   5.4e-06     0.014   13.8   0.0    65   107   561   603   558   617 0.90 length=1304	scaffold=gi527315005	strand=+
1436_g               -           1303 69037                -            612   2.1e-16   59.5   0.2   3   6      0.54   1.4e+03   -2.7   0.0   178   201   818   842   816   866 0.72 length=1304	scaffold=gi527315005	strand=+
1436_g               -           1303 69037                -            612   2.1e-16   59.5   0.2   4   6   1.9e-08     5e-05   21.9   0.1   205   250   869   915   854   928 0.82 length=1304	scaffold=gi527315005	strand=+
1436_g               -           1303 69037                -            612   2.1e-16   59.5   0.2   5   6   3.1e-05     0.082   11.3   0.0   298   368   924   994   915   998 0.90 length=1304	scaffold=gi527315005	strand=+
1436_g               -           1303 69037                -            612   2.1e-16   59.5   0.2   6   6     0.031        83    1.4   0.0   451   470  1023  1041  1012  1046 0.82 length=1304	scaffold=gi527315005	strand=+
10535_g              -           1215 69037                -            612   2.8e-06   26.0   0.0   1   3      0.77     2e+03   -3.2   0.0    41    91   793   842   787   853 0.83 length=1216	scaffold=gi528858383	strand=+
10535_g              -           1215 69037                -            612   2.8e-06   26.0   0.0   2   3   9.7e-05      0.26    9.7   0.0   185   247   854   916   846   929 0.82 length=1216	scaffold=gi528858383	strand=+
10535_g              -           1215 69037                -            612   2.8e-06   26.0   0.0   3   3   5.9e-06     0.016   13.7   0.0   489   574  1096  1179  1083  1201 0.87 length=1216	scaffold=gi528858383	strand=+
11332_g              -           1215 69037                -            612   2.8e-06   26.0   0.0   1   3      0.77     2e+03   -3.2   0.0    41    91   793   842   787   853 0.83 length=1216	scaffold=gi527308799	strand=+
11332_g              -           1215 69037                -            612   2.8e-06   26.0   0.0   2   3   9.7e-05      0.26    9.7   0.0   185   247   854   916   846   929 0.82 length=1216	scaffold=gi527308799	strand=+
11332_g              -           1215 69037                -            612   2.8e-06   26.0   0.0   3   3   5.9e-06     0.016   13.7   0.0   489   574  1096  1179  1083  1201 0.87 length=1216	scaffold=gi527308799	strand=+
#
# Program:         hmmsearch
# Version:         3.4 (Aug 2023)
# Pipeline mode:   SEARCH
# Query file:      /home/inf-20-2025/Malaria/busco_downloads/lineages/apicomplexa_odb12/hmms/69037at5794.hmm
# Target file:     /home/inf-20-2025/Malaria/Results/6_nobird_annotation/T_gondii.faa
# Option settings: hmmsearch --domtblout Results/8_busco/T_gondii/run_apicomplexa_odb12/hmmer_output/initial_run_results/69037at5794.out --cpu 1 /home/inf-20-2025/Malaria/busco_downloads/lineages/apicomplexa_odb12/hmms/69037at5794.hmm /home/inf-20-2025/Malaria/Results/6_nobird_annotation/T_gondii.faa 
# Current dir:     /home/inf-20-2025/Malaria
# Date:            Wed Mar  4 18:33:29 2026
# [ok]
