#                                                                            --- full sequence --- -------------- this domain -------------   hmm coord   ali coord   env coord
# target name        accession   tlen query name           accession   qlen   E-value  score  bias   #  of  c-Evalue  i-Evalue  score  bias  from    to  from    to  from    to  acc description of target
#------------------- ---------- ----- -------------------- ---------- ----- --------- ------ ----- --- --- --------- --------- ------ ----- ----- ----- ----- ----- ----- ----- ---- ---------------------
4939_g               -            831 69043                -            529  2.3e-270  897.6  18.3   1   4   2.8e-44   2.2e-41  141.9   0.1     1    77    59   136    59   148 0.94 length=832	scaffold=gi528858389	strand=+
4939_g               -            831 69043                -            529  2.3e-270  897.6  18.3   2   4   7.2e-66   5.7e-63  213.1   0.6    78   203   191   318   188   322 0.96 length=832	scaffold=gi528858389	strand=+
4939_g               -            831 69043                -            529  2.3e-270  897.6  18.3   3   4   1.8e-48   1.4e-45  155.7   0.3   203   295   464   556   462   567 0.96 length=832	scaffold=gi528858389	strand=+
4939_g               -            831 69043                -            529  2.3e-270  897.6  18.3   4   4  1.2e-121  9.8e-119  397.1   1.9   274   528   572   829   561   830 0.94 length=832	scaffold=gi528858389	strand=+
5411_g               -            831 69043                -            529  2.3e-270  897.6  18.3   1   4   2.8e-44   2.2e-41  141.9   0.1     1    77    59   136    59   148 0.94 length=832	scaffold=gi527313191	strand=+
5411_g               -            831 69043                -            529  2.3e-270  897.6  18.3   2   4   7.2e-66   5.7e-63  213.1   0.6    78   203   191   318   188   322 0.96 length=832	scaffold=gi527313191	strand=+
5411_g               -            831 69043                -            529  2.3e-270  897.6  18.3   3   4   1.8e-48   1.4e-45  155.7   0.3   203   295   464   556   462   567 0.96 length=832	scaffold=gi527313191	strand=+
5411_g               -            831 69043                -            529  2.3e-270  897.6  18.3   4   4  1.2e-121  9.8e-119  397.1   1.9   274   528   572   829   561   830 0.94 length=832	scaffold=gi527313191	strand=+
7103_g               -            568 69043                -            529  7.7e-115  384.3  17.0   1   2   4.6e-11   3.7e-08   32.2   0.0    27    58    32    63    26    70 0.90 length=569	scaffold=gi528858387	strand=+
7103_g               -            568 69043                -            529  7.7e-115  384.3  17.0   2   2  5.2e-108  4.1e-105  352.2  14.8    56   525    87   566    83   568 0.93 length=569	scaffold=gi528858387	strand=+
7813_g               -            568 69043                -            529  7.7e-115  384.3  17.0   1   2   4.6e-11   3.7e-08   32.2   0.0    27    58    32    63    26    70 0.90 length=569	scaffold=gi527311550	strand=-
7813_g               -            568 69043                -            529  7.7e-115  384.3  17.0   2   2  5.2e-108  4.1e-105  352.2  14.8    56   525    87   566    83   568 0.93 length=569	scaffold=gi527311550	strand=-
4502_g               -            847 69043                -            529   6.4e-93  312.0   5.5   1   3   5.3e-65   4.2e-62  210.3   0.9     5   371   195   563   192   569 0.92 length=848	scaffold=gi528858390	strand=+
4502_g               -            847 69043                -            529   6.4e-93  312.0   5.5   2   3   1.2e-07   9.5e-05   21.0   0.0   372   435   650   712   646   716 0.85 length=848	scaffold=gi528858390	strand=+
4502_g               -            847 69043                -            529   6.4e-93  312.0   5.5   3   3   5.5e-26   4.4e-23   81.5   0.1   409   525   721   838   717   842 0.95 length=848	scaffold=gi528858390	strand=+
8517_g               -            847 69043                -            529   6.4e-93  312.0   5.5   1   3   5.3e-65   4.2e-62  210.3   0.9     5   371   195   563   192   569 0.92 length=848	scaffold=gi527313757	strand=+
8517_g               -            847 69043                -            529   6.4e-93  312.0   5.5   2   3   1.2e-07   9.5e-05   21.0   0.0   372   435   650   712   646   716 0.85 length=848	scaffold=gi527313757	strand=+
8517_g               -            847 69043                -            529   6.4e-93  312.0   5.5   3   3   5.5e-26   4.4e-23   81.5   0.1   409   525   721   838   717   842 0.95 length=848	scaffold=gi527313757	strand=+
6760_g               -            670 69043                -            529   7.4e-93  311.8  10.5   1   2   3.7e-38   2.9e-35  121.7   0.3    35   138   102   205    93   212 0.96 length=671	scaffold=gi528858387	strand=-
6760_g               -            670 69043                -            529   7.4e-93  311.8  10.5   2   2   6.1e-60   4.9e-57  193.6   4.7   140   492   273   634   259   659 0.88 length=671	scaffold=gi528858387	strand=-
8152_g               -            670 69043                -            529   7.4e-93  311.8  10.5   1   2   3.7e-38   2.9e-35  121.7   0.3    35   138   102   205    93   212 0.96 length=671	scaffold=gi527311550	strand=+
8152_g               -            670 69043                -            529   7.4e-93  311.8  10.5   2   2   6.1e-60   4.9e-57  193.6   4.7   140   492   273   634   259   659 0.88 length=671	scaffold=gi527311550	strand=+
1809_g               -           1341 69043                -            529   7.1e-88  295.3   3.2   1   4     0.024        19    3.5   0.0    11    50   585   623   579   628 0.77 length=1342	scaffold=gi527315322	strand=-
1809_g               -           1341 69043                -            529   7.1e-88  295.3   3.2   2   4   2.2e-62   1.7e-59  201.6   0.2    47   349   752  1057   745  1065 0.92 length=1342	scaffold=gi527315322	strand=-
1809_g               -           1341 69043                -            529   7.1e-88  295.3   3.2   3   4   1.5e-22   1.2e-19   70.2   0.1   364   475  1134  1245  1122  1260 0.92 length=1342	scaffold=gi527315322	strand=-
1809_g               -           1341 69043                -            529   7.1e-88  295.3   3.2   4   4   1.7e-06    0.0013   17.2   0.0   475   526  1271  1322  1255  1326 0.92 length=1342	scaffold=gi527315322	strand=-
992_g                -           1341 69043                -            529   7.1e-88  295.3   3.2   1   4     0.024        19    3.5   0.0    11    50   585   623   579   628 0.77 length=1342	scaffold=gi528858394	strand=-
992_g                -           1341 69043                -            529   7.1e-88  295.3   3.2   2   4   2.2e-62   1.7e-59  201.6   0.2    47   349   752  1057   745  1065 0.92 length=1342	scaffold=gi528858394	strand=-
992_g                -           1341 69043                -            529   7.1e-88  295.3   3.2   3   4   1.5e-22   1.2e-19   70.2   0.1   364   475  1134  1245  1122  1260 0.92 length=1342	scaffold=gi528858394	strand=-
992_g                -           1341 69043                -            529   7.1e-88  295.3   3.2   4   4   1.7e-06    0.0013   17.2   0.0   475   526  1271  1322  1255  1326 0.92 length=1342	scaffold=gi528858394	strand=-
4729_g               -            505 69043                -            529   8.6e-80  268.6  16.0   1   2   1.1e-73   8.6e-71  238.9  12.0    34   429    28   410    20   423 0.94 length=506	scaffold=gi528858389	strand=+
4729_g               -            505 69043                -            529   8.6e-80  268.6  16.0   2   2   2.8e-09   2.2e-06   26.4   0.2   456   525   408   478   402   482 0.84 length=506	scaffold=gi528858389	strand=+
5201_g               -            505 69043                -            529   8.6e-80  268.6  16.0   1   2   1.1e-73   8.6e-71  238.9  12.0    34   429    28   410    20   423 0.94 length=506	scaffold=gi527313191	strand=+
5201_g               -            505 69043                -            529   8.6e-80  268.6  16.0   2   2   2.8e-09   2.2e-06   26.4   0.2   456   525   408   478   402   482 0.84 length=506	scaffold=gi527313191	strand=+
3903_g               -            972 69043                -            529   5.1e-64  216.6   4.6   1   1   1.5e-66   1.2e-63  215.4   4.6    20   525   432   954   424   957 0.83 length=973	scaffold=gi528858391	strand=-
8683_g               -            972 69043                -            529   5.1e-64  216.6   4.6   1   1   1.5e-66   1.2e-63  215.4   4.6    20   525   432   954   424   957 0.83 length=973	scaffold=gi527314479	strand=-
2004_g               -           1436 69043                -            529   2.4e-51  174.8   0.1   1   6     0.002       1.6    7.1   0.0    22    59   524   561   513   564 0.87 length=1437	scaffold=gi528858392	strand=+
2004_g               -           1436 69043                -            529   2.4e-51  174.8   0.1   2   6   3.2e-19   2.5e-16   59.2   0.0    60   144   625   709   621   717 0.95 length=1437	scaffold=gi528858392	strand=+
2004_g               -           1436 69043                -            529   2.4e-51  174.8   0.1   3   6   0.00022      0.17   10.2   0.0   153   219   770   836   756   845 0.93 length=1437	scaffold=gi528858392	strand=+
2004_g               -           1436 69043                -            529   2.4e-51  174.8   0.1   4   6    0.0089         7    4.9   0.0   219   287   897   965   891   973 0.86 length=1437	scaffold=gi528858392	strand=+
2004_g               -           1436 69043                -            529   2.4e-51  174.8   0.1   5   6     7e-07   0.00055   18.5   0.0   316   389  1127  1198  1118  1217 0.88 length=1437	scaffold=gi528858392	strand=+
2004_g               -           1436 69043                -            529   2.4e-51  174.8   0.1   6   6   2.8e-21   2.3e-18   66.0   0.0   390   526  1290  1428  1277  1431 0.90 length=1437	scaffold=gi528858392	strand=+
2254_g               -           1436 69043                -            529   2.4e-51  174.8   0.1   1   6     0.002       1.6    7.1   0.0    22    59   524   561   513   564 0.87 length=1437	scaffold=gi527314726	strand=-
2254_g               -           1436 69043                -            529   2.4e-51  174.8   0.1   2   6   3.2e-19   2.5e-16   59.2   0.0    60   144   625   709   621   717 0.95 length=1437	scaffold=gi527314726	strand=-
2254_g               -           1436 69043                -            529   2.4e-51  174.8   0.1   3   6   0.00022      0.17   10.2   0.0   153   219   770   836   756   845 0.93 length=1437	scaffold=gi527314726	strand=-
2254_g               -           1436 69043                -            529   2.4e-51  174.8   0.1   4   6    0.0089         7    4.9   0.0   219   287   897   965   891   973 0.86 length=1437	scaffold=gi527314726	strand=-
2254_g               -           1436 69043                -            529   2.4e-51  174.8   0.1   5   6     7e-07   0.00055   18.5   0.0   316   389  1127  1198  1118  1217 0.88 length=1437	scaffold=gi527314726	strand=-
2254_g               -           1436 69043                -            529   2.4e-51  174.8   0.1   6   6   2.8e-21   2.3e-18   66.0   0.0   390   526  1290  1428  1277  1431 0.90 length=1437	scaffold=gi527314726	strand=-
10917_g              -            575 69043                -            529   4.1e-23   81.6  11.2   1   3   3.1e-18   2.4e-15   55.9   1.7     9   191    15   201     8   215 0.80 length=576	scaffold=gi528858383	strand=-
10917_g              -            575 69043                -            529   4.1e-23   81.6  11.2   2   3       0.7   5.6e+02   -1.3   0.0    57    91   341   379   311   389 0.69 length=576	scaffold=gi528858383	strand=-
10917_g              -            575 69043                -            529   4.1e-23   81.6  11.2   3   3   1.2e-10   9.1e-08   30.9   0.9   375   516   400   538   385   551 0.85 length=576	scaffold=gi528858383	strand=-
11714_g              -            575 69043                -            529   4.1e-23   81.6  11.2   1   3   3.1e-18   2.4e-15   55.9   1.7     9   191    15   201     8   215 0.80 length=576	scaffold=gi527307902	strand=-
11714_g              -            575 69043                -            529   4.1e-23   81.6  11.2   2   3       0.7   5.6e+02   -1.3   0.0    57    91   341   379   311   389 0.69 length=576	scaffold=gi527307902	strand=-
11714_g              -            575 69043                -            529   4.1e-23   81.6  11.2   3   3   1.2e-10   9.1e-08   30.9   0.9   375   516   400   538   385   551 0.85 length=576	scaffold=gi527307902	strand=-
4333_g               -            957 69043                -            529   6.1e-09   34.8   0.3   1   2   7.6e-12   6.1e-09   34.8   0.3    65   165     2   106     1   135 0.83 length=958	scaffold=gi528858390	strand=+
4333_g               -            957 69043                -            529   6.1e-09   34.8   0.3   2   2       1.2   9.7e+02   -2.1   0.1   457   457   282   282   203   325 0.50 length=958	scaffold=gi528858390	strand=+
8275_g               -            957 69043                -            529   6.1e-09   34.8   0.3   1   2   7.6e-12   6.1e-09   34.8   0.3    65   165     2   106     1   135 0.83 length=958	scaffold=gi527313991	strand=-
8275_g               -            957 69043                -            529   6.1e-09   34.8   0.3   2   2       1.2   9.7e+02   -2.1   0.1   457   457   282   282   203   325 0.50 length=958	scaffold=gi527313991	strand=-
#
# Program:         hmmsearch
# Version:         3.4 (Aug 2023)
# Pipeline mode:   SEARCH
# Query file:      /home/inf-20-2025/Malaria/busco_downloads/lineages/apicomplexa_odb12/hmms/69043at5794.hmm
# Target file:     /home/inf-20-2025/Malaria/Results/6_nobird_annotation/T_gondii.faa
# Option settings: hmmsearch --domtblout Results/8_busco/T_gondii/run_apicomplexa_odb12/hmmer_output/initial_run_results/69043at5794.out --cpu 1 /home/inf-20-2025/Malaria/busco_downloads/lineages/apicomplexa_odb12/hmms/69043at5794.hmm /home/inf-20-2025/Malaria/Results/6_nobird_annotation/T_gondii.faa 
# Current dir:     /home/inf-20-2025/Malaria
# Date:            Wed Mar  4 18:33:30 2026
# [ok]
