#                                                                            --- full sequence --- -------------- this domain -------------   hmm coord   ali coord   env coord
# target name        accession   tlen query name           accession   qlen   E-value  score  bias   #  of  c-Evalue  i-Evalue  score  bias  from    to  from    to  from    to  acc description of target
#------------------- ---------- ----- -------------------- ---------- ----- --------- ------ ----- --- --- --------- --------- ------ ----- ----- ----- ----- ----- ----- ----- ---- ---------------------
1939_g               -            536 69048                -            287  3.6e-141  469.1   0.3   1   2  6.2e-112  4.9e-109  363.6   0.1     7   186   184   366   178   376 0.95 length=537	scaffold=gi528858392	strand=+
1939_g               -            536 69048                -            287  3.6e-141  469.1   0.3   2   2   9.9e-33   7.9e-30  103.7   0.0   183   286   428   532   418   533 0.94 length=537	scaffold=gi528858392	strand=+
2322_g               -            536 69048                -            287  3.6e-141  469.1   0.3   1   2  6.2e-112  4.9e-109  363.6   0.1     7   186   184   366   178   376 0.95 length=537	scaffold=gi527314726	strand=-
2322_g               -            536 69048                -            287  3.6e-141  469.1   0.3   2   2   9.9e-33   7.9e-30  103.7   0.0   183   286   428   532   418   533 0.94 length=537	scaffold=gi527314726	strand=-
13232_g              -            566 69048                -            287   3.5e-16   58.9   0.3   1   3   6.4e-06    0.0051   15.7   0.1    83   175   177   277   158   279 0.72 length=567	scaffold=gi527309735	strand=-
13232_g              -            566 69048                -            287   3.5e-16   58.9   0.3   2   3   4.4e-05     0.035   13.0   0.0   136   185   357   406   345   423 0.80 length=567	scaffold=gi527309735	strand=-
13232_g              -            566 69048                -            287   3.5e-16   58.9   0.3   3   3   1.1e-08   8.8e-06   24.8   0.0   182   274   457   550   442   561 0.83 length=567	scaffold=gi527309735	strand=-
9435_g               -            566 69048                -            287   3.5e-16   58.9   0.3   1   3   6.4e-06    0.0051   15.7   0.1    83   175   177   277   158   279 0.72 length=567	scaffold=gi528858385	strand=+
9435_g               -            566 69048                -            287   3.5e-16   58.9   0.3   2   3   4.4e-05     0.035   13.0   0.0   136   185   357   406   345   423 0.80 length=567	scaffold=gi528858385	strand=+
9435_g               -            566 69048                -            287   3.5e-16   58.9   0.3   3   3   1.1e-08   8.8e-06   24.8   0.0   182   274   457   550   442   561 0.83 length=567	scaffold=gi528858385	strand=+
12711_g              -            981 69048                -            287   1.1e-09   37.6   0.0   1   4      0.24   1.9e+02    0.7   0.0    82    98   174   190   164   199 0.80 length=982	scaffold=gi527308984	strand=+
12711_g              -            981 69048                -            287   1.1e-09   37.6   0.0   2   4   1.4e-12   1.1e-09   37.6   0.0   128   179   386   436   379   441 0.88 length=982	scaffold=gi527308984	strand=+
12711_g              -            981 69048                -            287   1.1e-09   37.6   0.0   3   4      0.12        99    1.6   0.0   201   222   716   737   711   757 0.83 length=982	scaffold=gi527308984	strand=+
12711_g              -            981 69048                -            287   1.1e-09   37.6   0.0   4   4     0.023        19    4.0   0.2   231   283   802   854   758   857 0.77 length=982	scaffold=gi527308984	strand=+
9812_g               -            981 69048                -            287   1.1e-09   37.6   0.0   1   4      0.24   1.9e+02    0.7   0.0    82    98   174   190   164   199 0.80 length=982	scaffold=gi528858384	strand=-
9812_g               -            981 69048                -            287   1.1e-09   37.6   0.0   2   4   1.4e-12   1.1e-09   37.6   0.0   128   179   386   436   379   441 0.88 length=982	scaffold=gi528858384	strand=-
9812_g               -            981 69048                -            287   1.1e-09   37.6   0.0   3   4      0.12        99    1.6   0.0   201   222   716   737   711   757 0.83 length=982	scaffold=gi528858384	strand=-
9812_g               -            981 69048                -            287   1.1e-09   37.6   0.0   4   4     0.023        19    4.0   0.2   231   283   802   854   758   857 0.77 length=982	scaffold=gi528858384	strand=-
4893_g               -            617 69048                -            287   3.1e-09   36.1   0.4   1   4      0.89   7.1e+02   -1.2   0.1    20    41     5    26     2    96 0.59 length=618	scaffold=gi528858389	strand=+
4893_g               -            617 69048                -            287   3.1e-09   36.1   0.4   2   4   0.00019      0.15   10.9   0.0   138   173   115   151   108   165 0.87 length=618	scaffold=gi528858389	strand=+
4893_g               -            617 69048                -            287   3.1e-09   36.1   0.4   3   4   0.00072      0.58    9.0   0.1   135   170   289   325   246   334 0.87 length=618	scaffold=gi528858389	strand=+
4893_g               -            617 69048                -            287   3.1e-09   36.1   0.4   4   4   0.00017      0.14   11.0   0.0   195   283   535   612   521   615 0.80 length=618	scaffold=gi528858389	strand=+
5365_g               -            617 69048                -            287   3.1e-09   36.1   0.4   1   4      0.89   7.1e+02   -1.2   0.1    20    41     5    26     2    96 0.59 length=618	scaffold=gi527313191	strand=+
5365_g               -            617 69048                -            287   3.1e-09   36.1   0.4   2   4   0.00019      0.15   10.9   0.0   138   173   115   151   108   165 0.87 length=618	scaffold=gi527313191	strand=+
5365_g               -            617 69048                -            287   3.1e-09   36.1   0.4   3   4   0.00072      0.58    9.0   0.1   135   170   289   325   246   334 0.87 length=618	scaffold=gi527313191	strand=+
5365_g               -            617 69048                -            287   3.1e-09   36.1   0.4   4   4   0.00017      0.14   11.0   0.0   195   283   535   612   521   615 0.80 length=618	scaffold=gi527313191	strand=+
10085_g              -            617 69048                -            287    0.0051   15.7   3.0   1   3    0.0032       2.5    6.9   0.0   140   169   263   292   257   322 0.86 length=618	scaffold=gi528858384	strand=+
10085_g              -            617 69048                -            287    0.0051   15.7   3.0   2   3    0.0047       3.7    6.3   0.0   138   176   369   408   365   443 0.82 length=618	scaffold=gi528858384	strand=+
10085_g              -            617 69048                -            287    0.0051   15.7   3.0   3   3      0.31   2.5e+02    0.3   0.0   204   226   558   580   531   586 0.78 length=618	scaffold=gi528858384	strand=+
1911_g               -           1216 69048                -            287     0.028   13.3   0.0   1   2   0.00014      0.11   11.3   0.0   137   169   285   318   280   332 0.90 length=1217	scaffold=gi528858392	strand=+
1911_g               -           1216 69048                -            287     0.028   13.3   0.0   2   2       1.3     1e+03   -1.7   0.0   137   155   431   449   423   464 0.72 length=1217	scaffold=gi528858392	strand=+
2350_g               -           1216 69048                -            287     0.028   13.3   0.0   1   2   0.00014      0.11   11.3   0.0   137   169   285   318   280   332 0.90 length=1217	scaffold=gi527314726	strand=-
2350_g               -           1216 69048                -            287     0.028   13.3   0.0   2   2       1.3     1e+03   -1.7   0.0   137   155   431   449   423   464 0.72 length=1217	scaffold=gi527314726	strand=-
12435_g              -           2640 69048                -            287      0.07   12.0   0.0   1   3     0.017        13    4.5   0.0   140   169   263   292   257   321 0.87 length=2641	scaffold=gi527308984	strand=-
12435_g              -           2640 69048                -            287      0.07   12.0   0.0   2   3     0.026        21    3.9   0.0   138   175   369   407   365   441 0.83 length=2641	scaffold=gi527308984	strand=-
12435_g              -           2640 69048                -            287      0.07   12.0   0.0   3   3         2   1.6e+03   -2.3   0.0   204   226   558   580   535   583 0.81 length=2641	scaffold=gi527308984	strand=-
13381_g              -            524 69048                -            287     0.072   11.9   0.0   1   2    0.0098       7.8    5.3   0.0   138   168    56    87    45    96 0.82 length=525	scaffold=gi527309735	strand=+
13381_g              -            524 69048                -            287     0.072   11.9   0.0   2   2     0.018        15    4.4   0.0   138   169   143   175   115   197 0.82 length=525	scaffold=gi527309735	strand=+
9287_g               -            524 69048                -            287     0.072   11.9   0.0   1   2    0.0098       7.8    5.3   0.0   138   168    56    87    45    96 0.82 length=525	scaffold=gi528858385	strand=-
9287_g               -            524 69048                -            287     0.072   11.9   0.0   2   2     0.018        15    4.4   0.0   138   169   143   175   115   197 0.82 length=525	scaffold=gi528858385	strand=-
12986_g              -            713 69048                -            287     0.078   11.8   0.0   1   1   0.00019      0.15   10.9   0.0   189   274   609   688   594   697 0.79 length=714	scaffold=gi527309735	strand=-
9675_g               -            713 69048                -            287     0.078   11.8   0.0   1   1   0.00019      0.15   10.9   0.0   189   274   609   688   594   697 0.79 length=714	scaffold=gi528858385	strand=+
6976_g               -            366 69048                -            287      0.17   10.8   0.2   1   2   0.00078      0.62    8.9   0.2   138   166   321   350   280   352 0.78 length=367	scaffold=gi528858387	strand=+
6976_g               -            366 69048                -            287      0.17   10.8   0.2   2   2   0.00066      0.53    9.1   0.1   138   168   321   352   318   361 0.88 length=367	scaffold=gi528858387	strand=+
7936_g               -            366 69048                -            287      0.17   10.8   0.2   1   2   0.00078      0.62    8.9   0.2   138   166   321   350   280   352 0.78 length=367	scaffold=gi527311550	strand=-
7936_g               -            366 69048                -            287      0.17   10.8   0.2   2   2   0.00066      0.53    9.1   0.1   138   168   321   352   318   361 0.88 length=367	scaffold=gi527311550	strand=-
12584_g              -           1522 69048                -            287       2.1    7.2   4.5   1   1    0.0071       5.6    5.7   4.5     9    58    73   125    65   130 0.78 length=1523	scaffold=gi527308984	strand=+
9939_g               -           1522 69048                -            287       2.1    7.2   4.5   1   1    0.0071       5.6    5.7   4.5     9    58    73   125    65   130 0.78 length=1523	scaffold=gi528858384	strand=-
#
# Program:         hmmsearch
# Version:         3.4 (Aug 2023)
# Pipeline mode:   SEARCH
# Query file:      /home/inf-20-2025/Malaria/busco_downloads/lineages/apicomplexa_odb12/hmms/69048at5794.hmm
# Target file:     /home/inf-20-2025/Malaria/Results/6_nobird_annotation/T_gondii.faa
# Option settings: hmmsearch --domtblout Results/8_busco/T_gondii/run_apicomplexa_odb12/hmmer_output/initial_run_results/69048at5794.out --cpu 1 /home/inf-20-2025/Malaria/busco_downloads/lineages/apicomplexa_odb12/hmms/69048at5794.hmm /home/inf-20-2025/Malaria/Results/6_nobird_annotation/T_gondii.faa 
# Current dir:     /home/inf-20-2025/Malaria
# Date:            Wed Mar  4 18:33:31 2026
# [ok]
