#                                                                            --- full sequence --- -------------- this domain -------------   hmm coord   ali coord   env coord
# target name        accession   tlen query name           accession   qlen   E-value  score  bias   #  of  c-Evalue  i-Evalue  score  bias  from    to  from    to  from    to  acc description of target
#------------------- ---------- ----- -------------------- ---------- ----- --------- ------ ----- --- --- --------- --------- ------ ----- ----- ----- ----- ----- ----- ----- ---- ---------------------
13577_g              -            546 69148                -            424  1.1e-263  874.3   1.8   1   1  6.9e-267  1.4e-263  874.1   1.8     1   423   102   534   102   535 0.96 length=547	scaffold=gi527309735	strand=+
9087_g               -            546 69148                -            424  1.1e-263  874.3   1.8   1   1  6.9e-267  1.4e-263  874.1   1.8     1   423   102   534   102   535 0.96 length=547	scaffold=gi528858385	strand=-
11059_g              -           1303 69148                -            424  6.4e-115  384.3   5.8   1   4   2.4e-22   4.7e-19   68.4   0.1    11    71   467   527   464   536 0.94 length=1304	scaffold=gi528858383	strand=+
11059_g              -           1303 69148                -            424  6.4e-115  384.3   5.8   2   4   1.6e-37   3.2e-34  118.4   0.1    80   187   728   826   723   843 0.93 length=1304	scaffold=gi528858383	strand=+
11059_g              -           1303 69148                -            424  6.4e-115  384.3   5.8   3   4   1.5e-55     3e-52  177.8   0.0   185   316   897  1028   886  1040 0.96 length=1304	scaffold=gi528858383	strand=+
11059_g              -           1303 69148                -            424  6.4e-115  384.3   5.8   4   4   1.8e-07   0.00036   19.4   0.1   328   379  1066  1117  1048  1146 0.77 length=1304	scaffold=gi528858383	strand=+
11856_g              -           1303 69148                -            424  6.4e-115  384.3   5.8   1   4   2.4e-22   4.7e-19   68.4   0.1    11    71   467   527   464   536 0.94 length=1304	scaffold=gi527307902	strand=+
11856_g              -           1303 69148                -            424  6.4e-115  384.3   5.8   2   4   1.6e-37   3.2e-34  118.4   0.1    80   187   728   826   723   843 0.93 length=1304	scaffold=gi527307902	strand=+
11856_g              -           1303 69148                -            424  6.4e-115  384.3   5.8   3   4   1.5e-55     3e-52  177.8   0.0   185   316   897  1028   886  1040 0.96 length=1304	scaffold=gi527307902	strand=+
11856_g              -           1303 69148                -            424  6.4e-115  384.3   5.8   4   4   1.8e-07   0.00036   19.4   0.1   328   379  1066  1117  1048  1146 0.77 length=1304	scaffold=gi527307902	strand=+
5013_g               -           2425 69148                -            424   1.7e-22   79.7   0.1   1   2   1.4e-12   2.8e-09   36.2   0.1   135   198   811   876   801   885 0.93 length=2426	scaffold=gi528858389	strand=-
5013_g               -           2425 69148                -            424   1.7e-22   79.7   0.1   2   2   4.3e-14   8.6e-11   41.2   0.0   198   272   918   992   914  1024 0.91 length=2426	scaffold=gi528858389	strand=-
5485_g               -           2425 69148                -            424   1.7e-22   79.7   0.1   1   2   1.4e-12   2.8e-09   36.2   0.1   135   198   811   876   801   885 0.93 length=2426	scaffold=gi527313191	strand=-
5485_g               -           2425 69148                -            424   1.7e-22   79.7   0.1   2   2   4.3e-14   8.6e-11   41.2   0.0   198   272   918   992   914  1024 0.91 length=2426	scaffold=gi527313191	strand=-
5989_g               -            989 69148                -            424   1.6e-09   37.0   0.0   1   2   1.6e-12   3.2e-09   36.0   0.0   130   214   700   787   690   800 0.85 length=990	scaffold=gi528858388	strand=+
5989_g               -            989 69148                -            424   1.6e-09   37.0   0.0   2   2       1.1   2.1e+03   -2.9   0.0   242   275   795   828   778   841 0.86 length=990	scaffold=gi528858388	strand=+
6262_g               -            989 69148                -            424   1.6e-09   37.0   0.0   1   2   1.6e-12   3.2e-09   36.0   0.0   130   214   700   787   690   800 0.85 length=990	scaffold=gi527312496	strand=-
6262_g               -            989 69148                -            424   1.6e-09   37.0   0.0   2   2       1.1   2.1e+03   -2.9   0.0   242   275   795   828   778   841 0.86 length=990	scaffold=gi527312496	strand=-
#
# Program:         hmmsearch
# Version:         3.4 (Aug 2023)
# Pipeline mode:   SEARCH
# Query file:      /home/inf-20-2025/Malaria/busco_downloads/lineages/apicomplexa_odb12/hmms/69148at5794.hmm
# Target file:     /home/inf-20-2025/Malaria/Results/6_nobird_annotation/T_gondii.faa
# Option settings: hmmsearch --domtblout Results/8_busco/T_gondii/run_apicomplexa_odb12/hmmer_output/initial_run_results/69148at5794.out --cpu 1 /home/inf-20-2025/Malaria/busco_downloads/lineages/apicomplexa_odb12/hmms/69148at5794.hmm /home/inf-20-2025/Malaria/Results/6_nobird_annotation/T_gondii.faa 
# Current dir:     /home/inf-20-2025/Malaria
# Date:            Wed Mar  4 18:33:35 2026
# [ok]
