#                                                                            --- full sequence --- -------------- this domain -------------   hmm coord   ali coord   env coord
# target name        accession   tlen query name           accession   qlen   E-value  score  bias   #  of  c-Evalue  i-Evalue  score  bias  from    to  from    to  from    to  acc description of target
#------------------- ---------- ----- -------------------- ---------- ----- --------- ------ ----- --- --- --------- --------- ------ ----- ----- ----- ----- ----- ----- ----- ---- ---------------------
10608_g              -            207 7921                 -            124   3.4e-51  172.4   4.1   1   1   8.2e-54   1.9e-50  170.0   4.1     4   124    26   163    23   163 0.92 length=208	scaffold=gi528858383	strand=-
11405_g              -            207 7921                 -            124   3.4e-51  172.4   4.1   1   1   8.2e-54   1.9e-50  170.0   4.1     4   124    26   163    23   163 0.92 length=208	scaffold=gi527307902	strand=-
5840_g               -            236 7921                 -            124   1.2e-05   25.2   0.1   1   1   8.7e-09     2e-05   24.5   0.1    46   114   119   190   110   201 0.82 length=237	scaffold=gi528858388	strand=+
6407_g               -            271 7921                 -            124   1.6e-05   24.8   0.1   1   1   1.1e-08   2.6e-05   24.1   0.1    46   114   154   225   145   236 0.82 length=272	scaffold=gi527312496	strand=-
5894_g               -            451 7921                 -            124      0.02   14.8   0.2   1   3      0.11   2.5e+02    1.6   0.0    14    43   181   209   171   216 0.80 length=452	scaffold=gi528858388	strand=+
5894_g               -            451 7921                 -            124      0.02   14.8   0.2   2   3     0.098   2.2e+02    1.7   0.1    43    73   275   305   255   311 0.90 length=452	scaffold=gi528858388	strand=+
5894_g               -            451 7921                 -            124      0.02   14.8   0.2   3   3    0.0018       4.2    7.3   0.0    86   124   383   421   340   421 0.85 length=452	scaffold=gi528858388	strand=+
10645_g              -            814 7921                 -            124     0.045   13.7   0.0   1   1    0.0001      0.23   11.4   0.0    30   114   223   319   193   326 0.69 length=815	scaffold=gi528858383	strand=-
11442_g              -            814 7921                 -            124     0.045   13.7   0.0   1   1    0.0001      0.23   11.4   0.0    30   114   223   319   193   326 0.69 length=815	scaffold=gi527307902	strand=-
#
# Program:         hmmsearch
# Version:         3.4 (Aug 2023)
# Pipeline mode:   SEARCH
# Query file:      /home/inf-20-2025/Malaria/busco_downloads/lineages/apicomplexa_odb12/hmms/7921at5794.hmm
# Target file:     /home/inf-20-2025/Malaria/Results/6_nobird_annotation/T_gondii.faa
# Option settings: hmmsearch --domtblout Results/8_busco/T_gondii/run_apicomplexa_odb12/hmmer_output/initial_run_results/7921at5794.out --cpu 1 /home/inf-20-2025/Malaria/busco_downloads/lineages/apicomplexa_odb12/hmms/7921at5794.hmm /home/inf-20-2025/Malaria/Results/6_nobird_annotation/T_gondii.faa 
# Current dir:     /home/inf-20-2025/Malaria
# Date:            Wed Mar  4 18:33:30 2026
# [ok]
