#                                                                            --- full sequence --- -------------- this domain -------------   hmm coord   ali coord   env coord
# target name        accession   tlen query name           accession   qlen   E-value  score  bias   #  of  c-Evalue  i-Evalue  score  bias  from    to  from    to  from    to  acc description of target
#------------------- ---------- ----- -------------------- ---------- ----- --------- ------ ----- --- --- --------- --------- ------ ----- ----- ----- ----- ----- ----- ----- ---- ---------------------
10744_g              -            423 8453                 -            248   1.1e-59  201.7   1.3   1   3   0.00094       3.7    6.7   0.0    24    47    14    37     7    41 0.89 length=424	scaffold=gi528858383	strand=-
10744_g              -            423 8453                 -            248   1.1e-59  201.7   1.3   2   3   2.2e-43   8.6e-40  136.5   0.1    44   135   133   227   115   229 0.91 length=424	scaffold=gi528858383	strand=-
10744_g              -            423 8453                 -            248   1.1e-59  201.7   1.3   3   3   1.2e-18   4.7e-15   55.5   0.1   135   182   370   417   367   421 0.95 length=424	scaffold=gi528858383	strand=-
11541_g              -            423 8453                 -            248   1.1e-59  201.7   1.3   1   3   0.00094       3.7    6.7   0.0    24    47    14    37     7    41 0.89 length=424	scaffold=gi527307902	strand=-
11541_g              -            423 8453                 -            248   1.1e-59  201.7   1.3   2   3   2.2e-43   8.6e-40  136.5   0.1    44   135   133   227   115   229 0.91 length=424	scaffold=gi527307902	strand=-
11541_g              -            423 8453                 -            248   1.1e-59  201.7   1.3   3   3   1.2e-18   4.7e-15   55.5   0.1   135   182   370   417   367   421 0.95 length=424	scaffold=gi527307902	strand=-
10745_g              -            263 8453                 -            248     0.065   12.5   0.0   1   1   2.2e-05     0.089   12.0   0.0     2    25   181   204   180   232 0.88 length=264	scaffold=gi528858383	strand=-
11542_g              -            263 8453                 -            248     0.065   12.5   0.0   1   1   2.2e-05     0.089   12.0   0.0     2    25   181   204   180   232 0.88 length=264	scaffold=gi527307902	strand=-
#
# Program:         hmmsearch
# Version:         3.4 (Aug 2023)
# Pipeline mode:   SEARCH
# Query file:      /home/inf-20-2025/Malaria/busco_downloads/lineages/apicomplexa_odb12/hmms/8453at5794.hmm
# Target file:     /home/inf-20-2025/Malaria/Results/6_nobird_annotation/T_gondii.faa
# Option settings: hmmsearch --domtblout Results/8_busco/T_gondii/run_apicomplexa_odb12/hmmer_output/initial_run_results/8453at5794.out --cpu 1 /home/inf-20-2025/Malaria/busco_downloads/lineages/apicomplexa_odb12/hmms/8453at5794.hmm /home/inf-20-2025/Malaria/Results/6_nobird_annotation/T_gondii.faa 
# Current dir:     /home/inf-20-2025/Malaria
# Date:            Wed Mar  4 18:33:33 2026
# [ok]
