#                                                                            --- full sequence --- -------------- this domain -------------   hmm coord   ali coord   env coord
# target name        accession   tlen query name           accession   qlen   E-value  score  bias   #  of  c-Evalue  i-Evalue  score  bias  from    to  from    to  from    to  acc description of target
#------------------- ---------- ----- -------------------- ---------- ----- --------- ------ ----- --- --- --------- --------- ------ ----- ----- ----- ----- ----- ----- ----- ---- ---------------------
4512_g               -            893 9051                 -            728         0 1048.3   8.8   1   2   5.2e-60   5.1e-57  193.5   0.3    14   218   144   370   123   381 0.85 length=894	scaffold=gi528858390	strand=+
4512_g               -            893 9051                 -            728         0 1048.3   8.8   2   2  2.5e-259  2.4e-256  852.5   3.2   213   727   388   892   384   893 0.95 length=894	scaffold=gi528858390	strand=+
8527_g               -            893 9051                 -            728         0 1048.3   8.8   1   2   5.2e-60   5.1e-57  193.5   0.3    14   218   144   370   123   381 0.85 length=894	scaffold=gi527313757	strand=+
8527_g               -            893 9051                 -            728         0 1048.3   8.8   2   2  2.5e-259  2.4e-256  852.5   3.2   213   727   388   892   384   893 0.95 length=894	scaffold=gi527313757	strand=+
12973_g              -           1129 9051                 -            728  3.7e-122  408.9   0.0   1   2   7.3e-37   7.2e-34  117.0   0.0    73   367   359   648   298   658 0.81 length=1130	scaffold=gi527309735	strand=-
12973_g              -           1129 9051                 -            728  3.7e-122  408.9   0.0   2   2   3.4e-88   3.4e-85  286.7   0.1   372   655   704  1007   692  1048 0.84 length=1130	scaffold=gi527309735	strand=-
9688_g               -           1129 9051                 -            728  3.7e-122  408.9   0.0   1   2   7.3e-37   7.2e-34  117.0   0.0    73   367   359   648   298   658 0.81 length=1130	scaffold=gi528858385	strand=+
9688_g               -           1129 9051                 -            728  3.7e-122  408.9   0.0   2   2   3.4e-88   3.4e-85  286.7   0.1   372   655   704  1007   692  1048 0.84 length=1130	scaffold=gi528858385	strand=+
10591_g              -            963 9051                 -            728  5.8e-114  381.8   3.7   1   3   5.5e-11   5.5e-08   31.5   0.0   137   282   131   272   108   276 0.80 length=964	scaffold=gi528858383	strand=-
10591_g              -            963 9051                 -            728  5.8e-114  381.8   3.7   2   3   4.3e-89   4.3e-86  289.7   0.0   319   544   354   579   330   596 0.93 length=964	scaffold=gi528858383	strand=-
10591_g              -            963 9051                 -            728  5.8e-114  381.8   3.7   3   3   1.8e-19   1.8e-16   59.5   1.0   547   648   655   753   640   774 0.84 length=964	scaffold=gi528858383	strand=-
11388_g              -            963 9051                 -            728  5.8e-114  381.8   3.7   1   3   5.5e-11   5.5e-08   31.5   0.0   137   282   131   272   108   276 0.80 length=964	scaffold=gi527307902	strand=-
11388_g              -            963 9051                 -            728  5.8e-114  381.8   3.7   2   3   4.3e-89   4.3e-86  289.7   0.0   319   544   354   579   330   596 0.93 length=964	scaffold=gi527307902	strand=-
11388_g              -            963 9051                 -            728  5.8e-114  381.8   3.7   3   3   1.8e-19   1.8e-16   59.5   1.0   547   648   655   753   640   774 0.84 length=964	scaffold=gi527307902	strand=-
10613_g              -           1573 9051                 -            728  4.4e-102  342.5   0.1   1   3   8.5e-14   8.4e-11   40.8   0.1   157   283   825   954   813   985 0.83 length=1574	scaffold=gi528858383	strand=+
10613_g              -           1573 9051                 -            728  4.4e-102  342.5   0.1   2   3   1.5e-20   1.4e-17   63.1   0.0   315   402  1045  1145  1036  1147 0.81 length=1574	scaffold=gi528858383	strand=+
10613_g              -           1573 9051                 -            728  4.4e-102  342.5   0.1   3   3     2e-72   1.9e-69  234.6   0.0   404   651  1208  1467  1189  1517 0.84 length=1574	scaffold=gi528858383	strand=+
11410_g              -           1573 9051                 -            728  4.4e-102  342.5   0.1   1   3   8.5e-14   8.4e-11   40.8   0.1   157   283   825   954   813   985 0.83 length=1574	scaffold=gi527307902	strand=+
11410_g              -           1573 9051                 -            728  4.4e-102  342.5   0.1   2   3   1.5e-20   1.4e-17   63.1   0.0   315   402  1045  1145  1036  1147 0.81 length=1574	scaffold=gi527307902	strand=+
11410_g              -           1573 9051                 -            728  4.4e-102  342.5   0.1   3   3     2e-72   1.9e-69  234.6   0.0   404   651  1208  1467  1189  1517 0.84 length=1574	scaffold=gi527307902	strand=+
10449_g              -           1501 9051                 -            728   2.7e-98  330.0   0.0   1   3     0.034        33    2.4   0.0   103   180   192   266    92   274 0.74 length=1502	scaffold=gi528858384	strand=-
10449_g              -           1501 9051                 -            728   2.7e-98  330.0   0.0   2   3   8.3e-95   8.3e-92  308.6   0.0   232   524   432   726   427   775 0.93 length=1502	scaffold=gi528858384	strand=-
10449_g              -           1501 9051                 -            728   2.7e-98  330.0   0.0   3   3   1.2e-05     0.012   13.8   0.0   570   639   896   978   846   990 0.74 length=1502	scaffold=gi528858384	strand=-
12810_g              -           1501 9051                 -            728   2.7e-98  330.0   0.0   1   3     0.034        33    2.4   0.0   103   180   192   266    92   274 0.74 length=1502	scaffold=gi527308853	strand=+
12810_g              -           1501 9051                 -            728   2.7e-98  330.0   0.0   2   3   8.3e-95   8.3e-92  308.6   0.0   232   524   432   726   427   775 0.93 length=1502	scaffold=gi527308853	strand=+
12810_g              -           1501 9051                 -            728   2.7e-98  330.0   0.0   3   3   1.2e-05     0.012   13.8   0.0   570   639   896   978   846   990 0.74 length=1502	scaffold=gi527308853	strand=+
9596_g               -           1161 9051                 -            728   1.3e-82  278.2   9.2   1   5       2.4   2.3e+03   -3.7   0.1   150   191   332   373   330   375 0.92 length=1162	scaffold=gi528858385	strand=+
9596_g               -           1161 9051                 -            728   1.3e-82  278.2   9.2   2   5    0.0001       0.1   10.7   0.0   209   274   472   533   452   538 0.79 length=1162	scaffold=gi528858385	strand=+
9596_g               -           1161 9051                 -            728   1.3e-82  278.2   9.2   3   5   3.6e-76   3.6e-73  246.9   0.2   305   516   612   824   573   827 0.91 length=1162	scaffold=gi528858385	strand=+
9596_g               -           1161 9051                 -            728   1.3e-82  278.2   9.2   4   5     4e-06     0.004   15.4   0.1   515   547   899   931   892   945 0.88 length=1162	scaffold=gi528858385	strand=+
9596_g               -           1161 9051                 -            728   1.3e-82  278.2   9.2   5   5   0.00071      0.71    7.9   0.0   552   647   965  1060   954  1095 0.85 length=1162	scaffold=gi528858385	strand=+
13070_g              -           1163 9051                 -            728   1.3e-82  278.2   9.2   1   5       2.4   2.4e+03   -3.7   0.1   150   191   332   373   330   375 0.92 length=1164	scaffold=gi527309735	strand=-
13070_g              -           1163 9051                 -            728   1.3e-82  278.2   9.2   2   5    0.0001       0.1   10.7   0.0   209   274   472   533   452   538 0.79 length=1164	scaffold=gi527309735	strand=-
13070_g              -           1163 9051                 -            728   1.3e-82  278.2   9.2   3   5   3.7e-76   3.6e-73  246.9   0.2   305   516   612   824   573   827 0.91 length=1164	scaffold=gi527309735	strand=-
13070_g              -           1163 9051                 -            728   1.3e-82  278.2   9.2   4   5     4e-06     0.004   15.4   0.1   515   547   899   931   892   945 0.88 length=1164	scaffold=gi527309735	strand=-
13070_g              -           1163 9051                 -            728   1.3e-82  278.2   9.2   5   5   0.00072      0.71    7.9   0.0   552   647   965  1060   954  1095 0.85 length=1164	scaffold=gi527309735	strand=-
10316_g              -           1595 9051                 -            728   7.7e-47  159.9   3.2   1   4   0.00039      0.39    8.8   0.0   373   400  1089  1116  1079  1125 0.86 length=1596	scaffold=gi528858384	strand=+
10316_g              -           1595 9051                 -            728   7.7e-47  159.9   3.2   2   4    0.0095       9.4    4.2   0.1   404   432  1157  1186  1150  1190 0.89 length=1596	scaffold=gi528858384	strand=+
10316_g              -           1595 9051                 -            728   7.7e-47  159.9   3.2   3   4   1.7e-27   1.7e-24   86.0   0.1   434   536  1219  1325  1210  1336 0.92 length=1596	scaffold=gi528858384	strand=+
10316_g              -           1595 9051                 -            728   7.7e-47  159.9   3.2   4   4   4.8e-19   4.8e-16   58.1   0.0   540   648  1357  1464  1350  1504 0.91 length=1596	scaffold=gi528858384	strand=+
12209_g              -           1595 9051                 -            728   7.7e-47  159.9   3.2   1   4   0.00039      0.39    8.8   0.0   373   400  1089  1116  1079  1125 0.86 length=1596	scaffold=gi527308984	strand=-
12209_g              -           1595 9051                 -            728   7.7e-47  159.9   3.2   2   4    0.0095       9.4    4.2   0.1   404   432  1157  1186  1150  1190 0.89 length=1596	scaffold=gi527308984	strand=-
12209_g              -           1595 9051                 -            728   7.7e-47  159.9   3.2   3   4   1.7e-27   1.7e-24   86.0   0.1   434   536  1219  1325  1210  1336 0.92 length=1596	scaffold=gi527308984	strand=-
12209_g              -           1595 9051                 -            728   7.7e-47  159.9   3.2   4   4   4.8e-19   4.8e-16   58.1   0.0   540   648  1357  1464  1350  1504 0.91 length=1596	scaffold=gi527308984	strand=-
7273_g               -           1071 9051                 -            728   8.1e-18   64.0   1.7   1   3      0.78   7.8e+02   -2.1   0.0   340   365   614   639   610   644 0.85 length=1072	scaffold=gi528858387	strand=-
7273_g               -           1071 9051                 -            728   8.1e-18   64.0   1.7   2   3      0.75   7.5e+02   -2.0   0.0   366   394   798   826   796   831 0.91 length=1072	scaffold=gi528858387	strand=-
7273_g               -           1071 9051                 -            728   8.1e-18   64.0   1.7   3   3   2.6e-20   2.5e-17   62.3   0.7   411   474   960  1024   958  1030 0.94 length=1072	scaffold=gi528858387	strand=-
7645_g               -           1071 9051                 -            728   8.1e-18   64.0   1.7   1   3      0.78   7.8e+02   -2.1   0.0   340   365   614   639   610   644 0.85 length=1072	scaffold=gi527311550	strand=+
7645_g               -           1071 9051                 -            728   8.1e-18   64.0   1.7   2   3      0.75   7.5e+02   -2.0   0.0   366   394   798   826   796   831 0.91 length=1072	scaffold=gi527311550	strand=+
7645_g               -           1071 9051                 -            728   8.1e-18   64.0   1.7   3   3   2.6e-20   2.5e-17   62.3   0.7   411   474   960  1024   958  1030 0.94 length=1072	scaffold=gi527311550	strand=+
#
# Program:         hmmsearch
# Version:         3.4 (Aug 2023)
# Pipeline mode:   SEARCH
# Query file:      /home/inf-20-2025/Malaria/busco_downloads/lineages/apicomplexa_odb12/hmms/9051at5794.hmm
# Target file:     /home/inf-20-2025/Malaria/Results/6_nobird_annotation/T_gondii.faa
# Option settings: hmmsearch --domtblout Results/8_busco/T_gondii/run_apicomplexa_odb12/hmmer_output/initial_run_results/9051at5794.out --cpu 1 /home/inf-20-2025/Malaria/busco_downloads/lineages/apicomplexa_odb12/hmms/9051at5794.hmm /home/inf-20-2025/Malaria/Results/6_nobird_annotation/T_gondii.faa 
# Current dir:     /home/inf-20-2025/Malaria
# Date:            Wed Mar  4 18:33:33 2026
# [ok]
