#                                                                            --- full sequence --- -------------- this domain -------------   hmm coord   ali coord   env coord
# target name        accession   tlen query name           accession   qlen   E-value  score  bias   #  of  c-Evalue  i-Evalue  score  bias  from    to  from    to  from    to  acc description of target
#------------------- ---------- ----- -------------------- ---------- ----- --------- ------ ----- --- --- --------- --------- ------ ----- ----- ----- ----- ----- ----- ----- ---- ---------------------
7247_g               -           1133 9198                 -            267   2.2e-33  115.3   0.7   1   2   4.2e-09   1.1e-05   24.5   0.0    10    40   959   989   952   994 0.87 length=1134	scaffold=gi528858387	strand=-
7247_g               -           1133 9198                 -            267   2.2e-33  115.3   0.7   2   2   1.3e-27   3.4e-24   85.2   0.2    38   119  1022  1121  1018  1126 0.80 length=1134	scaffold=gi528858387	strand=-
7671_g               -           1133 9198                 -            267   2.2e-33  115.3   0.7   1   2   4.2e-09   1.1e-05   24.5   0.0    10    40   959   989   952   994 0.87 length=1134	scaffold=gi527311550	strand=+
7671_g               -           1133 9198                 -            267   2.2e-33  115.3   0.7   2   2   1.3e-27   3.4e-24   85.2   0.2    38   119  1022  1121  1018  1126 0.80 length=1134	scaffold=gi527311550	strand=+
7246_g               -            953 9198                 -            267   7.2e-25   87.4   1.9   1   3    0.0014       3.7    6.4   0.0   116   140    28    52    20    59 0.86 length=954	scaffold=gi528858387	strand=-
7246_g               -            953 9198                 -            267   7.2e-25   87.4   1.9   2   3   5.3e-16   1.4e-12   47.1   0.1   179   227   550   599   544   606 0.90 length=954	scaffold=gi528858387	strand=-
7246_g               -            953 9198                 -            267   7.2e-25   87.4   1.9   3   3   2.5e-11   6.6e-08   31.8   0.1   225   266   721   762   711   763 0.88 length=954	scaffold=gi528858387	strand=-
7672_g               -            953 9198                 -            267   7.2e-25   87.4   1.9   1   3    0.0014       3.7    6.4   0.0   116   140    28    52    20    59 0.86 length=954	scaffold=gi527311550	strand=+
7672_g               -            953 9198                 -            267   7.2e-25   87.4   1.9   2   3   5.3e-16   1.4e-12   47.1   0.1   179   227   550   599   544   606 0.90 length=954	scaffold=gi527311550	strand=+
7672_g               -            953 9198                 -            267   7.2e-25   87.4   1.9   3   3   2.5e-11   6.6e-08   31.8   0.1   225   266   721   762   711   763 0.88 length=954	scaffold=gi527311550	strand=+
1489_g               -            475 9198                 -            267   3.1e-14   52.6   0.0   1   2   3.3e-05     0.086   11.7   0.0    17    40   242   265   227   270 0.82 length=476	scaffold=gi527315005	strand=-
1489_g               -            475 9198                 -            267   3.1e-14   52.6   0.0   2   2     2e-13   5.3e-10   38.7   0.0   143   240   354   449   339   465 0.92 length=476	scaffold=gi527315005	strand=-
1149_g               -            492 9198                 -            267   3.5e-14   52.3   0.0   1   2   3.4e-05      0.09   11.7   0.0    17    40   242   265   227   270 0.82 length=493	scaffold=gi528858393	strand=+
1149_g               -            492 9198                 -            267   3.5e-14   52.3   0.0   2   2   2.2e-13   5.9e-10   38.5   0.0   143   240   354   449   339   463 0.92 length=493	scaffold=gi528858393	strand=+
#
# Program:         hmmsearch
# Version:         3.4 (Aug 2023)
# Pipeline mode:   SEARCH
# Query file:      /home/inf-20-2025/Malaria/busco_downloads/lineages/apicomplexa_odb12/hmms/9198at5794.hmm
# Target file:     /home/inf-20-2025/Malaria/Results/6_nobird_annotation/T_gondii.faa
# Option settings: hmmsearch --domtblout Results/8_busco/T_gondii/run_apicomplexa_odb12/hmmer_output/initial_run_results/9198at5794.out --cpu 1 /home/inf-20-2025/Malaria/busco_downloads/lineages/apicomplexa_odb12/hmms/9198at5794.hmm /home/inf-20-2025/Malaria/Results/6_nobird_annotation/T_gondii.faa 
# Current dir:     /home/inf-20-2025/Malaria
# Date:            Wed Mar  4 18:33:33 2026
# [ok]
