#                                                                            --- full sequence --- -------------- this domain -------------   hmm coord   ali coord   env coord
# target name        accession   tlen query name           accession   qlen   E-value  score  bias   #  of  c-Evalue  i-Evalue  score  bias  from    to  from    to  from    to  acc description of target
#------------------- ---------- ----- -------------------- ---------- ----- --------- ------ ----- --- --- --------- --------- ------ ----- ----- ----- ----- ----- ----- ----- ---- ---------------------
545_g                -            954 9722                 -            373  2.7e-138  460.4   3.5   1   2   1.3e-35   3.3e-32  111.3   0.0     4   110   455   566   452   582 0.91 length=955	scaffold=gi528858395	strand=-
545_g                -            954 9722                 -            373  2.7e-138  460.4   3.5   2   2  1.6e-107  4.2e-104  347.9   2.6   112   372   666   942   658   943 0.92 length=955	scaffold=gi528858395	strand=-
629_g                -            954 9722                 -            373  2.7e-138  460.4   3.5   1   2   1.3e-35   3.3e-32  111.3   0.0     4   110   455   566   452   582 0.91 length=955	scaffold=gi527315607	strand=+
629_g                -            954 9722                 -            373  2.7e-138  460.4   3.5   2   2  1.6e-107  4.2e-104  347.9   2.6   112   372   666   942   658   943 0.92 length=955	scaffold=gi527315607	strand=+
4769_g               -            631 9722                 -            373   1.4e-22   79.6   0.0   1   2   2.7e-21   7.1e-18   64.1   0.0    39   183   293   444   263   449 0.81 length=632	scaffold=gi528858389	strand=-
4769_g               -            631 9722                 -            373   1.4e-22   79.6   0.0   2   2     7e-06     0.018   13.4   0.0   260   371   506   623   491   625 0.77 length=632	scaffold=gi528858389	strand=-
5241_g               -            631 9722                 -            373   1.4e-22   79.6   0.0   1   2   2.7e-21   7.1e-18   64.1   0.0    39   183   293   444   263   449 0.81 length=632	scaffold=gi527313191	strand=-
5241_g               -            631 9722                 -            373   1.4e-22   79.6   0.0   2   2     7e-06     0.018   13.4   0.0   260   371   506   623   491   625 0.77 length=632	scaffold=gi527313191	strand=-
11028_g              -            637 9722                 -            373   2.7e-05   22.7   0.0   1   3    0.0082        22    3.3   0.0    36    73   168   207   151   213 0.70 length=638	scaffold=gi528858383	strand=+
11028_g              -            637 9722                 -            373   2.7e-05   22.7   0.0   2   3   8.4e-06     0.022   13.1   0.0    15    84   287   357   281   373 0.76 length=638	scaffold=gi528858383	strand=+
11028_g              -            637 9722                 -            373   2.7e-05   22.7   0.0   3   3     0.018        47    2.2   0.0   303   366   559   620   555   625 0.77 length=638	scaffold=gi528858383	strand=+
11825_g              -            637 9722                 -            373   2.7e-05   22.7   0.0   1   3    0.0082        22    3.3   0.0    36    73   168   207   151   213 0.70 length=638	scaffold=gi527307902	strand=+
11825_g              -            637 9722                 -            373   2.7e-05   22.7   0.0   2   3   8.4e-06     0.022   13.1   0.0    15    84   287   357   281   373 0.76 length=638	scaffold=gi527307902	strand=+
11825_g              -            637 9722                 -            373   2.7e-05   22.7   0.0   3   3     0.018        47    2.2   0.0   303   366   559   620   555   625 0.77 length=638	scaffold=gi527307902	strand=+
#
# Program:         hmmsearch
# Version:         3.4 (Aug 2023)
# Pipeline mode:   SEARCH
# Query file:      /home/inf-20-2025/Malaria/busco_downloads/lineages/apicomplexa_odb12/hmms/9722at5794.hmm
# Target file:     /home/inf-20-2025/Malaria/Results/6_nobird_annotation/T_gondii.faa
# Option settings: hmmsearch --domtblout Results/8_busco/T_gondii/run_apicomplexa_odb12/hmmer_output/initial_run_results/9722at5794.out --cpu 1 /home/inf-20-2025/Malaria/busco_downloads/lineages/apicomplexa_odb12/hmms/9722at5794.hmm /home/inf-20-2025/Malaria/Results/6_nobird_annotation/T_gondii.faa 
# Current dir:     /home/inf-20-2025/Malaria
# Date:            Wed Mar  4 18:33:40 2026
# [ok]
