#                                                                            --- full sequence --- -------------- this domain -------------   hmm coord   ali coord   env coord
# target name        accession   tlen query name           accession   qlen   E-value  score  bias   #  of  c-Evalue  i-Evalue  score  bias  from    to  from    to  from    to  acc description of target
#------------------- ---------- ----- -------------------- ---------- ----- --------- ------ ----- --- --- --------- --------- ------ ----- ----- ----- ----- ----- ----- ----- ---- ---------------------
4315_g               -           1599 9903                 -            284   2.1e-71  240.1   9.9   1   4   2.2e-05      0.17   10.7   0.0     2    21  1071  1090  1070  1097 0.88 length=1600	scaffold=gi528858390	strand=-
4315_g               -           1599 9903                 -            284   2.1e-71  240.1   9.9   2   4   1.2e-57   9.9e-54  182.1   1.0    47   192  1175  1335  1169  1352 0.87 length=1600	scaffold=gi528858390	strand=-
4315_g               -           1599 9903                 -            284   2.1e-71  240.1   9.9   3   4   2.5e-15     2e-11   43.3   0.0   187   240  1419  1472  1406  1495 0.81 length=1600	scaffold=gi528858390	strand=-
4315_g               -           1599 9903                 -            284   2.1e-71  240.1   9.9   4   4   0.00046       3.7    6.3   0.2   250   278  1528  1556  1522  1562 0.85 length=1600	scaffold=gi528858390	strand=-
8292_g               -           1599 9903                 -            284   2.1e-71  240.1   9.9   1   4   2.2e-05      0.17   10.7   0.0     2    21  1071  1090  1070  1097 0.88 length=1600	scaffold=gi527313991	strand=+
8292_g               -           1599 9903                 -            284   2.1e-71  240.1   9.9   2   4   1.2e-57   9.9e-54  182.1   1.0    47   192  1175  1335  1169  1352 0.87 length=1600	scaffold=gi527313991	strand=+
8292_g               -           1599 9903                 -            284   2.1e-71  240.1   9.9   3   4   2.5e-15     2e-11   43.3   0.0   187   240  1419  1472  1406  1495 0.81 length=1600	scaffold=gi527313991	strand=+
8292_g               -           1599 9903                 -            284   2.1e-71  240.1   9.9   4   4   0.00046       3.7    6.3   0.2   250   278  1528  1556  1522  1562 0.85 length=1600	scaffold=gi527313991	strand=+
#
# Program:         hmmsearch
# Version:         3.4 (Aug 2023)
# Pipeline mode:   SEARCH
# Query file:      /home/inf-20-2025/Malaria/busco_downloads/lineages/apicomplexa_odb12/hmms/9903at5794.hmm
# Target file:     /home/inf-20-2025/Malaria/Results/6_nobird_annotation/T_gondii.faa
# Option settings: hmmsearch --domtblout Results/8_busco/T_gondii/run_apicomplexa_odb12/hmmer_output/initial_run_results/9903at5794.out --cpu 1 /home/inf-20-2025/Malaria/busco_downloads/lineages/apicomplexa_odb12/hmms/9903at5794.hmm /home/inf-20-2025/Malaria/Results/6_nobird_annotation/T_gondii.faa 
# Current dir:     /home/inf-20-2025/Malaria
# Date:            Wed Mar  4 18:33:41 2026
# [ok]
