#                                                                            --- full sequence --- -------------- this domain -------------   hmm coord   ali coord   env coord
# target name        accession   tlen query name           accession   qlen   E-value  score  bias   #  of  c-Evalue  i-Evalue  score  bias  from    to  from    to  from    to  acc description of target
#------------------- ---------- ----- -------------------- ---------- ----- --------- ------ ----- --- --- --------- --------- ------ ----- ----- ----- ----- ----- ----- ----- ---- ---------------------
4472_g               -            850 10895                -            485  3.4e-149  496.0  33.6   1   3   8.7e-85   2.7e-82  275.3   9.1     1   248     1   255     1   266 0.91 length=851	scaffold=chromosome5	strand=-
4472_g               -            850 10895                -            485  3.4e-149  496.0  33.6   2   3      0.62   1.9e+02   -1.2   0.0   209   236   252   280   248   281 0.79 length=851	scaffold=chromosome5	strand=-
4472_g               -            850 10895                -            485  3.4e-149  496.0  33.6   3   3   3.3e-70     1e-67  227.3  15.1   215   481   324   606   310   611 0.91 length=851	scaffold=chromosome5	strand=-
3493_g               -            509 10895                -            485     3e-13   47.6   0.4   1   1   1.7e-15   5.1e-13   46.9   0.4    33   142    85   200    68   214 0.77 length=510	scaffold=chromosome6	strand=+
2463_g               -            735 10895                -            485   8.4e-11   39.6   0.1   1   1   5.2e-13   1.6e-10   38.6   0.1    49   200   433   592   400   612 0.83 length=736	scaffold=chromosome12	strand=-
1505_g               -            293 10895                -            485   7.6e-10   36.4   4.8   1   1   3.2e-12   9.8e-10   36.0   4.8    38   147    43   160     9   216 0.72 length=294	scaffold=chromosome14	strand=+
4905_g               -            524 10895                -            485   1.5e-09   35.4   1.2   1   1   8.3e-12   2.6e-09   34.7   1.2    59   145   108   202    82   223 0.79 length=525	scaffold=chromosome2	strand=+
3801_g               -            546 10895                -            485   3.8e-09   34.1   0.2   1   1   2.2e-11   6.6e-09   33.3   0.2    59   139   155   243   122   249 0.82 length=547	scaffold=chromosome3	strand=+
534_g                -            288 10895                -            485   1.3e-08   32.4   0.0   1   1     6e-11   1.8e-08   31.8   0.0    45   226    29   224     9   250 0.74 length=289	scaffold=chromosome13	strand=-
359_g                -            568 10895                -            485   2.6e-08   31.3   1.3   1   2   9.1e-11   2.8e-08   31.2   0.2    47   141   153   252   125   258 0.74 length=569	scaffold=chromosome13	strand=-
359_g                -            568 10895                -            485   2.6e-08   31.3   1.3   2   2         3   9.1e+02   -3.4   0.1    16    42   360   386   351   413 0.76 length=569	scaffold=chromosome13	strand=-
3137_g               -            324 10895                -            485   4.3e-08   30.6   0.2   1   1   1.9e-10   5.7e-08   30.2   0.2    66   159    61   161    17   238 0.80 length=325	scaffold=chromosome10	strand=+
1569_g               -            914 10895                -            485   1.4e-07   28.9   0.1   1   1   8.5e-10   2.6e-07   28.0   0.1    76   219    80   240    38   250 0.78 length=915	scaffold=chromosome14	strand=-
4685_g               -            295 10895                -            485   2.3e-07   28.2   1.1   1   1   1.6e-09     5e-07   27.1   1.1    45   164    44   175    21   212 0.82 length=296	scaffold=chromosome5	strand=+
1145_g               -            528 10895                -            485     8e-07   26.4   0.3   1   1   4.3e-09   1.3e-06   25.7   0.3    47   145    98   204    87   225 0.85 length=529	scaffold=chromosome7	strand=+
1160_g               -            310 10895                -            485     3e-06   24.5   2.0   1   1   2.1e-08   6.5e-06   23.4   2.0    54   165    37   160    21   199 0.78 length=311	scaffold=chromosome7	strand=+
1619_g               -            868 10895                -            485   8.1e-06   23.1   0.0   1   1   4.3e-08   1.3e-05   22.4   0.0    76   161   613   706   597   741 0.85 length=869	scaffold=chromosome14	strand=-
3907_g               -            319 10895                -            485   4.9e-05   20.5   0.1   1   1   2.8e-07   8.7e-05   19.7   0.1    78   145    80   156    76   174 0.81 length=320	scaffold=chromosome3	strand=+
3442_g               -            353 10895                -            485   0.00013   19.1   2.2   1   1   6.2e-07   0.00019   18.6   2.2    40   163    52   184    40   201 0.80 length=354	scaffold=chromosome6	strand=+
2618_g               -            335 10895                -            485    0.0027   14.8   0.0   1   1   1.1e-05    0.0035   14.4   0.0    77   145    96   171    45   231 0.76 length=336	scaffold=chromosome11	strand=+
#
# Program:         hmmsearch
# Version:         3.4 (Aug 2023)
# Pipeline mode:   SEARCH
# Query file:      /home/inf-20-2025/Malaria/busco_downloads/lineages/apicomplexa_odb12/hmms/10895at5794.hmm
# Target file:     /home/inf-20-2025/Malaria/Results/6_nobird_annotation/P_faciparum.faa
# Option settings: hmmsearch --domtblout Results/8_busco/P_faciparum/run_apicomplexa_odb12/hmmer_output/initial_run_results/10895at5794.out --cpu 1 /home/inf-20-2025/Malaria/busco_downloads/lineages/apicomplexa_odb12/hmms/10895at5794.hmm /home/inf-20-2025/Malaria/Results/6_nobird_annotation/P_faciparum.faa 
# Current dir:     /home/inf-20-2025/Malaria
# Date:            Wed Mar  4 18:31:08 2026
# [ok]
