#                                                                            --- full sequence --- -------------- this domain -------------   hmm coord   ali coord   env coord
# target name        accession   tlen query name           accession   qlen   E-value  score  bias   #  of  c-Evalue  i-Evalue  score  bias  from    to  from    to  from    to  acc description of target
#------------------- ---------- ----- -------------------- ---------- ----- --------- ------ ----- --- --- --------- --------- ------ ----- ----- ----- ----- ----- ----- ----- ---- ---------------------
694_g                -            549 11080                -            389  2.3e-151  502.4  22.2   1   2   1.9e-74   8.9e-72  240.4   6.4     1   210    98   331    98   339 0.89 length=550	scaffold=chromosome8	strand=-
694_g                -            549 11080                -            389  2.3e-151  502.4  22.2   2   2   3.5e-80   1.6e-77  259.3   8.2   195   389   339   543   331   543 0.91 length=550	scaffold=chromosome8	strand=-
2411_g               -            483 11080                -            389   6.1e-12   43.4   7.4   1   3   8.2e-10   3.9e-07   27.6   0.4    52   201   142   294   114   316 0.66 length=484	scaffold=chromosome12	strand=-
2411_g               -            483 11080                -            389   6.1e-12   43.4   7.4   2   3     1e-09   4.9e-07   27.3   1.5    81   202   217   347   200   351 0.76 length=484	scaffold=chromosome12	strand=-
2411_g               -            483 11080                -            389   6.1e-12   43.4   7.4   3   3    0.0013      0.62    7.2   0.2   139   220   330   413   322   416 0.91 length=484	scaffold=chromosome12	strand=-
441_g                -            363 11080                -            389   5.9e-10   36.9   4.2   1   3   4.6e-07   0.00022   18.6   0.2   112   201    58   148    30   160 0.72 length=364	scaffold=chromosome13	strand=-
441_g                -            363 11080                -            389   5.9e-10   36.9   4.2   2   3     3e-07   0.00014   19.2   0.1   126   201   179   252   162   264 0.83 length=364	scaffold=chromosome13	strand=-
441_g                -            363 11080                -            389   5.9e-10   36.9   4.2   3   3       2.7   1.3e+03   -3.7   0.0   122   193   329   355   318   359 0.49 length=364	scaffold=chromosome13	strand=-
411_g                -            648 11080                -            389   5.3e-09   33.8   0.9   1   2    0.0038       1.8    5.7   0.0   119   176   238   297   216   310 0.81 length=649	scaffold=chromosome13	strand=+
411_g                -            648 11080                -            389   5.3e-09   33.8   0.9   2   2   3.6e-09   1.7e-06   25.5   0.2    86   201   443   556   412   570 0.87 length=649	scaffold=chromosome13	strand=+
3469_g               -            346 11080                -            389   1.1e-08   32.7   2.8   1   2      0.21     1e+02   -0.1   0.0    47    87    99   140    95   146 0.77 length=347	scaffold=chromosome6	strand=-
3469_g               -            346 11080                -            389   1.1e-08   32.7   2.8   2   2   3.6e-11   1.7e-08   32.1   0.9    68   204   165   304   145   317 0.76 length=347	scaffold=chromosome6	strand=-
924_g                -            323 11080                -            389   3.4e-08   31.1   1.1   1   3   4.1e-06     0.002   15.4   0.2    71   217    62   213    49   218 0.81 length=324	scaffold=chromosome8	strand=-
924_g                -            323 11080                -            389   3.4e-08   31.1   1.1   2   3   1.2e-05    0.0056   13.9   0.0    94   202   175   277   174   287 0.86 length=324	scaffold=chromosome8	strand=-
924_g                -            323 11080                -            389   3.4e-08   31.1   1.1   3   3   1.6e-05    0.0074   13.5   0.0    53   151   214   320   209   323 0.79 length=324	scaffold=chromosome8	strand=-
3725_g               -            600 11080                -            389   1.1e-06   26.2   0.1   1   3         6   2.9e+03   -4.9   7.0   340   375   144   179   101   191 0.70 length=601	scaffold=chromosome3	strand=-
3725_g               -            600 11080                -            389   1.1e-06   26.2   0.1   2   3   2.3e-09   1.1e-06   26.2   0.1    43   186   332   482   305   499 0.80 length=601	scaffold=chromosome3	strand=-
3725_g               -            600 11080                -            389   1.1e-06   26.2   0.1   3   3    0.0045       2.1    5.4   0.0   130   204   510   588   494   599 0.67 length=601	scaffold=chromosome3	strand=-
3788_g               -            532 11080                -            389   1.1e-05   22.8   0.1   1   4      0.89   4.2e+02   -2.1   1.6   322   361   128   167   100   198 0.67 length=533	scaffold=chromosome3	strand=+
3788_g               -            532 11080                -            389   1.1e-05   22.8   0.1   2   4     0.069        33    1.5   0.1   166   204   255   293   206   299 0.76 length=533	scaffold=chromosome3	strand=+
3788_g               -            532 11080                -            389   1.1e-05   22.8   0.1   3   4      0.12        56    0.8   0.1   261   282   312   333   304   354 0.71 length=533	scaffold=chromosome3	strand=+
3788_g               -            532 11080                -            389   1.1e-05   22.8   0.1   4   4   2.4e-08   1.1e-05   22.8   0.1    55   161   350   460   343   505 0.70 length=533	scaffold=chromosome3	strand=+
4398_g               -            446 11080                -            389   3.1e-05   21.3   0.0   1   2      0.14        66    0.5   0.0   119   162   151   196   128   207 0.58 length=447	scaffold=chromosome1	strand=-
4398_g               -            446 11080                -            389   3.1e-05   21.3   0.0   2   2   7.9e-07   0.00038   17.8   0.0    84   195   255   368   231   377 0.77 length=447	scaffold=chromosome1	strand=-
281_g                -            582 11080                -            389   0.00037   17.8   0.1   1   1   2.5e-06    0.0012   16.1   0.1    93   198   403   511   380   521 0.69 length=583	scaffold=chromosome13	strand=-
1138_g               -            327 11080                -            389   0.00096   16.5   0.2   1   3    0.0066       3.1    4.9   0.0   123   202    54   137     7   142 0.75 length=328	scaffold=chromosome7	strand=-
1138_g               -            327 11080                -            389   0.00096   16.5   0.2   2   3   9.3e-05     0.044   11.0   0.1    63   161   127   225   124   270 0.76 length=328	scaffold=chromosome7	strand=-
1138_g               -            327 11080                -            389   0.00096   16.5   0.2   3   3      0.95   4.5e+02   -2.2   0.0   136   173   262   298   245   303 0.74 length=328	scaffold=chromosome7	strand=-
#
# Program:         hmmsearch
# Version:         3.4 (Aug 2023)
# Pipeline mode:   SEARCH
# Query file:      /home/inf-20-2025/Malaria/busco_downloads/lineages/apicomplexa_odb12/hmms/11080at5794.hmm
# Target file:     /home/inf-20-2025/Malaria/Results/6_nobird_annotation/P_faciparum.faa
# Option settings: hmmsearch --domtblout Results/8_busco/P_faciparum/run_apicomplexa_odb12/hmmer_output/initial_run_results/11080at5794.out --cpu 1 /home/inf-20-2025/Malaria/busco_downloads/lineages/apicomplexa_odb12/hmms/11080at5794.hmm /home/inf-20-2025/Malaria/Results/6_nobird_annotation/P_faciparum.faa 
# Current dir:     /home/inf-20-2025/Malaria
# Date:            Wed Mar  4 18:31:08 2026
# [ok]
