#                                                                            --- full sequence --- -------------- this domain -------------   hmm coord   ali coord   env coord
# target name        accession   tlen query name           accession   qlen   E-value  score  bias   #  of  c-Evalue  i-Evalue  score  bias  from    to  from    to  from    to  acc description of target
#------------------- ---------- ----- -------------------- ---------- ----- --------- ------ ----- --- --- --------- --------- ------ ----- ----- ----- ----- ----- ----- ----- ---- ---------------------
2417_g               -            878 11330                -            440  1.7e-136  453.7  35.7   1   3   8.9e-70   1.3e-67  226.7   8.6     2   214   101   336   100   349 0.86 length=879	scaffold=chromosome12	strand=-
2417_g               -            878 11330                -            440  1.7e-136  453.7  35.7   2   3   2.6e-30   3.7e-28   96.6   6.2   206   301   368   464   365   473 0.92 length=879	scaffold=chromosome12	strand=-
2417_g               -            878 11330                -            440  1.7e-136  453.7  35.7   3   3   3.3e-44   4.7e-42  142.4   5.1   297   439   587   742   580   743 0.87 length=879	scaffold=chromosome12	strand=-
3680_g               -            600 11330                -            440   6.7e-69  230.9   8.4   1   1   8.4e-71   1.2e-68  230.1   8.4    10   421   145   563   135   574 0.84 length=601	scaffold=chromosome6	strand=-
4914_g               -            562 11330                -            440     3e-67  225.5   9.9   1   1   2.1e-69     3e-67  225.5   9.9     7   354   151   506   146   554 0.87 length=563	scaffold=chromosome2	strand=-
3901_g               -            433 11330                -            440   1.2e-61  207.0   0.5   1   1   1.2e-63   1.7e-61  206.5   0.5     9   352    57   407    49   418 0.88 length=434	scaffold=chromosome3	strand=+
2508_g               -            700 11330                -            440   4.1e-60  201.9  16.1   1   2   1.8e-40   2.6e-38  130.1   0.2    28   220   100   316    73   323 0.75 length=701	scaffold=chromosome12	strand=+
2508_g               -            700 11330                -            440   4.1e-60  201.9  16.1   2   2   1.5e-23   2.1e-21   74.4  10.6   209   412   352   547   332   568 0.78 length=701	scaffold=chromosome12	strand=+
5165_g               -            390 11330                -            440   1.9e-59  199.8   1.0   1   1   1.9e-61   2.7e-59  199.2   1.0     8   352    13   366     6   385 0.82 length=391	scaffold=chromosome4	strand=+
312_g                -            490 11330                -            440   5.3e-59  198.3  10.4   1   1     6e-61   8.7e-59  197.6  10.4    13   381    71   463    60   488 0.80 length=491	scaffold=chromosome13	strand=-
2278_g               -            742 11330                -            440   5.1e-58  195.0   2.8   1   2   9.4e-16   1.4e-13   48.6   0.0     9    77   285   354   278   361 0.90 length=743	scaffold=chromosome12	strand=-
2278_g               -            742 11330                -            440   5.1e-58  195.0   2.8   2   2   5.4e-45   7.8e-43  145.0   1.9    74   349   420   707   417   728 0.86 length=743	scaffold=chromosome12	strand=-
4703_g               -            665 11330                -            440   1.2e-57  193.9   0.1   1   1   9.3e-59   1.3e-56  190.4   0.1    11   353   216   579   209   594 0.82 length=666	scaffold=chromosome5	strand=+
4615_g               -           1123 11330                -            440   4.7e-57  191.9   0.0   1   1   2.4e-57   3.5e-55  185.7   0.0    11   353   697  1078   695  1096 0.81 length=1124	scaffold=chromosome5	strand=-
4520_g               -           1490 11330                -            440   6.6e-57  191.4   5.3   1   3   4.5e-59   6.6e-57  191.4   5.3    12   352   723  1080   717  1094 0.83 length=1491	scaffold=chromosome5	strand=+
4520_g               -           1490 11330                -            440   6.6e-57  191.4   5.3   2   3       7.1     1e+03   -3.7   1.8   385   427  1257  1299  1231  1309 0.83 length=1491	scaffold=chromosome5	strand=+
4520_g               -           1490 11330                -            440   6.6e-57  191.4   5.3   3   3       3.9   5.7e+02   -2.8   0.7   390   414  1336  1360  1293  1388 0.57 length=1491	scaffold=chromosome5	strand=+
926_g                -           1289 11330                -            440   9.8e-57  190.8  15.5   1   2   6.8e-59   9.8e-57  190.8  15.5     6   349   153   513   148   549 0.81 length=1290	scaffold=chromosome8	strand=-
926_g                -           1289 11330                -            440   9.8e-57  190.8  15.5   2   2       9.1   1.3e+03   -4.0   3.5   378   435  1192  1248  1161  1260 0.59 length=1290	scaffold=chromosome8	strand=-
1914_g               -            398 11330                -            440   1.1e-55  187.4   0.4   1   1   1.1e-57   1.5e-55  186.9   0.4     7   362    18   382    11   397 0.83 length=399	scaffold=chromosome14	strand=+
1708_g               -            527 11330                -            440   1.7e-53  180.2   0.0   1   1   2.1e-55     3e-53  179.3   0.0    29   354   132   472   109   483 0.83 length=528	scaffold=chromosome14	strand=+
4480_g               -            755 11330                -            440   8.6e-53  177.8   6.0   1   2     9e-16   1.3e-13   48.7   0.0    23    82   156   215   134   217 0.83 length=756	scaffold=chromosome5	strand=+
4480_g               -            755 11330                -            440   8.6e-53  177.8   6.0   2   2   5.9e-40   8.6e-38  128.4   4.5    74   369   250   560   247   614 0.80 length=756	scaffold=chromosome5	strand=+
3299_g               -            917 11330                -            440   5.6e-52  175.1   6.5   1   1   7.1e-54     1e-51  174.3   6.5    21   352   535   892   523   905 0.83 length=918	scaffold=chromosome10	strand=+
3207_g               -            680 11330                -            440   1.7e-50  170.2  23.0   1   2   1.2e-12   1.7e-10   38.5   0.1    23    74   195   246   171   258 0.80 length=681	scaffold=chromosome10	strand=-
3207_g               -            680 11330                -            440   1.7e-50  170.2  23.0   2   2   1.1e-40   1.6e-38  130.8  18.8    75   354   294   595   288   609 0.81 length=681	scaffold=chromosome10	strand=-
773_g                -            941 11330                -            440     2e-50  170.0   4.2   1   1     2e-51   2.8e-49  166.2   4.1    11   353   359   756   352   773 0.80 length=942	scaffold=chromosome8	strand=+
74_g                 -            630 11330                -            440   3.1e-50  169.4  16.3   1   1   4.5e-52   6.5e-50  168.3  16.3    26   367   166   529   145   544 0.81 length=631	scaffold=chromosome13	strand=+
4836_g               -            474 11330                -            440   1.5e-48  163.8   4.2   1   1   1.8e-49   2.6e-47  159.7   4.2    13   364    56   440    48   449 0.79 length=475	scaffold=chromosome2	strand=-
1829_g               -            741 11330                -            440   1.8e-47  160.3  14.7   1   1   4.1e-47     6e-45  152.0  14.7     8   356   321   713   314   730 0.77 length=742	scaffold=chromosome14	strand=+
1462_g               -            996 11330                -            440   1.3e-44  150.9  16.5   1   1   1.8e-46   2.6e-44  149.9  16.5    10   355   121   487   113   535 0.78 length=997	scaffold=chromosome14	strand=-
1180_g               -            918 11330                -            440   6.9e-41  138.6  19.3   1   4     7e-25     1e-22   78.7   0.9    19   176   199   381   189   384 0.76 length=919	scaffold=chromosome7	strand=+
1180_g               -            918 11330                -            440   6.9e-41  138.6  19.3   2   4   0.00019     0.027   11.4   0.0   173   209   423   458   403   470 0.77 length=919	scaffold=chromosome7	strand=+
1180_g               -            918 11330                -            440   6.9e-41  138.6  19.3   3   4    0.0013      0.18    8.7   1.2   212   274   541   604   533   631 0.87 length=919	scaffold=chromosome7	strand=+
1180_g               -            918 11330                -            440   6.9e-41  138.6  19.3   4   4   4.6e-16   6.7e-14   49.7   1.3   263   365   687   786   674   834 0.86 length=919	scaffold=chromosome7	strand=+
3909_g               -            735 11330                -            440   3.3e-40  136.3  18.3   1   2   3.8e-11   5.4e-09   33.5   0.1    19    80   261   324   252   330 0.79 length=736	scaffold=chromosome3	strand=+
3909_g               -            735 11330                -            440   3.3e-40  136.3  18.3   2   2   1.8e-32   2.6e-30  103.7  14.5    81   352   349   631   338   680 0.82 length=736	scaffold=chromosome3	strand=+
5005_g               -            567 11330                -            440   1.3e-34  118.0  25.0   1   1   3.4e-36   4.9e-34  116.0  25.0    44   392   153   546   100   564 0.72 length=568	scaffold=chromosome4	strand=-
1701_g               -            796 11330                -            440   3.9e-34  116.4  27.1   1   2   4.1e-26   5.9e-24   82.8   6.8    29   207   255   469   234   508 0.70 length=797	scaffold=chromosome14	strand=+
1701_g               -            796 11330                -            440   3.9e-34  116.4  27.1   2   2   3.8e-14   5.5e-12   43.3   5.7   266   374   595   700   542   746 0.79 length=797	scaffold=chromosome14	strand=+
4478_g               -            490 11330                -            440   4.3e-34  116.2  20.7   1   1   4.3e-36   6.3e-34  115.7  20.7    10   369    86   469    78   478 0.80 length=491	scaffold=chromosome5	strand=+
4646_g               -            841 11330                -            440   3.3e-33  113.3   8.9   1   3   3.6e-09   5.2e-07   27.0   0.0    13    74     3    66     1    78 0.79 length=842	scaffold=chromosome5	strand=+
4646_g               -            841 11330                -            440   3.3e-33  113.3   8.9   2   3   3.4e-13   4.9e-11   40.2   1.3    76   229   338   510   330   518 0.71 length=842	scaffold=chromosome5	strand=+
4646_g               -            841 11330                -            440   3.3e-33  113.3   8.9   3   3   1.5e-15   2.1e-13   48.0   0.2   259   354   625   717   607   724 0.91 length=842	scaffold=chromosome5	strand=+
1464_g               -           1022 11330                -            440   1.4e-30  104.6  41.3   1   4   5.8e-16   8.4e-14   49.3   0.0     9    79     6    78     1    83 0.86 length=1023	scaffold=chromosome14	strand=+
1464_g               -           1022 11330                -            440   1.4e-30  104.6  41.3   2   4   2.7e-07   3.9e-05   20.8   0.1    75   124   267   317   262   327 0.84 length=1023	scaffold=chromosome14	strand=+
1464_g               -           1022 11330                -            440   1.4e-30  104.6  41.3   3   4   9.3e-09   1.3e-06   25.6   4.4   106   236   337   485   331   514 0.68 length=1023	scaffold=chromosome14	strand=+
1464_g               -           1022 11330                -            440   1.4e-30  104.6  41.3   4   4   5.3e-12   7.7e-10   36.3   0.6   301   366   657   724   628   775 0.82 length=1023	scaffold=chromosome14	strand=+
2045_g               -            863 11330                -            440   2.8e-27   93.8  12.9   1   3   1.5e-11   2.1e-09   34.8   0.5    27   100   175   248   148   280 0.79 length=864	scaffold=chromosome12	strand=-
2045_g               -            863 11330                -            440   2.8e-27   93.8  12.9   2   3       4.8     7e+02   -3.1   0.1   138   156   337   353   330   361 0.76 length=864	scaffold=chromosome12	strand=-
2045_g               -            863 11330                -            440   2.8e-27   93.8  12.9   3   3   8.7e-21   1.3e-18   65.2   3.1   240   426   546   725   543   732 0.82 length=864	scaffold=chromosome12	strand=-
2600_g               -           1313 11330                -            440   9.1e-26   88.8  29.3   1   3   3.4e-12   4.9e-10   36.9   0.1     4    76   158   232   155   241 0.85 length=1314	scaffold=chromosome11	strand=+
2600_g               -           1313 11330                -            440   9.1e-26   88.8  29.3   2   3   0.00012     0.017   12.1   0.4   112   178   560   633   544   679 0.65 length=1314	scaffold=chromosome11	strand=+
2600_g               -           1313 11330                -            440   9.1e-26   88.8  29.3   3   3   1.6e-17   2.4e-15   54.4   9.2   240   370   926  1053   901  1119 0.70 length=1314	scaffold=chromosome11	strand=+
745_g                -           1321 11330                -            440   3.1e-19   67.2   3.8   1   4   0.00044     0.063   10.2   0.2     7    81    44   126    38   129 0.77 length=1322	scaffold=chromosome8	strand=-
745_g                -           1321 11330                -            440   3.1e-19   67.2   3.8   2   4    0.0004     0.059   10.3   0.0    82   105   168   191   158   197 0.90 length=1322	scaffold=chromosome8	strand=-
745_g                -           1321 11330                -            440   3.1e-19   67.2   3.8   3   4     0.025       3.6    4.4   0.2   139   186   300   344   264   355 0.84 length=1322	scaffold=chromosome8	strand=-
745_g                -           1321 11330                -            440   3.1e-19   67.2   3.8   4   4   2.1e-20     3e-18   64.0   4.2   220   351   701   828   671   847 0.86 length=1322	scaffold=chromosome8	strand=-
131_g                -            830 11330                -            440   4.5e-13   46.9   4.1   1   4    0.0018      0.26    8.2   0.0    24    62   127   165   113   176 0.87 length=831	scaffold=chromosome13	strand=-
131_g                -            830 11330                -            440   4.5e-13   46.9   4.1   2   4   4.9e-05    0.0071   13.3   0.1    79   107   251   279   238   292 0.84 length=831	scaffold=chromosome13	strand=-
131_g                -            830 11330                -            440   4.5e-13   46.9   4.1   3   4       2.4   3.4e+02   -2.1   0.2   279   300   635   656   602   688 0.70 length=831	scaffold=chromosome13	strand=-
131_g                -            830 11330                -            440   4.5e-13   46.9   4.1   4   4   3.4e-08   4.9e-06   23.8   0.0   299   355   722   778   713   795 0.84 length=831	scaffold=chromosome13	strand=-
1048_g               -           1132 11330                -            440   6.5e-08   29.9   5.3   1   6       6.9     1e+03   -3.6   0.0    16    48    75   109    63   109 0.66 length=1133	scaffold=chromosome7	strand=-
1048_g               -           1132 11330                -            440   6.5e-08   29.9   5.3   2   6   0.00023     0.034   11.1   0.0    51    79   236   264   231   269 0.85 length=1133	scaffold=chromosome7	strand=-
1048_g               -           1132 11330                -            440   6.5e-08   29.9   5.3   3   6     0.063         9    3.1   0.9   209   271   327   387   317   405 0.76 length=1133	scaffold=chromosome7	strand=-
1048_g               -           1132 11330                -            440   6.5e-08   29.9   5.3   4   6       2.8   4.1e+02   -2.4   0.1   139   162   482   505   452   518 0.42 length=1133	scaffold=chromosome7	strand=-
1048_g               -           1132 11330                -            440   6.5e-08   29.9   5.3   5   6         6   8.7e+02   -3.4   0.5   265   294   780   809   751   822 0.51 length=1133	scaffold=chromosome7	strand=-
1048_g               -           1132 11330                -            440   6.5e-08   29.9   5.3   6   6   1.2e-08   1.7e-06   25.2   6.2   241   364   845   971   826  1003 0.78 length=1133	scaffold=chromosome7	strand=-
4115_g               -            728 11330                -            440   2.4e-07   28.1   2.4   1   2       4.4   6.3e+02   -3.0   0.0    46    69    69    93    46    95 0.73 length=729	scaffold=chromosome9	strand=+
4115_g               -            728 11330                -            440   2.4e-07   28.1   2.4   2   2   6.2e-09     9e-07   26.2   2.7   243   369   318   444   279   507 0.81 length=729	scaffold=chromosome9	strand=+
845_g                -            237 11330                -            440    0.0039   14.2   1.0   1   1   3.6e-05    0.0052   13.8   1.0   357   438    19   100     6   102 0.90 length=238	scaffold=chromosome8	strand=+
#
# Program:         hmmsearch
# Version:         3.4 (Aug 2023)
# Pipeline mode:   SEARCH
# Query file:      /home/inf-20-2025/Malaria/busco_downloads/lineages/apicomplexa_odb12/hmms/11330at5794.hmm
# Target file:     /home/inf-20-2025/Malaria/Results/6_nobird_annotation/P_faciparum.faa
# Option settings: hmmsearch --domtblout Results/8_busco/P_faciparum/run_apicomplexa_odb12/hmmer_output/initial_run_results/11330at5794.out --cpu 1 /home/inf-20-2025/Malaria/busco_downloads/lineages/apicomplexa_odb12/hmms/11330at5794.hmm /home/inf-20-2025/Malaria/Results/6_nobird_annotation/P_faciparum.faa 
# Current dir:     /home/inf-20-2025/Malaria
# Date:            Wed Mar  4 18:31:09 2026
# [ok]
