#                                                                            --- full sequence --- -------------- this domain -------------   hmm coord   ali coord   env coord
# target name        accession   tlen query name           accession   qlen   E-value  score  bias   #  of  c-Evalue  i-Evalue  score  bias  from    to  from    to  from    to  acc description of target
#------------------- ---------- ----- -------------------- ---------- ----- --------- ------ ----- --- --- --------- --------- ------ ----- ----- ----- ----- ----- ----- ----- ---- ---------------------
821_g                -            268 11416                -            261   1.2e-98  328.2  26.8   1   2    0.0028      0.58    8.0   2.9     3    21     3    21     1    25 0.82 length=269	scaffold=chromosome8	strand=-
821_g                -            268 11416                -            261   1.2e-98  328.2  26.8   2   2  3.1e-100   6.5e-98  325.7  17.6     2   260    22   268    21   268 0.96 length=269	scaffold=chromosome8	strand=-
2250_g               -            875 11416                -            261   1.2e-23   82.3  40.2   1   4   3.5e-11   7.4e-09   33.8   0.0   176   241    13    78     3    85 0.91 length=876	scaffold=chromosome12	strand=+
2250_g               -            875 11416                -            261   1.2e-23   82.3  40.2   2   4   7.2e-08   1.5e-05   23.0   0.2   180   242   105   166    83   176 0.91 length=876	scaffold=chromosome12	strand=+
2250_g               -            875 11416                -            261   1.2e-23   82.3  40.2   3   4   3.2e-09   6.6e-07   27.4   0.1   163   242   179   253   167   256 0.80 length=876	scaffold=chromosome12	strand=+
2250_g               -            875 11416                -            261   1.2e-23   82.3  40.2   4   4   6.8e-09   1.4e-06   26.3   1.6   169   241   440   511   347   517 0.66 length=876	scaffold=chromosome12	strand=+
558_g                -            505 11416                -            261     8e-21   73.0  16.8   1   3   7.2e-06    0.0015   16.4   0.0   188   242    94   148    89   152 0.95 length=506	scaffold=chromosome13	strand=-
558_g                -            505 11416                -            261     8e-21   73.0  16.8   2   3   8.4e-11   1.8e-08   32.6   0.0   177   242   182   247   160   250 0.91 length=506	scaffold=chromosome13	strand=-
558_g                -            505 11416                -            261     8e-21   73.0  16.8   3   3   1.5e-10   3.1e-08   31.8   0.2   160   243   346   429   331   454 0.81 length=506	scaffold=chromosome13	strand=-
572_g                -            383 11416                -            261     2e-19   68.5   3.9   1   3     5e-05      0.01   13.7   0.4   174   254     5    80     1    87 0.89 length=384	scaffold=chromosome13	strand=-
572_g                -            383 11416                -            261     2e-19   68.5   3.9   2   3   4.4e-10   9.1e-08   30.3   0.0   166   242    97   172    84   183 0.88 length=384	scaffold=chromosome13	strand=-
572_g                -            383 11416                -            261     2e-19   68.5   3.9   3   3   2.1e-08   4.4e-06   24.7   0.0   167   246   189   267   174   281 0.83 length=384	scaffold=chromosome13	strand=-
1377_g               -            514 11416                -            261   4.9e-16   57.4   1.6   1   3   0.00076      0.16    9.8   0.0   187   242    62   117     9   119 0.93 length=515	scaffold=chromosome14	strand=+
1377_g               -            514 11416                -            261   4.9e-16   57.4   1.6   2   3   3.9e-12   8.1e-10   37.0   0.2   170   242   143   214   134   220 0.91 length=515	scaffold=chromosome14	strand=+
1377_g               -            514 11416                -            261   4.9e-16   57.4   1.6   3   3   3.1e-08   6.4e-06   24.2   0.0   192   242   418   468   409   472 0.93 length=515	scaffold=chromosome14	strand=+
1473_g               -            484 11416                -            261   1.8e-15   55.5   0.3   1   2   4.7e-09   9.7e-07   26.9   0.0   173   241    14    82     2   101 0.88 length=485	scaffold=chromosome14	strand=-
1473_g               -            484 11416                -            261   1.8e-15   55.5   0.3   2   2   4.4e-09   9.2e-07   27.0   0.1   179   243   107   170    82   187 0.85 length=485	scaffold=chromosome14	strand=-
3027_g               -            246 11416                -            261   4.5e-15   54.2   0.8   1   2   2.2e-17   4.5e-15   54.2   0.8   172   259    13   100     2   102 0.91 length=247	scaffold=chromosome10	strand=+
3027_g               -            246 11416                -            261   4.5e-15   54.2   0.8   2   2       4.8     1e+03   -2.7   1.3   147   168   205   226   176   238 0.56 length=247	scaffold=chromosome10	strand=+
892_g                -            286 11416                -            261   2.4e-13   48.5   0.0   1   2   2.5e-10   5.2e-08   31.1   0.0   181   241     9    68     2    74 0.89 length=287	scaffold=chromosome8	strand=-
892_g                -            286 11416                -            261   2.4e-13   48.5   0.0   2   2   1.7e-05    0.0035   15.2   0.0   181   242   152   212   149   225 0.90 length=287	scaffold=chromosome8	strand=-
4138_g               -            480 11416                -            261   2.5e-12   45.2   4.5   1   2     0.025       5.2    4.8  17.0    94   242    32   174     8   189 0.73 length=481	scaffold=chromosome9	strand=+
4138_g               -            480 11416                -            261   2.5e-12   45.2   4.5   2   2   1.2e-14   2.5e-12   45.2   4.5   162   235   302   378   288   381 0.78 length=481	scaffold=chromosome9	strand=+
3065_g               -            622 11416                -            261   1.2e-11   42.9   6.7   1   2   9.2e-09   1.9e-06   25.9   2.7   103   244   312   452   236   469 0.73 length=623	scaffold=chromosome10	strand=+
3065_g               -            622 11416                -            261   1.2e-11   42.9   6.7   2   2   3.6e-09   7.4e-07   27.3   0.1   164   255   530   619   508   622 0.82 length=623	scaffold=chromosome10	strand=+
5103_g               -            234 11416                -            261   5.3e-11   40.8   0.1   1   3   2.6e-13   5.3e-11   40.8   0.1   156   243    10    98     2   110 0.86 length=235	scaffold=chromosome4	strand=+
5103_g               -            234 11416                -            261   5.3e-11   40.8   0.1   2   3       5.7   1.2e+03   -2.9   0.4   105   133   128   156   125   171 0.55 length=235	scaffold=chromosome4	strand=+
5103_g               -            234 11416                -            261   5.3e-11   40.8   0.1   3   3       0.9   1.9e+02   -0.3   0.2    65    91   206   232   200   234 0.82 length=235	scaffold=chromosome4	strand=+
1339_g               -            107 11416                -            261   2.7e-10   38.5   0.1   1   1   1.4e-12     3e-10   38.4   0.1   181   258    25   102     5   105 0.93 length=108	scaffold=chromosome14	strand=+
3193_g               -            322 11416                -            261   2.8e-10   38.5   0.7   1   2       6.5   1.4e+03   -3.1  10.0   101   159    18    75     3    86 0.74 length=323	scaffold=chromosome10	strand=-
3193_g               -            322 11416                -            261   2.8e-10   38.5   0.7   2   2   1.4e-12   2.8e-10   38.5   0.7   125   243   131   247   102   257 0.89 length=323	scaffold=chromosome10	strand=-
3536_g               -            156 11416                -            261   8.9e-10   36.8   3.8   1   1     5e-12     1e-09   36.6   3.2   144   248    34   132    13   144 0.77 length=157	scaffold=chromosome6	strand=+
4166_g               -            202 11416                -            261   1.1e-08   33.2   1.1   1   1   6.1e-11   1.3e-08   33.0   0.5   135   236    39   128     1   131 0.64 length=203	scaffold=chromosome9	strand=-
202_g                -            125 11416                -            261   2.1e-08   32.4   0.1   1   2   9.9e-11   2.1e-08   32.4   0.1   187   259    16    88    10    90 0.91 length=126	scaffold=chromosome13	strand=-
202_g                -            125 11416                -            261   2.1e-08   32.4   0.1   2   2       1.1   2.3e+02   -0.6   0.5   119   143    95   119    72   124 0.53 length=126	scaffold=chromosome13	strand=-
3889_g               -            309 11416                -            261   4.4e-07   28.0   0.0   1   1   2.1e-09   4.4e-07   28.0   0.0   163   242    20    99     4   103 0.87 length=310	scaffold=chromosome3	strand=+
2724_g               -            200 11416                -            261   1.8e-06   26.0   1.3   1   2   1.3e-07   2.7e-05   22.1   0.3   183   257    13    86     7    90 0.88 length=201	scaffold=chromosome11	strand=-
2724_g               -            200 11416                -            261   1.8e-06   26.0   1.3   2   2      0.11        23    2.7   0.0   220   246   131   157   112   159 0.80 length=201	scaffold=chromosome11	strand=-
4603_g               -            291 11416                -            261   5.5e-05   21.1   2.5   1   3   1.1e-06   0.00022   19.2   0.1   180   246     9    72     3    86 0.84 length=292	scaffold=chromosome5	strand=-
4603_g               -            291 11416                -            261   5.5e-05   21.1   2.5   2   3      0.27        57    1.4   0.0   225   245   150   170   115   172 0.92 length=292	scaffold=chromosome5	strand=-
4603_g               -            291 11416                -            261   5.5e-05   21.1   2.5   3   3       5.6   1.2e+03   -2.9   0.9    83   109   227   253   198   282 0.47 length=292	scaffold=chromosome5	strand=-
2476_g               -            357 11416                -            261   0.00023   19.1   3.4   1   1   2.3e-06   0.00048   18.1   3.4   156   240   202   277   111   284 0.76 length=358	scaffold=chromosome12	strand=+
2256_g               -            106 11416                -            261   0.00057   17.8   0.0   1   1     4e-06   0.00084   17.3   0.0   183   242    18    74    10    80 0.90 length=107	scaffold=chromosome12	strand=-
5093_g               -            356 11416                -            261   0.00075   17.4   7.4   1   3       2.8   5.9e+02   -1.9   0.7   142   171    30    59     5    88 0.67 length=357	scaffold=chromosome4	strand=-
5093_g               -            356 11416                -            261   0.00075   17.4   7.4   2   3   3.2e-05    0.0068   14.3   0.1   197   228   130   161   127   169 0.90 length=357	scaffold=chromosome4	strand=-
5093_g               -            356 11416                -            261   0.00075   17.4   7.4   3   3    0.0051       1.1    7.1   0.1   178   258   195   273   164   276 0.71 length=357	scaffold=chromosome4	strand=-
2605_g               -            594 11416                -            261   0.00089   17.2  41.6   1   2   1.3e-05    0.0028   15.5  19.1    91   254   145   308   123   315 0.63 length=595	scaffold=chromosome11	strand=+
2605_g               -            594 11416                -            261   0.00089   17.2  41.6   2   2   1.1e-05    0.0022   15.9   0.0   139   233   469   562   457   567 0.84 length=595	scaffold=chromosome11	strand=+
4210_g               -            113 11416                -            261    0.0026   15.6   1.7   1   1   1.6e-05    0.0032   15.3   1.7    89   145    17    70    10    81 0.85 length=114	scaffold=chromosome9	strand=-
4269_g               -            193 11416                -            261      0.03   12.2   0.8   1   2    0.0024       0.5    8.2   0.2   179   259    10    91     7    93 0.82 length=194	scaffold=chromosome9	strand=-
4269_g               -            193 11416                -            261      0.03   12.2   0.8   2   2      0.12        26    2.5   0.0   172   201   114   143    94   178 0.76 length=194	scaffold=chromosome9	strand=-
#
# Program:         hmmsearch
# Version:         3.4 (Aug 2023)
# Pipeline mode:   SEARCH
# Query file:      /home/inf-20-2025/Malaria/busco_downloads/lineages/apicomplexa_odb12/hmms/11416at5794.hmm
# Target file:     /home/inf-20-2025/Malaria/Results/6_nobird_annotation/P_faciparum.faa
# Option settings: hmmsearch --domtblout Results/8_busco/P_faciparum/run_apicomplexa_odb12/hmmer_output/initial_run_results/11416at5794.out --cpu 1 /home/inf-20-2025/Malaria/busco_downloads/lineages/apicomplexa_odb12/hmms/11416at5794.hmm /home/inf-20-2025/Malaria/Results/6_nobird_annotation/P_faciparum.faa 
# Current dir:     /home/inf-20-2025/Malaria
# Date:            Wed Mar  4 18:31:10 2026
# [ok]
