#                                                                            --- full sequence --- -------------- this domain -------------   hmm coord   ali coord   env coord
# target name        accession   tlen query name           accession   qlen   E-value  score  bias   #  of  c-Evalue  i-Evalue  score  bias  from    to  from    to  from    to  acc description of target
#------------------- ---------- ----- -------------------- ---------- ----- --------- ------ ----- --- --- --------- --------- ------ ----- ----- ----- ----- ----- ----- ----- ---- ---------------------
2578_g               -           1167 12878                -            320   1.6e-67  225.9  69.4   1   7   7.7e-26     4e-22   76.8   3.7     2    89    65   153    64   184 0.91 length=1168	scaffold=chromosome11	strand=-
2578_g               -           1167 12878                -            320   1.6e-67  225.9  69.4   2   7   4.5e-31   2.4e-27   94.0  10.5    77   198   178   312   169   319 0.79 length=1168	scaffold=chromosome11	strand=-
2578_g               -           1167 12878                -            320   1.6e-67  225.9  69.4   3   7      0.19     1e+03   -3.4   0.2    85   129   476   520   474   549 0.70 length=1168	scaffold=chromosome11	strand=-
2578_g               -           1167 12878                -            320   1.6e-67  225.9  69.4   4   7         1   5.2e+03   -8.9   5.7    82    95   603   616   566   643 0.46 length=1168	scaffold=chromosome11	strand=-
2578_g               -           1167 12878                -            320   1.6e-67  225.9  69.4   5   7   2.2e-08   0.00011   19.4   0.2   193   229   756   792   750   795 0.90 length=1168	scaffold=chromosome11	strand=-
2578_g               -           1167 12878                -            320   1.6e-67  225.9  69.4   6   7      0.12   6.1e+02   -2.7   1.6    87   136   801   852   792   918 0.60 length=1168	scaffold=chromosome11	strand=-
2578_g               -           1167 12878                -            320   1.6e-67  225.9  69.4   7   7   1.4e-25   7.5e-22   75.9   6.0   230   318  1016  1114  1009  1116 0.85 length=1168	scaffold=chromosome11	strand=-
#
# Program:         hmmsearch
# Version:         3.4 (Aug 2023)
# Pipeline mode:   SEARCH
# Query file:      /home/inf-20-2025/Malaria/busco_downloads/lineages/apicomplexa_odb12/hmms/12878at5794.hmm
# Target file:     /home/inf-20-2025/Malaria/Results/6_nobird_annotation/P_faciparum.faa
# Option settings: hmmsearch --domtblout Results/8_busco/P_faciparum/run_apicomplexa_odb12/hmmer_output/initial_run_results/12878at5794.out --cpu 1 /home/inf-20-2025/Malaria/busco_downloads/lineages/apicomplexa_odb12/hmms/12878at5794.hmm /home/inf-20-2025/Malaria/Results/6_nobird_annotation/P_faciparum.faa 
# Current dir:     /home/inf-20-2025/Malaria
# Date:            Wed Mar  4 18:31:11 2026
# [ok]
