#                                                                            --- full sequence --- -------------- this domain -------------   hmm coord   ali coord   env coord
# target name        accession   tlen query name           accession   qlen   E-value  score  bias   #  of  c-Evalue  i-Evalue  score  bias  from    to  from    to  from    to  acc description of target
#------------------- ---------- ----- -------------------- ---------- ----- --------- ------ ----- --- --- --------- --------- ------ ----- ----- ----- ----- ----- ----- ----- ---- ---------------------
1420_g               -            708 15301                -            302     7e-70  233.8  70.6   1   6   6.2e-13   1.1e-09   36.2   5.5    39   136     8   106     2   112 0.85 length=709	scaffold=chromosome14	strand=+
1420_g               -            708 15301                -            302     7e-70  233.8  70.6   2   6    0.0015       2.6    5.4   6.0    83   131   133   180   120   198 0.71 length=709	scaffold=chromosome14	strand=+
1420_g               -            708 15301                -            302     7e-70  233.8  70.6   3   6   5.3e-49   9.2e-46  154.6   9.0   111   233   254   378   199   395 0.84 length=709	scaffold=chromosome14	strand=+
1420_g               -            708 15301                -            302     7e-70  233.8  70.6   4   6   3.1e-14   5.4e-11   40.5   6.8   217   271   404   458   390   481 0.84 length=709	scaffold=chromosome14	strand=+
1420_g               -            708 15301                -            302     7e-70  233.8  70.6   5   6   3.9e-11   6.7e-08   30.3   0.6   265   301   498   534   493   535 0.92 length=709	scaffold=chromosome14	strand=+
1420_g               -            708 15301                -            302     7e-70  233.8  70.6   6   6       1.8   3.1e+03   -4.7   5.0    35    73   556   594   548   652 0.50 length=709	scaffold=chromosome14	strand=+
4835_g               -            568 15301                -            302   5.1e-09   34.0   3.5   1   4       0.7   1.2e+03   -3.4   0.0   260   284   149   173   144   176 0.85 length=569	scaffold=chromosome2	strand=-
4835_g               -            568 15301                -            302   5.1e-09   34.0   3.5   2   4     3e-12   5.1e-09   34.0   3.5   221   281   200   261   186   281 0.79 length=569	scaffold=chromosome2	strand=-
4835_g               -            568 15301                -            302   5.1e-09   34.0   3.5   3   4      0.13   2.3e+02   -1.0   1.7    33    62   389   420   374   487 0.51 length=569	scaffold=chromosome2	strand=-
4835_g               -            568 15301                -            302   5.1e-09   34.0   3.5   4   4      0.55   9.5e+02   -3.0   0.0    53   101   503   551   480   560 0.48 length=569	scaffold=chromosome2	strand=-
3266_g               -            274 15301                -            302    0.0052   14.2   5.0   1   1   4.1e-06    0.0072   13.8   5.0   229   286   214   273   210   274 0.80 length=275	scaffold=chromosome10	strand=-
#
# Program:         hmmsearch
# Version:         3.4 (Aug 2023)
# Pipeline mode:   SEARCH
# Query file:      /home/inf-20-2025/Malaria/busco_downloads/lineages/apicomplexa_odb12/hmms/15301at5794.hmm
# Target file:     /home/inf-20-2025/Malaria/Results/6_nobird_annotation/P_faciparum.faa
# Option settings: hmmsearch --domtblout Results/8_busco/P_faciparum/run_apicomplexa_odb12/hmmer_output/initial_run_results/15301at5794.out --cpu 1 /home/inf-20-2025/Malaria/busco_downloads/lineages/apicomplexa_odb12/hmms/15301at5794.hmm /home/inf-20-2025/Malaria/Results/6_nobird_annotation/P_faciparum.faa 
# Current dir:     /home/inf-20-2025/Malaria
# Date:            Wed Mar  4 18:31:08 2026
# [ok]
