#                                                                            --- full sequence --- -------------- this domain -------------   hmm coord   ali coord   env coord
# target name        accession   tlen query name           accession   qlen   E-value  score  bias   #  of  c-Evalue  i-Evalue  score  bias  from    to  from    to  from    to  acc description of target
#------------------- ---------- ----- -------------------- ---------- ----- --------- ------ ----- --- --- --------- --------- ------ ----- ----- ----- ----- ----- ----- ----- ---- ---------------------
4166_g               -            202 16211                -            124   6.4e-56  185.5   0.1   1   1     6e-58   9.8e-56  184.9   0.1     2   122    31   158    30   160 0.93 length=203	scaffold=chromosome9	strand=-
2250_g               -            875 16211                -            124   1.1e-24   84.6   5.7   1   4   8.6e-10   1.4e-07   29.4   0.1    35   101    16    83     5    95 0.89 length=876	scaffold=chromosome12	strand=+
2250_g               -            875 16211                -            124   1.1e-24   84.6   5.7   2   4     2e-06   0.00032   18.5   0.1    36    94   105   162    93   182 0.91 length=876	scaffold=chromosome12	strand=+
2250_g               -            875 16211                -            124   1.1e-24   84.6   5.7   3   4   1.9e-05    0.0031   15.3   0.1    25    94   183   249   177   260 0.87 length=876	scaffold=chromosome12	strand=+
2250_g               -            875 16211                -            124   1.1e-24   84.6   5.7   4   4   7.1e-07   0.00012   19.9   0.0    19    94   434   508   425   531 0.89 length=876	scaffold=chromosome12	strand=+
558_g                -            505 16211                -            124   9.2e-22   75.2   6.2   1   4       1.1   1.8e+02   -0.1   0.7     9    48    40    79    12    81 0.81 length=506	scaffold=chromosome13	strand=-
558_g                -            505 16211                -            124   9.2e-22   75.2   6.2   2   4   1.1e-07   1.8e-05   22.5   0.0    37    96    87   146    86   151 0.95 length=506	scaffold=chromosome13	strand=-
558_g                -            505 16211                -            124   9.2e-22   75.2   6.2   3   4   4.2e-09   6.9e-07   27.1   0.0    18    93   167   242   148   251 0.83 length=506	scaffold=chromosome13	strand=-
558_g                -            505 16211                -            124   9.2e-22   75.2   6.2   4   4   1.6e-08   2.6e-06   25.2   0.1    32   113   362   444   333   455 0.83 length=506	scaffold=chromosome13	strand=-
209_g                -            864 16211                -            124   1.3e-21   74.7   2.1   1   4       7.3   1.2e+03   -2.7   2.3     7    37    32    62    27    91 0.61 length=865	scaffold=chromosome13	strand=+
209_g                -            864 16211                -            124   1.3e-21   74.7   2.1   2   4       9.1   1.5e+03   -3.0   0.3    14    34   263   283   250   292 0.53 length=865	scaffold=chromosome13	strand=+
209_g                -            864 16211                -            124   1.3e-21   74.7   2.1   3   4     5e-17   8.1e-15   52.7   1.6     7   114   459   567   450   578 0.82 length=865	scaffold=chromosome13	strand=+
209_g                -            864 16211                -            124   1.3e-21   74.7   2.1   4   4   8.6e-10   1.4e-07   29.3   0.0    46   107   600   662   570   668 0.89 length=865	scaffold=chromosome13	strand=+
572_g                -            383 16211                -            124   3.6e-18   63.6   5.6   1   3   4.2e-07   6.8e-05   20.7   0.4    30   111     5    82     1    86 0.87 length=384	scaffold=chromosome13	strand=-
572_g                -            383 16211                -            124   3.6e-18   63.6   5.6   2   3   2.9e-07   4.8e-05   21.2   0.1    14   112    89   188    83   200 0.84 length=384	scaffold=chromosome13	strand=-
572_g                -            383 16211                -            124   3.6e-18   63.6   5.6   3   3     5e-08   8.2e-06   23.6   0.1    38   111   204   277   185   282 0.79 length=384	scaffold=chromosome13	strand=-
5093_g               -            356 16211                -            124   5.1e-15   53.4   1.5   1   2     7e-05     0.011   13.5   0.1    53    88   130   165   123   191 0.82 length=357	scaffold=chromosome4	strand=-
5093_g               -            356 16211                -            124   5.1e-15   53.4   1.5   2   2   5.8e-13   9.4e-11   39.6   0.2    13   122   174   282   163   284 0.85 length=357	scaffold=chromosome4	strand=-
630_g                -            423 16211                -            124   1.2e-13   49.0   0.9   1   1   1.9e-15   3.1e-13   47.6   0.9    10   109    73   172    59   185 0.83 length=424	scaffold=chromosome13	strand=+
3193_g               -            322 16211                -            124   1.5e-13   48.6   7.2   1   3   0.00013      0.02   12.7   0.5     4    43    46    86    38   100 0.73 length=323	scaffold=chromosome10	strand=-
3193_g               -            322 16211                -            124   1.5e-13   48.6   7.2   2   3       3.8   6.2e+02   -1.8   0.0    62   107   124   170   119   182 0.73 length=323	scaffold=chromosome10	strand=-
3193_g               -            322 16211                -            124   1.5e-13   48.6   7.2   3   3   1.2e-12   1.9e-10   38.6   0.7    33   120   181   271   171   275 0.88 length=323	scaffold=chromosome10	strand=-
1473_g               -            484 16211                -            124   1.6e-13   48.5   1.0   1   2     4e-09   6.5e-07   27.2   0.2    31    93    16    78     2   102 0.82 length=485	scaffold=chromosome14	strand=-
1473_g               -            484 16211                -            124   1.6e-13   48.5   1.0   2   2   7.8e-07   0.00013   19.8   0.1    37   100   109   172    89   189 0.80 length=485	scaffold=chromosome14	strand=-
2605_g               -            594 16211                -            124   8.2e-13   46.2  11.5   1   3       2.7   4.4e+02   -1.3   0.8    68    96    58    87     2    93 0.57 length=595	scaffold=chromosome11	strand=+
2605_g               -            594 16211                -            124   8.2e-13   46.2  11.5   2   3   4.4e-07   7.2e-05   20.6   2.6     8    94   203   291   186   313 0.75 length=595	scaffold=chromosome11	strand=+
2605_g               -            594 16211                -            124   8.2e-13   46.2  11.5   3   3     1e-09   1.7e-07   29.1   0.0    27    94   498   567   473   574 0.83 length=595	scaffold=chromosome11	strand=+
4098_g               -            388 16211                -            124   2.9e-11   41.3   0.7   1   5       3.6   5.9e+02   -1.7   1.6    16    45    23    51     4    59 0.57 length=389	scaffold=chromosome9	strand=-
4098_g               -            388 16211                -            124   2.9e-11   41.3   0.7   2   5       3.4   5.6e+02   -1.7   1.2     6    33    40    67    27    80 0.62 length=389	scaffold=chromosome9	strand=-
4098_g               -            388 16211                -            124   2.9e-11   41.3   0.7   3   5   3.2e-09   5.2e-07   27.5   0.0    25    99   131   204   111   219 0.82 length=389	scaffold=chromosome9	strand=-
4098_g               -            388 16211                -            124   2.9e-11   41.3   0.7   4   5   6.6e-07   0.00011   20.0   0.2    33   105   222   293   206   311 0.85 length=389	scaffold=chromosome9	strand=-
4098_g               -            388 16211                -            124   2.9e-11   41.3   0.7   5   5       2.6   4.2e+02   -1.3   0.1     7    39   301   334   295   341 0.65 length=389	scaffold=chromosome9	strand=-
1705_g               -            596 16211                -            124     2e-10   38.5   1.8   1   2   2.2e-12   3.5e-10   37.7   0.1    13   118     8   114     1   119 0.86 length=597	scaffold=chromosome14	strand=+
1705_g               -            596 16211                -            124     2e-10   38.5   1.8   2   2       7.4   1.2e+03   -2.7   0.1    10    10   285   285   262   326 0.54 length=597	scaffold=chromosome14	strand=+
4138_g               -            480 16211                -            124   2.2e-10   38.4  13.0   1   2   0.00071      0.12   10.2   0.9    32    88   109   164    70   179 0.77 length=481	scaffold=chromosome9	strand=+
4138_g               -            480 16211                -            124   2.2e-10   38.4  13.0   2   2   2.5e-11     4e-09   34.3   2.2     9   108   295   395   288   407 0.83 length=481	scaffold=chromosome9	strand=+
1377_g               -            514 16211                -            124   3.4e-10   37.8  16.3   1   5     0.081        13    3.6   0.0    38    75    57    94    54   113 0.81 length=515	scaffold=chromosome14	strand=+
1377_g               -            514 16211                -            124   3.4e-10   37.8  16.3   2   5   3.4e-06   0.00055   17.7   0.2    28    87   145   203   135   217 0.83 length=515	scaffold=chromosome14	strand=+
1377_g               -            514 16211                -            124   3.4e-10   37.8  16.3   3   5       1.2   1.9e+02   -0.2   1.4     7    39   252   284   247   295 0.75 length=515	scaffold=chromosome14	strand=+
1377_g               -            514 16211                -            124   3.4e-10   37.8  16.3   4   5       4.3   7.1e+02   -2.0   0.1    15    24   314   323   291   341 0.52 length=515	scaffold=chromosome14	strand=+
1377_g               -            514 16211                -            124   3.4e-10   37.8  16.3   5   5   3.7e-08     6e-06   24.1   0.1    47   111   417   482   404   490 0.86 length=515	scaffold=chromosome14	strand=+
3065_g               -            622 16211                -            124   3.9e-10   37.6   0.0   1   3       4.2   6.8e+02   -1.9   0.0    20    57   346   383   333   390 0.67 length=623	scaffold=chromosome10	strand=+
3065_g               -            622 16211                -            124   3.9e-10   37.6   0.0   2   3   2.4e-12   3.9e-10   37.6   0.0    36   121   389   474   352   477 0.89 length=623	scaffold=chromosome10	strand=+
3065_g               -            622 16211                -            124   3.9e-10   37.6   0.0   3   3     0.094        15    3.4   0.0    42   108   551   617   539   621 0.74 length=623	scaffold=chromosome10	strand=+
2724_g               -            200 16211                -            124   7.1e-10   36.8   0.9   1   2   1.1e-11   1.8e-09   35.5   0.3    37   108    11    82     8    99 0.88 length=201	scaffold=chromosome11	strand=-
2724_g               -            200 16211                -            124   7.1e-10   36.8   0.9   2   2       2.4     4e+02   -1.2   0.0    82   101   137   157   129   171 0.60 length=201	scaffold=chromosome11	strand=-
3027_g               -            246 16211                -            124   1.2e-09   36.1   0.3   1   1   1.4e-11   2.3e-09   35.1   0.3    22   115     7   101     1   106 0.84 length=247	scaffold=chromosome10	strand=+
5103_g               -            234 16211                -            124   1.8e-09   35.5   0.6   1   2   1.9e-11   3.1e-09   34.7   0.1     7   109     6   109     1   124 0.86 length=235	scaffold=chromosome4	strand=+
5103_g               -            234 16211                -            124   1.8e-09   35.5   0.6   2   2       8.6   1.4e+03   -2.9   0.0    89   106   152   169   149   171 0.73 length=235	scaffold=chromosome4	strand=+
202_g                -            125 16211                -            124   2.7e-09   34.9   0.1   1   2   1.7e-11   2.7e-09   34.9   0.1    37   112    10    86     2    94 0.89 length=126	scaffold=chromosome13	strand=-
202_g                -            125 16211                -            124   2.7e-09   34.9   0.1   2   2       5.1   8.3e+02   -2.2   0.3    16    29   101   114    96   120 0.47 length=126	scaffold=chromosome13	strand=-
892_g                -            286 16211                -            124   5.6e-09   33.9   0.1   1   2   0.00033     0.054   11.3   0.0    36    94     8    65     4    82 0.89 length=287	scaffold=chromosome8	strand=-
892_g                -            286 16211                -            124   5.6e-09   33.9   0.1   2   2   4.7e-07   7.7e-05   20.5   0.0    42   111   157   226   150   234 0.84 length=287	scaffold=chromosome8	strand=-
3889_g               -            309 16211                -            124   4.1e-08   31.1   0.0   1   3   2.5e-10   4.1e-08   31.1   0.0     9    93    10    94     3   111 0.74 length=310	scaffold=chromosome3	strand=+
3889_g               -            309 16211                -            124   4.1e-08   31.1   0.0   2   3       8.9   1.4e+03   -3.0   4.1    12    37   203   229   195   244 0.59 length=310	scaffold=chromosome3	strand=+
3889_g               -            309 16211                -            124   4.1e-08   31.1   0.0   3   3       3.7     6e+02   -1.8   0.6    28    28   259   259   232   286 0.51 length=310	scaffold=chromosome3	strand=+
1339_g               -            107 16211                -            124   7.5e-08   30.2   0.0   1   1   5.5e-10   8.9e-08   30.0   0.0    36   107    24    96     2   100 0.84 length=108	scaffold=chromosome14	strand=+
4249_g               -            761 16211                -            124   3.1e-07   28.2   3.0   1   2   2.5e-09   4.1e-07   27.9   0.1    31   108     4    82     1    91 0.91 length=762	scaffold=chromosome9	strand=+
4249_g               -            761 16211                -            124   3.1e-07   28.2   3.0   2   2       6.5   1.1e+03   -2.6   0.4    17    67   547   596   539   600 0.62 length=762	scaffold=chromosome9	strand=+
4470_g               -            308 16211                -            124   4.5e-07   27.7   0.0   1   1   2.7e-09   4.5e-07   27.7   0.0    36   111    13    89     5   104 0.83 length=309	scaffold=chromosome5	strand=-
1915_g               -            833 16211                -            124   5.3e-07   27.5  14.3   1   5       5.8   9.4e+02   -2.4   0.6    15    34    11    30     2    47 0.52 length=834	scaffold=chromosome14	strand=-
1915_g               -            833 16211                -            124   5.3e-07   27.5  14.3   2   5       3.9   6.3e+02   -1.8   1.6     9    36   142   166   133   196 0.57 length=834	scaffold=chromosome14	strand=-
1915_g               -            833 16211                -            124   5.3e-07   27.5  14.3   3   5   0.00074      0.12   10.2   0.0    21    58   442   479   428   484 0.83 length=834	scaffold=chromosome14	strand=-
1915_g               -            833 16211                -            124   5.3e-07   27.5  14.3   4   5     1e-07   1.7e-05   22.7   0.0    28   107   583   662   569   676 0.83 length=834	scaffold=chromosome14	strand=-
1915_g               -            833 16211                -            124   5.3e-07   27.5  14.3   5   5      0.98   1.6e+02    0.1   0.0    44   105   750   815   743   818 0.67 length=834	scaffold=chromosome14	strand=-
821_g                -            268 16211                -            124   5.8e-07   27.3   0.2   1   2      0.84   1.4e+02    0.3   1.5    80   118    59    97    40   102 0.78 length=269	scaffold=chromosome8	strand=-
821_g                -            268 16211                -            124   5.8e-07   27.3   0.2   2   2   3.6e-09   5.8e-07   27.3   0.2    34   100   186   253   140   266 0.85 length=269	scaffold=chromosome8	strand=-
565_g                -            449 16211                -            124   3.8e-06   24.7   0.8   1   3       2.7   4.4e+02   -1.3   0.1    42    63   239   262   236   273 0.67 length=450	scaffold=chromosome13	strand=-
565_g                -            449 16211                -            124   3.8e-06   24.7   0.8   2   3       4.1   6.6e+02   -1.9   0.3    20    30   271   281   252   303 0.51 length=450	scaffold=chromosome13	strand=-
565_g                -            449 16211                -            124   3.8e-06   24.7   0.8   3   3   8.4e-08   1.4e-05   22.9   0.0    37   121   328   413   313   416 0.90 length=450	scaffold=chromosome13	strand=-
4603_g               -            291 16211                -            124   1.6e-05   22.7   0.0   1   2   4.2e-07   6.9e-05   20.7   0.0    37   107    10    78     3    95 0.86 length=292	scaffold=chromosome5	strand=-
4603_g               -            291 16211                -            124   1.6e-05   22.7   0.0   2   2       2.3   3.7e+02   -1.1   0.0    47    69   123   145   105   182 0.67 length=292	scaffold=chromosome5	strand=-
4216_g               -            289 16211                -            124   6.6e-05   20.7  10.4   1   2     0.028       4.6    5.1   3.8     5   116    16   121    12   131 0.80 length=290	scaffold=chromosome9	strand=+
4216_g               -            289 16211                -            124   6.6e-05   20.7  10.4   2   2     1e-06   0.00017   19.4   0.4    21   107   198   284   185   288 0.83 length=290	scaffold=chromosome9	strand=+
3536_g               -            156 16211                -            124     0.001   16.9   1.1   1   1   6.6e-06    0.0011   16.8   0.6    33   109    62   138    28   153 0.77 length=157	scaffold=chromosome6	strand=+
3232_g               -            160 16211                -            124    0.0014   16.5   0.9   1   2      0.84   1.4e+02    0.3   0.1    35    60     9    34     6    39 0.84 length=161	scaffold=chromosome10	strand=-
3232_g               -            160 16211                -            124    0.0014   16.5   0.9   2   2   3.3e-05    0.0054   14.5   0.1    48   108    68   131    62   145 0.73 length=161	scaffold=chromosome10	strand=-
252_g                -            527 16211                -            124     0.013   13.3   0.0   1   3    0.0021      0.34    8.7   0.0    75   109   289   324   271   339 0.86 length=528	scaffold=chromosome13	strand=-
252_g                -            527 16211                -            124     0.013   13.3   0.0   2   3       3.9   6.4e+02   -1.8   0.1     9    30   341   362   330   370 0.54 length=528	scaffold=chromosome13	strand=-
252_g                -            527 16211                -            124     0.013   13.3   0.0   3   3   8.1e-05     0.013   13.3   0.0    43   107   436   504   431   510 0.79 length=528	scaffold=chromosome13	strand=-
#
# Program:         hmmsearch
# Version:         3.4 (Aug 2023)
# Pipeline mode:   SEARCH
# Query file:      /home/inf-20-2025/Malaria/busco_downloads/lineages/apicomplexa_odb12/hmms/16211at5794.hmm
# Target file:     /home/inf-20-2025/Malaria/Results/6_nobird_annotation/P_faciparum.faa
# Option settings: hmmsearch --domtblout Results/8_busco/P_faciparum/run_apicomplexa_odb12/hmmer_output/initial_run_results/16211at5794.out --cpu 1 /home/inf-20-2025/Malaria/busco_downloads/lineages/apicomplexa_odb12/hmms/16211at5794.hmm /home/inf-20-2025/Malaria/Results/6_nobird_annotation/P_faciparum.faa 
# Current dir:     /home/inf-20-2025/Malaria
# Date:            Wed Mar  4 18:31:11 2026
# [ok]
