#                                                                            --- full sequence --- -------------- this domain -------------   hmm coord   ali coord   env coord
# target name        accession   tlen query name           accession   qlen   E-value  score  bias   #  of  c-Evalue  i-Evalue  score  bias  from    to  from    to  from    to  acc description of target
#------------------- ---------- ----- -------------------- ---------- ----- --------- ------ ----- --- --- --------- --------- ------ ----- ----- ----- ----- ----- ----- ----- ---- ---------------------
493_g                -            595 18178                -            177   2.5e-73  243.7   1.3   1   3       1.2   5.3e+02   -1.6   0.1   109   155    83   129    78   138 0.84 length=596	scaffold=chromosome13	strand=-
493_g                -            595 18178                -            177   2.5e-73  243.7   1.3   2   3      0.55   2.4e+02   -0.5   0.1    93   118   385   410   384   411 0.90 length=596	scaffold=chromosome13	strand=-
493_g                -            595 18178                -            177   2.5e-73  243.7   1.3   3   3   5.9e-76   2.5e-73  243.7   1.3     6   166   406   567   400   573 0.96 length=596	scaffold=chromosome13	strand=-
935_g                -            483 18178                -            177   9.4e-36  121.3   0.0   1   2     1e-20   4.5e-18   63.7   0.0    37   113    53   132    50   147 0.90 length=484	scaffold=chromosome8	strand=-
935_g                -            483 18178                -            177   9.4e-36  121.3   0.0   2   2   5.4e-18   2.3e-15   54.9   0.0    37   118   377   462   371   474 0.88 length=484	scaffold=chromosome8	strand=-
2853_g               -            423 18178                -            177   1.6e-28   97.8   7.1   1   3   7.9e-08   3.4e-05   21.8   0.5    36   120    51   138    49   150 0.78 length=424	scaffold=chromosome11	strand=-
2853_g               -            423 18178                -            177   1.6e-28   97.8   7.1   2   3   2.8e-25   1.2e-22   78.6   0.8     4   122   158   280   155   297 0.85 length=424	scaffold=chromosome11	strand=-
2853_g               -            423 18178                -            177   1.6e-28   97.8   7.1   3   3       1.5   6.5e+02   -1.9   0.0    86   117   357   390   345   410 0.71 length=424	scaffold=chromosome11	strand=-
1952_g               -            553 18178                -            177   1.1e-15   56.0   2.7   1   2   1.8e-08   7.8e-06   23.9   0.1    40   111    53   126    46   154 0.87 length=554	scaffold=chromosome14	strand=-
1952_g               -            553 18178                -            177   1.1e-15   56.0   2.7   2   2   9.4e-11   4.1e-08   31.3   0.3    37   117   435   526   432   533 0.74 length=554	scaffold=chromosome14	strand=-
423_g                -            157 18178                -            177   9.1e-13   46.5   0.1   1   1   3.3e-15   1.4e-12   45.8   0.1    38   101    76   139    72   155 0.93 length=158	scaffold=chromosome13	strand=-
2621_g               -            540 18178                -            177   4.9e-12   44.1   1.8   1   2   1.7e-14   7.3e-12   43.5   0.4    37   117   196   277   189   285 0.95 length=541	scaffold=chromosome11	strand=-
2621_g               -            540 18178                -            177   4.9e-12   44.1   1.8   2   2       2.9   1.3e+03   -2.9   0.0    53    84   316   346   306   359 0.63 length=541	scaffold=chromosome11	strand=-
1813_g               -            104 18178                -            177   3.2e-08   31.6   0.1   1   1     1e-10   4.4e-08   31.2   0.1    37    97    23    82    21    87 0.93 length=105	scaffold=chromosome14	strand=-
3064_g               -            193 18178                -            177   4.2e-06   24.8   0.7   1   2       4.5   1.9e+03   -3.5   0.0    53    65    53    65    49    76 0.56 length=194	scaffold=chromosome10	strand=-
3064_g               -            193 18178                -            177   4.2e-06   24.8   0.7   2   2   1.5e-08   6.4e-06   24.2   0.2    38    97    97   155    90   158 0.95 length=194	scaffold=chromosome10	strand=-
4181_g               -            128 18178                -            177   2.5e-05   22.3   0.0   1   1   7.6e-08   3.3e-05   21.8   0.0    38    98    47   106    39   121 0.92 length=129	scaffold=chromosome9	strand=+
4093_g               -            180 18178                -            177   8.1e-05   20.6   0.2   1   1   2.8e-07   0.00012   20.0   0.2    19    93    74   146    57   153 0.78 length=181	scaffold=chromosome9	strand=+
4123_g               -            515 18178                -            177     0.002   16.0   3.7   1   3   0.00035      0.15    9.9   0.4    42   110    71   143    44   149 0.81 length=516	scaffold=chromosome9	strand=+
4123_g               -            515 18178                -            177     0.002   16.0   3.7   2   3       6.3   2.7e+03   -4.0   0.0   101   119   243   261   237   264 0.78 length=516	scaffold=chromosome9	strand=+
4123_g               -            515 18178                -            177     0.002   16.0   3.7   3   3     0.005       2.2    6.1   0.0    39    96   420   481   416   484 0.76 length=516	scaffold=chromosome9	strand=+
2579_g               -            424 18178                -            177     0.024   12.5   5.0   1   2     0.049        21    2.9   0.4    36    78    57    99    25   102 0.80 length=425	scaffold=chromosome11	strand=+
2579_g               -            424 18178                -            177     0.024   12.5   5.0   2   2   0.00014     0.062   11.2   0.5    48   106   181   239   174   250 0.83 length=425	scaffold=chromosome11	strand=+
#
# Program:         hmmsearch
# Version:         3.4 (Aug 2023)
# Pipeline mode:   SEARCH
# Query file:      /home/inf-20-2025/Malaria/busco_downloads/lineages/apicomplexa_odb12/hmms/18178at5794.hmm
# Target file:     /home/inf-20-2025/Malaria/Results/6_nobird_annotation/P_faciparum.faa
# Option settings: hmmsearch --domtblout Results/8_busco/P_faciparum/run_apicomplexa_odb12/hmmer_output/initial_run_results/18178at5794.out --cpu 1 /home/inf-20-2025/Malaria/busco_downloads/lineages/apicomplexa_odb12/hmms/18178at5794.hmm /home/inf-20-2025/Malaria/Results/6_nobird_annotation/P_faciparum.faa 
# Current dir:     /home/inf-20-2025/Malaria
# Date:            Wed Mar  4 18:31:07 2026
# [ok]
