#                                                                            --- full sequence --- -------------- this domain -------------   hmm coord   ali coord   env coord
# target name        accession   tlen query name           accession   qlen   E-value  score  bias   #  of  c-Evalue  i-Evalue  score  bias  from    to  from    to  from    to  acc description of target
#------------------- ---------- ----- -------------------- ---------- ----- --------- ------ ----- --- --- --------- --------- ------ ----- ----- ----- ----- ----- ----- ----- ---- ---------------------
2572_g               -            499 26678                -            418  9.7e-148  490.5   0.9   1   2  6.3e-116    3e-113  376.9   0.3     2   303     5   323     4   333 0.90 length=500	scaffold=chromosome11	strand=+
2572_g               -            499 26678                -            418  9.7e-148  490.5   0.9   2   2   1.6e-35   7.7e-33  112.0   0.0   290   417   371   498   354   499 0.84 length=500	scaffold=chromosome11	strand=+
1498_g               -            522 26678                -            418   3.1e-64  215.4   2.9   1   2   5.1e-39   2.4e-36  123.5   0.0     3   209    19   256    17   265 0.80 length=523	scaffold=chromosome14	strand=-
1498_g               -            522 26678                -            418   3.1e-64  215.4   2.9   2   2     1e-26   4.9e-24   83.0   1.5   244   416   363   521   293   522 0.88 length=523	scaffold=chromosome14	strand=-
2456_g               -            376 26678                -            418   3.6e-57  192.2   0.0   1   2   9.8e-34   4.6e-31  106.1   0.0     3   196     7   196     5   199 0.97 length=377	scaffold=chromosome12	strand=+
2456_g               -            376 26678                -            418   3.6e-57  192.2   0.0   2   2   5.8e-27   2.8e-24   83.8   0.0   236   417   207   375   200   376 0.81 length=377	scaffold=chromosome12	strand=+
4487_g               -            565 26678                -            418     1e-49  167.6   0.4   1   2   6.5e-07   0.00031   17.8   0.0     4    43     9    48     6   123 0.68 length=566	scaffold=chromosome5	strand=+
4487_g               -            565 26678                -            418     1e-49  167.6   0.4   2   2   2.6e-46   1.2e-43  147.6   0.2    78   417   222   565   187   565 0.78 length=566	scaffold=chromosome5	strand=+
4337_g               -            367 26678                -            418   1.4e-47  160.5   0.1   1   3     0.018       8.7    3.1   0.0     2    21    12    31    11    66 0.84 length=368	scaffold=chromosome1	strand=-
4337_g               -            367 26678                -            418   1.4e-47  160.5   0.1   2   3   3.1e-23   1.5e-20   71.6   0.0    94   197    86   189    60   193 0.92 length=368	scaffold=chromosome1	strand=-
4337_g               -            367 26678                -            418   1.4e-47  160.5   0.1   3   3   1.9e-26   8.8e-24   82.2   0.0   234   411   197   361   190   367 0.87 length=368	scaffold=chromosome1	strand=-
2634_g               -            378 26678                -            418   8.8e-37  125.0   0.0   1   2   5.3e-22   2.5e-19   67.5   0.0     2   194     3   184     2   188 0.92 length=379	scaffold=chromosome11	strand=+
2634_g               -            378 26678                -            418   8.8e-37  125.0   0.0   2   2   3.5e-18   1.6e-15   54.9   0.0   238   415   199   372   195   375 0.79 length=379	scaffold=chromosome11	strand=+
1405_g               -            231 26678                -            418   7.8e-29   98.8   0.0   1   2   4.4e-06    0.0021   15.1   0.0   151   193     5    47     4    52 0.91 length=232	scaffold=chromosome14	strand=+
1405_g               -            231 26678                -            418   7.8e-29   98.8   0.0   2   2     3e-26   1.4e-23   81.5   0.0   252   417    84   230    52   231 0.79 length=232	scaffold=chromosome14	strand=+
1404_g               -            152 26678                -            418   2.9e-22   77.2   0.0   1   1   7.6e-25   3.6e-22   76.9   0.0     4   152     7   151     4   151 0.97 length=153	scaffold=chromosome14	strand=+
5052_g               -            413 26678                -            418   2.3e-07   28.1   0.3   1   3     0.014       6.6    3.5   0.0     3    37     8    42     6    53 0.82 length=414	scaffold=chromosome4	strand=-
5052_g               -            413 26678                -            418   2.3e-07   28.1   0.3   2   3     0.027        13    2.6   0.0   154   192   174   213   164   223 0.88 length=414	scaffold=chromosome4	strand=-
5052_g               -            413 26678                -            418   2.3e-07   28.1   0.3   3   3   4.7e-07   0.00022   18.2   0.1   309   415   294   405   270   408 0.78 length=414	scaffold=chromosome4	strand=-
4044_g               -            956 26678                -            418     4e-07   27.3   0.0   1   3      0.34   1.6e+02   -1.1   0.0    98   133   143   178   127   182 0.83 length=957	scaffold=chromosome9	strand=+
4044_g               -            956 26678                -            418     4e-07   27.3   0.0   2   3    0.0013      0.62    6.9   0.0   151   197   282   328   279   331 0.95 length=957	scaffold=chromosome9	strand=+
4044_g               -            956 26678                -            418     4e-07   27.3   0.0   3   3   1.7e-06   0.00081   16.4   0.0   315   410   428   530   404   538 0.81 length=957	scaffold=chromosome9	strand=+
1245_g               -            552 26678                -            418    0.0059   13.6   0.0   1   2    0.0018      0.85    6.4   0.0   144   197   229   282   227   284 0.94 length=553	scaffold=chromosome7	strand=+
1245_g               -            552 26678                -            418    0.0059   13.6   0.0   2   2    0.0089       4.2    4.2   0.0   323   395   447   526   423   532 0.65 length=553	scaffold=chromosome7	strand=+
#
# Program:         hmmsearch
# Version:         3.4 (Aug 2023)
# Pipeline mode:   SEARCH
# Query file:      /home/inf-20-2025/Malaria/busco_downloads/lineages/apicomplexa_odb12/hmms/26678at5794.hmm
# Target file:     /home/inf-20-2025/Malaria/Results/6_nobird_annotation/P_faciparum.faa
# Option settings: hmmsearch --domtblout Results/8_busco/P_faciparum/run_apicomplexa_odb12/hmmer_output/initial_run_results/26678at5794.out --cpu 1 /home/inf-20-2025/Malaria/busco_downloads/lineages/apicomplexa_odb12/hmms/26678at5794.hmm /home/inf-20-2025/Malaria/Results/6_nobird_annotation/P_faciparum.faa 
# Current dir:     /home/inf-20-2025/Malaria
# Date:            Wed Mar  4 18:31:07 2026
# [ok]
