#                                                                            --- full sequence --- -------------- this domain -------------   hmm coord   ali coord   env coord
# target name        accession   tlen query name           accession   qlen   E-value  score  bias   #  of  c-Evalue  i-Evalue  score  bias  from    to  from    to  from    to  acc description of target
#------------------- ---------- ----- -------------------- ---------- ----- --------- ------ ----- --- --- --------- --------- ------ ----- ----- ----- ----- ----- ----- ----- ---- ---------------------
2852_g               -           1897 31665                -            630         0 1224.3  19.8   1   3         7   5.2e+03  -21.0  24.6   534   577   690   711   610   785 0.46 length=1898	scaffold=chromosome11	strand=+
2852_g               -           1897 31665                -            630         0 1224.3  19.8   2   3      0.47   3.5e+02   -2.9   0.1   248   287  1128  1169  1122  1180 0.74 length=1898	scaffold=chromosome11	strand=+
2852_g               -           1897 31665                -            630         0 1224.3  19.8   3   3         0         0 1224.3  19.8    10   628  1267  1885  1257  1888 0.99 length=1898	scaffold=chromosome11	strand=+
1007_g               -            682 31665                -            630  4.8e-228  756.4  13.3   1   1    8e-231    6e-228  756.1  13.3     9   625    27   656    19   661 0.92 length=683	scaffold=chromosome7	strand=+
4109_g               -            652 31665                -            630  1.8e-225  747.9  13.9   1   1  3.2e-228  2.4e-225  747.5  13.9     8   614    18   631    12   644 0.94 length=653	scaffold=chromosome9	strand=+
853_g                -            677 31665                -            630    5e-221  733.3   7.5   1   1  8.9e-224  6.6e-221  732.9   7.5    19   616    16   626     4   632 0.92 length=678	scaffold=chromosome8	strand=+
1071_g               -            873 31665                -            630   1.2e-33  114.2   2.5   1   5   6.3e-29   4.7e-26   89.2   0.3    19   259     2   251     1   261 0.86 length=874	scaffold=chromosome7	strand=+
1071_g               -            873 31665                -            630   1.2e-33  114.2   2.5   2   5     3e-12   2.2e-09   34.1   0.1   270   394   294   414   271   421 0.84 length=874	scaffold=chromosome7	strand=+
1071_g               -            873 31665                -            630   1.2e-33  114.2   2.5   3   5         7   5.2e+03  -11.5  12.5   528   582   534   586   500   605 0.48 length=874	scaffold=chromosome7	strand=+
1071_g               -            873 31665                -            630   1.2e-33  114.2   2.5   4   5    0.0016       1.2    5.2   2.6   512   620   615   727   604   739 0.74 length=874	scaffold=chromosome7	strand=+
1071_g               -            873 31665                -            630   1.2e-33  114.2   2.5   5   5         7   5.2e+03  -13.1  18.7   545   626   784   862   735   870 0.54 length=874	scaffold=chromosome7	strand=+
414_g                -            932 31665                -            630   1.6e-24   84.1  21.0   1   5      0.65   4.8e+02   -3.4   0.0    18    91    24    97    17   109 0.67 length=933	scaffold=chromosome13	strand=+
414_g                -            932 31665                -            630   1.6e-24   84.1  21.0   2   5   2.2e-27   1.6e-24   84.1  21.0   127   605   163   677   140   694 0.67 length=933	scaffold=chromosome13	strand=+
414_g                -            932 31665                -            630   1.6e-24   84.1  21.0   3   5      0.23   1.7e+02   -1.9   8.9   540   618   681   764   660   775 0.65 length=933	scaffold=chromosome13	strand=+
414_g                -            932 31665                -            630   1.6e-24   84.1  21.0   4   5       4.5   3.3e+03   -6.2  13.2   525   608   701   789   696   826 0.64 length=933	scaffold=chromosome13	strand=+
414_g                -            932 31665                -            630   1.6e-24   84.1  21.0   5   5         7   5.2e+03  -15.0  18.3   559   619   842   905   793   923 0.38 length=933	scaffold=chromosome13	strand=+
732_g                -            436 31665                -            630      0.17    8.0   5.9   1   1   0.00038      0.28    7.3   5.9   525   594   192   262   186   270 0.88 length=437	scaffold=chromosome8	strand=-
#
# Program:         hmmsearch
# Version:         3.4 (Aug 2023)
# Pipeline mode:   SEARCH
# Query file:      /home/inf-20-2025/Malaria/busco_downloads/lineages/apicomplexa_odb12/hmms/31665at5794.hmm
# Target file:     /home/inf-20-2025/Malaria/Results/6_nobird_annotation/P_faciparum.faa
# Option settings: hmmsearch --domtblout Results/8_busco/P_faciparum/run_apicomplexa_odb12/hmmer_output/initial_run_results/31665at5794.out --cpu 1 /home/inf-20-2025/Malaria/busco_downloads/lineages/apicomplexa_odb12/hmms/31665at5794.hmm /home/inf-20-2025/Malaria/Results/6_nobird_annotation/P_faciparum.faa 
# Current dir:     /home/inf-20-2025/Malaria
# Date:            Wed Mar  4 18:31:08 2026
# [ok]
