#                                                                            --- full sequence --- -------------- this domain -------------   hmm coord   ali coord   env coord
# target name        accession   tlen query name           accession   qlen   E-value  score  bias   #  of  c-Evalue  i-Evalue  score  bias  from    to  from    to  from    to  acc description of target
#------------------- ---------- ----- -------------------- ---------- ----- --------- ------ ----- --- --- --------- --------- ------ ----- ----- ----- ----- ----- ----- ----- ---- ---------------------
166_g                -           1015 31757                -            739         0 1087.9  29.0   1   3   8.2e-18   5.3e-15   52.8   0.0     3    78    68   146    66   191 0.88 length=1016	scaffold=chromosome13	strand=+
166_g                -           1015 31757                -            739         0 1087.9  29.0   2   3  4.2e-251  2.7e-248  824.1  16.7    94   578   208   737   203   755 0.90 length=1016	scaffold=chromosome13	strand=+
166_g                -           1015 31757                -            739         0 1087.9  29.0   3   3     9e-65   5.9e-62  208.0   1.7   568   730   813   975   805   993 0.90 length=1016	scaffold=chromosome13	strand=+
518_g                -            929 31757                -            739  1.6e-122  408.2  18.1   1   2   1.3e-21   8.3e-19   65.3   6.2     5   295    22   337    18   341 0.70 length=930	scaffold=chromosome13	strand=+
518_g                -            929 31757                -            739  1.6e-122  408.2  18.1   2   2  2.9e-106  1.9e-103  345.2   3.8   315   662   388   749   379   829 0.85 length=930	scaffold=chromosome13	strand=+
1046_g               -            821 31757                -            739  2.3e-117  391.2   2.8   1   1  8.1e-120  5.3e-117  390.0   2.7   156   662   203   716   153   725 0.83 length=822	scaffold=chromosome7	strand=-
1456_g               -            971 31757                -            739  2.3e-113  378.0   7.5   1   2   1.1e-30   7.2e-28   95.3   1.4    56   396   188   522   148   528 0.75 length=972	scaffold=chromosome14	strand=+
1456_g               -            971 31757                -            739  2.3e-113  378.0   7.5   2   2   3.2e-86   2.1e-83  278.9   0.5   396   657   549   838   542   846 0.86 length=972	scaffold=chromosome14	strand=+
2135_g               -            760 31757                -            739  4.5e-107  357.2   1.7   1   1  2.2e-109  1.4e-106  355.5   1.7    88   666    86   680    24   746 0.80 length=761	scaffold=chromosome12	strand=+
4696_g               -            962 31757                -            739  3.7e-105  350.9   0.3   1   2   6.9e-95   4.5e-92  307.6   0.2    46   575    75   609    43   634 0.81 length=963	scaffold=chromosome5	strand=-
4696_g               -            962 31757                -            739  3.7e-105  350.9   0.3   2   2   4.2e-14   2.7e-11   40.5   0.0   594   669   711   792   671   796 0.79 length=963	scaffold=chromosome5	strand=-
2131_g               -           1135 31757                -            739     1e-95  319.6  19.6   1   3   8.9e-14   5.8e-11   39.4   4.0   148   362   240   459   224   469 0.74 length=1136	scaffold=chromosome12	strand=-
2131_g               -           1135 31757                -            739     1e-95  319.6  19.6   2   3   6.5e-70   4.3e-67  225.0   0.8   321   566   614   868   598   884 0.87 length=1136	scaffold=chromosome12	strand=-
2131_g               -           1135 31757                -            739     1e-95  319.6  19.6   3   3   2.4e-21   1.5e-18   64.5   1.0   571   665   943  1040   935  1095 0.87 length=1136	scaffold=chromosome12	strand=-
5111_g               -           1465 31757                -            739   1.4e-57  193.5  15.8   1   4     0.024        16    1.6   0.1   130   197   398   468   363   481 0.76 length=1466	scaffold=chromosome4	strand=-
5111_g               -           1465 31757                -            739   1.4e-57  193.5  15.8   2   4   5.7e-05     0.037   10.3   0.6   231   327   565   657   559   680 0.79 length=1466	scaffold=chromosome4	strand=-
5111_g               -           1465 31757                -            739   1.4e-57  193.5  15.8   3   4   1.5e-46     1e-43  147.7   2.2   395   612  1025  1257  1012  1269 0.79 length=1466	scaffold=chromosome4	strand=-
5111_g               -           1465 31757                -            739   1.4e-57  193.5  15.8   4   4   4.2e-14   2.7e-11   40.5   0.0   573   662  1300  1388  1288  1401 0.89 length=1466	scaffold=chromosome4	strand=-
#
# Program:         hmmsearch
# Version:         3.4 (Aug 2023)
# Pipeline mode:   SEARCH
# Query file:      /home/inf-20-2025/Malaria/busco_downloads/lineages/apicomplexa_odb12/hmms/31757at5794.hmm
# Target file:     /home/inf-20-2025/Malaria/Results/6_nobird_annotation/P_faciparum.faa
# Option settings: hmmsearch --domtblout Results/8_busco/P_faciparum/run_apicomplexa_odb12/hmmer_output/initial_run_results/31757at5794.out --cpu 1 /home/inf-20-2025/Malaria/busco_downloads/lineages/apicomplexa_odb12/hmms/31757at5794.hmm /home/inf-20-2025/Malaria/Results/6_nobird_annotation/P_faciparum.faa 
# Current dir:     /home/inf-20-2025/Malaria
# Date:            Wed Mar  4 18:31:09 2026
# [ok]
