#                                                                            --- full sequence --- -------------- this domain -------------   hmm coord   ali coord   env coord
# target name        accession   tlen query name           accession   qlen   E-value  score  bias   #  of  c-Evalue  i-Evalue  score  bias  from    to  from    to  from    to  acc description of target
#------------------- ---------- ----- -------------------- ---------- ----- --------- ------ ----- --- --- --------- --------- ------ ----- ----- ----- ----- ----- ----- ----- ---- ---------------------
518_g                -            929 31816                -            664         0 1027.3  16.8   1   1         0         0 1024.8  16.8     2   658   174   889   173   894 0.90 length=930	scaffold=chromosome13	strand=+
166_g                -           1015 31816                -            664    4e-117  390.4  14.4   1   2  5.7e-105  3.7e-102  341.0   7.7    21   453   278   741   268   771 0.80 length=1016	scaffold=chromosome13	strand=+
166_g                -           1015 31816                -            664    4e-117  390.4  14.4   2   2     6e-17   3.9e-14   50.1   0.5   428   562   796   932   780   979 0.76 length=1016	scaffold=chromosome13	strand=+
1046_g               -            821 31816                -            664    3e-115  384.3   5.5   1   2   7.2e-21   4.7e-18   63.1   0.1    22   165   194   339   173   358 0.83 length=822	scaffold=chromosome7	strand=-
1046_g               -            821 31816                -            664    3e-115  384.3   5.5   2   2   7.4e-99   4.8e-96  320.8   1.9   216   549   362   724   348   754 0.84 length=822	scaffold=chromosome7	strand=-
2135_g               -            760 31816                -            664  9.6e-114  379.3   2.9   1   3       1.6   1.1e+03   -4.2   0.0    36    77   164   205   142   211 0.78 length=761	scaffold=chromosome12	strand=+
2135_g               -            760 31816                -            664  9.6e-114  379.3   2.9   2   3   1.3e-10   8.7e-08   29.2   0.0   105   163   253   311   238   317 0.90 length=761	scaffold=chromosome12	strand=+
2135_g               -            760 31816                -            664  9.6e-114  379.3   2.9   3   3  1.7e-106  1.1e-103  346.0   2.9   220   565   339   700   327   710 0.89 length=761	scaffold=chromosome12	strand=+
1456_g               -            971 31816                -            664  6.2e-113  376.6   8.2   1   4      0.44   2.9e+02   -2.3   0.1   532   609   184   259   175   284 0.64 length=972	scaffold=chromosome14	strand=+
1456_g               -            971 31816                -            664  6.2e-113  376.6   8.2   2   4   1.6e-21   1.1e-18   65.2   0.2    29   163   298   433   271   445 0.85 length=972	scaffold=chromosome14	strand=+
1456_g               -            971 31816                -            664  6.2e-113  376.6   8.2   3   4   2.7e-07   0.00018   18.2   0.0   205   268   442   508   435   526 0.84 length=972	scaffold=chromosome14	strand=+
1456_g               -            971 31816                -            664  6.2e-113  376.6   8.2   4   4   2.3e-91   1.5e-88  296.0   0.1   267   543   549   845   541   865 0.84 length=972	scaffold=chromosome14	strand=+
4696_g               -            962 31816                -            664   7.8e-88  293.7  18.5   1   4      0.41   2.7e+02   -2.2   0.8   551   612    54   117    28   139 0.59 length=963	scaffold=chromosome5	strand=-
4696_g               -            962 31816                -            664   7.8e-88  293.7  18.5   2   4   9.8e-15   6.4e-12   42.8   0.2    38   161   197   336   161   340 0.77 length=963	scaffold=chromosome5	strand=-
4696_g               -            962 31816                -            664   7.8e-88  293.7  18.5   3   4   7.3e-72   4.8e-69  231.6   0.6   211   448   356   611   352   627 0.87 length=963	scaffold=chromosome5	strand=-
4696_g               -            962 31816                -            664   7.8e-88  293.7  18.5   4   4   1.5e-10   9.5e-08   29.0   0.4   471   568   712   809   702   832 0.76 length=963	scaffold=chromosome5	strand=-
2131_g               -           1135 31816                -            664   2.5e-84  282.1  20.3   1   4   9.1e-15     6e-12   42.9   0.3    22   164   239   387   226   399 0.82 length=1136	scaffold=chromosome12	strand=-
2131_g               -           1135 31816                -            664   2.5e-84  282.1  20.3   2   4      0.97   6.3e+02   -3.4   1.3   583   641   426   485   414   515 0.68 length=1136	scaffold=chromosome12	strand=-
2131_g               -           1135 31816                -            664   2.5e-84  282.1  20.3   3   4   7.3e-60   4.7e-57  191.9   0.1   262   451   695   882   686   892 0.94 length=1136	scaffold=chromosome12	strand=-
2131_g               -           1135 31816                -            664   2.5e-84  282.1  20.3   4   4   7.8e-20   5.1e-17   59.7   2.4   433   576   928  1073   918  1107 0.80 length=1136	scaffold=chromosome12	strand=-
5111_g               -           1465 31816                -            664   2.7e-60  202.7  14.9   1   4     5e-05     0.033   10.7   0.4    18    81   411   474   391   499 0.77 length=1466	scaffold=chromosome4	strand=-
5111_g               -           1465 31816                -            664   2.7e-60  202.7  14.9   2   4   4.5e-07    0.0003   17.5   0.0   100   162   566   624   557   628 0.91 length=1466	scaffold=chromosome4	strand=-
5111_g               -           1465 31816                -            664   2.7e-60  202.7  14.9   3   4   4.4e-46   2.9e-43  146.4   1.5   274   466  1033  1233  1027  1246 0.81 length=1466	scaffold=chromosome4	strand=-
5111_g               -           1465 31816                -            664   2.7e-60  202.7  14.9   4   4   3.7e-12   2.4e-09   34.3   0.0   444   539  1294  1386  1285  1402 0.81 length=1466	scaffold=chromosome4	strand=-
#
# Program:         hmmsearch
# Version:         3.4 (Aug 2023)
# Pipeline mode:   SEARCH
# Query file:      /home/inf-20-2025/Malaria/busco_downloads/lineages/apicomplexa_odb12/hmms/31816at5794.hmm
# Target file:     /home/inf-20-2025/Malaria/Results/6_nobird_annotation/P_faciparum.faa
# Option settings: hmmsearch --domtblout Results/8_busco/P_faciparum/run_apicomplexa_odb12/hmmer_output/initial_run_results/31816at5794.out --cpu 1 /home/inf-20-2025/Malaria/busco_downloads/lineages/apicomplexa_odb12/hmms/31816at5794.hmm /home/inf-20-2025/Malaria/Results/6_nobird_annotation/P_faciparum.faa 
# Current dir:     /home/inf-20-2025/Malaria
# Date:            Wed Mar  4 18:31:10 2026
# [ok]
