#                                                                            --- full sequence --- -------------- this domain -------------   hmm coord   ali coord   env coord
# target name        accession   tlen query name           accession   qlen   E-value  score  bias   #  of  c-Evalue  i-Evalue  score  bias  from    to  from    to  from    to  acc description of target
#------------------- ---------- ----- -------------------- ---------- ----- --------- ------ ----- --- --- --------- --------- ------ ----- ----- ----- ----- ----- ----- ----- ---- ---------------------
3417_g               -            379 32042                -            306  3.3e-127  422.2   9.9   1   2   8.1e-32   1.4e-28   98.3   1.4     2    95     6   101     5   126 0.90 length=380	scaffold=chromosome6	strand=+
3417_g               -            379 32042                -            306  3.3e-127  422.2   9.9   2   2  4.8e-102   8.4e-99  328.9   1.8    98   304   154   367   145   369 0.94 length=380	scaffold=chromosome6	strand=+
2974_g               -            923 32042                -            306   3.5e-50  169.3  14.0   1   3     0.022        39    1.6   0.3    39    95   199   255   195   310 0.83 length=924	scaffold=chromosome11	strand=-
2974_g               -            923 32042                -            306   3.5e-50  169.3  14.0   2   3   9.4e-46   1.6e-42  144.1   7.6     3   236   423   675   421   686 0.86 length=924	scaffold=chromosome11	strand=-
2974_g               -            923 32042                -            306   3.5e-50  169.3  14.0   3   3   1.4e-09   2.4e-06   25.3   0.0   234   286   800   852   797   861 0.91 length=924	scaffold=chromosome11	strand=-
2159_g               -            433 32042                -            306   2.4e-43  146.8  12.7   1   3   0.00018      0.31    8.5   0.1     8    54    16    62     9    71 0.83 length=434	scaffold=chromosome12	strand=-
2159_g               -            433 32042                -            306   2.4e-43  146.8  12.7   2   3   2.6e-42   4.5e-39  132.8   4.2    65   262   114   342    76   358 0.79 length=434	scaffold=chromosome12	strand=-
2159_g               -            433 32042                -            306   2.4e-43  146.8  12.7   3   3     7e-05      0.12    9.8   0.1   268   285   368   385   365   393 0.87 length=434	scaffold=chromosome12	strand=-
#
# Program:         hmmsearch
# Version:         3.4 (Aug 2023)
# Pipeline mode:   SEARCH
# Query file:      /home/inf-20-2025/Malaria/busco_downloads/lineages/apicomplexa_odb12/hmms/32042at5794.hmm
# Target file:     /home/inf-20-2025/Malaria/Results/6_nobird_annotation/P_faciparum.faa
# Option settings: hmmsearch --domtblout Results/8_busco/P_faciparum/run_apicomplexa_odb12/hmmer_output/initial_run_results/32042at5794.out --cpu 1 /home/inf-20-2025/Malaria/busco_downloads/lineages/apicomplexa_odb12/hmms/32042at5794.hmm /home/inf-20-2025/Malaria/Results/6_nobird_annotation/P_faciparum.faa 
# Current dir:     /home/inf-20-2025/Malaria
# Date:            Wed Mar  4 18:31:09 2026
# [ok]
