#                                                                            --- full sequence --- -------------- this domain -------------   hmm coord   ali coord   env coord
# target name        accession   tlen query name           accession   qlen   E-value  score  bias   #  of  c-Evalue  i-Evalue  score  bias  from    to  from    to  from    to  acc description of target
#------------------- ---------- ----- -------------------- ---------- ----- --------- ------ ----- --- --- --------- --------- ------ ----- ----- ----- ----- ----- ----- ----- ---- ---------------------
237_g                -           1099 3276                 -            608    1e-158  527.7  75.2   1   6   2.2e-17   3.8e-14   50.2   1.1     1    84    89   176    89   187 0.87 length=1100	scaffold=chromosome13	strand=-
237_g                -           1099 3276                 -            608    1e-158  527.7  75.2   2   6   6.8e-27   1.2e-23   81.6  10.0    75   159   207   298   176   307 0.77 length=1100	scaffold=chromosome13	strand=-
237_g                -           1099 3276                 -            608    1e-158  527.7  75.2   3   6   1.2e-62   2.1e-59  199.7  24.9   155   378   334   567   320   601 0.93 length=1100	scaffold=chromosome13	strand=-
237_g                -           1099 3276                 -            608    1e-158  527.7  75.2   4   6   1.3e-27   2.3e-24   84.0   4.7   375   485   736   854   722   867 0.84 length=1100	scaffold=chromosome13	strand=-
237_g                -           1099 3276                 -            608    1e-158  527.7  75.2   5   6   4.4e-22   7.6e-19   65.8   0.1   485   538   886   939   860   944 0.84 length=1100	scaffold=chromosome13	strand=-
237_g                -           1099 3276                 -            608    1e-158  527.7  75.2   6   6   7.5e-24   1.3e-20   71.6   0.3   531   591   969  1029   964  1043 0.93 length=1100	scaffold=chromosome13	strand=-
1363_g               -           1160 3276                 -            608   3.5e-80  268.3  49.8   1   5     1e-43   1.8e-40  137.2  10.4     1   265    57   315    57   348 0.78 length=1161	scaffold=chromosome14	strand=-
1363_g               -           1160 3276                 -            608   3.5e-80  268.3  49.8   2   5     0.065   1.1e+02   -0.9   3.5   264   333   379   435   334   450 0.52 length=1161	scaffold=chromosome14	strand=-
1363_g               -           1160 3276                 -            608   3.5e-80  268.3  49.8   3   5   1.5e-27   2.6e-24   83.8   3.3   352   527   532   737   500   750 0.77 length=1161	scaffold=chromosome14	strand=-
1363_g               -           1160 3276                 -            608   3.5e-80  268.3  49.8   4   5   1.3e-20   2.2e-17   60.9   0.3   540   607   780   847   767   848 0.93 length=1161	scaffold=chromosome14	strand=-
1363_g               -           1160 3276                 -            608   3.5e-80  268.3  49.8   5   5      0.93   1.6e+03   -4.7   3.3    41    96   974  1029   946  1089 0.68 length=1161	scaffold=chromosome14	strand=-
4260_g               -           1056 3276                 -            608   2.9e-43  146.4  34.6   1   4   2.2e-07   0.00039   17.2   0.1     1    86    40   127    40   137 0.76 length=1057	scaffold=chromosome9	strand=+
4260_g               -           1056 3276                 -            608   2.9e-43  146.4  34.6   2   4   2.2e-05     0.038   10.6   1.5   115   163   174   223   160   229 0.79 length=1057	scaffold=chromosome9	strand=+
4260_g               -           1056 3276                 -            608   2.9e-43  146.4  34.6   3   4     1e-12   1.7e-09   34.8  15.7   116   309   235   444   222   482 0.71 length=1057	scaffold=chromosome9	strand=+
4260_g               -           1056 3276                 -            608   2.9e-43  146.4  34.6   4   4   5.2e-30     9e-27   91.9   0.8   376   591   744  1000   726  1015 0.78 length=1057	scaffold=chromosome9	strand=+
#
# Program:         hmmsearch
# Version:         3.4 (Aug 2023)
# Pipeline mode:   SEARCH
# Query file:      /home/inf-20-2025/Malaria/busco_downloads/lineages/apicomplexa_odb12/hmms/3276at5794.hmm
# Target file:     /home/inf-20-2025/Malaria/Results/6_nobird_annotation/P_faciparum.faa
# Option settings: hmmsearch --domtblout Results/8_busco/P_faciparum/run_apicomplexa_odb12/hmmer_output/initial_run_results/3276at5794.out --cpu 1 /home/inf-20-2025/Malaria/busco_downloads/lineages/apicomplexa_odb12/hmms/3276at5794.hmm /home/inf-20-2025/Malaria/Results/6_nobird_annotation/P_faciparum.faa 
# Current dir:     /home/inf-20-2025/Malaria
# Date:            Wed Mar  4 18:31:11 2026
# [ok]
