#                                                                            --- full sequence --- -------------- this domain -------------   hmm coord   ali coord   env coord
# target name        accession   tlen query name           accession   qlen   E-value  score  bias   #  of  c-Evalue  i-Evalue  score  bias  from    to  from    to  from    to  acc description of target
#------------------- ---------- ----- -------------------- ---------- ----- --------- ------ ----- --- --- --------- --------- ------ ----- ----- ----- ----- ----- ----- ----- ---- ---------------------
1796_g               -           1081 32841                -            578  1.8e-225  748.0  53.4   1   4  1.5e-116  1.6e-113  378.4  19.2     1   264     1   284     1   288 0.89 length=1082	scaffold=chromosome14	strand=+
1796_g               -           1081 32841                -            578  1.8e-225  748.0  53.4   2   4  2.8e-100     3e-97  324.7  10.6   236   500   357   626   323   631 0.91 length=1082	scaffold=chromosome14	strand=+
1796_g               -           1081 32841                -            578  1.8e-225  748.0  53.4   3   4   7.8e-20   8.1e-17   59.1   4.1   477   553   677   753   638   780 0.82 length=1082	scaffold=chromosome14	strand=+
1796_g               -           1081 32841                -            578  1.8e-225  748.0  53.4   4   4      0.58     6e+02   -3.2   0.1   125   159  1036  1072  1027  1074 0.77 length=1082	scaffold=chromosome14	strand=+
3982_g               -           1388 32841                -            578   5.4e-71  238.0  31.4   1   3   4.3e-66   4.5e-63  211.9  16.5    41   426    65   454    15   460 0.94 length=1389	scaffold=chromosome9	strand=-
3982_g               -           1388 32841                -            578   5.4e-71  238.0  31.4   2   3   2.9e-13     3e-10   37.4   0.7   428   565   622   756   606   764 0.85 length=1389	scaffold=chromosome9	strand=-
3982_g               -           1388 32841                -            578   5.4e-71  238.0  31.4   3   3       1.6   1.6e+03   -4.6   0.8   479   506  1317  1346  1301  1375 0.42 length=1389	scaffold=chromosome9	strand=-
3548_g               -           1236 32841                -            578     1e-36  124.8  38.8   1   4   1.9e-22   1.9e-19   67.8  11.0     8   189    12   219     5   241 0.83 length=1237	scaffold=chromosome6	strand=+
3548_g               -           1236 32841                -            578     1e-36  124.8  38.8   2   4      0.31   3.2e+02   -2.3   0.2   210   253   349   394   311   397 0.67 length=1237	scaffold=chromosome6	strand=+
3548_g               -           1236 32841                -            578     1e-36  124.8  38.8   3   4   2.9e-16     3e-13   47.3   4.9   255   424   484   656   467   680 0.84 length=1237	scaffold=chromosome6	strand=+
3548_g               -           1236 32841                -            578     1e-36  124.8  38.8   4   4   1.8e-09   1.8e-06   24.9   2.1   424   549   719   836   702   859 0.80 length=1237	scaffold=chromosome6	strand=+
4705_g               -            929 32841                -            578   8.1e-19   65.7  21.0   1   1   1.5e-21   1.6e-18   64.8  20.5    66   554    66   540    48   548 0.81 length=930	scaffold=chromosome5	strand=-
1264_g               -            869 32841                -            578   7.2e-13   46.1  19.7   1   1   5.3e-14   5.5e-11   39.9  19.7    61   469    69   471    62   556 0.76 length=870	scaffold=chromosome7	strand=-
#
# Program:         hmmsearch
# Version:         3.4 (Aug 2023)
# Pipeline mode:   SEARCH
# Query file:      /home/inf-20-2025/Malaria/busco_downloads/lineages/apicomplexa_odb12/hmms/32841at5794.hmm
# Target file:     /home/inf-20-2025/Malaria/Results/6_nobird_annotation/P_faciparum.faa
# Option settings: hmmsearch --domtblout Results/8_busco/P_faciparum/run_apicomplexa_odb12/hmmer_output/initial_run_results/32841at5794.out --cpu 1 /home/inf-20-2025/Malaria/busco_downloads/lineages/apicomplexa_odb12/hmms/32841at5794.hmm /home/inf-20-2025/Malaria/Results/6_nobird_annotation/P_faciparum.faa 
# Current dir:     /home/inf-20-2025/Malaria
# Date:            Wed Mar  4 18:31:13 2026
# [ok]
