#                                                                            --- full sequence --- -------------- this domain -------------   hmm coord   ali coord   env coord
# target name        accession   tlen query name           accession   qlen   E-value  score  bias   #  of  c-Evalue  i-Evalue  score  bias  from    to  from    to  from    to  acc description of target
#------------------- ---------- ----- -------------------- ---------- ----- --------- ------ ----- --- --- --------- --------- ------ ----- ----- ----- ----- ----- ----- ----- ---- ---------------------
4458_g               -           1272 32910                -            900  1.4e-162  541.1 171.0   1   7   2.1e-20   1.1e-16   58.4  21.1     1   279     1   255     1   275 0.76 length=1273	scaffold=chromosome5	strand=+
4458_g               -           1272 32910                -            900  1.4e-162  541.1 171.0   2   7   0.00043       2.3    4.4   6.0   156   234   247   328   236   347 0.74 length=1273	scaffold=chromosome5	strand=+
4458_g               -           1272 32910                -            900  1.4e-162  541.1 171.0   3   7      0.07   3.7e+02   -2.9   1.9   272   328   421   477   364   490 0.71 length=1273	scaffold=chromosome5	strand=+
4458_g               -           1272 32910                -            900  1.4e-162  541.1 171.0   4   7   5.9e-88   3.1e-84  281.9  56.7   320   639   528   847   482   871 0.84 length=1273	scaffold=chromosome5	strand=+
4458_g               -           1272 32910                -            900  1.4e-162  541.1 171.0   5   7     0.025   1.3e+02   -1.4   4.2   594   657   864   928   850   933 0.66 length=1273	scaffold=chromosome5	strand=+
4458_g               -           1272 32910                -            900  1.4e-162  541.1 171.0   6   7   2.3e-13   1.2e-09   35.1  12.5   594   694   937  1033   924  1043 0.68 length=1273	scaffold=chromosome5	strand=+
4458_g               -           1272 32910                -            900  1.4e-162  541.1 171.0   7   7   1.4e-61   7.4e-58  194.6  31.2   693   898  1067  1271  1053  1272 0.95 length=1273	scaffold=chromosome5	strand=+
#
# Program:         hmmsearch
# Version:         3.4 (Aug 2023)
# Pipeline mode:   SEARCH
# Query file:      /home/inf-20-2025/Malaria/busco_downloads/lineages/apicomplexa_odb12/hmms/32910at5794.hmm
# Target file:     /home/inf-20-2025/Malaria/Results/6_nobird_annotation/P_faciparum.faa
# Option settings: hmmsearch --domtblout Results/8_busco/P_faciparum/run_apicomplexa_odb12/hmmer_output/initial_run_results/32910at5794.out --cpu 1 /home/inf-20-2025/Malaria/busco_downloads/lineages/apicomplexa_odb12/hmms/32910at5794.hmm /home/inf-20-2025/Malaria/Results/6_nobird_annotation/P_faciparum.faa 
# Current dir:     /home/inf-20-2025/Malaria
# Date:            Wed Mar  4 18:31:13 2026
# [ok]
