#                                                                            --- full sequence --- -------------- this domain -------------   hmm coord   ali coord   env coord
# target name        accession   tlen query name           accession   qlen   E-value  score  bias   #  of  c-Evalue  i-Evalue  score  bias  from    to  from    to  from    to  acc description of target
#------------------- ---------- ----- -------------------- ---------- ----- --------- ------ ----- --- --- --------- --------- ------ ----- ----- ----- ----- ----- ----- ----- ---- ---------------------
2820_g               -           1811 33274                -           1015  5.6e-236  784.0 244.7   1   8         5   5.2e+03  -10.7  20.6   215   402    70   256    45   282 0.71 length=1812	scaffold=chromosome11	strand=-
2820_g               -           1811 33274                -           1015  5.6e-236  784.0 244.7   2   8   3.3e-82   3.4e-79  265.0  13.5     2   207   289   513   288   518 0.95 length=1812	scaffold=chromosome11	strand=-
2820_g               -           1811 33274                -           1015  5.6e-236  784.0 244.7   3   8    0.0043       4.5    3.1  34.0   192   350   520   681   517   689 0.80 length=1812	scaffold=chromosome11	strand=-
2820_g               -           1811 33274                -           1015  5.6e-236  784.0 244.7   4   8   7.3e-05     0.076    8.9  30.6   187   392   669   858   652   866 0.69 length=1812	scaffold=chromosome11	strand=-
2820_g               -           1811 33274                -           1015  5.6e-236  784.0 244.7   5   8   4.1e-33   4.3e-30  102.5  15.0   340   479   843   990   834   997 0.84 length=1812	scaffold=chromosome11	strand=-
2820_g               -           1811 33274                -           1015  5.6e-236  784.0 244.7   6   8   1.1e-42   1.1e-39  134.1  51.0   449   735  1060  1378  1058  1381 0.85 length=1812	scaffold=chromosome11	strand=-
2820_g               -           1811 33274                -           1015  5.6e-236  784.0 244.7   7   8   2.8e-06     0.003   13.6  33.1   692   826  1356  1497  1346  1520 0.76 length=1812	scaffold=chromosome11	strand=-
2820_g               -           1811 33274                -           1015  5.6e-236  784.0 244.7   8   8   1.5e-93   1.5e-90  302.6  18.1   731  1014  1524  1807  1499  1808 0.91 length=1812	scaffold=chromosome11	strand=-
4524_g               -           1708 33274                -           1015   8.6e-69  230.6 152.6   1   7   7.4e-22   7.7e-19   65.2   0.9     2    65    63   132    62   152 0.83 length=1709	scaffold=chromosome5	strand=+
4524_g               -           1708 33274                -           1015   8.6e-69  230.6 152.6   2   7         5   5.2e+03   -8.5  12.6   200   266   213   279   207   305 0.58 length=1709	scaffold=chromosome5	strand=+
4524_g               -           1708 33274                -           1015   8.6e-69  230.6 152.6   3   7   4.5e-13   4.6e-10   36.1  44.4    83   368   311   605   299   606 0.80 length=1709	scaffold=chromosome5	strand=+
4524_g               -           1708 33274                -           1015   8.6e-69  230.6 152.6   4   7   1.8e-10   1.9e-07   27.5  79.7   194   738   529  1087   526  1095 0.72 length=1709	scaffold=chromosome5	strand=+
4524_g               -           1708 33274                -           1015   8.6e-69  230.6 152.6   5   7    0.0094       9.8    1.9  26.3   175   299  1091  1216  1086  1245 0.82 length=1709	scaffold=chromosome5	strand=+
4524_g               -           1708 33274                -           1015   8.6e-69  230.6 152.6   6   7         5   5.2e+03  -15.7  25.9   205   415  1224  1439  1205  1448 0.44 length=1709	scaffold=chromosome5	strand=+
4524_g               -           1708 33274                -           1015   8.6e-69  230.6 152.6   7   7   6.4e-47   6.7e-44  148.2   4.8   791  1007  1454  1666  1434  1670 0.89 length=1709	scaffold=chromosome5	strand=+
178_g                -           1218 33274                -           1015   3.5e-65  218.6 130.8   1   4   4.6e-30   4.8e-27   92.3  30.9     3   344     2   381     1   396 0.70 length=1219	scaffold=chromosome13	strand=-
178_g                -           1218 33274                -           1015   3.5e-65  218.6 130.8   2   4      0.01        11    1.8  23.1   256   444   400   568   387   591 0.58 length=1219	scaffold=chromosome13	strand=-
178_g                -           1218 33274                -           1015   3.5e-65  218.6 130.8   3   4   1.8e-14   1.9e-11   40.7  43.3   472   766   617   913   609   919 0.65 length=1219	scaffold=chromosome13	strand=-
178_g                -           1218 33274                -           1015   3.5e-65  218.6 130.8   4   4   1.4e-35   1.5e-32  110.6  27.7   646   990   836  1173   835  1174 0.87 length=1219	scaffold=chromosome13	strand=-
5088_g               -           1193 33274                -           1015   6.1e-27   92.0 145.9   1   3   4.6e-07   0.00048   16.2  56.5     3   402     2   415     1   417 0.83 length=1194	scaffold=chromosome4	strand=-
5088_g               -           1193 33274                -           1015   6.1e-27   92.0 145.9   2   3   1.1e-11   1.2e-08   31.5 100.2   211   853   311   990   307  1027 0.71 length=1194	scaffold=chromosome4	strand=-
5088_g               -           1193 33274                -           1015   6.1e-27   92.0 145.9   3   3   1.4e-17   1.4e-14   51.1   0.1   914   988  1081  1158  1077  1168 0.90 length=1194	scaffold=chromosome4	strand=-
5056_g               -            213 33274                -           1015      0.21    7.4  30.7   1   1   0.00086      0.89    5.4  30.7   549   742     8   207     3   210 0.79 length=214	scaffold=chromosome4	strand=-
#
# Program:         hmmsearch
# Version:         3.4 (Aug 2023)
# Pipeline mode:   SEARCH
# Query file:      /home/inf-20-2025/Malaria/busco_downloads/lineages/apicomplexa_odb12/hmms/33274at5794.hmm
# Target file:     /home/inf-20-2025/Malaria/Results/6_nobird_annotation/P_faciparum.faa
# Option settings: hmmsearch --domtblout Results/8_busco/P_faciparum/run_apicomplexa_odb12/hmmer_output/initial_run_results/33274at5794.out --cpu 1 /home/inf-20-2025/Malaria/busco_downloads/lineages/apicomplexa_odb12/hmms/33274at5794.hmm /home/inf-20-2025/Malaria/Results/6_nobird_annotation/P_faciparum.faa 
# Current dir:     /home/inf-20-2025/Malaria
# Date:            Wed Mar  4 18:31:17 2026
# [ok]
