#                                                                            --- full sequence --- -------------- this domain -------------   hmm coord   ali coord   env coord
# target name        accession   tlen query name           accession   qlen   E-value  score  bias   #  of  c-Evalue  i-Evalue  score  bias  from    to  from    to  from    to  acc description of target
#------------------- ---------- ----- -------------------- ---------- ----- --------- ------ ----- --- --- --------- --------- ------ ----- ----- ----- ----- ----- ----- ----- ---- ---------------------
73_g                 -            322 33293                -            216   4.3e-65  217.5  40.0   1   3       4.1   6.7e+02   -2.1   0.1   122   142    26    46    18    50 0.71 length=323	scaffold=chromosome13	strand=-
73_g                 -            322 33293                -            216   4.3e-65  217.5  40.0   2   3   2.6e-67   4.3e-65  217.5  40.0     2   214    49   277    45   279 0.89 length=323	scaffold=chromosome13	strand=-
73_g                 -            322 33293                -            216   4.3e-65  217.5  40.0   3   3       5.5     9e+02   -2.6   3.3   121   142   284   305   275   321 0.69 length=323	scaffold=chromosome13	strand=-
2878_g               -            369 33293                -            216   1.8e-16   58.5   5.3   1   2   1.1e-18   1.8e-16   58.5   5.3    22   116    76   169    42   185 0.88 length=370	scaffold=chromosome11	strand=-
2878_g               -            369 33293                -            216   1.8e-16   58.5   5.3   2   2       7.4   1.2e+03   -3.0   6.4   114   161   314   362   300   368 0.75 length=370	scaffold=chromosome11	strand=-
4662_g               -            547 33293                -            216   3.4e-15   54.4   5.3   1   1   6.8e-17   1.1e-14   52.7   4.8    44   116   203   275   164   281 0.78 length=548	scaffold=chromosome5	strand=+
4924_g               -            997 33293                -            216   4.9e-14   50.6   0.2   1   2       3.4   5.5e+02   -1.9   2.6   109   156   583   631   573   634 0.65 length=998	scaffold=chromosome2	strand=+
4924_g               -            997 33293                -            216   4.9e-14   50.6   0.2   2   2     3e-16   4.9e-14   50.6   0.2    49   121   659   732   639   749 0.91 length=998	scaffold=chromosome2	strand=+
3663_g               -            380 33293                -            216   1.2e-13   49.4   3.3   1   1     1e-15   1.6e-13   48.9   2.3    51   125    48   122    44   135 0.91 length=381	scaffold=chromosome6	strand=-
3368_g               -            887 33293                -            216     3e-13   48.0   2.1   1   2         5   8.2e+02   -2.4   1.1   100   128    15    43    10    51 0.83 length=888	scaffold=chromosome10	strand=+
3368_g               -            887 33293                -            216     3e-13   48.0   2.1   2   2   1.8e-15     3e-13   48.0   2.1    48   121   499   573   455   576 0.81 length=888	scaffold=chromosome10	strand=+
2132_g               -            244 33293                -            216   9.4e-13   46.4   0.3   1   1   8.4e-15   1.4e-12   45.9   0.3    49   111     5    69     1    92 0.88 length=245	scaffold=chromosome12	strand=+
4449_g               -            388 33293                -            216   1.6e-12   45.7   0.3   1   1   1.4e-14   2.3e-12   45.2   0.3    49   111    79   145    37   149 0.87 length=389	scaffold=chromosome5	strand=-
4766_g               -            392 33293                -            216   2.2e-12   45.2   1.0   1   1     2e-14   3.3e-12   44.6   1.0    45   116    54   129    30   159 0.84 length=393	scaffold=chromosome2	strand=-
1418_g               -            381 33293                -            216     4e-12   44.4   1.1   1   1   5.4e-14   8.7e-12   43.3   1.1    47   112    52   117    46   121 0.94 length=382	scaffold=chromosome14	strand=+
1632_g               -            424 33293                -            216   2.6e-11   41.7   0.1   1   2   1.6e-13   2.6e-11   41.7   0.1    47   115    24    89    12    96 0.88 length=425	scaffold=chromosome14	strand=+
1632_g               -            424 33293                -            216   2.6e-11   41.7   0.1   2   2       3.8   6.1e+02   -2.0   2.6   114   150   348   384   340   424 0.59 length=425	scaffold=chromosome14	strand=+
739_g                -            675 33293                -            216   4.7e-11   40.9   0.4   1   2       2.7   4.4e+02   -1.5   2.3   103   144    81   122    68   127 0.71 length=676	scaffold=chromosome8	strand=-
739_g                -            675 33293                -            216   4.7e-11   40.9   0.4   2   2   2.9e-13   4.7e-11   40.9   0.4    49   119   246   317   225   321 0.89 length=676	scaffold=chromosome8	strand=-
4862_g               -            486 33293                -            216   4.8e-11   40.8   1.9   1   2       1.1   1.8e+02   -0.3   0.6    59    96    71   106    67   143 0.80 length=487	scaffold=chromosome2	strand=+
4862_g               -            486 33293                -            216   4.8e-11   40.8   1.9   2   2   2.9e-13   4.8e-11   40.8   1.9    50   113   162   229   120   236 0.86 length=487	scaffold=chromosome2	strand=+
966_g                -            943 33293                -            216   7.5e-11   40.2   3.9   1   3         5   8.2e+02   -2.4   1.3    88   133    85   130    77   161 0.76 length=944	scaffold=chromosome8	strand=+
966_g                -            943 33293                -            216   7.5e-11   40.2   3.9   2   3   4.6e-13   7.5e-11   40.2   3.9    23   112   491   582   473   583 0.88 length=944	scaffold=chromosome8	strand=+
966_g                -            943 33293                -            216   7.5e-11   40.2   3.9   3   3       3.9   6.4e+02   -2.1   0.4   121   154   799   832   777   854 0.75 length=944	scaffold=chromosome8	strand=+
4120_g               -            370 33293                -            216   9.3e-11   39.9   0.4   1   2   5.7e-13   9.3e-11   39.9   0.4    49   112    52   115    47   119 0.95 length=371	scaffold=chromosome9	strand=+
4120_g               -            370 33293                -            216   9.3e-11   39.9   0.4   2   2       5.5     9e+02   -2.6   0.2    54    56   330   332   278   350 0.51 length=371	scaffold=chromosome9	strand=+
2993_g               -            718 33293                -            216   1.2e-10   39.6   7.8   1   3       5.4   8.8e+02   -2.5   2.9   126   177   194   247   173   263 0.64 length=719	scaffold=chromosome11	strand=+
2993_g               -            718 33293                -            216   1.2e-10   39.6   7.8   2   3   7.2e-13   1.2e-10   39.6   7.8    17   113   288   382   272   390 0.78 length=719	scaffold=chromosome11	strand=+
2993_g               -            718 33293                -            216   1.2e-10   39.6   7.8   3   3       6.9   1.1e+03   -2.9   1.7   121   154   681   706   667   716 0.48 length=719	scaffold=chromosome11	strand=+
290_g                -            294 33293                -            216   3.7e-10   37.9   8.3   1   2   2.3e-12   3.7e-10   37.9   8.3    48   114    41   109    23   153 0.82 length=295	scaffold=chromosome13	strand=-
290_g                -            294 33293                -            216   3.7e-10   37.9   8.3   2   2       4.7   7.6e+02   -2.3   2.4   115   151   211   247   196   292 0.54 length=295	scaffold=chromosome13	strand=-
4926_g               -            630 33293                -            216   1.7e-09   35.7   0.7   1   2   1.1e-11   1.7e-09   35.7   0.7    48   111   217   281   184   284 0.85 length=631	scaffold=chromosome2	strand=+
4926_g               -            630 33293                -            216   1.7e-09   35.7   0.7   2   2       4.1   6.6e+02   -2.1   0.7   113   152   509   550   507   593 0.59 length=631	scaffold=chromosome2	strand=+
2036_g               -            900 33293                -            216   3.8e-09   34.6   1.2   1   5       8.4   1.4e+03   -3.1   0.4   168   186    30    48    22    51 0.76 length=901	scaffold=chromosome12	strand=-
2036_g               -            900 33293                -            216   3.8e-09   34.6   1.2   2   5         8   1.3e+03   -3.1   0.3    90   103   215   228   184   256 0.58 length=901	scaffold=chromosome12	strand=-
2036_g               -            900 33293                -            216   3.8e-09   34.6   1.2   3   5       9.9   1.6e+03   -3.4   1.5   153   178   328   351   307   356 0.52 length=901	scaffold=chromosome12	strand=-
2036_g               -            900 33293                -            216   3.8e-09   34.6   1.2   4   5       3.3   5.4e+02   -1.8   5.5   116   180   396   459   386   475 0.61 length=901	scaffold=chromosome12	strand=-
2036_g               -            900 33293                -            216   3.8e-09   34.6   1.2   5   5   2.4e-11   3.8e-09   34.6   1.2    33   117   515   600   491   608 0.82 length=901	scaffold=chromosome12	strand=-
4466_g               -            142 33293                -            216     1e-08   33.2   2.2   1   1     9e-11   1.5e-08   32.7   2.2    45   108     4    75     1   104 0.68 length=143	scaffold=chromosome5	strand=+
5047_g               -            672 33293                -            216   1.9e-08   32.3   0.7   1   2   1.2e-10   1.9e-08   32.3   0.7    48   113    59   124    35   136 0.90 length=673	scaffold=chromosome4	strand=+
5047_g               -            672 33293                -            216   1.9e-08   32.3   0.7   2   2       4.1   6.7e+02   -2.1   0.5    46    72   589   615   561   670 0.62 length=673	scaffold=chromosome4	strand=+
897_g                -            655 33293                -            216   2.3e-08   32.1   2.3   1   4       9.7   1.6e+03   -3.3   0.9    12    33    30    51    20    55 0.47 length=656	scaffold=chromosome8	strand=+
897_g                -            655 33293                -            216   2.3e-08   32.1   2.3   2   4   1.4e-10   2.3e-08   32.1   2.3    51   116   112   178   108   200 0.85 length=656	scaffold=chromosome8	strand=+
897_g                -            655 33293                -            216   2.3e-08   32.1   2.3   3   4       8.8   1.4e+03   -3.2   0.6   111   116   350   355   322   395 0.54 length=656	scaffold=chromosome8	strand=+
897_g                -            655 33293                -            216   2.3e-08   32.1   2.3   4   4       2.9   4.7e+02   -1.6   0.3   106   130   469   493   461   547 0.68 length=656	scaffold=chromosome8	strand=+
182_g                -            651 33293                -            216   3.6e-08   31.4   0.1   1   2       4.8   7.8e+02   -2.3   0.7    93   116    52    75    47    92 0.59 length=652	scaffold=chromosome13	strand=-
182_g                -            651 33293                -            216   3.6e-08   31.4   0.1   2   2   2.2e-10   3.6e-08   31.4   0.1    50   112   129   192   120   195 0.90 length=652	scaffold=chromosome13	strand=-
4422_g               -            402 33293                -            216   4.2e-08   31.2   0.0   1   1   5.8e-10   9.5e-08   30.1   0.0    50   112    82   148    75   157 0.86 length=403	scaffold=chromosome1	strand=+
2621_g               -            540 33293                -            216   1.6e-07   29.3   0.2   1   1   2.5e-09   4.1e-07   28.0   0.2    49   111    34    94    26    99 0.88 length=541	scaffold=chromosome11	strand=-
2564_g               -            566 33293                -            216   8.4e-07   27.0   0.7   1   2       8.8   1.4e+03   -3.2   1.0    88   118    88   118    80   157 0.68 length=567	scaffold=chromosome11	strand=-
2564_g               -            566 33293                -            216   8.4e-07   27.0   0.7   2   2   5.2e-09   8.4e-07   27.0   0.7    48   112   199   264   179   277 0.87 length=567	scaffold=chromosome11	strand=-
3372_g               -            391 33293                -            216   9.3e-07   26.8   0.9   1   3       4.3     7e+02   -2.2   0.9    88   118    88   118    79   159 0.67 length=392	scaffold=chromosome10	strand=+
3372_g               -            391 33293                -            216   9.3e-07   26.8   0.9   2   3   5.7e-09   9.3e-07   26.8   0.9    47   112   198   264   176   273 0.90 length=392	scaffold=chromosome10	strand=+
3372_g               -            391 33293                -            216   9.3e-07   26.8   0.9   3   3       5.5     9e+02   -2.6   0.1     3    50   338   384   336   385 0.63 length=392	scaffold=chromosome10	strand=+
532_g                -            198 33293                -            216   4.8e-06   24.5  10.3   1   1   4.3e-08     7e-06   24.0  10.3    50   172     2   121     1   129 0.69 length=199	scaffold=chromosome13	strand=+
620_g                -            127 33293                -            216    0.0012   16.7   5.3   1   1   7.5e-06    0.0012   16.6   5.3   118   183    27    93     4   124 0.73 length=128	scaffold=chromosome13	strand=+
1294_g               -            504 33293                -            216    0.0013   16.6   0.7   1   1   1.8e-05    0.0029   15.4   0.7    45   111   151   219   109   235 0.79 length=505	scaffold=chromosome14	strand=-
1208_g               -            115 33293                -            216    0.0032   15.3   0.0   1   1   2.1e-05    0.0034   15.2   0.0    48    81    63    96    45   115 0.85 length=116	scaffold=chromosome7	strand=+
1493_g               -            354 33293                -            216       0.2    9.4  39.0   1   2   0.00012     0.019   12.7  29.3    57   191    26   167    12   196 0.70 length=355	scaffold=chromosome14	strand=-
1493_g               -            354 33293                -            216       0.2    9.4  39.0   2   2       1.1   1.8e+02   -0.3   1.2   123   149   320   346   283   351 0.65 length=355	scaffold=chromosome14	strand=-
#
# Program:         hmmsearch
# Version:         3.4 (Aug 2023)
# Pipeline mode:   SEARCH
# Query file:      /home/inf-20-2025/Malaria/busco_downloads/lineages/apicomplexa_odb12/hmms/33293at5794.hmm
# Target file:     /home/inf-20-2025/Malaria/Results/6_nobird_annotation/P_faciparum.faa
# Option settings: hmmsearch --domtblout Results/8_busco/P_faciparum/run_apicomplexa_odb12/hmmer_output/initial_run_results/33293at5794.out --cpu 1 /home/inf-20-2025/Malaria/busco_downloads/lineages/apicomplexa_odb12/hmms/33293at5794.hmm /home/inf-20-2025/Malaria/Results/6_nobird_annotation/P_faciparum.faa 
# Current dir:     /home/inf-20-2025/Malaria
# Date:            Wed Mar  4 18:31:18 2026
# [ok]
