#                                                                            --- full sequence --- -------------- this domain -------------   hmm coord   ali coord   env coord
# target name        accession   tlen query name           accession   qlen   E-value  score  bias   #  of  c-Evalue  i-Evalue  score  bias  from    to  from    to  from    to  acc description of target
#------------------- ---------- ----- -------------------- ---------- ----- --------- ------ ----- --- --- --------- --------- ------ ----- ----- ----- ----- ----- ----- ----- ---- ---------------------
453_g                -            204 33372                -            176   8.3e-57  190.2  35.9   1   2   3.8e-36     1e-32  111.8  19.3     1    87     1    87     1   100 0.84 length=205	scaffold=chromosome13	strand=+
453_g                -            204 33372                -            176   8.3e-57  190.2  35.9   2   2   2.6e-27   6.7e-24   83.0  12.2    60   175    82   203    78   204 0.75 length=205	scaffold=chromosome13	strand=+
3489_g               -            444 33372                -            176   2.3e-17   61.7  13.0   1   5         2   5.2e+03   -8.8  12.6    37   144     7   114     3   128 0.55 length=445	scaffold=chromosome6	strand=-
3489_g               -            444 33372                -            176   2.3e-17   61.7  13.0   2   5      0.47   1.2e+03   -2.5  13.9    38    99   152   213   150   221 0.86 length=445	scaffold=chromosome6	strand=-
3489_g               -            444 33372                -            176   2.3e-17   61.7  13.0   3   5     0.067   1.8e+02    0.2   0.3    74   102   225   253   215   272 0.67 length=445	scaffold=chromosome6	strand=-
3489_g               -            444 33372                -            176   2.3e-17   61.7  13.0   4   5       1.1   2.7e+03   -3.6   6.9    86   144   309   370   264   378 0.49 length=445	scaffold=chromosome6	strand=-
3489_g               -            444 33372                -            176   2.3e-17   61.7  13.0   5   5   8.8e-21   2.3e-17   61.7  13.0    34   136   341   443   323   444 0.83 length=445	scaffold=chromosome6	strand=-
#
# Program:         hmmsearch
# Version:         3.4 (Aug 2023)
# Pipeline mode:   SEARCH
# Query file:      /home/inf-20-2025/Malaria/busco_downloads/lineages/apicomplexa_odb12/hmms/33372at5794.hmm
# Target file:     /home/inf-20-2025/Malaria/Results/6_nobird_annotation/P_faciparum.faa
# Option settings: hmmsearch --domtblout Results/8_busco/P_faciparum/run_apicomplexa_odb12/hmmer_output/initial_run_results/33372at5794.out --cpu 1 /home/inf-20-2025/Malaria/busco_downloads/lineages/apicomplexa_odb12/hmms/33372at5794.hmm /home/inf-20-2025/Malaria/Results/6_nobird_annotation/P_faciparum.faa 
# Current dir:     /home/inf-20-2025/Malaria
# Date:            Wed Mar  4 18:31:19 2026
# [ok]
