#                                                                            --- full sequence --- -------------- this domain -------------   hmm coord   ali coord   env coord
# target name        accession   tlen query name           accession   qlen   E-value  score  bias   #  of  c-Evalue  i-Evalue  score  bias  from    to  from    to  from    to  acc description of target
#------------------- ---------- ----- -------------------- ---------- ----- --------- ------ ----- --- --- --------- --------- ------ ----- ----- ----- ----- ----- ----- ----- ---- ---------------------
70_g                 -            449 33766                -            230   2.8e-83  277.3  15.6   1   2   6.7e-66   1.3e-63  212.9   5.1     4   157   154   313   151   321 0.89 length=450	scaffold=chromosome13	strand=+
70_g                 -            449 33766                -            230   2.8e-83  277.3  15.6   2   2   4.8e-22   9.7e-20   69.4   3.0   134   227   346   438   314   441 0.80 length=450	scaffold=chromosome13	strand=+
4269_g               -            193 33766                -            230   5.6e-46  155.3   5.0   1   2   9.7e-32   1.9e-29  101.1   2.4    17   114     4   101     2   105 0.97 length=194	scaffold=chromosome9	strand=-
4269_g               -            193 33766                -            230   5.6e-46  155.3   5.0   2   2   9.2e-18   1.8e-15   55.4   0.0   153   227   108   182    97   185 0.90 length=194	scaffold=chromosome9	strand=-
2250_g               -            875 33766                -            230   2.8e-23   81.0   4.1   1   5   3.4e-08   6.8e-06   24.1   0.0    23   123    16   115     6   118 0.86 length=876	scaffold=chromosome12	strand=+
2250_g               -            875 33766                -            230   2.8e-23   81.0   4.1   2   5   2.2e-07   4.4e-05   21.5   0.1    24   109   105   188    94   194 0.83 length=876	scaffold=chromosome12	strand=+
2250_g               -            875 33766                -            230   2.8e-23   81.0   4.1   3   5   1.5e-09     3e-07   28.6   0.2    20    92   190   258   180   284 0.82 length=876	scaffold=chromosome12	strand=+
2250_g               -            875 33766                -            230   2.8e-23   81.0   4.1   4   5   2.2e-10   4.4e-08   31.3   0.0    18   115   445   540   430   550 0.83 length=876	scaffold=chromosome12	strand=+
2250_g               -            875 33766                -            230   2.8e-23   81.0   4.1   5   5         5     1e+03   -2.6   3.6   112   163   651   701   643   725 0.71 length=876	scaffold=chromosome12	strand=+
558_g                -            505 33766                -            230     1e-19   69.3   0.5   1   4   0.00023     0.047   11.6   0.0    33   100    91   164    62   170 0.78 length=506	scaffold=chromosome13	strand=-
558_g                -            505 33766                -            230     1e-19   69.3   0.5   2   4   1.6e-07   3.2e-05   21.9   0.0    40   108   197   271   191   287 0.83 length=506	scaffold=chromosome13	strand=-
558_g                -            505 33766                -            230     1e-19   69.3   0.5   3   4     0.012       2.3    6.0   0.1   134   201   330   400   297   404 0.72 length=506	scaffold=chromosome13	strand=-
558_g                -            505 33766                -            230     1e-19   69.3   0.5   4   4   3.2e-09   6.4e-07   27.5   0.8    39   113   377   454   372   501 0.69 length=506	scaffold=chromosome13	strand=-
572_g                -            383 33766                -            230     8e-17   59.9   9.2   1   4     6e-07   0.00012   20.0   0.8    38    98    21    79     6    81 0.89 length=384	scaffold=chromosome13	strand=-
572_g                -            383 33766                -            230     8e-17   59.9   9.2   2   4   1.4e-05    0.0028   15.6   0.1   139   226    85   175    80   179 0.78 length=384	scaffold=chromosome13	strand=-
572_g                -            383 33766                -            230     8e-17   59.9   9.2   3   4   0.00021     0.043   11.7   0.1    42    97   125   183   123   196 0.81 length=384	scaffold=chromosome13	strand=-
572_g                -            383 33766                -            230     8e-17   59.9   9.2   4   4   4.3e-09   8.6e-07   27.0   0.2     9    98   187   274   180   284 0.82 length=384	scaffold=chromosome13	strand=-
1473_g               -            484 33766                -            230   1.6e-14   52.3   7.8   1   2   1.2e-05    0.0025   15.7   0.1    10   102     7    98     1   108 0.82 length=485	scaffold=chromosome14	strand=-
1473_g               -            484 33766                -            230   1.6e-14   52.3   7.8   2   2     1e-12     2e-10   38.9   4.1    17   106   101   188    95   272 0.78 length=485	scaffold=chromosome14	strand=-
202_g                -            125 33766                -            230   3.2e-13   48.1   0.1   1   1   3.1e-15   6.2e-13   47.1   0.1    40   107    21    91     4   118 0.88 length=126	scaffold=chromosome13	strand=-
1377_g               -            514 33766                -            230   3.1e-12   44.8  30.0   1   3   0.00017     0.034   12.0   0.1    32    87    59   117    32   150 0.74 length=515	scaffold=chromosome14	strand=+
1377_g               -            514 33766                -            230   3.1e-12   44.8  30.0   2   3   1.3e-06   0.00025   19.0   6.2    39   137   164   266   158   297 0.70 length=515	scaffold=chromosome14	strand=+
1377_g               -            514 33766                -            230   3.1e-12   44.8  30.0   3   3   1.5e-09     3e-07   28.5   0.1    39    98   417   479   411   497 0.82 length=515	scaffold=chromosome14	strand=+
892_g                -            286 33766                -            230   3.4e-12   44.7   0.1   1   2   1.6e-06   0.00032   18.6   0.0    35   190    15   174    12   186 0.71 length=287	scaffold=chromosome8	strand=-
892_g                -            286 33766                -            230   3.4e-12   44.7   0.1   2   2   1.6e-08   3.3e-06   25.1   0.1    43   124   166   251   161   261 0.72 length=287	scaffold=chromosome8	strand=-
3454_g               -            663 33766                -            230   3.7e-12   44.6   9.5   1   6       4.4   8.8e+02   -2.4   5.9   126   179   103   156    78   167 0.71 length=664	scaffold=chromosome6	strand=-
3454_g               -            663 33766                -            230   3.7e-12   44.6   9.5   2   6     0.025         5    4.9   0.1   157   186   169   198   148   205 0.82 length=664	scaffold=chromosome6	strand=-
3454_g               -            663 33766                -            230   3.7e-12   44.6   9.5   3   6   1.6e-08   3.3e-06   25.1   0.6    45   227   336   528   302   531 0.76 length=664	scaffold=chromosome6	strand=-
3454_g               -            663 33766                -            230   3.7e-12   44.6   9.5   4   6     0.012       2.5    5.9   0.3    42   114   481   551   474   559 0.85 length=664	scaffold=chromosome6	strand=-
3454_g               -            663 33766                -            230   3.7e-12   44.6   9.5   5   6   1.5e-05     0.003   15.4   0.2   123   201   544   618   533   622 0.73 length=664	scaffold=chromosome6	strand=-
3454_g               -            663 33766                -            230   3.7e-12   44.6   9.5   6   6   1.2e-08   2.4e-06   25.6   0.2    16   101   576   659   565   662 0.84 length=664	scaffold=chromosome6	strand=-
2256_g               -            106 33766                -            230   2.4e-11   42.0   0.0   1   1   1.3e-13   2.6e-11   41.8   0.0    21   100    12    87     3   106 0.85 length=107	scaffold=chromosome12	strand=-
3027_g               -            246 33766                -            230   1.4e-09   36.1   0.2   1   1   1.2e-11   2.3e-09   35.4   0.2     7   103     4    99     1   122 0.83 length=247	scaffold=chromosome10	strand=+
4138_g               -            480 33766                -            230   3.9e-09   34.7  31.4   1   2   6.7e-10   1.3e-07   29.7   6.1   135   227    82   178    35   182 0.75 length=481	scaffold=chromosome9	strand=+
4138_g               -            480 33766                -            230   3.9e-09   34.7  31.4   2   2   0.00015      0.03   12.2  14.8     4   168   300   466   297   475 0.82 length=481	scaffold=chromosome9	strand=+
2724_g               -            200 33766                -            230     2e-08   32.4   0.9   1   2   1.5e-10     3e-08   31.8   0.5    25   105    11    89     2   120 0.83 length=201	scaffold=chromosome11	strand=-
2724_g               -            200 33766                -            230     2e-08   32.4   0.9   2   2       8.5   1.7e+03   -3.4   0.0    72    91   138   157   135   164 0.69 length=201	scaffold=chromosome11	strand=-
1339_g               -            107 33766                -            230   6.7e-08   30.7   0.0   1   1   4.4e-10   8.9e-08   30.3   0.0    40   102    36   101    26   107 0.83 length=108	scaffold=chromosome14	strand=+
209_g                -            864 33766                -            230   1.3e-07   29.7   0.0   1   4     0.012       2.5    5.9   1.8   123   199   444   521   422   526 0.69 length=865	scaffold=chromosome13	strand=+
209_g                -            864 33766                -            230   1.3e-07   29.7   0.0   2   4   0.00027     0.054   11.4   0.4    61   123   525   584   512   589 0.78 length=865	scaffold=chromosome13	strand=+
209_g                -            864 33766                -            230   1.3e-07   29.7   0.0   3   4   6.5e-10   1.3e-07   29.7   0.0    39   130   601   698   597   705 0.80 length=865	scaffold=chromosome13	strand=+
209_g                -            864 33766                -            230   1.3e-07   29.7   0.0   4   4       2.3   4.7e+02   -1.5   0.0    44    97   797   849   791   855 0.73 length=865	scaffold=chromosome13	strand=+
2186_g               -           1992 33766                -            230   5.1e-07   27.8  17.5   1   9       3.1   6.2e+02   -1.9   0.3   162   189    41    68    16   110 0.53 length=1993	scaffold=chromosome12	strand=+
2186_g               -           1992 33766                -            230   5.1e-07   27.8  17.5   2   9       9.2   1.8e+03   -3.5   4.9   116   184   154   222   134   228 0.65 length=1993	scaffold=chromosome12	strand=+
2186_g               -           1992 33766                -            230   5.1e-07   27.8  17.5   3   9      0.56   1.1e+02    0.5   0.0    40    74   388   422   384   491 0.79 length=1993	scaffold=chromosome12	strand=+
2186_g               -           1992 33766                -            230   5.1e-07   27.8  17.5   4   9      0.55   1.1e+02    0.5   1.6    68   118   498   547   497   616 0.65 length=1993	scaffold=chromosome12	strand=+
2186_g               -           1992 33766                -            230   5.1e-07   27.8  17.5   5   9    0.0048      0.96    7.3   8.8   137   220   670   757   542   765 0.80 length=1993	scaffold=chromosome12	strand=+
2186_g               -           1992 33766                -            230   5.1e-07   27.8  17.5   6   9   1.9e-05    0.0038   15.1   0.1   158   205   853   900   834   920 0.80 length=1993	scaffold=chromosome12	strand=+
2186_g               -           1992 33766                -            230   5.1e-07   27.8  17.5   7   9    0.0032      0.65    7.8   0.2    68   116   921   969   917   993 0.74 length=1993	scaffold=chromosome12	strand=+
2186_g               -           1992 33766                -            230   5.1e-07   27.8  17.5   8   9   1.8e-08   3.5e-06   25.0  13.1    25   194   985  1160   964  1169 0.68 length=1993	scaffold=chromosome12	strand=+
2186_g               -           1992 33766                -            230   5.1e-07   27.8  17.5   9   9       7.9   1.6e+03   -3.3   0.4   111   138  1940  1967  1927  1989 0.47 length=1993	scaffold=chromosome12	strand=+
2476_g               -            357 33766                -            230   1.6e-06   26.2   0.1   1   1   7.9e-09   1.6e-06   26.2   0.1   154   223   210   279   176   283 0.81 length=358	scaffold=chromosome12	strand=+
4470_g               -            308 33766                -            230   2.5e-06   25.5   0.5   1   2   1.3e-08   2.5e-06   25.5   0.5    37   121    22   113    15   179 0.79 length=309	scaffold=chromosome5	strand=-
4470_g               -            308 33766                -            230   2.5e-06   25.5   0.5   2   2       1.5   2.9e+02   -0.9   1.6   123   167   209   253   176   275 0.55 length=309	scaffold=chromosome5	strand=-
1307_g               -            653 33766                -            230   3.9e-06   24.9   0.8   1   1   7.7e-08   1.5e-05   23.0   0.0    26   101   171   248   143   261 0.81 length=654	scaffold=chromosome14	strand=-
630_g                -            423 33766                -            230   8.7e-06   23.8   0.4   1   1   9.2e-08   1.8e-05   22.7   0.4   146   227    79   164    44   172 0.52 length=424	scaffold=chromosome13	strand=+
2719_g               -            294 33766                -            230   2.6e-05   22.2   0.0   1   2   1.3e-07   2.6e-05   22.2   0.0    48   100    91   145    76   202 0.88 length=295	scaffold=chromosome11	strand=-
2719_g               -            294 33766                -            230   2.6e-05   22.2   0.0   2   2       9.9     2e+03   -3.6   2.2   126   152   260   283   232   293 0.42 length=295	scaffold=chromosome11	strand=-
821_g                -            268 33766                -            230   6.8e-05   20.9   0.1   1   2       1.2   2.5e+02   -0.6   0.5   114   133    68    87    22   116 0.60 length=269	scaffold=chromosome8	strand=-
821_g                -            268 33766                -            230   6.8e-05   20.9   0.1   2   2   3.4e-07   6.8e-05   20.9   0.1    16   100   180   263   166   267 0.81 length=269	scaffold=chromosome8	strand=-
4603_g               -            291 33766                -            230   0.00026   18.9   0.0   1   1   2.3e-06   0.00046   18.1   0.0    25    98    10    79     4   111 0.83 length=292	scaffold=chromosome5	strand=-
4166_g               -            202 33766                -            230   0.00037   18.4   0.4   1   1     5e-06     0.001   17.0   0.4   156   219    61   130    27   140 0.49 length=203	scaffold=chromosome9	strand=-
2823_g               -            170 33766                -            230     0.012   13.4  12.3   1   2   0.00086      0.17    9.7   1.1    23    58     4    35     1    48 0.87 length=171	scaffold=chromosome11	strand=-
2823_g               -            170 33766                -            230     0.012   13.4  12.3   2   2   0.00034     0.068   11.0   1.6    70   119   120   169   118   170 0.91 length=171	scaffold=chromosome11	strand=-
#
# Program:         hmmsearch
# Version:         3.4 (Aug 2023)
# Pipeline mode:   SEARCH
# Query file:      /home/inf-20-2025/Malaria/busco_downloads/lineages/apicomplexa_odb12/hmms/33766at5794.hmm
# Target file:     /home/inf-20-2025/Malaria/Results/6_nobird_annotation/P_faciparum.faa
# Option settings: hmmsearch --domtblout Results/8_busco/P_faciparum/run_apicomplexa_odb12/hmmer_output/initial_run_results/33766at5794.out --cpu 1 /home/inf-20-2025/Malaria/busco_downloads/lineages/apicomplexa_odb12/hmms/33766at5794.hmm /home/inf-20-2025/Malaria/Results/6_nobird_annotation/P_faciparum.faa 
# Current dir:     /home/inf-20-2025/Malaria
# Date:            Wed Mar  4 18:31:11 2026
# [ok]
