#                                                                            --- full sequence --- -------------- this domain -------------   hmm coord   ali coord   env coord
# target name        accession   tlen query name           accession   qlen   E-value  score  bias   #  of  c-Evalue  i-Evalue  score  bias  from    to  from    to  from    to  acc description of target
#------------------- ---------- ----- -------------------- ---------- ----- --------- ------ ----- --- --- --------- --------- ------ ----- ----- ----- ----- ----- ----- ----- ---- ---------------------
2896_g               -           1920 33810                -            503  1.9e-133  443.9  35.8   1   4       1.1   1.8e+02   -1.3   1.1   419   471   689   741   677   762 0.76 length=1921	scaffold=chromosome11	strand=-
2896_g               -           1920 33810                -            503  1.9e-133  443.9  35.8   2   4   1.8e-65   3.1e-63  212.3  16.2     3   252  1284  1559  1282  1570 0.86 length=1921	scaffold=chromosome11	strand=-
2896_g               -           1920 33810                -            503  1.9e-133  443.9  35.8   3   4   1.4e-64   2.4e-62  209.4   2.3   252   430  1596  1782  1592  1789 0.93 length=1921	scaffold=chromosome11	strand=-
2896_g               -           1920 33810                -            503  1.9e-133  443.9  35.8   4   4   2.5e-17   4.2e-15   53.5   2.0   427   503  1829  1918  1817  1918 0.83 length=1921	scaffold=chromosome11	strand=-
2962_g               -            645 33810                -            503   2.8e-30  103.6  10.1   1   4   1.2e-13   2.1e-11   41.4   0.2   345   436   127   217   118   260 0.85 length=646	scaffold=chromosome11	strand=-
2962_g               -            645 33810                -            503   2.8e-30  103.6  10.1   2   4   8.9e-05     0.015   12.1   1.5   349   431   316   400   296   411 0.60 length=646	scaffold=chromosome11	strand=-
2962_g               -            645 33810                -            503   2.8e-30  103.6  10.1   3   4   2.5e-13   4.1e-11   40.4   0.1   221   333   440   552   422   562 0.85 length=646	scaffold=chromosome11	strand=-
2962_g               -            645 33810                -            503   2.8e-30  103.6  10.1   4   4   6.1e-05      0.01   12.7   0.0   293   330   607   644   602   645 0.91 length=646	scaffold=chromosome11	strand=-
924_g                -            323 33810                -            503   1.7e-25   87.8   4.4   1   3   2.8e-13   4.7e-11   40.2   1.9   354   464    34   150    23   165 0.83 length=324	scaffold=chromosome8	strand=-
924_g                -            323 33810                -            503   1.7e-25   87.8   4.4   2   3   9.2e-11   1.5e-08   31.9   0.0   350   437   166   251   151   253 0.88 length=324	scaffold=chromosome8	strand=-
924_g                -            323 33810                -            503   1.7e-25   87.8   4.4   3   3     1e-05    0.0017   15.2   0.0   359   418   257   321   252   323 0.85 length=324	scaffold=chromosome8	strand=-
3788_g               -            532 33810                -            503   4.6e-25   86.4  11.4   1   3    0.0001     0.018   11.9   1.3   317   434   228   341   225   343 0.78 length=533	scaffold=chromosome3	strand=+
3788_g               -            532 33810                -            503   4.6e-25   86.4  11.4   2   3   2.3e-19   3.8e-17   60.3   1.1   305   436   338   470   333   471 0.70 length=533	scaffold=chromosome3	strand=+
3788_g               -            532 33810                -            503   4.6e-25   86.4  11.4   3   3   2.5e-08   4.2e-06   23.8   0.1   225   292   468   531   458   532 0.92 length=533	scaffold=chromosome3	strand=+
3725_g               -            600 33810                -            503   2.2e-22   77.6  22.3   1   2   9.9e-19   1.7e-16   58.2  10.9   173   435   185   461   132   462 0.75 length=601	scaffold=chromosome3	strand=-
3725_g               -            600 33810                -            503   2.2e-22   77.6  22.3   2   2   2.7e-11   4.6e-09   33.6   3.6   258   413   405   577   402   578 0.76 length=601	scaffold=chromosome3	strand=-
888_g                -            324 33810                -            503   3.4e-21   73.6   5.8   1   2   7.2e-21   1.2e-18   65.2   5.9   259   499    31   271    17   274 0.90 length=325	scaffold=chromosome8	strand=+
888_g                -            324 33810                -            503   3.4e-21   73.6   5.8   2   2    0.0047       0.8    6.4   0.0   244   291   281   321   271   324 0.79 length=325	scaffold=chromosome8	strand=+
4540_g               -            624 33810                -            503   8.1e-21   72.4  12.0   1   2   2.6e-22   4.3e-20   70.0   7.2   230   421   382   572   346   582 0.79 length=625	scaffold=chromosome5	strand=+
4540_g               -            624 33810                -            503   8.1e-21   72.4  12.0   2   2   3.6e-05     0.006   13.4   0.1   363   425   557   616   551   621 0.70 length=625	scaffold=chromosome5	strand=+
3252_g               -            603 33810                -            503   1.9e-20   71.2   7.7   1   2   1.8e-16   3.1e-14   50.7   2.6   302   446   338   482   327   485 0.90 length=604	scaffold=chromosome10	strand=-
3252_g               -            603 33810                -            503   1.9e-20   71.2   7.7   2   2   5.8e-08   9.7e-06   22.6   0.2   361   457   484   580   482   600 0.85 length=604	scaffold=chromosome10	strand=-
3456_g               -           1521 33810                -            503   1.9e-20   71.2   5.2   1   7   5.5e-07   9.3e-05   19.4   0.0   385   461     7    84     2   101 0.69 length=1522	scaffold=chromosome6	strand=+
3456_g               -           1521 33810                -            503   1.9e-20   71.2   5.2   2   7   1.5e-11   2.5e-09   34.5   0.3   263   381    49   173    43   191 0.85 length=1522	scaffold=chromosome6	strand=+
3456_g               -           1521 33810                -            503   1.9e-20   71.2   5.2   3   7   2.4e-12     4e-10   37.1   0.4   342   455   269   384   263   399 0.85 length=1522	scaffold=chromosome6	strand=+
3456_g               -           1521 33810                -            503   1.9e-20   71.2   5.2   4   7       1.5   2.5e+02   -1.8   0.0   362   421   402   458   396   467 0.58 length=1522	scaffold=chromosome6	strand=+
3456_g               -           1521 33810                -            503   1.9e-20   71.2   5.2   5   7      0.95   1.6e+02   -1.2   0.1   392   433   643   682   613   684 0.77 length=1522	scaffold=chromosome6	strand=+
3456_g               -           1521 33810                -            503   1.9e-20   71.2   5.2   6   7       2.1   3.6e+02   -2.3   3.0   172   228   785   840   738   906 0.57 length=1522	scaffold=chromosome6	strand=+
3456_g               -           1521 33810                -            503   1.9e-20   71.2   5.2   7   7         5   8.3e+02   -3.5   0.5   362   410  1177  1229  1169  1230 0.69 length=1522	scaffold=chromosome6	strand=+
2211_g               -            618 33810                -            503   2.2e-16   57.7   7.9   1   2   5.6e-15   9.4e-13   45.8   0.4   297   456   324   485   318   489 0.74 length=619	scaffold=chromosome12	strand=+
2211_g               -            618 33810                -            503   2.2e-16   57.7   7.9   2   2   1.6e-05    0.0027   14.6   1.9   346   455   503   617   498   618 0.62 length=619	scaffold=chromosome12	strand=+
4398_g               -            446 33810                -            503   4.8e-16   56.6   0.7   1   3   2.9e-05    0.0049   13.7   0.0   231   295   169   235   143   252 0.80 length=447	scaffold=chromosome1	strand=-
4398_g               -            446 33810                -            503   4.8e-16   56.6   0.7   2   3   2.8e-12   4.8e-10   36.9   0.1   346   460   254   371   239   381 0.81 length=447	scaffold=chromosome1	strand=-
4398_g               -            446 33810                -            503   4.8e-16   56.6   0.7   3   3     0.052       8.8    3.0   0.0   425   460   392   430   377   444 0.79 length=447	scaffold=chromosome1	strand=-
5045_g               -            482 33810                -            503   2.7e-15   54.2  11.0   1   3   1.9e-06   0.00031   17.7   0.1   221   297    71   141    12   147 0.79 length=483	scaffold=chromosome4	strand=+
5045_g               -            482 33810                -            503   2.7e-15   54.2  11.0   2   3    0.0012      0.21    8.4   1.8   328   419   218   310   209   316 0.76 length=483	scaffold=chromosome4	strand=+
5045_g               -            482 33810                -            503   2.7e-15   54.2  11.0   3   3   3.3e-11   5.5e-09   33.4   0.3   291   387   309   407   306   417 0.88 length=483	scaffold=chromosome4	strand=+
411_g                -            648 33810                -            503   4.7e-15   53.4   7.6   1   2      0.29        49    0.5   0.2   350   438   246   294   233   324 0.63 length=649	scaffold=chromosome13	strand=+
411_g                -            648 33810                -            503   4.7e-15   53.4   7.6   2   2   2.8e-17   4.7e-15   53.4   7.6   247   463   417   641   378   645 0.84 length=649	scaffold=chromosome13	strand=+
3581_g               -            650 33810                -            503   5.7e-15   53.1   7.3   1   2   1.2e-10     2e-08   31.5   0.3   214   292   326   400   307   407 0.86 length=651	scaffold=chromosome6	strand=+
3581_g               -            650 33810                -            503   5.7e-15   53.1   7.3   2   2   6.1e-08     1e-05   22.6   1.8   341   483   429   576   420   586 0.79 length=651	scaffold=chromosome6	strand=+
2411_g               -            483 33810                -            503   8.2e-15   52.6  14.9   1   4      0.59        99   -0.5   0.0   387   412   130   155    84   156 0.79 length=484	scaffold=chromosome12	strand=-
2411_g               -            483 33810                -            503   8.2e-15   52.6  14.9   2   4   9.4e-14   1.6e-11   41.7   3.7   367   463   196   294   172   322 0.83 length=484	scaffold=chromosome12	strand=-
2411_g               -            483 33810                -            503   8.2e-15   52.6  14.9   3   4      0.82   1.4e+02   -0.9   0.0   440   462   323   345   319   356 0.78 length=484	scaffold=chromosome12	strand=-
2411_g               -            483 33810                -            503   8.2e-15   52.6  14.9   4   4   6.6e-06    0.0011   15.9   0.6   303   384   360   439   344   450 0.76 length=484	scaffold=chromosome12	strand=-
1138_g               -            327 33810                -            503   2.1e-14   51.2   1.5   1   3   1.2e-10   2.1e-08   31.5   0.3   300   459     8   173     3   181 0.82 length=328	scaffold=chromosome7	strand=-
1138_g               -            327 33810                -            503   2.1e-14   51.2   1.5   2   3     0.034       5.7    3.6   0.0   259   292   178   211   172   217 0.84 length=328	scaffold=chromosome7	strand=-
1138_g               -            327 33810                -            503   2.1e-14   51.2   1.5   3   3   3.3e-05    0.0055   13.6   0.0   298   333   284   319   274   326 0.86 length=328	scaffold=chromosome7	strand=-
111_g                -            527 33810                -            503   2.6e-13   47.6  13.6   1   3   2.5e-10   4.1e-08   30.5   0.2   214   295   217   299   172   302 0.82 length=528	scaffold=chromosome13	strand=-
111_g                -            527 33810                -            503   2.6e-13   47.6  13.6   2   3   5.5e-07   9.2e-05   19.4   0.8   342   419   310   387   302   404 0.87 length=528	scaffold=chromosome13	strand=-
111_g                -            527 33810                -            503   2.6e-13   47.6  13.6   3   3     0.048       8.1    3.1   1.9   212   450   464   521   389   527 0.55 length=528	scaffold=chromosome13	strand=-
1587_g               -            445 33810                -            503   5.1e-11   40.1  16.4   1   3     0.006         1    6.1   0.4   209   254   139   185    95   199 0.67 length=446	scaffold=chromosome14	strand=+
1587_g               -            445 33810                -            503   5.1e-11   40.1  16.4   2   3   6.9e-13   1.2e-10   38.9   6.0   306   464   208   371   192   380 0.82 length=446	scaffold=chromosome14	strand=+
1587_g               -            445 33810                -            503   5.1e-11   40.1  16.4   3   3      0.15        25    1.5   0.1   433   463   398   427   382   438 0.63 length=446	scaffold=chromosome14	strand=+
3469_g               -            346 33810                -            503   6.9e-11   39.6   2.2   1   2       4.9   8.2e+02   -3.5   0.1   237   259    56    78    54    83 0.81 length=347	scaffold=chromosome6	strand=-
3469_g               -            346 33810                -            503   6.9e-11   39.6   2.2   2   2   4.1e-13   6.9e-11   39.6   2.2   344   451   179   289   173   303 0.83 length=347	scaffold=chromosome6	strand=-
281_g                -            582 33810                -            503   1.1e-10   38.9   9.2   1   5       1.6   2.8e+02   -1.9   0.0   426   459   182   215   148   225 0.68 length=583	scaffold=chromosome13	strand=-
281_g                -            582 33810                -            503   1.1e-10   38.9   9.2   2   5    0.0012       0.2    8.4   0.4   439   469   322   352   229   374 0.73 length=583	scaffold=chromosome13	strand=-
281_g                -            582 33810                -            503   1.1e-10   38.9   9.2   3   5     0.014       2.4    4.9   0.1   343   379   387   424   353   444 0.76 length=583	scaffold=chromosome13	strand=-
281_g                -            582 33810                -            503   1.1e-10   38.9   9.2   4   5   1.3e-09   2.3e-07   28.0   0.1   357   424   449   517   428   526 0.84 length=583	scaffold=chromosome13	strand=-
281_g                -            582 33810                -            503   1.1e-10   38.9   9.2   5   5      0.48        80   -0.2   0.0   228   247   558   577   539   580 0.71 length=583	scaffold=chromosome13	strand=-
2379_g               -            490 33810                -            503   1.3e-10   38.7   7.7   1   2      0.14        23    1.6   0.0   229   246   188   206   169   233 0.71 length=491	scaffold=chromosome12	strand=+
2379_g               -            490 33810                -            503   1.3e-10   38.7   7.7   2   2   5.4e-12   9.1e-10   35.9   6.4   297   467   262   443   257   464 0.77 length=491	scaffold=chromosome12	strand=+
712_g                -            365 33810                -            503   1.9e-10   38.2  15.5   1   3   3.4e-10   5.7e-08   30.0   4.8   347   467    21   139    12   153 0.74 length=366	scaffold=chromosome8	strand=+
712_g                -            365 33810                -            503   1.9e-10   38.2  15.5   2   3    0.0011      0.18    8.6   0.3   405   459   165   217   157   222 0.84 length=366	scaffold=chromosome8	strand=+
712_g                -            365 33810                -            503   1.9e-10   38.2  15.5   3   3    0.0091       1.5    5.5   0.1   396   424   240   268   221   273 0.80 length=366	scaffold=chromosome8	strand=+
3676_g               -            498 33810                -            503   3.2e-10   37.4  10.4   1   3   0.00019     0.033   11.0   0.1   229   292   237   298   197   305 0.82 length=499	scaffold=chromosome6	strand=+
3676_g               -            498 33810                -            503   3.2e-10   37.4  10.4   2   3   0.00076      0.13    9.0   0.2   198   251   315   370   297   384 0.67 length=499	scaffold=chromosome6	strand=+
3676_g               -            498 33810                -            503   3.2e-10   37.4  10.4   3   3   1.5e-09   2.4e-07   27.9   5.6   317   440   350   480   347   495 0.79 length=499	scaffold=chromosome6	strand=+
1728_g               -           1275 33810                -            503   9.8e-10   35.8   3.4   1   8       1.1   1.9e+02   -1.4   0.1   226   249    26    49    13    56 0.63 length=1276	scaffold=chromosome14	strand=-
1728_g               -           1275 33810                -            503   9.8e-10   35.8   3.4   2   8   5.9e-12   9.8e-10   35.8   3.4   347   464    71   197    61   227 0.83 length=1276	scaffold=chromosome14	strand=-
1728_g               -           1275 33810                -            503   9.8e-10   35.8   3.4   3   8     0.037       6.2    3.5   0.4   397   463   172   237   161   257 0.77 length=1276	scaffold=chromosome14	strand=-
1728_g               -           1275 33810                -            503   9.8e-10   35.8   3.4   4   8      0.96   1.6e+02   -1.2   0.2   354   482   360   403   340   410 0.61 length=1276	scaffold=chromosome14	strand=-
1728_g               -           1275 33810                -            503   9.8e-10   35.8   3.4   5   8       1.7   2.9e+02   -2.0   2.4    75   148   452   522   429   527 0.77 length=1276	scaffold=chromosome14	strand=-
1728_g               -           1275 33810                -            503   9.8e-10   35.8   3.4   6   8     0.028       4.7    3.9   3.2   383   464   619   698   602   725 0.65 length=1276	scaffold=chromosome14	strand=-
1728_g               -           1275 33810                -            503   9.8e-10   35.8   3.4   7   8   2.5e-05    0.0042   13.9   1.9   157   296   789   923   761   934 0.68 length=1276	scaffold=chromosome14	strand=-
1728_g               -           1275 33810                -            503   9.8e-10   35.8   3.4   8   8   0.00088      0.15    8.9   0.2   223   293   941  1004   931  1006 0.90 length=1276	scaffold=chromosome14	strand=-
4456_g               -           1076 33810                -            503   1.6e-09   35.1   5.1   1   4   3.6e-07     6e-05   20.0   0.1   226   293   193   258   129   263 0.78 length=1077	scaffold=chromosome5	strand=+
4456_g               -           1076 33810                -            503   1.6e-09   35.1   5.1   2   4   6.3e-09   1.1e-06   25.8   1.5   386   463   289   368   270   396 0.83 length=1077	scaffold=chromosome5	strand=+
4456_g               -           1076 33810                -            503   1.6e-09   35.1   5.1   3   4       6.8   1.1e+03   -4.0   7.6   136   223   405   490   402   514 0.73 length=1077	scaffold=chromosome5	strand=+
4456_g               -           1076 33810                -            503   1.6e-09   35.1   5.1   4   4     0.018         3    4.5   0.3   293   456   947   984   930  1016 0.66 length=1077	scaffold=chromosome5	strand=+
458_g                -            725 33810                -            503   2.5e-09   34.5  28.0   1   5       0.1        18    2.0   0.7   350   461   117   232   104   262 0.70 length=726	scaffold=chromosome13	strand=-
458_g                -            725 33810                -            503   2.5e-09   34.5  28.0   2   5   2.2e-07   3.6e-05   20.8   1.0   357   458   302   400   291   414 0.90 length=726	scaffold=chromosome13	strand=-
458_g                -            725 33810                -            503   2.5e-09   34.5  28.0   3   5     0.088        15    2.2   0.4   385   459   464   538   414   541 0.67 length=726	scaffold=chromosome13	strand=-
458_g                -            725 33810                -            503   2.5e-09   34.5  28.0   4   5   7.3e-05     0.012   12.4   3.8   338   453   502   618   499   631 0.86 length=726	scaffold=chromosome13	strand=-
458_g                -            725 33810                -            503   2.5e-09   34.5  28.0   5   5   2.2e-07   3.8e-05   20.7   6.5   211   368   545   703   541   706 0.81 length=726	scaffold=chromosome13	strand=-
441_g                -            363 33810                -            503     3e-09   34.2   5.0   1   4    0.0085       1.4    5.6   0.0   201   463    52   103    31   116 0.48 length=364	scaffold=chromosome13	strand=-
441_g                -            363 33810                -            503     3e-09   34.2   5.0   2   4     2e-07   3.3e-05   20.9   0.3   314   388    79   158    75   170 0.68 length=364	scaffold=chromosome13	strand=-
441_g                -            363 33810                -            503     3e-09   34.2   5.0   3   4   0.00015     0.025   11.4   0.2   357   433   187   264   170   273 0.83 length=364	scaffold=chromosome13	strand=-
441_g                -            363 33810                -            503     3e-09   34.2   5.0   4   4       1.9   3.3e+02   -2.2   0.0   421   447   320   346   316   359 0.68 length=364	scaffold=chromosome13	strand=-
4148_g               -            821 33810                -            503   7.1e-09   33.0  15.9   1   3       5.3   8.9e+02   -3.6   1.1    72   122   423   473   408   495 0.72 length=822	scaffold=chromosome9	strand=+
4148_g               -            821 33810                -            503   7.1e-09   33.0  15.9   2   3   8.1e-05     0.014   12.3   0.1   353   387   528   562   508   595 0.67 length=822	scaffold=chromosome9	strand=+
4148_g               -            821 33810                -            503   7.1e-09   33.0  15.9   3   3     1e-09   1.7e-07   28.4   3.9   258   380   618   751   606   793 0.78 length=822	scaffold=chromosome9	strand=+
4689_g               -            323 33810                -            503     3e-08   30.9  13.7   1   3   4.4e-09   7.3e-07   26.3   1.6   347   463    15   132     8   140 0.86 length=324	scaffold=chromosome5	strand=-
4689_g               -            323 33810                -            503     3e-08   30.9  13.7   2   3      0.33        56    0.3   0.2   210   243   177   212   170   217 0.78 length=324	scaffold=chromosome5	strand=-
4689_g               -            323 33810                -            503     3e-08   30.9  13.7   3   3   0.00054     0.091    9.5   0.5   345   430   229   315   222   320 0.80 length=324	scaffold=chromosome5	strand=-
2434_g               -            370 33810                -            503   1.4e-07   28.7   8.3   1   4   5.2e-05    0.0088   12.9   1.5   372   449    16    94     7   110 0.77 length=371	scaffold=chromosome12	strand=-
2434_g               -            370 33810                -            503   1.4e-07   28.7   8.3   2   4   0.00015     0.025   11.4   0.6   344   494    84   224    77   233 0.66 length=371	scaffold=chromosome12	strand=-
2434_g               -            370 33810                -            503   1.4e-07   28.7   8.3   3   4      0.15        26    1.5   0.0   229   299   176   247   157   263 0.79 length=371	scaffold=chromosome12	strand=-
2434_g               -            370 33810                -            503   1.4e-07   28.7   8.3   4   4    0.0035      0.59    6.9   0.0   312   368   310   364   307   367 0.89 length=371	scaffold=chromosome12	strand=-
694_g                -            549 33810                -            503   1.4e-06   25.4   0.1   1   4      0.35        59    0.3   0.0   371   436    39   104    19   144 0.71 length=550	scaffold=chromosome8	strand=-
694_g                -            549 33810                -            503   1.4e-06   25.4   0.1   2   4   8.2e-09   1.4e-06   25.4   0.1   343   425   178   261   172   325 0.82 length=550	scaffold=chromosome8	strand=-
694_g                -            549 33810                -            503   1.4e-06   25.4   0.1   3   4       1.1   1.8e+02   -1.3   0.1   229   247   300   318   274   363 0.75 length=550	scaffold=chromosome8	strand=-
694_g                -            549 33810                -            503   1.4e-06   25.4   0.1   4   4       6.8   1.1e+03   -4.0   0.5   167   200   476   509   467   515 0.66 length=550	scaffold=chromosome8	strand=-
#
# Program:         hmmsearch
# Version:         3.4 (Aug 2023)
# Pipeline mode:   SEARCH
# Query file:      /home/inf-20-2025/Malaria/busco_downloads/lineages/apicomplexa_odb12/hmms/33810at5794.hmm
# Target file:     /home/inf-20-2025/Malaria/Results/6_nobird_annotation/P_faciparum.faa
# Option settings: hmmsearch --domtblout Results/8_busco/P_faciparum/run_apicomplexa_odb12/hmmer_output/initial_run_results/33810at5794.out --cpu 1 /home/inf-20-2025/Malaria/busco_downloads/lineages/apicomplexa_odb12/hmms/33810at5794.hmm /home/inf-20-2025/Malaria/Results/6_nobird_annotation/P_faciparum.faa 
# Current dir:     /home/inf-20-2025/Malaria
# Date:            Wed Mar  4 18:31:13 2026
# [ok]
