#                                                                            --- full sequence --- -------------- this domain -------------   hmm coord   ali coord   env coord
# target name        accession   tlen query name           accession   qlen   E-value  score  bias   #  of  c-Evalue  i-Evalue  score  bias  from    to  from    to  from    to  acc description of target
#------------------- ---------- ----- -------------------- ---------- ----- --------- ------ ----- --- --- --------- --------- ------ ----- ----- ----- ----- ----- ----- ----- ---- ---------------------
1423_g               -            304 40301                -            301  2.4e-204  675.3   1.0   1   1  4.8e-207  2.8e-204  675.1   1.0     2   300     4   302     3   303 0.99 length=305	scaffold=chromosome14	strand=+
4201_g               -            312 40301                -            301   1.8e-89  298.1   3.6   1   1   4.1e-92   2.4e-89  297.7   3.6    25   292    18   285     7   293 0.96 length=313	scaffold=chromosome9	strand=-
4180_g               -            466 40301                -            301   1.6e-87  291.7   4.8   1   1   3.9e-90   2.3e-87  291.2   4.8    26   289   174   443   159   453 0.94 length=467	scaffold=chromosome9	strand=-
3839_g               -            308 40301                -            301     1e-83  279.2   0.6   1   1   2.2e-86   1.3e-83  278.9   0.6    24   293    19   289     8   297 0.95 length=309	scaffold=chromosome3	strand=-
1890_g               -            889 40301                -            301   7.2e-73  243.6   2.0   1   1   5.5e-75   3.2e-72  241.5   2.0    28   286   550   843   522   855 0.82 length=890	scaffold=chromosome14	strand=+
707_g                -            604 40301                -            301     7e-71  237.1   1.0   1   1   1.9e-73   1.1e-70  236.4   1.0    25   286    52   328    43   336 0.90 length=605	scaffold=chromosome8	strand=+
521_g                -            658 40301                -            301   7.8e-68  227.1   0.8   1   1   2.2e-70   1.2e-67  226.4   0.8    48   280   391   624   358   634 0.93 length=659	scaffold=chromosome13	strand=+
1503_g               -           2420 40301                -            301   3.1e-50  169.3   1.3   1   2   5.4e-53   3.1e-50  169.3   1.3    52   289   238   485   206   493 0.86 length=2421	scaffold=chromosome14	strand=+
1503_g               -           2420 40301                -            301   3.1e-50  169.3   1.3   2   2       3.8   2.2e+03   -4.2   0.4   126   155  1792  1819  1777  1822 0.78 length=2421	scaffold=chromosome14	strand=+
3175_g               -           2166 40301                -            301   3.7e-41  139.5  13.3   1   3       1.9   1.1e+03   -3.2   0.1   103   137   676   708   662   713 0.72 length=2167	scaffold=chromosome10	strand=-
3175_g               -           2166 40301                -            301   3.7e-41  139.5  13.3   2   3   1.6e-07   9.4e-05   20.0   0.1    27    86  1212  1271  1202  1283 0.88 length=2167	scaffold=chromosome10	strand=-
3175_g               -           2166 40301                -            301   3.7e-41  139.5  13.3   3   3   1.1e-37   6.6e-35  119.0   5.7    80   293  1303  1566  1292  1573 0.73 length=2167	scaffold=chromosome10	strand=-
#
# Program:         hmmsearch
# Version:         3.4 (Aug 2023)
# Pipeline mode:   SEARCH
# Query file:      /home/inf-20-2025/Malaria/busco_downloads/lineages/apicomplexa_odb12/hmms/40301at5794.hmm
# Target file:     /home/inf-20-2025/Malaria/Results/6_nobird_annotation/P_faciparum.faa
# Option settings: hmmsearch --domtblout Results/8_busco/P_faciparum/run_apicomplexa_odb12/hmmer_output/initial_run_results/40301at5794.out --cpu 1 /home/inf-20-2025/Malaria/busco_downloads/lineages/apicomplexa_odb12/hmms/40301at5794.hmm /home/inf-20-2025/Malaria/Results/6_nobird_annotation/P_faciparum.faa 
# Current dir:     /home/inf-20-2025/Malaria
# Date:            Wed Mar  4 18:31:13 2026
# [ok]
