#                                                                            --- full sequence --- -------------- this domain -------------   hmm coord   ali coord   env coord
# target name        accession   tlen query name           accession   qlen   E-value  score  bias   #  of  c-Evalue  i-Evalue  score  bias  from    to  from    to  from    to  acc description of target
#------------------- ---------- ----- -------------------- ---------- ----- --------- ------ ----- --- --- --------- --------- ------ ----- ----- ----- ----- ----- ----- ----- ---- ---------------------
3901_g               -            433 438                  -            403  4.3e-257  850.7   0.9   1   1  3.2e-259  4.9e-257  850.5   0.9     5   403    33   433    29   433 0.99 length=434	scaffold=chromosome3	strand=+
1914_g               -            398 438                  -            403  2.2e-105  351.1   0.8   1   1  1.7e-107  2.6e-105  350.8   0.8    25   398    18   395     2   398 0.94 length=399	scaffold=chromosome14	strand=+
5165_g               -            390 438                  -            403   7.1e-97  323.0   2.3   1   1   5.1e-99   7.8e-97  322.9   2.3    15   399     3   388     1   390 0.97 length=391	scaffold=chromosome4	strand=+
4836_g               -            474 438                  -            403     1e-87  292.9   5.7   1   1   7.6e-88   1.2e-85  286.1   5.7    29   399    54   451    34   454 0.90 length=475	scaffold=chromosome2	strand=-
4914_g               -            562 438                  -            403   5.2e-69  231.3   7.5   1   1   5.7e-71   8.7e-69  230.6   7.5    16   393   142   520   124   530 0.94 length=563	scaffold=chromosome2	strand=-
1829_g               -            741 438                  -            403   4.2e-64  215.1   9.0   1   1   1.2e-64   1.9e-62  209.7   9.0    17   392   311   724   298   732 0.82 length=742	scaffold=chromosome14	strand=+
4615_g               -           1123 438                  -            403   1.8e-63  213.0   0.0   1   2     3e-33   4.6e-31  106.3   0.0    31   203   699   879   670   882 0.90 length=1124	scaffold=chromosome5	strand=-
4615_g               -           1123 438                  -            403   1.8e-63  213.0   0.0   2   2   1.2e-32   1.8e-30  104.4   0.0   206   396   906  1096   889  1101 0.93 length=1124	scaffold=chromosome5	strand=-
1708_g               -            527 438                  -            403   2.7e-63  212.5   0.0   1   1   2.3e-65   3.5e-63  212.1   0.0    47   402   130   495   107   496 0.89 length=528	scaffold=chromosome14	strand=+
2278_g               -            742 438                  -            403   1.1e-62  210.4   1.9   1   2   2.5e-11   3.8e-09   34.1   0.0    10   101   268   358   259   361 0.83 length=743	scaffold=chromosome12	strand=-
2278_g               -            742 438                  -            403   1.1e-62  210.4   1.9   2   2   3.7e-54   5.7e-52  175.2   0.7    99   388   428   722   418   741 0.89 length=743	scaffold=chromosome12	strand=-
4703_g               -            665 438                  -            403   9.9e-61  204.0   0.4   1   1   9.5e-63   1.4e-60  203.5   0.4    30   382   217   583   198   602 0.89 length=666	scaffold=chromosome5	strand=+
4520_g               -           1490 438                  -            403     2e-57  193.1   4.5   1   1   4.1e-59   6.3e-57  191.5   4.5    40   398   733  1101   694  1105 0.92 length=1491	scaffold=chromosome5	strand=+
3680_g               -            600 438                  -            403   1.4e-56  190.3   4.6   1   1   1.3e-58     2e-56  189.8   4.6    30   361   147   484   116   509 0.89 length=601	scaffold=chromosome6	strand=-
3299_g               -            917 438                  -            403   1.5e-56  190.3   3.5   1   1   2.3e-58   3.5e-56  189.0   3.5    39   395   535   910   527   914 0.90 length=918	scaffold=chromosome10	strand=+
2508_g               -            700 438                  -            403   2.9e-56  189.3   6.8   1   2   2.7e-41   4.2e-39  132.8   0.1    15   227    67   293    54   318 0.83 length=701	scaffold=chromosome12	strand=+
2508_g               -            700 438                  -            403   2.9e-56  189.3   6.8   2   2   1.5e-18   2.3e-16   57.9   2.9   245   388   359   502   349   516 0.93 length=701	scaffold=chromosome12	strand=+
312_g                -            490 438                  -            403   3.6e-55  185.7   4.7   1   1     3e-57   4.7e-55  185.3   4.7    52   392    92   443    43   452 0.88 length=491	scaffold=chromosome13	strand=-
4480_g               -            755 438                  -            403   4.3e-54  182.2   2.6   1   2   5.7e-08   8.7e-06   23.1   0.1    12    96   126   209   115   215 0.75 length=756	scaffold=chromosome5	strand=+
4480_g               -            755 438                  -            403   4.3e-54  182.2   2.6   2   2   4.1e-49   6.3e-47  158.6   0.5   101   390   260   555   247   567 0.90 length=756	scaffold=chromosome5	strand=+
773_g                -            941 438                  -            403   2.3e-50  169.9   4.2   1   2   1.6e-21   2.5e-19   67.7   0.0    31   197   363   550   340   558 0.81 length=942	scaffold=chromosome8	strand=+
773_g                -            941 438                  -            403   2.3e-50  169.9   4.2   2   2   7.5e-31   1.2e-28   98.4   2.1   203   381   580   758   569   775 0.89 length=942	scaffold=chromosome8	strand=+
1462_g               -            996 438                  -            403   4.2e-49  165.7  14.3   1   1   6.1e-51   9.4e-49  164.6  14.3    11   380   100   488    90   505 0.80 length=997	scaffold=chromosome14	strand=-
74_g                 -            630 438                  -            403   4.8e-38  129.3  11.2   1   1   4.7e-40   7.1e-38  128.7  11.2    38   384   161   522   128   535 0.83 length=631	scaffold=chromosome13	strand=+
926_g                -           1289 438                  -            403   5.2e-37  125.9  14.0   1   1   7.4e-39   1.1e-36  124.8  14.0    10   383   139   522   128   536 0.85 length=1290	scaffold=chromosome8	strand=-
3909_g               -            735 438                  -            403   2.7e-35  120.3  11.9   1   2   1.4e-07   2.2e-05   21.8   0.0    37    97   261   322   257   338 0.83 length=736	scaffold=chromosome3	strand=+
3909_g               -            735 438                  -            403   2.7e-35  120.3  11.9   2   2   3.1e-30   4.8e-28   96.4  11.9    99   399   350   653   336   657 0.89 length=736	scaffold=chromosome3	strand=+
3207_g               -            680 438                  -            403   6.4e-32  109.1  17.7   1   2   4.7e-08   7.2e-06   23.3   0.2     7    93   160   245   147   252 0.74 length=681	scaffold=chromosome10	strand=-
3207_g               -            680 438                  -            403   6.4e-32  109.1  17.7   2   2   1.7e-30   2.6e-28   97.2  12.6    91   398   293   614   271   618 0.79 length=681	scaffold=chromosome10	strand=-
1180_g               -            918 438                  -            403   1.6e-31  107.8  14.1   1   2   8.1e-24   1.2e-21   75.3   2.5    23   206   186   378   165   456 0.77 length=919	scaffold=chromosome7	strand=+
1180_g               -            918 438                  -            403   1.6e-31  107.8  14.1   2   2   2.3e-13   3.4e-11   40.9   0.3   294   385   690   780   679   795 0.84 length=919	scaffold=chromosome7	strand=+
4646_g               -            841 438                  -            403   1.8e-30  104.3   2.1   1   3   9.3e-10   1.4e-07   29.0   0.0    31    94     3    66     1    81 0.89 length=842	scaffold=chromosome5	strand=+
4646_g               -            841 438                  -            403   1.8e-30  104.3   2.1   2   3     2e-08   3.1e-06   24.6   0.1    95   220   340   472   329   485 0.77 length=842	scaffold=chromosome5	strand=+
4646_g               -            841 438                  -            403   1.8e-30  104.3   2.1   3   3   1.2e-15   1.8e-13   48.3   0.5   287   376   625   714   544   722 0.91 length=842	scaffold=chromosome5	strand=+
2417_g               -            878 438                  -            403   7.6e-29   99.0   4.5   1   4   3.1e-22   4.8e-20   70.0   2.2     8   227    86   320    79   328 0.71 length=879	scaffold=chromosome12	strand=-
2417_g               -            878 438                  -            403   7.6e-29   99.0   4.5   2   4       8.1   1.2e+03   -3.8   0.6   241   294   375   429   372   457 0.65 length=879	scaffold=chromosome12	strand=-
2417_g               -            878 438                  -            403   7.6e-29   99.0   4.5   3   4   1.5e-12   2.3e-10   38.2   0.0   326   382   591   650   585   671 0.79 length=879	scaffold=chromosome12	strand=-
2417_g               -            878 438                  -            403   7.6e-29   99.0   4.5   4   4       3.5   5.3e+02   -2.6   0.1    10    52   750   792   741   799 0.80 length=879	scaffold=chromosome12	strand=-
1701_g               -            796 438                  -            403   2.8e-28   97.1  11.1   1   2   1.4e-23   2.1e-21   74.5   2.8    30   219   236   450   208   481 0.78 length=797	scaffold=chromosome14	strand=+
1701_g               -            796 438                  -            403   2.8e-28   97.1  11.1   2   2   3.6e-09   5.5e-07   27.0   1.3   293   390   594   692   538   699 0.80 length=797	scaffold=chromosome14	strand=+
745_g                -           1321 438                  -            403     2e-26   91.0  22.3   1   5       0.1        16    2.5   0.3    31    95    50   120    17   129 0.63 length=1322	scaffold=chromosome8	strand=-
745_g                -           1321 438                  -            403     2e-26   91.0  22.3   2   5      0.36        55    0.7   0.0   100   124   169   193   159   197 0.87 length=1322	scaffold=chromosome8	strand=-
745_g                -           1321 438                  -            403     2e-26   91.0  22.3   3   5   5.8e-06   0.00089   16.5   0.3   119   223   222   353   214   365 0.71 length=1322	scaffold=chromosome8	strand=-
745_g                -           1321 438                  -            403     2e-26   91.0  22.3   4   5   2.6e-24     4e-22   76.9   3.5   252   389   704   841   698   846 0.94 length=1322	scaffold=chromosome8	strand=-
745_g                -           1321 438                  -            403     2e-26   91.0  22.3   5   5      0.61        93   -0.1   0.9   229   267  1277  1315  1259  1317 0.81 length=1322	scaffold=chromosome8	strand=-
1464_g               -           1022 438                  -            403   8.2e-21   72.6  11.0   1   3   5.4e-07   8.3e-05   19.8   0.0    31    97    10    76     3    81 0.90 length=1023	scaffold=chromosome14	strand=+
1464_g               -           1022 438                  -            403   8.2e-21   72.6  11.0   2   3   5.8e-06   0.00088   16.5   3.4    98   212   273   419   262   575 0.73 length=1023	scaffold=chromosome14	strand=+
1464_g               -           1022 438                  -            403   8.2e-21   72.6  11.0   3   3   2.5e-11   3.8e-09   34.1   0.4   318   384   649   714   587   726 0.90 length=1023	scaffold=chromosome14	strand=+
4478_g               -            490 438                  -            403   4.6e-18   63.5  14.4   1   1   4.2e-20   6.5e-18   63.0  14.4    10   365    69   440    61   467 0.72 length=491	scaffold=chromosome5	strand=+
2045_g               -            863 438                  -            403   5.4e-18   63.3   0.6   1   2   0.00048     0.074   10.1   0.0    67   114   196   243   189   275 0.83 length=864	scaffold=chromosome12	strand=-
2045_g               -            863 438                  -            403   5.4e-18   63.3   0.6   2   2   3.1e-16   4.7e-14   50.3   0.1   266   390   544   667   525   679 0.91 length=864	scaffold=chromosome12	strand=-
2600_g               -           1313 438                  -            403     8e-18   62.7   7.9   1   3   1.2e-05    0.0018   15.5   0.0    31   110   167   246   134   264 0.85 length=1314	scaffold=chromosome11	strand=+
2600_g               -           1313 438                  -            403     8e-18   62.7   7.9   2   3       1.8   2.8e+02   -1.6   0.0   143   188   564   609   549   628 0.75 length=1314	scaffold=chromosome11	strand=+
2600_g               -           1313 438                  -            403     8e-18   62.7   7.9   3   3   1.1e-15   1.7e-13   48.5   2.6   261   361   919  1019   912  1047 0.95 length=1314	scaffold=chromosome11	strand=+
5005_g               -            567 438                  -            403     2e-13   48.2  12.3   1   1   5.1e-15   7.8e-13   46.3  12.3    68   379   157   502    89   517 0.72 length=568	scaffold=chromosome4	strand=-
1048_g               -           1132 438                  -            403   5.1e-13   46.9   7.6   1   4    0.0015      0.23    8.5   0.1    12    68    57   109    45   125 0.75 length=1133	scaffold=chromosome7	strand=-
1048_g               -           1132 438                  -            403   5.1e-13   46.9   7.6   2   4       2.1   3.3e+02   -1.9   0.0    75   102   240   267   235   291 0.76 length=1133	scaffold=chromosome7	strand=-
1048_g               -           1132 438                  -            403   5.1e-13   46.9   7.6   3   4       1.2   1.8e+02   -1.1   0.0   144   186   450   496   447   520 0.77 length=1133	scaffold=chromosome7	strand=-
1048_g               -           1132 438                  -            403   5.1e-13   46.9   7.6   4   4   3.1e-12   4.8e-10   37.1   3.5   270   354   846   929   840   969 0.92 length=1133	scaffold=chromosome7	strand=-
4115_g               -            728 438                  -            403   6.6e-12   43.2   2.5   1   2       2.9   4.5e+02   -2.3   0.1    98   167    46   120    38   139 0.61 length=729	scaffold=chromosome9	strand=+
4115_g               -            728 438                  -            403   6.6e-12   43.2   2.5   2   2   4.3e-14   6.6e-12   43.2   2.5   239   386   285   433   265   453 0.84 length=729	scaffold=chromosome9	strand=+
#
# Program:         hmmsearch
# Version:         3.4 (Aug 2023)
# Pipeline mode:   SEARCH
# Query file:      /home/inf-20-2025/Malaria/busco_downloads/lineages/apicomplexa_odb12/hmms/438at5794.hmm
# Target file:     /home/inf-20-2025/Malaria/Results/6_nobird_annotation/P_faciparum.faa
# Option settings: hmmsearch --domtblout Results/8_busco/P_faciparum/run_apicomplexa_odb12/hmmer_output/initial_run_results/438at5794.out --cpu 1 /home/inf-20-2025/Malaria/busco_downloads/lineages/apicomplexa_odb12/hmms/438at5794.hmm /home/inf-20-2025/Malaria/Results/6_nobird_annotation/P_faciparum.faa 
# Current dir:     /home/inf-20-2025/Malaria
# Date:            Wed Mar  4 18:31:19 2026
# [ok]
