#                                                                            --- full sequence --- -------------- this domain -------------   hmm coord   ali coord   env coord
# target name        accession   tlen query name           accession   qlen   E-value  score  bias   #  of  c-Evalue  i-Evalue  score  bias  from    to  from    to  from    to  acc description of target
#------------------- ---------- ----- -------------------- ---------- ----- --------- ------ ----- --- --- --------- --------- ------ ----- ----- ----- ----- ----- ----- ----- ---- ---------------------
2766_g               -            147 46491                -            147   2.3e-51  171.6   1.6   1   1   3.8e-54   2.8e-51  171.4   1.6    10   135     2   146     1   147 0.97 length=148	scaffold=chromosome11	strand=-
949_g                -            102 46491                -            147   1.2e-17   62.3   0.4   1   1   1.9e-20   1.4e-17   62.1   0.4    21    99     6    83     2   100 0.88 length=103	scaffold=chromosome8	strand=+
1427_g               -            201 46491                -            147   1.5e-10   39.3   0.0   1   1   2.6e-13     2e-10   38.9   0.0    21    94     7    85     5   124 0.79 length=202	scaffold=chromosome14	strand=-
1682_g               -            101 46491                -            147   6.2e-06   24.3   0.0   1   1   9.7e-09   7.2e-06   24.1   0.0    22    63    17    58     7    81 0.88 length=102	scaffold=chromosome14	strand=+
2112_g               -            108 46491                -            147    0.0036   15.3   0.0   1   1   5.7e-06    0.0043   15.1   0.0    12    92    12    97     5   107 0.82 length=109	scaffold=chromosome12	strand=+
4633_g               -            103 46491                -            147    0.0062   14.5   0.0   1   1     1e-05    0.0075   14.3   0.0    27    58    15    46    10   102 0.77 length=104	scaffold=chromosome5	strand=+
2604_g               -            126 46491                -            147     0.017   13.1   0.1   1   1     3e-05     0.022   12.8   0.1    28    96    15    81     6   100 0.83 length=127	scaffold=chromosome11	strand=+
#
# Program:         hmmsearch
# Version:         3.4 (Aug 2023)
# Pipeline mode:   SEARCH
# Query file:      /home/inf-20-2025/Malaria/busco_downloads/lineages/apicomplexa_odb12/hmms/46491at5794.hmm
# Target file:     /home/inf-20-2025/Malaria/Results/6_nobird_annotation/P_faciparum.faa
# Option settings: hmmsearch --domtblout Results/8_busco/P_faciparum/run_apicomplexa_odb12/hmmer_output/initial_run_results/46491at5794.out --cpu 1 /home/inf-20-2025/Malaria/busco_downloads/lineages/apicomplexa_odb12/hmms/46491at5794.hmm /home/inf-20-2025/Malaria/Results/6_nobird_annotation/P_faciparum.faa 
# Current dir:     /home/inf-20-2025/Malaria
# Date:            Wed Mar  4 18:31:15 2026
# [ok]
