#                                                                            --- full sequence --- -------------- this domain -------------   hmm coord   ali coord   env coord
# target name        accession   tlen query name           accession   qlen   E-value  score  bias   #  of  c-Evalue  i-Evalue  score  bias  from    to  from    to  from    to  acc description of target
#------------------- ---------- ----- -------------------- ---------- ----- --------- ------ ----- --- --- --------- --------- ------ ----- ----- ----- ----- ----- ----- ----- ---- ---------------------
4914_g               -            562 47873                -            411  5.5e-206  682.4   5.8   1   1  4.2e-208  5.5e-206  682.4   5.8     5   410   148   553   144   554 0.99 length=563	scaffold=chromosome2	strand=-
3680_g               -            600 47873                -            411  1.8e-101  338.1   1.5   1   1  2.8e-103  3.6e-101  337.2   1.5     3   361   137   501   134   534 0.94 length=601	scaffold=chromosome6	strand=-
312_g                -            490 47873                -            411  3.8e-100  333.8   3.3   1   1  3.8e-102    5e-100  333.4   3.3     5   409    62   475    58   477 0.94 length=491	scaffold=chromosome13	strand=-
2278_g               -            742 47873                -            411   5.9e-90  300.2   0.8   1   2   1.3e-16   1.6e-14   51.7   0.0    14    80   289   354   283   357 0.87 length=743	scaffold=chromosome12	strand=-
2278_g               -            742 47873                -            411   5.9e-90  300.2   0.8   2   2   8.6e-76   1.1e-73  246.6   0.2    77   368   423   716   420   736 0.91 length=743	scaffold=chromosome12	strand=-
4615_g               -           1123 47873                -            411   3.3e-88  294.4   0.0   1   1   1.9e-87   2.4e-85  285.0   0.0    15   368   700  1084   697  1098 0.89 length=1124	scaffold=chromosome5	strand=-
3901_g               -            433 47873                -            411   1.8e-85  285.4   0.1   1   1   1.8e-87   2.3e-85  285.1   0.1     5   376    52   422    48   429 0.97 length=434	scaffold=chromosome3	strand=+
2508_g               -            700 47873                -            411   2.9e-85  284.7   8.5   1   2   3.5e-53   4.6e-51  172.1   0.0    10   220    79   302    69   319 0.89 length=701	scaffold=chromosome12	strand=+
2508_g               -            700 47873                -            411   2.9e-85  284.7   8.5   2   2   6.1e-35     8e-33  112.0   6.3   214   400   342   533   332   544 0.87 length=701	scaffold=chromosome12	strand=+
4703_g               -            665 47873                -            411   3.4e-85  284.5   1.0   1   2       8.2   1.1e+03   -3.7   0.6   361   400   123   165   121   170 0.62 length=666	scaffold=chromosome5	strand=+
4703_g               -            665 47873                -            411   3.4e-85  284.5   1.0   2   2   3.4e-87   4.4e-85  284.1   0.0    13   361   217   578   210   611 0.90 length=666	scaffold=chromosome5	strand=+
1708_g               -            527 47873                -            411   9.2e-85  283.1   0.0   1   1   9.4e-87   1.2e-84  282.7   0.0    13   357   113   466   104   486 0.93 length=528	scaffold=chromosome14	strand=+
1914_g               -            398 47873                -            411   1.7e-83  278.9   0.2   1   1   1.7e-85   2.2e-83  278.6   0.2     7   377    17   390    10   395 0.95 length=399	scaffold=chromosome14	strand=+
773_g                -            941 47873                -            411   2.1e-80  268.7   3.5   1   2   1.3e-36   1.7e-34  117.6   0.0    10   183   357   552   351   560 0.86 length=942	scaffold=chromosome8	strand=+
773_g                -            941 47873                -            411   2.1e-80  268.7   3.5   2   2   1.9e-45   2.4e-43  146.7   2.4   187   401   580   794   568   804 0.89 length=942	scaffold=chromosome8	strand=+
4520_g               -           1490 47873                -            411   1.4e-79  266.1   1.0   1   1   1.1e-81   1.4e-79  266.1   1.0    14   384   724  1110   716  1133 0.89 length=1491	scaffold=chromosome5	strand=+
5165_g               -            390 47873                -            411   5.6e-79  264.0   0.4   1   1   5.5e-81   7.2e-79  263.7   0.4     5   377     9   382     4   388 0.96 length=391	scaffold=chromosome4	strand=+
4836_g               -            474 47873                -            411     4e-76  254.7   3.3   1   2   3.4e-17   4.4e-15   53.6   0.0    13    79    55   121    46   126 0.92 length=475	scaffold=chromosome2	strand=-
4836_g               -            474 47873                -            411     4e-76  254.7   3.3   2   2   9.1e-62   1.2e-59  200.4   1.9    83   377   145   445   136   472 0.88 length=475	scaffold=chromosome2	strand=-
4480_g               -            755 47873                -            411   6.7e-71  237.4   0.6   1   2   4.9e-13   6.4e-11   39.9   0.0     7    79   135   209   129   213 0.85 length=756	scaffold=chromosome5	strand=+
4480_g               -            755 47873                -            411   6.7e-71  237.4   0.6   2   2   3.3e-60   4.3e-58  195.3   0.6    79   393   255   574   250   586 0.87 length=756	scaffold=chromosome5	strand=+
3299_g               -            917 47873                -            411   4.9e-70  234.6   1.7   1   1   3.8e-72   4.9e-70  234.6   1.7    21   354   534   885   524   903 0.89 length=918	scaffold=chromosome10	strand=+
926_g                -           1289 47873                -            411   5.1e-68  228.0   7.1   1   2   3.9e-70   5.1e-68  228.0   7.1     3   379   149   534   145   563 0.89 length=1290	scaffold=chromosome8	strand=-
926_g                -           1289 47873                -            411   5.1e-68  228.0   7.1   2   2      0.13        17    2.3   0.6   359   406  1084  1131  1079  1136 0.87 length=1290	scaffold=chromosome8	strand=-
1462_g               -            996 47873                -            411   2.3e-66  222.5   7.9   1   1   1.8e-68   2.3e-66  222.5   7.9    11   359   121   483   114   533 0.87 length=997	scaffold=chromosome14	strand=-
74_g                 -            630 47873                -            411   3.2e-59  199.0   8.2   1   1   3.6e-61   4.7e-59  198.4   8.2    29   385   166   541   132   556 0.80 length=631	scaffold=chromosome13	strand=+
1701_g               -            796 47873                -            411   3.3e-56  189.1  10.1   1   3   1.8e-38   2.4e-36  123.7   1.7    22   205   245   451   238   479 0.79 length=797	scaffold=chromosome14	strand=+
1701_g               -            796 47873                -            411   3.3e-56  189.1  10.1   2   3     0.016       2.1    5.3   0.1   239   277   533   571   528   586 0.85 length=797	scaffold=chromosome14	strand=+
1701_g               -            796 47873                -            411   3.3e-56  189.1  10.1   3   3   2.8e-20   3.7e-18   63.7   0.2   269   390   586   708   580   731 0.79 length=797	scaffold=chromosome14	strand=+
1829_g               -            741 47873                -            411   3.1e-53  179.3   8.9   1   1   1.7e-53   2.2e-51  173.2   8.9    10   374   322   722   311   739 0.84 length=742	scaffold=chromosome14	strand=+
1180_g               -            918 47873                -            411   8.9e-51  171.2  10.0   1   3   1.8e-35   2.4e-33  113.8   1.2    20   195   199   382   185   455 0.77 length=919	scaffold=chromosome7	strand=+
1180_g               -            918 47873                -            411   8.9e-51  171.2  10.0   2   3    0.0055      0.71    6.8   0.4   218   276   533   593   529   614 0.84 length=919	scaffold=chromosome7	strand=+
1180_g               -            918 47873                -            411   8.9e-51  171.2  10.0   3   3   1.5e-17     2e-15   54.7   0.0   278   357   689   769   674   799 0.86 length=919	scaffold=chromosome7	strand=+
3909_g               -            735 47873                -            411   5.7e-50  168.5   8.0   1   2   5.2e-07   6.7e-05   20.1   0.0    32    78   273   319   258   326 0.83 length=736	scaffold=chromosome3	strand=+
3909_g               -            735 47873                -            411   5.7e-50  168.5   8.0   2   2   2.4e-45   3.1e-43  146.3   7.5    84   383   352   653   343   681 0.86 length=736	scaffold=chromosome3	strand=+
2417_g               -            878 47873                -            411   2.1e-45  153.4  10.8   1   3   3.1e-32   4.1e-30  103.1   1.6     9   224   107   333    96   341 0.80 length=879	scaffold=chromosome12	strand=-
2417_g               -            878 47873                -            411   2.1e-45  153.4  10.8   2   3   4.9e-05    0.0064   13.5   0.6   220   309   369   459   356   473 0.85 length=879	scaffold=chromosome12	strand=-
2417_g               -            878 47873                -            411   2.1e-45  153.4  10.8   3   3   1.9e-13   2.5e-11   41.3   0.0   313   365   593   646   588   693 0.72 length=879	scaffold=chromosome12	strand=-
4646_g               -            841 47873                -            411   2.8e-43  146.5   7.0   1   3   5.2e-15   6.7e-13   46.4   0.0    14    75     3    64     1    74 0.89 length=842	scaffold=chromosome5	strand=+
4646_g               -            841 47873                -            411   2.8e-43  146.5   7.0   2   3   9.9e-14   1.3e-11   42.2   0.0    76   217   338   485   333   504 0.78 length=842	scaffold=chromosome5	strand=+
4646_g               -            841 47873                -            411   2.8e-43  146.5   7.0   3   3   7.4e-18   9.6e-16   55.8   3.5   213   360   550   712   503   722 0.75 length=842	scaffold=chromosome5	strand=+
3207_g               -            680 47873                -            411   4.9e-41  139.1  12.2   1   2   1.1e-13   1.5e-11   42.0   0.0     3    76   171   245   167   251 0.80 length=681	scaffold=chromosome10	strand=-
3207_g               -            680 47873                -            411   4.9e-41  139.1  12.2   2   2   4.7e-30   6.2e-28   95.9  10.5    80   409   299   641   291   645 0.80 length=681	scaffold=chromosome10	strand=-
1464_g               -           1022 47873                -            411   4.1e-36  122.9  24.9   1   5   2.8e-14   3.6e-12   44.0   0.0     7    81     3    77     1    80 0.95 length=1023	scaffold=chromosome14	strand=+
1464_g               -           1022 47873                -            411   4.1e-36  122.9  24.9   2   5   4.4e-05    0.0057   13.7   0.0    78   105   270   297   264   321 0.79 length=1023	scaffold=chromosome14	strand=+
1464_g               -           1022 47873                -            411   4.1e-36  122.9  24.9   3   5   2.3e-11     3e-09   34.4   9.0   120   275   340   512   324   621 0.72 length=1023	scaffold=chromosome14	strand=+
1464_g               -           1022 47873                -            411   4.1e-36  122.9  24.9   4   5   2.6e-11   3.4e-09   34.2   5.6   300   409   646   763   559   765 0.69 length=1023	scaffold=chromosome14	strand=+
1464_g               -           1022 47873                -            411   4.1e-36  122.9  24.9   5   5       2.7   3.5e+02   -2.1   0.1   158   182   973   994   968  1011 0.71 length=1023	scaffold=chromosome14	strand=+
4478_g               -            490 47873                -            411   3.2e-35  119.9   8.6   1   1   3.4e-37   4.4e-35  119.5   8.6    10   363    85   454    73   489 0.77 length=491	scaffold=chromosome5	strand=+
745_g                -           1321 47873                -            411     2e-34  117.3  10.1   1   5   8.6e-06    0.0011   16.0   0.0     5    79    41   121    38   125 0.85 length=1322	scaffold=chromosome8	strand=-
745_g                -           1321 47873                -            411     2e-34  117.3  10.1   2   5   1.9e-05    0.0025   14.9   0.0    82   108   168   194   163   197 0.90 length=1322	scaffold=chromosome8	strand=-
745_g                -           1321 47873                -            411     2e-34  117.3  10.1   3   5    0.0036      0.46    7.4   0.0   110   147   230   268   223   281 0.80 length=1322	scaffold=chromosome8	strand=-
745_g                -           1321 47873                -            411     2e-34  117.3  10.1   4   5    0.0057      0.75    6.7   0.0   157   198   301   343   296   356 0.82 length=1322	scaffold=chromosome8	strand=-
745_g                -           1321 47873                -            411     2e-34  117.3  10.1   5   5   3.1e-22   4.1e-20   70.2   4.1   206   384   674   852   666   878 0.81 length=1322	scaffold=chromosome8	strand=-
2045_g               -            863 47873                -            411   4.4e-28   96.4   0.2   1   2   9.8e-06    0.0013   15.8   0.0    15   112   159   260   148   270 0.68 length=864	scaffold=chromosome12	strand=-
2045_g               -            863 47873                -            411   4.4e-28   96.4   0.2   2   2   1.6e-24   2.1e-22   77.7   0.1   253   385   546   678   537   708 0.83 length=864	scaffold=chromosome12	strand=-
2600_g               -           1313 47873                -            411   4.7e-25   86.4   0.5   1   2   2.3e-07   3.1e-05   21.2   0.0     9    78   162   231   154   246 0.87 length=1314	scaffold=chromosome11	strand=+
2600_g               -           1313 47873                -            411   4.7e-25   86.4   0.5   2   2   1.7e-19   2.2e-17   61.2   1.3   243   345   916  1019   888  1073 0.83 length=1314	scaffold=chromosome11	strand=+
5005_g               -            567 47873                -            411   1.3e-20   71.9  12.7   1   1     3e-22   3.9e-20   70.3  12.7    50   406   156   545   151   551 0.73 length=568	scaffold=chromosome4	strand=-
1048_g               -           1132 47873                -            411   2.3e-18   64.4   2.8   1   5     0.003      0.39    7.7   0.0    10    51    68   109    58   111 0.89 length=1133	scaffold=chromosome7	strand=-
1048_g               -           1132 47873                -            411   2.3e-18   64.4   2.8   2   5     0.082        11    2.9   0.0    58    82   240   264   232   270 0.83 length=1133	scaffold=chromosome7	strand=-
1048_g               -           1132 47873                -            411   2.3e-18   64.4   2.8   3   5      0.31        41    1.0   0.0    74   109   346   383   343   414 0.75 length=1133	scaffold=chromosome7	strand=-
1048_g               -           1132 47873                -            411   2.3e-18   64.4   2.8   4   5     0.022       2.8    4.8   0.0   133   193   456   519   450   522 0.83 length=1133	scaffold=chromosome7	strand=-
1048_g               -           1132 47873                -            411   2.3e-18   64.4   2.8   5   5   6.3e-13   8.3e-11   39.5   3.2   254   400   845   998   835  1008 0.77 length=1133	scaffold=chromosome7	strand=-
5065_g               -           1352 47873                -            411   5.7e-15   53.2   0.4   1   2     2e-12   2.7e-10   37.9   0.1    27   200   253   444   234   474 0.78 length=1353	scaffold=chromosome4	strand=-
5065_g               -           1352 47873                -            411   5.7e-15   53.2   0.4   2   2   0.00014     0.018   12.0   0.0   297   355   951  1010   895  1026 0.78 length=1353	scaffold=chromosome4	strand=-
1553_g               -           2830 47873                -            411   9.4e-15   52.5   3.2   1   1   2.8e-16   3.6e-14   50.6   3.2     6   361  1413  1784  1408  1819 0.76 length=2831	scaffold=chromosome14	strand=+
4115_g               -            728 47873                -            411   3.6e-12   44.0   1.1   1   2       1.3   1.6e+02   -1.0   0.0   175   203   200   227   174   234 0.77 length=729	scaffold=chromosome9	strand=+
4115_g               -            728 47873                -            411   3.6e-12   44.0   1.1   2   2   1.1e-13   1.5e-11   42.0   0.6   252   380   314   442   285   469 0.84 length=729	scaffold=chromosome9	strand=+
131_g                -            830 47873                -            411   2.1e-08   31.6   5.0   1   5       3.5   4.5e+02   -2.4   0.0    39    66   139   166   134   180 0.76 length=831	scaffold=chromosome13	strand=-
131_g                -            830 47873                -            411   2.1e-08   31.6   5.0   2   5       3.3   4.3e+02   -2.4   0.0   228   263   216   247   205   253 0.65 length=831	scaffold=chromosome13	strand=-
131_g                -            830 47873                -            411   2.1e-08   31.6   5.0   3   5   0.00074     0.096    9.7   0.0    84   115   256   287   247   302 0.80 length=831	scaffold=chromosome13	strand=-
131_g                -            830 47873                -            411   2.1e-08   31.6   5.0   4   5     0.063       8.2    3.3   0.1   148   184   427   462   409   491 0.78 length=831	scaffold=chromosome13	strand=-
131_g                -            830 47873                -            411   2.1e-08   31.6   5.0   5   5   3.2e-05    0.0042   14.2   0.9   301   363   714   777   607   821 0.70 length=831	scaffold=chromosome13	strand=-
862_g                -           2082 47873                -            411   4.5e-06   23.9   1.8   1   2       8.1   1.1e+03   -3.6   0.0   144   181   775   806   763   817 0.67 length=2083	scaffold=chromosome8	strand=-
862_g                -           2082 47873                -            411   4.5e-06   23.9   1.8   2   2   5.6e-08   7.3e-06   23.2   0.6   251   392  1783  1930  1731  1947 0.72 length=2083	scaffold=chromosome8	strand=-
3229_g               -           3328 47873                -            411   6.1e-06   23.5   0.2   1   1   9.8e-08   1.3e-05   22.4   0.2   246   368  1621  1745  1600  1774 0.74 length=3329	scaffold=chromosome10	strand=-
713_g                -           1239 47873                -            411     0.018   12.1   3.8   1   2   0.00068     0.089    9.8   0.0   236   320   608   697   579   726 0.75 length=1240	scaffold=chromosome8	strand=+
713_g                -           1239 47873                -            411     0.018   12.1   3.8   2   2      0.16        20    2.0   1.4   354   408  1073  1127  1065  1131 0.87 length=1240	scaffold=chromosome8	strand=+
#
# Program:         hmmsearch
# Version:         3.4 (Aug 2023)
# Pipeline mode:   SEARCH
# Query file:      /home/inf-20-2025/Malaria/busco_downloads/lineages/apicomplexa_odb12/hmms/47873at5794.hmm
# Target file:     /home/inf-20-2025/Malaria/Results/6_nobird_annotation/P_faciparum.faa
# Option settings: hmmsearch --domtblout Results/8_busco/P_faciparum/run_apicomplexa_odb12/hmmer_output/initial_run_results/47873at5794.out --cpu 1 /home/inf-20-2025/Malaria/busco_downloads/lineages/apicomplexa_odb12/hmms/47873at5794.hmm /home/inf-20-2025/Malaria/Results/6_nobird_annotation/P_faciparum.faa 
# Current dir:     /home/inf-20-2025/Malaria
# Date:            Wed Mar  4 18:31:15 2026
# [ok]
