#                                                                            --- full sequence --- -------------- this domain -------------   hmm coord   ali coord   env coord
# target name        accession   tlen query name           accession   qlen   E-value  score  bias   #  of  c-Evalue  i-Evalue  score  bias  from    to  from    to  from    to  acc description of target
#------------------- ---------- ----- -------------------- ---------- ----- --------- ------ ----- --- --- --------- --------- ------ ----- ----- ----- ----- ----- ----- ----- ---- ---------------------
709_g                -            677 48712                -            452  1.7e-100  335.1 110.3   1   5   5.2e-25   2.7e-22   77.3   5.3     1    74     2    79     2    94 0.90 length=678	scaffold=chromosome8	strand=+
709_g                -            677 48712                -            452  1.7e-100  335.1 110.3   2   5   1.3e-43   6.5e-41  138.7  12.6    63   216   114   263   105   286 0.82 length=678	scaffold=chromosome8	strand=+
709_g                -            677 48712                -            452  1.7e-100  335.1 110.3   3   5      0.29   1.5e+02   -1.0  18.3   196   324   286   416   272   422 0.55 length=678	scaffold=chromosome8	strand=+
709_g                -            677 48712                -            452  1.7e-100  335.1 110.3   4   5   5.7e-07    0.0003   17.9  21.5   189   310   360   482   349   516 0.57 length=678	scaffold=chromosome8	strand=+
709_g                -            677 48712                -            452  1.7e-100  335.1 110.3   5   5   6.8e-37   3.6e-34  116.5  41.8   282   448   506   674   500   676 0.89 length=678	scaffold=chromosome8	strand=+
3913_g               -            171 48712                -            452   1.1e-55  187.3   0.3   1   1   2.5e-58   1.3e-55  187.2   0.3     2   168     3   171     2   171 0.94 length=172	scaffold=chromosome3	strand=-
723_g                -            217 48712                -            452   5.9e-50  168.5   2.9   1   2       1.1   5.9e+02   -2.9   1.0   293   300    11    18     2    37 0.33 length=218	scaffold=chromosome8	strand=+
723_g                -            217 48712                -            452   5.9e-50  168.5   2.9   2   2   1.1e-52   5.9e-50  168.5   2.9     2   168    46   217    45   217 0.95 length=218	scaffold=chromosome8	strand=+
2682_g               -            195 48712                -            452   2.3e-46  156.7   0.1   1   1   5.3e-49   2.8e-46  156.4   0.1     5   167    30   192    26   194 0.93 length=196	scaffold=chromosome11	strand=-
2168_g               -            280 48712                -            452     4e-40  136.1   0.9   1   1   1.1e-42   5.9e-40  135.5   0.9     4   217    62   276    59   280 0.81 length=281	scaffold=chromosome12	strand=+
2049_g               -            226 48712                -            452   4.3e-39  132.7   0.2   1   1   9.7e-42   5.1e-39  132.5   0.2     3   174     5   180     4   220 0.90 length=227	scaffold=chromosome12	strand=-
4711_g               -            204 48712                -            452   5.4e-32  109.3   0.1   1   1   1.8e-34   9.4e-32  108.5   0.0    17   164    55   196    47   202 0.92 length=205	scaffold=chromosome5	strand=-
2689_g               -            167 48712                -            452   7.3e-32  108.9   0.2   1   1   1.4e-34   7.5e-32  108.8   0.2    17   170     9   157     1   167 0.90 length=168	scaffold=chromosome11	strand=+
4535_g               -            747 48712                -            452   4.7e-23   79.8   0.5   1   4        10   5.2e+03   -8.9  17.6   285   393    61   170    35   176 0.56 length=748	scaffold=chromosome5	strand=+
4535_g               -            747 48712                -            452   4.7e-23   79.8   0.5   2   4       1.9   9.9e+02   -3.6   0.6   378   402   328   352   323   367 0.46 length=748	scaffold=chromosome5	strand=+
4535_g               -            747 48712                -            452   4.7e-23   79.8   0.5   3   4      0.36   1.9e+02   -1.3   0.1   374   406   558   590   539   600 0.68 length=748	scaffold=chromosome5	strand=+
4535_g               -            747 48712                -            452   4.7e-23   79.8   0.5   4   4     9e-26   4.7e-23   79.8   0.5    16   164   600   742   592   746 0.90 length=748	scaffold=chromosome5	strand=+
1502_g               -            440 48712                -            452   1.5e-15   55.1  12.6   1   2   2.9e-18   1.5e-15   55.1  12.6    17   213    21   207    15   241 0.77 length=441	scaffold=chromosome14	strand=+
1502_g               -            440 48712                -            452   1.5e-15   55.1  12.6   2   2        10   5.2e+03  -11.1  29.7   198   357   285   438   265   440 0.51 length=441	scaffold=chromosome14	strand=+
#
# Program:         hmmsearch
# Version:         3.4 (Aug 2023)
# Pipeline mode:   SEARCH
# Query file:      /home/inf-20-2025/Malaria/busco_downloads/lineages/apicomplexa_odb12/hmms/48712at5794.hmm
# Target file:     /home/inf-20-2025/Malaria/Results/6_nobird_annotation/P_faciparum.faa
# Option settings: hmmsearch --domtblout Results/8_busco/P_faciparum/run_apicomplexa_odb12/hmmer_output/initial_run_results/48712at5794.out --cpu 1 /home/inf-20-2025/Malaria/busco_downloads/lineages/apicomplexa_odb12/hmms/48712at5794.hmm /home/inf-20-2025/Malaria/Results/6_nobird_annotation/P_faciparum.faa 
# Current dir:     /home/inf-20-2025/Malaria
# Date:            Wed Mar  4 18:31:20 2026
# [ok]
