#                                                                            --- full sequence --- -------------- this domain -------------   hmm coord   ali coord   env coord
# target name        accession   tlen query name           accession   qlen   E-value  score  bias   #  of  c-Evalue  i-Evalue  score  bias  from    to  from    to  from    to  acc description of target
#------------------- ---------- ----- -------------------- ---------- ----- --------- ------ ----- --- --- --------- --------- ------ ----- ----- ----- ----- ----- ----- ----- ---- ---------------------
2314_g               -            932 49646                -            274   1.8e-85  285.3  27.8   1   5      0.44   7.6e+02   -2.1   0.7   192   216   103   127    73   157 0.48 length=933	scaffold=chromosome12	strand=+
2314_g               -            932 49646                -            274   1.8e-85  285.3  27.8   2   5   2.1e-73   3.7e-70  235.0   4.6     1   141   318   462   318   470 0.94 length=933	scaffold=chromosome12	strand=+
2314_g               -            932 49646                -            274   1.8e-85  285.3  27.8   3   5      0.03        53    1.7   0.0   141   171   575   607   561   642 0.68 length=933	scaffold=chromosome12	strand=+
2314_g               -            932 49646                -            274   1.8e-85  285.3  27.8   4   5    0.0047       8.2    4.3  18.6   152   253   658   765   630   785 0.70 length=933	scaffold=chromosome12	strand=+
2314_g               -            932 49646                -            274   1.8e-85  285.3  27.8   5   5   1.4e-21   2.4e-18   65.1  15.2   158   273   816   930   773   931 0.61 length=933	scaffold=chromosome12	strand=+
5145_g               -            581 49646                -            274   1.9e-13   49.1   6.8   1   2   1.1e-16   1.9e-13   49.1   6.8     6   228   156   370   152   392 0.65 length=582	scaffold=chromosome4	strand=+
5145_g               -            581 49646                -            274   1.9e-13   49.1   6.8   2   2         3   5.2e+03  -10.1  24.4   132   273   412   559   399   578 0.65 length=582	scaffold=chromosome4	strand=+
500_g                -            137 49646                -            274    0.0019   16.3   0.6   1   2      0.21   3.6e+02   -1.1   0.1    46    80    10    44     6    54 0.78 length=138	scaffold=chromosome13	strand=+
500_g                -            137 49646                -            274    0.0019   16.3   0.6   2   2   1.1e-06    0.0019   16.3   0.6   113   185    53   126    38   136 0.73 length=138	scaffold=chromosome13	strand=+
#
# Program:         hmmsearch
# Version:         3.4 (Aug 2023)
# Pipeline mode:   SEARCH
# Query file:      /home/inf-20-2025/Malaria/busco_downloads/lineages/apicomplexa_odb12/hmms/49646at5794.hmm
# Target file:     /home/inf-20-2025/Malaria/Results/6_nobird_annotation/P_faciparum.faa
# Option settings: hmmsearch --domtblout Results/8_busco/P_faciparum/run_apicomplexa_odb12/hmmer_output/initial_run_results/49646at5794.out --cpu 1 /home/inf-20-2025/Malaria/busco_downloads/lineages/apicomplexa_odb12/hmms/49646at5794.hmm /home/inf-20-2025/Malaria/Results/6_nobird_annotation/P_faciparum.faa 
# Current dir:     /home/inf-20-2025/Malaria
# Date:            Wed Mar  4 18:31:21 2026
# [ok]
