#                                                                            --- full sequence --- -------------- this domain -------------   hmm coord   ali coord   env coord
# target name        accession   tlen query name           accession   qlen   E-value  score  bias   #  of  c-Evalue  i-Evalue  score  bias  from    to  from    to  from    to  acc description of target
#------------------- ---------- ----- -------------------- ---------- ----- --------- ------ ----- --- --- --------- --------- ------ ----- ----- ----- ----- ----- ----- ----- ---- ---------------------
924_g                -            323 68689                -            310  2.2e-169  560.6  13.5   1   1  2.7e-171  2.6e-169  560.4  13.5     2   310     7   320     6   320 0.97 length=324	scaffold=chromosome8	strand=-
2962_g               -            645 68689                -            310   1.4e-46  157.3  14.6   1   3   2.5e-17   2.4e-15   54.7   0.1    87   201   105   219    80   223 0.84 length=646	scaffold=chromosome11	strand=-
2962_g               -            645 68689                -            310   1.4e-46  157.3  14.6   2   3   4.4e-10   4.3e-08   30.8   1.1   119   200   323   406   297   414 0.85 length=646	scaffold=chromosome11	strand=-
2962_g               -            645 68689                -            310   1.4e-46  157.3  14.6   3   3   7.3e-24     7e-22   76.1   2.4    26   218   446   643   423   645 0.77 length=646	scaffold=chromosome11	strand=-
3725_g               -            600 68689                -            310   2.5e-30  103.9  12.4   1   3       5.8   5.6e+02   -2.4   0.1    34    74   134   174   117   192 0.74 length=601	scaffold=chromosome3	strand=-
3725_g               -            600 68689                -            310   2.5e-30  103.9  12.4   2   3   3.9e-19   3.7e-17   60.6   0.3     9   134   280   398   273   398 0.91 length=601	scaffold=chromosome3	strand=-
3725_g               -            600 68689                -            310   2.5e-30  103.9  12.4   3   3   1.7e-17   1.7e-15   55.2   6.6    79   259   385   578   381   580 0.78 length=601	scaffold=chromosome3	strand=-
888_g                -            324 68689                -            310   3.6e-29  100.1   8.4   1   2   1.6e-25   1.6e-23   81.6   6.9    11   263    33   285    30   285 0.87 length=325	scaffold=chromosome8	strand=+
888_g                -            324 68689                -            310   3.6e-29  100.1   8.4   2   2   5.9e-06   0.00057   17.3   0.0    77   132   266   321   254   323 0.86 length=325	scaffold=chromosome8	strand=+
3456_g               -           1521 68689                -            310   2.3e-28   97.5   8.5   1   4   2.6e-09   2.5e-07   28.3   0.0    63   156     8   101     3   104 0.92 length=1522	scaffold=chromosome6	strand=+
3456_g               -           1521 68689                -            310   2.3e-28   97.5   8.5   2   4   3.8e-17   3.6e-15   54.1   2.0    80   189    67   174    67   184 0.93 length=1522	scaffold=chromosome6	strand=+
3456_g               -           1521 68689                -            310   2.3e-28   97.5   8.5   3   4   2.3e-10   2.2e-08   31.8   0.5    56   153   262   364   233   392 0.64 length=1522	scaffold=chromosome6	strand=+
3456_g               -           1521 68689                -            310   2.3e-28   97.5   8.5   4   4       7.9   7.6e+02   -2.8   0.0   251   273   656   678   640   685 0.78 length=1522	scaffold=chromosome6	strand=+
4540_g               -            624 68689                -            310     2e-27   94.3  10.1   1   2     0.031         3    5.1   0.1   179   219   357   397   347   404 0.86 length=625	scaffold=chromosome5	strand=+
4540_g               -            624 68689                -            310     2e-27   94.3  10.1   2   2   4.1e-28   3.9e-26   90.1   6.9    61   275   408   621   402   624 0.92 length=625	scaffold=chromosome5	strand=+
1728_g               -           1275 68689                -            310   1.2e-26   91.8  20.2   1   6   1.3e-14   1.2e-12   45.8   0.4    24   182    25   193    11   199 0.81 length=1276	scaffold=chromosome14	strand=-
1728_g               -           1275 68689                -            310   1.2e-26   91.8  20.2   2   6   4.6e-09   4.4e-07   27.5   2.2    74   176   119   231   118   255 0.77 length=1276	scaffold=chromosome14	strand=-
1728_g               -           1275 68689                -            310   1.2e-26   91.8  20.2   3   6       1.4   1.3e+02   -0.3   0.1   218   309   287   379   284   380 0.84 length=1276	scaffold=chromosome14	strand=-
1728_g               -           1275 68689                -            310   1.2e-26   91.8  20.2   4   6    0.0025      0.24    8.7   0.3   138   225   610   696   593   716 0.62 length=1276	scaffold=chromosome14	strand=-
1728_g               -           1275 68689                -            310   1.2e-26   91.8  20.2   5   6   3.6e-09   3.5e-07   27.8   0.0   148   233   850   934   841   938 0.85 length=1276	scaffold=chromosome14	strand=-
1728_g               -           1275 68689                -            310   1.2e-26   91.8  20.2   6   6     7e-06   0.00067   17.1   0.5   107   182   935  1008   925  1021 0.80 length=1276	scaffold=chromosome14	strand=-
4000_g               -           1010 68689                -            310   2.5e-26   90.7   7.4   1   3   1.8e-06   0.00018   19.0   0.1    57   154     8   105     5   111 0.94 length=1011	scaffold=chromosome9	strand=-
4000_g               -           1010 68689                -            310   2.5e-26   90.7   7.4   2   3   2.3e-10   2.3e-08   31.8   0.1    59   139    94   176    92   185 0.86 length=1011	scaffold=chromosome9	strand=-
4000_g               -           1010 68689                -            310   2.5e-26   90.7   7.4   3   3   6.1e-15   5.9e-13   46.8   1.7    56   136   182   264   172   290 0.81 length=1011	scaffold=chromosome9	strand=-
3252_g               -            603 68689                -            310   3.4e-26   90.3   1.2   1   3   8.6e-06   0.00083   16.8   0.0    62   130   336   402   317   413 0.84 length=604	scaffold=chromosome10	strand=-
3252_g               -            603 68689                -            310   3.4e-26   90.3   1.2   2   3   2.4e-12   2.3e-10   38.3   0.4    33   138   396   498   386   524 0.79 length=604	scaffold=chromosome10	strand=-
3252_g               -            603 68689                -            310   3.4e-26   90.3   1.2   3   3   7.2e-11     7e-09   33.4   0.0    69   139   512   584   504   590 0.80 length=604	scaffold=chromosome10	strand=-
3788_g               -            532 68689                -            310   4.8e-26   89.8   9.2   1   3   1.9e-06   0.00018   18.9   0.3    80   135   229   284   220   299 0.78 length=533	scaffold=chromosome3	strand=+
3788_g               -            532 68689                -            310   4.8e-26   89.8   9.2   2   3   1.4e-18   1.3e-16   58.8   0.5    90   266   319   494   309   499 0.90 length=533	scaffold=chromosome3	strand=+
3788_g               -            532 68689                -            310   4.8e-26   89.8   9.2   3   3   7.3e-06    0.0007   17.0   0.2    96   134   494   532   492   532 0.77 length=533	scaffold=chromosome3	strand=+
2211_g               -            618 68689                -            310   2.3e-25   87.6  11.4   1   2   5.1e-25   4.9e-23   79.9   2.3    60   309   325   577   319   578 0.87 length=619	scaffold=chromosome12	strand=+
2211_g               -            618 68689                -            310   2.3e-25   87.6  11.4   2   2   3.7e-07   3.5e-05   21.3   1.9    67   177   503   617   500   618 0.54 length=619	scaffold=chromosome12	strand=+
411_g                -            648 68689                -            310   3.4e-23   80.4   7.8   1   3      0.31        30    1.8   0.1   112   157   245   293   232   332 0.76 length=649	scaffold=chromosome13	strand=+
411_g                -            648 68689                -            310   3.4e-23   80.4   7.8   2   3   2.9e-17   2.8e-15   54.5   2.6   104   272   388   562   310   568 0.73 length=649	scaffold=chromosome13	strand=+
411_g                -            648 68689                -            310   3.4e-23   80.4   7.8   3   3   1.1e-08     1e-06   26.3   0.2    62   135   561   635   554   646 0.65 length=649	scaffold=chromosome13	strand=+
4616_g               -           1242 68689                -            310   3.4e-22   77.2   9.6   1   2   7.8e-20   7.5e-18   62.9   6.0    58   275   944  1167   929  1174 0.84 length=1243	scaffold=chromosome5	strand=+
4616_g               -           1242 68689                -            310   3.4e-22   77.2   9.6   2   2   1.9e-05    0.0018   15.6   0.1    74   134  1178  1241  1162  1242 0.79 length=1243	scaffold=chromosome5	strand=+
2114_g               -            792 68689                -            310     5e-22   76.6  19.4   1   4   1.2e-05    0.0011   16.3   0.0   182   235     4    57     2    65 0.87 length=793	scaffold=chromosome12	strand=+
2114_g               -            792 68689                -            310     5e-22   76.6  19.4   2   4     3e-08   2.9e-06   24.8   0.3    61   134    85   161    63   178 0.84 length=793	scaffold=chromosome12	strand=+
2114_g               -            792 68689                -            310     5e-22   76.6  19.4   3   4   2.5e-11   2.4e-09   34.9   2.3    58   143   308   396   267   400 0.79 length=793	scaffold=chromosome12	strand=+
2114_g               -            792 68689                -            310     5e-22   76.6  19.4   4   4    0.0024      0.23    8.8   2.9   105   179   710   789   674   791 0.80 length=793	scaffold=chromosome12	strand=+
2274_g               -            636 68689                -            310   1.9e-19   68.1   8.3   1   2      0.22        21    2.3   0.0   208   231   326   349   318   355 0.76 length=637	scaffold=chromosome12	strand=+
2274_g               -            636 68689                -            310   1.9e-19   68.1   8.3   2   2   2.3e-20   2.2e-18   64.6   5.9    14   250   365   608   360   628 0.77 length=637	scaffold=chromosome12	strand=+
5045_g               -            482 68689                -            310   2.1e-18   64.7  10.4   1   2     5e-11   4.8e-09   34.0   6.1    58   308    60   306    27   308 0.83 length=483	scaffold=chromosome4	strand=+
5045_g               -            482 68689                -            310   2.1e-18   64.7  10.4   2   2   1.9e-10   1.9e-08   32.0   0.1    61   141   317   398   307   410 0.87 length=483	scaffold=chromosome4	strand=+
111_g                -            527 68689                -            310   2.4e-18   64.5   5.1   1   3   1.4e-13   1.3e-11   42.4   0.4    13   133   217   338   209   339 0.91 length=528	scaffold=chromosome13	strand=-
111_g                -            527 68689                -            310   2.4e-18   64.5   5.1   2   3   1.4e-10   1.3e-08   32.5   0.5    53   137   300   385   299   450 0.88 length=528	scaffold=chromosome13	strand=-
111_g                -            527 68689                -            310   2.4e-18   64.5   5.1   3   3      0.14        13    3.0   0.1    72   291   465   521   456   526 0.49 length=528	scaffold=chromosome13	strand=-
702_g                -           1121 68689                -            310   9.2e-18   62.6  14.1   1   4   2.8e-07   2.7e-05   21.6   0.1    35   138   135   239   102   247 0.80 length=1122	scaffold=chromosome8	strand=-
702_g                -           1121 68689                -            310   9.2e-18   62.6  14.1   2   4    0.0027      0.26    8.6   0.1    66   159   415   467   374   483 0.58 length=1122	scaffold=chromosome8	strand=-
702_g                -           1121 68689                -            310   9.2e-18   62.6  14.1   3   4   3.5e-09   3.4e-07   27.9   2.3    76   262   492   670   485   672 0.78 length=1122	scaffold=chromosome8	strand=-
702_g                -           1121 68689                -            310   9.2e-18   62.6  14.1   4   4   2.9e-05    0.0028   15.0   1.8   171   276   615   730   606   735 0.59 length=1122	scaffold=chromosome8	strand=-
712_g                -            365 68689                -            310   2.9e-17   61.0   8.0   1   3   1.1e-15   1.1e-13   49.2   1.4    59   176    12   126     4   141 0.85 length=366	scaffold=chromosome8	strand=+
712_g                -            365 68689                -            310   2.9e-17   61.0   8.0   2   3    0.0011      0.11    9.8   0.2    79   135   161   215   145   232 0.82 length=366	scaffold=chromosome8	strand=+
712_g                -            365 68689                -            310   2.9e-17   61.0   8.0   3   3     0.084       8.1    3.7   0.0    68   101   234   267   220   274 0.84 length=366	scaffold=chromosome8	strand=+
1138_g               -            327 68689                -            310   1.6e-16   58.6   0.4   1   4   1.3e-07   1.3e-05   22.7   0.0    57   145     3    90     1   148 0.65 length=328	scaffold=chromosome7	strand=-
1138_g               -            327 68689                -            310   1.6e-16   58.6   0.4   2   4     0.015       1.5    6.1   0.1    80   135   117   171   101   173 0.87 length=328	scaffold=chromosome7	strand=-
1138_g               -            327 68689                -            310   1.6e-16   58.6   0.4   3   4   3.5e-07   3.3e-05   21.3   0.1    76   135   154   213   139   254 0.84 length=328	scaffold=chromosome7	strand=-
1138_g               -            327 68689                -            310   1.6e-16   58.6   0.4   4   4   0.00061     0.059   10.7   0.0   186   222   283   319   261   325 0.90 length=328	scaffold=chromosome7	strand=-
4398_g               -            446 68689                -            310   1.7e-16   58.4   0.0   1   2   3.4e-16   3.2e-14   51.0   0.0    57   262   148   370   136   378 0.79 length=447	scaffold=chromosome1	strand=-
4398_g               -            446 68689                -            310   1.7e-16   58.4   0.0   2   2     0.035       3.4    4.9   0.0    61    94   392   428   385   437 0.79 length=447	scaffold=chromosome1	strand=-
458_g                -            725 68689                -            310   1.5e-15   55.4  16.2   1   5   5.5e-07   5.3e-05   20.7   0.3   176   309   139   274   108   275 0.73 length=726	scaffold=chromosome13	strand=-
458_g                -            725 68689                -            310   1.5e-15   55.4  16.2   2   5      0.85        82    0.3   0.0   202   237   300   334   289   340 0.70 length=726	scaffold=chromosome13	strand=-
458_g                -            725 68689                -            310   1.5e-15   55.4  16.2   3   5     0.029       2.8    5.2   0.7   217   266   354   405   349   418 0.75 length=726	scaffold=chromosome13	strand=-
458_g                -            725 68689                -            310   1.5e-15   55.4  16.2   4   5   0.00025     0.024   12.0   0.7    99   233   457   593   446   639 0.64 length=726	scaffold=chromosome13	strand=-
458_g                -            725 68689                -            310   1.5e-15   55.4  16.2   5   5   8.2e-08   7.9e-06   23.4   0.0    70   134   642   706   636   716 0.91 length=726	scaffold=chromosome13	strand=-
2738_g               -            582 68689                -            310   5.9e-14   50.1   4.9   1   3   3.8e-08   3.6e-06   24.5   0.1    62   142    48   131    44   140 0.82 length=583	scaffold=chromosome11	strand=+
2738_g               -            582 68689                -            310   5.9e-14   50.1   4.9   2   3   2.1e-08     2e-06   25.4   0.3    55   151   161   257   132   274 0.78 length=583	scaffold=chromosome11	strand=+
2738_g               -            582 68689                -            310   5.9e-14   50.1   4.9   3   3      0.79        76    0.5   0.0    81   139   378   439   340   450 0.74 length=583	scaffold=chromosome11	strand=+
2690_g               -            485 68689                -            310   3.6e-13   47.5   1.2   1   3    0.0011      0.11    9.8   0.0    61    95   107   141    48   159 0.63 length=486	scaffold=chromosome11	strand=-
2690_g               -            485 68689                -            310   3.6e-13   47.5   1.2   2   3   1.5e-06   0.00015   19.2   0.3    59    98   225   264   187   283 0.75 length=486	scaffold=chromosome11	strand=-
2690_g               -            485 68689                -            310   3.6e-13   47.5   1.2   3   3   1.9e-05    0.0018   15.7   0.0    38   131   313   406   300   414 0.89 length=486	scaffold=chromosome11	strand=-
3126_g               -           1220 68689                -            310   4.3e-13   47.3  11.2   1   6       2.3   2.3e+02   -1.1   0.0    72   106   238   272   201   280 0.66 length=1221	scaffold=chromosome10	strand=-
3126_g               -           1220 68689                -            310   4.3e-13   47.3  11.2   2   6      0.78        75    0.5   0.0   165   181   361   377   350   398 0.73 length=1221	scaffold=chromosome10	strand=-
3126_g               -           1220 68689                -            310   4.3e-13   47.3  11.2   3   6      0.89        86    0.3   0.1   228   306   403   487   389   490 0.73 length=1221	scaffold=chromosome10	strand=-
3126_g               -           1220 68689                -            310   4.3e-13   47.3  11.2   4   6   1.8e-05    0.0017   15.7   0.0    56   135   611   693   598   709 0.57 length=1221	scaffold=chromosome10	strand=-
3126_g               -           1220 68689                -            310   4.3e-13   47.3  11.2   5   6   6.2e-10     6e-08   30.4   0.4   183   268   724   810   698   813 0.56 length=1221	scaffold=chromosome10	strand=-
3126_g               -           1220 68689                -            310   4.3e-13   47.3  11.2   6   6   5.9e-07   5.6e-05   20.6   0.3    59   168   769   877   765   886 0.86 length=1221	scaffold=chromosome10	strand=-
2379_g               -            490 68689                -            310   1.1e-12   46.0   4.4   1   2       1.2   1.2e+02   -0.1   0.0    81   262   193   207   176   226 0.57 length=491	scaffold=chromosome12	strand=+
2379_g               -            490 68689                -            310   1.1e-12   46.0   4.4   2   2   1.2e-14   1.2e-12   45.8   1.0    50   175   253   378   236   438 0.68 length=491	scaffold=chromosome12	strand=+
2434_g               -            370 68689                -            310   2.9e-12   44.5   0.2   1   3    0.0001    0.0099   13.2   0.1    62   126    27    91     3    96 0.82 length=371	scaffold=chromosome12	strand=-
2434_g               -            370 68689                -            310   2.9e-12   44.5   0.2   2   3      0.12        12    3.1   0.0    87   134   101   150    91   171 0.68 length=371	scaffold=chromosome12	strand=-
2434_g               -            370 68689                -            310   2.9e-12   44.5   0.2   3   3   2.6e-08   2.5e-06   25.0   0.0    16   209   163   359   155   367 0.76 length=371	scaffold=chromosome12	strand=-
3581_g               -            650 68689                -            310   6.9e-12   43.3   5.1   1   3   9.3e-07     9e-05   19.9   0.4   181   264   319   406   296   463 0.63 length=651	scaffold=chromosome6	strand=+
3581_g               -            650 68689                -            310   6.9e-12   43.3   5.1   2   3   6.8e-07   6.6e-05   20.4   0.5    83   178   451   549   435   549 0.71 length=651	scaffold=chromosome6	strand=+
3581_g               -            650 68689                -            310   6.9e-12   43.3   5.1   3   3   0.00049     0.047   11.0   0.0    66   153   523   617   513   637 0.66 length=651	scaffold=chromosome6	strand=+
597_g                -            905 68689                -            310   3.9e-11   40.8  10.7   1   3       5.7   5.5e+02   -2.4   0.0   245   245    42    42     3    77 0.47 length=906	scaffold=chromosome13	strand=-
597_g                -            905 68689                -            310   3.9e-11   40.8  10.7   2   3   8.5e-13   8.2e-11   39.8   6.8    10   222   156   373   148   382 0.76 length=906	scaffold=chromosome13	strand=-
597_g                -            905 68689                -            310   3.9e-11   40.8  10.7   3   3       2.4   2.3e+02   -1.1   0.0    79   137   382   441   370   449 0.64 length=906	scaffold=chromosome13	strand=-
490_g                -            464 68689                -            310   6.7e-11   40.1   0.8   1   2   8.1e-12   7.8e-10   36.6   0.5    88   189    97   198    66   208 0.84 length=465	scaffold=chromosome13	strand=+
490_g                -            464 68689                -            310   6.7e-11   40.1   0.8   2   2    0.0023      0.22    8.8   0.0   208   275   176   242   170   265 0.87 length=465	scaffold=chromosome13	strand=+
2411_g               -            483 68689                -            310   1.1e-10   39.4  18.3   1   4     0.073         7    3.9   0.1   280   306    87   113    72   116 0.84 length=484	scaffold=chromosome12	strand=-
2411_g               -            483 68689                -            310   1.1e-10   39.4  18.3   2   4      0.96        92    0.2   0.0   281   305   132   155   119   160 0.78 length=484	scaffold=chromosome12	strand=-
2411_g               -            483 68689                -            310   1.1e-10   39.4  18.3   3   4   0.00066     0.063   10.6   3.1   234   308   174   246   163   248 0.77 length=484	scaffold=chromosome12	strand=-
2411_g               -            483 68689                -            310   1.1e-10   39.4  18.3   4   4     5e-10   4.9e-08   30.7   2.6    59   181   254   390   249   410 0.80 length=484	scaffold=chromosome12	strand=-
1540_g               -           2035 68689                -            310   3.1e-10   37.9  12.0   1   3   1.4e-09   1.4e-07   29.2   3.0     6   137    43   173    39   186 0.83 length=2036	scaffold=chromosome14	strand=-
1540_g               -           2035 68689                -            310   3.1e-10   37.9  12.0   2   3     0.029       2.8    5.2   0.1   274   307   307   340   294   343 0.85 length=2036	scaffold=chromosome14	strand=-
1540_g               -           2035 68689                -            310   3.1e-10   37.9  12.0   3   3    0.0069      0.67    7.2   0.2    98   183  1880  1965  1871  1984 0.65 length=2036	scaffold=chromosome14	strand=-
2580_g               -            644 68689                -            310   4.2e-10   37.4  12.4   1   5   4.2e-05     0.004   14.5   0.6   179   296    30   152    21   166 0.75 length=645	scaffold=chromosome11	strand=-
2580_g               -            644 68689                -            310   4.2e-10   37.4  12.4   2   5   2.1e-05     0.002   15.5   0.0    76   137   240   304   228   338 0.79 length=645	scaffold=chromosome11	strand=-
2580_g               -            644 68689                -            310   4.2e-10   37.4  12.4   3   5       2.2   2.1e+02   -1.0   0.1    43    89   357   403   339   450 0.84 length=645	scaffold=chromosome11	strand=-
2580_g               -            644 68689                -            310   4.2e-10   37.4  12.4   4   5       3.3   3.2e+02   -1.6   0.0    41    97   456   510   426   564 0.53 length=645	scaffold=chromosome11	strand=-
2580_g               -            644 68689                -            310   4.2e-10   37.4  12.4   5   5   0.00022     0.021   12.2   0.1    30    95   577   640   561   642 0.81 length=645	scaffold=chromosome11	strand=-
1683_g               -            819 68689                -            310   4.3e-09   34.1   8.9   1   4   0.00026     0.026   11.9   0.0   194   260    68   136    52   160 0.58 length=820	scaffold=chromosome14	strand=-
1683_g               -            819 68689                -            310   4.3e-09   34.1   8.9   2   4   0.00089     0.086   10.1   0.1   131   183   236   287   218   332 0.80 length=820	scaffold=chromosome14	strand=-
1683_g               -            819 68689                -            310   4.3e-09   34.1   8.9   3   4   2.9e-05    0.0028   15.0   0.8    63   134   398   468   344   483 0.74 length=820	scaffold=chromosome14	strand=-
1683_g               -            819 68689                -            310   4.3e-09   34.1   8.9   4   4       6.6   6.4e+02   -2.6   0.0   101   134   779   815   773   818 0.63 length=820	scaffold=chromosome14	strand=-
694_g                -            549 68689                -            310   8.6e-09   33.1   0.0   1   3   1.2e-06   0.00012   19.5   0.0    69   264    59   255    52   257 0.80 length=550	scaffold=chromosome8	strand=-
694_g                -            549 68689                -            310   8.6e-09   33.1   0.0   2   3     1e-06   9.9e-05   19.8   0.0   159   240   187   273   142   291 0.83 length=550	scaffold=chromosome8	strand=-
694_g                -            549 68689                -            310   8.6e-09   33.1   0.0   3   3       1.5   1.4e+02   -0.4   0.2   240   267   296   323   272   341 0.65 length=550	scaffold=chromosome8	strand=-
4456_g               -           1076 68689                -            310   1.1e-08   32.8   1.6   1   3     1e-05   0.00099   16.5   0.0   165   221   198   260   175   273 0.78 length=1077	scaffold=chromosome5	strand=+
4456_g               -           1076 68689                -            310   1.1e-08   32.8   1.6   2   3   0.00024     0.023   12.0   0.2    85   138   310   365   289   378 0.55 length=1077	scaffold=chromosome5	strand=+
4456_g               -           1076 68689                -            310   1.1e-08   32.8   1.6   3   3       1.1   1.1e+02   -0.0   0.0   275   308   952   985   925  1007 0.74 length=1077	scaffold=chromosome5	strand=+
2505_g               -            621 68689                -            310   6.3e-08   30.3   0.3   1   2   0.00074     0.072   10.4   0.0   209   263    69   126    65   137 0.59 length=622	scaffold=chromosome12	strand=+
2505_g               -            621 68689                -            310   6.3e-08   30.3   0.3   2   2   4.9e-06   0.00047   17.6   0.3   232   303   144   210   128   216 0.75 length=622	scaffold=chromosome12	strand=+
4535_g               -            747 68689                -            310   2.2e-07   28.5   0.5   1   1   8.7e-09   8.4e-07   26.6   0.5    62   137   152   229   118   403 0.89 length=748	scaffold=chromosome5	strand=+
281_g                -            582 68689                -            310   2.5e-07   28.3   0.3   1   3     0.038       3.7    4.8   0.1   204   224   324   344   236   359 0.77 length=583	scaffold=chromosome13	strand=-
281_g                -            582 68689                -            310   2.5e-07   28.3   0.3   2   3   2.3e-06   0.00022   18.7   0.0   156   229   440   517   422   531 0.82 length=583	scaffold=chromosome13	strand=-
281_g                -            582 68689                -            310   2.5e-07   28.3   0.3   3   3      0.58        56    0.9   0.0    66   261   547   576   535   581 0.45 length=583	scaffold=chromosome13	strand=-
3318_g               -            709 68689                -            310   4.3e-07   27.5   5.6   1   4   6.8e-06   0.00065   17.1   0.3    98   140   178   221    82   257 0.73 length=710	scaffold=chromosome10	strand=+
3318_g               -            709 68689                -            310   4.3e-07   27.5   5.6   2   4         1     1e+02    0.1   0.0    99   138   238   277   226   292 0.76 length=710	scaffold=chromosome10	strand=+
3318_g               -            709 68689                -            310   4.3e-07   27.5   5.6   3   4    0.0023      0.22    8.8   0.1    57    95   292   330   278   366 0.78 length=710	scaffold=chromosome10	strand=+
3318_g               -            709 68689                -            310   4.3e-07   27.5   5.6   4   4       4.5   4.4e+02   -2.0   0.0   255   306   479   525   477   526 0.65 length=710	scaffold=chromosome10	strand=+
441_g                -            363 68689                -            310   4.8e-07   27.4   1.3   1   4   3.7e-08   3.6e-06   24.5   0.1    51   140    55   147    31   219 0.81 length=364	scaffold=chromosome13	strand=-
441_g                -            363 68689                -            310   4.8e-07   27.4   1.3   2   4      0.78        75    0.5   0.0   286   308   224   246   160   248 0.59 length=364	scaffold=chromosome13	strand=-
441_g                -            363 68689                -            310   4.8e-07   27.4   1.3   3   4      0.56        54    1.0   0.0   226   308   208   246   183   294 0.54 length=364	scaffold=chromosome13	strand=-
441_g                -            363 68689                -            310   4.8e-07   27.4   1.3   4   4       4.2     4e+02   -1.9   0.0   106   133   327   355   306   359 0.52 length=364	scaffold=chromosome13	strand=-
279_g                -           2160 68689                -            310   8.4e-07   26.6   4.0   1   3   2.8e-06   0.00027   18.4   0.5    95   135  1888  1928  1829  1939 0.73 length=2161	scaffold=chromosome13	strand=-
279_g                -           2160 68689                -            310   8.4e-07   26.6   4.0   2   3     3e-07   2.9e-05   21.5   1.1   182   308  1890  2011  1887  2013 0.72 length=2161	scaffold=chromosome13	strand=-
279_g                -           2160 68689                -            310   8.4e-07   26.6   4.0   3   3       2.5   2.4e+02   -1.2   0.0    76   127  2096  2149  2046  2157 0.54 length=2161	scaffold=chromosome13	strand=-
3676_g               -            498 68689                -            310   2.1e-06   25.3   1.7   1   3     0.008      0.77    7.0   0.0   146   184   269   305   247   318 0.65 length=499	scaffold=chromosome6	strand=+
3676_g               -            498 68689                -            310   2.1e-06   25.3   1.7   2   3   0.00037     0.036   11.4   0.2    12   114   268   385   266   404 0.61 length=499	scaffold=chromosome6	strand=+
3676_g               -            498 68689                -            310   2.1e-06   25.3   1.7   3   3   0.00068     0.065   10.5   0.1    26   124   386   487   378   496 0.79 length=499	scaffold=chromosome6	strand=+
4689_g               -            323 68689                -            310   3.2e-06   24.7   8.0   1   1   4.3e-08   4.1e-06   24.3   5.5    27   170    23   162    11   213 0.79 length=324	scaffold=chromosome5	strand=-
3124_g               -            380 68689                -            310   2.6e-05   21.7   0.0   1   1   5.5e-07   5.3e-05   20.7   0.0   181   263   188   275   170   302 0.67 length=381	scaffold=chromosome10	strand=-
1037_g               -           1010 68689                -            310   5.2e-05   20.7   0.1   1   2     0.082       7.9    3.7   0.0    20    95   199   270   193   276 0.78 length=1011	scaffold=chromosome7	strand=+
1037_g               -           1010 68689                -            310   5.2e-05   20.7   0.1   2   2   0.00011      0.01   13.2   0.0    78   135   518   575   467   586 0.87 length=1011	scaffold=chromosome7	strand=+
4148_g               -            821 68689                -            310   6.8e-05   20.3   8.6   1   3      0.28        27    1.9   0.1   282   310   520   549   502   549 0.83 length=822	scaffold=chromosome9	strand=+
4148_g               -            821 68689                -            310   6.8e-05   20.3   8.6   2   3       1.7   1.6e+02   -0.6   0.0   137   165   614   642   597   660 0.70 length=822	scaffold=chromosome9	strand=+
4148_g               -            821 68689                -            310   6.8e-05   20.3   8.6   3   3   1.9e-06   0.00018   18.9   2.9    98   186   661   750   624   757 0.76 length=822	scaffold=chromosome9	strand=+
1901_g               -            540 68689                -            310   8.1e-05   20.1   1.0   1   2   2.3e-06   0.00022   18.7   0.3   232   306   310   390   275   393 0.72 length=541	scaffold=chromosome14	strand=+
1901_g               -            540 68689                -            310   8.1e-05   20.1   1.0   2   2       3.9   3.8e+02   -1.8   0.0   282   309   413   440   399   454 0.57 length=541	scaffold=chromosome14	strand=+
1191_g               -            602 68689                -            310   8.8e-05   20.0   0.5   1   2       3.5   3.4e+02   -1.7   0.0    71   104   230   263   207   303 0.60 length=603	scaffold=chromosome7	strand=-
1191_g               -            602 68689                -            310   8.8e-05   20.0   0.5   2   2     3e-06   0.00029   18.3   0.2    67   158   390   478   336   493 0.77 length=603	scaffold=chromosome7	strand=-
3469_g               -            346 68689                -            310   0.00017   19.0   2.7   1   2       9.1   8.8e+02   -3.0   0.0   183   227    84   128    72   143 0.53 length=347	scaffold=chromosome6	strand=-
3469_g               -            346 68689                -            310   0.00017   19.0   2.7   2   2   2.4e-06   0.00023   18.6   1.4    54   166   168   283   149   318 0.68 length=347	scaffold=chromosome6	strand=-
3196_g               -            769 68689                -            310   0.00073   17.0   5.5   1   2      0.14        14    2.9   0.1   106   223   375   500   353   595 0.51 length=770	scaffold=chromosome10	strand=+
3196_g               -            769 68689                -            310   0.00073   17.0   5.5   2   2   5.5e-05    0.0053   14.1   1.5    73   182   625   736   620   742 0.73 length=770	scaffold=chromosome10	strand=+
3673_g               -            151 68689                -            310    0.0011   16.3   0.0   1   1   1.4e-05    0.0014   16.0   0.0     6    71    52   118    48   143 0.84 length=152	scaffold=chromosome6	strand=+
1521_g               -            605 68689                -            310    0.0016   15.9   1.9   1   2       1.5   1.4e+02   -0.4   0.0   267   296   149   178   124   187 0.72 length=606	scaffold=chromosome14	strand=-
1521_g               -            605 68689                -            310    0.0016   15.9   1.9   2   2    0.0001    0.0097   13.2   1.8   147   222   214   295   164   315 0.65 length=606	scaffold=chromosome14	strand=-
250_g                -            336 68689                -            310    0.0023   15.3   2.5   1   3      0.23        22    2.2   0.4   218   277   108   170    98   200 0.67 length=337	scaffold=chromosome13	strand=+
250_g                -            336 68689                -            310    0.0023   15.3   2.5   2   3       1.5   1.5e+02   -0.5   0.0   280   306   217   243   204   247 0.76 length=337	scaffold=chromosome13	strand=+
250_g                -            336 68689                -            310    0.0023   15.3   2.5   3   3   0.00045     0.043   11.1   0.0    72   101   273   302   256   330 0.78 length=337	scaffold=chromosome13	strand=+
#
# Program:         hmmsearch
# Version:         3.4 (Aug 2023)
# Pipeline mode:   SEARCH
# Query file:      /home/inf-20-2025/Malaria/busco_downloads/lineages/apicomplexa_odb12/hmms/68689at5794.hmm
# Target file:     /home/inf-20-2025/Malaria/Results/6_nobird_annotation/P_faciparum.faa
# Option settings: hmmsearch --domtblout Results/8_busco/P_faciparum/run_apicomplexa_odb12/hmmer_output/initial_run_results/68689at5794.out --cpu 1 /home/inf-20-2025/Malaria/busco_downloads/lineages/apicomplexa_odb12/hmms/68689at5794.hmm /home/inf-20-2025/Malaria/Results/6_nobird_annotation/P_faciparum.faa 
# Current dir:     /home/inf-20-2025/Malaria
# Date:            Wed Mar  4 18:31:22 2026
# [ok]
