#                                                                            --- full sequence --- -------------- this domain -------------   hmm coord   ali coord   env coord
# target name        accession   tlen query name           accession   qlen   E-value  score  bias   #  of  c-Evalue  i-Evalue  score  bias  from    to  from    to  from    to  acc description of target
#------------------- ---------- ----- -------------------- ---------- ----- --------- ------ ----- --- --- --------- --------- ------ ----- ----- ----- ----- ----- ----- ----- ---- ---------------------
3822_g               -            436 68727                -            335  3.4e-168  557.1   2.1   1   1    4e-170  4.3e-168  556.8   2.1     4   334    57   390    54   391 0.96 length=437	scaffold=chromosome3	strand=-
873_g                -            883 68727                -            335   1.9e-76  255.5  15.5   1   3   3.6e-23   3.8e-21   73.7   1.5     3    91    24   112    22   130 0.94 length=884	scaffold=chromosome8	strand=+
873_g                -            883 68727                -            335   1.9e-76  255.5  15.5   2   3   1.8e-13   1.9e-11   41.8   1.7   107   155   290   339   256   378 0.78 length=884	scaffold=chromosome8	strand=+
873_g                -            883 68727                -            335   1.9e-76  255.5  15.5   3   3   8.7e-46   9.2e-44  148.1   0.2   151   311   664   815   644   850 0.84 length=884	scaffold=chromosome8	strand=+
1569_g               -            914 68727                -            335   3.3e-66  221.9   1.6   1   1   3.1e-68   3.3e-66  221.9   1.6     8   302    17   317    10   332 0.86 length=915	scaffold=chromosome14	strand=-
534_g                -            288 68727                -            335   4.3e-57  191.9   0.0   1   1   4.6e-59   4.9e-57  191.7   0.0    13   299     3   286     1   288 0.89 length=289	scaffold=chromosome13	strand=-
156_g                -            300 68727                -            335   1.1e-54  184.0   1.1   1   1   1.4e-56   1.5e-54  183.5   1.1     3   301     3   299     1   300 0.85 length=301	scaffold=chromosome13	strand=-
2618_g               -            335 68727                -            335   1.9e-53  179.9   0.6   1   1   2.3e-55   2.4e-53  179.5   0.6     9   303    38   334    31   335 0.87 length=336	scaffold=chromosome11	strand=+
5125_g               -            699 68727                -            335   8.2e-53  177.8   5.9   1   1   7.2e-54   7.7e-52  174.6   5.9    10   303   350   662   345   686 0.81 length=700	scaffold=chromosome4	strand=-
354_g                -           1506 68727                -            335   6.4e-48  161.7   5.3   1   1     2e-49   2.1e-47  160.1   5.3    13   305     8   301     2   319 0.85 length=1507	scaffold=chromosome13	strand=+
3137_g               -            324 68727                -            335   1.6e-46  157.1   5.7   1   1   4.4e-48   4.6e-46  155.6   5.7    11   297     6   307     1   318 0.78 length=325	scaffold=chromosome10	strand=+
5101_g               -           1339 68727                -            335     6e-43  145.4   3.5   1   2   8.9e-07   9.5e-05   19.8   0.5    14    71   416   479   405   493 0.80 length=1340	scaffold=chromosome4	strand=+
5101_g               -           1339 68727                -            335     6e-43  145.4   3.5   2   2   6.2e-39   6.6e-37  125.5   0.1    75   321   672   946   657   962 0.75 length=1340	scaffold=chromosome4	strand=+
2666_g               -            508 68727                -            335   2.2e-42  143.5   7.0   1   3   6.7e-23   7.1e-21   72.8   2.3     9   166   101   259    93   266 0.88 length=509	scaffold=chromosome11	strand=-
2666_g               -            508 68727                -            335   2.2e-42  143.5   7.0   2   3     1e-12   1.1e-10   39.4   0.0   170   209   289   328   281   335 0.90 length=509	scaffold=chromosome11	strand=-
2666_g               -            508 68727                -            335   2.2e-42  143.5   7.0   3   3   1.6e-10   1.7e-08   32.1   0.1   219   313   366   462   360   478 0.85 length=509	scaffold=chromosome11	strand=-
3493_g               -            509 68727                -            335   3.7e-41  139.5   1.5   1   2   1.6e-36   1.7e-34  117.6   0.3    10   224    68   278    63   282 0.84 length=510	scaffold=chromosome6	strand=+
3493_g               -            509 68727                -            335   3.7e-41  139.5   1.5   2   2   4.7e-07     5e-05   20.7   0.0   267   325   296   359   289   368 0.77 length=510	scaffold=chromosome6	strand=+
3534_g               -            705 68727                -            335   9.8e-38  128.3   1.3   1   3     0.092       9.7    3.3   0.1    54    86    98   131    92   151 0.82 length=706	scaffold=chromosome6	strand=+
3534_g               -            705 68727                -            335   9.8e-38  128.3   1.3   2   3   4.2e-15   4.5e-13   47.2   0.1   110   188   190   271   152   280 0.81 length=706	scaffold=chromosome6	strand=+
3534_g               -            705 68727                -            335   9.8e-38  128.3   1.3   3   3   2.7e-23   2.9e-21   74.1   0.0   190   304   385   506   382   518 0.81 length=706	scaffold=chromosome6	strand=+
2673_g               -            699 68727                -            335   3.8e-35  119.7   3.9   1   2   5.3e-34   5.7e-32  109.3   2.0    16   227   367   578   356   606 0.84 length=700	scaffold=chromosome11	strand=+
2673_g               -            699 68727                -            335   3.8e-35  119.7   3.9   2   2   0.00087     0.092   10.0   0.0   257   301   647   691   618   699 0.85 length=700	scaffold=chromosome11	strand=+
1505_g               -            293 68727                -            335   9.9e-35  118.4  10.8   1   1   1.8e-35   1.9e-33  114.1  10.8     5   297    13   288     9   292 0.79 length=294	scaffold=chromosome14	strand=+
359_g                -            568 68727                -            335   9.2e-33  111.9   5.6   1   2   2.6e-31   2.8e-29  100.5   2.2     7   219   117   326   113   336 0.81 length=569	scaffold=chromosome13	strand=-
359_g                -            568 68727                -            335   9.2e-33  111.9   5.6   2   2   0.00018     0.019   12.2   0.1   266   309   348   391   337   417 0.77 length=569	scaffold=chromosome13	strand=-
1145_g               -            528 68727                -            335   2.2e-30  104.1   5.9   1   2   6.4e-29   6.8e-27   92.6   2.4    10   225    66   281    58   285 0.80 length=529	scaffold=chromosome7	strand=+
1145_g               -            528 68727                -            335   2.2e-30  104.1   5.9   2   2   0.00015     0.016   12.5   0.1   264   313   295   344   286   363 0.84 length=529	scaffold=chromosome7	strand=+
3867_g               -           1581 68727                -            335   3.8e-29  100.0   2.3   1   2   1.8e-05    0.0019   15.5   0.1    11    78   906   984   902   993 0.72 length=1582	scaffold=chromosome3	strand=-
3867_g               -           1581 68727                -            335   3.8e-29  100.0   2.3   2   2   4.4e-26   4.7e-24   83.3   0.2   101   303  1342  1564  1323  1572 0.80 length=1582	scaffold=chromosome3	strand=-
1745_g               -            376 68727                -            335   8.6e-29   98.8   6.9   1   2   9.8e-29     1e-26   92.0   6.0     4   219    32   254    27   263 0.79 length=377	scaffold=chromosome14	strand=+
1745_g               -            376 68727                -            335   8.6e-29   98.8   6.9   2   2     0.012       1.2    6.3   0.0   251   299   267   311   252   344 0.72 length=377	scaffold=chromosome14	strand=+
2754_g               -           2265 68727                -            335   3.1e-28   97.0   1.3   1   2   1.7e-27   1.8e-25   87.9   0.3     5   214  1812  2020  1808  2032 0.81 length=2266	scaffold=chromosome11	strand=+
2754_g               -           2265 68727                -            335   3.1e-28   97.0   1.3   2   2    0.0054      0.57    7.4   0.1   253   301  2033  2081  2022  2108 0.76 length=2266	scaffold=chromosome11	strand=+
3801_g               -            546 68727                -            335   8.1e-28   95.7   3.1   1   2   3.5e-26   3.7e-24   83.6   1.1    12   201   115   302   109   322 0.74 length=547	scaffold=chromosome3	strand=+
3801_g               -            546 68727                -            335   8.1e-28   95.7   3.1   2   2   0.00028      0.03   11.6   0.0   265   305   325   365   318   389 0.79 length=547	scaffold=chromosome3	strand=+
3793_g               -           1818 68727                -            335   8.5e-28   95.6   0.4   1   1   2.7e-29   2.9e-27   93.8   0.4     8   219  1374  1597  1367  1607 0.78 length=1819	scaffold=chromosome3	strand=-
2463_g               -            735 68727                -            335   1.6e-27   94.7   1.5   1   2   3.8e-26   4.1e-24   83.5   0.3    10   214   399   601   391   608 0.79 length=736	scaffold=chromosome12	strand=-
2463_g               -            735 68727                -            335   1.6e-27   94.7   1.5   2   2   0.00079     0.084   10.1   0.1   246   309   606   672   600   697 0.71 length=736	scaffold=chromosome12	strand=-
1160_g               -            310 68727                -            335   5.5e-27   92.9   1.7   1   1   6.1e-29   6.4e-27   92.7   1.7    12   272     2   265     1   300 0.79 length=311	scaffold=chromosome7	strand=+
4905_g               -            524 68727                -            335   9.8e-26   88.8   5.3   1   2   1.7e-23   1.8e-21   74.8   2.9    54   222   115   275    45   281 0.83 length=525	scaffold=chromosome2	strand=+
4905_g               -            524 68727                -            335   9.8e-26   88.8   5.3   2   2   0.00043     0.046   11.0   0.0   264   309   292   337   286   359 0.84 length=525	scaffold=chromosome2	strand=+
1785_g               -            765 68727                -            335   1.5e-25   88.2   9.2   1   1   1.4e-27   1.5e-25   88.2   9.2    12   224   392   602   382   659 0.75 length=766	scaffold=chromosome14	strand=+
1619_g               -            868 68727                -            335     1e-24   85.5   0.0   1   2   3.6e-26   3.8e-24   83.6   0.1     7   223   549   759   543   768 0.81 length=869	scaffold=chromosome14	strand=-
1619_g               -            868 68727                -            335     1e-24   85.5   0.0   2   2       2.9   3.1e+02   -1.6   0.0   266   301   777   817   760   842 0.70 length=869	scaffold=chromosome14	strand=-
2391_g               -            509 68727                -            335   1.1e-24   85.4   0.8   1   2   2.3e-24   2.5e-22   77.6   0.4    11   218   108   310   105   324 0.84 length=510	scaffold=chromosome12	strand=-
2391_g               -            509 68727                -            335   1.1e-24   85.4   0.8   2   2     0.017       1.8    5.7   0.0   267   313   334   380   324   406 0.67 length=510	scaffold=chromosome12	strand=-
2290_g               -           1057 68727                -            335   1.2e-24   85.2   0.8   1   2   1.2e-25   1.3e-23   81.8   0.5     8   225     9   254     3   260 0.79 length=1058	scaffold=chromosome12	strand=+
2290_g               -           1057 68727                -            335   1.2e-24   85.2   0.8   2   2       1.9     2e+02   -1.0   0.0   269   314   269   316   260   330 0.71 length=1058	scaffold=chromosome12	strand=+
148_g                -            367 68727                -            335   1.3e-24   85.2   6.8   1   2   1.9e-24     2e-22   77.9   3.8    12   212   105   307    96   315 0.83 length=368	scaffold=chromosome13	strand=+
148_g                -            367 68727                -            335   1.3e-24   85.2   6.8   2   2    0.0024      0.25    8.6   0.1   250   301   316   365   306   367 0.79 length=368	scaffold=chromosome13	strand=+
4685_g               -            295 68727                -            335   2.1e-24   84.4   2.3   1   2   4.9e-26   5.2e-24   83.1   1.6    13   219     9   224     2   234 0.81 length=296	scaffold=chromosome5	strand=+
4685_g               -            295 68727                -            335   2.1e-24   84.4   2.3   2   2       1.6   1.7e+02   -0.8   0.0   262   300   241   279   233   291 0.82 length=296	scaffold=chromosome5	strand=+
2751_g               -           1617 68727                -            335   1.3e-23   81.8   3.7   1   3       3.1   3.3e+02   -1.7   0.1    29    56   149   176    85   180 0.75 length=1618	scaffold=chromosome11	strand=+
2751_g               -           1617 68727                -            335   1.3e-23   81.8   3.7   2   3   1.3e-25   1.3e-23   81.8   3.7    14   218  1178  1377  1169  1386 0.79 length=1618	scaffold=chromosome11	strand=+
2751_g               -           1617 68727                -            335   1.3e-23   81.8   3.7   3   3       0.7        74    0.4   0.0   245   305  1378  1438  1375  1466 0.76 length=1618	scaffold=chromosome11	strand=+
1703_g               -            881 68727                -            335   2.6e-23   80.9   7.0   1   2   4.8e-12   5.1e-10   37.1   3.7    13   148   551   687   543   697 0.85 length=882	scaffold=chromosome14	strand=-
1703_g               -            881 68727                -            335   2.6e-23   80.9   7.0   2   2   4.6e-14   4.9e-12   43.8   0.1   149   299   712   876   706   880 0.71 length=882	scaffold=chromosome14	strand=-
1679_g               -           1268 68727                -            335   5.9e-20   69.8  17.4   1   3   4.6e-11   4.9e-09   33.9   2.7    60   151   829   912   821   918 0.92 length=1269	scaffold=chromosome14	strand=-
1679_g               -           1268 68727                -            335   5.9e-20   69.8  17.4   2   3   1.5e-10   1.6e-08   32.2   0.0   148   218  1037  1104  1026  1146 0.86 length=1269	scaffold=chromosome14	strand=-
1679_g               -           1268 68727                -            335   5.9e-20   69.8  17.4   3   3   0.00015     0.016   12.5   0.1   259   298  1222  1260  1192  1266 0.73 length=1269	scaffold=chromosome14	strand=-
4267_g               -            328 68727                -            335   6.7e-20   69.6   0.4   1   1   7.8e-22   8.3e-20   69.3   0.4    52   218    75   229    19   297 0.78 length=329	scaffold=chromosome9	strand=+
4864_g               -            320 68727                -            335   6.6e-18   63.1   2.9   1   1   1.8e-19     2e-17   61.5   2.9    87   293   115   317    18   319 0.77 length=321	scaffold=chromosome2	strand=+
370_g                -            931 68727                -            335   1.7e-16   58.4   0.4   1   3   7.1e-05    0.0076   13.6   0.2    12    72   426   489   418   523 0.82 length=932	scaffold=chromosome13	strand=-
370_g                -            931 68727                -            335   1.7e-16   58.4   0.4   2   3   3.1e-10   3.3e-08   31.2   0.0   107   211   554   666   547   686 0.79 length=932	scaffold=chromosome13	strand=-
370_g                -            931 68727                -            335   1.7e-16   58.4   0.4   3   3    0.0015      0.16    9.2   0.0   267   299   898   930   865   931 0.78 length=932	scaffold=chromosome13	strand=-
1125_g               -            517 68727                -            335   5.9e-15   53.4   5.6   1   3     3e-09   3.2e-07   27.9   2.4    53   146   260   344   245   354 0.79 length=518	scaffold=chromosome7	strand=-
1125_g               -            517 68727                -            335   5.9e-15   53.4   5.6   2   3   0.00022     0.023   12.0   0.0   147   212   391   457   374   469 0.76 length=518	scaffold=chromosome7	strand=-
1125_g               -            517 68727                -            335   5.9e-15   53.4   5.6   3   3   0.00014     0.015   12.6   0.0   265   299   478   512   464   517 0.86 length=518	scaffold=chromosome7	strand=-
3442_g               -            353 68727                -            335   7.7e-14   49.7   0.6   1   1   1.3e-14   1.4e-12   45.6   0.6    11   216    29   242    20   323 0.78 length=354	scaffold=chromosome6	strand=+
2875_g               -            372 68727                -            335   3.4e-13   47.6   4.7   1   2   3.9e-15   4.2e-13   47.3   0.7    11   167     6   159     2   168 0.82 length=373	scaffold=chromosome11	strand=-
2875_g               -            372 68727                -            335   3.4e-13   47.6   4.7   2   2       6.1   6.5e+02   -2.6   0.2    96   120   329   353   307   357 0.65 length=373	scaffold=chromosome11	strand=-
3966_g               -           1243 68727                -            335   1.1e-08   32.7   5.2   1   3   1.7e-06   0.00018   18.9   0.8    79   161   368   449   328   455 0.79 length=1244	scaffold=chromosome9	strand=-
3966_g               -           1243 68727                -            335   1.1e-08   32.7   5.2   2   3       7.7   8.2e+02   -3.0   0.0   261   298   566   605   550   613 0.72 length=1244	scaffold=chromosome9	strand=-
3966_g               -           1243 68727                -            335   1.1e-08   32.7   5.2   3   3   3.3e-05    0.0035   14.7   0.0   118   161  1043  1085  1013  1094 0.83 length=1244	scaffold=chromosome9	strand=-
2041_g               -            299 68727                -            335   1.2e-07   29.4   4.4   1   2   1.5e-09   1.6e-07   29.0   1.7    51   216    69   223    43   235 0.73 length=300	scaffold=chromosome12	strand=-
2041_g               -            299 68727                -            335   1.2e-07   29.4   4.4   2   2      0.48        51    1.0   0.1   258   299   246   283   223   294 0.66 length=300	scaffold=chromosome12	strand=-
2033_g               -            567 68727                -            335   8.9e-07   26.5   4.4   1   1   3.7e-08   3.9e-06   24.4   4.4    46   169   292   415   284   567 0.84 length=568	scaffold=chromosome12	strand=-
3965_g               -            525 68727                -            335   7.2e-06   23.5   2.0   1   3       1.5   1.5e+02   -0.6   0.0   158   200   111   154    85   159 0.73 length=526	scaffold=chromosome9	strand=-
3965_g               -            525 68727                -            335   7.2e-06   23.5   2.0   2   3   2.4e-07   2.5e-05   21.7   0.5    77   164   275   359   240   390 0.72 length=526	scaffold=chromosome9	strand=-
3965_g               -            525 68727                -            335   7.2e-06   23.5   2.0   3   3       3.8     4e+02   -2.0   0.0   267   297   481   511   456   518 0.73 length=526	scaffold=chromosome9	strand=-
1225_g               -            829 68727                -            335   8.5e-06   23.3   0.6   1   1   1.7e-07   1.8e-05   22.2   0.6   122   162   632   671   583   682 0.67 length=830	scaffold=chromosome7	strand=+
4326_g               -            597 68727                -            335   1.4e-05   22.6   0.0   1   1   2.4e-07   2.5e-05   21.7   0.0    79   161   357   439   346   448 0.85 length=598	scaffold=chromosome1	strand=-
3158_g               -            609 68727                -            335   8.4e-05   20.0   1.4   1   1   1.6e-06   0.00017   18.9   1.0    82   160   370   449   336   458 0.78 length=610	scaffold=chromosome10	strand=-
493_g                -            595 68727                -            335   0.00024   18.5   6.5   1   3   2.3e-06   0.00024   18.5   6.5    53   161    67   169    54   195 0.72 length=596	scaffold=chromosome13	strand=-
493_g                -            595 68727                -            335   0.00024   18.5   6.5   2   3      0.16        17    2.5   0.1   261   319   217   277   203   292 0.76 length=596	scaffold=chromosome13	strand=-
493_g                -            595 68727                -            335   0.00024   18.5   6.5   3   3         1   1.1e+02   -0.1   0.1   286   331   363   409   351   413 0.77 length=596	scaffold=chromosome13	strand=-
1988_g               -            601 68727                -            335    0.0049   14.2   0.0   1   1   9.5e-05      0.01   13.2   0.0   127   161   401   434   386   442 0.81 length=602	scaffold=chromosome14	strand=+
#
# Program:         hmmsearch
# Version:         3.4 (Aug 2023)
# Pipeline mode:   SEARCH
# Query file:      /home/inf-20-2025/Malaria/busco_downloads/lineages/apicomplexa_odb12/hmms/68727at5794.hmm
# Target file:     /home/inf-20-2025/Malaria/Results/6_nobird_annotation/P_faciparum.faa
# Option settings: hmmsearch --domtblout Results/8_busco/P_faciparum/run_apicomplexa_odb12/hmmer_output/initial_run_results/68727at5794.out --cpu 1 /home/inf-20-2025/Malaria/busco_downloads/lineages/apicomplexa_odb12/hmms/68727at5794.hmm /home/inf-20-2025/Malaria/Results/6_nobird_annotation/P_faciparum.faa 
# Current dir:     /home/inf-20-2025/Malaria
# Date:            Wed Mar  4 18:31:17 2026
# [ok]
