#                                                                            --- full sequence --- -------------- this domain -------------   hmm coord   ali coord   env coord
# target name        accession   tlen query name           accession   qlen   E-value  score  bias   #  of  c-Evalue  i-Evalue  score  bias  from    to  from    to  from    to  acc description of target
#------------------- ---------- ----- -------------------- ---------- ----- --------- ------ ----- --- --- --------- --------- ------ ----- ----- ----- ----- ----- ----- ----- ---- ---------------------
506_g                -            246 68742                -            246  4.6e-133  440.2   1.5   1   1  1.5e-135  5.1e-133  440.0   1.5     1   244     1   244     1   246 0.99 length=247	scaffold=chromosome13	strand=-
507_g                -            241 68742                -            246   2.3e-57  192.2   0.4   1   1     8e-60   2.8e-57  192.0   0.4     5   244     3   234     1   238 0.95 length=242	scaffold=chromosome13	strand=+
1237_g               -            256 68742                -            246   1.6e-52  176.4   0.0   1   1   6.3e-55   2.2e-52  175.9   0.0     4   235     7   240     4   246 0.87 length=257	scaffold=chromosome7	strand=+
3474_g               -            235 68742                -            246   3.2e-51  172.1   0.0   1   1   1.1e-53   3.8e-51  171.9   0.0     5   236     6   231     3   235 0.93 length=236	scaffold=chromosome6	strand=-
1973_g               -            254 68742                -            246   9.9e-38  127.9   0.4   1   1   3.4e-40   1.2e-37  127.7   0.4     4   240     5   239     1   247 0.89 length=255	scaffold=chromosome14	strand=+
749_g                -            260 68742                -            246   4.3e-37  125.8   1.7   1   1   1.5e-39   5.2e-37  125.6   1.7     4   241     8   258     5   260 0.84 length=261	scaffold=chromosome8	strand=+
3865_g               -            252 68742                -            246   2.6e-34  116.7   0.7   1   1   8.5e-37   2.9e-34  116.6   0.7     3   229     6   234     4   250 0.84 length=253	scaffold=chromosome3	strand=-
270_g                -            270 68742                -            246   4.5e-13   47.2   0.0   1   1   1.9e-15   6.5e-13   46.6   0.0    33   222    43   226    37   234 0.87 length=271	scaffold=chromosome13	strand=+
1936_g               -            259 68742                -            246   8.5e-13   46.3   0.5   1   1   3.5e-15   1.2e-12   45.8   0.5    34   192     4   160     1   204 0.79 length=260	scaffold=chromosome14	strand=+
3109_g               -            271 68742                -            246   2.3e-11   41.6   0.3   1   1   9.4e-14   3.3e-11   41.1   0.3    31   213    60   237    52   265 0.87 length=272	scaffold=chromosome10	strand=-
4241_g               -            561 68742                -            246   1.6e-09   35.5   1.8   1   2   4.3e-06    0.0015   16.0   0.0    20    92   297   370   288   384 0.87 length=562	scaffold=chromosome9	strand=-
4241_g               -            561 68742                -            246   1.6e-09   35.5   1.8   2   2   1.2e-06   0.00041   17.8   0.7    94   217   422   544   412   558 0.84 length=562	scaffold=chromosome9	strand=-
4613_g               -            240 68742                -            246   2.4e-08   31.7   0.1   1   1   8.6e-11     3e-08   31.4   0.1    28   188    34   192    21   238 0.85 length=241	scaffold=chromosome5	strand=-
717_g                -            265 68742                -            246   4.3e-06   24.3   0.0   1   2   5.7e-07    0.0002   18.9   0.0    32    87    10    65     2    87 0.91 length=266	scaffold=chromosome8	strand=-
717_g                -            265 68742                -            246   4.3e-06   24.3   0.0   2   2     0.031        11    3.4   0.0   165   211   179   225   163   242 0.74 length=266	scaffold=chromosome8	strand=-
4375_g               -            218 68742                -            246    0.0003   18.3   0.0   1   1   1.2e-06   0.00041   17.8   0.0    31   111     9    90     3   129 0.82 length=219	scaffold=chromosome1	strand=-
2309_g               -            207 68742                -            246     0.011   13.1   0.1   1   1   7.3e-05     0.025   12.0   0.1    34    91    40    97    30   108 0.83 length=208	scaffold=chromosome12	strand=-
#
# Program:         hmmsearch
# Version:         3.4 (Aug 2023)
# Pipeline mode:   SEARCH
# Query file:      /home/inf-20-2025/Malaria/busco_downloads/lineages/apicomplexa_odb12/hmms/68742at5794.hmm
# Target file:     /home/inf-20-2025/Malaria/Results/6_nobird_annotation/P_faciparum.faa
# Option settings: hmmsearch --domtblout Results/8_busco/P_faciparum/run_apicomplexa_odb12/hmmer_output/initial_run_results/68742at5794.out --cpu 1 /home/inf-20-2025/Malaria/busco_downloads/lineages/apicomplexa_odb12/hmms/68742at5794.hmm /home/inf-20-2025/Malaria/Results/6_nobird_annotation/P_faciparum.faa 
# Current dir:     /home/inf-20-2025/Malaria
# Date:            Wed Mar  4 18:31:18 2026
# [ok]
