#                                                                            --- full sequence --- -------------- this domain -------------   hmm coord   ali coord   env coord
# target name        accession   tlen query name           accession   qlen   E-value  score  bias   #  of  c-Evalue  i-Evalue  score  bias  from    to  from    to  from    to  acc description of target
#------------------- ---------- ----- -------------------- ---------- ----- --------- ------ ----- --- --- --------- --------- ------ ----- ----- ----- ----- ----- ----- ----- ---- ---------------------
1914_g               -            398 68760                -            392  8.2e-239  790.3   4.4   1   1  6.6e-241  9.6e-239  790.0   4.4     3   392     5   397     3   397 0.98 length=399	scaffold=chromosome14	strand=+
5165_g               -            390 68760                -            392  3.4e-175  580.8   3.4   1   1  2.6e-177  3.8e-175  580.7   3.4     8   391     4   388     1   389 0.98 length=391	scaffold=chromosome4	strand=+
3901_g               -            433 68760                -            392  5.8e-108  359.5   0.1   1   1    5e-110  7.2e-108  359.1   0.1    19   389    58   427    43   430 0.97 length=434	scaffold=chromosome3	strand=+
4836_g               -            474 68760                -            392   2.8e-85  284.8   5.8   1   1     1e-85   1.5e-83  279.1   5.8    21   389    55   449    36   452 0.90 length=475	scaffold=chromosome2	strand=-
1829_g               -            741 68760                -            392   2.9e-83  278.2  13.7   1   2       7.7   1.1e+03   -3.6   0.3   228   294   165   235   161   250 0.61 length=742	scaffold=chromosome14	strand=+
1829_g               -            741 68760                -            392   2.9e-83  278.2  13.7   2   2   6.2e-85     9e-83  276.5   7.8     6   386   310   726   303   731 0.86 length=742	scaffold=chromosome14	strand=+
4615_g               -           1123 68760                -            392   3.7e-69  231.7   0.0   1   1   6.9e-69     1e-66  223.7   0.0    21   390   698  1098   693  1100 0.87 length=1124	scaffold=chromosome5	strand=-
1708_g               -            527 68760                -            392   4.5e-69  231.4   0.0   1   1   3.9e-71   5.6e-69  231.1   0.0    20   376   112   477    94   493 0.88 length=528	scaffold=chromosome14	strand=+
4914_g               -            562 68760                -            392     9e-69  230.4   1.9   1   1   6.2e-71     9e-69  230.4   1.9    13   385   148   520   136   525 0.95 length=563	scaffold=chromosome2	strand=-
2278_g               -            742 68760                -            392   3.4e-68  228.5   1.3   1   2   1.2e-07   1.8e-05   22.0   0.0    13    86   280   352   267   360 0.83 length=743	scaffold=chromosome12	strand=-
2278_g               -            742 68760                -            392   3.4e-68  228.5   1.3   2   2   3.3e-63   4.8e-61  205.0   0.4    91   365   429   706   415   737 0.91 length=743	scaffold=chromosome12	strand=-
773_g                -            941 68760                -            392   4.7e-67  224.8   2.2   1   2   3.4e-27   4.9e-25   86.4   0.0    17   189   356   551   345   558 0.82 length=942	scaffold=chromosome8	strand=+
773_g                -            941 68760                -            392   4.7e-67  224.8   2.2   2   2   8.5e-42   1.2e-39  134.5   0.7   195   376   581   762   565   776 0.93 length=942	scaffold=chromosome8	strand=+
4703_g               -            665 68760                -            392   8.4e-67  223.9   0.2   1   1   9.3e-69   1.3e-66  223.3   0.2    20   370   216   579   200   590 0.90 length=666	scaffold=chromosome5	strand=+
4520_g               -           1490 68760                -            392   1.8e-66  222.9   3.2   1   1     3e-68   4.4e-66  221.6   3.2    18   384   720  1095   705  1108 0.90 length=1491	scaffold=chromosome5	strand=+
3299_g               -            917 68760                -            392   2.8e-63  212.3   1.0   1   1   3.9e-65   5.6e-63  211.3   1.0    28   377   533   900   515   912 0.88 length=918	scaffold=chromosome10	strand=+
4480_g               -            755 68760                -            392   5.9e-63  211.3   0.8   1   2   3.3e-06   0.00047   17.3   0.0    39    83   161   205   120   213 0.77 length=756	scaffold=chromosome5	strand=+
4480_g               -            755 68760                -            392   5.9e-63  211.3   0.8   2   2   3.2e-59   4.6e-57  191.9   0.3    90   380   258   553   248   566 0.91 length=756	scaffold=chromosome5	strand=+
312_g                -            490 68760                -            392   1.8e-60  203.1   2.0   1   1   1.7e-62   2.4e-60  202.7   2.0     8   380    56   439    50   450 0.88 length=491	scaffold=chromosome13	strand=-
3680_g               -            600 68760                -            392   8.5e-60  200.9   0.5   1   1   8.5e-62   1.2e-59  200.3   0.5     4   385   132   516   126   523 0.92 length=601	scaffold=chromosome6	strand=-
2508_g               -            700 68760                -            392   1.9e-53  180.0   3.9   1   2   1.1e-29   1.6e-27   94.6   0.0     5   221    63   296    59   301 0.86 length=701	scaffold=chromosome12	strand=+
2508_g               -            700 68760                -            392   1.9e-53  180.0   3.9   2   2   1.8e-26   2.6e-24   84.0   2.7   231   376   352   498   333   513 0.91 length=701	scaffold=chromosome12	strand=+
926_g                -           1289 68760                -            392   3.2e-48  162.8   4.4   1   1   4.8e-50     7e-48  161.6   4.4     3   374   141   521   137   534 0.90 length=1290	scaffold=chromosome8	strand=-
1462_g               -            996 68760                -            392   3.8e-42  142.8   5.9   1   1   5.1e-44   7.3e-42  141.8   5.9    19   366   121   481    99   505 0.83 length=997	scaffold=chromosome14	strand=-
3207_g               -            680 68760                -            392   1.1e-41  141.3   9.9   1   2   7.8e-09   1.1e-06   26.0   0.0    20    84   180   245   160   251 0.73 length=681	scaffold=chromosome10	strand=-
3207_g               -            680 68760                -            392   1.1e-41  141.3   9.9   2   2   4.3e-36   6.2e-34  115.7   7.0    81   390   292   614   280   616 0.82 length=681	scaffold=chromosome10	strand=-
74_g                 -            630 68760                -            392   2.9e-39  133.2  10.2   1   1   3.6e-41   5.2e-39  132.4  10.2    29   376   161   523   129   537 0.77 length=631	scaffold=chromosome13	strand=+
4646_g               -            841 68760                -            392   1.4e-37  127.7   7.6   1   4   5.5e-08     8e-06   23.2   0.0    21    84     2    65     1    72 0.95 length=842	scaffold=chromosome5	strand=+
4646_g               -            841 68760                -            392   1.4e-37  127.7   7.6   2   4         6   8.6e+02   -3.3   0.0    21    42   139   160   123   169 0.76 length=842	scaffold=chromosome5	strand=+
4646_g               -            841 68760                -            392   1.4e-37  127.7   7.6   3   4   6.5e-15   9.4e-13   46.0   0.1    87   221   341   482   330   510 0.83 length=842	scaffold=chromosome5	strand=+
4646_g               -            841 68760                -            392   1.4e-37  127.7   7.6   4   4   6.9e-19     1e-16   59.1   1.3   245   369   575   715   540   721 0.79 length=842	scaffold=chromosome5	strand=+
3909_g               -            735 68760                -            392   1.5e-37  127.6  20.2   1   4       1.3   1.9e+02   -1.1   1.2   248   304   112   170   100   174 0.78 length=736	scaffold=chromosome3	strand=+
3909_g               -            735 68760                -            392   1.5e-37  127.6  20.2   2   4   0.00026     0.038   11.1   0.0    28    89   261   323   236   335 0.86 length=736	scaffold=chromosome3	strand=+
3909_g               -            735 68760                -            392   1.5e-37  127.6  20.2   3   4   5.9e-39   8.6e-37  125.1   6.7    83   389   343   651   338   654 0.88 length=736	scaffold=chromosome3	strand=+
3909_g               -            735 68760                -            392   1.5e-37  127.6  20.2   4   4       5.1   7.4e+02   -3.1   0.0   190   216   659   685   655   713 0.75 length=736	scaffold=chromosome3	strand=+
1180_g               -            918 68760                -            392   2.9e-37  126.7   7.4   1   3   4.3e-24   6.2e-22   76.2   0.3     8   193   176   377   170   449 0.80 length=919	scaffold=chromosome7	strand=+
1180_g               -            918 68760                -            392   2.9e-37  126.7   7.4   2   3       1.7   2.5e+02   -1.5   0.2   232   275   540   585   534   606 0.74 length=919	scaffold=chromosome7	strand=+
1180_g               -            918 68760                -            392   2.9e-37  126.7   7.4   3   3   2.9e-17   4.2e-15   53.7   0.1   286   382   690   785   678   792 0.90 length=919	scaffold=chromosome7	strand=+
1701_g               -            796 68760                -            392     4e-33  113.1   5.0   1   2   2.6e-21   3.7e-19   67.1   0.7    30   228   245   468   216   506 0.79 length=797	scaffold=chromosome14	strand=+
1701_g               -            796 68760                -            392     4e-33  113.1   5.0   2   2   6.4e-15   9.2e-13   46.0   0.3   282   376   591   686   525   698 0.87 length=797	scaffold=chromosome14	strand=+
2417_g               -            878 68760                -            392   8.7e-33  111.9   1.5   1   2   1.4e-22     2e-20   71.3   0.8     5   222    95   324    89   339 0.76 length=879	scaffold=chromosome12	strand=-
2417_g               -            878 68760                -            392   8.7e-33  111.9   1.5   2   2   1.3e-12   1.9e-10   38.4   0.0   318   368   591   641   580   665 0.86 length=879	scaffold=chromosome12	strand=-
745_g                -           1321 68760                -            392   4.4e-29   99.8  12.7   1   6   0.00085      0.12    9.4   0.1    13    84    41   118    29   126 0.81 length=1322	scaffold=chromosome8	strand=-
745_g                -           1321 68760                -            392   4.4e-29   99.8  12.7   2   6      0.12        17    2.3   0.0    91   107   169   185   149   196 0.77 length=1322	scaffold=chromosome8	strand=-
745_g                -           1321 68760                -            392   4.4e-29   99.8  12.7   3   6    0.0075       1.1    6.3   0.0   114   155   226   268   222   286 0.79 length=1322	scaffold=chromosome8	strand=-
745_g                -           1321 68760                -            392   4.4e-29   99.8  12.7   4   6   0.00027     0.039   11.0   0.1   164   208   301   346   292   370 0.84 length=1322	scaffold=chromosome8	strand=-
745_g                -           1321 68760                -            392   4.4e-29   99.8  12.7   5   6   3.8e-23   5.6e-21   73.1   1.4   243   372   703   832   689   843 0.91 length=1322	scaffold=chromosome8	strand=-
745_g                -           1321 68760                -            392   4.4e-29   99.8  12.7   6   6       2.8   4.1e+02   -2.2   0.3   210   253  1260  1309  1242  1316 0.64 length=1322	scaffold=chromosome8	strand=-
1464_g               -           1022 68760                -            392   1.9e-27   94.3   2.2   1   3   3.8e-09   5.5e-07   27.0   0.0    22    84    10    72     2    80 0.90 length=1023	scaffold=chromosome14	strand=+
1464_g               -           1022 68760                -            392   1.9e-27   94.3   2.2   2   3   1.2e-07   1.7e-05   22.1   0.1   118   207   324   423   263   441 0.73 length=1023	scaffold=chromosome14	strand=+
1464_g               -           1022 68760                -            392   1.9e-27   94.3   2.2   3   3   1.8e-12   2.6e-10   37.9   0.4   308   372   647   710   589   727 0.83 length=1023	scaffold=chromosome14	strand=+
2045_g               -            863 68760                -            392   2.3e-23   80.9   0.8   1   2     0.085        12    2.8   0.0    62   111   200   251   135   261 0.75 length=864	scaffold=chromosome12	strand=-
2045_g               -            863 68760                -            392   2.3e-23   80.9   0.8   2   2   7.4e-24   1.1e-21   75.4   0.2   258   384   544   669   530   677 0.93 length=864	scaffold=chromosome12	strand=-
4478_g               -            490 68760                -            392   3.6e-19   67.1   7.9   1   1   3.9e-21   5.6e-19   66.5   7.9     3   377    70   460    67   471 0.79 length=491	scaffold=chromosome5	strand=+
4115_g               -            728 68760                -            392   4.9e-19   66.7   1.1   1   1   6.3e-21   9.1e-19   65.8   1.1   238   377   291   432   284   447 0.89 length=729	scaffold=chromosome9	strand=+
2600_g               -           1313 68760                -            392   1.2e-17   62.0   1.8   1   2      0.01       1.5    5.8   0.1    14    94   159   239   148   256 0.85 length=1314	scaffold=chromosome11	strand=+
2600_g               -           1313 68760                -            392   1.2e-17   62.0   1.8   2   2   1.3e-17   1.8e-15   54.9   0.3   253   354   919  1020   910  1045 0.93 length=1314	scaffold=chromosome11	strand=+
1048_g               -           1132 68760                -            392   4.9e-17   60.1  13.4   1   4      0.82   1.2e+02   -0.5   0.1    17    58    67   108    50   117 0.75 length=1133	scaffold=chromosome7	strand=-
1048_g               -           1132 68760                -            392   4.9e-17   60.1  13.4   2   4      0.85   1.2e+02   -0.5   0.2   234   294   331   390   318   401 0.83 length=1133	scaffold=chromosome7	strand=-
1048_g               -           1132 68760                -            392   4.9e-17   60.1  13.4   3   4     0.022       3.2    4.7   0.0   135   193   450   512   446   525 0.70 length=1133	scaffold=chromosome7	strand=-
1048_g               -           1132 68760                -            392   4.9e-17   60.1  13.4   4   4   1.1e-18   1.6e-16   58.4   3.8   243   372   824   959   775   983 0.79 length=1133	scaffold=chromosome7	strand=-
5005_g               -            567 68760                -            392   9.5e-16   55.8   6.5   1   2   5.2e-05    0.0074   13.4   0.0    57   177   155   282   148   319 0.69 length=568	scaffold=chromosome4	strand=-
5005_g               -            567 68760                -            392   9.5e-16   55.8   6.5   2   2   4.4e-14   6.4e-12   43.2   3.2   259   379   382   510   347   524 0.75 length=568	scaffold=chromosome4	strand=-
4335_g               -           1329 68760                -            392   2.4e-15   54.5   4.6   1   3       5.9   8.5e+02   -3.3   0.0   105   138   765   798   759   800 0.86 length=1330	scaffold=chromosome1	strand=+
4335_g               -           1329 68760                -            392   2.4e-15   54.5   4.6   2   3   0.00045     0.065   10.3   0.1   139   184   882   929   877  1045 0.71 length=1330	scaffold=chromosome1	strand=+
4335_g               -           1329 68760                -            392   2.4e-15   54.5   4.6   3   3   3.4e-14   4.9e-12   43.6   0.7   262   380  1172  1307  1152  1318 0.67 length=1330	scaffold=chromosome1	strand=+
1553_g               -           2830 68760                -            392   4.3e-12   43.8   1.6   1   1   1.1e-13   1.5e-11   42.0   1.6   257   381  1672  1796  1403  1808 0.87 length=2831	scaffold=chromosome14	strand=+
#
# Program:         hmmsearch
# Version:         3.4 (Aug 2023)
# Pipeline mode:   SEARCH
# Query file:      /home/inf-20-2025/Malaria/busco_downloads/lineages/apicomplexa_odb12/hmms/68760at5794.hmm
# Target file:     /home/inf-20-2025/Malaria/Results/6_nobird_annotation/P_faciparum.faa
# Option settings: hmmsearch --domtblout Results/8_busco/P_faciparum/run_apicomplexa_odb12/hmmer_output/initial_run_results/68760at5794.out --cpu 1 /home/inf-20-2025/Malaria/busco_downloads/lineages/apicomplexa_odb12/hmms/68760at5794.hmm /home/inf-20-2025/Malaria/Results/6_nobird_annotation/P_faciparum.faa 
# Current dir:     /home/inf-20-2025/Malaria
# Date:            Wed Mar  4 18:31:19 2026
# [ok]
