#                                                                            --- full sequence --- -------------- this domain -------------   hmm coord   ali coord   env coord
# target name        accession   tlen query name           accession   qlen   E-value  score  bias   #  of  c-Evalue  i-Evalue  score  bias  from    to  from    to  from    to  acc description of target
#------------------- ---------- ----- -------------------- ---------- ----- --------- ------ ----- --- --- --------- --------- ------ ----- ----- ----- ----- ----- ----- ----- ---- ---------------------
359_g                -            568 68790                -            474  3.3e-239  792.4  16.2   1   1  5.4e-241  4.7e-239  791.9  16.2     9   473    96   566    92   567 0.97 length=569	scaffold=chromosome13	strand=-
3493_g               -            509 68790                -            474  2.3e-172  572.0   7.1   1   1  3.4e-174  2.9e-172  571.6   7.1    14   462    53   501    43   507 0.95 length=510	scaffold=chromosome6	strand=+
3801_g               -            546 68790                -            474  3.7e-149  495.4  20.7   1   1  6.6e-151  5.8e-149  494.8  16.0    29   471   110   543    85   545 0.93 length=547	scaffold=chromosome3	strand=+
4905_g               -            524 68790                -            474  7.6e-140  464.7  19.0   1   1  1.8e-141  1.6e-139  463.7  19.0    32   472    52   517    37   519 0.89 length=525	scaffold=chromosome2	strand=+
1145_g               -            528 68790                -            474  5.3e-136  452.0  14.3   1   1  1.1e-137  9.3e-136  451.3  14.3    11   471    43   523    35   525 0.88 length=529	scaffold=chromosome7	strand=+
2751_g               -           1617 68790                -            474     6e-93  310.1  27.1   1   2    0.0043      0.37    7.4   1.7   392   470  1052  1136  1018  1139 0.76 length=1618	scaffold=chromosome11	strand=+
2751_g               -           1617 68790                -            474     6e-93  310.1  27.1   2   2   6.1e-94   5.3e-92  307.0  17.9     6   470  1145  1613  1140  1616 0.88 length=1618	scaffold=chromosome11	strand=+
2754_g               -           2265 68790                -            474   6.2e-72  240.8   2.9   1   2   0.00086     0.075    9.7   1.4   378   434    71   127    65   164 0.69 length=2266	scaffold=chromosome11	strand=+
2754_g               -           2265 68790                -            474   6.2e-72  240.8   2.9   2   2   7.1e-74   6.2e-72  240.8   2.9    27   301  1812  2087  1784  2096 0.91 length=2266	scaffold=chromosome11	strand=+
1505_g               -            293 68790                -            474   1.8e-66  222.8   9.9   1   1   2.5e-68   2.2e-66  222.5   9.9    36   293    22   290     7   293 0.88 length=294	scaffold=chromosome14	strand=+
2391_g               -            509 68790                -            474   6.6e-66  220.9   6.2   1   1     1e-67   8.7e-66  220.5   6.2    33   332   108   406    86   480 0.86 length=510	scaffold=chromosome12	strand=-
1785_g               -            765 68790                -            474   5.9e-57  191.4  15.0   1   2       0.2        17    1.9   1.9   418   471   195   253   128   256 0.78 length=766	scaffold=chromosome14	strand=+
1785_g               -            765 68790                -            474   5.9e-57  191.4  15.0   2   2   6.8e-59   5.9e-57  191.4  15.0    29   298   388   654   361   681 0.89 length=766	scaffold=chromosome14	strand=+
1619_g               -            868 68790                -            474   1.1e-51  174.0   0.5   1   2       4.2   3.6e+02   -2.4   0.0    13    54   189   230   182   241 0.82 length=869	scaffold=chromosome14	strand=-
1619_g               -            868 68790                -            474   1.1e-51  174.0   0.5   2   2   2.9e-53   2.5e-51  172.8   0.1    28   282   547   799   536   846 0.84 length=869	scaffold=chromosome14	strand=-
2463_g               -            735 68790                -            474   3.4e-51  172.4   0.4   1   1   8.2e-53   7.1e-51  171.4   0.4    41   294   407   663   393   693 0.89 length=736	scaffold=chromosome12	strand=-
148_g                -            367 68790                -            474   3.2e-47  159.3   6.9   1   2       5.9   5.2e+02   -2.9   0.0    65   410    37    54     8    66 0.54 length=368	scaffold=chromosome13	strand=+
148_g                -            367 68790                -            474   3.2e-47  159.3   6.9   2   2   3.7e-49   3.2e-47  159.3   6.9    27   296    98   366    75   367 0.89 length=368	scaffold=chromosome13	strand=+
3793_g               -           1818 68790                -            474   9.8e-47  157.7   3.1   1   1   1.1e-48   9.8e-47  157.7   3.1    35   294  1379  1649  1353  1705 0.85 length=1819	scaffold=chromosome3	strand=-
1745_g               -            376 68790                -            474   6.7e-46  155.0   9.3   1   1   9.7e-48   8.4e-46  154.6   9.3    32   311    38   331     5   359 0.81 length=377	scaffold=chromosome14	strand=+
5125_g               -            699 68790                -            474   4.8e-44  148.8   4.2   1   2   1.6e-38   1.4e-36  124.2   2.9    39   243   356   567   335   571 0.85 length=700	scaffold=chromosome4	strand=-
5125_g               -            699 68790                -            474   4.8e-44  148.8   4.2   2   2   5.6e-08   4.8e-06   23.5   0.0   259   301   624   666   581   687 0.80 length=700	scaffold=chromosome4	strand=-
1663_g               -           2247 68790                -            474   1.3e-43  147.4   7.2   1   1   1.5e-45   1.3e-43  147.4   7.2    40   296   122   406    89   424 0.82 length=2248	scaffold=chromosome14	strand=+
1569_g               -            914 68790                -            474   4.6e-43  145.6   6.3   1   2   4.7e-38   4.1e-36  122.7   3.5    29   245    16   239     8   264 0.86 length=915	scaffold=chromosome14	strand=-
1569_g               -            914 68790                -            474   4.6e-43  145.6   6.3   2   2     1e-07   8.7e-06   22.7   0.0   259   307   280   328   258   333 0.88 length=915	scaffold=chromosome14	strand=-
534_g                -            288 68790                -            474     6e-42  141.9   0.0   1   2   2.6e-38   2.3e-36  123.5   0.1    41   261     8   229     2   234 0.85 length=289	scaffold=chromosome13	strand=-
534_g                -            288 68790                -            474     6e-42  141.9   0.0   2   2   6.9e-06    0.0006   16.6   0.0   260   293   253   286   240   288 0.89 length=289	scaffold=chromosome13	strand=-
3442_g               -            353 68790                -            474   6.4e-42  141.8   0.2   1   1   9.5e-44   8.2e-42  141.5   0.2    42   295    37   311    18   323 0.84 length=354	scaffold=chromosome6	strand=+
1125_g               -            517 68790                -            474   7.3e-39  131.8  14.9   1   2   4.8e-18   4.2e-16   56.7  10.1    13   172   192   351   182   377 0.81 length=518	scaffold=chromosome7	strand=-
1125_g               -            517 68790                -            474   7.3e-39  131.8  14.9   2   2   2.3e-24     2e-22   77.6   0.1   169   294   392   513   380   517 0.88 length=518	scaffold=chromosome7	strand=-
2290_g               -           1057 68790                -            474   2.5e-36  123.4   0.7   1   1   2.9e-38   2.5e-36  123.4   0.7    41   298    19   305     9   318 0.80 length=1058	scaffold=chromosome12	strand=+
2618_g               -            335 68790                -            474   4.9e-36  122.4   4.8   1   2   5.2e-34   4.5e-32  109.4   2.4    36   245    43   249    34   264 0.86 length=336	scaffold=chromosome11	strand=+
2618_g               -            335 68790                -            474   4.9e-36  122.4   4.8   2   2   5.9e-05    0.0051   13.6   0.0   261   295   298   332   279   335 0.85 length=336	scaffold=chromosome11	strand=+
2584_g               -           1620 68790                -            474   1.2e-35  121.2  20.5   1   4   1.1e-24   9.7e-23   78.6  10.0    52   172   191   314   186   338 0.88 length=1621	scaffold=chromosome11	strand=+
2584_g               -           1620 68790                -            474   1.2e-35  121.2  20.5   2   4       0.7        61    0.1   2.7   397   468   559   631   514   633 0.83 length=1621	scaffold=chromosome11	strand=+
2584_g               -           1620 68790                -            474   1.2e-35  121.2  20.5   3   4   1.8e-18   1.5e-16   58.2   2.7   184   308   622   753   611   769 0.79 length=1621	scaffold=chromosome11	strand=+
2584_g               -           1620 68790                -            474   1.2e-35  121.2  20.5   4   4       2.4   2.1e+02   -1.6   0.9    13    70  1036  1092  1025  1111 0.70 length=1621	scaffold=chromosome11	strand=+
4267_g               -            328 68790                -            474     3e-35  119.9   1.1   1   1   6.8e-37   5.9e-35  118.9   1.1    49   311    41   297    18   322 0.77 length=329	scaffold=chromosome9	strand=+
1160_g               -            310 68790                -            474   3.6e-35  119.6   4.3   1   1   5.3e-37   4.6e-35  119.2   4.3    41   297     8   266     2   285 0.81 length=311	scaffold=chromosome7	strand=+
3137_g               -            324 68790                -            474     6e-35  118.8   8.2   1   2   1.1e-32   9.5e-31  105.0   7.7    30   244     3   236     1   249 0.83 length=325	scaffold=chromosome10	strand=+
3137_g               -            324 68790                -            474     6e-35  118.8   8.2   2   2   0.00034      0.03   11.0   0.0   261   291   277   307   262   316 0.84 length=325	scaffold=chromosome10	strand=+
493_g                -            595 68790                -            474   7.6e-34  115.2  23.6   1   1   2.1e-34   1.9e-32  110.6  23.6    66   441    56   403    51   425 0.90 length=596	scaffold=chromosome13	strand=-
1595_g               -            149 68790                -            474   1.1e-33  114.7   5.1   1   1   1.4e-35   1.2e-33  114.6   5.1   328   472     2   148     1   149 0.87 length=150	scaffold=chromosome14	strand=-
2666_g               -            508 68790                -            474   1.3e-33  114.4   7.3   1   3   1.8e-23   1.6e-21   74.6   6.2    14   189    84   261    72   267 0.83 length=509	scaffold=chromosome11	strand=-
2666_g               -            508 68790                -            474   1.3e-33  114.4   7.3   2   3   8.1e-06    0.0007   16.4   0.0   188   227   286   327   281   331 0.85 length=509	scaffold=chromosome11	strand=-
2666_g               -            508 68790                -            474   1.3e-33  114.4   7.3   3   3   3.7e-07   3.2e-05   20.8   0.0   254   304   409   459   373   477 0.82 length=509	scaffold=chromosome11	strand=-
354_g                -           1506 68790                -            474   3.3e-33  113.1   7.4   1   3   3.8e-35   3.3e-33  113.1   7.4    42   304    14   306     5   314 0.77 length=1507	scaffold=chromosome13	strand=+
354_g                -           1506 68790                -            474   3.3e-33  113.1   7.4   2   3      0.22        19    1.7   0.2   221   246   315   340   312   365 0.83 length=1507	scaffold=chromosome13	strand=+
354_g                -           1506 68790                -            474   3.3e-33  113.1   7.4   3   3       1.1        97   -0.6   0.7    68   103   693   729   676   740 0.78 length=1507	scaffold=chromosome13	strand=+
3822_g               -            436 68790                -            474   3.8e-32  109.6   3.2   1   1   6.6e-33   5.7e-31  105.7   2.0    17   296    44   354    29   384 0.70 length=437	scaffold=chromosome3	strand=-
4685_g               -            295 68790                -            474   1.2e-31  108.0   3.2   1   1   1.7e-33   1.5e-31  107.7   3.2    41   303    14   288     4   294 0.80 length=296	scaffold=chromosome5	strand=+
5101_g               -           1339 68790                -            474   1.3e-29  101.3  10.3   1   3   1.1e-05   0.00096   15.9   1.3    38   100   417   481   382   486 0.78 length=1340	scaffold=chromosome4	strand=+
5101_g               -           1339 68790                -            474   1.3e-29  101.3  10.3   2   3   7.9e-21   6.9e-19   65.9   0.0   128   245   715   833   707   846 0.88 length=1340	scaffold=chromosome4	strand=+
5101_g               -           1339 68790                -            474   1.3e-29  101.3  10.3   3   3   6.8e-08   5.9e-06   23.3   0.6   233   314   862   942   855  1022 0.60 length=1340	scaffold=chromosome4	strand=+
2673_g               -            699 68790                -            474     2e-28   97.4  12.4   1   3      0.95        83   -0.3   0.9   424   459   109   144   101   155 0.87 length=700	scaffold=chromosome11	strand=+
2673_g               -            699 68790                -            474     2e-28   97.4  12.4   2   3   8.2e-28   7.1e-26   88.9   4.4    26   255   354   588   342   603 0.84 length=700	scaffold=chromosome11	strand=+
2673_g               -            699 68790                -            474     2e-28   97.4  12.4   3   3   0.00024     0.021   11.5   0.0   262   296   658   692   645   698 0.84 length=700	scaffold=chromosome11	strand=+
4876_g               -           1725 68790                -            474   3.5e-26   89.9  21.7   1   2   2.1e-19   1.8e-17   61.2   8.8    43   171  1236  1370  1197  1381 0.84 length=1726	scaffold=chromosome2	strand=+
4876_g               -           1725 68790                -            474   3.5e-26   89.9  21.7   2   2   3.2e-12   2.7e-10   37.5   0.0   177   289  1604  1719  1579  1725 0.80 length=1726	scaffold=chromosome2	strand=+
3534_g               -            705 68790                -            474   9.6e-26   88.5   7.4   1   5      0.27        24    1.5   0.1    40    58    23    41     6    47 0.74 length=706	scaffold=chromosome6	strand=+
3534_g               -            705 68790                -            474   9.6e-26   88.5   7.4   2   5      0.13        11    2.5   0.0    81   107    98   125    84   131 0.86 length=706	scaffold=chromosome6	strand=+
3534_g               -            705 68790                -            474   9.6e-26   88.5   7.4   3   5   4.8e-17   4.2e-15   53.4   0.0   102   211   157   273   143   278 0.84 length=706	scaffold=chromosome6	strand=+
3534_g               -            705 68790                -            474   9.6e-26   88.5   7.4   4   5    0.0012      0.11    9.2   0.0   209   242   385   418   382   432 0.87 length=706	scaffold=chromosome6	strand=+
3534_g               -            705 68790                -            474   9.6e-26   88.5   7.4   5   5   2.7e-07   2.3e-05   21.3   0.0   259   295   467   503   450   568 0.79 length=706	scaffold=chromosome6	strand=+
3867_g               -           1581 68790                -            474   5.9e-25   85.9   5.7   1   3   5.8e-05    0.0051   13.6   0.1    30   101   903   980   870   985 0.75 length=1582	scaffold=chromosome3	strand=-
3867_g               -           1581 68790                -            474   5.9e-25   85.9   5.7   2   3   1.5e-14   1.3e-12   45.2   0.1   128   245  1350  1480  1346  1485 0.83 length=1582	scaffold=chromosome3	strand=-
3867_g               -           1581 68790                -            474   5.9e-25   85.9   5.7   3   3   3.4e-09   2.9e-07   27.5   0.0   243   302  1509  1569  1498  1576 0.83 length=1582	scaffold=chromosome3	strand=-
873_g                -            883 68790                -            474   5.3e-24   82.8  21.7   1   4   4.9e-10   4.2e-08   30.3   1.6    41   112    39   111     5   117 0.76 length=884	scaffold=chromosome8	strand=+
873_g                -            883 68790                -            474   5.3e-24   82.8  21.7   2   4   9.7e-08   8.5e-06   22.7   0.5   113   170   278   335   254   349 0.84 length=884	scaffold=chromosome8	strand=+
873_g                -            883 68790                -            474   5.3e-24   82.8  21.7   3   4       1.4   1.2e+02   -0.8   0.2   402   435   361   394   350   427 0.77 length=884	scaffold=chromosome8	strand=+
873_g                -            883 68790                -            474   5.3e-24   82.8  21.7   4   4   1.8e-13   1.6e-11   41.6   1.2   162   296   654   806   636   826 0.78 length=884	scaffold=chromosome8	strand=+
4366_g               -            168 68790                -            474   9.4e-23   78.6   7.4   1   1   1.3e-24   1.1e-22   78.4   7.4   330   472    20   164    17   166 0.90 length=169	scaffold=chromosome1	strand=+
156_g                -            300 68790                -            474   1.5e-22   78.0   3.0   1   1   2.9e-24   2.5e-22   77.2   3.0    35   239    13   214     2   265 0.77 length=301	scaffold=chromosome13	strand=-
1694_g               -           1558 68790                -            474   2.1e-22   77.5   0.1   1   3       6.6   5.7e+02   -3.1   0.5    17    49   340   372   274   382 0.63 length=1559	scaffold=chromosome14	strand=-
1694_g               -           1558 68790                -            474   2.1e-22   77.5   0.1   2   3      0.15        13    2.3  14.3    35   163   429   566   404   586 0.59 length=1559	scaffold=chromosome14	strand=-
1694_g               -           1558 68790                -            474   2.1e-22   77.5   0.1   3   3   2.4e-24   2.1e-22   77.5   0.1   104   298   606   796   600   819 0.84 length=1559	scaffold=chromosome14	strand=-
3907_g               -            319 68790                -            474   1.2e-21   75.0   3.2   1   2       3.5   3.1e+02   -2.2   0.0   289   332    37    79    19    80 0.75 length=320	scaffold=chromosome3	strand=+
3907_g               -            319 68790                -            474   1.2e-21   75.0   3.2   2   2   1.4e-23   1.3e-21   74.9   2.1    94   304    81   293    75   305 0.88 length=320	scaffold=chromosome3	strand=+
370_g                -            931 68790                -            474   7.8e-20   69.0   0.4   1   3      0.03       2.6    4.6   0.1    40    96   431   486   414   508 0.66 length=932	scaffold=chromosome13	strand=-
370_g                -            931 68790                -            474   7.8e-20   69.0   0.4   2   3   3.5e-12     3e-10   37.4   0.0   135   238   563   675   550   687 0.76 length=932	scaffold=chromosome13	strand=-
370_g                -            931 68790                -            474   7.8e-20   69.0   0.4   3   3   7.6e-08   6.6e-06   23.1   0.0   227   293   857   930   850   931 0.72 length=932	scaffold=chromosome13	strand=-
1714_g               -            168 68790                -            474   5.1e-19   66.3   2.1   1   1   6.9e-21     6e-19   66.1   2.1   332   473    22   165    19   166 0.89 length=169	scaffold=chromosome14	strand=-
2041_g               -            299 68790                -            474   1.2e-18   65.1   6.4   1   1   1.6e-20   1.4e-18   64.9   6.4    74   291    64   281    34   297 0.83 length=300	scaffold=chromosome12	strand=-
1762_g               -            177 68790                -            474   4.5e-18   63.2   5.7   1   1   6.4e-20   5.5e-18   62.9   5.7   328   472    19   166    15   168 0.86 length=178	scaffold=chromosome14	strand=-
1679_g               -           1268 68790                -            474   5.6e-18   62.9  25.5   1   5       8.8   7.7e+02   -3.5   0.8   239   317   142   229   137   264 0.47 length=1269	scaffold=chromosome14	strand=-
1679_g               -           1268 68790                -            474   5.6e-18   62.9  25.5   2   5       5.6   4.8e+02   -2.8   0.4   308   341   596   628   538   643 0.64 length=1269	scaffold=chromosome14	strand=-
1679_g               -           1268 68790                -            474   5.6e-18   62.9  25.5   3   5     1e-11   9.1e-10   35.8   1.2    88   169   830   911   824   917 0.87 length=1269	scaffold=chromosome14	strand=-
1679_g               -           1268 68790                -            474   5.6e-18   62.9  25.5   4   5   2.5e-09   2.2e-07   27.9   0.1   161   228  1029  1095  1017  1106 0.88 length=1269	scaffold=chromosome14	strand=-
1679_g               -           1268 68790                -            474   5.6e-18   62.9  25.5   5   5   8.6e-06   0.00075   16.3   0.0   235   293  1203  1261  1197  1265 0.86 length=1269	scaffold=chromosome14	strand=-
3261_g               -            498 68790                -            474   2.5e-17   60.7   9.4   1   1   4.3e-18   3.7e-16   56.9   9.4   331   472    32   175    30   177 0.89 length=499	scaffold=chromosome10	strand=-
2875_g               -            372 68790                -            474   4.5e-15   53.3   0.3   1   1   1.4e-16   1.2e-14   51.8   0.3    32   236     5   216     1   242 0.75 length=373	scaffold=chromosome11	strand=-
4864_g               -            320 68790                -            474     6e-15   52.9   1.4   1   1   1.5e-16   1.3e-14   51.8   1.1   132   286   146   316    75   319 0.77 length=321	scaffold=chromosome2	strand=+
2590_g               -            168 68790                -            474   5.3e-12   43.2   7.4   1   1   9.4e-14   8.1e-12   42.6   7.4   335   470    15   152     5   156 0.88 length=169	scaffold=chromosome11	strand=+
2620_g               -            343 68790                -            474   7.6e-12   42.7  14.5   1   2   2.9e-12   2.5e-10   37.6   7.7   338   468    63   199    53   205 0.85 length=344	scaffold=chromosome11	strand=-
2620_g               -            343 68790                -            474   7.6e-12   42.7  14.5   2   2    0.0013      0.12    9.1   0.5   403   449   210   257   203   268 0.74 length=344	scaffold=chromosome11	strand=-
1691_g               -            209 68790                -            474     2e-09   34.7   4.9   1   1   1.7e-10   1.5e-08   31.8   4.8   330   459    39   175    37   187 0.80 length=210	scaffold=chromosome14	strand=+
3443_g               -            160 68790                -            474   4.2e-09   33.6  12.0   1   1   5.6e-11   4.9e-09   33.4  12.0   331   470    20   157    16   160 0.92 length=161	scaffold=chromosome6	strand=-
4212_g               -            833 68790                -            474   5.2e-08   30.0   0.6   1   3       7.5   6.5e+02   -3.3   0.1   425   458    72   105    64   113 0.75 length=834	scaffold=chromosome9	strand=+
4212_g               -            833 68790                -            474   5.2e-08   30.0   0.6   2   3      0.11       9.4    2.8  19.0    57   177   563   683   556   692 0.67 length=834	scaffold=chromosome9	strand=+
4212_g               -            833 68790                -            474   5.2e-08   30.0   0.6   3   3     6e-10   5.2e-08   30.0   0.6   174   290   707   829   699   832 0.74 length=834	scaffold=chromosome9	strand=+
829_g                -            261 68790                -            474   9.1e-08   29.2   8.7   1   1   1.3e-09   1.2e-07   28.9   8.7   330   468    83   228    35   232 0.76 length=262	scaffold=chromosome8	strand=+
3643_g               -            139 68790                -            474   2.1e-06   24.7   0.4   1   1   2.8e-08   2.4e-06   24.5   0.4   410   468    80   135    40   139 0.88 length=140	scaffold=chromosome6	strand=-
5090_g               -            150 68790                -            474   3.1e-05   20.9   3.7   1   1   4.3e-07   3.7e-05   20.6   3.7   329   468     4   145     2   150 0.81 length=151	scaffold=chromosome4	strand=-
2458_g               -            204 68790                -            474     0.012   12.3   1.0   1   1   0.00016     0.014   12.1   1.0   375   466   113   198    55   203 0.69 length=205	scaffold=chromosome12	strand=+
#
# Program:         hmmsearch
# Version:         3.4 (Aug 2023)
# Pipeline mode:   SEARCH
# Query file:      /home/inf-20-2025/Malaria/busco_downloads/lineages/apicomplexa_odb12/hmms/68790at5794.hmm
# Target file:     /home/inf-20-2025/Malaria/Results/6_nobird_annotation/P_faciparum.faa
# Option settings: hmmsearch --domtblout Results/8_busco/P_faciparum/run_apicomplexa_odb12/hmmer_output/initial_run_results/68790at5794.out --cpu 1 /home/inf-20-2025/Malaria/busco_downloads/lineages/apicomplexa_odb12/hmms/68790at5794.hmm /home/inf-20-2025/Malaria/Results/6_nobird_annotation/P_faciparum.faa 
# Current dir:     /home/inf-20-2025/Malaria
# Date:            Wed Mar  4 18:31:18 2026
# [ok]
