#                                                                            --- full sequence --- -------------- this domain -------------   hmm coord   ali coord   env coord
# target name        accession   tlen query name           accession   qlen   E-value  score  bias   #  of  c-Evalue  i-Evalue  score  bias  from    to  from    to  from    to  acc description of target
#------------------- ---------- ----- -------------------- ---------- ----- --------- ------ ----- --- --- --------- --------- ------ ----- ----- ----- ----- ----- ----- ----- ---- ---------------------
3414_g               -            252 68860                -            219   8.5e-87  288.7  28.0   1   2   1.7e-19   1.8e-16   58.8   1.5     1    66     3    69     3    74 0.92 length=253	scaffold=chromosome6	strand=+
3414_g               -            252 68860                -            219   8.5e-87  288.7  28.0   2   2   3.5e-73   3.6e-70  234.3  20.7    49   219    69   252    66   252 0.89 length=253	scaffold=chromosome6	strand=+
3460_g               -            472 68860                -            219   3.9e-05   21.7  24.6   1   2       1.6   1.7e+03   -3.3   0.6    32    55    64    87    30   112 0.46 length=473	scaffold=chromosome6	strand=+
3460_g               -            472 68860                -            219   3.9e-05   21.7  24.6   2   2   3.7e-08   3.9e-05   21.7  24.6    42   219   289   469   279   469 0.64 length=473	scaffold=chromosome6	strand=+
2542_g               -            328 68860                -            219     0.051   11.5   6.1   1   4      0.28     3e+02   -0.8   0.0    53    82    11    40     3    77 0.65 length=329	scaffold=chromosome11	strand=-
2542_g               -            328 68860                -            219     0.051   11.5   6.1   2   4     0.017        18    3.2   0.2    15    72   122   179    52   192 0.71 length=329	scaffold=chromosome11	strand=-
2542_g               -            328 68860                -            219     0.051   11.5   6.1   3   4     0.018        18    3.1   0.1    16    75   175   234   174   241 0.82 length=329	scaffold=chromosome11	strand=-
2542_g               -            328 68860                -            219     0.051   11.5   6.1   4   4    0.0012       1.3    6.9   0.2    15    74   242   301   231   314 0.80 length=329	scaffold=chromosome11	strand=-
2524_g               -            188 68860                -            219      0.27    9.1   8.8   1   2      0.58     6e+02   -1.8   0.1    40    62    51    73    42    91 0.61 length=189	scaffold=chromosome12	strand=-
2524_g               -            188 68860                -            219      0.27    9.1   8.8   2   2   9.5e-05     0.099   10.6   6.1    10    74    92   157    84   179 0.71 length=189	scaffold=chromosome12	strand=-
2537_g               -            359 68860                -            219      0.46    8.4   8.4   1   4     0.033        34    2.3   0.2    15    75    50   110    22   132 0.69 length=360	scaffold=chromosome12	strand=+
2537_g               -            359 68860                -            219      0.46    8.4   8.4   2   4     0.015        15    3.4   0.3    16    72    99   155    77   169 0.55 length=360	scaffold=chromosome12	strand=+
2537_g               -            359 68860                -            219      0.46    8.4   8.4   3   4     0.017        18    3.2   2.7    29    75   160   206   122   318 0.69 length=360	scaffold=chromosome12	strand=+
2537_g               -            359 68860                -            219      0.46    8.4   8.4   4   4     0.044        46    1.8   0.1    17    73   280   336   261   352 0.52 length=360	scaffold=chromosome12	strand=+
#
# Program:         hmmsearch
# Version:         3.4 (Aug 2023)
# Pipeline mode:   SEARCH
# Query file:      /home/inf-20-2025/Malaria/busco_downloads/lineages/apicomplexa_odb12/hmms/68860at5794.hmm
# Target file:     /home/inf-20-2025/Malaria/Results/6_nobird_annotation/P_faciparum.faa
# Option settings: hmmsearch --domtblout Results/8_busco/P_faciparum/run_apicomplexa_odb12/hmmer_output/initial_run_results/68860at5794.out --cpu 1 /home/inf-20-2025/Malaria/busco_downloads/lineages/apicomplexa_odb12/hmms/68860at5794.hmm /home/inf-20-2025/Malaria/Results/6_nobird_annotation/P_faciparum.faa 
# Current dir:     /home/inf-20-2025/Malaria
# Date:            Wed Mar  4 18:31:20 2026
# [ok]
