#                                                                            --- full sequence --- -------------- this domain -------------   hmm coord   ali coord   env coord
# target name        accession   tlen query name           accession   qlen   E-value  score  bias   #  of  c-Evalue  i-Evalue  score  bias  from    to  from    to  from    to  acc description of target
#------------------- ---------- ----- -------------------- ---------- ----- --------- ------ ----- --- --- --------- --------- ------ ----- ----- ----- ----- ----- ----- ----- ---- ---------------------
5165_g               -            390 68894                -            390  1.5e-230  762.9   4.8   1   1  1.2e-232  1.7e-230  762.7   4.8     2   390     2   390     1   390 0.99 length=391	scaffold=chromosome4	strand=+
1914_g               -            398 68894                -            390  3.6e-180  597.1   2.5   1   1  2.9e-182  4.2e-180  596.9   2.5    12   389    18   397     4   398 0.98 length=399	scaffold=chromosome14	strand=+
3901_g               -            433 68894                -            390   5.8e-98  326.4   0.1   1   1    5e-100   7.2e-98  326.1   0.1    16   387    59   428    45   431 0.96 length=434	scaffold=chromosome3	strand=+
4836_g               -            474 68894                -            390   3.7e-83  277.7   4.8   1   1   1.2e-83   1.7e-81  272.2   4.8    18   386    56   449    44   452 0.90 length=475	scaffold=chromosome2	strand=-
1829_g               -            741 68894                -            390   1.7e-78  262.3   9.2   1   1   1.5e-78   2.2e-76  255.4   9.2     8   383   313   726   306   733 0.87 length=742	scaffold=chromosome14	strand=+
1708_g               -            527 68894                -            390   2.2e-68  229.1   0.0   1   1     2e-70   2.8e-68  228.7   0.0    16   374   112   478    97   493 0.90 length=528	scaffold=chromosome14	strand=+
4703_g               -            665 68894                -            390   5.9e-68  227.7   0.0   1   1   5.6e-70   8.1e-68  227.2   0.0    16   376   216   589   209   602 0.88 length=666	scaffold=chromosome5	strand=+
4520_g               -           1490 68894                -            390   5.3e-66  221.2   4.3   1   1   6.8e-68   9.9e-66  220.3   4.3    17   388   723  1108   714  1110 0.89 length=1491	scaffold=chromosome5	strand=+
4615_g               -           1123 68894                -            390   9.4e-66  220.4   0.0   1   2   1.1e-29   1.5e-27   94.6   0.0    18   189   699   878   693   898 0.91 length=1124	scaffold=chromosome5	strand=-
4615_g               -           1123 68894                -            390   9.4e-66  220.4   0.0   2   2   1.9e-38   2.7e-36  123.4   0.0   195   386   908  1097   900  1100 0.93 length=1124	scaffold=chromosome5	strand=-
4480_g               -            755 68894                -            390   1.8e-64  216.2   0.7   1   2   3.8e-06   0.00054   17.1   0.0    35    79   161   205   136   215 0.82 length=756	scaffold=chromosome5	strand=+
4480_g               -            755 68894                -            390   1.8e-64  216.2   0.7   2   2   8.6e-61   1.2e-58  197.0   0.6    80   380   252   556   242   567 0.89 length=756	scaffold=chromosome5	strand=+
4914_g               -            562 68894                -            390     8e-64  214.0   2.3   1   1     8e-66   1.2e-63  213.5   2.3    11   382   150   520   140   526 0.93 length=563	scaffold=chromosome2	strand=-
2278_g               -            742 68894                -            390   2.9e-62  208.9   1.7   1   2   3.6e-06   0.00052   17.1   0.0    14    79   285   349   272   364 0.85 length=743	scaffold=chromosome12	strand=-
2278_g               -            742 68894                -            390   2.9e-62  208.9   1.7   2   2   1.1e-58   1.6e-56  190.0   1.2    83   361   425   705   418   719 0.94 length=743	scaffold=chromosome12	strand=-
773_g                -            941 68894                -            390   2.3e-59  199.4   1.1   1   1   5.2e-58   7.5e-56  187.8   1.1     9   372   352   761   347   779 0.84 length=942	scaffold=chromosome8	strand=+
3299_g               -            917 68894                -            390   1.3e-58  196.9   1.9   1   1   1.6e-60   2.3e-58  196.1   1.9    24   371   533   897   514   909 0.87 length=918	scaffold=chromosome10	strand=+
3680_g               -            600 68894                -            390     4e-57  192.0   0.6   1   1     4e-59   5.7e-57  191.5   0.6     8   384   138   518   131   524 0.92 length=601	scaffold=chromosome6	strand=-
312_g                -            490 68894                -            390   4.5e-57  191.8   4.2   1   1     4e-59   5.8e-57  191.4   4.2    14   382    67   444    55   452 0.90 length=491	scaffold=chromosome13	strand=-
926_g                -           1289 68894                -            390   8.5e-56  187.6   5.7   1   1   9.8e-58   1.4e-55  186.9   5.7     7   372   149   522   142   533 0.90 length=1290	scaffold=chromosome8	strand=-
2508_g               -            700 68894                -            390   2.7e-50  169.5  12.6   1   3     1e-27   1.4e-25   88.1   0.0    19   218    84   297    66   304 0.87 length=701	scaffold=chromosome12	strand=+
2508_g               -            700 68894                -            390   2.7e-50  169.5  12.6   2   3   1.1e-27   1.6e-25   88.0   3.4   214   369   339   495   325   519 0.86 length=701	scaffold=chromosome12	strand=+
2508_g               -            700 68894                -            390   2.7e-50  169.5  12.6   3   3       9.6   1.4e+03   -4.0   0.5   198   239   539   578   520   585 0.62 length=701	scaffold=chromosome12	strand=+
1462_g               -            996 68894                -            390   4.5e-43  145.7   7.5   1   1   5.2e-45   7.5e-43  145.0   7.5    16   363   122   481   103   503 0.80 length=997	scaffold=chromosome14	strand=-
74_g                 -            630 68894                -            390   2.7e-42  143.1   8.8   1   2       8.3   1.2e+03   -3.8   0.5   212   285    30   103    19   123 0.60 length=631	scaffold=chromosome13	strand=+
74_g                 -            630 68894                -            390   2.7e-42  143.1   8.8   2   2   1.9e-44   2.7e-42  143.1   8.8    27   375   163   525   135   538 0.80 length=631	scaffold=chromosome13	strand=+
3207_g               -            680 68894                -            390   3.2e-39  133.0  10.9   1   2   3.8e-07   5.5e-05   20.3   0.0    28    76   192   241   171   254 0.84 length=681	scaffold=chromosome10	strand=-
3207_g               -            680 68894                -            390   3.2e-39  133.0  10.9   2   2   1.2e-34   1.8e-32  110.8  10.4    86   386   301   613   286   616 0.85 length=681	scaffold=chromosome10	strand=-
4646_g               -            841 68894                -            390   2.2e-38  130.3  10.8   1   5   1.4e-09     2e-07   28.4   0.0    17    84     2    69     1    77 0.95 length=842	scaffold=chromosome5	strand=+
4646_g               -            841 68894                -            390   2.2e-38  130.3  10.8   2   5       1.3   1.9e+02   -1.2   0.0    18    41   140   163   125   169 0.85 length=842	scaffold=chromosome5	strand=+
4646_g               -            841 68894                -            390   2.2e-38  130.3  10.8   3   5       3.1   4.4e+02   -2.4   0.0   209   257   227   278   216   338 0.67 length=842	scaffold=chromosome5	strand=+
4646_g               -            841 68894                -            390   2.2e-38  130.3  10.8   4   5   1.2e-15   1.7e-13   48.3   0.4    82   222   340   487   330   512 0.83 length=842	scaffold=chromosome5	strand=+
4646_g               -            841 68894                -            390   2.2e-38  130.3  10.8   5   5   3.4e-18   4.9e-16   56.7   0.9   274   364   623   713   540   719 0.83 length=842	scaffold=chromosome5	strand=+
3909_g               -            735 68894                -            390   4.6e-38  129.2  12.0   1   1   3.3e-37   4.8e-35  119.3  12.0    24   378   261   643   250   655 0.79 length=736	scaffold=chromosome3	strand=+
1180_g               -            918 68894                -            390   4.2e-36  122.8  10.8   1   4   6.4e-24   9.3e-22   75.6   0.2    24   188   199   373   184   384 0.83 length=919	scaffold=chromosome7	strand=+
1180_g               -            918 68894                -            390   4.2e-36  122.8  10.8   2   4      0.29        42    1.0   0.1   177   215   411   449   379   463 0.74 length=919	scaffold=chromosome7	strand=+
1180_g               -            918 68894                -            390   4.2e-36  122.8  10.8   3   4         9   1.3e+03   -3.9   0.3   228   277   540   590   539   611 0.70 length=919	scaffold=chromosome7	strand=+
1180_g               -            918 68894                -            390   4.2e-36  122.8  10.8   4   4   1.1e-16   1.6e-14   51.8   0.1   279   369   686   776   677   789 0.91 length=919	scaffold=chromosome7	strand=+
1701_g               -            796 68894                -            390   1.2e-35  121.3   8.5   1   2   4.8e-25     7e-23   79.3   3.4    20   245   239   482   221   513 0.73 length=797	scaffold=chromosome14	strand=+
1701_g               -            796 68894                -            390   1.2e-35  121.3   8.5   2   2     2e-14   2.8e-12   44.3   0.2   277   367   589   680   528   697 0.89 length=797	scaffold=chromosome14	strand=+
2417_g               -            878 68894                -            390   1.1e-32  111.6  14.5   1   4   4.2e-25     6e-23   79.5   1.2     7   229   104   336    95   346 0.75 length=879	scaffold=chromosome12	strand=-
2417_g               -            878 68894                -            390   1.1e-32  111.6  14.5   2   4      0.89   1.3e+02   -0.6   0.0   231   312   376   458   372   461 0.85 length=879	scaffold=chromosome12	strand=-
2417_g               -            878 68894                -            390   1.1e-32  111.6  14.5   3   4   7.6e-13   1.1e-10   39.1   0.0   315   362   591   638   584   671 0.89 length=879	scaffold=chromosome12	strand=-
2417_g               -            878 68894                -            390   1.1e-32  111.6  14.5   4   4       2.5   3.6e+02   -2.1   2.4   209   275   681   749   656   787 0.69 length=879	scaffold=chromosome12	strand=-
745_g                -           1321 68894                -            390   3.5e-29  100.0  19.6   1   5   5.1e-06   0.00074   16.6   0.2    15    85    47   123    33   132 0.79 length=1322	scaffold=chromosome8	strand=-
745_g                -           1321 68894                -            390   3.5e-29  100.0  19.6   2   5       5.5   7.9e+02   -3.2   0.0    89   103   171   185   170   195 0.78 length=1322	scaffold=chromosome8	strand=-
745_g                -           1321 68894                -            390   3.5e-29  100.0  19.6   3   5   1.8e-06   0.00026   18.1   0.6   110   206   226   348   213   375 0.62 length=1322	scaffold=chromosome8	strand=-
745_g                -           1321 68894                -            390   3.5e-29  100.0  19.6   4   5     8e-23   1.2e-20   72.0   0.9   237   368   700   831   677   842 0.89 length=1322	scaffold=chromosome8	strand=-
745_g                -           1321 68894                -            390   3.5e-29  100.0  19.6   5   5       5.2   7.5e+02   -3.1   0.3   362   379  1276  1293  1272  1299 0.86 length=1322	scaffold=chromosome8	strand=-
1464_g               -           1022 68894                -            390   1.4e-25   88.2   9.2   1   3     2e-09   2.9e-07   27.8   0.0    12    80     4    72     1    79 0.89 length=1023	scaffold=chromosome14	strand=+
1464_g               -           1022 68894                -            390   1.4e-25   88.2   9.2   2   3   2.6e-08   3.7e-06   24.2   0.5   120   203   330   423   263   457 0.79 length=1023	scaffold=chromosome14	strand=+
1464_g               -           1022 68894                -            390   1.4e-25   88.2   9.2   3   3     3e-12   4.3e-10   37.1   2.0   296   366   638   707   545   724 0.77 length=1023	scaffold=chromosome14	strand=+
2045_g               -            863 68894                -            390   3.3e-23   80.3   0.4   1   2      0.12        17    2.2   0.0    48   108   189   252   139   278 0.71 length=864	scaffold=chromosome12	strand=-
2045_g               -            863 68894                -            390   3.3e-23   80.3   0.4   2   2   7.9e-24   1.1e-21   75.3   0.2   255   379   544   667   529   678 0.91 length=864	scaffold=chromosome12	strand=-
4478_g               -            490 68894                -            390   3.8e-20   70.3   7.9   1   1   3.5e-22   5.1e-20   69.8   7.9    13   360    84   446    71   466 0.77 length=491	scaffold=chromosome5	strand=+
4115_g               -            728 68894                -            390   1.3e-17   61.9   0.8   1   1   1.7e-19   2.5e-17   61.0   0.8   258   381   316   439   271   447 0.88 length=729	scaffold=chromosome9	strand=+
2600_g               -           1313 68894                -            390   3.1e-17   60.7   5.2   1   4   4.6e-05    0.0066   13.5   0.0    16    91   165   240   155   259 0.85 length=1314	scaffold=chromosome11	strand=+
2600_g               -           1313 68894                -            390   3.1e-17   60.7   5.2   2   4       7.7   1.1e+03   -3.7   0.1   156   188   589   623   568   628 0.67 length=1314	scaffold=chromosome11	strand=+
2600_g               -           1313 68894                -            390   3.1e-17   60.7   5.2   3   4       2.3   3.4e+02   -2.0   0.0   189   241   751   807   750   813 0.62 length=1314	scaffold=chromosome11	strand=+
2600_g               -           1313 68894                -            390   3.1e-17   60.7   5.2   4   4   1.8e-15   2.6e-13   47.8   0.5   251   350   920  1019   910  1034 0.93 length=1314	scaffold=chromosome11	strand=+
1048_g               -           1132 68894                -            390   4.5e-16   56.9   7.1   1   3      0.76   1.1e+02   -0.4   0.0     6    52    62   106    57   127 0.82 length=1133	scaffold=chromosome7	strand=-
1048_g               -           1132 68894                -            390   4.5e-16   56.9   7.1   2   3      0.18        26    1.7   0.0   133   177   452   500   441   517 0.73 length=1133	scaffold=chromosome7	strand=-
1048_g               -           1132 68894                -            390   4.5e-16   56.9   7.1   3   3     2e-17   2.8e-15   54.2   3.6   255   371   842   961   773   984 0.82 length=1133	scaffold=chromosome7	strand=-
5005_g               -            567 68894                -            390   1.4e-15   55.2  10.3   1   2   5.5e-17     8e-15   52.7   8.1    52   369   154   503   147   525 0.73 length=568	scaffold=chromosome4	strand=-
5005_g               -            567 68894                -            390   1.4e-15   55.2  10.3   2   2      0.77   1.1e+02   -0.4   0.1   236   269   513   550   497   558 0.62 length=568	scaffold=chromosome4	strand=-
4335_g               -           1329 68894                -            390   5.9e-14   49.9   5.2   1   3      0.67        97   -0.2   0.0   102   134   766   798   748   807 0.88 length=1330	scaffold=chromosome1	strand=+
4335_g               -           1329 68894                -            390   5.9e-14   49.9   5.2   2   3    0.0002     0.028   11.4   0.0   134   174   881   922   870  1018 0.90 length=1330	scaffold=chromosome1	strand=+
4335_g               -           1329 68894                -            390   5.9e-14   49.9   5.2   3   3   6.9e-12     1e-09   35.9   1.7   259   364  1172  1293  1153  1317 0.66 length=1330	scaffold=chromosome1	strand=+
1553_g               -           2830 68894                -            390   1.2e-13   48.8   6.3   1   1   3.8e-15   5.5e-13   46.7   6.3     7   371  1410  1789  1404  1798 0.77 length=2831	scaffold=chromosome14	strand=+
#
# Program:         hmmsearch
# Version:         3.4 (Aug 2023)
# Pipeline mode:   SEARCH
# Query file:      /home/inf-20-2025/Malaria/busco_downloads/lineages/apicomplexa_odb12/hmms/68894at5794.hmm
# Target file:     /home/inf-20-2025/Malaria/Results/6_nobird_annotation/P_faciparum.faa
# Option settings: hmmsearch --domtblout Results/8_busco/P_faciparum/run_apicomplexa_odb12/hmmer_output/initial_run_results/68894at5794.out --cpu 1 /home/inf-20-2025/Malaria/busco_downloads/lineages/apicomplexa_odb12/hmms/68894at5794.hmm /home/inf-20-2025/Malaria/Results/6_nobird_annotation/P_faciparum.faa 
# Current dir:     /home/inf-20-2025/Malaria
# Date:            Wed Mar  4 18:31:21 2026
# [ok]
