#                                                                            --- full sequence --- -------------- this domain -------------   hmm coord   ali coord   env coord
# target name        accession   tlen query name           accession   qlen   E-value  score  bias   #  of  c-Evalue  i-Evalue  score  bias  from    to  from    to  from    to  acc description of target
#------------------- ---------- ----- -------------------- ---------- ----- --------- ------ ----- --- --- --------- --------- ------ ----- ----- ----- ----- ----- ----- ----- ---- ---------------------
3163_g               -           1094 68892                -           1071         0 1775.4  32.1   1   1         0         0 1775.1  32.1     9  1071    32  1094    24  1094 0.97 length=1095	scaffold=chromosome10	strand=+
3351_g               -           2234 68892                -           1071   1.7e-63  212.9  52.6   1   7   1.3e-16   2.2e-13   47.1   0.3    74   237    45   201    29   217 0.85 length=2235	scaffold=chromosome10	strand=+
3351_g               -           2234 68892                -           1071   1.7e-63  212.9  52.6   2   7         1   1.7e+03   -5.6   3.4   126   257   299   434   272   454 0.58 length=2235	scaffold=chromosome10	strand=+
3351_g               -           2234 68892                -           1071   1.7e-63  212.9  52.6   3   7         3   5.2e+03   -9.3   6.3    17    59   374   416   342   513 0.47 length=2235	scaffold=chromosome10	strand=+
3351_g               -           2234 68892                -           1071   1.7e-63  212.9  52.6   4   7    0.0033       5.7    2.6   1.4   315   396   823   903   811   923 0.78 length=2235	scaffold=chromosome10	strand=+
3351_g               -           2234 68892                -           1071   1.7e-63  212.9  52.6   5   7   4.4e-18   7.6e-15   51.9   0.6   481   612  1007  1139   982  1151 0.86 length=2235	scaffold=chromosome10	strand=+
3351_g               -           2234 68892                -           1071   1.7e-63  212.9  52.6   6   7   5.9e-45     1e-41  140.9   0.6   603   820  1315  1524  1304  1533 0.89 length=2235	scaffold=chromosome10	strand=+
3351_g               -           2234 68892                -           1071   1.7e-63  212.9  52.6   7   7   0.00017      0.29    6.9   4.2   992  1067  2157  2233  2085  2234 0.78 length=2235	scaffold=chromosome10	strand=+
5068_g               -           1947 68892                -           1071   7.6e-52  174.4  40.0   1   5         3   5.2e+03  -12.1  13.7   211   273   324   383   110   575 0.57 length=1948	scaffold=chromosome4	strand=-
5068_g               -           1947 68892                -           1071   7.6e-52  174.4  40.0   2   5   3.3e-15   5.7e-12   42.4  12.8   262   445   647   831   605   859 0.69 length=1948	scaffold=chromosome4	strand=-
5068_g               -           1947 68892                -           1071   7.6e-52  174.4  40.0   3   5         3   5.2e+03   -8.5   8.2    44    87   884   901   832  1027 0.44 length=1948	scaffold=chromosome4	strand=-
5068_g               -           1947 68892                -           1071   7.6e-52  174.4  40.0   4   5   2.6e-18   4.5e-15   52.6   0.3   542   613  1073  1144  1041  1156 0.74 length=1948	scaffold=chromosome4	strand=-
5068_g               -           1947 68892                -           1071   7.6e-52  174.4  40.0   5   5   2.7e-35   4.6e-32  108.9  13.6   623   965  1204  1570  1174  1674 0.78 length=1948	scaffold=chromosome4	strand=-
#
# Program:         hmmsearch
# Version:         3.4 (Aug 2023)
# Pipeline mode:   SEARCH
# Query file:      /home/inf-20-2025/Malaria/busco_downloads/lineages/apicomplexa_odb12/hmms/68892at5794.hmm
# Target file:     /home/inf-20-2025/Malaria/Results/6_nobird_annotation/P_faciparum.faa
# Option settings: hmmsearch --domtblout Results/8_busco/P_faciparum/run_apicomplexa_odb12/hmmer_output/initial_run_results/68892at5794.out --cpu 1 /home/inf-20-2025/Malaria/busco_downloads/lineages/apicomplexa_odb12/hmms/68892at5794.hmm /home/inf-20-2025/Malaria/Results/6_nobird_annotation/P_faciparum.faa 
# Current dir:     /home/inf-20-2025/Malaria
# Date:            Wed Mar  4 18:31:20 2026
# [ok]
