#                                                                            --- full sequence --- -------------- this domain -------------   hmm coord   ali coord   env coord
# target name        accession   tlen query name           accession   qlen   E-value  score  bias   #  of  c-Evalue  i-Evalue  score  bias  from    to  from    to  from    to  acc description of target
#------------------- ---------- ----- -------------------- ---------- ----- --------- ------ ----- --- --- --------- --------- ------ ----- ----- ----- ----- ----- ----- ----- ---- ---------------------
4841_g               -            314 68893                -            262   9.7e-88  292.2  27.5   1   1   1.7e-90   1.5e-87  291.5  27.5     3   261    51   313    49   314 0.96 length=315	scaffold=chromosome2	strand=+
1574_g               -            442 68893                -            262   4.8e-37  126.0  33.3   1   2         6   5.2e+03   -6.1   7.5   104   128    38    62     2    93 0.45 length=443	scaffold=chromosome14	strand=-
1574_g               -            442 68893                -            262   4.8e-37  126.0  33.3   2   2   5.6e-40   4.8e-37  126.0  33.3     4   260   167   438   164   440 0.87 length=443	scaffold=chromosome14	strand=-
2428_g               -            302 68893                -            262   9.9e-11   39.7  33.2   1   2       2.4   2.1e+03   -4.0   0.2   114   125    14    25     7    37 0.78 length=303	scaffold=chromosome12	strand=+
2428_g               -            302 68893                -            262   9.9e-11   39.7  33.2   2   2   1.2e-13     1e-10   39.7  28.2     8   255    59   298    52   301 0.80 length=303	scaffold=chromosome12	strand=+
2120_g               -            310 68893                -            262   1.8e-06   25.8   1.4   1   2         6   5.2e+03   -5.5  14.2    24   136    28   146     6   183 0.61 length=311	scaffold=chromosome12	strand=-
2120_g               -            310 68893                -            262   1.8e-06   25.8   1.4   2   2   2.1e-09   1.8e-06   25.8   1.4   169   252   215   296   203   304 0.87 length=311	scaffold=chromosome12	strand=-
305_g                -            290 68893                -            262    0.0002   19.0   1.2   1   3     0.027        23    2.5   2.6    16    87     4    74     1    92 0.73 length=291	scaffold=chromosome13	strand=-
305_g                -            290 68893                -            262    0.0002   19.0   1.2   2   3      0.19   1.6e+02   -0.3   0.0   160   179   118   137   108   141 0.86 length=291	scaffold=chromosome13	strand=-
305_g                -            290 68893                -            262    0.0002   19.0   1.2   3   3   2.4e-07    0.0002   19.0   1.2   175   250   199   274   180   277 0.90 length=291	scaffold=chromosome13	strand=-
2576_g               -            359 68893                -            262      0.12    9.9  34.0   1   2    0.0049       4.3    4.9   8.9    26   117    27   121     4   131 0.74 length=360	scaffold=chromosome11	strand=-
2576_g               -            359 68893                -            262      0.12    9.9  34.0   2   2   0.00014      0.12   10.0  18.6    61   251   142   338   120   342 0.77 length=360	scaffold=chromosome11	strand=-
#
# Program:         hmmsearch
# Version:         3.4 (Aug 2023)
# Pipeline mode:   SEARCH
# Query file:      /home/inf-20-2025/Malaria/busco_downloads/lineages/apicomplexa_odb12/hmms/68893at5794.hmm
# Target file:     /home/inf-20-2025/Malaria/Results/6_nobird_annotation/P_faciparum.faa
# Option settings: hmmsearch --domtblout Results/8_busco/P_faciparum/run_apicomplexa_odb12/hmmer_output/initial_run_results/68893at5794.out --cpu 1 /home/inf-20-2025/Malaria/busco_downloads/lineages/apicomplexa_odb12/hmms/68893at5794.hmm /home/inf-20-2025/Malaria/Results/6_nobird_annotation/P_faciparum.faa 
# Current dir:     /home/inf-20-2025/Malaria
# Date:            Wed Mar  4 18:31:21 2026
# [ok]
