#                                                                            --- full sequence --- -------------- this domain -------------   hmm coord   ali coord   env coord
# target name        accession   tlen query name           accession   qlen   E-value  score  bias   #  of  c-Evalue  i-Evalue  score  bias  from    to  from    to  from    to  acc description of target
#------------------- ---------- ----- -------------------- ---------- ----- --------- ------ ----- --- --- --------- --------- ------ ----- ----- ----- ----- ----- ----- ----- ---- ---------------------
3456_g               -           1521 68909                -           1006         0 1181.9  96.6   1   5  1.3e-120  2.7e-118  395.0   5.7     1   178     1   178     1   189 0.97 length=1522	scaffold=chromosome6	strand=+
3456_g               -           1521 68909                -           1006         0 1181.9  96.6   2   5   7.1e-85   1.4e-82  276.7  14.2   174   378   246   471   237   541 0.77 length=1522	scaffold=chromosome6	strand=+
3456_g               -           1521 68909                -           1006         0 1181.9  96.6   3   5   4.1e-46   8.2e-44  148.4  23.8   358   566   576   810   546   823 0.82 length=1522	scaffold=chromosome6	strand=+
3456_g               -           1521 68909                -           1006         0 1181.9  96.6   4   5   1.3e-54   2.7e-52  176.5  10.7   550   727   824  1002   810  1104 0.78 length=1522	scaffold=chromosome6	strand=+
3456_g               -           1521 68909                -           1006         0 1181.9  96.6   5   5   1.2e-62   2.3e-60  203.2  11.1   748  1006  1197  1508  1133  1508 0.81 length=1522	scaffold=chromosome6	strand=+
4000_g               -           1010 68909                -           1006   3.3e-82  275.5  30.4   1   2   1.9e-71   3.9e-69  232.3  15.5     4   372    10   370     7   500 0.78 length=1011	scaffold=chromosome9	strand=-
4000_g               -           1010 68909                -           1006   3.3e-82  275.5  30.4   2   2   6.8e-19   1.4e-16   58.3   6.9   475   714   556   805   544   852 0.89 length=1011	scaffold=chromosome9	strand=-
3725_g               -            600 68909                -           1006   4.1e-26   89.8   4.2   1   4         9   1.8e+03   -5.0   8.0   627   757   112   247    72   270 0.57 length=601	scaffold=chromosome3	strand=-
3725_g               -            600 68909                -           1006   4.1e-26   89.8   4.2   2   4     1e-23   2.1e-21   74.3   1.0    49   166   284   401   276   405 0.97 length=601	scaffold=chromosome3	strand=-
3725_g               -            600 68909                -           1006   4.1e-26   89.8   4.2   3   4   7.5e-09   1.5e-06   25.1   0.1    46   120   407   480   401   501 0.85 length=601	scaffold=chromosome3	strand=-
3725_g               -            600 68909                -           1006   4.1e-26   89.8   4.2   4   4      0.57   1.2e+02   -1.0   0.0   253   267   564   578   546   587 0.61 length=601	scaffold=chromosome3	strand=-
4540_g               -            624 68909                -           1006   3.4e-24   83.5  14.7   1   2     7e-26   1.4e-23   81.5   4.8    10   165   370   525   363   533 0.95 length=625	scaffold=chromosome5	strand=+
4540_g               -            624 68909                -           1006   3.4e-24   83.5  14.7   2   2     4e-06    0.0008   16.1   2.3   189   276   528   614   524   619 0.87 length=625	scaffold=chromosome5	strand=+
2962_g               -            645 68909                -           1006   3.3e-23   80.2  25.6   1   7   2.7e-10   5.4e-08   29.9   0.1    85   166   117   198   106   219 0.86 length=646	scaffold=chromosome11	strand=-
2962_g               -            645 68909                -           1006   3.3e-23   80.2  25.6   2   7    0.0015       0.3    7.5   0.1   194   252   163   220   162   248 0.53 length=646	scaffold=chromosome11	strand=-
2962_g               -            645 68909                -           1006   3.3e-23   80.2  25.6   3   7     1e-08   2.1e-06   24.6   1.9   202   281   316   397   307   411 0.79 length=646	scaffold=chromosome11	strand=-
2962_g               -            645 68909                -           1006   3.3e-23   80.2  25.6   4   7   3.9e-09   7.8e-07   26.0   0.0   106   163   448   507   437   512 0.82 length=646	scaffold=chromosome11	strand=-
2962_g               -            645 68909                -           1006   3.3e-23   80.2  25.6   5   7   6.3e-05     0.013   12.1   0.1    41    81   511   551   509   560 0.92 length=646	scaffold=chromosome11	strand=-
2962_g               -            645 68909                -           1006   3.3e-23   80.2  25.6   6   7       2.1   4.1e+02   -2.9   3.7   719   763   561   605   552   612 0.50 length=646	scaffold=chromosome11	strand=-
2962_g               -            645 68909                -           1006   3.3e-23   80.2  25.6   7   7      0.66   1.3e+02   -1.2   2.6   190   224   608   643   578   645 0.54 length=646	scaffold=chromosome11	strand=-
924_g                -            323 68909                -           1006   4.7e-23   79.7   6.6   1   3     0.003      0.59    6.6   0.0   133   174    19    62    14    82 0.71 length=324	scaffold=chromosome8	strand=-
924_g                -            323 68909                -           1006   4.7e-23   79.7   6.6   2   3   4.3e-16   8.6e-14   49.0   4.5    63   166    83   190    79   196 0.86 length=324	scaffold=chromosome8	strand=-
924_g                -            323 68909                -           1006   4.7e-23   79.7   6.6   3   3   2.8e-08   5.7e-06   23.2   0.0    43   129   193   277   189   280 0.89 length=324	scaffold=chromosome8	strand=-
888_g                -            324 68909                -           1006     4e-19   66.7  11.9   1   4   1.2e-08   2.4e-06   24.4   0.2    92   166    36   111    29   116 0.89 length=325	scaffold=chromosome8	strand=+
888_g                -            324 68909                -           1006     4e-19   66.7  11.9   2   4   7.7e-06    0.0015   15.1   1.4   235   278   116   160   112   164 0.79 length=325	scaffold=chromosome8	strand=+
888_g                -            324 68909                -           1006     4e-19   66.7  11.9   3   4   5.1e-05      0.01   12.4   0.1    64   127   176   238   160   243 0.74 length=325	scaffold=chromosome8	strand=+
888_g                -            324 68909                -           1006     4e-19   66.7  11.9   4   4   2.7e-07   5.5e-05   19.9   0.0    62   117   264   319   259   321 0.91 length=325	scaffold=chromosome8	strand=+
411_g                -            648 68909                -           1006   1.5e-18   64.8   0.2   1   3      0.56   1.1e+02   -1.0   1.1   663   805    79   223    71   290 0.60 length=649	scaffold=chromosome13	strand=+
411_g                -            648 68909                -           1006   1.5e-18   64.8   0.2   2   3   3.4e-10   6.8e-08   29.5   0.0    86   174   428   516   419   523 0.88 length=649	scaffold=chromosome13	strand=+
411_g                -            648 68909                -           1006   1.5e-18   64.8   0.2   3   3   6.4e-14   1.3e-11   41.9   0.0    10   163   478   634   474   645 0.93 length=649	scaffold=chromosome13	strand=+
3788_g               -            532 68909                -           1006   2.6e-18   64.0  16.9   1   4       1.1   2.2e+02   -1.9   0.3   920   959   109   151    78   197 0.52 length=533	scaffold=chromosome3	strand=+
3788_g               -            532 68909                -           1006   2.6e-18   64.0  16.9   2   4   1.3e-08   2.6e-06   24.3   0.5    66   121   228   283   221   301 0.69 length=533	scaffold=chromosome3	strand=+
3788_g               -            532 68909                -           1006   2.6e-18   64.0  16.9   3   4   0.00015     0.031   10.8   0.7   226   296   320   392   318   411 0.82 length=533	scaffold=chromosome3	strand=+
3788_g               -            532 68909                -           1006   2.6e-18   64.0  16.9   4   4   1.2e-06   0.00024   17.8   0.0    73   121   481   532   473   532 0.82 length=533	scaffold=chromosome3	strand=+
1728_g               -           1275 68909                -           1006   1.5e-17   61.5  20.6   1   5       5.2     1e+03   -4.2   0.0   205   229    25    48    22    53 0.50 length=1276	scaffold=chromosome14	strand=-
1728_g               -           1275 68909                -           1006   1.5e-17   61.5  20.6   2   5   5.4e-12   1.1e-09   35.5   0.0    23   103    81   161    75   164 0.94 length=1276	scaffold=chromosome14	strand=-
1728_g               -           1275 68909                -           1006   1.5e-17   61.5  20.6   3   5   0.00039     0.078    9.5   1.8   251   309   173   231   170   325 0.65 length=1276	scaffold=chromosome14	strand=-
1728_g               -           1275 68909                -           1006   1.5e-17   61.5  20.6   4   5       0.3        60   -0.1   0.6   196   282   621   705   591   720 0.51 length=1276	scaffold=chromosome14	strand=-
1728_g               -           1275 68909                -           1006   1.5e-17   61.5  20.6   5   5     2e-09   4.1e-07   26.9   0.0    43   163   884  1004   844  1031 0.84 length=1276	scaffold=chromosome14	strand=-
3126_g               -           1220 68909                -           1006   2.7e-15   54.0  15.7   1   6     0.066        13    2.1   0.4   237   276   228   267   205   272 0.84 length=1221	scaffold=chromosome10	strand=-
3126_g               -           1220 68909                -           1006   2.7e-15   54.0  15.7   2   6       3.1   6.2e+02   -3.5   3.5   739   821   326   408   288   441 0.67 length=1221	scaffold=chromosome10	strand=-
3126_g               -           1220 68909                -           1006   2.7e-15   54.0  15.7   3   6      0.92   1.8e+02   -1.7   0.0   142   206   414   476   411   480 0.86 length=1221	scaffold=chromosome10	strand=-
3126_g               -           1220 68909                -           1006   2.7e-15   54.0  15.7   4   6   1.1e-07   2.1e-05   21.3   0.7   218   276   597   656   587   661 0.84 length=1221	scaffold=chromosome10	strand=-
3126_g               -           1220 68909                -           1006   2.7e-15   54.0  15.7   5   6   2.2e-15   4.5e-13   46.7   8.5    89   277   615   811   614   815 0.80 length=1221	scaffold=chromosome10	strand=-
3126_g               -           1220 68909                -           1006   2.7e-15   54.0  15.7   6   6         1     2e+02   -1.8   2.7   714   821  1072  1180  1015  1208 0.65 length=1221	scaffold=chromosome10	strand=-
5045_g               -            482 68909                -           1006     1e-13   48.8   0.8   1   3   1.6e-09   3.2e-07   27.3   0.1    21    86    79   144    58   155 0.83 length=483	scaffold=chromosome4	strand=+
5045_g               -            482 68909                -           1006     1e-13   48.8   0.8   2   3      0.23        46    0.3   0.0    60   283   203   236   197   253 0.52 length=483	scaffold=chromosome4	strand=+
5045_g               -            482 68909                -           1006     1e-13   48.8   0.8   3   3   1.2e-06   0.00025   17.7   0.0    66   165   292   393   285   421 0.85 length=483	scaffold=chromosome4	strand=+
458_g                -            725 68909                -           1006   3.4e-12   43.8   4.4   1   4         1     2e+02   -1.8   0.2   391   446    99   159    26   165 0.47 length=726	scaffold=chromosome13	strand=-
458_g                -            725 68909                -           1006   3.4e-12   43.8   4.4   2   4      0.38        76   -0.4   0.0    66   109   171   215   166   220 0.87 length=726	scaffold=chromosome13	strand=-
458_g                -            725 68909                -           1006   3.4e-12   43.8   4.4   3   4   2.1e-10   4.1e-08   30.2   1.5   189   274   499   585   486   612 0.88 length=726	scaffold=chromosome13	strand=-
458_g                -            725 68909                -           1006   3.4e-12   43.8   4.4   4   4   3.2e-08   6.3e-06   23.0   0.1    50   121   637   706   588   713 0.77 length=726	scaffold=chromosome13	strand=-
3252_g               -            603 68909                -           1006   2.4e-11   41.0   1.4   1   4       3.6   7.2e+02   -3.7   1.1   724   757   117   150    76   201 0.58 length=604	scaffold=chromosome10	strand=-
3252_g               -            603 68909                -           1006   2.4e-11   41.0   1.4   2   4      0.95   1.9e+02   -1.8   0.4   713   748   281   316   244   347 0.44 length=604	scaffold=chromosome10	strand=-
3252_g               -            603 68909                -           1006   2.4e-11   41.0   1.4   3   4   8.7e-11   1.7e-08   31.5   1.0    16   180   345   511   332   530 0.89 length=604	scaffold=chromosome10	strand=-
3252_g               -            603 68909                -           1006   2.4e-11   41.0   1.4   4   4   3.4e-06   0.00068   16.3   0.0   117   164   533   580   526   589 0.73 length=604	scaffold=chromosome10	strand=-
3581_g               -            650 68909                -           1006   1.8e-09   34.8   0.9   1   2   5.6e-08   1.1e-05   22.2   0.0    35    98   357   417   354   427 0.84 length=651	scaffold=chromosome6	strand=+
3581_g               -            650 68909                -           1006   1.8e-09   34.8   0.9   2   2   2.9e-07   5.8e-05   19.8   0.2    30    89   498   559   440   563 0.90 length=651	scaffold=chromosome6	strand=+
111_g                -            527 68909                -           1006     8e-09   32.6  11.5   1   5       2.3   4.6e+02   -3.0   0.3   686   686    65    65     5   159 0.50 length=528	scaffold=chromosome13	strand=-
111_g                -            527 68909                -           1006     8e-09   32.6  11.5   2   5      0.07        14    2.0   0.1   240   267   218   247   201   255 0.72 length=528	scaffold=chromosome13	strand=-
111_g                -            527 68909                -           1006     8e-09   32.6  11.5   3   5   2.7e-08   5.4e-06   23.2   2.4    22   140   232   358   213   375 0.85 length=528	scaffold=chromosome13	strand=-
111_g                -            527 68909                -           1006     8e-09   32.6  11.5   4   5   3.7e-08   7.5e-06   22.8   1.9   203   347   275   420   263   457 0.64 length=528	scaffold=chromosome13	strand=-
111_g                -            527 68909                -           1006     8e-09   32.6  11.5   5   5    0.0082       1.6    5.1   0.0    35    72   483   520   464   526 0.86 length=528	scaffold=chromosome13	strand=-
3469_g               -            346 68909                -           1006   1.1e-07   28.8   2.2   1   1   7.1e-10   1.4e-07   28.5   2.2   195   316   175   302   161   344 0.79 length=347	scaffold=chromosome6	strand=-
4616_g               -           1242 68909                -           1006   1.2e-07   28.7  14.9   1   5      0.19        39    0.5   1.6   323   388    66   135    55   167 0.76 length=1243	scaffold=chromosome5	strand=+
4616_g               -           1242 68909                -           1006   1.2e-07   28.7  14.9   2   5       2.4   4.8e+02   -3.1   1.7   666   848   143   339   107   364 0.51 length=1243	scaffold=chromosome5	strand=+
4616_g               -           1242 68909                -           1006   1.2e-07   28.7  14.9   3   5     1e-07   2.1e-05   21.3   2.5   189   275   941  1029   924  1083 0.74 length=1243	scaffold=chromosome5	strand=+
4616_g               -           1242 68909                -           1006   1.2e-07   28.7  14.9   4   5   3.3e-06   0.00067   16.3   0.3   202   285  1085  1170  1081  1179 0.73 length=1243	scaffold=chromosome5	strand=+
4616_g               -           1242 68909                -           1006   1.2e-07   28.7  14.9   5   5   1.4e-06   0.00028   17.6   0.5    66   121  1183  1241  1177  1242 0.70 length=1243	scaffold=chromosome5	strand=+
2379_g               -            490 68909                -           1006   2.5e-07   27.7   3.6   1   3         2     4e+02   -2.8   6.6   663   766    18   119    11   162 0.81 length=491	scaffold=chromosome12	strand=+
2379_g               -            490 68909                -           1006   2.5e-07   27.7   3.6   2   3       0.7   1.4e+02   -1.3   0.0   206   225   185   204   178   212 0.63 length=491	scaffold=chromosome12	strand=+
2379_g               -            490 68909                -           1006   2.5e-07   27.7   3.6   3   3   1.2e-09   2.5e-07   27.7   3.6   236   386   262   414   253   455 0.64 length=491	scaffold=chromosome12	strand=+
281_g                -            582 68909                -           1006   1.7e-06   24.9   0.1   1   2      0.31        62   -0.1   0.0   149   166   325   342   318   353 0.65 length=583	scaffold=chromosome13	strand=-
281_g                -            582 68909                -           1006   1.7e-06   24.9   0.1   2   2   6.1e-08   1.2e-05   22.1   0.0    15   121   393   507   384   517 0.86 length=583	scaffold=chromosome13	strand=-
1138_g               -            327 68909                -           1006   1.9e-06   24.7   3.6   1   3       1.4   2.7e+02   -2.3   0.0   194   228     6    41     3    49 0.78 length=328	scaffold=chromosome7	strand=-
1138_g               -            327 68909                -           1006   1.9e-06   24.7   3.6   2   3   1.2e-05    0.0024   14.5   0.0    22    74   155   207   141   215 0.89 length=328	scaffold=chromosome7	strand=-
1138_g               -            327 68909                -           1006   1.9e-06   24.7   3.6   3   3   0.00028     0.057    9.9   0.3    36    81   273   318   261   323 0.83 length=328	scaffold=chromosome7	strand=-
4398_g               -            446 68909                -           1006   3.9e-06   23.7   0.3   1   2      0.99     2e+02   -1.8   0.1   373   434   125   188    89   198 0.70 length=447	scaffold=chromosome1	strand=-
4398_g               -            446 68909                -           1006   3.9e-06   23.7   0.3   2   2   6.4e-07   0.00013   18.7   0.0    20   112   262   358   245   368 0.79 length=447	scaffold=chromosome1	strand=-
2505_g               -            621 68909                -           1006     2e-05   21.3   1.4   1   2     1e-07     2e-05   21.3   1.4   209   272   106   178    87   188 0.70 length=622	scaffold=chromosome12	strand=+
2505_g               -            621 68909                -           1006     2e-05   21.3   1.4   2   2       2.7   5.5e+02   -3.3   2.7   719   796   539   597   518   619 0.43 length=622	scaffold=chromosome12	strand=+
2114_g               -            792 68909                -           1006   0.00016   18.4  47.6   1   5       1.2   2.4e+02   -2.1   0.1   194   224     9    40     5    72 0.57 length=793	scaffold=chromosome12	strand=+
2114_g               -            792 68909                -           1006   0.00016   18.4  47.6   2   5   7.2e-05     0.014   11.9   0.3    96   181    91   178    78   189 0.63 length=793	scaffold=chromosome12	strand=+
2114_g               -            792 68909                -           1006   0.00016   18.4  47.6   3   5   3.9e-06   0.00077   16.1   7.0   193   271   309   391   233   403 0.83 length=793	scaffold=chromosome12	strand=+
2114_g               -            792 68909                -           1006   0.00016   18.4  47.6   4   5      0.43        86   -0.6  11.2   703   844   478   621   440   662 0.75 length=793	scaffold=chromosome12	strand=+
2114_g               -            792 68909                -           1006   0.00016   18.4  47.6   5   5   0.00052       0.1    9.1   3.7   126   227   701   790   686   792 0.67 length=793	scaffold=chromosome12	strand=+
2411_g               -            483 68909                -           1006   0.00024   17.8   2.9   1   3     0.035       7.1    3.0   0.7   240   270   216   248   184   254 0.63 length=484	scaffold=chromosome12	strand=-
2411_g               -            483 68909                -           1006   0.00024   17.8   2.9   2   3   1.2e-06   0.00024   17.8   2.9   211   281   231   301   228   317 0.85 length=484	scaffold=chromosome12	strand=-
2411_g               -            483 68909                -           1006   0.00024   17.8   2.9   3   3      0.32        63   -0.2   0.2   210   276   323   396   314   403 0.68 length=484	scaffold=chromosome12	strand=-
2580_g               -            644 68909                -           1006   0.00028   17.6   0.2   1   3     0.065        13    2.1   2.0   192   307    36   151    16   203 0.71 length=645	scaffold=chromosome11	strand=-
2580_g               -            644 68909                -           1006   0.00028   17.6   0.2   2   3   9.1e-05     0.018   11.6   0.0    44    84   266   306   242   309 0.90 length=645	scaffold=chromosome11	strand=-
2580_g               -            644 68909                -           1006   0.00028   17.6   0.2   3   3   4.7e-05    0.0093   12.5   0.1   237   272   607   642   598   643 0.90 length=645	scaffold=chromosome11	strand=-
#
# Program:         hmmsearch
# Version:         3.4 (Aug 2023)
# Pipeline mode:   SEARCH
# Query file:      /home/inf-20-2025/Malaria/busco_downloads/lineages/apicomplexa_odb12/hmms/68909at5794.hmm
# Target file:     /home/inf-20-2025/Malaria/Results/6_nobird_annotation/P_faciparum.faa
# Option settings: hmmsearch --domtblout Results/8_busco/P_faciparum/run_apicomplexa_odb12/hmmer_output/initial_run_results/68909at5794.out --cpu 1 /home/inf-20-2025/Malaria/busco_downloads/lineages/apicomplexa_odb12/hmms/68909at5794.hmm /home/inf-20-2025/Malaria/Results/6_nobird_annotation/P_faciparum.faa 
# Current dir:     /home/inf-20-2025/Malaria
# Date:            Wed Mar  4 18:31:23 2026
# [ok]
