#                                                                            --- full sequence --- -------------- this domain -------------   hmm coord   ali coord   env coord
# target name        accession   tlen query name           accession   qlen   E-value  score  bias   #  of  c-Evalue  i-Evalue  score  bias  from    to  from    to  from    to  acc description of target
#------------------- ---------- ----- -------------------- ---------- ----- --------- ------ ----- --- --- --------- --------- ------ ----- ----- ----- ----- ----- ----- ----- ---- ---------------------
4870_g               -            542 68923                -            541  6.4e-243  805.4  17.6   1   1  1.2e-245  7.2e-243  805.2  17.6     1   540     1   539     1   540 0.99 length=543	scaffold=chromosome2	strand=+
2301_g               -            558 68923                -            541   4.7e-94  314.0  11.9   1   1   1.1e-96   6.2e-94  313.6  11.9    25   522    39   541    20   547 0.93 length=559	scaffold=chromosome12	strand=+
2835_g               -            544 68923                -            541   2.5e-93  311.6   9.6   1   1   5.7e-96   3.3e-93  311.2   9.6    24   522    14   531     6   539 0.92 length=545	scaffold=chromosome11	strand=-
543_g                -            529 68923                -            541   1.5e-91  305.8  20.2   1   1   3.1e-94   1.8e-91  305.5  20.2    21   524    18   528    10   529 0.92 length=530	scaffold=chromosome13	strand=+
3785_g               -            539 68923                -            541     2e-90  302.1   7.3   1   1   4.6e-93   2.7e-90  301.6   7.3    11   523    11   525     8   537 0.92 length=540	scaffold=chromosome3	strand=-
3896_g               -            535 68923                -            541   2.8e-89  298.2  13.6   1   1   6.3e-92   3.7e-89  297.9  13.6    19   522    23   529    10   532 0.93 length=536	scaffold=chromosome3	strand=+
3772_g               -            533 68923                -            541   1.4e-79  266.3  10.5   1   1   3.1e-82   1.8e-79  265.9  10.5    11   526     9   527     3   530 0.91 length=534	scaffold=chromosome3	strand=-
3476_g               -            524 68923                -            541   6.2e-62  208.0   6.8   1   1   1.2e-64   7.1e-62  207.8   6.8    28   524     2   516     1   524 0.88 length=525	scaffold=chromosome6	strand=+
3149_g               -            580 68923                -            541   6.2e-15   52.9   6.6   1   2     3e-13   1.8e-10   38.2   0.3    31   143    47   163    34   208 0.85 length=581	scaffold=chromosome10	strand=-
3149_g               -            580 68923                -            541   6.2e-15   52.9   6.6   2   2   6.1e-07   0.00035   17.4   1.4   375   510   413   540   378   553 0.83 length=581	scaffold=chromosome10	strand=-
#
# Program:         hmmsearch
# Version:         3.4 (Aug 2023)
# Pipeline mode:   SEARCH
# Query file:      /home/inf-20-2025/Malaria/busco_downloads/lineages/apicomplexa_odb12/hmms/68923at5794.hmm
# Target file:     /home/inf-20-2025/Malaria/Results/6_nobird_annotation/P_faciparum.faa
# Option settings: hmmsearch --domtblout Results/8_busco/P_faciparum/run_apicomplexa_odb12/hmmer_output/initial_run_results/68923at5794.out --cpu 1 /home/inf-20-2025/Malaria/busco_downloads/lineages/apicomplexa_odb12/hmms/68923at5794.hmm /home/inf-20-2025/Malaria/Results/6_nobird_annotation/P_faciparum.faa 
# Current dir:     /home/inf-20-2025/Malaria
# Date:            Wed Mar  4 18:31:19 2026
# [ok]
