#                                                                            --- full sequence --- -------------- this domain -------------   hmm coord   ali coord   env coord
# target name        accession   tlen query name           accession   qlen   E-value  score  bias   #  of  c-Evalue  i-Evalue  score  bias  from    to  from    to  from    to  acc description of target
#------------------- ---------- ----- -------------------- ---------- ----- --------- ------ ----- --- --- --------- --------- ------ ----- ----- ----- ----- ----- ----- ----- ---- ---------------------
1237_g               -            256 68992                -            247  1.1e-134  445.7   0.1   1   1  3.4e-137  1.3e-134  445.5   0.1     1   245     1   247     1   249 0.98 length=257	scaffold=chromosome7	strand=+
506_g                -            246 68992                -            247   1.4e-53  180.1   0.0   1   1   4.4e-56   1.6e-53  179.9   0.0     7   240     4   237     1   243 0.90 length=247	scaffold=chromosome13	strand=-
3474_g               -            235 68992                -            247   8.9e-50  167.7   0.0   1   1     3e-52   1.1e-49  167.3   0.0     6   238     4   230     1   234 0.96 length=236	scaffold=chromosome6	strand=-
507_g                -            241 68992                -            247   4.4e-48  162.1   0.2   1   1   1.4e-50   5.4e-48  161.8   0.2     7   242     2   229     1   234 0.94 length=242	scaffold=chromosome13	strand=+
1973_g               -            254 68992                -            247     3e-40  136.5   0.1   1   1     1e-42   3.8e-40  136.1   0.1     5   240     3   233     1   239 0.88 length=255	scaffold=chromosome14	strand=+
3865_g               -            252 68992                -            247     3e-32  110.3   0.1   1   1   1.2e-34   4.5e-32  109.7   0.1     6   218     6   213     1   242 0.83 length=253	scaffold=chromosome3	strand=-
749_g                -            260 68992                -            247   6.4e-30  102.6   1.2   1   1   2.7e-32     1e-29  102.0   1.2     4   240     5   254     2   259 0.79 length=261	scaffold=chromosome8	strand=+
270_g                -            270 68992                -            247   6.4e-17   60.0   0.0   1   1   2.9e-18   1.1e-15   56.0   0.0    32   232    39   229    36   245 0.85 length=271	scaffold=chromosome13	strand=+
3109_g               -            271 68992                -            247   2.4e-14   51.6   0.1   1   1   8.6e-16   3.2e-13   47.9   0.1    32   203    58   219    44   251 0.87 length=272	scaffold=chromosome10	strand=-
4241_g               -            561 68992                -            247   2.5e-11   41.8   0.2   1   2   1.4e-07   5.3e-05   21.0   0.1    25    97   299   373   289   382 0.86 length=562	scaffold=chromosome9	strand=-
4241_g               -            561 68992                -            247   2.5e-11   41.8   0.2   2   2     1e-06   0.00038   18.2   0.0   139   214   456   533   435   557 0.78 length=562	scaffold=chromosome9	strand=-
717_g                -            265 68992                -            247   8.4e-10   36.7   0.0   1   2   2.6e-07   9.9e-05   20.1   0.0    28    90     3    66     1    85 0.87 length=266	scaffold=chromosome8	strand=-
717_g                -            265 68992                -            247   8.4e-10   36.7   0.0   2   2   1.7e-05    0.0063   14.2   0.0   157   227   163   234   153   248 0.79 length=266	scaffold=chromosome8	strand=-
4613_g               -            240 68992                -            247   6.3e-05   20.8   0.0   1   2   1.6e-05    0.0059   14.3   0.0    31    90    34    94    20   121 0.86 length=241	scaffold=chromosome5	strand=-
4613_g               -            240 68992                -            247   6.3e-05   20.8   0.0   2   2     0.014       5.3    4.6   0.0   142   190   135   184   124   209 0.79 length=241	scaffold=chromosome5	strand=-
1936_g               -            259 68992                -            247   0.00023   18.9   0.0   1   1   5.2e-06    0.0019   15.9   0.0    38   202     5   162     2   196 0.64 length=260	scaffold=chromosome14	strand=+
4375_g               -            218 68992                -            247   0.00052   17.8   0.0   1   1   2.1e-06   0.00077   17.2   0.0    34   119     9    96     5   104 0.89 length=219	scaffold=chromosome1	strand=-
#
# Program:         hmmsearch
# Version:         3.4 (Aug 2023)
# Pipeline mode:   SEARCH
# Query file:      /home/inf-20-2025/Malaria/busco_downloads/lineages/apicomplexa_odb12/hmms/68992at5794.hmm
# Target file:     /home/inf-20-2025/Malaria/Results/6_nobird_annotation/P_faciparum.faa
# Option settings: hmmsearch --domtblout Results/8_busco/P_faciparum/run_apicomplexa_odb12/hmmer_output/initial_run_results/68992at5794.out --cpu 1 /home/inf-20-2025/Malaria/busco_downloads/lineages/apicomplexa_odb12/hmms/68992at5794.hmm /home/inf-20-2025/Malaria/Results/6_nobird_annotation/P_faciparum.faa 
# Current dir:     /home/inf-20-2025/Malaria
# Date:            Wed Mar  4 18:31:25 2026
# [ok]
