#                                                                            --- full sequence --- -------------- this domain -------------   hmm coord   ali coord   env coord
# target name        accession   tlen query name           accession   qlen   E-value  score  bias   #  of  c-Evalue  i-Evalue  score  bias  from    to  from    to  from    to  acc description of target
#------------------- ---------- ----- -------------------- ---------- ----- --------- ------ ----- --- --- --------- --------- ------ ----- ----- ----- ----- ----- ----- ----- ---- ---------------------
2250_g               -            875 69012                -            487  3.8e-235  779.6  62.2   1   4    1e-143  1.3e-141  471.0   5.4     2   251    11   261    10   306 0.94 length=876	scaffold=chromosome12	strand=+
2250_g               -            875 69012                -            487  3.8e-235  779.6  62.2   2   4   1.9e-63   2.5e-61  206.3  10.4   244   467   408   643   386   646 0.79 length=876	scaffold=chromosome12	strand=+
2250_g               -            875 69012                -            487  3.8e-235  779.6  62.2   3   4    0.0003      0.04   11.0  14.4   349   423   713   786   698   794 0.66 length=876	scaffold=chromosome12	strand=+
2250_g               -            875 69012                -            487  3.8e-235  779.6  62.2   4   4   1.2e-35   1.7e-33  114.5   2.1   397   487   785   875   777   875 0.87 length=876	scaffold=chromosome12	strand=+
572_g                -            383 69012                -            487   6.2e-39  132.4   9.7   1   2   1.4e-27   1.8e-25   88.0   4.9   183   368     9   194     2   202 0.90 length=384	scaffold=chromosome13	strand=-
572_g                -            383 69012                -            487   6.2e-39  132.4   9.7   2   2   2.7e-15   3.6e-13   47.5   0.3    96   168   202   274   188   298 0.84 length=384	scaffold=chromosome13	strand=-
1473_g               -            484 69012                -            487   2.4e-35  120.6   2.0   1   1   2.6e-37   3.4e-35  120.1   2.0     5   175    18   187    15   201 0.93 length=485	scaffold=chromosome14	strand=-
558_g                -            505 69012                -            487   5.4e-33  112.8   0.1   1   2   1.7e-20   2.3e-18   64.6   0.0   185   387    87   290    84   315 0.77 length=506	scaffold=chromosome13	strand=-
558_g                -            505 69012                -            487   5.4e-33  112.8   0.1   2   2   7.8e-15     1e-12   45.9   0.1    93   184   363   453   350   492 0.87 length=506	scaffold=chromosome13	strand=-
1377_g               -            514 69012                -            487   4.9e-30  103.1  24.7   1   2   4.8e-23   6.5e-21   73.0  12.3   185   422    56   292    51   313 0.82 length=515	scaffold=chromosome14	strand=+
1377_g               -            514 69012                -            487   4.9e-30  103.1  24.7   2   2   1.3e-12   1.7e-10   38.6   0.1    96   168   406   479   398   511 0.73 length=515	scaffold=chromosome14	strand=+
892_g                -            286 69012                -            487   6.3e-25   86.2   0.0   1   2   1.4e-08   1.9e-06   25.3   0.0   184   247     8    73     2    82 0.85 length=287	scaffold=chromosome8	strand=-
892_g                -            286 69012                -            487   6.3e-25   86.2   0.0   2   2   7.9e-19     1e-16   59.1   0.0   222   396    83   260    72   278 0.76 length=287	scaffold=chromosome8	strand=-
4098_g               -            388 69012                -            487   2.4e-19   67.8   5.6   1   2   4.4e-10   5.9e-08   30.3   0.0   283   358   139   212   111   217 0.85 length=389	scaffold=chromosome9	strand=-
4098_g               -            388 69012                -            487   2.4e-19   67.8   5.6   2   2   7.3e-15   9.7e-13   46.1   2.8   283   393   222   329   209   349 0.78 length=389	scaffold=chromosome9	strand=-
209_g                -            864 69012                -            487   1.3e-16   58.8   8.1   1   3   1.2e-08   1.6e-06   25.6   4.3   246   370   448   573   431   589 0.83 length=865	scaffold=chromosome13	strand=+
209_g                -            864 69012                -            487   1.3e-16   58.8   8.1   2   3   3.5e-14   4.7e-12   43.8   0.1   295   395   599   701   586   708 0.76 length=865	scaffold=chromosome13	strand=+
209_g                -            864 69012                -            487   1.3e-16   58.8   8.1   3   3       1.8   2.4e+02   -1.4   0.1   197   244   794   840   753   847 0.82 length=865	scaffold=chromosome13	strand=+
3027_g               -            246 69012                -            487   1.2e-15   55.6   0.2   1   1   1.3e-17   1.8e-15   55.1   0.2   269   364     4   100     1   106 0.92 length=247	scaffold=chromosome10	strand=+
202_g                -            125 69012                -            487     5e-15   53.6   0.7   1   1   4.5e-17   5.9e-15   53.3   0.7    94   173     7    87     2   118 0.77 length=126	scaffold=chromosome13	strand=-
5093_g               -            356 69012                -            487     1e-13   49.2   0.6   1   2   4.9e-05    0.0065   13.6   0.1   303   346   130   174   107   188 0.80 length=357	scaffold=chromosome4	strand=-
5093_g               -            356 69012                -            487     1e-13   49.2   0.6   2   2   3.3e-11   4.4e-09   34.0   0.1   283   373   194   282   176   319 0.72 length=357	scaffold=chromosome4	strand=-
1307_g               -            653 69012                -            487   6.5e-13   46.6   0.4   1   1   1.3e-14   1.7e-12   45.2   0.1     6   104   167   268   163   276 0.93 length=654	scaffold=chromosome14	strand=-
2364_g               -            445 69012                -            487   9.1e-13   46.1   0.2   1   1   6.8e-15   9.1e-13   46.1   0.2    95   167   360   432   336   443 0.80 length=446	scaffold=chromosome12	strand=-
4138_g               -            480 69012                -            487   5.7e-12   43.5  20.7   1   2     3e-07     4e-05   20.9   1.1   184   248   113   179   108   189 0.85 length=481	scaffold=chromosome9	strand=+
4138_g               -            480 69012                -            487   5.7e-12   43.5  20.7   2   2   3.9e-10   5.2e-08   30.5   8.9   223   432   250   467   206   470 0.74 length=481	scaffold=chromosome9	strand=+
2724_g               -            200 69012                -            487   9.5e-12   42.8   4.7   1   1   1.5e-12     2e-10   38.4   4.8    97   244    11   154     9   170 0.62 length=201	scaffold=chromosome11	strand=-
4269_g               -            193 69012                -            487   1.6e-11   42.0   3.5   1   1   3.4e-05    0.0045   14.2   0.1   176   248   115   183   106   191 0.82 length=194	scaffold=chromosome9	strand=-
1705_g               -            596 69012                -            487   1.2e-10   39.2   5.3   1   3   8.8e-13   1.2e-10   39.2   5.3   273   403    18   147     4   181 0.69 length=597	scaffold=chromosome14	strand=+
1705_g               -            596 69012                -            487   1.2e-10   39.2   5.3   2   3      0.98   1.3e+02   -0.5   4.1   226   317   219   313   192   328 0.75 length=597	scaffold=chromosome14	strand=+
1705_g               -            596 69012                -            487   1.2e-10   39.2   5.3   3   3       8.1   1.1e+03   -3.6   2.2   385   426   521   563   484   571 0.60 length=597	scaffold=chromosome14	strand=+
70_g                 -            449 69012                -            487   1.7e-10   38.7  10.1   1   2   5.9e-10   7.9e-08   29.8   4.7   285   417   175   310   141   345 0.70 length=450	scaffold=chromosome13	strand=+
70_g                 -            449 69012                -            487   1.7e-10   38.7  10.1   2   2   0.00016     0.021   11.9   0.2    97   166   379   443   373   449 0.53 length=450	scaffold=chromosome13	strand=+
3065_g               -            622 69012                -            487   1.7e-10   38.6   1.0   1   4       2.2   2.9e+02   -1.7   0.2   360   433    67   138    58   141 0.73 length=623	scaffold=chromosome10	strand=+
3065_g               -            622 69012                -            487   1.7e-10   38.6   1.0   2   4       3.3   4.4e+02   -2.3   0.1   346   410   271   335   250   355 0.53 length=623	scaffold=chromosome10	strand=+
3065_g               -            622 69012                -            487   1.7e-10   38.6   1.0   3   4   6.5e-09   8.7e-07   26.4   0.2   284   367   387   468   368   498 0.54 length=623	scaffold=chromosome10	strand=+
3065_g               -            622 69012                -            487   1.7e-10   38.6   1.0   4   4   8.4e-07   0.00011   19.5   0.0   279   360   538   619   526   622 0.81 length=623	scaffold=chromosome10	strand=+
821_g                -            268 69012                -            487   4.9e-10   37.1   0.3   1   2       4.8   6.5e+02   -2.8   0.9   264   292    68    96    38   104 0.46 length=269	scaffold=chromosome8	strand=-
821_g                -            268 69012                -            487   4.9e-10   37.1   0.3   2   2   3.7e-12   4.9e-10   37.1   0.3   279   358   181   261   130   268 0.80 length=269	scaffold=chromosome8	strand=-
630_g                -            423 69012                -            487   2.1e-09   35.0   1.4   1   1   2.7e-11   3.6e-09   34.3   1.4   225   363    40   176    26   245 0.87 length=424	scaffold=chromosome13	strand=+
4603_g               -            291 69012                -            487   3.1e-09   34.5   0.0   1   1   3.9e-11   5.2e-09   33.7   0.0   182   266     7    91     3   187 0.75 length=292	scaffold=chromosome5	strand=-
565_g                -            449 69012                -            487     4e-09   34.1   5.9   1   1   4.4e-11   5.9e-09   33.6   5.9   248   395   285   436   252   447 0.68 length=450	scaffold=chromosome13	strand=-
2256_g               -            106 69012                -            487   1.4e-08   32.3   0.1   1   1     1e-10   1.4e-08   32.3   0.1   180   265    11    97     1   106 0.70 length=107	scaffold=chromosome12	strand=-
3536_g               -            156 69012                -            487   2.1e-08   31.8   3.4   1   1   1.8e-10   2.4e-08   31.6   3.4   260   366    39   145     7   154 0.85 length=157	scaffold=chromosome6	strand=+
3454_g               -            663 69012                -            487   3.9e-08   30.9   3.1   1   3       9.1   1.2e+03   -3.7   5.1   277   308   170   201    43   217 0.59 length=664	scaffold=chromosome6	strand=-
3454_g               -            663 69012                -            487   3.9e-08   30.9   3.1   2   3   0.00025     0.033   11.3   1.6   173   255   308   390   256   401 0.91 length=664	scaffold=chromosome6	strand=-
3454_g               -            663 69012                -            487   3.9e-08   30.9   3.1   3   3   2.9e-10   3.9e-08   30.9   3.1   185   361   467   659   448   662 0.76 length=664	scaffold=chromosome6	strand=-
4470_g               -            308 69012                -            487   4.7e-08   30.6   0.4   1   1   3.6e-10   4.7e-08   30.6   0.4   282   385     9   115     5   157 0.47 length=309	scaffold=chromosome5	strand=-
3889_g               -            309 69012                -            487   1.8e-07   28.7   0.1   1   2   1.4e-09   1.8e-07   28.7   0.1   283   358    34   110     9   187 0.68 length=310	scaffold=chromosome3	strand=+
3889_g               -            309 69012                -            487   1.8e-07   28.7   0.1   2   2       1.4   1.9e+02   -1.1   5.7   350   410   238   300   219   308 0.59 length=310	scaffold=chromosome3	strand=+
1339_g               -            107 69012                -            487   3.6e-07   27.7   0.1   1   1   3.3e-09   4.4e-07   27.4   0.1    98   168    26    97     7   107 0.58 length=108	scaffold=chromosome14	strand=+
3450_g               -            591 69012                -            487   3.8e-07   27.6   5.1   1   2    0.0016      0.21    8.7   0.0   287   315    11    39     4    89 0.81 length=592	scaffold=chromosome6	strand=+
3450_g               -            591 69012                -            487   3.8e-07   27.6   5.1   2   2   2.8e-09   3.8e-07   27.6   5.1   179   282   158   260   131   284 0.72 length=592	scaffold=chromosome6	strand=+
4216_g               -            289 69012                -            487   3.9e-07   27.6  14.5   1   2   6.7e-05    0.0089   13.2   8.1   164   286    29   145     7   153 0.65 length=290	scaffold=chromosome9	strand=+
4216_g               -            289 69012                -            487   3.9e-07   27.6  14.5   2   2   1.8e-06   0.00024   18.3   0.4    93   167   210   284   197   287 0.89 length=290	scaffold=chromosome9	strand=+
3193_g               -            322 69012                -            487   9.4e-07   26.3  11.7   1   2       2.5   3.3e+02   -1.9   6.1   214   277     6    66     1   101 0.57 length=323	scaffold=chromosome10	strand=-
3193_g               -            322 69012                -            487   9.4e-07   26.3  11.7   2   2   7.1e-09   9.4e-07   26.3  11.7    92   216   180   310    74   321 0.67 length=323	scaffold=chromosome10	strand=-
4166_g               -            202 69012                -            487     1e-06   26.2   0.9   1   1   8.9e-09   1.2e-06   26.0   0.9   272   341    58   128     5   149 0.78 length=203	scaffold=chromosome9	strand=-
1915_g               -            833 69012                -            487   9.5e-06   23.0   0.7   1   6       2.3   3.1e+02   -1.8   0.3   361   431    24    95     6   107 0.65 length=834	scaffold=chromosome14	strand=-
1915_g               -            833 69012                -            487   9.5e-06   23.0   0.7   2   6       7.6     1e+03   -3.5   2.9   368   428   349   393   317   412 0.54 length=834	scaffold=chromosome14	strand=-
1915_g               -            833 69012                -            487   9.5e-06   23.0   0.7   3   6       1.8   2.4e+02   -1.4   0.0   174   204   447   477   426   484 0.80 length=834	scaffold=chromosome14	strand=-
1915_g               -            833 69012                -            487   9.5e-06   23.0   0.7   4   6   6.8e-06    0.0009   16.5   0.1   280   320   584   624   572   628 0.86 length=834	scaffold=chromosome14	strand=-
1915_g               -            833 69012                -            487   9.5e-06   23.0   0.7   5   6     4e-05    0.0054   13.9   0.0   131   171   626   666   624   687 0.79 length=834	scaffold=chromosome14	strand=-
1915_g               -            833 69012                -            487   9.5e-06   23.0   0.7   6   6     0.031       4.1    4.4   0.0   138   171   788   820   751   829 0.76 length=834	scaffold=chromosome14	strand=-
107_g                -            143 69012                -            487   1.9e-05   22.0   0.8   1   1   1.6e-07   2.2e-05   21.8   0.8   167   278    20   134     6   142 0.78 length=144	scaffold=chromosome13	strand=-
2476_g               -            357 69012                -            487   3.9e-05   21.0   1.8   1   1   4.2e-07   5.6e-05   20.4   1.8   274   382   211   315   188   340 0.76 length=358	scaffold=chromosome12	strand=+
5103_g               -            234 69012                -            487   0.00017   18.9   0.8   1   2   1.4e-06   0.00019   18.7   0.0     5    80    32   107    23   137 0.90 length=235	scaffold=chromosome4	strand=+
5103_g               -            234 69012                -            487   0.00017   18.9   0.8   2   2         4   5.4e+02   -2.6   0.2   388   388   206   206   142   231 0.62 length=235	scaffold=chromosome4	strand=+
2719_g               -            294 69012                -            487    0.0007   16.8   2.2   1   1   1.2e-05    0.0016   15.6   2.2   111   216    86   203    70   285 0.62 length=295	scaffold=chromosome11	strand=-
3232_g               -            160 69012                -            487    0.0019   15.4   0.1   1   1   1.5e-05    0.0019   15.4   0.1   184   250    56   127    21   159 0.54 length=161	scaffold=chromosome10	strand=-
#
# Program:         hmmsearch
# Version:         3.4 (Aug 2023)
# Pipeline mode:   SEARCH
# Query file:      /home/inf-20-2025/Malaria/busco_downloads/lineages/apicomplexa_odb12/hmms/69012at5794.hmm
# Target file:     /home/inf-20-2025/Malaria/Results/6_nobird_annotation/P_faciparum.faa
# Option settings: hmmsearch --domtblout Results/8_busco/P_faciparum/run_apicomplexa_odb12/hmmer_output/initial_run_results/69012at5794.out --cpu 1 /home/inf-20-2025/Malaria/busco_downloads/lineages/apicomplexa_odb12/hmms/69012at5794.hmm /home/inf-20-2025/Malaria/Results/6_nobird_annotation/P_faciparum.faa 
# Current dir:     /home/inf-20-2025/Malaria
# Date:            Wed Mar  4 18:31:27 2026
# [ok]
