#                                                                            --- full sequence --- -------------- this domain -------------   hmm coord   ali coord   env coord
# target name        accession   tlen query name           accession   qlen   E-value  score  bias   #  of  c-Evalue  i-Evalue  score  bias  from    to  from    to  from    to  acc description of target
#------------------- ---------- ----- -------------------- ---------- ----- --------- ------ ----- --- --- --------- --------- ------ ----- ----- ----- ----- ----- ----- ----- ---- ---------------------
1589_g               -           1472 69103                -           1128         0 2046.6  49.4   1   3  1.5e-148  3.9e-145  483.4   8.1     2   261     2   262     1   271 0.98 length=1473	scaffold=chromosome14	strand=-
1589_g               -           1472 69103                -           1128         0 2046.6  49.4   2   3         0         0 1508.4  24.2   258  1053   317  1116   312  1123 0.98 length=1473	scaffold=chromosome14	strand=-
1589_g               -           1472 69103                -           1128         0 2046.6  49.4   3   3   1.2e-22     3e-19   66.5   4.2  1026  1123  1113  1210  1107  1215 0.90 length=1473	scaffold=chromosome14	strand=-
2397_g               -           1006 69103                -           1128   4.9e-17   59.2  14.6   1   4   0.00014      0.38    6.6   3.6    56   148   150   238   105   296 0.74 length=1007	scaffold=chromosome12	strand=+
2397_g               -           1006 69103                -           1128   4.9e-17   59.2  14.6   2   4       1.1     3e+03   -6.3   7.6   218  1087   351   446   267   487 0.47 length=1007	scaffold=chromosome12	strand=+
2397_g               -           1006 69103                -           1128   4.9e-17   59.2  14.6   3   4   5.6e-17   1.5e-13   47.7   5.6   266   502   493   735   470   741 0.72 length=1007	scaffold=chromosome12	strand=+
2397_g               -           1006 69103                -           1128   4.9e-17   59.2  14.6   4   4     2e-10   5.2e-07   26.0   1.6   501   613   779   884   764   912 0.75 length=1007	scaffold=chromosome12	strand=+
#
# Program:         hmmsearch
# Version:         3.4 (Aug 2023)
# Pipeline mode:   SEARCH
# Query file:      /home/inf-20-2025/Malaria/busco_downloads/lineages/apicomplexa_odb12/hmms/69103at5794.hmm
# Target file:     /home/inf-20-2025/Malaria/Results/6_nobird_annotation/P_faciparum.faa
# Option settings: hmmsearch --domtblout Results/8_busco/P_faciparum/run_apicomplexa_odb12/hmmer_output/initial_run_results/69103at5794.out --cpu 1 /home/inf-20-2025/Malaria/busco_downloads/lineages/apicomplexa_odb12/hmms/69103at5794.hmm /home/inf-20-2025/Malaria/Results/6_nobird_annotation/P_faciparum.faa 
# Current dir:     /home/inf-20-2025/Malaria
# Date:            Wed Mar  4 18:31:23 2026
# [ok]
