#                                                                            --- full sequence --- -------------- this domain -------------   hmm coord   ali coord   env coord
# target name        accession   tlen query name           accession   qlen   E-value  score  bias   #  of  c-Evalue  i-Evalue  score  bias  from    to  from    to  from    to  acc description of target
#------------------- ---------- ----- -------------------- ---------- ----- --------- ------ ----- --- --- --------- --------- ------ ----- ----- ----- ----- ----- ----- ----- ---- ---------------------
574_g                -            956 69136                -            695  2.4e-300  995.8   4.0   1   3   1.4e-76   2.5e-73  245.4   0.3     4   167   158   336   155   341 0.90 length=957	scaffold=chromosome13	strand=+
574_g                -            956 69136                -            695  2.4e-300  995.8   4.0   2   3   4.4e-57   7.7e-54  181.0   0.1   166   292   359   485   351   500 0.93 length=957	scaffold=chromosome13	strand=+
574_g                -            956 69136                -            695  2.4e-300  995.8   4.0   3   3  1.6e-174  2.8e-171  569.1   0.0   276   692   495   941   486   944 0.93 length=957	scaffold=chromosome13	strand=+
5006_g               -           1362 69136                -            695   1.5e-65  219.7  12.1   1   2   1.2e-05     0.021   11.0   0.1    14    94   417   508   407   528 0.74 length=1363	scaffold=chromosome4	strand=-
5006_g               -           1362 69136                -            695   1.5e-65  219.7  12.1   2   2   5.9e-65     1e-61  207.0   8.7   126   685   748  1354   701  1361 0.80 length=1363	scaffold=chromosome4	strand=-
886_g                -            759 69136                -            695   1.2e-21   74.6   3.2   1   2     3e-14   5.1e-11   39.4   0.5    18   187     9   174     3   182 0.78 length=760	scaffold=chromosome8	strand=+
886_g                -            759 69136                -            695   1.2e-21   74.6   3.2   2   2   1.2e-12   2.1e-09   34.1   0.1   216   596   223   656   217   668 0.66 length=760	scaffold=chromosome8	strand=+
#
# Program:         hmmsearch
# Version:         3.4 (Aug 2023)
# Pipeline mode:   SEARCH
# Query file:      /home/inf-20-2025/Malaria/busco_downloads/lineages/apicomplexa_odb12/hmms/69136at5794.hmm
# Target file:     /home/inf-20-2025/Malaria/Results/6_nobird_annotation/P_faciparum.faa
# Option settings: hmmsearch --domtblout Results/8_busco/P_faciparum/run_apicomplexa_odb12/hmmer_output/initial_run_results/69136at5794.out --cpu 1 /home/inf-20-2025/Malaria/busco_downloads/lineages/apicomplexa_odb12/hmms/69136at5794.hmm /home/inf-20-2025/Malaria/Results/6_nobird_annotation/P_faciparum.faa 
# Current dir:     /home/inf-20-2025/Malaria
# Date:            Wed Mar  4 18:31:22 2026
# [ok]
