#                                                                            --- full sequence --- -------------- this domain -------------   hmm coord   ali coord   env coord
# target name        accession   tlen query name           accession   qlen   E-value  score  bias   #  of  c-Evalue  i-Evalue  score  bias  from    to  from    to  from    to  acc description of target
#------------------- ---------- ----- -------------------- ---------- ----- --------- ------ ----- --- --- --------- --------- ------ ----- ----- ----- ----- ----- ----- ----- ---- ---------------------
4109_g               -            652 69177                -            621         0 1160.8  19.5   1   1         0         0 1160.6  19.5     2   615    24   640    23   652 0.98 length=653	scaffold=chromosome9	strand=+
1007_g               -            682 69177                -            621  3.6e-288  955.0  14.5   1   1  5.4e-291  4.7e-288  954.6  14.5     5   615    35   654    31   660 0.97 length=683	scaffold=chromosome7	strand=+
853_g                -            677 69177                -            621  1.5e-279  926.5   8.3   1   1  2.3e-282    2e-279  926.1   8.3     7   611    16   629    12   633 0.97 length=678	scaffold=chromosome8	strand=+
2852_g               -           1897 69177                -            621  2.3e-224  744.2  19.1   1   4      0.38   3.3e+02   -2.9   2.7   510   568   236   297   226   333 0.57 length=1898	scaffold=chromosome11	strand=+
2852_g               -           1897 69177                -            621  2.3e-224  744.2  19.1   2   4         6   5.2e+03  -23.4  28.7   482   592   551   667   539   698 0.67 length=1898	scaffold=chromosome11	strand=+
2852_g               -           1897 69177                -            621  2.3e-224  744.2  19.1   3   4         6   5.2e+03  -19.8  21.1   497   589   678   774   651   793 0.57 length=1898	scaffold=chromosome11	strand=+
2852_g               -           1897 69177                -            621  2.3e-224  744.2  19.1   4   4  2.7e-227  2.3e-224  744.2  19.1     3   615  1272  1880  1270  1888 0.94 length=1898	scaffold=chromosome11	strand=+
1071_g               -            873 69177                -            621   4.5e-45  151.9   5.8   1   5   1.8e-33   1.6e-30  103.9   1.5     7   250     2   253     1   261 0.86 length=874	scaffold=chromosome7	strand=+
1071_g               -            873 69177                -            621   4.5e-45  151.9   5.8   2   5   6.8e-20   5.9e-17   59.1   0.2   260   379   294   414   272   421 0.88 length=874	scaffold=chromosome7	strand=+
1071_g               -            873 69177                -            621   4.5e-45  151.9   5.8   3   5         6   5.2e+03  -11.9  14.2   513   569   532   588   521   607 0.66 length=874	scaffold=chromosome7	strand=+
1071_g               -            873 69177                -            621   4.5e-45  151.9   5.8   4   5   1.3e-05     0.011   11.9   3.3   504   612   620   727   604   734 0.81 length=874	scaffold=chromosome7	strand=+
1071_g               -            873 69177                -            621   4.5e-45  151.9   5.8   5   5         6   5.2e+03  -10.1  13.5   518   600   790   871   779   872 0.54 length=874	scaffold=chromosome7	strand=+
414_g                -            932 69177                -            621   2.4e-35  119.8  42.3   1   3   2.3e-36     2e-33  113.5  24.8     7   535    25   618    20   645 0.75 length=933	scaffold=chromosome13	strand=+
414_g                -            932 69177                -            621   2.4e-35  119.8  42.3   2   3   1.8e-08   1.5e-05   21.3   9.4   506   604   660   758   655   775 0.89 length=933	scaffold=chromosome13	strand=+
414_g                -            932 69177                -            621   2.4e-35  119.8  42.3   3   3         6   5.2e+03  -12.6  14.6   523   599   830   907   814   932 0.56 length=933	scaffold=chromosome13	strand=+
#
# Program:         hmmsearch
# Version:         3.4 (Aug 2023)
# Pipeline mode:   SEARCH
# Query file:      /home/inf-20-2025/Malaria/busco_downloads/lineages/apicomplexa_odb12/hmms/69177at5794.hmm
# Target file:     /home/inf-20-2025/Malaria/Results/6_nobird_annotation/P_faciparum.faa
# Option settings: hmmsearch --domtblout Results/8_busco/P_faciparum/run_apicomplexa_odb12/hmmer_output/initial_run_results/69177at5794.out --cpu 1 /home/inf-20-2025/Malaria/busco_downloads/lineages/apicomplexa_odb12/hmms/69177at5794.hmm /home/inf-20-2025/Malaria/Results/6_nobird_annotation/P_faciparum.faa 
# Current dir:     /home/inf-20-2025/Malaria
# Date:            Wed Mar  4 18:31:23 2026
# [ok]
