#                                                                            --- full sequence --- -------------- this domain -------------   hmm coord   ali coord   env coord
# target name        accession   tlen query name           accession   qlen   E-value  score  bias   #  of  c-Evalue  i-Evalue  score  bias  from    to  from    to  from    to  acc description of target
#------------------- ---------- ----- -------------------- ---------- ----- --------- ------ ----- --- --- --------- --------- ------ ----- ----- ----- ----- ----- ----- ----- ---- ---------------------
2634_g               -            378 7803                 -            373  1.1e-172  572.0   0.0   1   1  2.7e-175  1.3e-172  571.8   0.0     2   371     2   373     1   375 0.99 length=379	scaffold=chromosome11	strand=+
2456_g               -            376 7803                 -            373  4.7e-108  359.3   0.0   1   1  1.1e-110  5.4e-108  359.1   0.0     3   370     6   374     4   376 0.94 length=377	scaffold=chromosome12	strand=+
4337_g               -            367 7803                 -            373     8e-95  315.8   0.0   1   1   1.9e-97   9.2e-95  315.6   0.0     3   371    12   366    10   367 0.93 length=368	scaffold=chromosome1	strand=-
1405_g               -            231 7803                 -            373   8.3e-68  226.9   0.0   1   1   2.1e-70     1e-67  226.6   0.0   141   370     5   229     3   231 0.94 length=232	scaffold=chromosome14	strand=+
1498_g               -            522 7803                 -            373   1.8e-42  143.5   0.1   1   3   8.9e-05     0.042   10.6   0.0     4    47    19    62    16    79 0.81 length=523	scaffold=chromosome14	strand=-
1498_g               -            522 7803                 -            373   1.8e-42  143.5   0.1   2   3   2.8e-16   1.3e-13   48.5   0.0    86   176   142   232   129   244 0.90 length=523	scaffold=chromosome14	strand=-
1498_g               -            522 7803                 -            373   1.8e-42  143.5   0.1   3   3   5.6e-26   2.7e-23   80.4   0.1   225   369   380   519   323   522 0.85 length=523	scaffold=chromosome14	strand=-
1404_g               -            152 7803                 -            373   2.8e-39  133.0   0.0   1   1     7e-42   3.3e-39  132.7   0.0     4   142     6   151     3   152 0.92 length=153	scaffold=chromosome14	strand=+
5052_g               -            413 7803                 -            373   2.9e-35  119.7   1.7   1   2   5.8e-05     0.027   11.3   0.0     4    60     8    64     5    80 0.87 length=414	scaffold=chromosome4	strand=-
5052_g               -            413 7803                 -            373   2.9e-35  119.7   1.7   2   2   4.5e-34   2.1e-31  107.0   0.9    69   370   102   405    78   408 0.89 length=414	scaffold=chromosome4	strand=-
1161_g               -           1032 7803                 -            373   4.6e-34  115.8   0.1   1   3   4.2e-09     2e-06   24.9   0.0    19   131    36   148    10   159 0.83 length=1033	scaffold=chromosome7	strand=+
1161_g               -           1032 7803                 -            373   4.6e-34  115.8   0.1   2   3   2.8e-07   0.00013   18.9   0.0   142   221   476   553   465   581 0.86 length=1033	scaffold=chromosome7	strand=+
1161_g               -           1032 7803                 -            373   4.6e-34  115.8   0.1   3   3   3.3e-22   1.6e-19   68.0   0.0   230   365   889  1022   863  1031 0.89 length=1033	scaffold=chromosome7	strand=+
4487_g               -            565 7803                 -            373   1.1e-30  104.7   0.6   1   3   0.00079      0.37    7.5   0.0     5    45     9    52     5    68 0.78 length=566	scaffold=chromosome5	strand=+
4487_g               -            565 7803                 -            373   1.1e-30  104.7   0.6   2   3   9.8e-12   4.6e-09   33.5   0.0    74   187   229   342   213   362 0.86 length=566	scaffold=chromosome5	strand=+
4487_g               -            565 7803                 -            373   1.1e-30  104.7   0.6   3   3     1e-19   4.8e-17   59.8   0.2   203   370   378   564   370   565 0.71 length=566	scaffold=chromosome5	strand=+
2572_g               -            499 7803                 -            373   1.1e-26   91.6   0.0   1   3   6.1e-21   2.9e-18   63.8   0.0     3   177     5   191     3   201 0.79 length=500	scaffold=chromosome11	strand=+
2572_g               -            499 7803                 -            373   1.1e-26   91.6   0.0   2   3   0.00092      0.44    7.3   0.1   213   241   267   298   243   306 0.71 length=500	scaffold=chromosome11	strand=+
2572_g               -            499 7803                 -            373   1.1e-26   91.6   0.0   3   3   1.5e-06   0.00071   16.5   0.0   286   370   412   497   390   499 0.79 length=500	scaffold=chromosome11	strand=+
4044_g               -            956 7803                 -            373   1.5e-17   61.4   0.0   1   3    0.0066       3.1    4.5   0.0    69   125   123   180   120   190 0.87 length=957	scaffold=chromosome9	strand=+
4044_g               -            956 7803                 -            373   1.5e-17   61.4   0.0   2   3      0.15        70    0.0   0.0   139   160   280   301   246   321 0.88 length=957	scaffold=chromosome9	strand=+
4044_g               -            956 7803                 -            373   1.5e-17   61.4   0.0   3   3   2.1e-17   9.9e-15   52.2   0.0   266   365   426   530   417   540 0.83 length=957	scaffold=chromosome9	strand=+
#
# Program:         hmmsearch
# Version:         3.4 (Aug 2023)
# Pipeline mode:   SEARCH
# Query file:      /home/inf-20-2025/Malaria/busco_downloads/lineages/apicomplexa_odb12/hmms/7803at5794.hmm
# Target file:     /home/inf-20-2025/Malaria/Results/6_nobird_annotation/P_faciparum.faa
# Option settings: hmmsearch --domtblout Results/8_busco/P_faciparum/run_apicomplexa_odb12/hmmer_output/initial_run_results/7803at5794.out --cpu 1 /home/inf-20-2025/Malaria/busco_downloads/lineages/apicomplexa_odb12/hmms/7803at5794.hmm /home/inf-20-2025/Malaria/Results/6_nobird_annotation/P_faciparum.faa 
# Current dir:     /home/inf-20-2025/Malaria
# Date:            Wed Mar  4 18:31:24 2026
# [ok]
