#                                                                            --- full sequence --- -------------- this domain -------------   hmm coord   ali coord   env coord
# target name        accession   tlen query name           accession   qlen   E-value  score  bias   #  of  c-Evalue  i-Evalue  score  bias  from    to  from    to  from    to  acc description of target
#------------------- ---------- ----- -------------------- ---------- ----- --------- ------ ----- --- --- --------- --------- ------ ----- ----- ----- ----- ----- ----- ----- ---- ---------------------
2703_g               -            214 7878                 -            211  2.4e-133  440.3   0.3   1   1  9.4e-136  2.9e-133  440.1   0.3     2   210     4   212     3   213 0.99 length=215	scaffold=chromosome11	strand=-
4558_g               -            200 7878                 -            211   7.5e-34  115.3   1.3   1   1   2.9e-36   8.9e-34  115.0   1.3     7   176     8   180     2   198 0.91 length=201	scaffold=chromosome5	strand=+
3973_g               -            206 7878                 -            211   4.1e-31  106.3   0.2   1   1   1.6e-33   4.9e-31  106.1   0.2     7   169     8   178     2   198 0.88 length=207	scaffold=chromosome9	strand=-
2316_g               -            215 7878                 -            211     3e-30  103.5   0.1   1   1   1.2e-32   3.7e-30  103.2   0.1     8   167     8   169     2   181 0.95 length=216	scaffold=chromosome12	strand=+
4572_g               -            207 7878                 -            211     2e-29  100.8   1.5   1   1   8.1e-32   2.5e-29  100.5   1.5     8   171    13   179     7   200 0.88 length=208	scaffold=chromosome5	strand=-
747_g                -            201 7878                 -            211   2.3e-29  100.6   0.6   1   1     9e-32   2.7e-29  100.3   0.6     8   178    11   184     4   198 0.90 length=202	scaffold=chromosome8	strand=+
2951_g               -            222 7878                 -            211   2.4e-29  100.6   0.6   1   1   9.8e-32     3e-29  100.2   0.6     5   188    24   208    20   220 0.87 length=223	scaffold=chromosome11	strand=-
199_g                -            216 7878                 -            211   5.2e-29   99.4   1.1   1   1   2.1e-31   6.4e-29   99.1   1.1     8   170    12   178     5   211 0.88 length=217	scaffold=chromosome13	strand=+
4364_g               -            214 7878                 -            211   8.1e-27   92.3   0.1   1   1   3.1e-29   9.5e-27   92.0   0.1     4   167    24   190    21   212 0.90 length=215	scaffold=chromosome1	strand=+
4845_g               -            235 7878                 -            211   2.5e-21   74.3   7.2   1   2   0.00016      0.05   11.3   0.1     4    46     3    45     1    73 0.83 length=236	scaffold=chromosome2	strand=-
4845_g               -            235 7878                 -            211   2.5e-21   74.3   7.2   2   2   8.1e-21   2.5e-18   64.5   4.0    48   168    84   204    74   231 0.87 length=236	scaffold=chromosome2	strand=-
384_g                -            211 7878                 -            211   8.5e-21   72.6   0.9   1   1   3.4e-23     1e-20   72.3   0.9    32   168    16   160    12   205 0.79 length=212	scaffold=chromosome13	strand=-
106_g                -            118 7878                 -            211   2.5e-12   44.9   0.1   1   1   1.1e-14   3.3e-12   44.5   0.1     4    88    31   116    27   118 0.91 length=119	scaffold=chromosome13	strand=-
3202_g               -            181 7878                 -            211   6.4e-12   43.6   0.1   1   1   2.3e-14   7.1e-12   43.4   0.1     7   167    17   179    12   181 0.75 length=182	scaffold=chromosome10	strand=-
1669_g               -            183 7878                 -            211   6.1e-10   37.1   0.1   1   1   2.8e-12   8.7e-10   36.6   0.1     6   168    15   180    10   182 0.75 length=184	scaffold=chromosome14	strand=-
3330_g               -            178 7878                 -            211   1.2e-09   36.2   0.3   1   1   4.6e-12   1.4e-09   35.9   0.3     7   163    17   175    13   178 0.75 length=179	scaffold=chromosome10	strand=+
5115_g               -            192 7878                 -            211   5.3e-08   30.8   0.0   1   2       4.2   1.3e+03   -3.1   0.1    98   105     3    10     3    12 0.82 length=193	scaffold=chromosome4	strand=+
5115_g               -            192 7878                 -            211   5.3e-08   30.8   0.0   2   2   3.6e-10   1.1e-07   29.7   0.0     9   125    22   135    17   156 0.85 length=193	scaffold=chromosome4	strand=+
2462_g               -            261 7878                 -            211   7.4e-05   20.5   0.1   1   1   3.3e-07    0.0001   20.1   0.1     9   129    65   188    58   212 0.82 length=262	scaffold=chromosome12	strand=+
#
# Program:         hmmsearch
# Version:         3.4 (Aug 2023)
# Pipeline mode:   SEARCH
# Query file:      /home/inf-20-2025/Malaria/busco_downloads/lineages/apicomplexa_odb12/hmms/7878at5794.hmm
# Target file:     /home/inf-20-2025/Malaria/Results/6_nobird_annotation/P_faciparum.faa
# Option settings: hmmsearch --domtblout Results/8_busco/P_faciparum/run_apicomplexa_odb12/hmmer_output/initial_run_results/7878at5794.out --cpu 1 /home/inf-20-2025/Malaria/busco_downloads/lineages/apicomplexa_odb12/hmms/7878at5794.hmm /home/inf-20-2025/Malaria/Results/6_nobird_annotation/P_faciparum.faa 
# Current dir:     /home/inf-20-2025/Malaria
# Date:            Wed Mar  4 18:31:22 2026
# [ok]
