#                                                                            --- full sequence --- -------------- this domain -------------   hmm coord   ali coord   env coord
# target name        accession   tlen query name           accession   qlen   E-value  score  bias   #  of  c-Evalue  i-Evalue  score  bias  from    to  from    to  from    to  acc description of target
#------------------- ---------- ----- -------------------- ---------- ----- --------- ------ ----- --- --- --------- --------- ------ ----- ----- ----- ----- ----- ----- ----- ---- ---------------------
2133_g               -            570 11788                -            290     6e-77  257.1   9.2   1   3   1.1e-10     2e-07   29.0   0.1     2    50     6    61     5    92 0.76 length=571	scaffold=chromosome14	strand=-
2133_g               -            570 11788                -            290     6e-77  257.1   9.2   2   3   5.4e-66     1e-62  210.4   0.4    43   264   233   483   230   486 0.82 length=571	scaffold=chromosome14	strand=-
2133_g               -            570 11788                -            290     6e-77  257.1   9.2   3   3     1e-08     2e-05   22.4   0.4   262   289   502   529   499   530 0.90 length=571	scaffold=chromosome14	strand=-
729_g                -            353 11788                -            290   1.4e-50  170.6   7.8   1   3    0.0021       4.1    5.0   0.1     4    45    11    53     9    55 0.75 length=354	scaffold=chromosome11	strand=-
729_g                -            353 11788                -            290   1.4e-50  170.6   7.8   2   3   2.8e-11   5.3e-08   30.9   1.0   221   285    35    99    33   103 0.76 length=354	scaffold=chromosome11	strand=-
729_g                -            353 11788                -            290   1.4e-50  170.6   7.8   3   3   2.6e-45   4.9e-42  142.6   0.7    93   284   126   315   120   320 0.87 length=354	scaffold=chromosome11	strand=-
4823_g               -            968 11788                -            290   3.2e-37  126.8  10.8   1   4      0.34   6.5e+02   -2.2   0.0   225   246   511   532   509   540 0.76 length=969	scaffold=chromosome9	strand=-
4823_g               -            968 11788                -            290   3.2e-37  126.8  10.8   2   4   0.00071       1.3    6.6   0.1   148   203   542   599   536   603 0.77 length=969	scaffold=chromosome9	strand=-
4823_g               -            968 11788                -            290   3.2e-37  126.8  10.8   3   4     3e-31   5.7e-28   96.4   4.3    92   244   591   739   586   749 0.89 length=969	scaffold=chromosome9	strand=-
4823_g               -            968 11788                -            290   3.2e-37  126.8  10.8   4   4   4.7e-10     9e-07   26.8   0.0   236   288   850   904   845   906 0.79 length=969	scaffold=chromosome9	strand=-
#
# Program:         hmmsearch
# Version:         3.4 (Aug 2023)
# Pipeline mode:   SEARCH
# Query file:      /home/inf-20-2025/Malaria/busco_downloads/lineages/apicomplexa_odb12/hmms/11788at5794.hmm
# Target file:     /home/inf-20-2025/Malaria/Results/6_nobird_annotation/P_vivax.faa
# Option settings: hmmsearch --domtblout Results/8_busco/P_vivax/run_apicomplexa_odb12/hmmer_output/initial_run_results/11788at5794.out --cpu 1 /home/inf-20-2025/Malaria/busco_downloads/lineages/apicomplexa_odb12/hmms/11788at5794.hmm /home/inf-20-2025/Malaria/Results/6_nobird_annotation/P_vivax.faa 
# Current dir:     /home/inf-20-2025/Malaria
# Date:            Wed Mar  4 18:32:01 2026
# [ok]
