#                                                                            --- full sequence --- -------------- this domain -------------   hmm coord   ali coord   env coord
# target name        accession   tlen query name           accession   qlen   E-value  score  bias   #  of  c-Evalue  i-Evalue  score  bias  from    to  from    to  from    to  acc description of target
#------------------- ---------- ----- -------------------- ---------- ----- --------- ------ ----- --- --- --------- --------- ------ ----- ----- ----- ----- ----- ----- ----- ---- ---------------------
318_g                -           1029 14250                -            175   4.7e-79  262.0  13.8   1   2   1.2e-81   4.7e-79  262.0  13.8     1   173     1   173     1   175 0.98 length=1030	scaffold=chromosome11	strand=+
318_g                -           1029 14250                -            175   4.7e-79  262.0  13.8   2   2       3.7   1.4e+03   -3.3   0.1   147   166   908   927   903   934 0.81 length=1030	scaffold=chromosome11	strand=+
1571_g               -           1549 14250                -            175   1.9e-25   87.5  67.3   1   7     0.082        31    2.1   5.0    54   126    90   157    65   160 0.76 length=1550	scaffold=chromosome13	strand=+
1571_g               -           1549 14250                -            175   1.9e-25   87.5  67.3   2   7   2.9e-12   1.1e-09   36.1   5.4    46   163   171   291   164   301 0.90 length=1550	scaffold=chromosome13	strand=+
1571_g               -           1549 14250                -            175   1.9e-25   87.5  67.3   3   7   0.00052       0.2    9.3   0.1    23   151   840   975   825   986 0.80 length=1550	scaffold=chromosome13	strand=+
1571_g               -           1549 14250                -            175   1.9e-25   87.5  67.3   4   7      0.12        47    1.5   0.2    84   105  1033  1054  1030  1056 0.77 length=1550	scaffold=chromosome13	strand=+
1571_g               -           1549 14250                -            175   1.9e-25   87.5  67.3   5   7   2.5e-06   0.00095   16.8  15.0     4   153  1044  1189  1040  1209 0.90 length=1550	scaffold=chromosome13	strand=+
1571_g               -           1549 14250                -            175   1.9e-25   87.5  67.3   6   7   9.2e-07   0.00035   18.2   0.3    21    74  1218  1273  1211  1281 0.85 length=1550	scaffold=chromosome13	strand=+
1571_g               -           1549 14250                -            175   1.9e-25   87.5  67.3   7   7   3.7e-10   1.4e-07   29.3   6.5    44   144  1321  1414  1306  1426 0.88 length=1550	scaffold=chromosome13	strand=+
3631_g               -           1755 14250                -            175   1.7e-17   61.6  42.6   1   5      0.79     3e+02   -1.1   0.0     9    39   168   198   161   201 0.80 length=1756	scaffold=chromosome6	strand=+
3631_g               -           1755 14250                -            175   1.7e-17   61.6  42.6   2   5     6e-08   2.3e-05   22.1  17.6     9   113  1466  1567  1460  1570 0.89 length=1756	scaffold=chromosome6	strand=+
3631_g               -           1755 14250                -            175   1.7e-17   61.6  42.6   3   5   3.9e-08   1.5e-05   22.7   2.5    47   102  1547  1600  1545  1601 0.95 length=1756	scaffold=chromosome6	strand=+
3631_g               -           1755 14250                -            175   1.7e-17   61.6  42.6   4   5   4.6e-08   1.7e-05   22.4   3.7    18   102  1563  1645  1560  1647 0.90 length=1756	scaffold=chromosome6	strand=+
3631_g               -           1755 14250                -            175   1.7e-17   61.6  42.6   5   5   3.6e-09   1.4e-06   26.0   7.5    56   147  1646  1737  1640  1746 0.91 length=1756	scaffold=chromosome6	strand=+
1614_g               -            281 14250                -            175   7.3e-15   53.0   4.2   1   1   3.6e-16   1.4e-13   48.9   4.2    43   147    59   165    22   193 0.84 length=282	scaffold=chromosome13	strand=-
1102_g               -            250 14250                -            175   1.7e-13   48.5   1.1   1   3         1   3.9e+02   -1.5   0.1   129   147    77    95    46   121 0.57 length=251	scaffold=chromosome12	strand=-
1102_g               -            250 14250                -            175   1.7e-13   48.5   1.1   2   3       0.4   1.5e+02   -0.2   0.2    36    55   133   155    96   158 0.65 length=251	scaffold=chromosome12	strand=-
1102_g               -            250 14250                -            175   1.7e-13   48.5   1.1   3   3   4.5e-16   1.7e-13   48.5   1.1    83   166   160   245   149   250 0.92 length=251	scaffold=chromosome12	strand=-
211_g                -           1811 14250                -            175   7.8e-12   43.1  19.8   1   3   5.4e-05      0.02   12.5   3.3    57   107  1502  1550  1474  1555 0.78 length=1812	scaffold=chromosome10	strand=-
211_g                -           1811 14250                -            175   7.8e-12   43.1  19.8   2   3   1.8e-06   0.00069   17.2   2.2    47   100  1557  1611  1554  1618 0.71 length=1812	scaffold=chromosome10	strand=-
211_g                -           1811 14250                -            175   7.8e-12   43.1  19.8   3   3   9.9e-08   3.8e-05   21.4   0.6    88   164  1695  1774  1689  1784 0.79 length=1812	scaffold=chromosome10	strand=-
3293_g               -            225 14250                -            175   2.8e-11   41.3   8.6   1   2    0.0016       0.6    7.7   0.7    54   108    69   122    67   129 0.77 length=226	scaffold=chromosome5	strand=+
3293_g               -            225 14250                -            175   2.8e-11   41.3   8.6   2   2   2.1e-12   8.1e-10   36.6   2.3    64   157   125   219   119   223 0.84 length=226	scaffold=chromosome5	strand=+
2260_g               -            438 14250                -            175   3.7e-10   37.7  12.6   1   2   9.7e-13   3.7e-10   37.7  12.6     1   165     1   168     1   180 0.82 length=439	scaffold=chromosome14	strand=-
2260_g               -            438 14250                -            175   3.7e-10   37.7  12.6   2   2       4.3   1.6e+03   -3.5   0.0    29    60   272   303   267   304 0.75 length=439	scaffold=chromosome14	strand=-
3984_g               -            635 14250                -            175   4.6e-10   37.4  36.0   1   3   2.5e-07   9.4e-05   20.1  14.8    18   111    75   165    68   167 0.91 length=636	scaffold=chromosome7	strand=-
3984_g               -            635 14250                -            175   4.6e-10   37.4  36.0   2   3   6.5e-11   2.5e-08   31.7  13.2    50   154   128   230   128   235 0.95 length=636	scaffold=chromosome7	strand=-
3984_g               -            635 14250                -            175   4.6e-10   37.4  36.0   3   3       2.4   9.2e+02   -2.7   0.0    15    35   452   472   447   477 0.85 length=636	scaffold=chromosome7	strand=-
1255_g               -            361 14250                -            175     2e-09   35.3  35.5   1   3    0.0012      0.45    8.1   8.9    14    79    31    95    18   106 0.83 length=362	scaffold=chromosome12	strand=-
1255_g               -            361 14250                -            175     2e-09   35.3  35.5   2   3   1.1e-11   4.3e-09   34.2   8.1    46   124   106   180   101   184 0.87 length=362	scaffold=chromosome12	strand=-
1255_g               -            361 14250                -            175     2e-09   35.3  35.5   3   3     0.019       7.1    4.2   5.2    46   130   173   256   170   299 0.84 length=362	scaffold=chromosome12	strand=-
4815_g               -            340 14250                -            175   3.9e-08   31.1  22.3   1   2   3.4e-06    0.0013   16.3   6.3    40   124   125   205    90   211 0.80 length=341	scaffold=chromosome9	strand=+
4815_g               -            340 14250                -            175   3.9e-08   31.1  22.3   2   2   1.6e-07   6.1e-05   20.7   8.1    46   132   219   303   214   330 0.85 length=341	scaffold=chromosome9	strand=+
809_g                -            209 14250                -            175   1.1e-06   26.3  25.5   1   2    0.0018      0.67    7.5   1.3    65   111    26    71    10    76 0.73 length=210	scaffold=chromosome12	strand=-
809_g                -            209 14250                -            175   1.1e-06   26.3  25.5   2   2   1.8e-07   6.7e-05   20.5  17.4    25   147    76   200    74   204 0.86 length=210	scaffold=chromosome12	strand=-
2553_g               -            798 14250                -            175   1.5e-05   22.7   8.2   1   3     0.011       4.2    4.9   0.3    87   126   277   317   240   321 0.80 length=799	scaffold=chromosome1	strand=+
2553_g               -            798 14250                -            175   1.5e-05   22.7   8.2   2   3      0.82   3.1e+02   -1.2   0.0    61   106   484   531   474   536 0.49 length=799	scaffold=chromosome1	strand=+
2553_g               -            798 14250                -            175   1.5e-05   22.7   8.2   3   3   4.2e-07   0.00016   19.3   2.3    83   165   582   667   577   675 0.85 length=799	scaffold=chromosome1	strand=+
1974_g               -            476 14250                -            175    0.0047   14.5   0.2   1   1     3e-05     0.011   13.3   0.2    59   134   257   332   246   346 0.89 length=477	scaffold=chromosome14	strand=-
3764_g               -            414 14250                -            175      0.77    7.3  11.6   1   4       2.5   9.5e+02   -2.7   0.0    62    79   204   221   202   223 0.63 length=415	scaffold=chromosome7	strand=-
3764_g               -            414 14250                -            175      0.77    7.3  11.6   2   4    0.0035       1.3    6.6   0.3    86   112   272   298   266   303 0.85 length=415	scaffold=chromosome7	strand=-
3764_g               -            414 14250                -            175      0.77    7.3  11.6   3   4    0.0026      0.99    7.0   0.4    45    68   303   326   298   334 0.88 length=415	scaffold=chromosome7	strand=-
3764_g               -            414 14250                -            175      0.77    7.3  11.6   4   4         2   7.5e+02   -2.4   0.0    84    94   393   403   386   409 0.76 length=415	scaffold=chromosome7	strand=-
#
# Program:         hmmsearch
# Version:         3.4 (Aug 2023)
# Pipeline mode:   SEARCH
# Query file:      /home/inf-20-2025/Malaria/busco_downloads/lineages/apicomplexa_odb12/hmms/14250at5794.hmm
# Target file:     /home/inf-20-2025/Malaria/Results/6_nobird_annotation/P_vivax.faa
# Option settings: hmmsearch --domtblout Results/8_busco/P_vivax/run_apicomplexa_odb12/hmmer_output/initial_run_results/14250at5794.out --cpu 1 /home/inf-20-2025/Malaria/busco_downloads/lineages/apicomplexa_odb12/hmms/14250at5794.hmm /home/inf-20-2025/Malaria/Results/6_nobird_annotation/P_vivax.faa 
# Current dir:     /home/inf-20-2025/Malaria
# Date:            Wed Mar  4 18:32:02 2026
# [ok]
