#                                                                            --- full sequence --- -------------- this domain -------------   hmm coord   ali coord   env coord
# target name        accession   tlen query name           accession   qlen   E-value  score  bias   #  of  c-Evalue  i-Evalue  score  bias  from    to  from    to  from    to  acc description of target
#------------------- ---------- ----- -------------------- ---------- ----- --------- ------ ----- --- --- --------- --------- ------ ----- ----- ----- ----- ----- ----- ----- ---- ---------------------
38_g                 -            590 14579                -            422  1.1e-157  523.4  12.8   1   3   4.7e-76     3e-73  245.2   0.2     2   213    22   245    21   254 0.92 length=591	scaffold=chromosome10	strand=+
38_g                 -            590 14579                -            422  1.1e-157  523.4  12.8   2   3   3.6e-53   2.3e-50  169.9   0.2   208   338   267   403   261   412 0.90 length=591	scaffold=chromosome10	strand=+
38_g                 -            590 14579                -            422  1.1e-157  523.4  12.8   3   3   6.3e-34     4e-31  106.5   2.7   330   421   467   578   455   579 0.76 length=591	scaffold=chromosome10	strand=+
2771_g               -           3000 14579                -            422   7.2e-14   49.6  12.2   1   3   3.7e-07   0.00023   18.3   0.1    77   123   253   299   244   325 0.77 length=3001	scaffold=chromosome2	strand=-
2771_g               -           3000 14579                -            422   7.2e-14   49.6  12.2   2   3     9e-06    0.0057   13.7   2.3   169   314   913  1064   867  1066 0.84 length=3001	scaffold=chromosome2	strand=-
2771_g               -           3000 14579                -            422   7.2e-14   49.6  12.2   3   3   1.5e-08   9.2e-06   22.9   0.3   350   395  1067  1110  1064  1123 0.85 length=3001	scaffold=chromosome2	strand=-
3742_g               -           1594 14579                -            422   1.6e-12   45.1  13.7   1   3   7.6e-07   0.00048   17.2   0.4    83   127  1235  1279  1222  1307 0.84 length=1595	scaffold=chromosome7	strand=+
3742_g               -           1594 14579                -            422   1.6e-12   45.1  13.7   2   3      0.17     1e+02   -0.3   2.8   190   282  1401  1491  1304  1495 0.67 length=1595	scaffold=chromosome7	strand=+
3742_g               -           1594 14579                -            422   1.6e-12   45.1  13.7   3   3   5.5e-12   3.5e-09   34.2   0.2   338   399  1514  1579  1492  1582 0.76 length=1595	scaffold=chromosome7	strand=+
1513_g               -            381 14579                -            422   3.4e-12   44.1   6.9   1   5   0.00034      0.22    8.5   0.1     3    52    20    70    18    87 0.87 length=382	scaffold=chromosome13	strand=+
1513_g               -            381 14579                -            422   3.4e-12   44.1   6.9   2   5   0.00024      0.15    9.0   0.0     3    52    96   146    94   163 0.87 length=382	scaffold=chromosome13	strand=+
1513_g               -            381 14579                -            422   3.4e-12   44.1   6.9   3   5   0.00024      0.15    9.0   0.0     3    52   172   222   170   239 0.87 length=382	scaffold=chromosome13	strand=+
1513_g               -            381 14579                -            422   3.4e-12   44.1   6.9   4   5   0.00024      0.15    9.0   0.0     3    52   248   298   246   315 0.87 length=382	scaffold=chromosome13	strand=+
1513_g               -            381 14579                -            422   3.4e-12   44.1   6.9   5   5   0.00032       0.2    8.6   0.0     3    52   324   374   322   376 0.88 length=382	scaffold=chromosome13	strand=+
2752_g               -           4111 14579                -            422   1.9e-11   41.6   9.7   1   4       0.2   1.3e+02   -0.6   0.1   221   271  2109  2159  2094  2167 0.81 length=4112	scaffold=chromosome2	strand=-
2752_g               -           4111 14579                -            422   1.9e-11   41.6   9.7   2   4   3.4e-10   2.2e-07   28.3   0.0    79   122  3316  3359  3296  3365 0.85 length=4112	scaffold=chromosome2	strand=-
2752_g               -           4111 14579                -            422   1.9e-11   41.6   9.7   3   4      0.05        31    1.4   0.1   258   302  3562  3606  3547  3614 0.80 length=4112	scaffold=chromosome2	strand=-
2752_g               -           4111 14579                -            422   1.9e-11   41.6   9.7   4   4   3.4e-06    0.0022   15.1   2.3   332   399  3596  3668  3582  3672 0.72 length=4112	scaffold=chromosome2	strand=-
141_g                -           1346 14579                -            422   1.6e-10   38.6   0.2   1   2     1e-10   6.3e-08   30.0   0.0    87   191   331   439   321   446 0.72 length=1347	scaffold=chromosome10	strand=-
141_g                -           1346 14579                -            422   1.6e-10   38.6   0.2   2   2    0.0024       1.5    5.7   0.1   349   399  1256  1302  1240  1312 0.85 length=1347	scaffold=chromosome10	strand=-
1720_g               -           1210 14579                -            422   3.8e-08   30.8  11.0   1   2   0.00021      0.13    9.2   9.6    85   312   622   853   597   872 0.65 length=1211	scaffold=chromosome13	strand=+
1720_g               -           1210 14579                -            422   3.8e-08   30.8  11.0   2   2   1.1e-07   6.8e-05   20.0   0.0   321   398  1068  1143  1063  1147 0.85 length=1211	scaffold=chromosome13	strand=+
2824_g               -            383 14579                -            422   4.1e-07   27.4   2.4   1   3   6.4e-10   4.1e-07   27.4   2.4    82   218    28   169    16   210 0.69 length=384	scaffold=chromosome3	strand=+
2824_g               -            383 14579                -            422   4.1e-07   27.4   2.4   2   3      0.11        71    0.2   0.1   273   297   266   290   222   310 0.86 length=384	scaffold=chromosome3	strand=+
2824_g               -            383 14579                -            422   4.1e-07   27.4   2.4   3   3    0.0046       2.9    4.8   0.4   341   393   313   361   282   365 0.83 length=384	scaffold=chromosome3	strand=+
5130_g               -            187 14579                -            422   3.8e-06   24.1   0.1   1   1   7.8e-09   4.9e-06   23.8   0.1    76   124    68   116    59   142 0.76 length=187	scaffold=scf_4893	strand=+	adjustedToFrame=2
#
# Program:         hmmsearch
# Version:         3.4 (Aug 2023)
# Pipeline mode:   SEARCH
# Query file:      /home/inf-20-2025/Malaria/busco_downloads/lineages/apicomplexa_odb12/hmms/14579at5794.hmm
# Target file:     /home/inf-20-2025/Malaria/Results/6_nobird_annotation/P_vivax.faa
# Option settings: hmmsearch --domtblout Results/8_busco/P_vivax/run_apicomplexa_odb12/hmmer_output/initial_run_results/14579at5794.out --cpu 1 /home/inf-20-2025/Malaria/busco_downloads/lineages/apicomplexa_odb12/hmms/14579at5794.hmm /home/inf-20-2025/Malaria/Results/6_nobird_annotation/P_vivax.faa 
# Current dir:     /home/inf-20-2025/Malaria
# Date:            Wed Mar  4 18:32:03 2026
# [ok]
