#                                                                            --- full sequence --- -------------- this domain -------------   hmm coord   ali coord   env coord
# target name        accession   tlen query name           accession   qlen   E-value  score  bias   #  of  c-Evalue  i-Evalue  score  bias  from    to  from    to  from    to  acc description of target
#------------------- ---------- ----- -------------------- ---------- ----- --------- ------ ----- --- --- --------- --------- ------ ----- ----- ----- ----- ----- ----- ----- ---- ---------------------
2406_g               -            341 15046                -            360  1.9e-111  371.5  12.2   1   1  2.9e-114  4.1e-111  370.4  12.2     1   344     1   314     1   340 0.82 length=342	scaffold=chromosome14	strand=-
2626_g               -            465 15046                -            360   1.1e-33  115.8   0.8   1   2   7.4e-37   1.1e-33  115.8   0.8    15    91    34   110    22   148 0.89 length=466	scaffold=chromosome1	strand=+
2626_g               -            465 15046                -            360   1.1e-33  115.8   0.8   2   2      0.31   4.5e+02   -1.4   0.6   164   200   387   423   339   464 0.40 length=466	scaffold=chromosome1	strand=+
49_g                 -            530 15046                -            360   8.9e-26   89.7   2.2   1   3   6.3e-29   8.9e-26   89.7   2.2    15    85    20    90     4    96 0.91 length=531	scaffold=chromosome10	strand=+
49_g                 -            530 15046                -            360   8.9e-26   89.7   2.2   2   3      0.23   3.3e+02   -1.0   0.2   148   153   196   201   144   274 0.49 length=531	scaffold=chromosome10	strand=+
49_g                 -            530 15046                -            360   8.9e-26   89.7   2.2   3   3         4   5.7e+03  -12.9  19.2   162   328   345   378   285   524 0.61 length=531	scaffold=chromosome10	strand=+
4867_g               -            162 15046                -            360    0.0018   16.3   8.8   1   1   1.6e-06    0.0023   15.9   8.8   127   240    40   154     9   161 0.59 length=162	scaffold=scf_3813	strand=-	adjustedToFrame=2
#
# Program:         hmmsearch
# Version:         3.4 (Aug 2023)
# Pipeline mode:   SEARCH
# Query file:      /home/inf-20-2025/Malaria/busco_downloads/lineages/apicomplexa_odb12/hmms/15046at5794.hmm
# Target file:     /home/inf-20-2025/Malaria/Results/6_nobird_annotation/P_vivax.faa
# Option settings: hmmsearch --domtblout Results/8_busco/P_vivax/run_apicomplexa_odb12/hmmer_output/initial_run_results/15046at5794.out --cpu 1 /home/inf-20-2025/Malaria/busco_downloads/lineages/apicomplexa_odb12/hmms/15046at5794.hmm /home/inf-20-2025/Malaria/Results/6_nobird_annotation/P_vivax.faa 
# Current dir:     /home/inf-20-2025/Malaria
# Date:            Wed Mar  4 18:32:04 2026
# [ok]
