#                                                                            --- full sequence --- -------------- this domain -------------   hmm coord   ali coord   env coord
# target name        accession   tlen query name           accession   qlen   E-value  score  bias   #  of  c-Evalue  i-Evalue  score  bias  from    to  from    to  from    to  acc description of target
#------------------- ---------- ----- -------------------- ---------- ----- --------- ------ ----- --- --- --------- --------- ------ ----- ----- ----- ----- ----- ----- ----- ---- ---------------------
1685_g               -            875 15169                -            537  3.2e-190  631.4  19.7   1   3  2.3e-192  3.2e-190  631.4  19.7     3   469   122   627   120   638 0.91 length=876	scaffold=chromosome13	strand=+
1685_g               -            875 15169                -            537  3.2e-190  631.4  19.7   2   3     0.017       2.4    4.7   1.3   465   526   665   729   654   735 0.58 length=876	scaffold=chromosome13	strand=+
1685_g               -            875 15169                -            537  3.2e-190  631.4  19.7   3   3     0.012       1.7    5.3   0.1   506   535   760   789   751   791 0.84 length=876	scaffold=chromosome13	strand=+
471_g                -            599 15169                -            537  1.2e-120  401.8   7.0   1   2       1.6   2.3e+02   -1.8   1.9   435   478    27    70     7    88 0.72 length=600	scaffold=chromosome11	strand=+
471_g                -            599 15169                -            537  1.2e-120  401.8   7.0   2   2  8.3e-123  1.2e-120  401.8   7.0     4   443   137   598   134   599 0.89 length=600	scaffold=chromosome11	strand=+
3040_g               -            539 15169                -            537   9.8e-81  270.0   8.0   1   1   1.7e-82   2.4e-80  268.8   8.0    12   389   131   524   120   527 0.87 length=540	scaffold=chromosome4	strand=+
1313_g               -            528 15169                -            537   1.3e-80  269.6   0.1   1   1   3.1e-82   4.4e-80  267.9   0.1    22   353   122   475   113   490 0.87 length=529	scaffold=chromosome12	strand=-
4237_g               -            433 15169                -            537   1.8e-75  252.7   1.1   1   1   1.9e-77   2.7e-75  252.1   1.1    10   347    57   406    48   421 0.86 length=434	scaffold=chromosome8	strand=-
2475_g               -            737 15169                -            537   1.9e-74  249.3  28.3   1   2   4.8e-52   6.9e-50  168.2   0.1     8   204    99   310    92   319 0.84 length=738	scaffold=chromosome14	strand=+
2475_g               -            737 15169                -            537   1.9e-74  249.3  28.3   2   2   9.2e-26   1.3e-23   81.5  23.3   198   392   341   535   336   684 0.80 length=738	scaffold=chromosome14	strand=+
33_g                 -            667 15169                -            537   2.5e-72  242.3   0.1   1   1   1.8e-74   2.5e-72  242.3   0.1    13   365   218   597   216   607 0.84 length=668	scaffold=chromosome10	strand=-
257_g                -            720 15169                -            537   3.9e-71  238.4   0.5   1   2   2.3e-18   3.2e-16   57.1   0.0    12    80   124   193   117   199 0.93 length=721	scaffold=chromosome10	strand=-
257_g                -            720 15169                -            537   3.9e-71  238.4   0.5   2   2     9e-55   1.3e-52  177.3   0.7    87   368   226   530   216   549 0.80 length=721	scaffold=chromosome10	strand=-
1910_g               -            626 15169                -            537     8e-70  234.0  12.2   1   1   4.2e-71     6e-69  231.2  12.2    20   446   153   615   149   621 0.82 length=627	scaffold=chromosome14	strand=+
3468_g               -            388 15169                -            537     2e-69  232.7   2.3   1   1   3.1e-71   4.4e-69  231.6   2.3     9   355    11   371     3   386 0.87 length=389	scaffold=chromosome5	strand=+
2251_g               -            717 15169                -            537   4.8e-69  231.5   0.5   1   2   2.7e-15   3.9e-13   47.0   0.0    13    78   278   342   267   350 0.91 length=718	scaffold=chromosome14	strand=-
2251_g               -            717 15169                -            537   4.8e-69  231.5   0.5   2   2   6.4e-56   9.1e-54  181.0   0.4    78   342   394   678   391   690 0.82 length=718	scaffold=chromosome14	strand=-
2953_g               -           1079 15169                -            537   5.7e-69  231.2  15.2   1   4   6.3e-41   8.9e-39  131.6   0.5    14   181   119   301   114   305 0.85 length=1080	scaffold=chromosome3	strand=+
2953_g               -           1079 15169                -            537   5.7e-69  231.2  15.2   2   4      0.27        39    0.8   0.0   182   204   350   372   348   379 0.86 length=1080	scaffold=chromosome3	strand=+
2953_g               -           1079 15169                -            537   5.7e-69  231.2  15.2   3   4   2.1e-06    0.0003   17.6   0.5   207   259   430   484   422   501 0.87 length=1080	scaffold=chromosome3	strand=+
2953_g               -           1079 15169                -            537   5.7e-69  231.2  15.2   4   4   1.1e-27   1.6e-25   87.8   0.8   263   363   595   697   587   891 0.83 length=1080	scaffold=chromosome3	strand=+
215_g                -           1770 15169                -            537   3.1e-68  228.8   0.1   1   2       1.8   2.5e+02   -1.9   4.2   415   526   661   698   595   741 0.51 length=1771	scaffold=chromosome10	strand=-
215_g                -           1770 15169                -            537   3.1e-68  228.8   0.1   2   2   2.2e-70   3.1e-68  228.8   0.1    15   369   979  1358   974  1382 0.84 length=1771	scaffold=chromosome10	strand=-
122_g                -           1006 15169                -            537   8.4e-68  227.4   0.0   1   2   6.6e-43   9.3e-41  138.1   0.0    16   184   584   762   580   765 0.88 length=1007	scaffold=chromosome10	strand=+
122_g                -           1006 15169                -            537   8.4e-68  227.4   0.0   2   2     3e-30   4.2e-28   96.4   0.0   208   363   824   975   787   990 0.86 length=1007	scaffold=chromosome10	strand=+
1099_g               -           2045 15169                -            537   3.4e-67  225.4   1.4   1   2       6.4   9.1e+02   -3.8   0.4   501   518    15    32     7    48 0.58 length=2046	scaffold=chromosome12	strand=-
1099_g               -           2045 15169                -            537   3.4e-67  225.4   1.4   2   2   2.4e-69   3.4e-67  225.4   1.4     9   348  1666  2019  1658  2039 0.85 length=2046	scaffold=chromosome12	strand=-
3121_g               -            470 15169                -            537   1.9e-65  219.6   5.4   1   2   1.1e-13   1.6e-11   41.6   0.0    13    78    56   121    46   128 0.91 length=471	scaffold=chromosome4	strand=+
3121_g               -            470 15169                -            537   1.9e-65  219.6   5.4   2   2   1.6e-54   2.2e-52  176.5   3.9    80   356   151   450   146   470 0.83 length=471	scaffold=chromosome4	strand=+
2103_g               -            926 15169                -            537   3.3e-65  218.8   1.8   1   2     2e-34   2.9e-32  110.1   0.0     8   179   333   529   327   536 0.82 length=927	scaffold=chromosome14	strand=-
2103_g               -            926 15169                -            537   3.3e-65  218.8   1.8   2   2   1.7e-33   2.4e-31  107.1   0.4   184   355   558   740   553   765 0.86 length=927	scaffold=chromosome14	strand=-
1320_g               -            768 15169                -            537     7e-62  207.8   4.4   1   3   6.6e-40   9.4e-38  128.2   1.5    23   201   227   431   220   458 0.78 length=769	scaffold=chromosome12	strand=-
1320_g               -            768 15169                -            537     7e-62  207.8   4.4   2   3     0.038       5.3    3.6   0.1   234   258   526   550   522   557 0.89 length=769	scaffold=chromosome12	strand=-
1320_g               -            768 15169                -            537     7e-62  207.8   4.4   3   3   4.3e-28   6.1e-26   89.2   0.1   258   363   570   676   562   736 0.88 length=769	scaffold=chromosome12	strand=-
3644_g               -           1149 15169                -            537   7.5e-60  201.1   5.5   1   2     6e-40   8.5e-38  128.3   3.3    26   274   714   994   708   996 0.79 length=1150	scaffold=chromosome6	strand=-
3644_g               -           1149 15169                -            537   7.5e-60  201.1   5.5   2   2   1.3e-22   1.8e-20   71.2   0.0   274   356  1052  1133  1046  1146 0.89 length=1150	scaffold=chromosome6	strand=-
3253_g               -           1181 15169                -            537     2e-58  196.4   6.4   1   3   1.4e-60     2e-58  196.4   6.4    14   343   167   520   155   529 0.84 length=1182	scaffold=chromosome5	strand=+
3253_g               -           1181 15169                -            537     2e-58  196.4   6.4   2   3       8.6   1.2e+03   -4.2   0.2   442   471   789   818   779   829 0.49 length=1182	scaffold=chromosome5	strand=+
3253_g               -           1181 15169                -            537     2e-58  196.4   6.4   3   3      0.38        54    0.3   7.2   435   471   858   895   851   970 0.73 length=1182	scaffold=chromosome5	strand=+
946_g                -            489 15169                -            537   2.4e-57  192.9   0.2   1   1   1.6e-58   2.2e-56  189.7   0.2    14   352    59   431    49   441 0.83 length=490	scaffold=chromosome12	strand=+
1683_g               -           1019 15169                -            537   7.7e-57  191.2  33.8   1   6   3.6e-17   5.1e-15   53.2   0.0    13    80    72   139    66   145 0.94 length=1020	scaffold=chromosome13	strand=-
1683_g               -           1019 15169                -            537   7.7e-57  191.2  33.8   2   6   2.2e-05    0.0032   14.3   0.0    80   108   259   287   249   295 0.80 length=1020	scaffold=chromosome13	strand=-
1683_g               -           1019 15169                -            537   7.7e-57  191.2  33.8   3   6   1.1e-11   1.6e-09   35.0   0.0   125   197   331   411   329   423 0.83 length=1020	scaffold=chromosome13	strand=-
1683_g               -           1019 15169                -            537   7.7e-57  191.2  33.8   4   6   4.8e-06   0.00068   16.5   0.2   205   258   473   528   461   534 0.89 length=1020	scaffold=chromosome13	strand=-
1683_g               -           1019 15169                -            537   7.7e-57  191.2  33.8   5   6   1.1e-25   1.6e-23   81.2   2.1   245   391   563   712   559   715 0.82 length=1020	scaffold=chromosome13	strand=-
1683_g               -           1019 15169                -            537   7.7e-57  191.2  33.8   6   6      0.15        21    1.6  11.5   390   520   802   950   785   965 0.59 length=1020	scaffold=chromosome13	strand=-
4231_g               -            761 15169                -            537   3.1e-54  182.6   8.3   1   2   1.7e-13   2.5e-11   41.0   0.0    20    77   261   318   247   326 0.85 length=762	scaffold=chromosome8	strand=-
4231_g               -            761 15169                -            537   3.1e-54  182.6   8.3   2   2   1.2e-43   1.7e-41  140.5   6.6    83   379   375   694   369   713 0.80 length=762	scaffold=chromosome8	strand=-
1188_g               -            787 15169                -            537   3.3e-47  159.4   6.3   1   2   1.9e-37   2.7e-35  120.1   0.5    10   238   369   598   360   637 0.89 length=788	scaffold=chromosome12	strand=-
1188_g               -            787 15169                -            537   3.3e-47  159.4   6.3   2   2   1.6e-16   2.2e-14   51.1   0.8   276   355   667   764   662   778 0.80 length=788	scaffold=chromosome12	strand=-
91_g                 -            816 15169                -            537   1.7e-45  153.8   3.4   1   3     6e-14   8.5e-12   42.5   0.0    14    78     3    70     1    83 0.89 length=817	scaffold=chromosome10	strand=-
91_g                 -            816 15169                -            537   1.7e-45  153.8   3.4   2   3   4.5e-19   6.4e-17   59.4   0.3    82   206   326   462   320   475 0.77 length=817	scaffold=chromosome10	strand=-
91_g                 -            816 15169                -            537   1.7e-45  153.8   3.4   3   3   1.7e-16   2.4e-14   51.0   0.1   263   373   607   718   532   734 0.81 length=817	scaffold=chromosome10	strand=-
5521_g               -            514 15169                -            537   7.7e-45  151.6   9.6   1   3   2.9e-40   4.1e-38  129.4   1.5    23   201   129   333   122   360 0.78 length=515	scaffold=scf_7005	strand=-
5521_g               -            514 15169                -            537   7.7e-45  151.6   9.6   2   3     0.024       3.4    4.3   0.1   234   258   428   452   424   459 0.89 length=515	scaffold=scf_7005	strand=-
5521_g               -            514 15169                -            537   7.7e-45  151.6   9.6   3   3   9.7e-08   1.4e-05   22.0   0.1   258   300   472   514   465   514 0.94 length=515	scaffold=scf_7005	strand=-
2382_g               -            862 15169                -            537   9.2e-45  151.3  13.4   1   3   2.2e-29   3.2e-27   93.4   0.3    15   200   105   305    94   315 0.82 length=863	scaffold=chromosome14	strand=-
2382_g               -            862 15169                -            537   9.2e-45  151.3  13.4   2   3       2.5   3.5e+02   -2.4   0.3   214   246   386   419   382   429 0.79 length=863	scaffold=chromosome14	strand=-
2382_g               -            862 15169                -            537   9.2e-45  151.3  13.4   3   3   2.6e-22   3.8e-20   70.1   7.8   299   519   528   750   525   758 0.64 length=863	scaffold=chromosome14	strand=-
2898_g               -           1189 15169                -            537   1.5e-41  140.8   3.4   1   3     3e-25   4.3e-23   79.8   0.2     3   202   221   443   217   458 0.79 length=1190	scaffold=chromosome3	strand=-
2898_g               -           1189 15169                -            537   1.5e-41  140.8   3.4   2   3     2e-07   2.9e-05   21.0   0.2   208   274   656   728   631   750 0.75 length=1190	scaffold=chromosome3	strand=-
2898_g               -           1189 15169                -            537   1.5e-41  140.8   3.4   3   3   6.8e-13   9.7e-11   39.0   0.0   263   361   844   944   836   963 0.88 length=1190	scaffold=chromosome3	strand=-
3562_g               -            623 15169                -            537   2.8e-34  116.7   6.0   1   2   1.7e-11   2.4e-09   34.4   0.1    31    75   150   194   134   202 0.90 length=624	scaffold=chromosome6	strand=-
3562_g               -            623 15169                -            537   2.8e-34  116.7   6.0   2   2   5.5e-26   7.8e-24   82.3   2.9    86   352   250   540   241   554 0.75 length=624	scaffold=chromosome6	strand=-
2605_g               -           1254 15169                -            537   1.3e-31  107.9  20.3   1   6   2.2e-08   3.1e-06   24.2   0.0     7    71    21    85    16    98 0.89 length=1255	scaffold=chromosome1	strand=+
2605_g               -           1254 15169                -            537   1.3e-31  107.9  20.3   2   6    0.0027      0.39    7.4   0.0    86   110   136   160   129   164 0.89 length=1255	scaffold=chromosome1	strand=+
2605_g               -           1254 15169                -            537   1.3e-31  107.9  20.3   3   6      0.28        40    0.7   0.0   111   150   215   256   206   263 0.76 length=1255	scaffold=chromosome1	strand=+
2605_g               -           1254 15169                -            537   1.3e-31  107.9  20.3   4   6   1.3e-06   0.00019   18.3   0.3   154   200   287   335   275   345 0.80 length=1255	scaffold=chromosome1	strand=+
2605_g               -           1254 15169                -            537   1.3e-31  107.9  20.3   5   6       7.3     1e+03   -4.0   6.2   448   479   431   462   417   500 0.41 length=1255	scaffold=chromosome1	strand=+
2605_g               -           1254 15169                -            537   1.3e-31  107.9  20.3   6   6   1.1e-20   1.6e-18   64.8   0.7   222   346   589   710   566   721 0.78 length=1255	scaffold=chromosome1	strand=+
2840_g               -            548 15169                -            537   3.3e-30  103.3  12.0   1   1   6.5e-32   9.2e-30  101.8  12.0    47   380   132   514    78   535 0.71 length=549	scaffold=chromosome3	strand=-
4449_g               -           1339 15169                -            537   6.9e-26   89.0   5.1   1   3   9.1e-10   1.3e-07   28.7   0.0    12    76   141   205   132   218 0.90 length=1340	scaffold=chromosome9	strand=+
4449_g               -           1339 15169                -            537   6.9e-26   89.0   5.1   2   3       6.2   8.8e+02   -3.7   0.0   157   179   531   554   502   559 0.60 length=1340	scaffold=chromosome9	strand=+
4449_g               -           1339 15169                -            537   6.9e-26   89.0   5.1   3   3   1.3e-19   1.8e-17   61.3   0.8   227   331   887   988   883   992 0.94 length=1340	scaffold=chromosome9	strand=+
259_g                -            553 15169                -            537   1.1e-24   85.1  11.5   1   1   4.1e-25   5.8e-23   79.4  11.5    13   368   123   519   119   533 0.70 length=554	scaffold=chromosome10	strand=-
1419_g               -            991 15169                -            537   4.2e-19   66.6  12.7   1   3     1e-07   1.5e-05   22.0   0.1    51    93   144   184   134   209 0.81 length=992	scaffold=chromosome13	strand=-
1419_g               -            991 15169                -            537   4.2e-19   66.6  12.7   2   3   5.2e-16   7.3e-14   49.3   0.0   237   355   482   596   473   628 0.79 length=992	scaffold=chromosome13	strand=-
1419_g               -            991 15169                -            537   4.2e-19   66.6  12.7   3   3         4   5.7e+02   -3.1   6.9   432   507   768   843   736   853 0.81 length=992	scaffold=chromosome13	strand=-
1595_g               -           1282 15169                -            537   3.3e-12   43.9   1.1   1   2   3.2e-05    0.0046   13.7   0.1    28    73    41    86    14   250 0.81 length=1283	scaffold=chromosome13	strand=-
1595_g               -           1282 15169                -            537   3.3e-12   43.9   1.1   2   2   7.6e-10   1.1e-07   29.0   0.3   239   368   285   412   214   424 0.82 length=1283	scaffold=chromosome13	strand=-
2539_g               -           1071 15169                -            537   6.2e-12   43.0  35.3   1   7    0.0069      0.99    6.0   0.0    12    62    93   140    83   145 0.75 length=1072	scaffold=chromosome1	strand=-
2539_g               -           1071 15169                -            537   6.2e-12   43.0  35.3   2   7    0.0041      0.59    6.8   0.0    57    81   230   254   223   262 0.79 length=1072	scaffold=chromosome1	strand=-
2539_g               -           1071 15169                -            537   6.2e-12   43.0  35.3   3   7      0.59        84   -0.4   1.2   434   520   253   340   250   343 0.66 length=1072	scaffold=chromosome1	strand=-
2539_g               -           1071 15169                -            537   6.2e-12   43.0  35.3   4   7     0.084        12    2.4   0.0    87   117   347   377   338   388 0.85 length=1072	scaffold=chromosome1	strand=-
2539_g               -           1071 15169                -            537   6.2e-12   43.0  35.3   5   7      0.63        90   -0.4   0.0   124   152   443   472   441   516 0.86 length=1072	scaffold=chromosome1	strand=-
2539_g               -           1071 15169                -            537   6.2e-12   43.0  35.3   6   7       1.7   2.4e+02   -1.9   0.3   199   235   718   754   701   757 0.81 length=1072	scaffold=chromosome1	strand=-
2539_g               -           1071 15169                -            537   6.2e-12   43.0  35.3   7   7     5e-12   7.1e-10   36.2  16.3   229   467   774  1011   773  1069 0.62 length=1072	scaffold=chromosome1	strand=-
1965_g               -            726 15169                -            537   5.8e-11   39.8   3.8   1   3     6e-06   0.00085   16.1   0.0    32    78    64   111    49   120 0.79 length=727	scaffold=chromosome14	strand=-
1965_g               -            726 15169                -            537   5.8e-11   39.8   3.8   2   3      0.39        56    0.2   0.0    85   105   186   206   176   217 0.76 length=727	scaffold=chromosome14	strand=-
1965_g               -            726 15169                -            537   5.8e-11   39.8   3.8   3   3     4e-07   5.7e-05   20.0   0.5   291   353   599   661   462   676 0.81 length=727	scaffold=chromosome14	strand=-
2761_g               -           1378 15169                -            537   1.3e-08   32.0   1.0   1   4      0.07        10    2.7   0.1    56    77   619   640   613   646 0.84 length=1379	scaffold=chromosome2	strand=-
2761_g               -           1378 15169                -            537   1.3e-08   32.0   1.0   2   4       4.5   6.4e+02   -3.3   0.0    89   108   766   785   764   788 0.86 length=1379	scaffold=chromosome2	strand=-
2761_g               -           1378 15169                -            537   1.3e-08   32.0   1.0   3   4    0.0081       1.2    5.8   0.0   132   156   893   917   888   945 0.76 length=1379	scaffold=chromosome2	strand=-
2761_g               -           1378 15169                -            537   1.3e-08   32.0   1.0   4   4   9.1e-11   1.3e-08   32.0   1.0   223   342  1124  1256  1117  1268 0.71 length=1379	scaffold=chromosome2	strand=-
3868_g               -            738 15169                -            537   3.8e-08   30.5   0.8   1   4      0.52        74   -0.2   0.0    32    69    39    76    18    85 0.71 length=739	scaffold=chromosome7	strand=+
3868_g               -            738 15169                -            537   3.8e-08   30.5   0.8   2   4       5.6   7.9e+02   -3.6   5.9   450   532   248   282   206   305 0.54 length=739	scaffold=chromosome7	strand=+
3868_g               -            738 15169                -            537   3.8e-08   30.5   0.8   3   4   2.7e-10   3.8e-08   30.5   0.8   216   387   360   535   336   541 0.77 length=739	scaffold=chromosome7	strand=+
3868_g               -            738 15169                -            537   3.8e-08   30.5   0.8   4   4       5.7   8.1e+02   -3.6   0.1   476   509   655   688   634   713 0.52 length=739	scaffold=chromosome7	strand=+
1020_g               -           1075 15169                -            537      0.21    8.2   0.0   1   2    0.0015      0.21    8.2   0.0    51    80    92   121    90   124 0.90 length=1076	scaffold=chromosome12	strand=+
1020_g               -           1075 15169                -            537      0.21    8.2   0.0   2   2       4.6   6.6e+02   -3.3   6.7   444   478   826   860   819   882 0.71 length=1076	scaffold=chromosome12	strand=+
#
# Program:         hmmsearch
# Version:         3.4 (Aug 2023)
# Pipeline mode:   SEARCH
# Query file:      /home/inf-20-2025/Malaria/busco_downloads/lineages/apicomplexa_odb12/hmms/15169at5794.hmm
# Target file:     /home/inf-20-2025/Malaria/Results/6_nobird_annotation/P_vivax.faa
# Option settings: hmmsearch --domtblout Results/8_busco/P_vivax/run_apicomplexa_odb12/hmmer_output/initial_run_results/15169at5794.out --cpu 1 /home/inf-20-2025/Malaria/busco_downloads/lineages/apicomplexa_odb12/hmms/15169at5794.hmm /home/inf-20-2025/Malaria/Results/6_nobird_annotation/P_vivax.faa 
# Current dir:     /home/inf-20-2025/Malaria
# Date:            Wed Mar  4 18:32:01 2026
# [ok]
