#                                                                            --- full sequence --- -------------- this domain -------------   hmm coord   ali coord   env coord
# target name        accession   tlen query name           accession   qlen   E-value  score  bias   #  of  c-Evalue  i-Evalue  score  bias  from    to  from    to  from    to  acc description of target
#------------------- ---------- ----- -------------------- ---------- ----- --------- ------ ----- --- --- --------- --------- ------ ----- ----- ----- ----- ----- ----- ----- ---- ---------------------
1339_g               -           1275 2798                 -            354  3.4e-117  389.5  10.1   1   4     2e-11   1.7e-09   35.3   0.1    17    80   731   796   719   798 0.86 length=1276	scaffold=chromosome12	strand=+
1339_g               -           1275 2798                 -            354  3.4e-117  389.5  10.1   2   4   5.2e-40   4.2e-38  129.3   0.2    75   197   834   971   817   981 0.84 length=1276	scaffold=chromosome12	strand=+
1339_g               -           1275 2798                 -            354  3.4e-117  389.5  10.1   3   4     3e-53   2.4e-51  172.9   0.2   186   298  1044  1156  1039  1172 0.95 length=1276	scaffold=chromosome12	strand=+
1339_g               -           1275 2798                 -            354  3.4e-117  389.5  10.1   4   4   1.6e-17   1.3e-15   55.3   0.1   302   353  1217  1268  1200  1269 0.91 length=1276	scaffold=chromosome12	strand=+
1318_g               -            885 2798                 -            354   2.2e-62  209.3   5.5   1   2   2.1e-27   1.7e-25   87.9   3.8    13   186   513   690   496   699 0.78 length=886	scaffold=chromosome12	strand=+
1318_g               -            885 2798                 -            354   2.2e-62  209.3   5.5   2   2   2.5e-37     2e-35  120.5   0.0   186   353   713   880   708   881 0.86 length=886	scaffold=chromosome12	strand=+
4521_g               -            708 2798                 -            354   5.8e-60  201.3   6.7   1   1   7.2e-62   5.8e-60  201.3   6.7    30   352   347   697   312   699 0.77 length=709	scaffold=chromosome9	strand=+
4408_g               -           1391 2798                 -            354   2.9e-53  179.2   1.6   1   2   5.7e-19   4.6e-17   60.1   0.1    44   186    42   214     2   219 0.71 length=1392	scaffold=chromosome8	strand=-
4408_g               -           1391 2798                 -            354   2.9e-53  179.2   1.6   2   2   3.3e-34   2.7e-32  110.3   0.2   187   352   694   862   684   864 0.87 length=1392	scaffold=chromosome8	strand=-
1579_g               -            739 2798                 -            354     7e-53  178.0   2.2   1   2   3.4e-46   2.7e-44  149.7   0.5    43   271     7   244     1   260 0.82 length=740	scaffold=chromosome13	strand=+
1579_g               -            739 2798                 -            354     7e-53  178.0   2.2   2   2   2.8e-09   2.3e-07   28.2   0.1   304   352   262   310   247   312 0.90 length=740	scaffold=chromosome13	strand=+
437_g                -            288 2798                 -            354   3.3e-46  156.0   0.0   1   2   4.7e-39   3.8e-37  126.2   0.0    54   270     2   220     1   225 0.88 length=289	scaffold=chromosome11	strand=+
437_g                -            288 2798                 -            354   3.3e-46  156.0   0.0   2   2   3.3e-09   2.7e-07   28.0   0.0   317   353   250   286   236   287 0.87 length=289	scaffold=chromosome11	strand=+
3431_g               -            612 2798                 -            354   1.6e-45  153.8   3.5   1   1   2.7e-47   2.2e-45  153.3   3.5    53   352   264   570   247   572 0.87 length=613	scaffold=chromosome5	strand=-
4318_g               -            489 2798                 -            354   1.7e-43  147.1   5.8   1   2   1.9e-41   1.5e-39  134.1   3.4    24   271    81   337    72   349 0.79 length=490	scaffold=chromosome8	strand=+
4318_g               -            489 2798                 -            354   1.7e-43  147.1   5.8   2   2   7.6e-05    0.0061   13.7   0.0   321   352   370   401   340   403 0.78 length=490	scaffold=chromosome8	strand=+
4466_g               -            335 2798                 -            354   6.5e-43  145.2   1.2   1   1   7.6e-44   6.1e-42  142.0   1.1    54   352    41   329    29   331 0.82 length=336	scaffold=chromosome9	strand=+
5672_g               -            365 2798                 -            354   9.5e-43  144.6   1.2   1   1   1.1e-43   9.2e-42  141.4   1.2    54   352    47   335    39   337 0.82 length=365	scaffold=scf_7211	strand=+	adjustedToFrame=3
2922_g               -            529 2798                 -            354   1.9e-42  143.6   4.8   1   2   3.9e-40   3.2e-38  129.8   2.5    18   263    31   283    15   293 0.81 length=530	scaffold=chromosome3	strand=+
2922_g               -            529 2798                 -            354   1.9e-42  143.6   4.8   2   2     6e-05    0.0048   14.0   0.0   324   352   302   330   286   332 0.88 length=530	scaffold=chromosome3	strand=+
902_g                -            323 2798                 -            354   2.6e-40  136.6   4.6   1   2   7.2e-38   5.8e-36  122.3   3.4    55   269     8   234     6   240 0.82 length=324	scaffold=chromosome12	strand=-
902_g                -            323 2798                 -            354   2.6e-40  136.6   4.6   2   2   0.00014     0.011   12.8   0.0   309   344   253   286   235   293 0.76 length=324	scaffold=chromosome12	strand=-
1234_g               -            746 2798                 -            354     5e-40  135.7   1.7   1   1   1.1e-41   8.9e-40  134.9   1.7    35   265   460   694   438   708 0.89 length=747	scaffold=chromosome12	strand=-
4601_g               -           1989 2798                 -            354   6.3e-40  135.4   2.5   1   2   9.3e-37   7.6e-35  118.6   1.3    44   258  1523  1741  1480  1746 0.81 length=1990	scaffold=chromosome9	strand=+
4601_g               -           1989 2798                 -            354   6.3e-40  135.4   2.5   2   2   2.2e-05    0.0018   15.4   0.0   324   353  1764  1793  1738  1794 0.85 length=1990	scaffold=chromosome9	strand=+
4514_g               -            575 2798                 -            354   4.1e-39  132.7   4.3   1   3   5.9e-24   4.8e-22   76.5   1.9    43   203   159   322   128   333 0.78 length=576	scaffold=chromosome9	strand=-
4514_g               -            575 2798                 -            354   4.1e-39  132.7   4.3   2   3   3.6e-13   2.9e-11   41.1   0.0   206   245   353   393   349   403 0.88 length=576	scaffold=chromosome9	strand=-
4514_g               -            575 2798                 -            354   4.1e-39  132.7   4.3   3   3   7.8e-05    0.0063   13.6   0.0   319   352   480   513   452   515 0.86 length=576	scaffold=chromosome9	strand=-
1644_g               -            284 2798                 -            354   1.2e-38  131.1   8.3   1   2   1.3e-33     1e-31  108.3   5.5    54   264    20   234    10   238 0.86 length=285	scaffold=chromosome13	strand=-
1644_g               -            284 2798                 -            354   1.2e-38  131.1   8.3   2   2     6e-08   4.9e-06   23.9   0.1   322   353   250   281   232   282 0.85 length=285	scaffold=chromosome13	strand=-
4192_g               -            325 2798                 -            354   3.3e-38  129.7  14.6   1   2   8.9e-34   7.2e-32  108.8   8.7    60   270    14   245     6   248 0.80 length=326	scaffold=chromosome8	strand=+
4192_g               -            325 2798                 -            354   3.3e-38  129.7  14.6   2   2     3e-07   2.4e-05   21.6   0.3   304   351   261   308   258   311 0.92 length=326	scaffold=chromosome8	strand=+
2362_g               -            508 2798                 -            354   2.2e-37  127.0   0.4   1   2   9.7e-36   7.8e-34  115.3   0.2    50   260   105   315    75   324 0.86 length=509	scaffold=chromosome14	strand=-
2362_g               -            508 2798                 -            354   2.2e-37  127.0   0.4   2   2    0.0013      0.11    9.6   0.0   321   351   334   364   315   367 0.82 length=509	scaffold=chromosome14	strand=-
3049_g               -            526 2798                 -            354   6.2e-37  125.5   4.1   1   3    0.0019      0.15    9.1   0.0    49    94    49    94    12   101 0.84 length=527	scaffold=chromosome4	strand=-
3049_g               -            526 2798                 -            354   6.2e-37  125.5   4.1   2   3   1.3e-31     1e-29  101.7   1.2    97   263   117   281   104   283 0.87 length=527	scaffold=chromosome4	strand=-
3049_g               -            526 2798                 -            354   6.2e-37  125.5   4.1   3   3   6.8e-05    0.0056   13.8   0.0   325   351   301   327   292   330 0.90 length=527	scaffold=chromosome4	strand=-
3385_g               -           1616 2798                 -            354   1.3e-36  124.5   2.2   1   2   3.5e-05    0.0028   14.8   0.4    50   122   689   762   642   765 0.68 length=1617	scaffold=chromosome5	strand=+
3385_g               -           1616 2798                 -            354   1.3e-36  124.5   2.2   2   2   6.4e-37   5.2e-35  119.2   0.1   144   353   891  1101   877  1102 0.85 length=1617	scaffold=chromosome5	strand=+
896_g                -            563 2798                 -            354   3.6e-36  123.0   2.7   1   2   1.6e-35   1.3e-33  114.5   2.8    42   263   106   329    80   331 0.88 length=564	scaffold=chromosome12	strand=+
896_g                -            563 2798                 -            354   3.6e-36  123.0   2.7   2   2     0.016       1.3    6.0   0.0   325   352   349   376   341   378 0.91 length=564	scaffold=chromosome12	strand=+
4339_g               -            602 2798                 -            354   1.1e-34  118.1   0.0   1   2   6.2e-28     5e-26   89.6   0.0    51   263   152   367   103   374 0.80 length=603	scaffold=chromosome8	strand=-
4339_g               -            602 2798                 -            354   1.1e-34  118.1   0.0   2   2   1.2e-08     1e-06   26.1   0.0   325   353   387   415   377   416 0.90 length=603	scaffold=chromosome8	strand=-
1991_g               -            334 2798                 -            354     2e-34  117.3   0.1   1   1   4.4e-36   3.5e-34  116.4   0.1    55   253    10   207     8   216 0.84 length=335	scaffold=chromosome14	strand=-
1276_g               -            377 2798                 -            354   4.8e-34  116.0   9.9   1   2   2.8e-31   2.3e-29  100.6   7.3    30   264    15   262     3   267 0.76 length=378	scaffold=chromosome12	strand=-
1276_g               -            377 2798                 -            354   4.8e-34  116.0   9.9   2   2   1.8e-05    0.0015   15.7   0.0   324   352   282   310   264   312 0.87 length=378	scaffold=chromosome12	strand=-
1982_g               -            368 2798                 -            354   7.9e-34  115.3   6.9   1   2   9.2e-32   7.5e-30  102.2   4.2    48   246   100   304    66   316 0.85 length=369	scaffold=chromosome14	strand=+
1982_g               -            368 2798                 -            354   7.9e-34  115.3   6.9   2   2     7e-05    0.0057   13.8   0.0   323   351   333   361   310   363 0.84 length=369	scaffold=chromosome14	strand=+
4348_g               -           1607 2798                 -            354   1.6e-33  114.2   0.6   1   2   9.7e-34   7.8e-32  108.7   0.4    60   265  1343  1563  1313  1573 0.86 length=1608	scaffold=chromosome8	strand=+
4348_g               -           1607 2798                 -            354   1.6e-33  114.2   0.6   2   2       0.1       8.3    3.4   0.0   326   352  1578  1604  1570  1606 0.92 length=1608	scaffold=chromosome8	strand=+
3304_g               -           1046 2798                 -            354   1.8e-33  114.1  17.0   1   3   0.00023     0.019   12.1   0.9    54   125    33    99     7   128 0.74 length=1047	scaffold=chromosome5	strand=-
3304_g               -           1046 2798                 -            354   1.8e-33  114.1  17.0   2   3   1.4e-05    0.0012   16.1   0.2   145   189   228   272   222   275 0.90 length=1047	scaffold=chromosome5	strand=-
3304_g               -           1046 2798                 -            354   1.8e-33  114.1  17.0   3   3   5.2e-27   4.2e-25   86.6   3.8   178   352   558   718   553   720 0.82 length=1047	scaffold=chromosome5	strand=-
706_g                -            354 2798                 -            354   3.2e-33  113.3   0.1   1   2   1.4e-28   1.1e-26   91.7   0.0    54   257    30   246    15   275 0.86 length=355	scaffold=chromosome11	strand=-
706_g                -            354 2798                 -            354   3.2e-33  113.3   0.1   2   2   1.1e-06   9.2e-05   19.7   0.3   315   351   271   307   249   310 0.81 length=355	scaffold=chromosome11	strand=-
1532_g               -            854 2798                 -            354     8e-31  105.4   0.1   1   1   1.9e-32   1.5e-30  104.5   0.1    38   259   524   745   496   769 0.88 length=855	scaffold=chromosome13	strand=+
2430_g               -            755 2798                 -            354   4.4e-29   99.7   0.0   1   2     3e-28   2.5e-26   90.6   0.1    54   263   427   639   378   643 0.87 length=756	scaffold=chromosome14	strand=-
2430_g               -            755 2798                 -            354   4.4e-29   99.7   0.0   2   2     0.011      0.89    6.6   0.0   325   353   655   688   643   689 0.88 length=756	scaffold=chromosome14	strand=-
613_g                -            806 2798                 -            354   2.2e-28   97.4   0.2   1   3       3.7     3e+02   -1.7   0.0   100   142    97   137    82   171 0.76 length=807	scaffold=chromosome11	strand=-
613_g                -            806 2798                 -            354   2.2e-28   97.4   0.2   2   3   1.1e-11   8.8e-10   36.2   0.0   143   225   181   267   132   270 0.84 length=807	scaffold=chromosome11	strand=-
613_g                -            806 2798                 -            354   2.2e-28   97.4   0.2   3   3   3.8e-18     3e-16   57.4   0.1   227   352   479   594   477   596 0.87 length=807	scaffold=chromosome11	strand=-
2933_g               -            310 2798                 -            354   1.7e-27   94.5   1.8   1   2   3.5e-29   2.8e-27   93.7   1.3    54   263     2   217     1   228 0.83 length=311	scaffold=chromosome3	strand=+
2933_g               -            310 2798                 -            354   1.7e-27   94.5   1.8   2   2       4.3   3.5e+02   -2.0   0.0   323   347   232   256   219   263 0.78 length=311	scaffold=chromosome3	strand=+
4598_g               -           1628 2798                 -            354   5.8e-27   92.7  12.8   1   2   2.1e-27   1.7e-25   87.9   7.9    17   252  1152  1385  1136  1398 0.84 length=1629	scaffold=chromosome9	strand=+
4598_g               -           1628 2798                 -            354   5.8e-27   92.7  12.8   2   2      0.01      0.84    6.7   0.2   326   352  1416  1442  1400  1444 0.90 length=1629	scaffold=chromosome9	strand=+
3188_g               -           2125 2798                 -            354   8.4e-27   92.2   5.8   1   2   1.5e-24   1.2e-22   78.5   2.8    77   268  1721  1915  1716  1921 0.79 length=2126	scaffold=chromosome4	strand=+
3188_g               -           2125 2798                 -            354   8.4e-27   92.2   5.8   2   2     6e-05    0.0049   14.0   0.0   322   353  1928  1959  1901  1960 0.88 length=2126	scaffold=chromosome4	strand=+
52_g                 -            288 2798                 -            354   2.6e-26   90.6   0.3   1   1   4.8e-28   3.9e-26   90.0   0.3    54   258    10   219     3   228 0.86 length=289	scaffold=chromosome10	strand=-
4589_g               -            561 2798                 -            354   5.1e-26   89.6  12.9   1   3   4.3e-20   3.5e-18   63.8   6.2    46   202    25   185     7   191 0.82 length=562	scaffold=chromosome9	strand=-
4589_g               -            561 2798                 -            354   5.1e-26   89.6  12.9   2   3   8.7e-06    0.0007   16.8   0.0   205   254   340   389   335   400 0.86 length=562	scaffold=chromosome9	strand=-
4589_g               -            561 2798                 -            354   5.1e-26   89.6  12.9   3   3   0.00048     0.039   11.1   0.0   322   353   411   446   399   447 0.85 length=562	scaffold=chromosome9	strand=-
2262_g               -           2560 2798                 -            354   2.2e-23   80.9   0.2   1   1   8.8e-25   7.2e-23   79.3   0.2    49   261     8   254     4   258 0.73 length=2561	scaffold=chromosome14	strand=+
4273_g               -           1391 2798                 -            354   3.5e-23   80.3   3.7   1   2     0.012      0.96    6.5   0.0    21    87   766   830   751   867 0.71 length=1392	scaffold=chromosome8	strand=+
4273_g               -           1391 2798                 -            354   3.5e-23   80.3   3.7   2   2   1.6e-22   1.3e-20   71.9   1.4   153   352  1165  1369  1154  1371 0.79 length=1392	scaffold=chromosome8	strand=+
1354_g               -           2443 2798                 -            354   1.1e-21   75.4   3.7   1   2   1.9e-19   1.5e-17   61.7   2.2    53   254   116   344    79   357 0.77 length=2444	scaffold=chromosome12	strand=-
1354_g               -           2443 2798                 -            354   1.1e-21   75.4   3.7   2   2   0.00086      0.07   10.2   0.0   326   352   376   402   353   404 0.90 length=2444	scaffold=chromosome12	strand=-
3077_g               -           1615 2798                 -            354   2.8e-21   74.0   5.5   1   3   2.3e-22   1.8e-20   71.3   0.7    53   202  1113  1265  1091  1270 0.88 length=1616	scaffold=chromosome4	strand=-
3077_g               -           1615 2798                 -            354   2.8e-21   74.0   5.5   2   3       0.3        25    1.8   0.0   216   255  1516  1554  1500  1558 0.82 length=1616	scaffold=chromosome4	strand=-
3077_g               -           1615 2798                 -            354   2.8e-21   74.0   5.5   3   3      0.51        41    1.1   0.1   313   350  1572  1610  1560  1614 0.77 length=1616	scaffold=chromosome4	strand=-
4029_g               -            341 2798                 -            354   9.5e-21   72.3   0.0   1   2   2.9e-22   2.4e-20   71.0   0.0    38   254    15   232     2   258 0.80 length=342	scaffold=chromosome7	strand=+
4029_g               -            341 2798                 -            354   9.5e-21   72.3   0.0   2   2       4.4   3.5e+02   -2.0   0.0   326   351   258   288   250   290 0.75 length=342	scaffold=chromosome7	strand=+
2054_g               -            517 2798                 -            354     1e-19   68.9  10.8   1   3   4.8e-10   3.9e-08   30.8   4.0    84   187   241   345   227   351 0.79 length=518	scaffold=chromosome14	strand=-
2054_g               -            517 2798                 -            354     1e-19   68.9  10.8   2   3   4.9e-07     4e-05   20.9   0.0   190   246   394   454   381   470 0.80 length=518	scaffold=chromosome14	strand=-
2054_g               -            517 2798                 -            354     1e-19   68.9  10.8   3   3   9.8e-07   7.9e-05   19.9   0.0   325   352   484   511   468   513 0.92 length=518	scaffold=chromosome14	strand=-
2528_g               -           1251 2798                 -            354   2.3e-19   67.7  23.3   1   3   3.8e-21   3.1e-19   67.3   9.5     6   208   683   886   678   890 0.84 length=1252	scaffold=chromosome1	strand=-
2528_g               -           1251 2798                 -            354   2.3e-19   67.7  23.3   2   3      0.15        12    2.8   0.1   214   257  1098  1142  1093  1150 0.78 length=1252	scaffold=chromosome1	strand=-
2528_g               -           1251 2798                 -            354   2.3e-19   67.7  23.3   3   3     0.028       2.3    5.2   2.5    86   161  1143  1220  1136  1233 0.85 length=1252	scaffold=chromosome1	strand=-
3088_g               -            344 2798                 -            354   2.4e-19   67.7   0.1   1   2   1.5e-13   1.2e-11   42.3   0.1    81   255    72   252     7   264 0.74 length=345	scaffold=chromosome4	strand=-
3088_g               -            344 2798                 -            354   2.4e-19   67.7   0.1   2   2   4.4e-07   3.6e-05   21.0   0.0   325   352   296   323   275   325 0.93 length=345	scaffold=chromosome4	strand=-
1416_g               -            296 2798                 -            354   2.4e-19   67.7   5.8   1   2   8.8e-21   7.2e-19   66.1   3.0   100   260    71   229    62   233 0.86 length=297	scaffold=chromosome13	strand=-
1416_g               -            296 2798                 -            354   2.4e-19   67.7   5.8   2   2      0.29        23    1.9   0.0   313   342   242   271   231   276 0.76 length=297	scaffold=chromosome13	strand=-
438_g                -           3970 2798                 -            354   2.5e-19   67.6   0.5   1   1   5.7e-21   4.6e-19   66.7   0.5    61   264  1154  1360  1113  1392 0.85 length=3971	scaffold=chromosome11	strand=-
1327_g               -           1526 2798                 -            354   4.8e-19   66.7   3.8   1   3       2.2   1.8e+02   -1.0   0.5   104   150   523   568   413   579 0.73 length=1527	scaffold=chromosome12	strand=+
1327_g               -           1526 2798                 -            354   4.8e-19   66.7   3.8   2   3   4.6e-18   3.7e-16   57.2   0.0   154   246   622   718   590   740 0.86 length=1527	scaffold=chromosome12	strand=+
1327_g               -           1526 2798                 -            354   4.8e-19   66.7   3.8   3   3    0.0029      0.24    8.5   0.1   320   351   745   776   738   778 0.88 length=1527	scaffold=chromosome12	strand=+
2436_g               -            730 2798                 -            354   5.4e-19   66.5  11.3   1   1   2.6e-20   2.1e-18   64.6  10.7    59   258    27   249    19   261 0.76 length=731	scaffold=chromosome14	strand=+
885_g                -            713 2798                 -            354   9.4e-19   65.7   0.0   1   3      0.14        12    2.9   0.0    55    87   216   251   181   288 0.80 length=714	scaffold=chromosome12	strand=+
885_g                -            713 2798                 -            354   9.4e-19   65.7   0.0   2   3   3.1e-13   2.5e-11   41.3   0.0   145   247   339   451   317   463 0.83 length=714	scaffold=chromosome12	strand=+
885_g                -            713 2798                 -            354   9.4e-19   65.7   0.0   3   3   5.4e-06   0.00043   17.5   0.0   326   352   685   711   677   713 0.92 length=714	scaffold=chromosome12	strand=+
2655_g               -            721 2798                 -            354   1.8e-18   64.8   1.1   1   2   2.1e-19   1.7e-17   61.6   0.6    46   255   447   660   437   671 0.83 length=722	scaffold=chromosome1	strand=+
2655_g               -            721 2798                 -            354   1.8e-18   64.8   1.1   2   2      0.39        32    1.5   0.0   319   347   681   709   660   711 0.83 length=722	scaffold=chromosome1	strand=+
4432_g               -           1284 2798                 -            354   4.4e-17   60.2  12.6   1   3   2.1e-12   1.7e-10   38.5   4.6    72   204   284   426   278   430 0.80 length=1285	scaffold=chromosome9	strand=+
4432_g               -           1284 2798                 -            354   4.4e-17   60.2  12.6   2   3   3.4e-05    0.0027   14.8   0.2   214   247   535   568   524   577 0.87 length=1285	scaffold=chromosome9	strand=+
4432_g               -           1284 2798                 -            354   4.4e-17   60.2  12.6   3   3    0.0006     0.049   10.7   0.0   324   352   608   637   576   639 0.82 length=1285	scaffold=chromosome9	strand=+
3104_g               -           1029 2798                 -            354   3.1e-16   57.4   0.1   1   1   9.8e-18   7.9e-16   56.1   0.1   137   252   849   965   716   977 0.80 length=1030	scaffold=chromosome4	strand=-
538_g                -           2213 2798                 -            354   5.7e-16   56.5   1.7   1   2       3.5   2.9e+02   -1.7   0.0    55    88   928   961   906   978 0.75 length=2214	scaffold=chromosome11	strand=+
538_g                -           2213 2798                 -            354   5.7e-16   56.5   1.7   2   2     7e-18   5.7e-16   56.5   1.7    90   249  1993  2149  1971  2162 0.82 length=2214	scaffold=chromosome11	strand=+
4828_g               -           1423 2798                 -            354   1.9e-15   54.8   1.0   1   2   2.4e-17   1.9e-15   54.8   1.0    52   247  1143  1352  1093  1373 0.72 length=1424	scaffold=chromosome9	strand=-
4828_g               -           1423 2798                 -            354   1.9e-15   54.8   1.0   2   2       3.6   2.9e+02   -1.7   0.0   321   351  1387  1417  1356  1419 0.84 length=1424	scaffold=chromosome9	strand=-
2725_g               -           3694 2798                 -            354     8e-14   49.5   0.0   1   2   3.6e-09     3e-07   27.9   0.1   143   201  3156  3212  3136  3220 0.81 length=3695	scaffold=chromosome2	strand=-
2725_g               -           3694 2798                 -            354     8e-14   49.5   0.0   2   2   1.9e-06   0.00015   19.0   0.0   212   247  3593  3628  3582  3636 0.90 length=3695	scaffold=chromosome2	strand=-
4724_g               -            292 2798                 -            354   1.6e-12   45.2   0.0   1   1   2.6e-14   2.1e-12   44.8   0.0   125   208    45   129    32   177 0.89 length=293	scaffold=chromosome9	strand=-
3943_g               -           3260 2798                 -            354   1.8e-12   45.1   2.1   1   2   3.4e-12   2.8e-10   37.8   1.1    60   246  2967  3180  2947  3191 0.71 length=3261	scaffold=chromosome7	strand=-
3943_g               -           3260 2798                 -            354   1.8e-12   45.1   2.1   2   2     0.023       1.9    5.5   0.0   318   346  3217  3245  3187  3249 0.87 length=3261	scaffold=chromosome7	strand=-
794_g                -           1736 2798                 -            354   5.6e-12   43.4   0.0   1   1   1.4e-13   1.1e-11   42.4   0.0   147   257  1555  1667  1536  1682 0.83 length=1737	scaffold=chromosome12	strand=-
4804_g               -           2087 2798                 -            354   3.4e-10   37.6   6.2   1   3   8.5e-10   6.9e-08   30.0   0.1    40   249    61   274    22   283 0.75 length=2088	scaffold=chromosome9	strand=-
4804_g               -           2087 2798                 -            354   3.4e-10   37.6   6.2   2   3    0.0015      0.13    9.4   0.1   322   352   311   340   280   342 0.78 length=2088	scaffold=chromosome9	strand=-
4804_g               -           2087 2798                 -            354   3.4e-10   37.6   6.2   3   3       4.3   3.5e+02   -2.0   0.5    29    79   482   532   455   544 0.64 length=2088	scaffold=chromosome9	strand=-
4326_g               -           3008 2798                 -            354   5.7e-10   36.8   3.6   1   2   5.3e-10   4.3e-08   30.6   0.9    55   257   162   388   145   397 0.72 length=3009	scaffold=chromosome8	strand=-
4326_g               -           3008 2798                 -            354   5.7e-10   36.8   3.6   2   2     0.018       1.4    5.9   0.0   325   353   417   445   396   446 0.90 length=3009	scaffold=chromosome8	strand=-
3971_g               -            590 2798                 -            354   1.9e-08   31.8   8.0   1   4       5.1   4.1e+02   -2.2   0.0   102   145   270   313   265   321 0.79 length=591	scaffold=chromosome7	strand=+
3971_g               -            590 2798                 -            354   1.9e-08   31.8   8.0   2   4   9.9e-09   8.1e-07   26.5   0.2   154   195   387   428   361   436 0.84 length=591	scaffold=chromosome7	strand=+
3971_g               -            590 2798                 -            354   1.9e-08   31.8   8.0   3   4       1.2     1e+02   -0.2   0.0   188   206   448   466   446   522 0.75 length=591	scaffold=chromosome7	strand=+
3971_g               -            590 2798                 -            354   1.9e-08   31.8   8.0   4   4    0.0046      0.37    7.8   0.2   322   351   545   574   534   576 0.91 length=591	scaffold=chromosome7	strand=+
1392_g               -            734 2798                 -            354   2.1e-08   31.6  16.3   1   4    0.0002     0.017   12.3   6.2    41    90   108   157    98   242 0.80 length=735	scaffold=chromosome12	strand=-
1392_g               -            734 2798                 -            354   2.1e-08   31.6  16.3   2   4    0.0089      0.72    6.9   0.0   153   191   256   294   244   297 0.84 length=735	scaffold=chromosome12	strand=-
1392_g               -            734 2798                 -            354   2.1e-08   31.6  16.3   3   4     0.042       3.4    4.7   0.1   188   212   612   636   608   640 0.85 length=735	scaffold=chromosome12	strand=-
1392_g               -            734 2798                 -            354   2.1e-08   31.6  16.3   4   4    0.0014      0.11    9.5   0.1   319   352   693   726   674   728 0.85 length=735	scaffold=chromosome12	strand=-
763_g                -            404 2798                 -            354   1.3e-07   29.1   5.0   1   2   3.4e-09   2.7e-07   28.0   3.6   102   198    70   167    22   181 0.88 length=405	scaffold=chromosome12	strand=+
763_g                -            404 2798                 -            354   1.3e-07   29.1   5.0   2   2       1.3   1.1e+02   -0.2   0.0   340   353   222   235   213   236 0.87 length=405	scaffold=chromosome12	strand=+
2620_g               -           1415 2798                 -            354   1.3e-06   25.8   4.4   1   2   2.6e-08   2.1e-06   25.1   1.1   124   202  1176  1256  1167  1266 0.84 length=1416	scaffold=chromosome1	strand=+
2620_g               -           1415 2798                 -            354   1.3e-06   25.8   4.4   2   2      0.45        36    1.3   0.1   287   352  1345  1411  1339  1413 0.65 length=1416	scaffold=chromosome1	strand=+
3942_g               -           1124 2798                 -            354   1.4e-06   25.7   0.0   1   2    0.0002     0.016   12.3   0.0   146   201   845   899   841   907 0.85 length=1125	scaffold=chromosome7	strand=+
3942_g               -           1124 2798                 -            354   1.4e-06   25.7   0.0   2   2   0.00055     0.044   10.9   0.0   217   250  1008  1041  1002  1052 0.87 length=1125	scaffold=chromosome7	strand=+
496_g                -           2579 2798                 -            354   5.9e-05   20.3   0.0   1   3         5   4.1e+02   -2.2   1.1   273   316    93   136    90   142 0.90 length=2580	scaffold=chromosome11	strand=-
496_g                -           2579 2798                 -            354   5.9e-05   20.3   0.0   2   3   7.3e-07   5.9e-05   20.3   0.0   158   207  2309  2357  2304  2360 0.88 length=2580	scaffold=chromosome11	strand=-
496_g                -           2579 2798                 -            354   5.9e-05   20.3   0.0   3   3       3.4   2.7e+02   -1.6   0.0   225   246  2404  2425  2395  2428 0.82 length=2580	scaffold=chromosome11	strand=-
4451_g               -           1292 2798                 -            354   0.00027   18.2   0.1   1   2   0.00032     0.026   11.6   0.1   142   203  1037  1096  1026  1108 0.82 length=1293	scaffold=chromosome9	strand=+
4451_g               -           1292 2798                 -            354   0.00027   18.2   0.1   2   2     0.067       5.4    4.0   0.0   232   263  1198  1229  1175  1232 0.86 length=1293	scaffold=chromosome9	strand=+
4233_g               -            327 2798                 -            354   0.00038   17.7   1.2   1   2    0.0078      0.63    7.1   0.2   113   195    80   163    32   229 0.76 length=328	scaffold=chromosome8	strand=-
4233_g               -            327 2798                 -            354   0.00038   17.7   1.2   2   2    0.0011     0.093    9.8   0.1   310   353   239   282   220   283 0.80 length=328	scaffold=chromosome8	strand=-
3288_g               -           1171 2798                 -            354   0.00098   16.3   3.4   1   1   2.3e-05    0.0019   15.4   3.4    64   190    48   172    29   179 0.83 length=1172	scaffold=chromosome5	strand=+
2976_g               -           1575 2798                 -            354     0.047   10.8   0.6   1   3     0.016       1.3    6.1   0.0   147   194   151   196   144   209 0.80 length=1576	scaffold=chromosome3	strand=+
2976_g               -           1575 2798                 -            354     0.047   10.8   0.6   2   3         6   4.8e+02   -2.4   0.0   228   247   306   325   303   331 0.81 length=1576	scaffold=chromosome3	strand=+
2976_g               -           1575 2798                 -            354     0.047   10.8   0.6   3   3      0.34        28    1.7   0.0   318   351   531   564   506   567 0.87 length=1576	scaffold=chromosome3	strand=+
#
# Program:         hmmsearch
# Version:         3.4 (Aug 2023)
# Pipeline mode:   SEARCH
# Query file:      /home/inf-20-2025/Malaria/busco_downloads/lineages/apicomplexa_odb12/hmms/2798at5794.hmm
# Target file:     /home/inf-20-2025/Malaria/Results/6_nobird_annotation/P_vivax.faa
# Option settings: hmmsearch --domtblout Results/8_busco/P_vivax/run_apicomplexa_odb12/hmmer_output/initial_run_results/2798at5794.out --cpu 1 /home/inf-20-2025/Malaria/busco_downloads/lineages/apicomplexa_odb12/hmms/2798at5794.hmm /home/inf-20-2025/Malaria/Results/6_nobird_annotation/P_vivax.faa 
# Current dir:     /home/inf-20-2025/Malaria
# Date:            Wed Mar  4 18:32:01 2026
# [ok]
