#                                                                            --- full sequence --- -------------- this domain -------------   hmm coord   ali coord   env coord
# target name        accession   tlen query name           accession   qlen   E-value  score  bias   #  of  c-Evalue  i-Evalue  score  bias  from    to  from    to  from    to  acc description of target
#------------------- ---------- ----- -------------------- ---------- ----- --------- ------ ----- --- --- --------- --------- ------ ----- ----- ----- ----- ----- ----- ----- ---- ---------------------
4204_g               -            838 31354                -            541  1.3e-297  985.7  22.2   1   1  3.4e-300  1.9e-297  985.2  22.2     6   539   282   820   278   822 0.98 length=839	scaffold=chromosome8	strand=-
2297_g               -            722 31354                -            541  1.6e-129  431.0  21.0   1   2  1.2e-113  6.9e-111  369.5  10.2     6   427    62   509    57   534 0.92 length=723	scaffold=chromosome14	strand=-
2297_g               -            722 31354                -            541  1.6e-129  431.0  21.0   2   2   4.8e-22   2.7e-19   67.1   3.0   442   536   552   647   541   650 0.91 length=723	scaffold=chromosome14	strand=-
4356_g               -            540 31354                -            541   7.6e-24   82.2   2.5   1   2   6.5e-15   3.7e-12   43.6   1.2    28   154    29   151    10   245 0.78 length=541	scaffold=chromosome8	strand=+
4356_g               -            540 31354                -            541   7.6e-24   82.2   2.5   2   2   3.8e-13   2.2e-10   37.8   0.0   380   533   369   528   352   535 0.83 length=541	scaffold=chromosome8	strand=+
428_g                -            529 31354                -            541   3.7e-20   70.0   2.6   1   2   3.1e-11   1.7e-08   31.5   1.2    19   114    18   109     2   233 0.84 length=530	scaffold=chromosome11	strand=-
428_g                -            529 31354                -            541   3.7e-20   70.0   2.6   2   2   3.5e-13     2e-10   37.9   0.0   394   518   386   515   371   527 0.85 length=530	scaffold=chromosome11	strand=-
4242_g               -            535 31354                -            541   6.6e-20   69.2   9.4   1   2   6.8e-15   3.9e-12   43.5   3.5    16   155    21   156    10   246 0.80 length=536	scaffold=chromosome8	strand=-
4242_g               -            535 31354                -            541   6.6e-20   69.2   9.4   2   2   1.5e-10   8.6e-08   29.2   0.3   384   507   379   507   372   530 0.76 length=536	scaffold=chromosome8	strand=-
4681_g               -            543 31354                -            541   1.7e-17   61.2   2.9   1   2   6.3e-17   3.6e-14   50.3   1.3    19   162    11   153     3   231 0.88 length=544	scaffold=chromosome9	strand=-
4681_g               -            543 31354                -            541   1.7e-17   61.2   2.9   2   2   7.3e-05     0.041   10.4   0.0   385   476   372   465   365   523 0.77 length=544	scaffold=chromosome9	strand=-
4368_g               -            532 31354                -            541   3.3e-17   60.2   3.7   1   2   5.7e-14   3.2e-11   40.5   0.1    20   160    18   165     7   199 0.83 length=533	scaffold=chromosome8	strand=+
4368_g               -            532 31354                -            541   3.3e-17   60.2   3.7   2   2   6.3e-08   3.6e-05   20.5   0.6   382   516   370   509   345   525 0.79 length=533	scaffold=chromosome8	strand=+
3083_g               -            544 31354                -            541   3.7e-14   50.2   6.2   1   2   2.5e-12   1.4e-09   35.1   0.1    19   143    21   141     6   188 0.85 length=545	scaffold=chromosome4	strand=-
3083_g               -            544 31354                -            541   3.7e-14   50.2   6.2   2   2   4.2e-07   0.00024   17.8   0.8   378   511   366   505   343   520 0.79 length=545	scaffold=chromosome4	strand=-
2271_g               -            568 31354                -            541   1.8e-11   41.4   5.9   1   2   1.8e-09     1e-06   25.6   0.6    29   155    53   175    32   318 0.84 length=569	scaffold=chromosome14	strand=+
2271_g               -            568 31354                -            541   1.8e-11   41.4   5.9   2   2   2.3e-07   0.00013   18.7   0.6   389   521   404   542   351   560 0.82 length=569	scaffold=chromosome14	strand=+
672_g                -            543 31354                -            541   7.9e-11   39.2   0.7   1   2   2.4e-09   1.3e-06   25.2   0.1    33   154    28   146     7   213 0.86 length=544	scaffold=chromosome11	strand=-
672_g                -            543 31354                -            541   7.9e-11   39.2   0.7   2   2   1.8e-05      0.01   12.4   0.0   393   520   391   524   382   538 0.83 length=544	scaffold=chromosome11	strand=-
#
# Program:         hmmsearch
# Version:         3.4 (Aug 2023)
# Pipeline mode:   SEARCH
# Query file:      /home/inf-20-2025/Malaria/busco_downloads/lineages/apicomplexa_odb12/hmms/31354at5794.hmm
# Target file:     /home/inf-20-2025/Malaria/Results/6_nobird_annotation/P_vivax.faa
# Option settings: hmmsearch --domtblout Results/8_busco/P_vivax/run_apicomplexa_odb12/hmmer_output/initial_run_results/31354at5794.out --cpu 1 /home/inf-20-2025/Malaria/busco_downloads/lineages/apicomplexa_odb12/hmms/31354at5794.hmm /home/inf-20-2025/Malaria/Results/6_nobird_annotation/P_vivax.faa 
# Current dir:     /home/inf-20-2025/Malaria
# Date:            Wed Mar  4 18:32:00 2026
# [ok]
