#                                                                            --- full sequence --- -------------- this domain -------------   hmm coord   ali coord   env coord
# target name        accession   tlen query name           accession   qlen   E-value  score  bias   #  of  c-Evalue  i-Evalue  score  bias  from    to  from    to  from    to  acc description of target
#------------------- ---------- ----- -------------------- ---------- ----- --------- ------ ----- --- --- --------- --------- ------ ----- ----- ----- ----- ----- ----- ----- ---- ---------------------
4466_g               -            335 31842                -            330  2.7e-195  646.3  15.5   1   1  3.2e-197    3e-195  646.2  15.5     2   329     2   329     1   330 0.99 length=336	scaffold=chromosome9	strand=+
5672_g               -            365 31842                -            330  3.6e-195  645.9  15.5   1   1  4.4e-197  4.2e-195  645.7  15.5     2   329     8   335     7   336 0.99 length=365	scaffold=scf_7211	strand=+	adjustedToFrame=3
1579_g               -            739 31842                -            330   2.4e-47  160.0   3.9   1   1   3.5e-49   3.3e-47  159.6   3.9    37   329    14   310     7   311 0.84 length=740	scaffold=chromosome13	strand=+
437_g                -            288 31842                -            330   5.2e-46  155.6   0.0   1   1   6.3e-48   6.1e-46  155.4   0.0    41   330     2   286     1   286 0.87 length=289	scaffold=chromosome11	strand=+
3431_g               -            612 31842                -            330   1.5e-42  144.3   5.8   1   1   2.1e-44     2e-42  143.8   5.8    41   330   265   571   260   571 0.85 length=613	scaffold=chromosome5	strand=-
4318_g               -            489 31842                -            330   2.3e-42  143.7   0.4   1   1   3.6e-44   3.5e-42  143.1   0.4    33   329   104   401    81   402 0.81 length=490	scaffold=chromosome8	strand=+
3385_g               -           1616 31842                -            330   1.3e-35  121.5   0.3   1   2   5.6e-05    0.0054   14.2   0.5    41   106   693   762   685   770 0.82 length=1617	scaffold=chromosome5	strand=+
3385_g               -           1616 31842                -            330   1.3e-35  121.5   0.3   2   2     2e-32   1.9e-30  104.5   0.0   132   329   896  1100   889  1101 0.82 length=1617	scaffold=chromosome5	strand=+
3304_g               -           1046 31842                -            330   5.7e-33  112.8  12.7   1   3   4.2e-05     0.004   14.7   2.1    26   114    19   104     2   129 0.69 length=1047	scaffold=chromosome5	strand=-
3304_g               -           1046 31842                -            330   5.7e-33  112.8  12.7   2   3   5.6e-10   5.3e-08   30.7   0.4   131   172   231   272   211   275 0.90 length=1047	scaffold=chromosome5	strand=-
3304_g               -           1046 31842                -            330   5.7e-33  112.8  12.7   3   3   5.9e-23   5.6e-21   73.4   0.1   173   329   571   718   556   719 0.84 length=1047	scaffold=chromosome5	strand=-
4514_g               -            575 31842                -            330   7.7e-32  109.1   9.6   1   3   4.2e-22   4.1e-20   70.5   3.0    33   191   162   328   134   333 0.82 length=576	scaffold=chromosome9	strand=-
4514_g               -            575 31842                -            330   7.7e-32  109.1   9.6   2   3     5e-08   4.8e-06   24.3   0.0   191   230   354   393   349   405 0.88 length=576	scaffold=chromosome9	strand=-
4514_g               -            575 31842                -            330   7.7e-32  109.1   9.6   3   3   0.00013     0.013   13.0   0.6   296   329   480   513   430   514 0.66 length=576	scaffold=chromosome9	strand=-
896_g                -            563 31842                -            330   1.4e-31  108.2  10.1   1   2   1.3e-31   1.3e-29  101.7   8.4    40   250   117   330    96   335 0.83 length=564	scaffold=chromosome12	strand=+
896_g                -            563 31842                -            330   1.4e-31  108.2  10.1   2   2     0.013       1.3    6.4   0.0   288   329   334   376   327   377 0.82 length=564	scaffold=chromosome12	strand=+
902_g                -            323 31842                -            330     6e-31  106.1   4.8   1   1   5.3e-31   5.1e-29   99.8   4.8    42   322     8   287     4   294 0.78 length=324	scaffold=chromosome12	strand=-
1234_g               -            746 31842                -            330   3.4e-29  100.4   6.8   1   1   5.6e-31   5.4e-29   99.7   6.8    23   240   457   684   444   699 0.83 length=747	scaffold=chromosome12	strand=-
4339_g               -            602 31842                -            330   1.3e-28   98.4   1.2   1   2   5.5e-26   5.3e-24   83.3   1.2    48   249   163   367   145   373 0.81 length=603	scaffold=chromosome8	strand=-
4339_g               -            602 31842                -            330   1.3e-28   98.4   1.2   2   2   0.00012     0.012   13.1   0.0   295   330   380   415   365   415 0.84 length=603	scaffold=chromosome8	strand=-
4192_g               -            325 31842                -            330   1.7e-28   98.0  11.9   1   1   4.5e-30   4.3e-28   96.7  11.9    49   328    16   308     5   310 0.82 length=326	scaffold=chromosome8	strand=+
4601_g               -           1989 31842                -            330   3.7e-28   96.9   1.3   1   2     2e-28     2e-26   91.3   0.6    12   240  1502  1738  1494  1755 0.80 length=1990	scaffold=chromosome9	strand=+
4601_g               -           1989 31842                -            330   3.7e-28   96.9   1.3   2   2     0.077       7.4    3.9   0.0   297   329  1760  1792  1743  1793 0.83 length=1990	scaffold=chromosome9	strand=+
1991_g               -            334 31842                -            330   1.2e-26   92.0   0.8   1   1   2.1e-28     2e-26   91.3   0.8    41   247     9   215     2   285 0.88 length=335	scaffold=chromosome14	strand=-
4273_g               -           1391 31842                -            330   2.8e-26   90.8  10.9   1   2   0.00042     0.041   11.4   0.2    41   105   796   869   759   926 0.76 length=1392	scaffold=chromosome8	strand=+
4273_g               -           1391 31842                -            330   2.8e-26   90.8  10.9   2   2   2.3e-25   2.2e-23   81.2   5.8   115   329  1144  1369  1070  1370 0.76 length=1392	scaffold=chromosome8	strand=+
2922_g               -            529 31842                -            330   4.9e-25   86.7  11.7   1   2   2.5e-23   2.4e-21   74.6   8.7    34   251    64   285    32   297 0.82 length=530	scaffold=chromosome3	strand=+
2922_g               -            529 31842                -            330   4.9e-25   86.7  11.7   2   2   0.00015     0.014   12.9   0.0   297   328   298   329   293   331 0.90 length=530	scaffold=chromosome3	strand=+
1982_g               -            368 31842                -            330   8.1e-25   86.0   7.5   1   3       1.8   1.7e+02   -0.5   0.0    31    57    33    59    17    76 0.82 length=369	scaffold=chromosome14	strand=+
1982_g               -            368 31842                -            330   8.1e-25   86.0   7.5   2   3   8.4e-27   8.1e-25   86.0   7.5    41   242   106   315    98   321 0.83 length=369	scaffold=chromosome14	strand=+
1982_g               -            368 31842                -            330   8.1e-25   86.0   7.5   3   3       2.8   2.7e+02   -1.2   0.0   298   328   331   361   322   363 0.87 length=369	scaffold=chromosome14	strand=+
1276_g               -            377 31842                -            330   9.4e-25   85.8  11.4   1   2   1.9e-25   1.8e-23   81.5  10.7    35   242    34   254     5   266 0.77 length=378	scaffold=chromosome12	strand=-
1276_g               -            377 31842                -            330   9.4e-25   85.8  11.4   2   2     0.087       8.4    3.8   0.0   276   328   257   309   250   311 0.81 length=378	scaffold=chromosome12	strand=-
613_g                -            806 31842                -            330   2.8e-24   84.2   1.9   1   4       2.3   2.2e+02   -0.9   0.1    44    66    21    43     8    50 0.79 length=807	scaffold=chromosome11	strand=-
613_g                -            806 31842                -            330   2.8e-24   84.2   1.9   2   4    0.0075      0.72    7.3   0.1    84   121    97   130    83   144 0.82 length=807	scaffold=chromosome11	strand=-
613_g                -            806 31842                -            330   2.8e-24   84.2   1.9   3   4     2e-10     2e-08   32.1   0.0   132   208   187   266   156   272 0.84 length=807	scaffold=chromosome11	strand=-
613_g                -            806 31842                -            330   2.8e-24   84.2   1.9   4   4   4.2e-13   4.1e-11   40.9   0.0   213   329   480   594   473   595 0.84 length=807	scaffold=chromosome11	strand=-
3049_g               -            526 31842                -            330     5e-24   83.4  14.1   1   3     0.029       2.8    5.3   0.4    41    81    54    94    47   101 0.86 length=527	scaffold=chromosome4	strand=-
3049_g               -            526 31842                -            330     5e-24   83.4  14.1   2   3     8e-22   7.7e-20   69.6   4.4    81   250   114   282   110   286 0.85 length=527	scaffold=chromosome4	strand=-
3049_g               -            526 31842                -            330     5e-24   83.4  14.1   3   3   8.1e-05    0.0078   13.7   0.1   295   327   294   326   283   329 0.84 length=527	scaffold=chromosome4	strand=-
2933_g               -            310 31842                -            330   2.1e-23   81.4   5.9   1   1   2.6e-25   2.5e-23   81.1   5.9    41   277     2   241     1   282 0.75 length=311	scaffold=chromosome3	strand=+
2362_g               -            508 31842                -            330   8.9e-23   79.3   1.9   1   1   1.9e-24   1.8e-22   78.3   1.8    40   236   108   306    85   336 0.85 length=509	scaffold=chromosome14	strand=-
4521_g               -            708 31842                -            330   2.8e-22   77.6  10.3   1   2   9.4e-21   9.1e-19   66.1   8.4     4   244   331   582   328   646 0.78 length=709	scaffold=chromosome9	strand=+
4521_g               -            708 31842                -            330   2.8e-22   77.6  10.3   2   2   0.00044     0.042   11.3   0.0   300   329   668   697   643   698 0.84 length=709	scaffold=chromosome9	strand=+
4598_g               -           1628 31842                -            330   5.3e-22   76.7  10.5   1   2     4e-23   3.8e-21   73.9   9.4    37   241  1182  1388  1132  1399 0.75 length=1629	scaffold=chromosome9	strand=+
4598_g               -           1628 31842                -            330   5.3e-22   76.7  10.5   2   2      0.75        72    0.7   0.0   300   329  1413  1442  1404  1443 0.90 length=1629	scaffold=chromosome9	strand=+
1644_g               -            284 31842                -            330   9.7e-22   75.9  12.2   1   2   6.2e-21     6e-19   66.7  10.6    41   236    20   221     9   236 0.81 length=285	scaffold=chromosome13	strand=-
1644_g               -            284 31842                -            330   9.7e-22   75.9  12.2   2   2    0.0023      0.22    9.0   0.0   297   329   248   280   228   281 0.82 length=285	scaffold=chromosome13	strand=-
52_g                 -            288 31842                -            330   4.1e-20   70.5   0.3   1   1   5.8e-22   5.6e-20   70.1   0.3    42   243    11   219     5   257 0.80 length=289	scaffold=chromosome10	strand=-
1318_g               -            885 31842                -            330   1.3e-19   68.9   9.7   1   1   1.7e-18   1.7e-16   58.7   9.7    21   247   528   788   506   880 0.66 length=886	scaffold=chromosome12	strand=+
2262_g               -           2560 31842                -            330   3.2e-19   67.6   1.2   1   1   1.1e-20   1.1e-18   65.9   1.2    40   247    12   253     8   258 0.77 length=2561	scaffold=chromosome14	strand=+
2430_g               -            755 31842                -            330   1.1e-17   62.6   0.1   1   2     4e-19   3.8e-17   60.7   0.1    39   237   425   628   414   634 0.80 length=756	scaffold=chromosome14	strand=-
2430_g               -            755 31842                -            330   1.1e-17   62.6   0.1   2   2       4.9   4.7e+02   -2.0   0.0   297   329   650   687   646   688 0.73 length=756	scaffold=chromosome14	strand=-
1532_g               -            854 31842                -            330   3.3e-17   61.0   0.2   1   3         6   5.7e+02   -2.3   0.1    28    74   306   354   298   424 0.61 length=855	scaffold=chromosome13	strand=+
1532_g               -            854 31842                -            330   3.3e-17   61.0   0.2   2   3   3.4e-19   3.3e-17   61.0   0.2    42   254   541   753   527   775 0.76 length=855	scaffold=chromosome13	strand=+
1532_g               -            854 31842                -            330   3.3e-17   61.0   0.2   3   3       4.8   4.6e+02   -2.0   0.0   222   246   783   807   778   811 0.91 length=855	scaffold=chromosome13	strand=+
4589_g               -            561 31842                -            330   1.4e-15   55.6   7.5   1   3   4.9e-14   4.7e-12   44.0   7.7    39   182    31   183     3   188 0.70 length=562	scaffold=chromosome9	strand=-
4589_g               -            561 31842                -            330   1.4e-15   55.6   7.5   2   3     0.057       5.5    4.4   0.0   186   236   337   386   331   397 0.80 length=562	scaffold=chromosome9	strand=-
4589_g               -            561 31842                -            330   1.4e-15   55.6   7.5   3   3      0.16        15    2.9   0.0   296   329   408   445   392   446 0.81 length=562	scaffold=chromosome9	strand=-
4348_g               -           1607 31842                -            330   7.7e-15   53.2   2.4   1   1   1.4e-16   1.3e-14   52.4   2.3    48   236  1344  1549  1322  1565 0.73 length=1608	scaffold=chromosome8	strand=+
885_g                -            713 31842                -            330   2.9e-14   51.3   0.0   1   3     0.015       1.5    6.2   0.0    42   104   216   286   207   294 0.76 length=714	scaffold=chromosome12	strand=+
885_g                -            713 31842                -            330   2.9e-14   51.3   0.0   2   3   7.8e-09   7.5e-07   26.9   0.0   138   229   349   448   338   469 0.71 length=714	scaffold=chromosome12	strand=+
885_g                -            713 31842                -            330   2.9e-14   51.3   0.0   3   3   5.6e-05    0.0054   14.3   0.0   296   329   678   711   660   712 0.88 length=714	scaffold=chromosome12	strand=+
706_g                -            354 31842                -            330   4.1e-14   50.8   0.0   1   1     6e-16   5.8e-14   50.3   0.0    42   253    31   256    22   307 0.73 length=355	scaffold=chromosome11	strand=-
3188_g               -           2125 31842                -            330   3.7e-13   47.7   1.6   1   2       5.1   4.9e+02   -2.1   0.0     7    59  1573  1623  1509  1632 0.68 length=2126	scaffold=chromosome4	strand=+
3188_g               -           2125 31842                -            330   3.7e-13   47.7   1.6   2   2   6.4e-15   6.1e-13   46.9   0.7    75   236  1734  1900  1716  1945 0.75 length=2126	scaffold=chromosome4	strand=+
1339_g               -           1275 31842                -            330   5.6e-13   47.1   5.3   1   4       3.2   3.1e+02   -1.4   0.0    41    66   770   795   767   798 0.87 length=1276	scaffold=chromosome12	strand=+
1339_g               -           1275 31842                -            330   5.6e-13   47.1   5.3   2   4   1.3e-06   0.00013   19.6   0.2   143   181   933   973   880   976 0.82 length=1276	scaffold=chromosome12	strand=+
1339_g               -           1275 31842                -            330   5.6e-13   47.1   5.3   3   4   1.5e-08   1.4e-06   26.0   0.1   172   236  1048  1109  1036  1131 0.74 length=1276	scaffold=chromosome12	strand=+
1339_g               -           1275 31842                -            330   5.6e-13   47.1   5.3   4   4      0.64        62    0.9   0.0   293   329  1231  1267  1223  1268 0.85 length=1276	scaffold=chromosome12	strand=+
1416_g               -            296 31842                -            330   2.1e-11   41.9   4.6   1   2   3.6e-12   3.5e-10   37.9   0.6    84   184    71   174    63   224 0.72 length=297	scaffold=chromosome13	strand=-
1416_g               -            296 31842                -            330   2.1e-11   41.9   4.6   2   2     0.021       2.1    5.8   0.1   272   318   224   270   212   281 0.89 length=297	scaffold=chromosome13	strand=-
2436_g               -            730 31842                -            330   3.5e-11   41.1   7.8   1   1     7e-13   6.7e-11   40.2   7.3    49   241    30   247    23   300 0.72 length=731	scaffold=chromosome14	strand=+
2655_g               -            721 31842                -            330   6.6e-11   40.3   1.8   1   1     1e-12     1e-10   39.7   1.8    26   249   441   669   429   694 0.79 length=722	scaffold=chromosome1	strand=+
438_g                -           3970 31842                -            330   9.8e-11   39.7   0.6   1   2   4.9e-12   4.7e-10   37.5   0.2   139   236  1252  1348  1200  1360 0.87 length=3971	scaffold=chromosome11	strand=-
438_g                -           3970 31842                -            330   9.8e-11   39.7   0.6   2   2       1.6   1.5e+02   -0.4   0.0   295   329  1368  1402  1352  1403 0.87 length=3971	scaffold=chromosome11	strand=-
4029_g               -            341 31842                -            330   1.5e-10   39.1   1.7   1   1   2.3e-12   2.2e-10   38.6   1.7    41   238    31   231    18   294 0.79 length=342	scaffold=chromosome7	strand=+
4724_g               -            292 31842                -            330   8.8e-10   36.6   0.8   1   2      0.91        88    0.4   0.0   190   214     2    26     1    29 0.92 length=293	scaffold=chromosome9	strand=-
4724_g               -            292 31842                -            330   8.8e-10   36.6   0.8   2   2   4.6e-11   4.4e-09   34.3   0.2   135   190    72   129    58   138 0.83 length=293	scaffold=chromosome9	strand=-
1327_g               -           1526 31842                -            330     9e-10   36.5   1.1   1   1   1.8e-11   1.7e-09   35.6   0.0   141   230   626   717   615   738 0.84 length=1527	scaffold=chromosome12	strand=+
3943_g               -           3260 31842                -            330   1.1e-09   36.3   1.4   1   1     2e-11   1.9e-09   35.5   1.4    80   246  3006  3198  2959  3210 0.70 length=3261	scaffold=chromosome7	strand=-
4804_g               -           2087 31842                -            330   2.9e-09   34.8   0.2   1   1   5.6e-11   5.4e-09   34.0   0.2    41   185    75   224    59   264 0.83 length=2088	scaffold=chromosome9	strand=-
4432_g               -           1284 31842                -            330   1.5e-08   32.5   8.0   1   2   1.6e-10   1.5e-08   32.5   8.0    62   174   284   405   280   429 0.77 length=1285	scaffold=chromosome9	strand=+
4432_g               -           1284 31842                -            330   1.5e-08   32.5   8.0   2   2       1.9   1.8e+02   -0.6   0.2   201   226   538   562   526   574 0.71 length=1285	scaffold=chromosome9	strand=+
1354_g               -           2443 31842                -            330   1.8e-08   32.2   2.0   1   1   1.8e-09   1.8e-07   29.0   2.0    39   248   115   357    99   378 0.69 length=2444	scaffold=chromosome12	strand=-
3077_g               -           1615 31842                -            330   4.3e-08   31.0   5.1   1   1   5.2e-10     5e-08   30.8   3.9    42   173  1115  1253  1108  1260 0.81 length=1616	scaffold=chromosome4	strand=-
794_g                -           1736 31842                -            330   1.3e-07   29.4   3.0   1   3       4.4   4.2e+02   -1.8   0.1   115   156   289   333   274   335 0.78 length=1737	scaffold=chromosome12	strand=-
794_g                -           1736 31842                -            330   1.3e-07   29.4   3.0   2   3       1.3   1.2e+02   -0.1   0.0    40    62  1287  1309  1269  1324 0.75 length=1737	scaffold=chromosome12	strand=-
794_g                -           1736 31842                -            330   1.3e-07   29.4   3.0   3   3   3.1e-09     3e-07   28.2   0.1    78   232  1494  1657  1472  1676 0.71 length=1737	scaffold=chromosome12	strand=-
3104_g               -           1029 31842                -            330   1.8e-07   29.0   0.5   1   1   4.6e-09   4.5e-07   27.7   0.5    47   236   762   964   751   977 0.67 length=1030	scaffold=chromosome4	strand=-
2054_g               -            517 31842                -            330   2.8e-07   28.3   6.1   1   3   9.8e-09   9.4e-07   26.6   2.4    81   171   257   346   231   352 0.79 length=518	scaffold=chromosome14	strand=-
2054_g               -            517 31842                -            330   2.8e-07   28.3   6.1   2   3      0.35        33    1.8   0.1   200   237   424   460   389   471 0.72 length=518	scaffold=chromosome14	strand=-
2054_g               -            517 31842                -            330   2.8e-07   28.3   6.1   3   3         3   2.9e+02   -1.3   0.0   298   329   480   511   465   512 0.87 length=518	scaffold=chromosome14	strand=-
2528_g               -           1251 31842                -            330   2.6e-06   25.1  10.8   1   2   2.9e-08   2.8e-06   25.0   5.9    41   196   731   892   714   899 0.78 length=1252	scaffold=chromosome1	strand=-
2528_g               -           1251 31842                -            330   2.6e-06   25.1  10.8   2   2      0.25        24    2.3   0.2   211   241  1109  1139  1091  1192 0.83 length=1252	scaffold=chromosome1	strand=-
2725_g               -           3694 31842                -            330   9.2e-06   23.3   2.1   1   3       4.1     4e+02   -1.8   0.1    80   100    87   110    82   117 0.81 length=3695	scaffold=chromosome2	strand=-
2725_g               -           3694 31842                -            330   9.2e-06   23.3   2.1   2   3   3.1e-06    0.0003   18.4   0.3   140   186  3170  3215  3152  3227 0.85 length=3695	scaffold=chromosome2	strand=-
2725_g               -           3694 31842                -            330   9.2e-06   23.3   2.1   3   3      0.15        14    3.0   0.0   194   234  3591  3630  3581  3635 0.82 length=3695	scaffold=chromosome2	strand=-
3088_g               -            344 31842                -            330     1e-05   23.2   0.0   1   1   2.7e-07   2.6e-05   21.9   0.0   143   238   155   250   133   287 0.80 length=345	scaffold=chromosome4	strand=-
4326_g               -           3008 31842                -            330   2.3e-05   22.1   0.1   1   2   6.3e-06   0.00061   17.4   0.1   132   239   268   385   219   399 0.84 length=3009	scaffold=chromosome8	strand=-
4326_g               -           3008 31842                -            330   2.3e-05   22.1   0.1   2   2      0.22        21    2.4   0.0   286   329   401   444   390   445 0.78 length=3009	scaffold=chromosome8	strand=-
3971_g               -            590 31842                -            330   4.3e-05   21.1   0.6   1   2     5e-06   0.00049   17.7   0.2   128   174   381   424   369   442 0.80 length=591	scaffold=chromosome7	strand=+
3971_g               -            590 31842                -            330   4.3e-05   21.1   0.6   2   2      0.61        59    1.0   0.0   298   327   544   573   537   575 0.88 length=591	scaffold=chromosome7	strand=+
2620_g               -           1415 31842                -            330   0.00019   19.0   0.4   1   1   4.5e-06   0.00043   17.9   0.4   125   181  1198  1253  1172  1273 0.84 length=1416	scaffold=chromosome1	strand=+
#
# Program:         hmmsearch
# Version:         3.4 (Aug 2023)
# Pipeline mode:   SEARCH
# Query file:      /home/inf-20-2025/Malaria/busco_downloads/lineages/apicomplexa_odb12/hmms/31842at5794.hmm
# Target file:     /home/inf-20-2025/Malaria/Results/6_nobird_annotation/P_vivax.faa
# Option settings: hmmsearch --domtblout Results/8_busco/P_vivax/run_apicomplexa_odb12/hmmer_output/initial_run_results/31842at5794.out --cpu 1 /home/inf-20-2025/Malaria/busco_downloads/lineages/apicomplexa_odb12/hmms/31842at5794.hmm /home/inf-20-2025/Malaria/Results/6_nobird_annotation/P_vivax.faa 
# Current dir:     /home/inf-20-2025/Malaria
# Date:            Wed Mar  4 18:32:02 2026
# [ok]
