#                                                                            --- full sequence --- -------------- this domain -------------   hmm coord   ali coord   env coord
# target name        accession   tlen query name           accession   qlen   E-value  score  bias   #  of  c-Evalue  i-Evalue  score  bias  from    to  from    to  from    to  acc description of target
#------------------- ---------- ----- -------------------- ---------- ----- --------- ------ ----- --- --- --------- --------- ------ ----- ----- ----- ----- ----- ----- ----- ---- ---------------------
429_g                -           1328 32074                -            859  9.2e-275  912.0  42.1   1   5   5.4e-40   1.4e-37  127.3   0.3     1   120   133   257   133   262 0.95 length=1329	scaffold=chromosome11	strand=+
429_g                -           1328 32074                -            859  9.2e-275  912.0  42.1   2   5   9.6e-84   2.5e-81  272.1   2.7   117   405   344   640   338   644 0.92 length=1329	scaffold=chromosome11	strand=+
429_g                -           1328 32074                -            859  9.2e-275  912.0  42.1   3   5   7.5e-85   1.9e-82  275.7   6.9   401   640   723   979   711   988 0.90 length=1329	scaffold=chromosome11	strand=+
429_g                -           1328 32074                -            859  9.2e-275  912.0  42.1   4   5   2.4e-26   6.3e-24   82.2   0.5   635   729  1017  1110  1013  1125 0.87 length=1329	scaffold=chromosome11	strand=+
429_g                -           1328 32074                -            859  9.2e-275  912.0  42.1   5   5   2.3e-54     6e-52  174.9   4.3   716   859  1186  1328  1176  1328 0.92 length=1329	scaffold=chromosome11	strand=+
692_g                -           1413 32074                -            859   1.1e-13   48.2  10.4   1   4   8.2e-08   2.1e-05   20.9   0.0   208   296     5    88     1   102 0.90 length=1414	scaffold=chromosome11	strand=-
692_g                -           1413 32074                -            859   1.1e-13   48.2  10.4   2   4   0.00023     0.058    9.5   0.1   228   289   105   165    94   176 0.86 length=1414	scaffold=chromosome11	strand=-
692_g                -           1413 32074                -            859   1.1e-13   48.2  10.4   3   4   0.00063      0.16    8.0   0.0   476   567   267   361   254   364 0.53 length=1414	scaffold=chromosome11	strand=-
692_g                -           1413 32074                -            859   1.1e-13   48.2  10.4   4   4   0.00016     0.041   10.0   4.0   435   600   524   687   522   694 0.85 length=1414	scaffold=chromosome11	strand=-
3255_g               -            346 32074                -            859   1.9e-12   44.2   0.7   1   3   6.2e-08   1.6e-05   21.3   0.1   454   573    43   170    32   173 0.77 length=347	scaffold=chromosome5	strand=+
3255_g               -            346 32074                -            859   1.9e-12   44.2   0.7   2   3   3.1e-05     0.008   12.3   0.0   204   294   172   259   169   264 0.84 length=347	scaffold=chromosome5	strand=+
3255_g               -            346 32074                -            859   1.9e-12   44.2   0.7   3   3    0.0011       0.3    7.2   0.0   477   534   284   346   268   346 0.81 length=347	scaffold=chromosome5	strand=+
197_g                -            645 32074                -            859   8.1e-10   35.5  18.7   1   4       2.9   7.6e+02   -4.1   8.7   710   844    55   185    51   192 0.81 length=646	scaffold=chromosome10	strand=-
197_g                -            645 32074                -            859   8.1e-10   35.5  18.7   2   4   2.6e-07   6.6e-05   19.2   0.0   220   291   373   439   354   447 0.85 length=646	scaffold=chromosome10	strand=-
197_g                -            645 32074                -            859   8.1e-10   35.5  18.7   3   4    0.0062       1.6    4.7   0.0   541   571   450   480   435   483 0.82 length=646	scaffold=chromosome10	strand=-
197_g                -            645 32074                -            859   8.1e-10   35.5  18.7   4   4   2.8e-07   7.3e-05   19.1   0.2   468   600   505   635   483   641 0.84 length=646	scaffold=chromosome10	strand=-
2880_g               -            499 32074                -            859   1.9e-09   34.3   1.3   1   2   3.9e-06     0.001   15.3   0.0   213   290    67   140    55   144 0.85 length=500	scaffold=chromosome3	strand=+
2880_g               -            499 32074                -            859   1.9e-09   34.3   1.3   2   2   1.1e-06   0.00028   17.2   0.3   478   569   230   323   226   348 0.88 length=500	scaffold=chromosome3	strand=+
2646_g               -           1068 32074                -            859   2.1e-09   34.1   0.2   1   3     0.003      0.78    5.7   0.1   495   575   294   377   283   392 0.80 length=1069	scaffold=chromosome1	strand=+
2646_g               -           1068 32074                -            859   2.1e-09   34.1   0.2   2   3   0.00078       0.2    7.7   0.0   222   280   415   472   395   482 0.74 length=1069	scaffold=chromosome1	strand=+
2646_g               -           1068 32074                -            859   2.1e-09   34.1   0.2   3   3   1.7e-06   0.00045   16.5   0.0   142   272   544   668   541   677 0.88 length=1069	scaffold=chromosome1	strand=+
2637_g               -            365 32074                -            859   2.5e-08   30.6   7.1   1   2   1.6e-06   0.00042   16.6   1.0   463   568    25   128     8   130 0.52 length=366	scaffold=chromosome1	strand=-
2637_g               -            365 32074                -            859   2.5e-08   30.6   7.1   2   2   1.1e-06   0.00029   17.1   0.7   478   586   167   276   160   317 0.77 length=366	scaffold=chromosome1	strand=-
4811_g               -            660 32074                -            859   7.1e-08   29.1   0.1   1   3   1.1e-06   0.00029   17.1   0.0   481   589   103   214    98   221 0.81 length=661	scaffold=chromosome9	strand=-
4811_g               -            660 32074                -            859   7.1e-08   29.1   0.1   2   3       0.2        53   -0.3   0.0   212   265   368   419   359   431 0.68 length=661	scaffold=chromosome9	strand=-
4811_g               -            660 32074                -            859   7.1e-08   29.1   0.1   3   3   0.00044      0.11    8.5   0.0   190   311   429   543   391   576 0.60 length=661	scaffold=chromosome9	strand=-
3290_g               -            324 32074                -            859   9.8e-08   28.6   1.2   1   2    0.0017      0.44    6.6   2.2   452   590    34   171    27   193 0.64 length=325	scaffold=chromosome5	strand=-
3290_g               -            324 32074                -            859   9.8e-08   28.6   1.2   2   2   5.3e-07   0.00014   18.2   0.0   453   565   202   320   191   324 0.80 length=325	scaffold=chromosome5	strand=-
2915_g               -            327 32074                -            859   1.8e-07   27.7   0.2   1   4      0.18        47   -0.1   0.0   258   290     9    41     7    47 0.89 length=328	scaffold=chromosome3	strand=-
2915_g               -            327 32074                -            859   1.8e-07   27.7   0.2   2   4     0.019         5    3.1   0.0   145   231    34   111    26   150 0.63 length=328	scaffold=chromosome3	strand=-
2915_g               -            327 32074                -            859   1.8e-07   27.7   0.2   3   4   5.5e-06    0.0014   14.8   0.1   229   280   155   205   124   210 0.81 length=328	scaffold=chromosome3	strand=-
2915_g               -            327 32074                -            859   1.8e-07   27.7   0.2   4   4     0.005       1.3    5.0   0.0   227   293   255   322   236   325 0.81 length=328	scaffold=chromosome3	strand=-
817_g                -            363 32074                -            859   3.9e-07   26.6   0.0   1   2     4e-06     0.001   15.3   0.1   179   290    30   144     9   152 0.55 length=364	scaffold=chromosome12	strand=+
817_g                -            363 32074                -            859   3.9e-07   26.6   0.0   2   2   0.00025     0.066    9.3   0.0   182   315   187   324   180   352 0.70 length=364	scaffold=chromosome12	strand=+
3755_g               -           1013 32074                -            859   7.8e-07   25.6   7.2   1   5    0.0004       0.1    8.7   0.1   541   584    16    59     5    86 0.62 length=1014	scaffold=chromosome7	strand=-
3755_g               -           1013 32074                -            859   7.8e-07   25.6   7.2   2   5   5.4e-06    0.0014   14.9   0.3   206   287   184   262   136   267 0.87 length=1014	scaffold=chromosome7	strand=-
3755_g               -           1013 32074                -            859   7.8e-07   25.6   7.2   3   5   0.00033     0.086    8.9   0.1   467   515   244   292   233   316 0.82 length=1014	scaffold=chromosome7	strand=-
3755_g               -           1013 32074                -            859   7.8e-07   25.6   7.2   4   5      0.11        27    0.7   0.1    18   114   360   453   355   477 0.71 length=1014	scaffold=chromosome7	strand=-
3755_g               -           1013 32074                -            859   7.8e-07   25.6   7.2   5   5      0.27        70   -0.7   0.0   511   562   439   488   422   493 0.81 length=1014	scaffold=chromosome7	strand=-
2698_g               -            561 32074                -            859   1.5e-06   24.6   0.1   1   3    0.0063       1.6    4.7   0.0   449   569   261   395   251   400 0.64 length=562	scaffold=chromosome2	strand=+
2698_g               -            561 32074                -            859   1.5e-06   24.6   0.1   2   3   2.1e-07   5.3e-05   19.5   0.0   178   275   376   469   338   483 0.84 length=562	scaffold=chromosome2	strand=+
2698_g               -            561 32074                -            859   1.5e-06   24.6   0.1   3   3       1.4   3.5e+02   -3.0   0.0   270   289   523   543   505   549 0.62 length=562	scaffold=chromosome2	strand=+
977_g                -            533 32074                -            859   2.7e-05   20.5   0.1   1   2     0.077        20    1.1   0.0   510   531   273   294   265   314 0.74 length=534	scaffold=chromosome12	strand=+
977_g                -            533 32074                -            859   2.7e-05   20.5   0.1   2   2   4.2e-05     0.011   11.9   0.1   111   278   330   494   326   532 0.63 length=534	scaffold=chromosome12	strand=+
845_g                -            644 32074                -            859   6.3e-05   19.3   0.2   1   2      0.73   1.9e+02   -2.1   0.0   548   568   251   271   244   301 0.65 length=645	scaffold=chromosome12	strand=-
845_g                -            644 32074                -            859   6.3e-05   19.3   0.2   2   2   1.2e-06   0.00031   17.0   0.0   184   290   447   548   421   558 0.83 length=645	scaffold=chromosome12	strand=-
2374_g               -            472 32074                -            859   0.00011   18.5   1.4   1   2   1.7e-05    0.0045   13.2   0.3   194   290   198   290   178   303 0.69 length=473	scaffold=chromosome14	strand=-
2374_g               -            472 32074                -            859   0.00011   18.5   1.4   2   2     0.011       2.8    3.9   0.1   227   295   322   394   287   402 0.80 length=473	scaffold=chromosome14	strand=-
2350_g               -            507 32074                -            859   0.00011   18.4   0.4   1   1   8.7e-07   0.00023   17.5   0.4   208   292   277   361   265   374 0.65 length=508	scaffold=chromosome14	strand=+
680_g                -            353 32074                -            859   0.00012   18.4   0.0   1   1   5.8e-07   0.00015   18.1   0.0   176   298   152   267   135   304 0.82 length=354	scaffold=chromosome11	strand=+
3689_g               -            431 32074                -            859   0.00022   17.5   0.0   1   2   1.2e-05     0.003   13.7   0.0   137   278   155   283   149   294 0.80 length=432	scaffold=chromosome6	strand=+
3689_g               -            431 32074                -            859   0.00022   17.5   0.0   2   2     0.031       8.1    2.4   0.0   465   564   275   376   259   381 0.58 length=432	scaffold=chromosome6	strand=+
4538_g               -            464 32074                -            859   0.00049   16.3   0.6   1   3      0.77     2e+02   -2.2   0.0   257   288   109   139    45   143 0.73 length=465	scaffold=chromosome9	strand=-
4538_g               -            464 32074                -            859   0.00049   16.3   0.6   2   3    0.0015      0.38    6.8   0.0   257   290   212   245   191   255 0.85 length=465	scaffold=chromosome9	strand=-
4538_g               -            464 32074                -            859   0.00049   16.3   0.6   3   3     0.001      0.27    7.3   0.0   226   290   334   396   274   404 0.71 length=465	scaffold=chromosome9	strand=-
4428_g               -            616 32074                -            859    0.0026   14.0   0.0   1   3     0.014       3.5    3.6   0.0   452   488    39    72    36    86 0.89 length=617	scaffold=chromosome9	strand=-
4428_g               -            616 32074                -            859    0.0026   14.0   0.0   2   3     0.014       3.6    3.6   0.1   470   568   133   231   113   261 0.65 length=617	scaffold=chromosome9	strand=-
4428_g               -            616 32074                -            859    0.0026   14.0   0.0   3   3    0.0078         2    4.4   0.0   142   290   182   322   180   328 0.68 length=617	scaffold=chromosome9	strand=-
2282_g               -            445 32074                -            859    0.0039   13.4   0.1   1   2    0.0003     0.079    9.1   0.0   228   311    87   172    69   178 0.85 length=446	scaffold=chromosome14	strand=-
2282_g               -            445 32074                -            859    0.0039   13.4   0.1   2   2     0.019         5    3.1   0.0   219   261   174   215   156   244 0.68 length=446	scaffold=chromosome14	strand=-
#
# Program:         hmmsearch
# Version:         3.4 (Aug 2023)
# Pipeline mode:   SEARCH
# Query file:      /home/inf-20-2025/Malaria/busco_downloads/lineages/apicomplexa_odb12/hmms/32074at5794.hmm
# Target file:     /home/inf-20-2025/Malaria/Results/6_nobird_annotation/P_vivax.faa
# Option settings: hmmsearch --domtblout Results/8_busco/P_vivax/run_apicomplexa_odb12/hmmer_output/initial_run_results/32074at5794.out --cpu 1 /home/inf-20-2025/Malaria/busco_downloads/lineages/apicomplexa_odb12/hmms/32074at5794.hmm /home/inf-20-2025/Malaria/Results/6_nobird_annotation/P_vivax.faa 
# Current dir:     /home/inf-20-2025/Malaria
# Date:            Wed Mar  4 18:32:03 2026
# [ok]
