#                                                                            --- full sequence --- -------------- this domain -------------   hmm coord   ali coord   env coord
# target name        accession   tlen query name           accession   qlen   E-value  score  bias   #  of  c-Evalue  i-Evalue  score  bias  from    to  from    to  from    to  acc description of target
#------------------- ---------- ----- -------------------- ---------- ----- --------- ------ ----- --- --- --------- --------- ------ ----- ----- ----- ----- ----- ----- ----- ---- ---------------------
1201_g               -            439 32326                -            380  4.2e-161  534.5  10.7   1   1  2.8e-161  7.4e-159  527.1  10.7     2   380     7   438     6   438 0.89 length=440	scaffold=chromosome12	strand=+
2584_g               -           1089 32326                -            380  1.4e-109  364.9   1.6   1   2   8.7e-53   2.4e-50  169.9   0.1    92   304   468   698   458   714 0.94 length=1090	scaffold=chromosome1	strand=-
2584_g               -           1089 32326                -            380  1.4e-109  364.9   1.6   2   2   1.1e-58   3.1e-56  189.3   0.1    93   378   789  1085   767  1087 0.87 length=1090	scaffold=chromosome1	strand=-
577_g                -            822 32326                -            380   2.5e-99  331.1   0.0   1   2   8.9e-46   2.4e-43  146.9   0.0    93   305   200   430   191   464 0.92 length=823	scaffold=chromosome11	strand=+
577_g                -            822 32326                -            380   2.5e-99  331.1   0.0   2   2   5.2e-55   1.4e-52  177.3   0.0    91   376   471   783   443   785 0.84 length=823	scaffold=chromosome11	strand=+
1739_g               -           1186 32326                -            380     7e-70  234.2  13.9   1   5       3.8     1e+03   -3.3   0.0   128   142   395   409   394   422 0.80 length=1187	scaffold=chromosome13	strand=-
1739_g               -           1186 32326                -            380     7e-70  234.2  13.9   2   5   1.1e-26   3.1e-24   84.0   2.5   161   305   486   628   467   640 0.87 length=1187	scaffold=chromosome13	strand=-
1739_g               -           1186 32326                -            380     7e-70  234.2  13.9   3   5   8.1e-46   2.2e-43  147.0   0.2    95   265   774   963   766   970 0.90 length=1187	scaffold=chromosome13	strand=-
1739_g               -           1186 32326                -            380     7e-70  234.2  13.9   4   5    0.0056       1.5    6.0   0.0   275   309  1101  1139  1092  1147 0.74 length=1187	scaffold=chromosome13	strand=-
1739_g               -           1186 32326                -            380     7e-70  234.2  13.9   5   5      0.77   2.1e+02   -1.0   0.0   345   375  1153  1183  1147  1185 0.89 length=1187	scaffold=chromosome13	strand=-
2069_g               -           1070 32326                -            380   2.7e-57  192.8  13.3   1   3   6.6e-09   1.8e-06   25.5   0.1    71   270   184   389   156   409 0.69 length=1071	scaffold=chromosome14	strand=+
2069_g               -           1070 32326                -            380   2.7e-57  192.8  13.3   2   3   5.4e-53   1.5e-50  170.6   3.3    68   306   542   798   505   803 0.88 length=1071	scaffold=chromosome14	strand=+
2069_g               -           1070 32326                -            380   2.7e-57  192.8  13.3   3   3      0.52   1.4e+02   -0.5   0.2   334   376  1028  1069  1003  1070 0.73 length=1071	scaffold=chromosome14	strand=+
2867_g               -            700 32326                -            380   5.7e-54  181.9   1.5   1   1   1.4e-54   3.7e-52  175.9   1.1    91   294   415   639   400   643 0.87 length=701	scaffold=chromosome3	strand=-
3370_g               -            392 32326                -            380   9.4e-47  158.1   4.5   1   3       3.5   9.6e+02   -3.2   1.2    55    98    10    53     5    59 0.64 length=393	scaffold=chromosome5	strand=-
3370_g               -            392 32326                -            380   9.4e-47  158.1   4.5   2   3   9.3e-09   2.5e-06   25.0   0.0    84   127   122   165   104   171 0.90 length=393	scaffold=chromosome5	strand=-
3370_g               -            392 32326                -            380   9.4e-47  158.1   4.5   3   3   5.3e-42   1.4e-39  134.5   0.1   127   305   183   364   176   382 0.93 length=393	scaffold=chromosome5	strand=-
2370_g               -            904 32326                -            380   3.9e-45  152.8   0.0   1   1   8.3e-47   2.2e-44  150.3   0.0    81   306   150   398   125   409 0.79 length=905	scaffold=chromosome14	strand=+
1901_g               -            393 32326                -            380     1e-43  148.1   4.2   1   2       3.3   8.8e+02   -3.1   0.7    69    84    11    26     2    67 0.41 length=394	scaffold=chromosome14	strand=-
1901_g               -            393 32326                -            380     1e-43  148.1   4.2   2   2   6.6e-46   1.8e-43  147.3   0.1    91   319   128   373   117   388 0.86 length=394	scaffold=chromosome14	strand=-
2450_g               -            424 32326                -            380   1.4e-41  141.1   1.0   1   2       1.6   4.4e+02   -2.1   0.7    58    97    43    82    27    89 0.64 length=425	scaffold=chromosome14	strand=-
2450_g               -            424 32326                -            380   1.4e-41  141.1   1.0   2   2   5.2e-44   1.4e-41  141.1   1.0    92   306   160   394   137   422 0.86 length=425	scaffold=chromosome14	strand=-
1134_g               -            702 32326                -            380   6.2e-41  138.9   0.2   1   3       2.3   6.3e+02   -2.6   1.0    32    94    44   104    31   117 0.64 length=703	scaffold=chromosome12	strand=+
1134_g               -            702 32326                -            380   6.2e-41  138.9   0.2   2   3   2.3e-43   6.2e-41  138.9   0.2    87   301   237   468   222   489 0.85 length=703	scaffold=chromosome12	strand=+
1134_g               -            702 32326                -            380   6.2e-41  138.9   0.2   3   3       2.4   6.5e+02   -2.6   0.7    32    81   605   653   586   684 0.50 length=703	scaffold=chromosome12	strand=+
4663_g               -            441 32326                -            380   6.6e-41  138.8   3.1   1   2       4.8   1.3e+03   -3.6   0.6    68    95    35    62    14    71 0.45 length=442	scaffold=chromosome9	strand=+
4663_g               -            441 32326                -            380   6.6e-41  138.8   3.1   2   2   3.7e-43   9.9e-41  138.3   0.1    82   304   170   413   165   424 0.88 length=442	scaffold=chromosome9	strand=+
4130_g               -            447 32326                -            380   9.8e-41  138.3   0.0   1   1   6.8e-42   1.8e-39  134.1   0.0    91   306   182   419   163   432 0.87 length=448	scaffold=chromosome8	strand=-
1948_g               -            420 32326                -            380     7e-40  135.5   0.1   1   1   2.4e-41   6.4e-39  132.3   0.1    85   309   147   392   141   415 0.85 length=421	scaffold=chromosome14	strand=-
4570_g               -            950 32326                -            380   2.2e-38  130.6   0.0   1   1   2.5e-40   6.7e-38  129.0   0.0    91   305   393   634   363   642 0.83 length=951	scaffold=chromosome9	strand=-
4403_g               -            785 32326                -            380   1.3e-26   91.8   1.8   1   2   4.1e-27   1.1e-24   85.4   0.1   127   306   300   495   298   523 0.83 length=786	scaffold=chromosome8	strand=+
4403_g               -            785 32326                -            380   1.3e-26   91.8   1.8   2   2    0.0077       2.1    5.5   0.2   127   274   581   730   574   770 0.75 length=786	scaffold=chromosome8	strand=+
2636_g               -           2248 32326                -            380   5.2e-16   56.9   0.1   1   4         1   2.8e+02   -1.4   0.2    44   290   688   740   676   766 0.56 length=2249	scaffold=chromosome1	strand=-
2636_g               -           2248 32326                -            380   5.2e-16   56.9   0.1   2   4     9e-16   2.4e-13   48.1   0.0   127   225  1683  1789  1674  1792 0.82 length=2249	scaffold=chromosome1	strand=-
2636_g               -           2248 32326                -            380   5.2e-16   56.9   0.1   3   4   2.4e-06   0.00066   17.1   0.0   217   264  1864  1913  1853  1918 0.89 length=2249	scaffold=chromosome1	strand=-
2636_g               -           2248 32326                -            380   5.2e-16   56.9   0.1   4   4      0.43   1.2e+02   -0.2   0.0   276   317  2023  2064  2016  2091 0.76 length=2249	scaffold=chromosome1	strand=-
2617_g               -            988 32326                -            380   9.4e-16   56.1   0.0   1   2    0.0006      0.16    9.2   0.0   251   298   539   586   533   594 0.89 length=989	scaffold=chromosome1	strand=+
2617_g               -            988 32326                -            380   9.4e-16   56.1   0.0   2   2   1.4e-14   3.7e-12   44.2   0.0   127   226   757   861   753   865 0.85 length=989	scaffold=chromosome1	strand=+
4750_g               -            627 32326                -            380   1.5e-14   52.1   0.2   1   2   3.9e-16     1e-13   49.3   0.3   127   271   356   516   354   532 0.72 length=628	scaffold=chromosome9	strand=-
4750_g               -            627 32326                -            380   1.5e-14   52.1   0.2   2   2      0.24        64    0.7   0.0   248   287   526   566   520   575 0.86 length=628	scaffold=chromosome9	strand=-
1152_g               -            707 32326                -            380   4.1e-05   21.0   0.0   1   1     3e-07     8e-05   20.1   0.0   145   187   597   639   590   650 0.86 length=708	scaffold=chromosome12	strand=+
1799_g               -           1222 32326                -            380   0.00041   17.8   2.0   1   2   6.2e-06    0.0017   15.7   0.0   154   192   555   593   539   608 0.79 length=1223	scaffold=chromosome13	strand=-
1799_g               -           1222 32326                -            380   0.00041   17.8   2.0   2   2       1.2   3.1e+02   -1.6   2.4    41    96   788   842   784   848 0.82 length=1223	scaffold=chromosome13	strand=-
#
# Program:         hmmsearch
# Version:         3.4 (Aug 2023)
# Pipeline mode:   SEARCH
# Query file:      /home/inf-20-2025/Malaria/busco_downloads/lineages/apicomplexa_odb12/hmms/32326at5794.hmm
# Target file:     /home/inf-20-2025/Malaria/Results/6_nobird_annotation/P_vivax.faa
# Option settings: hmmsearch --domtblout Results/8_busco/P_vivax/run_apicomplexa_odb12/hmmer_output/initial_run_results/32326at5794.out --cpu 1 /home/inf-20-2025/Malaria/busco_downloads/lineages/apicomplexa_odb12/hmms/32326at5794.hmm /home/inf-20-2025/Malaria/Results/6_nobird_annotation/P_vivax.faa 
# Current dir:     /home/inf-20-2025/Malaria
# Date:            Wed Mar  4 18:32:03 2026
# [ok]
