#                                                                            --- full sequence --- -------------- this domain -------------   hmm coord   ali coord   env coord
# target name        accession   tlen query name           accession   qlen   E-value  score  bias   #  of  c-Evalue  i-Evalue  score  bias  from    to  from    to  from    to  acc description of target
#------------------- ---------- ----- -------------------- ---------- ----- --------- ------ ----- --- --- --------- --------- ------ ----- ----- ----- ----- ----- ----- ----- ---- ---------------------
1988_g               -            375 32682                -            260    1e-108  360.9   0.9   1   2  5.4e-108  5.1e-105  348.8   0.1     1   236     1   239     1   252 0.96 length=376	scaffold=chromosome14	strand=+
1988_g               -            375 32682                -            260    1e-108  360.9   0.9   2   2   6.7e-05     0.064   10.9   0.1   236   259   336   359   331   360 0.86 length=376	scaffold=chromosome14	strand=+
4656_g               -           2333 32682                -            260   0.00054   17.7   0.0   1   1   1.1e-06     0.001   16.8   0.0    85   178   296   388   289   407 0.88 length=2334	scaffold=chromosome9	strand=-
2283_g               -            376 32682                -            260    0.0011   16.7   0.0   1   1     2e-06    0.0019   15.9   0.0    91   157   195   261   186   287 0.85 length=377	scaffold=chromosome14	strand=+
1793_g               -            341 32682                -            260    0.0092   13.7   0.0   1   1   1.4e-05     0.013   13.2   0.0    93   207   184   301   181   314 0.80 length=342	scaffold=chromosome13	strand=-
1870_g               -            223 32682                -            260     0.019   12.6   0.0   1   1     3e-05     0.029   12.1   0.0    99   158    52   115    43   131 0.83 length=224	scaffold=chromosome14	strand=+
1710_g               -            417 32682                -            260     0.043   11.5   0.0   1   1   7.6e-05     0.072   10.7   0.0    88   161    99   169    82   179 0.87 length=418	scaffold=chromosome13	strand=-
#
# Program:         hmmsearch
# Version:         3.4 (Aug 2023)
# Pipeline mode:   SEARCH
# Query file:      /home/inf-20-2025/Malaria/busco_downloads/lineages/apicomplexa_odb12/hmms/32682at5794.hmm
# Target file:     /home/inf-20-2025/Malaria/Results/6_nobird_annotation/P_vivax.faa
# Option settings: hmmsearch --domtblout Results/8_busco/P_vivax/run_apicomplexa_odb12/hmmer_output/initial_run_results/32682at5794.out --cpu 1 /home/inf-20-2025/Malaria/busco_downloads/lineages/apicomplexa_odb12/hmms/32682at5794.hmm /home/inf-20-2025/Malaria/Results/6_nobird_annotation/P_vivax.faa 
# Current dir:     /home/inf-20-2025/Malaria
# Date:            Wed Mar  4 18:32:10 2026
# [ok]
