#                                                                            --- full sequence --- -------------- this domain -------------   hmm coord   ali coord   env coord
# target name        accession   tlen query name           accession   qlen   E-value  score  bias   #  of  c-Evalue  i-Evalue  score  bias  from    to  from    to  from    to  acc description of target
#------------------- ---------- ----- -------------------- ---------- ----- --------- ------ ----- --- --- --------- --------- ------ ----- ----- ----- ----- ----- ----- ----- ---- ---------------------
1020_g               -           1075 3276                 -            608  1.7e-170  566.7  34.3   1   6   6.6e-18   9.4e-15   52.4   0.1     1    84    95   182    95   190 0.88 length=1076	scaffold=chromosome12	strand=+
1020_g               -           1075 3276                 -            608  1.7e-170  566.7  34.3   2   6   1.1e-27   1.6e-24   84.6   2.9    77   157   213   300   194   305 0.85 length=1076	scaffold=chromosome12	strand=+
1020_g               -           1075 3276                 -            608  1.7e-170  566.7  34.3   3   6   1.1e-66   1.5e-63  213.5   6.1   155   375   342   569   340   572 0.95 length=1076	scaffold=chromosome12	strand=+
1020_g               -           1075 3276                 -            608  1.7e-170  566.7  34.3   4   6   4.9e-30     7e-27   92.4   3.2   375   487   679   802   668   814 0.85 length=1076	scaffold=chromosome12	strand=+
1020_g               -           1075 3276                 -            608  1.7e-170  566.7  34.3   5   6   1.8e-21   2.5e-18   64.2   0.0   483   531   852   900   842   909 0.88 length=1076	scaffold=chromosome12	strand=+
1020_g               -           1075 3276                 -            608  1.7e-170  566.7  34.3   6   6   4.1e-24   5.8e-21   72.9   0.0   533   597   942  1006   933  1011 0.92 length=1076	scaffold=chromosome12	strand=+
1783_g               -           1103 3276                 -            608   4.7e-87  291.2  35.1   1   3     1e-45   1.5e-42  144.2   7.1     1   262    56   314    56   355 0.76 length=1104	scaffold=chromosome13	strand=+
1783_g               -           1103 3276                 -            608   4.7e-87  291.2  35.1   2   3   9.7e-29   1.4e-25   88.1  14.1   228   528   369   695   350   711 0.73 length=1104	scaffold=chromosome13	strand=+
1783_g               -           1103 3276                 -            608   4.7e-87  291.2  35.1   3   3   4.9e-20     7e-17   59.4   0.3   541   607   748   814   736   815 0.93 length=1104	scaffold=chromosome13	strand=+
4022_g               -           1041 3276                 -            608   1.1e-43  148.0  25.4   1   3   1.8e-07   0.00026   17.9   4.8     1   163    40   215    40   220 0.58 length=1042	scaffold=chromosome7	strand=+
4022_g               -           1041 3276                 -            608   1.1e-43  148.0  25.4   2   3   2.7e-14   3.8e-11   40.4   6.8   103   274   213   404   206   421 0.78 length=1042	scaffold=chromosome7	strand=+
4022_g               -           1041 3276                 -            608   1.1e-43  148.0  25.4   3   3   4.9e-31     7e-28   95.7   0.6   377   591   730   985   718   996 0.81 length=1042	scaffold=chromosome7	strand=+
3644_g               -           1149 3276                 -            608     0.021   11.5   0.0   1   1     3e-05     0.042   10.6   0.0     3    25   744   766   742   772 0.85 length=1150	scaffold=chromosome6	strand=-
#
# Program:         hmmsearch
# Version:         3.4 (Aug 2023)
# Pipeline mode:   SEARCH
# Query file:      /home/inf-20-2025/Malaria/busco_downloads/lineages/apicomplexa_odb12/hmms/3276at5794.hmm
# Target file:     /home/inf-20-2025/Malaria/Results/6_nobird_annotation/P_vivax.faa
# Option settings: hmmsearch --domtblout Results/8_busco/P_vivax/run_apicomplexa_odb12/hmmer_output/initial_run_results/3276at5794.out --cpu 1 /home/inf-20-2025/Malaria/busco_downloads/lineages/apicomplexa_odb12/hmms/3276at5794.hmm /home/inf-20-2025/Malaria/Results/6_nobird_annotation/P_vivax.faa 
# Current dir:     /home/inf-20-2025/Malaria
# Date:            Wed Mar  4 18:32:04 2026
# [ok]
