#                                                                            --- full sequence --- -------------- this domain -------------   hmm coord   ali coord   env coord
# target name        accession   tlen query name           accession   qlen   E-value  score  bias   #  of  c-Evalue  i-Evalue  score  bias  from    to  from    to  from    to  acc description of target
#------------------- ---------- ----- -------------------- ---------- ----- --------- ------ ----- --- --- --------- --------- ------ ----- ----- ----- ----- ----- ----- ----- ---- ---------------------
4666_g               -           1613 33274                -           1015  7.2e-263  873.2 128.2   1   6   5.3e-79     3e-76  255.4  36.0     2   321   228   588   227   617 0.79 length=1614	scaffold=chromosome9	strand=-
4666_g               -           1613 33274                -           1015  7.2e-263  873.2 128.2   2   6   1.8e-07    0.0001   18.6   8.0   288   387   651   757   629   759 0.65 length=1614	scaffold=chromosome9	strand=-
4666_g               -           1613 33274                -           1015  7.2e-263  873.2 128.2   3   6   7.8e-35   4.5e-32  109.1   7.8   349   472   742   873   723   876 0.84 length=1614	scaffold=chromosome9	strand=-
4666_g               -           1613 33274                -           1015  7.2e-263  873.2 128.2   4   6     5e-45   2.9e-42  142.9  30.2   470   719   924  1203   915  1207 0.81 length=1614	scaffold=chromosome9	strand=-
4666_g               -           1613 33274                -           1015  7.2e-263  873.2 128.2   5   6   4.1e-10   2.3e-07   27.3   9.0   666   774  1181  1288  1177  1294 0.85 length=1614	scaffold=chromosome9	strand=-
4666_g               -           1613 33274                -           1015  7.2e-263  873.2 128.2   6   6  7.5e-104  4.3e-101  337.6   8.9   785  1013  1374  1611  1356  1613 0.90 length=1614	scaffold=chromosome9	strand=-
211_g                -           1811 33274                -           1015   4.9e-84  281.1 119.5   1   4   3.2e-21   1.8e-18   64.1   0.4     2    65    56   125    55   139 0.91 length=1812	scaffold=chromosome10	strand=-
211_g                -           1811 33274                -           1015   4.9e-84  281.1 119.5   2   4   2.6e-14   1.5e-11   41.2  27.9    83   330   184   438   177   439 0.88 length=1812	scaffold=chromosome10	strand=-
211_g                -           1811 33274                -           1015   4.9e-84  281.1 119.5   3   4   9.3e-10   5.3e-07   26.1  79.8   161   824   364  1055   356  1057 0.78 length=1812	scaffold=chromosome10	strand=-
211_g                -           1811 33274                -           1015   4.9e-84  281.1 119.5   4   4     1e-50   5.9e-48  161.7   3.2   756  1011  1173  1425  1164  1428 0.88 length=1812	scaffold=chromosome10	strand=-
2013_g               -           1218 33274                -           1015     7e-62  207.8 130.2   1   4   3.8e-26   2.2e-23   80.4  15.9     3   284     2   320     1   322 0.78 length=1219	scaffold=chromosome14	strand=-
2013_g               -           1218 33274                -           1015     7e-62  207.8 130.2   2   4     0.047        27    0.6  60.7   550   847   210   507   207   517 0.77 length=1219	scaffold=chromosome14	strand=-
2013_g               -           1218 33274                -           1015     7e-62  207.8 130.2   3   4   3.9e-13   2.2e-10   37.3  35.5   470   737   615   879   521   886 0.85 length=1219	scaffold=chromosome14	strand=-
2013_g               -           1218 33274                -           1015     7e-62  207.8 130.2   4   4   1.5e-32   8.7e-30  101.6  16.4   691   990   882  1173   879  1174 0.90 length=1219	scaffold=chromosome14	strand=-
3373_g               -           2083 33274                -           1015   3.8e-27   92.8 124.9   1   3   1.9e-06    0.0011   15.2  44.3     3   345     2   359     1   383 0.79 length=2084	scaffold=chromosome5	strand=-
3373_g               -           2083 33274                -           1015   3.8e-27   92.8 124.9   2   3   8.7e-12   4.9e-09   32.9  73.9   244   853   351   990   350   995 0.67 length=2084	scaffold=chromosome5	strand=-
3373_g               -           2083 33274                -           1015   3.8e-27   92.8 124.9   3   3   3.3e-16   1.8e-13   47.5   0.1   915   982  1082  1152  1077  1159 0.88 length=2084	scaffold=chromosome5	strand=-
57_g                 -           1702 33274                -           1015     2e-08   30.8   5.6   1   4      0.73   4.1e+02   -3.3  14.0   228   336   496   608   467   637 0.62 length=1703	scaffold=chromosome10	strand=-
57_g                 -           1702 33274                -           1015     2e-08   30.8   5.6   2   4     0.023        13    1.7  21.0   175   282   634   741   617   767 0.67 length=1703	scaffold=chromosome10	strand=-
57_g                 -           1702 33274                -           1015     2e-08   30.8   5.6   3   4     0.011       6.2    2.7  17.7   225   405  1054  1234  1047  1239 0.77 length=1703	scaffold=chromosome10	strand=-
57_g                 -           1702 33274                -           1015     2e-08   30.8   5.6   4   4   3.5e-11     2e-08   30.8   5.6   820   967  1519  1664  1498  1679 0.81 length=1703	scaffold=chromosome10	strand=-
4608_g               -           1216 33274                -           1015   7.9e-07   25.5   0.0   1   6   0.00012     0.068    9.2  21.8   592   740   237   387   225   392 0.87 length=1217	scaffold=chromosome9	strand=+
4608_g               -           1216 33274                -           1015   7.9e-07   25.5   0.0   2   6    0.0095       5.4    2.9  10.7   585   742   388   544   386   556 0.82 length=1217	scaffold=chromosome9	strand=+
4608_g               -           1216 33274                -           1015   7.9e-07   25.5   0.0   3   6     0.012       6.6    2.6   0.0   387   434   551   598   543   606 0.86 length=1217	scaffold=chromosome9	strand=+
4608_g               -           1216 33274                -           1015   7.9e-07   25.5   0.0   4   6       1.2   6.5e+02   -4.0  11.5   664   734   750   824   744   871 0.42 length=1217	scaffold=chromosome9	strand=+
4608_g               -           1216 33274                -           1015   7.9e-07   25.5   0.0   5   6      0.11        61   -0.6  18.5   578   709   880  1009   867  1033 0.64 length=1217	scaffold=chromosome9	strand=+
4608_g               -           1216 33274                -           1015   7.9e-07   25.5   0.0   6   6   1.4e-09   7.9e-07   25.5   0.0   915   967  1074  1126  1061  1130 0.93 length=1217	scaffold=chromosome9	strand=+
4272_g               -           2966 33274                -           1015   0.00034   16.8   2.1   1   8    0.0009      0.51    6.3  42.6   567   859   135   418    99   444 0.87 length=2967	scaffold=chromosome8	strand=+
4272_g               -           2966 33274                -           1015   0.00034   16.8   2.1   2   8      0.66   3.7e+02   -3.2   4.3   628   735   521   623   508   658 0.68 length=2967	scaffold=chromosome8	strand=+
4272_g               -           2966 33274                -           1015   0.00034   16.8   2.1   3   8        10   5.7e+03   -8.6  33.8   175   383   917  1133   908  1138 0.54 length=2967	scaffold=chromosome8	strand=+
4272_g               -           2966 33274                -           1015   0.00034   16.8   2.1   4   8      0.46   2.6e+02   -2.6   1.9   650   709  1157  1215  1142  1232 0.63 length=2967	scaffold=chromosome8	strand=+
4272_g               -           2966 33274                -           1015   0.00034   16.8   2.1   5   8      0.13        75   -0.9  37.3   178   390  1220  1430  1210  1439 0.80 length=2967	scaffold=chromosome8	strand=+
4272_g               -           2966 33274                -           1015   0.00034   16.8   2.1   6   8        10   5.7e+03  -10.1  33.1   595   777  1440  1631  1430  1641 0.49 length=2967	scaffold=chromosome8	strand=+
4272_g               -           2966 33274                -           1015   0.00034   16.8   2.1   7   8     6e-07   0.00034   16.8   2.1   651   778  1676  1801  1669  1809 0.88 length=2967	scaffold=chromosome8	strand=+
4272_g               -           2966 33274                -           1015   0.00034   16.8   2.1   8   8     0.019        11    1.9   8.8   592   672  1840  1917  1832  1970 0.48 length=2967	scaffold=chromosome8	strand=+
828_g                -            216 33274                -           1015    0.0046   13.1  13.3   1   1   9.9e-06    0.0056   12.8  13.3   647   781    16   150     4   171 0.72 length=217	scaffold=chromosome12	strand=+
792_g                -           2735 33274                -           1015       1.6    4.7  21.5   1   3     0.026        15    1.5   0.1   826   897    43   119    20   121 0.71 length=2736	scaffold=chromosome12	strand=+
792_g                -           2735 33274                -           1015       1.6    4.7  21.5   2   3   0.00024      0.14    8.2  12.7   229   402   218   391   205   410 0.91 length=2736	scaffold=chromosome12	strand=+
792_g                -           2735 33274                -           1015       1.6    4.7  21.5   3   3      0.36     2e+02   -2.3   0.1   679   729  2348  2399  2338  2406 0.76 length=2736	scaffold=chromosome12	strand=+
244_g                -            480 33274                -           1015       5.3    3.0  23.3   1   2   2.4e-05     0.013   11.5   2.7   811   853    24    66    20    71 0.93 length=481	scaffold=chromosome10	strand=+
244_g                -            480 33274                -           1015       5.3    3.0  23.3   2   2       1.1   6.4e+02   -3.9  14.2   182   281    68   167    63   183 0.51 length=481	scaffold=chromosome10	strand=+
#
# Program:         hmmsearch
# Version:         3.4 (Aug 2023)
# Pipeline mode:   SEARCH
# Query file:      /home/inf-20-2025/Malaria/busco_downloads/lineages/apicomplexa_odb12/hmms/33274at5794.hmm
# Target file:     /home/inf-20-2025/Malaria/Results/6_nobird_annotation/P_vivax.faa
# Option settings: hmmsearch --domtblout Results/8_busco/P_vivax/run_apicomplexa_odb12/hmmer_output/initial_run_results/33274at5794.out --cpu 1 /home/inf-20-2025/Malaria/busco_downloads/lineages/apicomplexa_odb12/hmms/33274at5794.hmm /home/inf-20-2025/Malaria/Results/6_nobird_annotation/P_vivax.faa 
# Current dir:     /home/inf-20-2025/Malaria
# Date:            Wed Mar  4 18:32:07 2026
# [ok]
