#                                                                            --- full sequence --- -------------- this domain -------------   hmm coord   ali coord   env coord
# target name        accession   tlen query name           accession   qlen   E-value  score  bias   #  of  c-Evalue  i-Evalue  score  bias  from    to  from    to  from    to  acc description of target
#------------------- ---------- ----- -------------------- ---------- ----- --------- ------ ----- --- --- --------- --------- ------ ----- ----- ----- ----- ----- ----- ----- ---- ---------------------
4166_g               -            406 36738                -            271   1.9e-99  331.0  29.7   1   4   3.3e-27   1.5e-24   85.3   6.6     1    91     1    92     1   101 0.90 length=407	scaffold=chromosome8	strand=+
4166_g               -            406 36738                -            271   1.9e-99  331.0  29.7   2   4   9.7e-29   4.6e-26   90.3   1.5    77   173   106   202    93   205 0.90 length=407	scaffold=chromosome8	strand=+
4166_g               -            406 36738                -            271   1.9e-99  331.0  29.7   3   4     2e-23   9.7e-21   72.9   0.3   152   217   258   323   210   329 0.86 length=407	scaffold=chromosome8	strand=+
4166_g               -            406 36738                -            271   1.9e-99  331.0  29.7   4   4   9.3e-31   4.4e-28   97.0   1.6   210   270   344   404   339   405 0.95 length=407	scaffold=chromosome8	strand=+
1513_g               -            381 36738                -            271   1.1e-48  164.5  12.3   1   5   1.3e-11   6.2e-09   34.2   0.1     1    62     1    63     1    72 0.90 length=382	scaffold=chromosome13	strand=+
1513_g               -            381 36738                -            271   1.1e-48  164.5  12.3   2   5   1.6e-11   7.3e-09   33.9   0.1     1    62    77   139    77   148 0.90 length=382	scaffold=chromosome13	strand=+
1513_g               -            381 36738                -            271   1.1e-48  164.5  12.3   3   5   1.6e-11   7.3e-09   33.9   0.1     1    62   153   215   153   224 0.90 length=382	scaffold=chromosome13	strand=+
1513_g               -            381 36738                -            271   1.1e-48  164.5  12.3   4   5   1.6e-11   7.3e-09   33.9   0.1     1    62   229   291   229   300 0.90 length=382	scaffold=chromosome13	strand=+
1513_g               -            381 36738                -            271   1.1e-48  164.5  12.3   5   5   1.6e-11   7.3e-09   33.9   0.1     1    62   305   367   305   376 0.90 length=382	scaffold=chromosome13	strand=+
4509_g               -            394 36738                -            271   1.5e-09   36.2   6.3   1   4   2.5e-11   1.2e-08   33.3   0.0    10   101    12   101     3   120 0.70 length=395	scaffold=chromosome9	strand=-
4509_g               -            394 36738                -            271   1.5e-09   36.2   6.3   2   4     0.023        11    3.9   0.6   146   187   160   197   152   231 0.83 length=395	scaffold=chromosome9	strand=-
4509_g               -            394 36738                -            271   1.5e-09   36.2   6.3   3   4      0.45   2.1e+02   -0.4   0.1    61   117   262   317   247   345 0.62 length=395	scaffold=chromosome9	strand=-
4509_g               -            394 36738                -            271   1.5e-09   36.2   6.3   4   4       1.4   6.6e+02   -2.0   0.0   115   145   358   389   350   393 0.64 length=395	scaffold=chromosome9	strand=-
352_g                -            128 36738                -            271   5.9e-09   34.2   0.0   1   1   1.4e-11   6.5e-09   34.1   0.0     1    64     1    65     1    98 0.87 length=129	scaffold=chromosome11	strand=+
3905_g               -           1441 36738                -            271   9.5e-09   33.6   4.9   1   2     2e-11   9.5e-09   33.6   4.9     2   105     8   110     7   119 0.79 length=1442	scaffold=chromosome7	strand=+
3905_g               -           1441 36738                -            271   9.5e-09   33.6   4.9   2   2       6.2     3e+03   -4.1   4.5    63   111   442   490   419   506 0.62 length=1442	scaffold=chromosome7	strand=+
4679_g               -            869 36738                -            271   1.9e-06   26.0   5.4   1   2   1.3e-05     0.006   14.5   2.3     3    73   147   218   145   327 0.75 length=870	scaffold=chromosome9	strand=+
4679_g               -            869 36738                -            271   1.9e-06   26.0   5.4   2   2   0.00013      0.06   11.3   0.1   110   151   825   867   813   869 0.85 length=870	scaffold=chromosome9	strand=+
443_g                -            202 36738                -            271   0.00012   20.1   0.0   1   1   3.3e-07   0.00015   19.7   0.0   230   266   166   202   126   202 0.91 length=203	scaffold=chromosome11	strand=-
1979_g               -            190 36738                -            271   0.00022   19.3   0.8   1   2       2.5   1.2e+03   -2.8   0.0     8    26    37    55    32    67 0.74 length=191	scaffold=chromosome14	strand=-
1979_g               -            190 36738                -            271   0.00022   19.3   0.8   2   2     6e-07   0.00028   18.9   0.1    12    73   117   178   110   187 0.90 length=191	scaffold=chromosome14	strand=-
1837_g               -            149 36738                -            271   0.00049   18.1   0.3   1   1   1.2e-06   0.00059   17.8   0.3     1    71     1    71     1   105 0.73 length=150	scaffold=chromosome13	strand=+
38_g                 -            590 36738                -            271   0.00068   17.6   0.1   1   3   1.4e-06   0.00068   17.6   0.1     5    76     8    79     4   110 0.81 length=591	scaffold=chromosome10	strand=+
38_g                 -            590 36738                -            271   0.00068   17.6   0.1   2   3       1.8   8.4e+02   -2.4   0.1    86   120   256   288   206   328 0.65 length=591	scaffold=chromosome10	strand=+
38_g                 -            590 36738                -            271   0.00068   17.6   0.1   3   3      0.88   4.2e+02   -1.4   1.0    79   113   427   461   382   488 0.61 length=591	scaffold=chromosome10	strand=+
4622_g               -            261 36738                -            271    0.0074   14.2   0.0   1   1   2.2e-05      0.01   13.7   0.0    12    61    34    83    30   106 0.89 length=262	scaffold=chromosome9	strand=-
3365_g               -            392 36738                -            271     0.012   13.5   1.0   1   1   4.1e-05     0.019   12.9   1.0    15    88   120   199   115   246 0.66 length=393	scaffold=chromosome5	strand=+
#
# Program:         hmmsearch
# Version:         3.4 (Aug 2023)
# Pipeline mode:   SEARCH
# Query file:      /home/inf-20-2025/Malaria/busco_downloads/lineages/apicomplexa_odb12/hmms/36738at5794.hmm
# Target file:     /home/inf-20-2025/Malaria/Results/6_nobird_annotation/P_vivax.faa
# Option settings: hmmsearch --domtblout Results/8_busco/P_vivax/run_apicomplexa_odb12/hmmer_output/initial_run_results/36738at5794.out --cpu 1 /home/inf-20-2025/Malaria/busco_downloads/lineages/apicomplexa_odb12/hmms/36738at5794.hmm /home/inf-20-2025/Malaria/Results/6_nobird_annotation/P_vivax.faa 
# Current dir:     /home/inf-20-2025/Malaria
# Date:            Wed Mar  4 18:32:05 2026
# [ok]
