#                                                                            --- full sequence --- -------------- this domain -------------   hmm coord   ali coord   env coord
# target name        accession   tlen query name           accession   qlen   E-value  score  bias   #  of  c-Evalue  i-Evalue  score  bias  from    to  from    to  from    to  acc description of target
#------------------- ---------- ----- -------------------- ---------- ----- --------- ------ ----- --- --- --------- --------- ------ ----- ----- ----- ----- ----- ----- ----- ---- ---------------------
2867_g               -            700 37309                -            348  1.6e-159  528.7   6.9   1   2    0.0046       1.1    6.4   1.0     5    47   296   338   292   362 0.77 length=701	scaffold=chromosome3	strand=-
2867_g               -            700 37309                -            348  1.6e-159  528.7   6.9   2   2  4.8e-161  1.1e-158  525.9   0.6    14   347   359   699   346   700 0.92 length=701	scaffold=chromosome3	strand=-
2584_g               -           1089 37309                -            348    2e-112  373.8   0.7   1   2   1.8e-55   4.3e-53  178.7   0.1    44   299   447   700   409   708 0.84 length=1090	scaffold=chromosome1	strand=-
2584_g               -           1089 37309                -            348    2e-112  373.8   0.7   2   2     8e-60   1.9e-57  193.0   0.1    69   299   792  1021   761  1027 0.91 length=1090	scaffold=chromosome1	strand=-
577_g                -            822 37309                -            348  3.8e-104  346.6   0.0   1   2   1.5e-54   3.5e-52  175.7   0.0    70   336   204   470   196   475 0.90 length=823	scaffold=chromosome11	strand=+
577_g                -            822 37309                -            348  3.8e-104  346.6   0.0   2   2   2.3e-52   5.4e-50  168.5   0.0    70   299   477   707   472   716 0.91 length=823	scaffold=chromosome11	strand=+
1201_g               -            439 37309                -            348   2.1e-66  222.5   0.0   1   2   7.1e-66   1.7e-63  212.9   0.0    17   290    60   349    45   361 0.83 length=440	scaffold=chromosome12	strand=+
1201_g               -            439 37309                -            348   2.1e-66  222.5   0.0   2   2    0.0047       1.1    6.3   0.0   315   347   402   436   389   437 0.83 length=440	scaffold=chromosome12	strand=+
1739_g               -           1186 37309                -            348   8.8e-66  220.4   5.5   1   4   2.7e-05    0.0064   13.7   0.0    64   124   340   401   309   419 0.84 length=1187	scaffold=chromosome13	strand=-
1739_g               -           1186 37309                -            348   8.8e-66  220.4   5.5   2   4   2.7e-15   6.3e-13   46.6   0.9   155   287   490   617   483   631 0.82 length=1187	scaffold=chromosome13	strand=-
1739_g               -           1186 37309                -            348   8.8e-66  220.4   5.5   3   4   1.5e-46   3.5e-44  149.4   0.0    69   253   775   961   753   969 0.94 length=1187	scaffold=chromosome13	strand=-
1739_g               -           1186 37309                -            348   8.8e-66  220.4   5.5   4   4   0.00061      0.15    9.2   0.1   269   343  1102  1182  1096  1185 0.79 length=1187	scaffold=chromosome13	strand=-
2069_g               -           1070 37309                -            348     2e-57  193.0   2.7   1   2   1.1e-09   2.5e-07   28.2   0.1    15   249   158   378   137   394 0.68 length=1071	scaffold=chromosome14	strand=+
2069_g               -           1070 37309                -            348     2e-57  193.0   2.7   2   2   4.5e-51   1.1e-48  164.2   0.5    23   288   513   787   495   803 0.78 length=1071	scaffold=chromosome14	strand=+
1901_g               -            393 37309                -            348   9.4e-50  167.7   0.1   1   2       1.1   2.7e+02   -1.5   1.1    37    84     4    51     1    74 0.66 length=394	scaffold=chromosome14	strand=-
1901_g               -            393 37309                -            348   9.4e-50  167.7   0.1   2   2     4e-52   9.4e-50  167.7   0.1    65   292   129   357   104   383 0.89 length=394	scaffold=chromosome14	strand=-
2450_g               -            424 37309                -            348     1e-46  157.8   0.1   1   2       1.1   2.6e+02   -1.4   0.4     9    46    31    68    18   104 0.55 length=425	scaffold=chromosome14	strand=-
2450_g               -            424 37309                -            348     1e-46  157.8   0.1   2   2   4.2e-49     1e-46  157.8   0.1    63   293   156   388   116   402 0.85 length=425	scaffold=chromosome14	strand=-
4663_g               -            441 37309                -            348   9.8e-46  154.5   0.8   1   2       3.4     8e+02   -3.1   0.4    64    91    32    59     8    71 0.44 length=442	scaffold=chromosome9	strand=+
4663_g               -            441 37309                -            348   9.8e-46  154.5   0.8   2   2   5.5e-48   1.3e-45  154.1   0.0    46   290   159   406   144   431 0.88 length=442	scaffold=chromosome9	strand=+
4130_g               -            447 37309                -            348   5.6e-45  152.0   0.0   1   1   3.7e-47   8.7e-45  151.4   0.0    63   290   180   410   159   423 0.85 length=448	scaffold=chromosome8	strand=-
3370_g               -            392 37309                -            348   1.9e-43  147.0   0.1   1   1   1.2e-45   2.9e-43  146.4   0.1    46   289   111   355    77   366 0.86 length=393	scaffold=chromosome5	strand=-
1134_g               -            702 37309                -            348   3.5e-43  146.1   0.2   1   2       3.5   8.2e+02   -3.1   0.1   287   313    66    92    28   110 0.66 length=703	scaffold=chromosome12	strand=+
1134_g               -            702 37309                -            348   3.5e-43  146.1   0.2   2   2   1.5e-45   3.5e-43  146.1   0.2    68   289   245   463   224   482 0.90 length=703	scaffold=chromosome12	strand=+
2370_g               -            904 37309                -            348   1.5e-42  144.0   0.0   1   1   1.6e-44   3.8e-42  142.7   0.0    70   289   166   388   121   399 0.89 length=905	scaffold=chromosome14	strand=+
1948_g               -            420 37309                -            348   1.3e-40  137.7   0.0   1   1   7.6e-43   1.8e-40  137.2   0.0    46   292   135   382   107   392 0.81 length=421	scaffold=chromosome14	strand=-
4570_g               -            950 37309                -            348   2.6e-37  126.8   0.0   1   1   1.9e-39   4.4e-37  126.1   0.0    55   286   384   622   370   631 0.90 length=951	scaffold=chromosome9	strand=-
4403_g               -            785 37309                -            348   2.7e-37  126.8   0.7   1   2   8.8e-35   2.1e-32  110.7   0.0   104   337   287   531   245   536 0.86 length=786	scaffold=chromosome8	strand=+
4403_g               -            785 37309                -            348   2.7e-37  126.8   0.7   2   2   1.7e-05    0.0041   14.4   0.1   108   182   572   647   566   765 0.68 length=786	scaffold=chromosome8	strand=+
4750_g               -            627 37309                -            348   1.2e-17   62.2   0.0   1   2   8.7e-18     2e-15   54.8   0.0   107   259   346   518   260   529 0.81 length=628	scaffold=chromosome9	strand=-
4750_g               -            627 37309                -            348   1.2e-17   62.2   0.0   2   2    0.0091       2.1    5.4   0.0   240   328   528   611   525   625 0.78 length=628	scaffold=chromosome9	strand=-
2617_g               -            988 37309                -            348   9.6e-13   46.0   0.0   1   2     0.019       4.4    4.4   0.0   249   303   547   598   533   604 0.74 length=989	scaffold=chromosome1	strand=+
2617_g               -            988 37309                -            348   9.6e-13   46.0   0.0   2   2   4.9e-13   1.2e-10   39.2   0.0   105   211   745   856   742   870 0.83 length=989	scaffold=chromosome1	strand=+
2636_g               -           2248 37309                -            348   1.1e-12   45.8   0.0   1   2   6.4e-13   1.5e-10   38.8   0.0   107   203  1673  1777  1669  1792 0.78 length=2249	scaffold=chromosome1	strand=-
2636_g               -           2248 37309                -            348   1.1e-12   45.8   0.0   2   2   8.9e-06    0.0021   15.3   0.0   208   254  1865  1913  1859  1922 0.87 length=2249	scaffold=chromosome1	strand=-
3770_g               -            824 37309                -            348   7.1e-07   26.7   7.1   1   3     4e-08   9.5e-06   23.0   0.2    26   162   352   491   332   496 0.75 length=825	scaffold=chromosome7	strand=-
3770_g               -            824 37309                -            348   7.1e-07   26.7   7.1   2   3       1.2   2.7e+02   -1.5   0.4    18    62   571   609   553   626 0.40 length=825	scaffold=chromosome7	strand=-
3770_g               -            824 37309                -            348   7.1e-07   26.7   7.1   3   3    0.0034      0.81    6.8   0.1   160   183   623   646   614   674 0.78 length=825	scaffold=chromosome7	strand=-
1799_g               -           1222 37309                -            348   0.00019   18.7   0.1   1   2   1.3e-05    0.0031   14.8   0.0   131   180   540   591   509   601 0.88 length=1223	scaffold=chromosome13	strand=-
1799_g               -           1222 37309                -            348   0.00019   18.7   0.1   2   2      0.19        44    1.1   0.1    41   126   803   884   767   892 0.54 length=1223	scaffold=chromosome13	strand=-
1152_g               -            707 37309                -            348   0.00044   17.5   0.0   1   1   3.5e-06   0.00083   16.6   0.0   142   182   604   644   593   654 0.90 length=708	scaffold=chromosome12	strand=+
386_g                -            483 37309                -            348    0.0015   15.8   0.3   1   2   2.7e-05    0.0065   13.7   0.0   106   156    63   115    49   122 0.87 length=484	scaffold=chromosome11	strand=+
386_g                -            483 37309                -            348    0.0015   15.8   0.3   2   2       2.4   5.6e+02   -2.6   0.0   166   175   290   299   286   301 0.85 length=484	scaffold=chromosome11	strand=+
2537_g               -            832 37309                -            348    0.0029   14.9   1.1   1   2   4.8e-05     0.011   12.9   0.0    38   136   367   465   341   473 0.71 length=833	scaffold=chromosome1	strand=-
2537_g               -            832 37309                -            348    0.0029   14.9   1.1   2   2      0.57   1.3e+02   -0.5   0.5    42    74   721   753   694   787 0.48 length=833	scaffold=chromosome1	strand=-
#
# Program:         hmmsearch
# Version:         3.4 (Aug 2023)
# Pipeline mode:   SEARCH
# Query file:      /home/inf-20-2025/Malaria/busco_downloads/lineages/apicomplexa_odb12/hmms/37309at5794.hmm
# Target file:     /home/inf-20-2025/Malaria/Results/6_nobird_annotation/P_vivax.faa
# Option settings: hmmsearch --domtblout Results/8_busco/P_vivax/run_apicomplexa_odb12/hmmer_output/initial_run_results/37309at5794.out --cpu 1 /home/inf-20-2025/Malaria/busco_downloads/lineages/apicomplexa_odb12/hmms/37309at5794.hmm /home/inf-20-2025/Malaria/Results/6_nobird_annotation/P_vivax.faa 
# Current dir:     /home/inf-20-2025/Malaria
# Date:            Wed Mar  4 18:32:05 2026
# [ok]
