#                                                                            --- full sequence --- -------------- this domain -------------   hmm coord   ali coord   env coord
# target name        accession   tlen query name           accession   qlen   E-value  score  bias   #  of  c-Evalue  i-Evalue  score  bias  from    to  from    to  from    to  acc description of target
#------------------- ---------- ----- -------------------- ---------- ----- --------- ------ ----- --- --- --------- --------- ------ ----- ----- ----- ----- ----- ----- ----- ---- ---------------------
2628_g               -           2696 3740                 -            239   1.5e-74  248.7   8.5   1   3   7.1e-31   1.3e-27   95.0   0.1     3    84  2110  2192  2108  2197 0.93 length=2697	scaffold=chromosome1	strand=+
2628_g               -           2696 3740                 -            239   1.5e-74  248.7   8.5   2   3   1.5e-21   2.8e-18   64.5   0.1    79   165  2237  2322  2207  2326 0.83 length=2697	scaffold=chromosome1	strand=+
2628_g               -           2696 3740                 -            239   1.5e-74  248.7   8.5   3   3     5e-30   9.5e-27   92.2   1.4   143   236  2493  2591  2488  2594 0.87 length=2697	scaffold=chromosome1	strand=+
3783_g               -            289 3740                 -            239   2.1e-32  110.7   0.8   1   1   1.6e-35     3e-32  110.2   0.8    22   218     3   183     1   195 0.90 length=290	scaffold=chromosome7	strand=-
145_g                -            545 3740                 -            239   3.2e-12   44.6   0.0   1   3     0.072   1.4e+02    0.0   0.0     3    23   104   124   102   127 0.81 length=546	scaffold=chromosome10	strand=-
145_g                -            545 3740                 -            239   3.2e-12   44.6   0.0   2   3   2.1e-07    0.0004   18.1   0.0    29    80   155   217   151   283 0.63 length=546	scaffold=chromosome10	strand=-
145_g                -            545 3740                 -            239   3.2e-12   44.6   0.0   3   3   1.4e-08   2.6e-05   22.0   0.0   151   218   415   488   405   497 0.90 length=546	scaffold=chromosome10	strand=-
#
# Program:         hmmsearch
# Version:         3.4 (Aug 2023)
# Pipeline mode:   SEARCH
# Query file:      /home/inf-20-2025/Malaria/busco_downloads/lineages/apicomplexa_odb12/hmms/3740at5794.hmm
# Target file:     /home/inf-20-2025/Malaria/Results/6_nobird_annotation/P_vivax.faa
# Option settings: hmmsearch --domtblout Results/8_busco/P_vivax/run_apicomplexa_odb12/hmmer_output/initial_run_results/3740at5794.out --cpu 1 /home/inf-20-2025/Malaria/busco_downloads/lineages/apicomplexa_odb12/hmms/3740at5794.hmm /home/inf-20-2025/Malaria/Results/6_nobird_annotation/P_vivax.faa 
# Current dir:     /home/inf-20-2025/Malaria
# Date:            Wed Mar  4 18:32:05 2026
# [ok]
