#                                                                            --- full sequence --- -------------- this domain -------------   hmm coord   ali coord   env coord
# target name        accession   tlen query name           accession   qlen   E-value  score  bias   #  of  c-Evalue  i-Evalue  score  bias  from    to  from    to  from    to  acc description of target
#------------------- ---------- ----- -------------------- ---------- ----- --------- ------ ----- --- --- --------- --------- ------ ----- ----- ----- ----- ----- ----- ----- ---- ---------------------
987_g                -            270 40338                -            254  4.9e-133  440.1   0.0   1   1  1.3e-135  5.7e-133  439.9   0.0     2   253    12   266    11   267 0.97 length=271	scaffold=chromosome12	strand=-
4163_g               -            273 40338                -            254   1.3e-40  137.3   0.7   1   1   3.8e-43   1.7e-40  136.9   0.7    23   226    56   260    41   270 0.90 length=274	scaffold=chromosome8	strand=-
4002_g               -            282 40338                -            254   2.7e-33  113.3   2.2   1   2   5.8e-16   2.5e-13   47.8   0.1    27   102    27   102    16   112 0.87 length=283	scaffold=chromosome7	strand=-
4002_g               -            282 40338                -            254   2.7e-33  113.3   2.2   2   2     3e-21   1.3e-18   65.2   0.4   102   209   156   265   145   278 0.91 length=283	scaffold=chromosome7	strand=-
2779_g               -            256 40338                -            254   6.4e-23   79.3   0.1   1   1   6.1e-25   2.7e-22   77.3   0.1    25   228    30   243    15   253 0.85 length=257	scaffold=chromosome2	strand=+
124_g                -            241 40338                -            254   1.1e-19   68.7   0.0   1   1   3.2e-22   1.4e-19   68.4   0.0    24   213    33   232    16   237 0.87 length=242	scaffold=chromosome10	strand=+
464_g                -            246 40338                -            254   1.1e-18   65.4   0.0   1   1   2.9e-21   1.3e-18   65.2   0.0    25   218    27   226    12   244 0.81 length=247	scaffold=chromosome11	strand=+
5269_g               -            257 40338                -            254   1.8e-13   48.3   0.0   1   1   6.2e-16   2.7e-13   47.7   0.0    23   188    36   205    17   208 0.81 length=258	scaffold=scf_5591	strand=-	adjustedToFrame=2
2633_g               -            256 40338                -            254   1.8e-11   41.8   0.0   1   2   2.7e-05     0.012   12.9   0.0    27    90     7    70     2    99 0.87 length=257	scaffold=chromosome1	strand=+
2633_g               -            256 40338                -            254   1.8e-11   41.8   0.0   2   2   1.4e-09   6.1e-07   26.9   0.0   142   219   155   232   144   252 0.88 length=257	scaffold=chromosome1	strand=+
674_g                -            235 40338                -            254   1.9e-11   41.7   0.0   1   1   5.5e-14   2.4e-11   41.4   0.0    26   194    29   204     6   217 0.83 length=236	scaffold=chromosome11	strand=+
463_g                -            241 40338                -            254   4.1e-09   34.1   0.0   1   1   1.1e-11     5e-09   33.8   0.0    22   217    22   219    13   238 0.81 length=242	scaffold=chromosome11	strand=-
2281_g               -            207 40338                -            254     1e-06   26.2   0.0   1   1   3.2e-09   1.4e-06   25.8   0.0    27   167    35   167    20   203 0.71 length=208	scaffold=chromosome14	strand=-
1077_g               -            195 40338                -            254   1.7e-05   22.2   0.0   1   1   4.7e-08   2.1e-05   21.9   0.0    31   181     3   157     1   165 0.85 length=196	scaffold=chromosome12	strand=-
2722_g               -            530 40338                -            254     2e-05   22.0   0.0   1   1   7.2e-08   3.2e-05   21.3   0.0    24   129    57   165    40   185 0.82 length=531	scaffold=chromosome2	strand=+
#
# Program:         hmmsearch
# Version:         3.4 (Aug 2023)
# Pipeline mode:   SEARCH
# Query file:      /home/inf-20-2025/Malaria/busco_downloads/lineages/apicomplexa_odb12/hmms/40338at5794.hmm
# Target file:     /home/inf-20-2025/Malaria/Results/6_nobird_annotation/P_vivax.faa
# Option settings: hmmsearch --domtblout Results/8_busco/P_vivax/run_apicomplexa_odb12/hmmer_output/initial_run_results/40338at5794.out --cpu 1 /home/inf-20-2025/Malaria/busco_downloads/lineages/apicomplexa_odb12/hmms/40338at5794.hmm /home/inf-20-2025/Malaria/Results/6_nobird_annotation/P_vivax.faa 
# Current dir:     /home/inf-20-2025/Malaria
# Date:            Wed Mar  4 18:32:06 2026
# [ok]
