#                                                                            --- full sequence --- -------------- this domain -------------   hmm coord   ali coord   env coord
# target name        accession   tlen query name           accession   qlen   E-value  score  bias   #  of  c-Evalue  i-Evalue  score  bias  from    to  from    to  from    to  acc description of target
#------------------- ---------- ----- -------------------- ---------- ----- --------- ------ ----- --- --- --------- --------- ------ ----- ----- ----- ----- ----- ----- ----- ---- ---------------------
357_g                -            534 41420                -            225   1.1e-83  278.0   0.5   1   1   1.9e-86   1.5e-83  277.5   0.5     2   222    82   322    81   328 0.90 length=535	scaffold=chromosome11	strand=+
2344_g               -            631 41420                -            225   8.5e-25   85.4   1.3   1   2     1e-27   8.5e-25   85.4   1.3    15   159    11   164     2   175 0.83 length=632	scaffold=chromosome14	strand=+
2344_g               -            631 41420                -            225   8.5e-25   85.4   1.3   2   2       1.7   1.4e+03   -3.6   0.0   170   190   382   402   360   407 0.71 length=632	scaffold=chromosome14	strand=+
941_g                -           1649 41420                -            225   1.5e-24   84.5   8.4   1   4   1.2e-13   9.7e-11   39.4   1.6     2   134   195   322   194   340 0.84 length=1650	scaffold=chromosome12	strand=-
941_g                -           1649 41420                -            225   1.5e-24   84.5   8.4   2   4      0.73   5.9e+02   -2.4   0.0   162   213   592   645   583   652 0.77 length=1650	scaffold=chromosome12	strand=-
941_g                -           1649 41420                -            225   1.5e-24   84.5   8.4   3   4   3.7e-16     3e-13   47.6   0.0    10   102   657   758   646   763 0.86 length=1650	scaffold=chromosome12	strand=-
941_g                -           1649 41420                -            225   1.5e-24   84.5   8.4   4   4      0.66   5.4e+02   -2.3   0.2   153   177   817   842   814   849 0.70 length=1650	scaffold=chromosome12	strand=-
3352_g               -            406 41420                -            225   3.6e-24   83.3   0.2   1   1   6.6e-27   5.3e-24   82.8   0.2    24   137     4   118     1   154 0.84 length=407	scaffold=chromosome5	strand=-
2238_g               -           1159 41420                -            225     1e-22   78.6   1.2   1   3   0.00034      0.28    8.5   0.2    12   121    69   177    60   199 0.83 length=1160	scaffold=chromosome14	strand=+
2238_g               -           1159 41420                -            225     1e-22   78.6   1.2   2   3     0.087        71    0.6   0.0   171   214   453   491   436   496 0.78 length=1160	scaffold=chromosome14	strand=+
2238_g               -           1159 41420                -            225     1e-22   78.6   1.2   3   3   9.4e-22   7.6e-19   65.9   0.0    12   137   529   666   519   686 0.78 length=1160	scaffold=chromosome14	strand=+
4629_g               -           1409 41420                -            225   3.6e-14   50.6   0.3   1   1   1.2e-15   9.6e-13   46.0   0.3    14   102   948  1042   935  1106 0.81 length=1410	scaffold=chromosome9	strand=-
4798_g               -            359 41420                -            225   2.4e-06   25.1   0.8   1   2   7.2e-09   5.9e-06   23.8   0.6     7   104    16   112    10   131 0.80 length=360	scaffold=chromosome9	strand=+
4798_g               -            359 41420                -            225   2.4e-06   25.1   0.8   2   2       1.4   1.1e+03   -3.3   0.0   172   205   315   349   311   353 0.71 length=360	scaffold=chromosome9	strand=+
#
# Program:         hmmsearch
# Version:         3.4 (Aug 2023)
# Pipeline mode:   SEARCH
# Query file:      /home/inf-20-2025/Malaria/busco_downloads/lineages/apicomplexa_odb12/hmms/41420at5794.hmm
# Target file:     /home/inf-20-2025/Malaria/Results/6_nobird_annotation/P_vivax.faa
# Option settings: hmmsearch --domtblout Results/8_busco/P_vivax/run_apicomplexa_odb12/hmmer_output/initial_run_results/41420at5794.out --cpu 1 /home/inf-20-2025/Malaria/busco_downloads/lineages/apicomplexa_odb12/hmms/41420at5794.hmm /home/inf-20-2025/Malaria/Results/6_nobird_annotation/P_vivax.faa 
# Current dir:     /home/inf-20-2025/Malaria
# Date:            Wed Mar  4 18:32:06 2026
# [ok]
