#                                                                            --- full sequence --- -------------- this domain -------------   hmm coord   ali coord   env coord
# target name        accession   tlen query name           accession   qlen   E-value  score  bias   #  of  c-Evalue  i-Evalue  score  bias  from    to  from    to  from    to  acc description of target
#------------------- ---------- ----- -------------------- ---------- ----- --------- ------ ----- --- --- --------- --------- ------ ----- ----- ----- ----- ----- ----- ----- ---- ---------------------
4237_g               -            433 438                  -            403  5.8e-258  853.7   0.4   1   1  4.5e-260  6.6e-258  853.5   0.4     4   403    32   433    29   433 0.99 length=434	scaffold=chromosome8	strand=-
1099_g               -           2045 438                  -            403  1.1e-103  345.5   1.5   1   1  1.2e-105  1.7e-103  344.9   1.5    15   398  1651  2042  1643  2045 0.93 length=2046	scaffold=chromosome12	strand=-
3468_g               -            388 438                  -            403   5.9e-96  320.1   1.4   1   1   4.9e-98   7.1e-96  319.9   1.4    30   399    15   386     3   388 0.97 length=389	scaffold=chromosome5	strand=+
3121_g               -            470 438                  -            403   3.1e-87  291.4   3.8   1   2   2.9e-21   4.2e-19   67.1   0.0    28    96    54   122    32   128 0.90 length=471	scaffold=chromosome4	strand=+
3121_g               -            470 438                  -            403   3.1e-87  291.4   3.8   2   2   6.7e-69   9.7e-67  223.9   2.3    95   402   153   467   148   468 0.95 length=471	scaffold=chromosome4	strand=+
3040_g               -            539 438                  -            403   8.1e-66  220.9   3.0   1   1   7.4e-68   1.1e-65  220.5   3.0    17   393   117   496   101   507 0.93 length=540	scaffold=chromosome4	strand=+
1188_g               -            787 438                  -            403   1.2e-65  220.3   7.5   1   1   8.2e-66   1.2e-63  213.7   7.5    20   392   361   772   344   781 0.83 length=788	scaffold=chromosome12	strand=-
122_g                -           1006 438                  -            403   2.2e-65  219.5   0.0   1   2   1.1e-33   1.7e-31  107.9   0.0    32   203   583   762   553   765 0.91 length=1007	scaffold=chromosome10	strand=+
122_g                -           1006 438                  -            403   2.2e-65  219.5   0.0   2   2     4e-34   5.8e-32  109.4   0.0   206   397   789   980   772   984 0.94 length=1007	scaffold=chromosome10	strand=+
1313_g               -            528 438                  -            403   3.7e-63  212.1   0.0   1   1   3.4e-65   4.9e-63  211.7   0.0    42   403   125   496   113   496 0.88 length=529	scaffold=chromosome12	strand=-
2251_g               -            717 438                  -            403   3.9e-63  212.1   0.5   1   2   4.1e-09     6e-07   27.0   0.0    45    94   292   341   265   348 0.85 length=718	scaffold=chromosome14	strand=-
2251_g               -            717 438                  -            403   3.9e-63  212.1   0.5   2   2   1.7e-56   2.5e-54  183.1   0.2    95   371   398   678   392   692 0.93 length=718	scaffold=chromosome14	strand=-
33_g                 -            667 438                  -            403   3.5e-58  195.7   0.1   1   1   3.9e-60   5.7e-58  195.1   0.1    31   382   219   584   214   603 0.88 length=668	scaffold=chromosome10	strand=-
215_g                -           1770 438                  -            403     2e-55  186.7   0.3   1   1   2.2e-57   3.2e-55  186.0   0.3    46   398   993  1355   963  1358 0.92 length=1771	scaffold=chromosome10	strand=-
2475_g               -            737 438                  -            403   2.1e-55  186.6   4.6   1   2     7e-41     1e-38  131.6   0.0    28   227   102   314    74   323 0.86 length=738	scaffold=chromosome14	strand=+
2475_g               -            737 438                  -            403   2.1e-55  186.6   4.6   2   2   2.5e-17   3.6e-15   54.1   3.3   244   388   356   500   337   511 0.94 length=738	scaffold=chromosome14	strand=+
257_g                -            720 438                  -            403   1.1e-54  184.2   0.8   1   2   1.5e-07   2.1e-05   21.9   0.0    45    94   141   190   116   200 0.88 length=721	scaffold=chromosome10	strand=-
257_g                -            720 438                  -            403   1.1e-54  184.2   0.8   2   2   1.3e-49   1.9e-47  160.4   0.3   102   396   228   530   220   536 0.90 length=721	scaffold=chromosome10	strand=-
471_g                -            599 438                  -            403   4.2e-54  182.3   2.7   1   1   4.1e-56   5.9e-54  181.8   2.7    28   361   144   483   122   507 0.90 length=600	scaffold=chromosome11	strand=+
3644_g               -           1149 438                  -            403   8.7e-52  174.7   2.7   1   2     1e-35   1.5e-33  114.6   1.0    40   304   711   994   701   997 0.88 length=1150	scaffold=chromosome6	strand=-
3644_g               -           1149 438                  -            403   8.7e-52  174.7   2.7   2   2   5.9e-19   8.6e-17   59.4   0.0   303   395  1051  1143  1046  1147 0.95 length=1150	scaffold=chromosome6	strand=-
1685_g               -            875 438                  -            403   3.3e-50  169.5  14.9   1   1   3.5e-52   5.1e-50  168.9  14.9     8   392   110   510   101   563 0.81 length=876	scaffold=chromosome13	strand=+
2103_g               -            926 438                  -            403   3.6e-50  169.4   2.1   1   3   2.5e-07   3.6e-05   21.2   0.0    32    93   340   403   324   412 0.86 length=927	scaffold=chromosome14	strand=-
2103_g               -            926 438                  -            403   3.6e-50  169.4   2.1   2   3     4e-15   5.9e-13   46.8   0.0   101   197   432   528   423   535 0.96 length=927	scaffold=chromosome14	strand=-
2103_g               -            926 438                  -            403   3.6e-50  169.4   2.1   3   3   1.3e-30   1.9e-28   97.8   1.8   203   387   558   743   550   754 0.89 length=927	scaffold=chromosome14	strand=-
946_g                -            489 438                  -            403   1.8e-49  167.1   0.2   1   1   7.6e-51   1.1e-48  164.5   0.3    50   391    78   441    58   446 0.86 length=490	scaffold=chromosome12	strand=+
4231_g               -            761 438                  -            403   2.8e-44  150.0   2.7   1   2   6.2e-09     9e-07   26.4   0.0    36    92   260   316   253   325 0.91 length=762	scaffold=chromosome8	strand=-
4231_g               -            761 438                  -            403   2.8e-44  150.0   2.7   2   2   5.5e-38     8e-36  122.1   2.0    98   398   377   680   348   685 0.90 length=762	scaffold=chromosome8	strand=-
3253_g               -           1181 438                  -            403     1e-41  141.6   6.4   1   1     1e-43   1.5e-41  140.9   6.4    38   382   174   530   138   541 0.88 length=1182	scaffold=chromosome5	strand=+
1910_g               -            626 438                  -            403   1.9e-35  120.8   8.1   1   1   1.9e-37   2.7e-35  120.4   8.1    37   390   157   525   142   536 0.84 length=627	scaffold=chromosome14	strand=+
2605_g               -           1254 438                  -            403   6.1e-34  115.9  15.5   1   4     7e-09     1e-06   26.3   0.0    26    94    23    91    10   103 0.87 length=1255	scaffold=chromosome1	strand=+
2605_g               -           1254 438                  -            403   6.1e-34  115.9  15.5   2   4     0.098        14    2.7   0.0    99   122   136   159   131   166 0.85 length=1255	scaffold=chromosome1	strand=+
2605_g               -           1254 438                  -            403   6.1e-34  115.9  15.5   3   4   0.00041     0.059   10.6   1.1   125   221   216   337   206   351 0.64 length=1255	scaffold=chromosome1	strand=+
2605_g               -           1254 438                  -            403   6.1e-34  115.9  15.5   4   4   2.2e-24   3.2e-22   77.3   3.7   253   383   588   718   581   727 0.90 length=1255	scaffold=chromosome1	strand=+
3562_g               -            623 438                  -            403   5.1e-32  109.6   1.2   1   2   2.3e-07   3.4e-05   21.3   0.0    44    92   148   194   134   199 0.88 length=624	scaffold=chromosome6	strand=-
3562_g               -            623 438                  -            403   5.1e-32  109.6   1.2   2   2   3.6e-27   5.2e-25   86.5   0.7    95   395   246   554   224   559 0.79 length=624	scaffold=chromosome6	strand=-
2953_g               -           1079 438                  -            403   1.5e-31  108.1   0.8   1   2   7.2e-23   1.1e-20   72.3   0.2    37   186   127   287   120   304 0.85 length=1080	scaffold=chromosome3	strand=+
2953_g               -           1079 438                  -            403   1.5e-31  108.1   0.8   2   2   4.4e-11   6.4e-09   33.5   0.0   295   367   597   672   586   700 0.81 length=1080	scaffold=chromosome3	strand=+
91_g                 -            816 438                  -            403   1.6e-31  107.9   1.5   1   3     1e-09   1.5e-07   29.0   0.0    31    93     3    65     1    74 0.90 length=817	scaffold=chromosome10	strand=-
91_g                 -            816 438                  -            403   1.6e-31  107.9   1.5   2   3   4.6e-10   6.7e-08   30.2   0.2    81   223   312   460   302   517 0.79 length=817	scaffold=chromosome10	strand=-
91_g                 -            816 438                  -            403   1.6e-31  107.9   1.5   3   3   6.8e-15   9.9e-13   46.1   0.1   287   376   601   690   593   699 0.92 length=817	scaffold=chromosome10	strand=-
2382_g               -            862 438                  -            403   8.4e-30  102.3   3.5   1   3   4.8e-19     7e-17   59.7   0.1    31   224   104   310    80   321 0.77 length=863	scaffold=chromosome14	strand=-
2382_g               -            862 438                  -            403   8.4e-30  102.3   3.5   2   3      0.44        64    0.6   0.1   239   278   379   419   375   436 0.82 length=863	scaffold=chromosome14	strand=-
2382_g               -            862 438                  -            403   8.4e-30  102.3   3.5   3   3   2.3e-13   3.3e-11   41.0   0.0   326   390   526   593   522   607 0.80 length=863	scaffold=chromosome14	strand=-
1320_g               -            768 438                  -            403   9.5e-29   98.8   5.3   1   2   1.4e-21     2e-19   68.1   0.5    39   226   226   436   186   447 0.76 length=769	scaffold=chromosome12	strand=-
1320_g               -            768 438                  -            403   9.5e-29   98.8   5.3   2   2   7.6e-11   1.1e-08   32.7   0.4   293   376   575   659   523   683 0.84 length=769	scaffold=chromosome12	strand=-
4449_g               -           1339 438                  -            403   7.9e-21   72.7   2.1   1   2   2.1e-06   0.00031   18.1   0.0    30   105   142   217   116   225 0.90 length=1340	scaffold=chromosome9	strand=+
4449_g               -           1339 438                  -            403   7.9e-21   72.7   2.1   2   2   7.3e-17   1.1e-14   52.5   1.5   266   362   894   990   887  1011 0.92 length=1340	scaffold=chromosome9	strand=+
1683_g               -           1019 438                  -            403   9.5e-21   72.5  11.0   1   3   7.3e-06    0.0011   16.3   0.0    47    95    89   137    69   144 0.82 length=1020	scaffold=chromosome13	strand=-
1683_g               -           1019 438                  -            403   9.5e-21   72.5  11.0   2   3   3.9e-06   0.00057   17.2   0.7    93   212   259   407   246   419 0.65 length=1020	scaffold=chromosome13	strand=-
1683_g               -           1019 438                  -            403   9.5e-21   72.5  11.0   3   3   1.1e-12   1.6e-10   38.8   2.0   287   384   573   673   553   683 0.82 length=1020	scaffold=chromosome13	strand=-
5521_g               -            514 438                  -            403     5e-20   70.1   0.5   1   1   5.9e-22   8.7e-20   69.3   0.5    39   226   128   338    88   349 0.76 length=515	scaffold=scf_7005	strand=-
1419_g               -            991 438                  -            403   1.4e-17   62.0   0.2   1   2   0.00035     0.051   10.8   0.0    68   115   144   191   129   211 0.84 length=992	scaffold=chromosome13	strand=-
1419_g               -            991 438                  -            403   1.4e-17   62.0   0.2   2   2   1.1e-15   1.6e-13   48.7   0.1   266   394   479   606   474   615 0.92 length=992	scaffold=chromosome13	strand=-
259_g                -            553 438                  -            403   3.5e-17   60.7   6.1   1   1     4e-19   5.9e-17   60.0   6.1    68   382   165   501   121   516 0.77 length=554	scaffold=chromosome10	strand=-
3868_g               -            738 438                  -            403   1.5e-14   52.1   1.0   1   1   1.6e-16   2.4e-14   51.4   1.0   240   384   353   498   347   520 0.85 length=739	scaffold=chromosome7	strand=+
2840_g               -            548 438                  -            403   1.4e-12   45.6   9.3   1   1   3.2e-14   4.7e-12   43.8   9.3    69   381   137   484   127   497 0.66 length=549	scaffold=chromosome3	strand=-
2898_g               -           1189 438                  -            403     1e-11   42.7   0.9   1   2   8.2e-12   1.2e-09   35.9   0.2    54   221   256   443   217   460 0.79 length=1190	scaffold=chromosome3	strand=-
2898_g               -           1189 438                  -            403     1e-11   42.7   0.9   2   2     0.019       2.8    5.1   0.0   297   356   848   910   840   946 0.77 length=1190	scaffold=chromosome3	strand=-
2761_g               -           1378 438                  -            403   6.2e-11   40.1   1.9   1   2    0.0032      0.46    7.6   0.0   147   184   894   932   889   936 0.88 length=1379	scaffold=chromosome2	strand=-
2761_g               -           1378 438                  -            403   6.2e-11   40.1   1.9   2   2     2e-09   2.9e-07   28.1   2.7   258   376  1127  1261  1119  1281 0.65 length=1379	scaffold=chromosome2	strand=-
2539_g               -           1071 438                  -            403   1.9e-10   38.6   6.2   1   4      0.45        65    0.6   0.0    30    68    94   132    71   156 0.85 length=1072	scaffold=chromosome1	strand=-
2539_g               -           1071 438                  -            403   1.9e-10   38.6   6.2   2   4       1.7   2.5e+02   -1.4   0.0    78   239   234   256   227   283 0.66 length=1072	scaffold=chromosome1	strand=-
2539_g               -           1071 438                  -            403   1.9e-10   38.6   6.2   3   4      0.27        39    1.3   0.0   146   186   452   496   441   520 0.78 length=1072	scaffold=chromosome1	strand=-
2539_g               -           1071 438                  -            403   1.9e-10   38.6   6.2   4   4   2.1e-11   3.1e-09   34.6   2.2   263   355   776   867   768   876 0.92 length=1072	scaffold=chromosome1	strand=-
1595_g               -           1282 438                  -            403   3.4e-06   24.5   0.6   1   2       4.9   7.1e+02   -2.9   0.0    49    93    45    89    32   109 0.77 length=1283	scaffold=chromosome13	strand=-
1595_g               -           1282 438                  -            403   3.4e-06   24.5   0.6   2   2     5e-08   7.3e-06   23.4   0.3   268   379   282   393   272   416 0.92 length=1283	scaffold=chromosome13	strand=-
1965_g               -            726 438                  -            403   0.00035   17.9   0.9   1   3     0.033       4.8    4.3   0.0     7    92    19   107    14   116 0.77 length=727	scaffold=chromosome14	strand=-
1965_g               -            726 438                  -            403   0.00035   17.9   0.9   2   3       1.5   2.2e+02   -1.2   0.0    97   119   185   207   178   213 0.78 length=727	scaffold=chromosome14	strand=-
1965_g               -            726 438                  -            403   0.00035   17.9   0.9   3   3   0.00045     0.066   10.4   0.1   322   370   601   649   594   667 0.84 length=727	scaffold=chromosome14	strand=-
#
# Program:         hmmsearch
# Version:         3.4 (Aug 2023)
# Pipeline mode:   SEARCH
# Query file:      /home/inf-20-2025/Malaria/busco_downloads/lineages/apicomplexa_odb12/hmms/438at5794.hmm
# Target file:     /home/inf-20-2025/Malaria/Results/6_nobird_annotation/P_vivax.faa
# Option settings: hmmsearch --domtblout Results/8_busco/P_vivax/run_apicomplexa_odb12/hmmer_output/initial_run_results/438at5794.out --cpu 1 /home/inf-20-2025/Malaria/busco_downloads/lineages/apicomplexa_odb12/hmms/438at5794.hmm /home/inf-20-2025/Malaria/Results/6_nobird_annotation/P_vivax.faa 
# Current dir:     /home/inf-20-2025/Malaria
# Date:            Wed Mar  4 18:32:09 2026
# [ok]
