#                                                                            --- full sequence --- -------------- this domain -------------   hmm coord   ali coord   env coord
# target name        accession   tlen query name           accession   qlen   E-value  score  bias   #  of  c-Evalue  i-Evalue  score  bias  from    to  from    to  from    to  acc description of target
#------------------- ---------- ----- -------------------- ---------- ----- --------- ------ ----- --- --- --------- --------- ------ ----- ----- ----- ----- ----- ----- ----- ---- ---------------------
2315_g               -           3395 44183                -            682  4.6e-140  466.3  51.0   1   8   1.3e-35   1.2e-32  111.3   0.0    26   143  1351  1480  1328  1488 0.85 length=3396	scaffold=chromosome14	strand=+
2315_g               -           3395 44183                -            682  4.6e-140  466.3  51.0   2   8     0.093        88   -0.6   0.0   144   162  1510  1528  1501  1536 0.79 length=3396	scaffold=chromosome14	strand=+
2315_g               -           3395 44183                -            682  4.6e-140  466.3  51.0   3   8   4.9e-37   4.6e-34  116.0  14.6   166   308  1665  1815  1658  1835 0.93 length=3396	scaffold=chromosome14	strand=+
2315_g               -           3395 44183                -            682  4.6e-140  466.3  51.0   4   8      0.19   1.8e+02   -1.6   1.1   284   344  2088  2148  2071  2176 0.64 length=3396	scaffold=chromosome14	strand=+
2315_g               -           3395 44183                -            682  4.6e-140  466.3  51.0   5   8     1e-16   9.9e-14   48.8   0.2   356   443  2350  2438  2342  2445 0.86 length=3396	scaffold=chromosome14	strand=+
2315_g               -           3395 44183                -            682  4.6e-140  466.3  51.0   6   8     2e-10   1.9e-07   28.0   1.4   449   495  2585  2635  2577  2639 0.83 length=3396	scaffold=chromosome14	strand=+
2315_g               -           3395 44183                -            682  4.6e-140  466.3  51.0   7   8   1.5e-11   1.4e-08   31.8   0.0   495   547  2711  2765  2706  2785 0.76 length=3396	scaffold=chromosome14	strand=+
2315_g               -           3395 44183                -            682  4.6e-140  466.3  51.0   8   8   8.1e-47   7.7e-44  148.3   3.6   532   681  3142  3295  3127  3296 0.80 length=3396	scaffold=chromosome14	strand=+
3623_g               -            470 44183                -            682   9.8e-15   52.1   0.8   1   2      0.92   8.7e+02   -3.9   0.0   117   143    41    67    29    92 0.61 length=471	scaffold=chromosome6	strand=-
3623_g               -            470 44183                -            682   9.8e-15   52.1   0.8   2   2     1e-17   9.8e-15   52.1   0.8   578   656   326   406   301   419 0.85 length=471	scaffold=chromosome6	strand=-
1401_g               -            763 44183                -            682   2.9e-12   43.9  10.2   1   2   3.1e-15   2.9e-12   43.9  10.2   571   665    14   107     4   124 0.86 length=764	scaffold=chromosome12	strand=-
1401_g               -            763 44183                -            682   2.9e-12   43.9  10.2   2   2      0.96     9e+02   -4.0   0.3   531   559   179   207   173   217 0.71 length=764	scaffold=chromosome12	strand=-
3285_g               -           1521 44183                -            682     1e-11   42.1   0.4   1   1   1.9e-14   1.8e-11   41.4   0.4   573   653  1416  1496  1400  1515 0.87 length=1522	scaffold=chromosome5	strand=-
2122_g               -           1087 44183                -            682   2.5e-07   27.6   5.0   1   1   5.3e-10     5e-07   26.6   5.0   555   678   475   606   451   610 0.71 length=1088	scaffold=chromosome14	strand=-
2700_g               -           1548 44183                -            682   5.2e-06   23.3   0.1   1   1   9.9e-09   9.4e-06   22.4   0.1   598   652   846   900   801   913 0.91 length=1549	scaffold=chromosome2	strand=-
#
# Program:         hmmsearch
# Version:         3.4 (Aug 2023)
# Pipeline mode:   SEARCH
# Query file:      /home/inf-20-2025/Malaria/busco_downloads/lineages/apicomplexa_odb12/hmms/44183at5794.hmm
# Target file:     /home/inf-20-2025/Malaria/Results/6_nobird_annotation/P_vivax.faa
# Option settings: hmmsearch --domtblout Results/8_busco/P_vivax/run_apicomplexa_odb12/hmmer_output/initial_run_results/44183at5794.out --cpu 1 /home/inf-20-2025/Malaria/busco_downloads/lineages/apicomplexa_odb12/hmms/44183at5794.hmm /home/inf-20-2025/Malaria/Results/6_nobird_annotation/P_vivax.faa 
# Current dir:     /home/inf-20-2025/Malaria
# Date:            Wed Mar  4 18:32:11 2026
# [ok]
