#                                                                            --- full sequence --- -------------- this domain -------------   hmm coord   ali coord   env coord
# target name        accession   tlen query name           accession   qlen   E-value  score  bias   #  of  c-Evalue  i-Evalue  score  bias  from    to  from    to  from    to  acc description of target
#------------------- ---------- ----- -------------------- ---------- ----- --------- ------ ----- --- --- --------- --------- ------ ----- ----- ----- ----- ----- ----- ----- ---- ---------------------
1098_g               -            914 44402                -            348  3.6e-148  491.6   0.2   1   2     3e-35   3.2e-33  113.6   0.0    14   133   531   656   522   661 0.86 length=915	scaffold=chromosome12	strand=+
1098_g               -            914 44402                -            348  3.6e-148  491.6   0.2   2   2  1.9e-114    2e-112  374.1   0.5   115   347   669   913   651   914 0.92 length=915	scaffold=chromosome12	strand=+
412_g                -            513 44402                -            348   4.2e-31  106.6   0.1   1   3   2.2e-10   2.3e-08   31.8   0.0   123   188    88   153    79   174 0.89 length=514	scaffold=chromosome11	strand=+
412_g                -            513 44402                -            348   4.2e-31  106.6   0.1   2   3   1.8e-12   1.9e-10   38.7   0.0   120   202   184   266   166   285 0.81 length=514	scaffold=chromosome11	strand=+
412_g                -            513 44402                -            348   4.2e-31  106.6   0.1   3   3   1.5e-10   1.6e-08   32.4   0.0   114   201   363   450   339   465 0.89 length=514	scaffold=chromosome11	strand=+
2907_g               -           1050 44402                -            348   1.1e-29  102.0   6.2   1   5   7.5e-06    0.0008   16.9   0.0    19    61   543   585   533   602 0.81 length=1051	scaffold=chromosome3	strand=+
2907_g               -           1050 44402                -            348   1.1e-29  102.0   6.2   2   5     2e-07   2.2e-05   22.1   0.0    59   116   615   672   609   677 0.83 length=1051	scaffold=chromosome3	strand=+
2907_g               -           1050 44402                -            348   1.1e-29  102.0   6.2   3   5   2.2e-06   0.00024   18.6   0.1   119   188   720   788   709   800 0.88 length=1051	scaffold=chromosome3	strand=+
2907_g               -           1050 44402                -            348   1.1e-29  102.0   6.2   4   5   1.4e-07   1.5e-05   22.6   0.0   244   289   825   870   794   883 0.89 length=1051	scaffold=chromosome3	strand=+
2907_g               -           1050 44402                -            348   1.1e-29  102.0   6.2   5   5   6.5e-07   6.9e-05   20.4   0.1   300   345   972  1017   962  1019 0.89 length=1051	scaffold=chromosome3	strand=+
2223_g               -            883 44402                -            348   2.6e-29  100.8  13.3   1   4   2.9e-07   3.1e-05   21.6   0.0   120   192    13    85     4    99 0.91 length=884	scaffold=chromosome14	strand=+
2223_g               -            883 44402                -            348   2.6e-29  100.8  13.3   2   4   3.4e-12   3.6e-10   37.8   0.1   122   215   103   194    93   195 0.88 length=884	scaffold=chromosome14	strand=+
2223_g               -            883 44402                -            348   2.6e-29  100.8  13.3   3   4   3.8e-09   4.1e-07   27.8   0.1   120   191   190   258   180   272 0.89 length=884	scaffold=chromosome14	strand=+
2223_g               -            883 44402                -            348   2.6e-29  100.8  13.3   4   4   2.2e-07   2.4e-05   22.0   0.1   116   199   442   524   433   537 0.87 length=884	scaffold=chromosome14	strand=+
1768_g               -            507 44402                -            348   9.3e-28   95.6   4.3   1   3   5.7e-11   6.1e-09   33.7   0.0   115   189    79   152    62   174 0.88 length=508	scaffold=chromosome13	strand=-
1768_g               -            507 44402                -            348   9.3e-28   95.6   4.3   2   3   1.1e-11   1.2e-09   36.1   0.3   116   208   177   268   162   280 0.88 length=508	scaffold=chromosome13	strand=-
1768_g               -            507 44402                -            348   9.3e-28   95.6   4.3   3   3     2e-08   2.1e-06   25.4   0.0   123   202   398   477   379   494 0.87 length=508	scaffold=chromosome13	strand=-
398_g                -            392 44402                -            348   3.3e-27   93.8   1.2   1   3   1.2e-07   1.2e-05   22.9   0.2   119   215    14   102     6   104 0.85 length=393	scaffold=chromosome11	strand=+
398_g                -            392 44402                -            348   3.3e-27   93.8   1.2   2   3   1.4e-11   1.5e-09   35.8   0.1   104   189    99   183    95   205 0.86 length=393	scaffold=chromosome11	strand=+
398_g                -            392 44402                -            348   3.3e-27   93.8   1.2   3   3   2.6e-11   2.7e-09   34.9   0.0   114   214   200   299   190   306 0.88 length=393	scaffold=chromosome11	strand=+
1048_g               -           1016 44402                -            348   4.1e-23   80.4   0.1   1   3   8.3e-08   8.9e-06   23.3   0.2   115   208   617   710   609   733 0.87 length=1017	scaffold=chromosome12	strand=-
1048_g               -           1016 44402                -            348   4.1e-23   80.4   0.1   2   3   3.9e-08   4.1e-06   24.4   0.0   133   209   737   813   725   820 0.93 length=1017	scaffold=chromosome12	strand=-
1048_g               -           1016 44402                -            348   4.1e-23   80.4   0.1   3   3   3.3e-09   3.5e-07   28.0   0.0   261   338   939  1009   883  1014 0.88 length=1017	scaffold=chromosome12	strand=-
1674_g               -            479 44402                -            348     2e-21   74.8   0.2   1   2   1.5e-12   1.6e-10   38.9   0.0   118   202    15    99     5   105 0.89 length=480	scaffold=chromosome13	strand=+
1674_g               -            479 44402                -            348     2e-21   74.8   0.2   2   2   3.7e-11     4e-09   34.4   0.1   123   210   107   192    92   201 0.84 length=480	scaffold=chromosome13	strand=+
3286_g               -            292 44402                -            348   6.4e-16   56.7   0.0   1   2   8.9e-08   9.5e-06   23.2   0.0   120   202     4    85     1   111 0.78 length=293	scaffold=chromosome5	strand=+
3286_g               -            292 44402                -            348   6.4e-16   56.7   0.0   2   2   2.6e-10   2.8e-08   31.6   0.0   124   200   156   231   141   244 0.91 length=293	scaffold=chromosome5	strand=+
3548_g               -            477 44402                -            348   3.9e-15   54.1   1.5   1   1   3.6e-17   3.9e-15   54.1   1.5     3   206   208   420   205   437 0.78 length=478	scaffold=chromosome6	strand=-
2159_g               -           1127 44402                -            348   4.1e-15   54.1  38.2   1   5     0.006      0.65    7.4   0.7    13    85    27   101    15   140 0.68 length=1128	scaffold=chromosome14	strand=+
2159_g               -           1127 44402                -            348   4.1e-15   54.1  38.2   2   5    0.0016      0.17    9.3   0.2   119   164   369   413   363   464 0.72 length=1128	scaffold=chromosome14	strand=+
2159_g               -           1127 44402                -            348   4.1e-15   54.1  38.2   3   5     0.052       5.6    4.3   0.3   126   202   464   539   424   553 0.75 length=1128	scaffold=chromosome14	strand=+
2159_g               -           1127 44402                -            348   4.1e-15   54.1  38.2   4   5      0.02       2.2    5.6   0.0   114   152   706   743   699   765 0.82 length=1128	scaffold=chromosome14	strand=+
2159_g               -           1127 44402                -            348   4.1e-15   54.1  38.2   5   5   1.1e-14   1.2e-12   46.0   5.7     9   192   851  1054   845  1068 0.73 length=1128	scaffold=chromosome14	strand=+
3851_g               -            233 44402                -            348   1.1e-14   52.7   0.1   1   2   1.1e-07   1.2e-05   23.0   0.0   119   190    83   156    67   162 0.77 length=234	scaffold=chromosome7	strand=-
3851_g               -            233 44402                -            348   1.1e-14   52.7   0.1   2   2   4.4e-09   4.7e-07   27.5   0.0   121   177   168   223   161   231 0.91 length=234	scaffold=chromosome7	strand=-
4114_g               -            242 44402                -            348   1.7e-14   52.1   0.1   1   2   6.6e-10   7.1e-08   30.2   0.0   119   200     9    89     2   104 0.88 length=243	scaffold=chromosome8	strand=+
4114_g               -            242 44402                -            348   1.7e-14   52.1   0.1   2   2   8.6e-07   9.2e-05   20.0   0.0   117   197   158   237   151   242 0.89 length=243	scaffold=chromosome8	strand=+
1237_g               -            602 44402                -            348   4.4e-13   47.4   0.9   1   2      0.19        20    2.4   0.1   180   210   166   196   152   208 0.82 length=603	scaffold=chromosome12	strand=-
1237_g               -            602 44402                -            348   4.4e-13   47.4   0.9   2   2   9.8e-14   1.1e-11   42.8   0.0   243   343   505   598   496   600 0.87 length=603	scaffold=chromosome12	strand=-
698_g                -            611 44402                -            348     7e-12   43.4   2.5   1   2   1.3e-05    0.0014   16.2   0.0   122   188     8    71     2    93 0.86 length=612	scaffold=chromosome11	strand=-
698_g                -            611 44402                -            348     7e-12   43.4   2.5   2   2   1.4e-08   1.5e-06   25.9   1.2   123   221   166   261   149   265 0.89 length=612	scaffold=chromosome11	strand=-
1805_g               -            107 44402                -            348     1e-11   42.9   0.0   1   1     1e-13   1.1e-11   42.8   0.0   114   197    14    98     7   107 0.85 length=108	scaffold=chromosome13	strand=-
4453_g               -            753 44402                -            348   1.6e-11   42.2   0.1   1   2   6.5e-08     7e-06   23.7   0.0   124   197   364   437   351   452 0.86 length=754	scaffold=chromosome9	strand=+
4453_g               -            753 44402                -            348   1.6e-11   42.2   0.1   2   2   1.7e-05    0.0019   15.7   0.0   122   198   662   738   656   751 0.86 length=754	scaffold=chromosome9	strand=+
4250_g               -            299 44402                -            348   2.5e-11   41.6   0.0   1   1   4.1e-13   4.4e-11   40.8   0.0   116   200    29   113    11   123 0.86 length=300	scaffold=chromosome8	strand=-
2335_g               -            505 44402                -            348   7.5e-11   40.0   0.1   1   2    0.0012      0.13    9.7   0.0   121   163    14    58     7   104 0.78 length=506	scaffold=chromosome14	strand=-
2335_g               -            505 44402                -            348   7.5e-11   40.0   0.1   2   2   2.8e-09     3e-07   28.2   0.0   117   198   416   496   400   504 0.89 length=506	scaffold=chromosome14	strand=-
4012_g               -            721 44402                -            348   7.5e-11   40.0   0.1   1   2   4.3e-12   4.6e-10   37.4   0.0   119   202     3    86     1   100 0.91 length=722	scaffold=chromosome7	strand=+
4012_g               -            721 44402                -            348   7.5e-11   40.0   0.1   2   2       1.2   1.2e+02   -0.2   0.1   113   149   175   211   160   218 0.69 length=722	scaffold=chromosome7	strand=+
4572_g               -            208 44402                -            348   1.1e-10   39.5   0.4   1   2   1.2e-11   1.3e-09   36.0   0.1   121   199     6    83     2    97 0.90 length=209	scaffold=chromosome9	strand=-
4572_g               -            208 44402                -            348   1.1e-10   39.5   0.4   2   2      0.27        29    1.9   0.0   117   154   114   152   100   188 0.78 length=209	scaffold=chromosome9	strand=-
1003_g               -            591 44402                -            348   1.1e-10   39.5   0.0   1   2   9.8e-12   1.1e-09   36.3   0.0    16   128   283   395   272   400 0.86 length=592	scaffold=chromosome12	strand=+
1003_g               -            591 44402                -            348   1.1e-10   39.5   0.0   2   2      0.73        78    0.5   0.0   256   331   490   565   483   578 0.64 length=592	scaffold=chromosome12	strand=+
341_g                -            452 44402                -            348   1.8e-10   38.8   0.3   1   1     4e-12   4.2e-10   37.6   0.3   111   193    86   167    42   179 0.83 length=453	scaffold=chromosome11	strand=-
3377_g               -            361 44402                -            348   5.2e-10   37.3   0.1   1   2   1.8e-05    0.0019   15.7   0.0   119   181   114   176   104   187 0.86 length=362	scaffold=chromosome5	strand=-
3377_g               -            361 44402                -            348   5.2e-10   37.3   0.1   2   2   6.7e-07   7.2e-05   20.4   0.0    97   204   178   281   175   295 0.81 length=362	scaffold=chromosome5	strand=-
4075_g               -            322 44402                -            348   5.8e-10   37.1   0.0   1   1   9.3e-12     1e-09   36.3   0.0   115   203    82   170    75   182 0.92 length=323	scaffold=chromosome8	strand=+
267_g                -            328 44402                -            348   1.8e-09   35.5   0.0   1   1   3.5e-11   3.7e-09   34.5   0.0   121   202    10    91     4    99 0.92 length=329	scaffold=chromosome10	strand=+
3975_g               -            287 44402                -            348   2.2e-09   35.2   2.3   1   2   5.2e-05    0.0056   14.1   0.4   146   209    69   126    31   140 0.73 length=288	scaffold=chromosome7	strand=+
3975_g               -            287 44402                -            348   2.2e-09   35.2   2.3   2   2   4.7e-07     5e-05   20.9   0.1   119   194   206   280   201   283 0.90 length=288	scaffold=chromosome7	strand=+
3366_g               -            269 44402                -            348   3.7e-09   34.5   0.1   1   2       7.4     8e+02   -2.8   0.1   206   206    64    64    19    99 0.58 length=270	scaffold=chromosome5	strand=+
3366_g               -            269 44402                -            348   3.7e-09   34.5   0.1   2   2   3.5e-11   3.7e-09   34.5   0.1   118   200   183   265   167   269 0.90 length=270	scaffold=chromosome5	strand=+
3892_g               -            475 44402                -            348   6.1e-09   33.7   4.7   1   2   1.3e-05    0.0014   16.1   0.1   118   199    90   171    81   185 0.84 length=476	scaffold=chromosome7	strand=+
3892_g               -            475 44402                -            348   6.1e-09   33.7   4.7   2   2     2e-06   0.00021   18.8   0.7   116   197   296   379   281   392 0.82 length=476	scaffold=chromosome7	strand=+
4635_g               -           1070 44402                -            348   7.4e-09   33.5   0.0   1   1   6.9e-11   7.4e-09   33.5   0.0   122   202     5    85     1    96 0.89 length=1071	scaffold=chromosome9	strand=+
3725_g               -            528 44402                -            348     8e-09   33.4   0.0   1   2   2.7e-07   2.8e-05   21.7   0.0   123   190    13    80     4    86 0.92 length=529	scaffold=chromosome6	strand=+
3725_g               -            528 44402                -            348     8e-09   33.4   0.0   2   2    0.0024      0.26    8.7   0.0   115   190    89   156    79   178 0.76 length=529	scaffold=chromosome6	strand=+
2034_g               -            124 44402                -            348   2.1e-08   32.0   0.0   1   1   2.2e-10   2.4e-08   31.8   0.0   120   202     5    87     1    98 0.90 length=125	scaffold=chromosome14	strand=-
3921_g               -            202 44402                -            348   5.7e-08   30.6   0.1   1   1   6.4e-10   6.8e-08   30.3   0.1   113   194    62   142    33   157 0.82 length=203	scaffold=chromosome7	strand=-
694_g                -            747 44402                -            348   1.6e-07   29.1   1.0   1   3     0.055       5.9    4.2   0.0   122   158   208   244   186   259 0.79 length=748	scaffold=chromosome11	strand=+
694_g                -            747 44402                -            348   1.6e-07   29.1   1.0   2   3       3.6   3.9e+02   -1.8   0.0   114   162   541   590   534   647 0.68 length=748	scaffold=chromosome11	strand=+
694_g                -            747 44402                -            348   1.6e-07   29.1   1.0   3   3     2e-07   2.1e-05   22.1   0.2    98   197   643   741   594   746 0.86 length=748	scaffold=chromosome11	strand=+
1316_g               -            840 44402                -            348   7.8e-07   26.8   0.2   1   1   1.5e-08   1.6e-06   25.8   0.2   118   205    24   111     1   124 0.82 length=841	scaffold=chromosome12	strand=-
1906_g               -            505 44402                -            348   8.3e-07   26.7   0.7   1   2   2.7e-06   0.00029   18.4   0.1   116   211   220   316   199   323 0.79 length=506	scaffold=chromosome14	strand=+
1906_g               -            505 44402                -            348   8.3e-07   26.7   0.7   2   2     0.011       1.2    6.5   0.0   125   199   435   503   421   505 0.86 length=506	scaffold=chromosome14	strand=+
405_g                -            181 44402                -            348   1.5e-06   25.9   0.0   1   1     2e-08   2.1e-06   25.4   0.0   120   206    47   133    36   141 0.92 length=182	scaffold=chromosome11	strand=+
4747_g               -           1848 44402                -            348   2.1e-06   25.4   0.0   1   1   6.1e-08   6.6e-06   23.8   0.0   119   192  1017  1089  1006  1113 0.87 length=1849	scaffold=chromosome9	strand=+
2229_g               -            110 44402                -            348     3e-06   24.9   0.0   1   1   3.4e-08   3.6e-06   24.6   0.0   118   205     9    93     3   103 0.82 length=111	scaffold=chromosome14	strand=-
4669_g               -            156 44402                -            348   3.2e-06   24.8   0.2   1   1   3.9e-08   4.1e-06   24.4   0.2   122   214     3   101     1   106 0.85 length=157	scaffold=chromosome9	strand=-
3567_g               -           1567 44402                -            348   3.7e-06   24.6   0.1   1   2   0.00064     0.068   10.6   0.0   120   199   350   426   327   452 0.77 length=1568	scaffold=chromosome6	strand=+
3567_g               -           1567 44402                -            348   3.7e-06   24.6   0.1   2   2    0.0002     0.021   12.2   0.0   121   200   455   538   420   547 0.78 length=1568	scaffold=chromosome6	strand=+
611_g                -            153 44402                -            348     4e-06   24.5   0.2   1   1   4.4e-08   4.7e-06   24.3   0.2   113   198    51   135    35   150 0.83 length=154	scaffold=chromosome11	strand=-
1836_g               -            661 44402                -            348   7.4e-06   23.6   0.1   1   1   6.9e-08   7.4e-06   23.6   0.1   116   200   159   246   137   276 0.79 length=662	scaffold=chromosome13	strand=+
4567_g               -            316 44402                -            348   2.7e-05   21.7   0.4   1   1   2.5e-07   2.7e-05   21.7   0.4   263   328    77   138    65   154 0.82 length=317	scaffold=chromosome9	strand=-
4031_g               -            192 44402                -            348   5.6e-05   20.7   0.2   1   2   1.7e-05    0.0018   15.7   0.1   121   212     8   100     3   111 0.81 length=193	scaffold=chromosome7	strand=-
4031_g               -            192 44402                -            348   5.6e-05   20.7   0.2   2   2      0.14        15    2.9   0.0   122   189   119   180   113   186 0.67 length=193	scaffold=chromosome7	strand=-
484_g                -            670 44402                -            348   7.2e-05   20.4   0.3   1   1   1.2e-05    0.0012   16.3   0.2   118   200   126   209    62   218 0.72 length=671	scaffold=chromosome11	strand=-
3709_g               -            165 44402                -            348   0.00037   18.0   0.0   1   1   4.1e-06   0.00044   17.8   0.0   115   216    52   155    34   158 0.78 length=166	scaffold=chromosome6	strand=+
135_g                -            314 44402                -            348   0.00046   17.7   0.0   1   2   4.2e-05    0.0045   14.4   0.0   123   197     8    79     2    91 0.87 length=315	scaffold=chromosome10	strand=+
135_g                -            314 44402                -            348   0.00046   17.7   0.0   2   2      0.57        62    0.8   0.0   135   202   122   182   105   191 0.73 length=315	scaffold=chromosome10	strand=+
3387_g               -            236 44402                -            348   0.00051   17.6   0.0   1   1   6.7e-06   0.00072   17.1   0.0   121   197    32   108    18   112 0.92 length=237	scaffold=chromosome5	strand=+
2003_g               -            296 44402                -            348   0.00052   17.5   0.3   1   1   6.6e-06   0.00071   17.1   0.3   108   196    82   171    31   201 0.80 length=297	scaffold=chromosome14	strand=-
5265_g               -            193 44402                -            348   0.00054   17.5   0.0   1   1   6.1e-06   0.00065   17.2   0.0   133   205     8    79     1    91 0.77 length=193	scaffold=scf_5584	strand=-	adjustedToFrame=3
1941_g               -            158 44402                -            348    0.0047   14.4   0.1   1   1     7e-05    0.0075   13.7   0.1   117   182    30    92    15   121 0.80 length=159	scaffold=chromosome14	strand=-
1470_g               -            189 44402                -            348     0.016   12.7   0.1   1   1   0.00019      0.02   12.3   0.1   117   209    84   178    69   188 0.81 length=190	scaffold=chromosome13	strand=+
#
# Program:         hmmsearch
# Version:         3.4 (Aug 2023)
# Pipeline mode:   SEARCH
# Query file:      /home/inf-20-2025/Malaria/busco_downloads/lineages/apicomplexa_odb12/hmms/44402at5794.hmm
# Target file:     /home/inf-20-2025/Malaria/Results/6_nobird_annotation/P_vivax.faa
# Option settings: hmmsearch --domtblout Results/8_busco/P_vivax/run_apicomplexa_odb12/hmmer_output/initial_run_results/44402at5794.out --cpu 1 /home/inf-20-2025/Malaria/busco_downloads/lineages/apicomplexa_odb12/hmms/44402at5794.hmm /home/inf-20-2025/Malaria/Results/6_nobird_annotation/P_vivax.faa 
# Current dir:     /home/inf-20-2025/Malaria
# Date:            Wed Mar  4 18:32:11 2026
# [ok]
