#                                                                            --- full sequence --- -------------- this domain -------------   hmm coord   ali coord   env coord
# target name        accession   tlen query name           accession   qlen   E-value  score  bias   #  of  c-Evalue  i-Evalue  score  bias  from    to  from    to  from    to  acc description of target
#------------------- ---------- ----- -------------------- ---------- ----- --------- ------ ----- --- --- --------- --------- ------ ----- ----- ----- ----- ----- ----- ----- ---- ---------------------
3040_g               -            539 47873                -            411  4.1e-209  692.8   2.8   1   1  4.3e-211  5.5e-209  692.4   2.8     4   409   123   528   120   530 0.99 length=540	scaffold=chromosome4	strand=+
471_g                -            599 47873                -            411  6.5e-102  339.7   1.5   1   1  6.6e-104  8.5e-102  339.3   1.5     4   361   137   500   134   525 0.94 length=600	scaffold=chromosome11	strand=+
2251_g               -            717 47873                -            411   1.3e-89  299.2   0.3   1   2   1.9e-18   2.4e-16   57.9   0.0    11    79   276   343   267   346 0.90 length=718	scaffold=chromosome14	strand=-
2251_g               -            717 47873                -            411   1.3e-89  299.2   0.3   2   2   1.5e-73     2e-71  239.3   0.1    77   355   397   678   393   708 0.92 length=718	scaffold=chromosome14	strand=-
122_g                -           1006 47873                -            411   1.9e-89  298.6   0.0   1   1   8.6e-89   1.1e-86  289.5   0.0    16   368   584   967   580   979 0.89 length=1007	scaffold=chromosome10	strand=+
4237_g               -            433 47873                -            411   7.7e-86  286.8   0.1   1   1   7.6e-88   9.9e-86  286.4   0.1     6   376    53   422    48   429 0.97 length=434	scaffold=chromosome8	strand=-
946_g                -            489 47873                -            411   3.3e-85  284.7   0.0   1   1   6.8e-87   8.8e-85  283.3   0.0    10   408    55   473    46   476 0.90 length=490	scaffold=chromosome12	strand=+
1313_g               -            528 47873                -            411   1.4e-84  282.7   0.0   1   1   1.5e-86   1.9e-84  282.2   0.0    14   357   114   466   108   485 0.93 length=529	scaffold=chromosome12	strand=-
33_g                 -            667 47873                -            411   4.5e-84  281.0   0.9   1   1   3.8e-86   4.9e-84  280.8   0.0    13   361   218   579   215   611 0.91 length=668	scaffold=chromosome10	strand=-
1099_g               -           2045 47873                -            411   5.9e-82  274.0   0.3   1   1   8.6e-84   1.1e-81  273.1   0.3     7   377  1664  2037  1658  2042 0.95 length=2046	scaffold=chromosome12	strand=-
2475_g               -            737 47873                -            411   8.6e-82  273.4   6.1   1   1   9.2e-82   1.2e-79  266.4   6.1    10   406   101   533    92   545 0.84 length=738	scaffold=chromosome14	strand=+
3468_g               -            388 47873                -            411   2.7e-80  268.5   0.5   1   1   2.8e-82   3.7e-80  268.1   0.5     5   377     7   380     3   386 0.97 length=389	scaffold=chromosome5	strand=+
2103_g               -            926 47873                -            411     4e-79  264.7   1.3   1   2   1.6e-35   2.1e-33  114.1   0.0    18   182   345   529   335   537 0.86 length=927	scaffold=chromosome14	strand=-
2103_g               -            926 47873                -            411     4e-79  264.7   1.3   2   2   2.5e-45   3.3e-43  146.4   0.6   187   371   558   743   549   768 0.95 length=927	scaffold=chromosome14	strand=-
215_g                -           1770 47873                -            411   6.3e-79  264.0   0.0   1   1   9.1e-81   1.2e-78  263.1   0.0    14   362   978  1341   970  1382 0.89 length=1771	scaffold=chromosome10	strand=-
3121_g               -            470 47873                -            411   5.5e-76  254.3   1.8   1   2   5.1e-17   6.6e-15   53.1   0.0    13    78    56   121    47   125 0.93 length=471	scaffold=chromosome4	strand=+
3121_g               -            470 47873                -            411   5.5e-76  254.3   1.8   2   2   1.5e-61   1.9e-59  199.9   1.0    81   376   156   457   151   469 0.89 length=471	scaffold=chromosome4	strand=+
257_g                -            720 47873                -            411   4.1e-70  235.0   0.1   1   2   9.3e-13   1.2e-10   39.1   0.0    14    77   126   190   116   195 0.89 length=721	scaffold=chromosome10	strand=-
257_g                -            720 47873                -            411   4.1e-70  235.0   0.1   2   2   1.2e-59   1.5e-57  193.6   0.2    82   386   225   534   218   551 0.86 length=721	scaffold=chromosome10	strand=-
1685_g               -            875 47873                -            411     3e-68  228.8   6.0   1   1   3.5e-70   4.6e-68  228.2   6.0    11   386   130   519   124   542 0.85 length=876	scaffold=chromosome13	strand=+
3253_g               -           1181 47873                -            411   2.2e-67  226.0   2.2   1   1   3.3e-69   4.3e-67  225.0   2.2    10   379   163   543   154   576 0.87 length=1182	scaffold=chromosome5	strand=+
3644_g               -           1149 47873                -            411   7.6e-61  204.5   0.9   1   2   3.7e-43   4.8e-41  139.2   0.1    20   289   707   994   695   998 0.88 length=1150	scaffold=chromosome6	strand=-
3644_g               -           1149 47873                -            411   7.6e-61  204.5   0.9   2   2   3.3e-20   4.3e-18   63.6   0.0   289   354  1052  1118  1040  1140 0.85 length=1150	scaffold=chromosome6	strand=-
1910_g               -            626 47873                -            411   1.5e-60  203.5   4.9   1   1   1.5e-62     2e-60  203.1   4.9    30   371   164   522   153   550 0.83 length=627	scaffold=chromosome14	strand=+
4231_g               -            761 47873                -            411     2e-56  189.9   7.0   1   2   2.5e-10   3.3e-08   31.1   0.0    20    79   261   320   249   323 0.86 length=762	scaffold=chromosome8	strand=-
4231_g               -            761 47873                -            411     2e-56  189.9   7.0   2   2   8.1e-49     1e-46  157.9   5.7    80   400   376   702   370   713 0.85 length=762	scaffold=chromosome8	strand=-
1320_g               -            768 47873                -            411   9.7e-55  184.3   5.4   1   2   3.7e-38   4.8e-36  122.8   0.5    18   212   222   438   214   459 0.82 length=769	scaffold=chromosome12	strand=-
1320_g               -            768 47873                -            411   9.7e-55  184.3   5.4   2   2   4.9e-20   6.3e-18   63.1   0.5   277   393   574   692   522   711 0.88 length=769	scaffold=chromosome12	strand=-
1188_g               -            787 47873                -            411     1e-51  174.4   4.7   1   2   4.6e-47     6e-45  152.1   2.8    10   331   369   707   360   713 0.87 length=788	scaffold=chromosome12	strand=-
1188_g               -            787 47873                -            411     1e-51  174.4   4.7   2   2   3.1e-07     4e-05   20.9   0.0   333   371   729   767   721   784 0.86 length=788	scaffold=chromosome12	strand=-
2953_g               -           1079 47873                -            411   1.1e-51  174.3   3.2   1   3   3.2e-36   4.1e-34  116.4   0.1    20   184   127   301   117   307 0.86 length=1080	scaffold=chromosome3	strand=+
2953_g               -           1079 47873                -            411   1.1e-51  174.3   3.2   2   3     0.014       1.7    5.6   0.1   218   277   424   485   416   501 0.84 length=1080	scaffold=chromosome3	strand=+
2953_g               -           1079 47873                -            411   1.1e-51  174.3   3.2   3   3   2.2e-16   2.8e-14   51.1   0.0   281   364   598   685   583   705 0.84 length=1080	scaffold=chromosome3	strand=+
91_g                 -            816 47873                -            411   2.8e-45  153.2  10.1   1   3   6.6e-15   8.5e-13   46.2   0.0    14    75     3    64     1    72 0.92 length=817	scaffold=chromosome10	strand=-
91_g                 -            816 47873                -            411   2.8e-45  153.2  10.1   2   3   8.7e-17   1.1e-14   52.4   0.4    77   224   325   475   306   512 0.79 length=817	scaffold=chromosome10	strand=-
91_g                 -            816 47873                -            411   2.8e-45  153.2  10.1   3   3   7.5e-18   9.7e-16   55.9   2.4   226   354   539   684   515   693 0.81 length=817	scaffold=chromosome10	strand=-
2382_g               -            862 47873                -            411   3.3e-40  136.5  18.2   1   4   2.6e-32   3.3e-30  103.5   0.1    11   216   101   318    92   325 0.79 length=863	scaffold=chromosome14	strand=-
2382_g               -            862 47873                -            411   3.3e-40  136.5  18.2   2   4    0.0043      0.55    7.3   0.1   233   299   388   458   372   465 0.75 length=863	scaffold=chromosome14	strand=-
2382_g               -            862 47873                -            411   3.3e-40  136.5  18.2   3   4   2.1e-12   2.8e-10   37.9   0.2   313   372   528   588   526   629 0.71 length=863	scaffold=chromosome14	strand=-
2382_g               -            862 47873                -            411   3.3e-40  136.5  18.2   4   4       1.8   2.3e+02   -1.3   0.1   354   397   597   642   583   656 0.67 length=863	scaffold=chromosome14	strand=-
3562_g               -            623 47873                -            411   5.3e-39  132.5   4.3   1   2   3.9e-13   5.1e-11   40.3   0.1    26    76   144   195   137   199 0.88 length=624	scaffold=chromosome6	strand=-
3562_g               -            623 47873                -            411   5.3e-39  132.5   4.3   2   2   3.8e-29     5e-27   93.1   0.8    80   367   248   542   242   553 0.77 length=624	scaffold=chromosome6	strand=-
5521_g               -            514 47873                -            411   3.9e-37  126.4   5.1   1   2   1.5e-38   1.9e-36  124.1   0.4    18   212   124   340   115   361 0.82 length=515	scaffold=scf_7005	strand=-
5521_g               -            514 47873                -            411   3.9e-37  126.4   5.1   2   2     0.059       7.6    3.5   0.5   277   314   476   514   424   514 0.83 length=515	scaffold=scf_7005	strand=-
2605_g               -           1254 47873                -            411     4e-37  126.3   8.8   1   5     6e-10   7.7e-08   29.9   0.0     5    78    19    92    16    98 0.90 length=1255	scaffold=chromosome1	strand=+
2605_g               -           1254 47873                -            411     4e-37  126.3   8.8   2   5   0.00011     0.014   12.5   0.0    82   105   136   159   131   165 0.87 length=1255	scaffold=chromosome1	strand=+
2605_g               -           1254 47873                -            411     4e-37  126.3   8.8   3   5    0.0028      0.36    7.9   0.0   108   144   216   253   202   260 0.81 length=1255	scaffold=chromosome1	strand=+
2605_g               -           1254 47873                -            411     4e-37  126.3   8.8   4   5   7.4e-05    0.0095   13.1   0.1   157   207   287   339   277   347 0.79 length=1255	scaffold=chromosome1	strand=+
2605_g               -           1254 47873                -            411     4e-37  126.3   8.8   5   5   4.4e-20   5.6e-18   63.3   1.0   236   361   586   712   558   743 0.87 length=1255	scaffold=chromosome1	strand=+
1683_g               -           1019 47873                -            411     9e-36  121.9  11.1   1   5     2e-12   2.6e-10   38.0   0.1    10    79    69   138    61   142 0.93 length=1020	scaffold=chromosome13	strand=-
1683_g               -           1019 47873                -            411     9e-36  121.9  11.1   2   5   0.00088      0.11    9.6   0.0    78   104   261   287   256   298 0.81 length=1020	scaffold=chromosome13	strand=-
1683_g               -           1019 47873                -            411     9e-36  121.9  11.1   3   5   3.8e-09   4.9e-07   27.2   0.1   118   197   327   408   311   414 0.85 length=1020	scaffold=chromosome13	strand=-
1683_g               -           1019 47873                -            411     9e-36  121.9  11.1   4   5   5.2e-16   6.7e-14   49.8   1.6   250   362   554   667   537   719 0.73 length=1020	scaffold=chromosome13	strand=-
1683_g               -           1019 47873                -            411     9e-36  121.9  11.1   5   5       7.7     1e+03   -3.4   0.0   158   185   950   974   946   977 0.75 length=1020	scaffold=chromosome13	strand=-
259_g                -            553 47873                -            411   1.8e-27   94.6   3.5   1   1   1.9e-29   2.4e-27   94.1   3.5    10   385   120   519   114   544 0.77 length=554	scaffold=chromosome10	strand=-
1419_g               -            991 47873                -            411   1.1e-26   91.9   0.0   1   2   2.1e-05    0.0027   14.9   0.0    52   116   145   209   137   224 0.76 length=992	scaffold=chromosome13	strand=-
1419_g               -            991 47873                -            411   1.1e-26   91.9   0.0   2   2   1.9e-23   2.4e-21   74.4   0.0   253   371   481   599   476   634 0.86 length=992	scaffold=chromosome13	strand=-
2539_g               -           1071 47873                -            411   2.1e-25   87.7   6.9   1   6   4.6e-05    0.0059   13.8   0.0    10    66    91   144    83   147 0.87 length=1072	scaffold=chromosome1	strand=-
2539_g               -           1071 47873                -            411   2.1e-25   87.7   6.9   2   6       1.6   2.1e+02   -1.2   0.0    60    79   233   252   224   257 0.79 length=1072	scaffold=chromosome1	strand=-
2539_g               -           1071 47873                -            411   2.1e-25   87.7   6.9   3   6      0.11        14    2.6   0.0    81   110   345   374   333   388 0.74 length=1072	scaffold=chromosome1	strand=-
2539_g               -           1071 47873                -            411   2.1e-25   87.7   6.9   4   6   0.00086      0.11    9.6   0.0   124   193   447   519   441   526 0.80 length=1072	scaffold=chromosome1	strand=-
2539_g               -           1071 47873                -            411   2.1e-25   87.7   6.9   5   6       3.6   4.6e+02   -2.3   0.1   152   192   704   744   690   752 0.73 length=1072	scaffold=chromosome1	strand=-
2539_g               -           1071 47873                -            411   2.1e-25   87.7   6.9   6   6   2.3e-18   2.9e-16   57.6   3.2   250   398   778   936   772   948 0.77 length=1072	scaffold=chromosome1	strand=-
4449_g               -           1339 47873                -            411   3.4e-24   83.7   0.0   1   2     7e-06    0.0009   16.5   0.0    10    77   139   206   131   221 0.87 length=1340	scaffold=chromosome9	strand=+
4449_g               -           1339 47873                -            411   3.4e-24   83.7   0.0   2   2   1.6e-20     2e-18   64.7   0.1   249   346   892   990   886   998 0.93 length=1340	scaffold=chromosome9	strand=+
2840_g               -            548 47873                -            411   9.1e-23   79.0   8.6   1   1   1.3e-24   1.7e-22   78.1   8.6    52   374   137   494   116   535 0.67 length=549	scaffold=chromosome3	strand=-
2898_g               -           1189 47873                -            411   1.1e-20   72.2   0.4   1   2   2.7e-14   3.5e-12   44.2   0.1    32   197   251   435   217   447 0.75 length=1190	scaffold=chromosome3	strand=-
2898_g               -           1189 47873                -            411   1.1e-20   72.2   0.4   2   2   1.1e-08   1.4e-06   25.7   0.0   281   355   847   925   833   934 0.84 length=1190	scaffold=chromosome3	strand=-
1595_g               -           1282 47873                -            411   6.7e-14   49.8   0.1   1   2   2.3e-06   0.00029   18.1   0.0     5   104    19   111    13   150 0.76 length=1283	scaffold=chromosome13	strand=-
1595_g               -           1282 47873                -            411   6.7e-14   49.8   0.1   2   2   7.5e-10   9.7e-08   29.5   0.1   253   356   282   386   268   432 0.87 length=1283	scaffold=chromosome13	strand=-
3868_g               -            738 47873                -            411   8.6e-12   42.9   0.8   1   1   1.5e-13     2e-11   41.7   0.8   247   387   376   516   351   538 0.81 length=739	scaffold=chromosome7	strand=+
2761_g               -           1378 47873                -            411   1.9e-11   41.7   0.3   1   4   0.00032     0.042   11.0   0.0     4    47   475   519   472   525 0.85 length=1379	scaffold=chromosome2	strand=-
2761_g               -           1378 47873                -            411   1.9e-11   41.7   0.3   2   4       2.3     3e+02   -1.7   0.0    59    77   622   640   619   642 0.91 length=1379	scaffold=chromosome2	strand=-
2761_g               -           1378 47873                -            411   1.9e-11   41.7   0.3   3   4     0.011       1.4    6.0   0.0   133   167   897   931   893   937 0.91 length=1379	scaffold=chromosome2	strand=-
2761_g               -           1378 47873                -            411   1.9e-11   41.7   0.3   4   4   8.5e-07   0.00011   19.5   0.1   299   356  1199  1257  1121  1273 0.68 length=1379	scaffold=chromosome2	strand=-
3466_g               -           2675 47873                -            411   1.2e-08   32.5   0.1   1   3   2.6e-05    0.0033   14.6   0.0    32   169   697   841   685   864 0.72 length=2676	scaffold=chromosome5	strand=+
3466_g               -           2675 47873                -            411   1.2e-08   32.5   0.1   2   3     0.037       4.7    4.2   0.0   283   367  1070  1167  1013  1204 0.79 length=2676	scaffold=chromosome5	strand=+
3466_g               -           2675 47873                -            411   1.2e-08   32.5   0.1   3   3   0.00098      0.13    9.4   0.0    84   143  1745  1801  1737  1833 0.85 length=2676	scaffold=chromosome5	strand=+
1965_g               -            726 47873                -            411   7.6e-08   29.9   0.3   1   5      0.06       7.8    3.5   0.0    34    78    66   110    52   117 0.80 length=727	scaffold=chromosome14	strand=-
1965_g               -            726 47873                -            411   7.6e-08   29.9   0.3   2   5   0.00048     0.063   10.4   0.0    85   106   190   211   181   222 0.88 length=727	scaffold=chromosome14	strand=-
1965_g               -            726 47873                -            411   7.6e-08   29.9   0.3   3   5      0.58        75    0.3   0.0   152   169   308   324   281   376 0.83 length=727	scaffold=chromosome14	strand=-
1965_g               -            726 47873                -            411   7.6e-08   29.9   0.3   4   5      0.47        61    0.6   0.1   239   287   507   555   485   571 0.84 length=727	scaffold=chromosome14	strand=-
1965_g               -            726 47873                -            411   7.6e-08   29.9   0.3   5   5     0.004      0.52    7.4   0.0   301   354   595   649   578   667 0.84 length=727	scaffold=chromosome14	strand=-
3315_g               -           1795 47873                -            411   5.5e-06   23.8   0.4   1   1   1.3e-07   1.6e-05   22.2   0.4   252   363  1415  1531  1350  1551 0.81 length=1796	scaffold=chromosome5	strand=+
3712_g               -           3241 47873                -            411   1.2e-05   22.7   0.2   1   1   1.8e-07   2.4e-05   21.7   0.2   251   368  1709  1826  1685  1853 0.74 length=3242	scaffold=chromosome6	strand=+
4425_g               -           1404 47873                -            411   0.00035   17.8   0.1   1   1   5.3e-06   0.00069   16.9   0.1   236   375   619   764   610   792 0.73 length=1405	scaffold=chromosome9	strand=-
2469_g               -           1589 47873                -            411     0.011   12.8   0.1   1   1   0.00015     0.019   12.1   0.1   247   325  1431  1511  1420  1561 0.83 length=1590	scaffold=chromosome14	strand=+
#
# Program:         hmmsearch
# Version:         3.4 (Aug 2023)
# Pipeline mode:   SEARCH
# Query file:      /home/inf-20-2025/Malaria/busco_downloads/lineages/apicomplexa_odb12/hmms/47873at5794.hmm
# Target file:     /home/inf-20-2025/Malaria/Results/6_nobird_annotation/P_vivax.faa
# Option settings: hmmsearch --domtblout Results/8_busco/P_vivax/run_apicomplexa_odb12/hmmer_output/initial_run_results/47873at5794.out --cpu 1 /home/inf-20-2025/Malaria/busco_downloads/lineages/apicomplexa_odb12/hmms/47873at5794.hmm /home/inf-20-2025/Malaria/Results/6_nobird_annotation/P_vivax.faa 
# Current dir:     /home/inf-20-2025/Malaria
# Date:            Wed Mar  4 18:32:07 2026
# [ok]
