#                                                                            --- full sequence --- -------------- this domain -------------   hmm coord   ali coord   env coord
# target name        accession   tlen query name           accession   qlen   E-value  score  bias   #  of  c-Evalue  i-Evalue  score  bias  from    to  from    to  from    to  acc description of target
#------------------- ---------- ----- -------------------- ---------- ----- --------- ------ ----- --- --- --------- --------- ------ ----- ----- ----- ----- ----- ----- ----- ---- ---------------------
2626_g               -            465 49897                -            280   1.2e-87  292.7   7.5   1   3   9.4e-72   1.8e-68  229.8   0.2     2   146     7   152     6   171 0.91 length=466	scaffold=chromosome1	strand=+
2626_g               -            465 49897                -            280   1.2e-87  292.7   7.5   2   3   0.00062       1.2    7.3   0.0   157   188   236   268   225   301 0.72 length=466	scaffold=chromosome1	strand=+
2626_g               -            465 49897                -            280   1.2e-87  292.7   7.5   3   3   3.2e-19     6e-16   57.5   1.8   190   280   358   465   352   465 0.79 length=466	scaffold=chromosome1	strand=+
2406_g               -            341 49897                -            280   4.1e-38  130.2   4.2   1   1   3.7e-41   6.9e-38  129.5   4.2    28   278    16   254     7   258 0.75 length=342	scaffold=chromosome14	strand=-
49_g                 -            530 49897                -            280   1.4e-19   69.4   3.2   1   4   7.3e-23   1.4e-19   69.4   3.2    29   101    22    94    11   195 0.89 length=531	scaffold=chromosome10	strand=+
49_g                 -            530 49897                -            280   1.4e-19   69.4   3.2   2   4      0.86   1.6e+03   -3.0   3.4   145   214   189   259   151   295 0.53 length=531	scaffold=chromosome10	strand=+
49_g                 -            530 49897                -            280   1.4e-19   69.4   3.2   3   4         3   5.7e+03   -8.3  11.7   131   213   363   445   305   463 0.41 length=531	scaffold=chromosome10	strand=+
49_g                 -            530 49897                -            280   1.4e-19   69.4   3.2   4   4       1.3   2.5e+03   -3.6   5.4   144   183   492   528   440   530 0.53 length=531	scaffold=chromosome10	strand=+
#
# Program:         hmmsearch
# Version:         3.4 (Aug 2023)
# Pipeline mode:   SEARCH
# Query file:      /home/inf-20-2025/Malaria/busco_downloads/lineages/apicomplexa_odb12/hmms/49897at5794.hmm
# Target file:     /home/inf-20-2025/Malaria/Results/6_nobird_annotation/P_vivax.faa
# Option settings: hmmsearch --domtblout Results/8_busco/P_vivax/run_apicomplexa_odb12/hmmer_output/initial_run_results/49897at5794.out --cpu 1 /home/inf-20-2025/Malaria/busco_downloads/lineages/apicomplexa_odb12/hmms/49897at5794.hmm /home/inf-20-2025/Malaria/Results/6_nobird_annotation/P_vivax.faa 
# Current dir:     /home/inf-20-2025/Malaria
# Date:            Wed Mar  4 18:32:11 2026
# [ok]
