#                                                                            --- full sequence --- -------------- this domain -------------   hmm coord   ali coord   env coord
# target name        accession   tlen query name           accession   qlen   E-value  score  bias   #  of  c-Evalue  i-Evalue  score  bias  from    to  from    to  from    to  acc description of target
#------------------- ---------- ----- -------------------- ---------- ----- --------- ------ ----- --- --- --------- --------- ------ ----- ----- ----- ----- ----- ----- ----- ---- ---------------------
2098_g               -            606 5667                 -            283   7.1e-97  322.0  23.1   1   3   6.8e-37   2.6e-34  116.7   0.2     2    98    45   141    44   148 0.96 length=607	scaffold=chromosome14	strand=+
2098_g               -            606 5667                 -            283   7.1e-97  322.0  23.1   2   3   7.2e-15   2.7e-12   44.4   0.2    86   143   230   287   228   306 0.79 length=607	scaffold=chromosome14	strand=+
2098_g               -            606 5667                 -            283   7.1e-97  322.0  23.1   3   3   1.3e-51   4.8e-49  165.1  13.0   133   280   440   600   436   603 0.90 length=607	scaffold=chromosome14	strand=+
5670_g               -            331 5667                 -            283   2.1e-35  120.3   0.5   1   2   2.7e-27     1e-24   85.2   0.1     9   234    21   252    14   258 0.82 length=331	scaffold=scf_7209	strand=+	adjustedToFrame=3
5670_g               -            331 5667                 -            283   2.1e-35  120.3   0.5   2   2     8e-14     3e-11   41.0   0.0    85   195   202   312   201   319 0.82 length=331	scaffold=scf_7209	strand=+	adjustedToFrame=3
3594_g               -            301 5667                 -            283   2.9e-33  113.3   0.2   1   2   1.7e-27   6.4e-25   85.9   0.1     9   236    15   248     8   253 0.82 length=302	scaffold=chromosome6	strand=+
3594_g               -            301 5667                 -            283   2.9e-33  113.3   0.2   2   2   2.3e-09   8.8e-07   26.4   0.0   139   188   250   299   244   301 0.93 length=302	scaffold=chromosome6	strand=+
3280_g               -            318 5667                 -            283   4.2e-29   99.6   0.1   1   2   2.6e-10   9.9e-08   29.5   0.0   189   269    20   104    17   119 0.82 length=319	scaffold=chromosome5	strand=-
3280_g               -            318 5667                 -            283   4.2e-29   99.6   0.1   2   2   4.5e-22   1.7e-19   68.1   0.1     8   188   131   312   126   316 0.89 length=319	scaffold=chromosome5	strand=-
327_g                -            494 5667                 -            283   2.5e-28   97.1   3.6   1   4     0.017       6.5    3.8   0.0    93   131     8    46     2    55 0.74 length=495	scaffold=chromosome11	strand=+
327_g                -            494 5667                 -            283   2.5e-28   97.1   3.6   2   4   1.6e-05    0.0062   13.7   0.0    42    89   206   253   184   269 0.79 length=495	scaffold=chromosome11	strand=+
327_g                -            494 5667                 -            283   2.5e-28   97.1   3.6   3   4   1.8e-14   6.7e-12   43.2   0.1    88   229   281   432   277   441 0.79 length=495	scaffold=chromosome11	strand=+
327_g                -            494 5667                 -            283   2.5e-28   97.1   3.6   4   4   5.7e-14   2.2e-11   41.5   1.0    98   191   401   492   387   494 0.84 length=495	scaffold=chromosome11	strand=+
3784_g               -            515 5667                 -            283     5e-23   79.7  13.3   1   3   0.00038      0.14    9.3   0.3     8   186    95   167    80   177 0.45 length=516	scaffold=chromosome7	strand=+
3784_g               -            515 5667                 -            283     5e-23   79.7  13.3   2   3   9.4e-14   3.6e-11   40.8   0.4   199   279   215   297   201   300 0.88 length=516	scaffold=chromosome7	strand=+
3784_g               -            515 5667                 -            283     5e-23   79.7  13.3   3   3   8.5e-12   3.2e-09   34.4   1.9   196   281   411   508   398   510 0.76 length=516	scaffold=chromosome7	strand=+
2864_g               -           1524 5667                 -            283   2.7e-18   64.1  15.0   1   3   3.3e-14   1.2e-11   42.3   9.1    95   281     3   197     1   199 0.77 length=1525	scaffold=chromosome3	strand=+
2864_g               -           1524 5667                 -            283   2.7e-18   64.1  15.0   2   3   3.7e-07   0.00014   19.2   0.0    90   133   205   248   201   284 0.78 length=1525	scaffold=chromosome3	strand=+
2864_g               -           1524 5667                 -            283   2.7e-18   64.1  15.0   3   3     0.025       9.4    3.3   0.1   145   171   336   362   323   366 0.75 length=1525	scaffold=chromosome3	strand=+
2718_g               -            332 5667                 -            283   4.9e-18   63.3   0.1   1   2   2.6e-08     1e-05   22.9   0.1    98   195    21   128    15   136 0.80 length=333	scaffold=chromosome2	strand=+
2718_g               -            332 5667                 -            283   4.9e-18   63.3   0.1   2   2   1.6e-12     6e-10   36.8   0.0    11   173   154   314   146   330 0.75 length=333	scaffold=chromosome2	strand=+
4096_g               -            341 5667                 -            283   6.2e-16   56.4  10.5   1   2   8.8e-15   3.3e-12   44.2   2.2     9   196    24   214    16   221 0.79 length=342	scaffold=chromosome8	strand=+
4096_g               -            341 5667                 -            283   6.2e-16   56.4  10.5   2   2   1.4e-06   0.00053   17.3   1.4   197   269   244   326   231   339 0.67 length=342	scaffold=chromosome8	strand=+
2380_g               -            211 5667                 -            283   5.3e-15   53.3   1.9   1   3   0.00046      0.17    9.0   0.0     9    35     9    35     2    40 0.82 length=212	scaffold=chromosome14	strand=+
2380_g               -            211 5667                 -            283   5.3e-15   53.3   1.9   2   3   1.3e-11   4.8e-09   33.8   1.1   158   282    41   166    35   167 0.85 length=212	scaffold=chromosome14	strand=+
2380_g               -            211 5667                 -            283   5.3e-15   53.3   1.9   3   3     9e-08   3.4e-05   21.2   0.0   144   230   118   209   115   211 0.80 length=212	scaffold=chromosome14	strand=+
3748_g               -           1119 5667                 -            283   3.2e-14   50.8   1.6   1   4    0.0015      0.55    7.3   0.0   190   240    24    74    19   102 0.75 length=1120	scaffold=chromosome7	strand=-
3748_g               -           1119 5667                 -            283   3.2e-14   50.8   1.6   2   4      0.15        55    0.8   0.0   158   190   670   703   658   723 0.64 length=1120	scaffold=chromosome7	strand=-
3748_g               -           1119 5667                 -            283   3.2e-14   50.8   1.6   3   4   0.00022     0.083   10.0   0.3   151   190   787   827   746   837 0.73 length=1120	scaffold=chromosome7	strand=-
3748_g               -           1119 5667                 -            283   3.2e-14   50.8   1.6   4   4     3e-09   1.1e-06   26.0   0.0   100   188  1027  1110  1013  1118 0.54 length=1120	scaffold=chromosome7	strand=-
5677_g               -            336 5667                 -            283   5.9e-11   40.1   1.8   1   4   2.4e-06   0.00091   16.5   0.0   202   281     9    87     3    89 0.86 length=336	scaffold=scf_7216	strand=-	adjustedToFrame=3
5677_g               -            336 5667                 -            283   5.9e-11   40.1   1.8   2   4   4.4e-05     0.017   12.3   0.0    39    79   123   163   115   183 0.85 length=336	scaffold=scf_7216	strand=-	adjustedToFrame=3
5677_g               -            336 5667                 -            283   5.9e-11   40.1   1.8   3   4    0.0021       0.8    6.8   0.1    22    68   246   288   230   295 0.68 length=336	scaffold=scf_7216	strand=-	adjustedToFrame=3
5677_g               -            336 5667                 -            283   5.9e-11   40.1   1.8   4   4   0.00067      0.25    8.5   0.1   146   182   267   303   247   322 0.77 length=336	scaffold=scf_7216	strand=-	adjustedToFrame=3
2218_g               -            306 5667                 -            283   6.9e-11   39.8   1.2   1   3   3.3e-06    0.0012   16.0   0.0   204   281     5    81     2    83 0.86 length=307	scaffold=chromosome14	strand=+
2218_g               -            306 5667                 -            283   6.9e-11   39.8   1.2   2   3   3.8e-05     0.014   12.6   0.0    39    80   117   158   109   177 0.85 length=307	scaffold=chromosome14	strand=+
2218_g               -            306 5667                 -            283   6.9e-11   39.8   1.2   3   3    0.0012      0.45    7.7   0.1   146   181   261   296   241   298 0.75 length=307	scaffold=chromosome14	strand=+
1421_g               -            323 5667                 -            283   4.7e-10   37.1   4.6   1   3    0.0065       2.4    5.2   0.1    11    37    37    64    28    66 0.83 length=324	scaffold=chromosome13	strand=-
1421_g               -            323 5667                 -            283   4.7e-10   37.1   4.6   2   3   5.9e-09   2.3e-06   25.0   0.6   142   246    63   172    61   213 0.80 length=324	scaffold=chromosome13	strand=-
1421_g               -            323 5667                 -            283   4.7e-10   37.1   4.6   3   3   0.00062      0.24    8.6   0.2   178   278   208   306   195   311 0.74 length=324	scaffold=chromosome13	strand=-
2714_g               -            418 5667                 -            283   6.1e-05   20.3   6.3   1   3      0.89   3.4e+02   -1.8   0.1   217   232    22    37    20    64 0.72 length=419	scaffold=chromosome2	strand=-
2714_g               -            418 5667                 -            283   6.1e-05   20.3   6.3   2   3   0.00011     0.041   11.1   0.1   147   176    67    96    53   123 0.68 length=419	scaffold=chromosome2	strand=-
2714_g               -            418 5667                 -            283   6.1e-05   20.3   6.3   3   3   8.5e-05     0.032   11.4   0.8   210   276   205   276   174   310 0.55 length=419	scaffold=chromosome2	strand=-
#
# Program:         hmmsearch
# Version:         3.4 (Aug 2023)
# Pipeline mode:   SEARCH
# Query file:      /home/inf-20-2025/Malaria/busco_downloads/lineages/apicomplexa_odb12/hmms/5667at5794.hmm
# Target file:     /home/inf-20-2025/Malaria/Results/6_nobird_annotation/P_vivax.faa
# Option settings: hmmsearch --domtblout Results/8_busco/P_vivax/run_apicomplexa_odb12/hmmer_output/initial_run_results/5667at5794.out --cpu 1 /home/inf-20-2025/Malaria/busco_downloads/lineages/apicomplexa_odb12/hmms/5667at5794.hmm /home/inf-20-2025/Malaria/Results/6_nobird_annotation/P_vivax.faa 
# Current dir:     /home/inf-20-2025/Malaria
# Date:            Wed Mar  4 18:32:10 2026
# [ok]
