#                                                                            --- full sequence --- -------------- this domain -------------   hmm coord   ali coord   env coord
# target name        accession   tlen query name           accession   qlen   E-value  score  bias   #  of  c-Evalue  i-Evalue  score  bias  from    to  from    to  from    to  acc description of target
#------------------- ---------- ----- -------------------- ---------- ----- --------- ------ ----- --- --- --------- --------- ------ ----- ----- ----- ----- ----- ----- ----- ---- ---------------------
2156_g               -           1079 64460                -            542  1.8e-173  576.7  66.0   1   6   8.9e-08   1.4e-05   22.6   0.0    13    47    45    79    38   118 0.68 length=1080	scaffold=chromosome14	strand=+
2156_g               -           1079 64460                -            542  1.8e-173  576.7  66.0   2   6   2.4e-22   3.7e-20   70.7  13.6    41   132   126   217   119   222 0.87 length=1080	scaffold=chromosome14	strand=+
2156_g               -           1079 64460                -            542  1.8e-173  576.7  66.0   3   6       2.3   3.5e+02   -1.8   2.5   280   311   215   244   212   265 0.37 length=1080	scaffold=chromosome14	strand=+
2156_g               -           1079 64460                -            542  1.8e-173  576.7  66.0   4   6  1.1e-101   1.7e-99  332.6  13.8   126   379   266   530   258   564 0.88 length=1080	scaffold=chromosome14	strand=+
2156_g               -           1079 64460                -            542  1.8e-173  576.7  66.0   5   6     4e-30   6.1e-28   96.4   7.2   395   482   877   964   794   991 0.76 length=1080	scaffold=chromosome14	strand=+
2156_g               -           1079 64460                -            542  1.8e-173  576.7  66.0   6   6   5.5e-24   8.4e-22   76.1   1.7   465   541   997  1076   981  1077 0.83 length=1080	scaffold=chromosome14	strand=+
4102_g               -            723 64460                -            542   1.4e-24   85.3  24.3   1   2   1.8e-20   2.7e-18   64.5   1.8    84   154     3    75     2    77 0.92 length=724	scaffold=chromosome8	strand=-
4102_g               -            723 64460                -            542   1.4e-24   85.3  24.3   2   2   1.7e-11   2.6e-09   34.9  15.1   194   315   183   308   177   338 0.78 length=724	scaffold=chromosome8	strand=-
968_g                -            334 64460                -            542   9.9e-20   69.3   0.2   1   1   9.9e-22   1.5e-19   68.7   0.2    87   157    41   109    21   120 0.93 length=335	scaffold=chromosome12	strand=+
1509_g               -            245 64460                -            542     9e-18   62.8   0.7   1   1   7.9e-20   1.2e-17   62.4   0.7    85   167     2    82     1    97 0.85 length=246	scaffold=chromosome13	strand=+
3090_g               -            366 64460                -            542   7.6e-17   59.8   1.7   1   1   7.7e-19   1.2e-16   59.1   1.7    88   155    41   108    36   109 0.97 length=367	scaffold=chromosome4	strand=-
1409_g               -            406 64460                -            542   1.1e-16   59.2   0.2   1   1   9.8e-19   1.5e-16   58.8   0.2    83   154    76   147    48   184 0.89 length=407	scaffold=chromosome12	strand=+
486_g                -            380 64460                -            542   9.4e-16   56.2   2.3   1   2       6.3   9.7e+02   -3.3   0.1   175   190    12    27    11    28 0.83 length=381	scaffold=chromosome11	strand=+
486_g                -            380 64460                -            542   9.4e-16   56.2   2.3   2   2   6.2e-18   9.4e-16   56.2   2.3    88   155    45   108    42   138 0.88 length=381	scaffold=chromosome11	strand=+
2612_g               -            843 64460                -            542   2.9e-15   54.6   0.7   1   2       6.9   1.1e+03   -3.4   0.2   273   308    69   104    67   122 0.62 length=844	scaffold=chromosome1	strand=+
2612_g               -            843 64460                -            542   2.9e-15   54.6   0.7   2   2   1.9e-17   2.9e-15   54.6   0.7    87   154   297   361   293   363 0.94 length=844	scaffold=chromosome1	strand=+
1519_g               -            421 64460                -            542   1.7e-13   48.7   0.7   1   2   1.1e-15   1.7e-13   48.7   0.7    79   154    18    85    10    87 0.89 length=422	scaffold=chromosome13	strand=-
1519_g               -            421 64460                -            542   1.7e-13   48.7   0.7   2   2       6.7     1e+03   -3.4   3.6   298   342   358   401   344   419 0.41 length=422	scaffold=chromosome13	strand=-
76_g                 -            557 64460                -            542   2.7e-13   48.0   2.2   1   2   1.8e-15   2.7e-13   48.0   2.2    62   155   192   281   161   302 0.82 length=558	scaffold=chromosome10	strand=-
76_g                 -            557 64460                -            542   2.7e-13   48.0   2.2   2   2       3.2   4.9e+02   -2.3   3.2    44   316   446   466   413   554 0.43 length=558	scaffold=chromosome10	strand=-
1055_g               -            339 64460                -            542   4.6e-13   47.3   1.4   1   3   6.6e-11     1e-08   33.0   0.1    88   125     7    44     3    53 0.87 length=340	scaffold=chromosome12	strand=-
1055_g               -            339 64460                -            542   4.6e-13   47.3   1.4   2   3   2.7e-07   4.1e-05   21.0   0.2   128   154   113   139    98   147 0.88 length=340	scaffold=chromosome12	strand=-
1055_g               -            339 64460                -            542   4.6e-13   47.3   1.4   3   3       1.1   1.7e+02   -0.8   0.3   363   402   217   256   173   268 0.66 length=340	scaffold=chromosome12	strand=-
1728_g               -            381 64460                -            542   5.1e-13   47.1   2.7   1   1   5.2e-15   7.9e-13   46.5   2.7    85   154    51   116    45   118 0.93 length=382	scaffold=chromosome13	strand=-
5658_g               -            257 64460                -            542   1.5e-12   45.6   0.3   1   1   1.4e-14   2.1e-12   45.1   0.3    91   154   128   188   113   190 0.93 length=257	scaffold=scf_7185	strand=+
5501_g               -            259 64460                -            542   1.5e-12   45.5   0.3   1   1   1.4e-14   2.1e-12   45.1   0.3    91   154   121   181   106   183 0.93 length=259	scaffold=scf_6926	strand=+
5656_g               -            266 64460                -            542   1.6e-12   45.5   0.3   1   1   1.5e-14   2.3e-12   45.0   0.3    91   154   128   188   113   190 0.93 length=266	scaffold=scf_7183	strand=+
5553_g               -            290 64460                -            542   1.8e-12   45.3   0.3   1   1   1.7e-14   2.6e-12   44.8   0.3    91   154   128   188   113   190 0.93 length=290	scaffold=scf_7066	strand=+
5537_g               -            286 64460                -            542   1.8e-12   45.3   0.3   1   1   1.7e-14   2.6e-12   44.8   0.3    91   154   128   188   113   190 0.93 length=286	scaffold=scf_7040	strand=+
2017_g               -            720 64460                -            542   6.2e-12   43.6   0.3   1   1   6.9e-14   1.1e-11   42.8   0.3    91   154   131   191   117   193 0.93 length=721	scaffold=chromosome14	strand=-
3874_g               -            378 64460                -            542   1.2e-11   42.6   0.6   1   2   7.9e-14   1.2e-11   42.6   0.6    86   154    50   114    38   115 0.92 length=379	scaffold=chromosome7	strand=+
3874_g               -            378 64460                -            542   1.2e-11   42.6   0.6   2   2       4.5   6.9e+02   -2.8   9.4   293   377   263   347   247   364 0.46 length=379	scaffold=chromosome7	strand=+
2814_g               -           1102 64460                -            542   1.7e-11   42.1   0.2   1   1   1.1e-13   1.7e-11   42.1   0.2    77   154    69   146    17   148 0.78 length=1103	scaffold=chromosome2	strand=-
4727_g               -            381 64460                -            542   2.3e-11   41.7   4.8   1   2   1.5e-13   2.3e-11   41.7   4.8    37   156    61   175    28   206 0.75 length=382	scaffold=chromosome9	strand=-
4727_g               -            381 64460                -            542   2.3e-11   41.7   4.8   2   2         4   6.1e+02   -2.6   0.6    32    82   318   366   313   375 0.49 length=382	scaffold=chromosome9	strand=-
4469_g               -            549 64460                -            542   5.1e-11   40.5   0.7   1   1   5.2e-13     8e-11   39.9   0.7    89   154    34    93     7    95 0.93 length=550	scaffold=chromosome9	strand=-
3281_g               -            691 64460                -            542     1e-10   39.5   2.3   1   2       1.8   2.8e+02   -1.5  16.1   281   349    32   100    21   132 0.59 length=692	scaffold=chromosome5	strand=-
3281_g               -            691 64460                -            542     1e-10   39.5   2.3   2   2   6.7e-13     1e-10   39.5   2.3    89   154   142   204   137   207 0.94 length=692	scaffold=chromosome5	strand=-
1909_g               -            337 64460                -            542   1.3e-10   39.2   3.6   1   1   8.2e-13   1.3e-10   39.2   3.6    54   155    81   178    58   181 0.82 length=338	scaffold=chromosome14	strand=-
4079_g               -           1793 64460                -            542     7e-10   36.8   2.4   1   3   4.6e-12     7e-10   36.8   2.4    44   154   879   983   866   985 0.77 length=1794	scaffold=chromosome8	strand=+
4079_g               -           1793 64460                -            542     7e-10   36.8   2.4   2   3       0.4        61    0.7   2.2   280   336  1086  1142  1081  1224 0.47 length=1794	scaffold=chromosome8	strand=+
4079_g               -           1793 64460                -            542     7e-10   36.8   2.4   3   3       4.6   7.1e+02   -2.8   2.7   291   396  1302  1406  1285  1419 0.70 length=1794	scaffold=chromosome8	strand=+
2882_g               -            648 64460                -            542   5.5e-09   33.8   0.1   1   1   5.5e-11   8.4e-09   33.2   0.1    87   154    82   145    71   153 0.89 length=649	scaffold=chromosome3	strand=+
439_g                -            197 64460                -            542   8.5e-08   29.9   2.1   1   1   8.8e-10   1.4e-07   29.2   2.1    91   150     4    59     1    64 0.89 length=198	scaffold=chromosome11	strand=-
3987_g               -           1003 64460                -            542   1.7e-07   28.9   0.4   1   1   1.1e-09   1.7e-07   28.9   0.4   467   541   571   642   557   643 0.84 length=1004	scaffold=chromosome7	strand=+
285_g                -            177 64460                -            542     5e-07   27.4   1.6   1   2   5.3e-09   8.2e-07   26.7   0.1    89   129     8    48     4    53 0.89 length=178	scaffold=chromosome10	strand=-
285_g                -            177 64460                -            542     5e-07   27.4   1.6   2   2      0.79   1.2e+02   -0.3   0.2   315   315    87    87    62   141 0.51 length=178	scaffold=chromosome10	strand=-
4788_g               -            321 64460                -            542   1.9e-06   25.4   0.7   1   3   1.3e-08   1.9e-06   25.4   0.7    83   156    30    94    18   101 0.80 length=322	scaffold=chromosome9	strand=+
4788_g               -            321 64460                -            542   1.9e-06   25.4   0.7   2   3       6.3   9.6e+02   -3.3   0.4   288   292   153   157   135   197 0.49 length=322	scaffold=chromosome9	strand=+
4788_g               -            321 64460                -            542   1.9e-06   25.4   0.7   3   3       3.8   5.9e+02   -2.6   5.0    51   332   275   312   258   318 0.49 length=322	scaffold=chromosome9	strand=+
4630_g               -            638 64460                -            542   6.6e-05   20.4   0.3   1   1   9.4e-07   0.00014   19.2   0.3    25   126   518   621   498   626 0.68 length=639	scaffold=chromosome9	strand=+
2716_g               -            322 64460                -            542   0.00013   19.4   0.7   1   1     1e-06   0.00016   19.1   0.7    95   165    78   149    47   161 0.80 length=323	scaffold=chromosome2	strand=+
2980_g               -            115 64460                -            542   0.00025   18.5   0.0   1   1   1.6e-06   0.00025   18.5   0.0    87   126    63   102    18   111 0.88 length=116	scaffold=chromosome3	strand=+
3884_g               -            199 64460                -            542   0.00048   17.5   0.6   1   1   4.2e-06   0.00064   17.1   0.6   104   176    61   133    28   142 0.86 length=200	scaffold=chromosome7	strand=-
5344_g               -            149 64460                -            542    0.0012   16.2  20.6   1   1   8.6e-06    0.0013   16.1  20.6   280   394    13   130     2   148 0.45 length=150	scaffold=scf_6588	strand=-
564_g                -            358 64460                -            542      0.19    9.0   8.5   1   2   0.00014     0.022   12.0   4.1    87   154    69   132    31   137 0.80 length=359	scaffold=chromosome11	strand=+
564_g                -            358 64460                -            542      0.19    9.0   8.5   2   2       2.3   3.5e+02   -1.8   0.1   376   408   147   179   135   186 0.56 length=359	scaffold=chromosome11	strand=+
4011_g               -            270 64460                -            542      0.67    7.1  28.1   1   2   5.7e-05    0.0088   13.4  12.9   292   392    61   161    55   178 0.57 length=271	scaffold=chromosome7	strand=-
4011_g               -            270 64460                -            542      0.67    7.1  28.1   2   2      0.68     1e+02   -0.1   7.2   301   333   223   255   191   270 0.39 length=271	scaffold=chromosome7	strand=-
#
# Program:         hmmsearch
# Version:         3.4 (Aug 2023)
# Pipeline mode:   SEARCH
# Query file:      /home/inf-20-2025/Malaria/busco_downloads/lineages/apicomplexa_odb12/hmms/64460at5794.hmm
# Target file:     /home/inf-20-2025/Malaria/Results/6_nobird_annotation/P_vivax.faa
# Option settings: hmmsearch --domtblout Results/8_busco/P_vivax/run_apicomplexa_odb12/hmmer_output/initial_run_results/64460at5794.out --cpu 1 /home/inf-20-2025/Malaria/busco_downloads/lineages/apicomplexa_odb12/hmms/64460at5794.hmm /home/inf-20-2025/Malaria/Results/6_nobird_annotation/P_vivax.faa 
# Current dir:     /home/inf-20-2025/Malaria
# Date:            Wed Mar  4 18:32:10 2026
# [ok]
