#                                                                            --- full sequence --- -------------- this domain -------------   hmm coord   ali coord   env coord
# target name        accession   tlen query name           accession   qlen   E-value  score  bias   #  of  c-Evalue  i-Evalue  score  bias  from    to  from    to  from    to  acc description of target
#------------------- ---------- ----- -------------------- ---------- ----- --------- ------ ----- --- --- --------- --------- ------ ----- ----- ----- ----- ----- ----- ----- ---- ---------------------
3835_g               -            159 68711                -            159  1.4e-101  334.9   0.2   1   1    4e-104  1.6e-101  334.8   0.2     1   159     1   159     1   159 0.99 length=160	scaffold=chromosome7	strand=-
2084_g               -            164 68711                -            159   1.2e-38  130.4   0.0   1   1     4e-41   1.6e-38  130.0   0.0     2   151     3   144     2   150 0.94 length=165	scaffold=chromosome14	strand=+
4252_g               -            160 68711                -            159     8e-34  114.8   0.1   1   1   2.6e-36     1e-33  114.4   0.1     2   148     3   141     2   148 0.95 length=161	scaffold=chromosome8	strand=-
1436_g               -            147 68711                -            159     2e-30  103.7   0.1   1   1   6.3e-33   2.6e-30  103.4   0.1     4   150     2   140     1   146 0.94 length=148	scaffold=chromosome13	strand=+
3893_g               -            158 68711                -            159   1.6e-27   94.3   0.2   1   1   8.2e-30   3.3e-27   93.3   0.2     2   147     3   155     2   158 0.89 length=159	scaffold=chromosome7	strand=-
443_g                -            202 68711                -            159     1e-25   88.4   0.1   1   1   3.7e-28   1.5e-25   87.9   0.1    34   144    34   143    22   155 0.92 length=203	scaffold=chromosome11	strand=-
39_g                 -            152 68711                -            159   2.1e-23   80.9   0.0   1   1   6.1e-26   2.5e-23   80.7   0.0     6   147     5   138     1   148 0.85 length=153	scaffold=chromosome10	strand=+
697_g                -            152 68711                -            159   7.8e-17   59.6   0.1   1   1   2.2e-19   8.9e-17   59.4   0.1    35   136    27   127    11   149 0.91 length=153	scaffold=chromosome11	strand=+
2413_g               -            186 68711                -            159     9e-16   56.1   0.1   1   1   2.9e-18   1.2e-15   55.7   0.1    49   145    85   179    71   183 0.90 length=187	scaffold=chromosome14	strand=+
3621_g               -            311 68711                -            159   1.1e-15   55.9   0.0   1   1   5.1e-18   2.1e-15   54.9   0.0    43   149    36   142     7   149 0.88 length=312	scaffold=chromosome6	strand=+
1737_g               -            301 68711                -            159   1.9e-14   51.8   0.3   1   2      0.71   2.9e+02   -0.8   0.0    76   107    52    83    42   130 0.63 length=302	scaffold=chromosome13	strand=-
1737_g               -            301 68711                -            159   1.9e-14   51.8   0.3   2   2     2e-16   8.3e-14   49.7   0.2    40   124   186   269   157   283 0.90 length=302	scaffold=chromosome13	strand=-
832_g                -            215 68711                -            159   5.5e-14   50.3   0.1   1   1   2.1e-16   8.3e-14   49.7   0.1    33   124    95   185    70   198 0.89 length=216	scaffold=chromosome12	strand=-
4378_g               -            168 68711                -            159   9.2e-12   43.1   0.0   1   1   2.7e-14   1.1e-11   42.8   0.0    34   130    65   162    52   168 0.90 length=169	scaffold=chromosome8	strand=+
2398_g               -            624 68711                -            159   3.8e-06   24.8   0.1   1   1   1.7e-08   7.1e-06   24.0   0.1    51   151   209   312   194   319 0.84 length=625	scaffold=chromosome14	strand=+
#
# Program:         hmmsearch
# Version:         3.4 (Aug 2023)
# Pipeline mode:   SEARCH
# Query file:      /home/inf-20-2025/Malaria/busco_downloads/lineages/apicomplexa_odb12/hmms/68711at5794.hmm
# Target file:     /home/inf-20-2025/Malaria/Results/6_nobird_annotation/P_vivax.faa
# Option settings: hmmsearch --domtblout Results/8_busco/P_vivax/run_apicomplexa_odb12/hmmer_output/initial_run_results/68711at5794.out --cpu 1 /home/inf-20-2025/Malaria/busco_downloads/lineages/apicomplexa_odb12/hmms/68711at5794.hmm /home/inf-20-2025/Malaria/Results/6_nobird_annotation/P_vivax.faa 
# Current dir:     /home/inf-20-2025/Malaria
# Date:            Wed Mar  4 18:32:08 2026
# [ok]
