#                                                                            --- full sequence --- -------------- this domain -------------   hmm coord   ali coord   env coord
# target name        accession   tlen query name           accession   qlen   E-value  score  bias   #  of  c-Evalue  i-Evalue  score  bias  from    to  from    to  from    to  acc description of target
#------------------- ---------- ----- -------------------- ---------- ----- --------- ------ ----- --- --- --------- --------- ------ ----- ----- ----- ----- ----- ----- ----- ---- ---------------------
1099_g               -           2045 68760                -            392  4.3e-237  784.7   4.5   1   1  4.8e-239  6.8e-237  784.1   4.5     3   392  1652  2044  1650  2044 0.98 length=2046	scaffold=chromosome12	strand=-
3468_g               -            388 68760                -            392    2e-175  581.7   2.4   1   1  1.5e-177  2.2e-175  581.6   2.4    10   391     4   386     1   387 0.99 length=389	scaffold=chromosome5	strand=+
4237_g               -            433 68760                -            392  6.6e-108  359.4   0.1   1   1  5.8e-110  8.3e-108  359.1   0.1    18   389    57   427    43   430 0.97 length=434	scaffold=chromosome8	strand=-
3121_g               -            470 68760                -            392   2.7e-85  285.0   5.0   1   2   4.4e-15   6.3e-13   46.7   0.0     8    86    42   121    35   125 0.86 length=471	scaffold=chromosome4	strand=+
3121_g               -            470 68760                -            392   2.7e-85  285.0   5.0   2   2   3.1e-73   4.4e-71  238.2   3.1    90   389   157   462   151   465 0.95 length=471	scaffold=chromosome4	strand=+
1188_g               -            787 68760                -            392   4.7e-83  277.6   7.2   1   1   8.8e-83   1.3e-80  269.6   7.2    19   387   370   775   352   780 0.87 length=788	scaffold=chromosome12	strand=-
122_g                -           1006 68760                -            392   1.4e-71  239.8   0.0   1   1   2.5e-71   3.6e-69  231.9   0.0    22   391   582   982   577   983 0.86 length=1007	scaffold=chromosome10	strand=+
2251_g               -            717 68760                -            392   1.2e-69  233.4   0.6   1   2   5.7e-07   8.1e-05   20.0   0.0    16    83   273   339   262   345 0.87 length=718	scaffold=chromosome14	strand=-
2251_g               -            717 68760                -            392   1.2e-69  233.4   0.6   2   2   4.7e-65   6.7e-63  211.2   0.5    91   363   403   678   393   687 0.92 length=718	scaffold=chromosome14	strand=-
1313_g               -            528 68760                -            392   1.2e-68  230.1   0.0   1   1   1.1e-70   1.6e-68  229.7   0.0    20   375   112   476    97   493 0.90 length=529	scaffold=chromosome12	strand=-
3040_g               -            539 68760                -            392   3.1e-68  228.8   0.1   1   1   3.1e-70   4.4e-68  228.3   0.1    12   385   123   496   112   501 0.95 length=540	scaffold=chromosome4	strand=+
2103_g               -            926 68760                -            392   9.8e-66  220.5   2.8   1   2   4.1e-26   5.8e-24   83.0   0.0    15   188   330   528   321   534 0.81 length=927	scaffold=chromosome14	strand=-
2103_g               -            926 68760                -            392   9.8e-66  220.5   2.8   2   2   1.9e-41   2.7e-39  133.5   0.9   195   375   559   739   544   752 0.94 length=927	scaffold=chromosome14	strand=-
215_g                -           1770 68760                -            392   1.4e-65  220.0   0.2   1   1   1.5e-67   2.2e-65  219.4   0.2    20   388   976  1353   960  1363 0.88 length=1771	scaffold=chromosome10	strand=-
257_g                -            720 68760                -            392   3.6e-65  218.7   0.3   1   2     1e-06   0.00014   19.2   0.0    21    82   125   187   111   195 0.84 length=721	scaffold=chromosome10	strand=-
257_g                -            720 68760                -            392   3.6e-65  218.7   0.3   2   2   7.7e-61   1.1e-58  197.3   0.2    88   387   223   529   217   533 0.91 length=721	scaffold=chromosome10	strand=-
33_g                 -            667 68760                -            392   5.4e-65  218.1   0.0   1   1   5.8e-67   8.2e-65  217.5   0.0    20   370   217   580   206   591 0.91 length=668	scaffold=chromosome10	strand=-
471_g                -            599 68760                -            392   1.4e-59  200.3   0.3   1   1   1.4e-61   1.9e-59  199.8   0.3    21   385   146   515   128   522 0.92 length=600	scaffold=chromosome11	strand=+
3644_g               -           1149 68760                -            392   3.5e-56  189.1   1.0   1   2   5.9e-36   8.4e-34  115.4   0.2    29   296   709   994   691   997 0.84 length=1150	scaffold=chromosome6	strand=-
3644_g               -           1149 68760                -            392   3.5e-56  189.1   1.0   2   2   8.6e-23   1.2e-20   72.1   0.0   296   386  1052  1142  1042  1147 0.91 length=1150	scaffold=chromosome6	strand=-
946_g                -            489 68760                -            392   1.1e-53  180.9   0.2   1   1   3.5e-55     5e-53  178.7   0.2    22   375    59   433    42   441 0.88 length=490	scaffold=chromosome12	strand=+
2475_g               -            737 68760                -            392   3.5e-51  172.6   0.8   1   1   6.9e-51   9.9e-49  164.6   0.8    22   375   105   495    83   506 0.83 length=738	scaffold=chromosome14	strand=+
4231_g               -            761 68760                -            392   3.5e-48  162.8   2.2   1   2   0.00097      0.14    9.3   0.0    28    81   261   314   233   325 0.83 length=762	scaffold=chromosome8	strand=-
4231_g               -            761 68760                -            392   3.5e-48  162.8   2.2   2   2   2.9e-47   4.1e-45  152.7   0.7    88   391   376   681   356   682 0.90 length=762	scaffold=chromosome8	strand=-
3253_g               -           1181 68760                -            392   7.8e-48  161.6   1.5   1   2   5.5e-50   7.8e-48  161.6   1.5    14   372   159   528   148   539 0.90 length=1182	scaffold=chromosome5	strand=+
3253_g               -           1181 68760                -            392   7.8e-48  161.6   1.5   2   2       2.6   3.7e+02   -1.9   0.1   163   183   963   982   951   987 0.75 length=1182	scaffold=chromosome5	strand=+
1685_g               -            875 68760                -            392     8e-43  145.1   5.2   1   1   8.2e-45   1.2e-42  144.6   5.2    21   368   132   493   107   516 0.82 length=876	scaffold=chromosome13	strand=+
1910_g               -            626 68760                -            392   3.1e-42  143.2   6.0   1   1     4e-44   5.7e-42  142.3   6.0    57   374   186   518   149   529 0.80 length=627	scaffold=chromosome14	strand=+
91_g                 -            816 68760                -            392   3.5e-40  136.4   3.6   1   3   2.2e-09   3.1e-07   27.9   0.0    21    84     2    65     1    71 0.95 length=817	scaffold=chromosome10	strand=-
91_g                 -            816 68760                -            392   3.5e-40  136.4   3.6   2   3   4.5e-16   6.4e-14   49.9   0.1    63   224   303   470   297   514 0.86 length=817	scaffold=chromosome10	strand=-
91_g                 -            816 68760                -            392   3.5e-40  136.4   3.6   3   3   3.5e-18     5e-16   56.9   0.5   275   369   597   691   543   695 0.84 length=817	scaffold=chromosome10	strand=-
2953_g               -           1079 68760                -            392   2.3e-36  123.9   0.3   1   2   1.2e-23   1.7e-21   74.9   0.1    28   191   127   301   118   305 0.83 length=1080	scaffold=chromosome3	strand=+
2953_g               -           1079 68760                -            392   2.3e-36  123.9   0.3   2   2   4.7e-15   6.7e-13   46.6   0.0   285   373   595   686   581   698 0.87 length=1080	scaffold=chromosome3	strand=+
3562_g               -            623 68760                -            392   3.4e-32  110.1   2.9   1   2   1.4e-06    0.0002   18.7   0.0    38    80   149   191   140   197 0.90 length=624	scaffold=chromosome6	strand=-
3562_g               -            623 68760                -            392   3.4e-32  110.1   2.9   2   2   9.9e-29   1.4e-26   91.6   0.8    89   391   249   558   190   559 0.83 length=624	scaffold=chromosome6	strand=-
1320_g               -            768 68760                -            392     3e-31  107.0   1.1   1   2   2.3e-19   3.3e-17   60.8   0.1    26   206   222   426   196   452 0.79 length=769	scaffold=chromosome12	strand=-
1320_g               -            768 68760                -            392     3e-31  107.0   1.1   2   2   1.5e-14   2.2e-12   44.9   0.1   284   374   574   665   521   682 0.88 length=769	scaffold=chromosome12	strand=-
2605_g               -           1254 68760                -            392   1.3e-30  104.9   8.0   1   4   3.4e-06   0.00049   17.4   0.0    20    79    26    85    13    99 0.84 length=1255	scaffold=chromosome1	strand=+
2605_g               -           1254 68760                -            392   1.3e-30  104.9   8.0   2   4       6.2   8.8e+02   -3.2   0.0    93   106   139   152   136   155 0.85 length=1255	scaffold=chromosome1	strand=+
2605_g               -           1254 68760                -            392   1.3e-30  104.9   8.0   3   4   2.5e-05    0.0036   14.5   0.6   118   204   218   328   200   340 0.71 length=1255	scaffold=chromosome1	strand=+
2605_g               -           1254 68760                -            392   1.3e-30  104.9   8.0   4   4   2.2e-22   3.1e-20   70.7   0.6   243   371   586   714   565   724 0.93 length=1255	scaffold=chromosome1	strand=+
2382_g               -            862 68760                -            392     2e-29  101.0   4.7   1   3   2.4e-19   3.5e-17   60.7   0.0    22   220   104   315    88   324 0.77 length=863	scaffold=chromosome14	strand=-
2382_g               -            862 68760                -            392     2e-29  101.0   4.7   2   3       4.6   6.6e+02   -2.8   0.7   233   270   381   419   377   432 0.81 length=863	scaffold=chromosome14	strand=-
2382_g               -            862 68760                -            392     2e-29  101.0   4.7   3   3   1.9e-13   2.7e-11   41.3   0.0   318   375   526   586   523   600 0.82 length=863	scaffold=chromosome14	strand=-
1683_g               -           1019 68760                -            392   5.7e-27   92.9   4.6   1   4   0.00054     0.076   10.2   0.0    23    83    74   134    70   142 0.91 length=1020	scaffold=chromosome13	strand=-
1683_g               -           1019 68760                -            392   5.7e-27   92.9   4.6   2   4     0.021         3    4.9   0.0    86   109   259   284   247   294 0.76 length=1020	scaffold=chromosome13	strand=-
1683_g               -           1019 68760                -            392   5.7e-27   92.9   4.6   3   4   3.8e-08   5.4e-06   23.9   0.0   134   207   335   411   320   423 0.84 length=1020	scaffold=chromosome13	strand=-
1683_g               -           1019 68760                -            392   5.7e-27   92.9   4.6   4   4   1.1e-16   1.6e-14   52.0   0.8   276   372   570   669   561   683 0.84 length=1020	scaffold=chromosome13	strand=-
1419_g               -            991 68760                -            392     2e-23   81.2   0.0   1   2     0.046       6.5    3.8   0.0    60   112   145   199   138   225 0.74 length=992	scaffold=chromosome13	strand=-
1419_g               -            991 68760                -            392     2e-23   81.2   0.0   2   2   1.2e-23   1.8e-21   74.8   0.0   258   381   479   601   469   611 0.93 length=992	scaffold=chromosome13	strand=-
3868_g               -            738 68760                -            392   4.2e-18   63.7   0.9   1   1   6.1e-20   8.6e-18   62.7   0.9   261   385   383   509   353   515 0.87 length=739	scaffold=chromosome7	strand=+
2539_g               -           1071 68760                -            392     5e-18   63.5   1.9   1   3       5.4   7.6e+02   -3.0   0.0   236   291   323   377   320   386 0.75 length=1072	scaffold=chromosome1	strand=-
2539_g               -           1071 68760                -            392     5e-18   63.5   1.9   2   3      0.02       2.9    5.0   0.0   130   182   445   500   439   526 0.73 length=1072	scaffold=chromosome1	strand=-
2539_g               -           1071 68760                -            392     5e-18   63.5   1.9   3   3   3.9e-18   5.6e-16   56.7   0.6   260   348   781   868   776   933 0.91 length=1072	scaffold=chromosome1	strand=-
5521_g               -            514 68760                -            392   7.8e-18   62.8   0.9   1   2   9.8e-20   1.4e-17   62.0   0.1    26   206   124   328    98   355 0.79 length=515	scaffold=scf_7005	strand=-
5521_g               -            514 68760                -            392   7.8e-18   62.8   0.9   2   2       2.5   3.6e+02   -1.9   0.1   285   321   477   514   467   514 0.79 length=515	scaffold=scf_7005	strand=-
2840_g               -            548 68760                -            392   6.8e-17   59.7   1.8   1   2   0.00022     0.032   11.5   0.0    65   192   142   277   125   299 0.74 length=549	scaffold=chromosome3	strand=-
2840_g               -            548 68760                -            392   6.8e-17   59.7   1.8   2   2   3.6e-15   5.1e-13   47.0   0.8   263   387   366   499   333   504 0.79 length=549	scaffold=chromosome3	strand=-
4449_g               -           1339 68760                -            392     1e-16   59.1   0.2   1   2     0.027       3.9    4.6   0.0    14    96   135   217   123   223 0.88 length=1340	scaffold=chromosome9	strand=+
4449_g               -           1339 68760                -            392     1e-16   59.1   0.2   2   2     1e-16   1.4e-14   52.1   0.1   254   372   890  1009   883  1019 0.87 length=1340	scaffold=chromosome9	strand=+
259_g                -            553 68760                -            392   9.5e-15   52.7   1.4   1   1   9.3e-17   1.3e-14   52.2   1.4    60   372   166   500   123   515 0.77 length=554	scaffold=chromosome10	strand=-
2761_g               -           1378 68760                -            392   7.9e-14   49.6   0.5   1   2    0.0022      0.32    8.2   0.0   139   175   895   932   888   946 0.85 length=1379	scaffold=chromosome2	strand=-
2761_g               -           1378 68760                -            392   7.9e-14   49.6   0.5   2   2   1.9e-12   2.8e-10   38.0   0.3   252   364  1129  1257  1113  1266 0.72 length=1379	scaffold=chromosome2	strand=-
2898_g               -           1189 68760                -            392   4.7e-13   47.1   0.2   1   2     2e-08   2.9e-06   24.7   0.1    55   217   266   448   217   455 0.81 length=1190	scaffold=chromosome3	strand=-
2898_g               -           1189 68760                -            392   4.7e-13   47.1   0.2   2   2     5e-07   7.2e-05   20.2   0.0   282   359   841   921   830   937 0.83 length=1190	scaffold=chromosome3	strand=-
1595_g               -           1282 68760                -            392   5.9e-12   43.5   0.5   1   2       8.5   1.2e+03   -3.6   0.0    39    80    44    85    17    95 0.84 length=1283	scaffold=chromosome13	strand=-
1595_g               -           1282 68760                -            392   5.9e-12   43.5   0.5   2   2   7.5e-14   1.1e-11   42.6   0.2   261   374   283   396   268   416 0.92 length=1283	scaffold=chromosome13	strand=-
3712_g               -           3241 68760                -            392   0.00094   16.5   1.1   1   3       2.9   4.1e+02   -2.1   0.0   142   185  1488  1531  1481  1559 0.82 length=3242	scaffold=chromosome6	strand=+
3712_g               -           3241 68760                -            392   0.00094   16.5   1.1   2   3   2.4e-05    0.0033   14.7   0.3   262   369  1713  1825  1699  1836 0.87 length=3242	scaffold=chromosome6	strand=+
3712_g               -           3241 68760                -            392   0.00094   16.5   1.1   3   3         4   5.6e+02   -2.5   0.0    29    42  2536  2549  2532  2554 0.86 length=3242	scaffold=chromosome6	strand=+
1965_g               -            726 68760                -            392    0.0022   15.3   1.2   1   2     0.081        11    3.0   0.0    91   112   188   209   179   214 0.88 length=727	scaffold=chromosome14	strand=-
1965_g               -            726 68760                -            392    0.0022   15.3   1.2   2   2   0.00098      0.14    9.3   0.4   313   368   600   655   473   671 0.76 length=727	scaffold=chromosome14	strand=-
#
# Program:         hmmsearch
# Version:         3.4 (Aug 2023)
# Pipeline mode:   SEARCH
# Query file:      /home/inf-20-2025/Malaria/busco_downloads/lineages/apicomplexa_odb12/hmms/68760at5794.hmm
# Target file:     /home/inf-20-2025/Malaria/Results/6_nobird_annotation/P_vivax.faa
# Option settings: hmmsearch --domtblout Results/8_busco/P_vivax/run_apicomplexa_odb12/hmmer_output/initial_run_results/68760at5794.out --cpu 1 /home/inf-20-2025/Malaria/busco_downloads/lineages/apicomplexa_odb12/hmms/68760at5794.hmm /home/inf-20-2025/Malaria/Results/6_nobird_annotation/P_vivax.faa 
# Current dir:     /home/inf-20-2025/Malaria
# Date:            Wed Mar  4 18:32:11 2026
# [ok]
