#                                                                            --- full sequence --- -------------- this domain -------------   hmm coord   ali coord   env coord
# target name        accession   tlen query name           accession   qlen   E-value  score  bias   #  of  c-Evalue  i-Evalue  score  bias  from    to  from    to  from    to  acc description of target
#------------------- ---------- ----- -------------------- ---------- ----- --------- ------ ----- --- --- --------- --------- ------ ----- ----- ----- ----- ----- ----- ----- ---- ---------------------
4137_g               -            503 68784                -            217  9.1e-110  363.6   0.5   1   1  2.2e-112  1.6e-109  362.8   0.5     1   215    26   240    26   242 0.99 length=504	scaffold=chromosome8	strand=-
3388_g               -            231 68784                -            217   5.5e-37  125.6   0.4   1   1   1.3e-39     9e-37  125.0   0.4     4   193     7   205     4   215 0.86 length=232	scaffold=chromosome5	strand=-
2692_g               -            373 68784                -            217   1.8e-28   97.8   1.5   1   3   3.7e-17   2.7e-14   51.5   0.1     7    78   108   185   101   191 0.78 length=374	scaffold=chromosome2	strand=+
2692_g               -            373 68784                -            217   1.8e-28   97.8   1.5   2   3   3.3e-08   2.3e-05   22.3   0.0    36   130   218   312   213   317 0.75 length=374	scaffold=chromosome2	strand=+
2692_g               -            373 68784                -            217   1.8e-28   97.8   1.5   3   3   3.5e-08   2.5e-05   22.2   0.0   162   214   317   369   312   372 0.93 length=374	scaffold=chromosome2	strand=+
3353_g               -            259 68784                -            217   8.5e-21   72.7   0.3   1   2   1.7e-19   1.2e-16   59.1   0.1     6   136    10   152     5   162 0.82 length=260	scaffold=chromosome5	strand=-
3353_g               -            259 68784                -            217   8.5e-21   72.7   0.3   2   2   0.00013     0.093   10.5   0.0   154   215   190   252   182   254 0.77 length=260	scaffold=chromosome5	strand=-
4003_g               -            268 68784                -            217     1e-07   30.0   0.1   1   2   4.2e-10     3e-07   28.5   0.0    17    99    73   154    58   162 0.77 length=269	scaffold=chromosome7	strand=-
4003_g               -            268 68784                -            217     1e-07   30.0   0.1   2   2      0.88   6.3e+02   -2.0   0.0   158   188   197   227   168   242 0.66 length=269	scaffold=chromosome7	strand=-
4377_g               -            896 68784                -            217   1.2e-06   26.4   0.4   1   3    0.0002      0.14    9.9   0.0     3    54   418   469   416   480 0.88 length=897	scaffold=chromosome8	strand=-
4377_g               -            896 68784                -            217   1.2e-06   26.4   0.4   2   3   3.9e-05     0.028   12.2   0.0    69    97   518   547   493   551 0.87 length=897	scaffold=chromosome8	strand=-
4377_g               -            896 68784                -            217   1.2e-06   26.4   0.4   3   3      0.23   1.6e+02   -0.1   0.1   152   190   795   833   760   844 0.77 length=897	scaffold=chromosome8	strand=-
2381_g               -            336 68784                -            217    0.0002   19.2   0.9   1   1   1.4e-05    0.0096   13.7   0.9     5   128    51   183    48   188 0.77 length=337	scaffold=chromosome14	strand=+
1480_g               -           1435 68784                -            217     0.012   13.4   0.1   1   2   9.5e-05     0.068   10.9   0.0     6    33    61    90    56   107 0.79 length=1436	scaffold=chromosome13	strand=-
1480_g               -           1435 68784                -            217     0.012   13.4   0.1   2   2      0.45   3.2e+02   -1.1   0.0    39    95   262   318   255   334 0.80 length=1436	scaffold=chromosome13	strand=-
#
# Program:         hmmsearch
# Version:         3.4 (Aug 2023)
# Pipeline mode:   SEARCH
# Query file:      /home/inf-20-2025/Malaria/busco_downloads/lineages/apicomplexa_odb12/hmms/68784at5794.hmm
# Target file:     /home/inf-20-2025/Malaria/Results/6_nobird_annotation/P_vivax.faa
# Option settings: hmmsearch --domtblout Results/8_busco/P_vivax/run_apicomplexa_odb12/hmmer_output/initial_run_results/68784at5794.out --cpu 1 /home/inf-20-2025/Malaria/busco_downloads/lineages/apicomplexa_odb12/hmms/68784at5794.hmm /home/inf-20-2025/Malaria/Results/6_nobird_annotation/P_vivax.faa 
# Current dir:     /home/inf-20-2025/Malaria
# Date:            Wed Mar  4 18:32:08 2026
# [ok]
