#                                                                            --- full sequence --- -------------- this domain -------------   hmm coord   ali coord   env coord
# target name        accession   tlen query name           accession   qlen   E-value  score  bias   #  of  c-Evalue  i-Evalue  score  bias  from    to  from    to  from    to  acc description of target
#------------------- ---------- ----- -------------------- ---------- ----- --------- ------ ----- --- --- --------- --------- ------ ----- ----- ----- ----- ----- ----- ----- ---- ---------------------
896_g                -            563 68790                -            474  4.6e-242  801.9  14.6   1   1  8.3e-244  5.6e-242  801.6  14.6     9   473    92   562    88   563 0.97 length=564	scaffold=chromosome12	strand=+
4339_g               -            602 68790                -            474  2.6e-172  571.9   1.3   1   1  5.3e-174  3.6e-172  571.5   1.3    30   471   151   599   130   601 0.93 length=603	scaffold=chromosome8	strand=-
3049_g               -            526 68790                -            474  1.2e-139  464.2  17.6   1   1  7.9e-141  5.3e-139  462.1  17.7    34   471    54   518    44   520 0.89 length=527	scaffold=chromosome4	strand=-
2922_g               -            529 68790                -            474  3.1e-135  449.7  15.6   1   1  4.9e-137  3.3e-135  449.6  14.5     5   471    38   524    34   526 0.89 length=530	scaffold=chromosome3	strand=+
4598_g               -           1628 68790                -            474   4.2e-93  310.7  21.0   1   2     0.014      0.95    6.2   0.7   392   470  1063  1147  1033  1150 0.77 length=1629	scaffold=chromosome9	strand=+
4598_g               -           1628 68790                -            474   4.2e-93  310.7  21.0   2   2   2.3e-94   1.5e-92  308.9  13.8     6   470  1156  1624  1151  1627 0.90 length=1629	scaffold=chromosome9	strand=+
4601_g               -           1989 68790                -            474   7.2e-76  253.9   5.5   1   2   0.00078     0.053   10.3   0.1   378   433    71   126    23   139 0.85 length=1990	scaffold=chromosome9	strand=+
4601_g               -           1989 68790                -            474   7.2e-76  253.9   5.5   2   2   1.2e-74   8.4e-73  243.8   2.3    28   301  1527  1801  1507  1810 0.93 length=1990	scaffold=chromosome9	strand=+
1644_g               -            284 68790                -            474   2.9e-69  232.1  10.1   1   1     5e-71   3.4e-69  231.9  10.1    38   294    24   282     5   284 0.92 length=285	scaffold=chromosome13	strand=-
2362_g               -            508 68790                -            474   2.3e-66  222.6   3.3   1   1   4.7e-68   3.2e-66  222.1   3.3    33   326   108   399    83   414 0.92 length=509	scaffold=chromosome14	strand=-
1234_g               -            746 68790                -            474   6.3e-59  198.0   5.3   1   1   1.4e-60   9.5e-59  197.4   5.3    11   290   456   733   447   740 0.90 length=747	scaffold=chromosome12	strand=-
4348_g               -           1607 68790                -            474   1.8e-53  180.0   0.5   1   1   3.6e-55   2.5e-53  179.6   0.5    33   294  1335  1606  1319  1607 0.89 length=1608	scaffold=chromosome8	strand=+
1532_g               -            854 68790                -            474   5.7e-52  175.1   1.4   1   3         5   3.4e+02   -2.2   0.0    13    54   175   216   168   236 0.81 length=855	scaffold=chromosome13	strand=+
1532_g               -            854 68790                -            474   5.7e-52  175.1   1.4   2   3       6.9   4.7e+02   -2.7   0.2   398   452   362   416   361   419 0.85 length=855	scaffold=chromosome13	strand=+
1532_g               -            854 68790                -            474   5.7e-52  175.1   1.4   3   3   1.6e-53   1.1e-51  174.2   0.0    26   282   530   785   520   816 0.87 length=855	scaffold=chromosome13	strand=+
2430_g               -            755 68790                -            474   2.6e-49  166.3   0.1   1   1   5.9e-51     4e-49  165.7   0.1    41   294   433   689   401   703 0.90 length=756	scaffold=chromosome14	strand=-
1982_g               -            368 68790                -            474   5.2e-49  165.3   3.9   1   2       2.9   1.9e+02   -1.4   0.0    39    82    10    54     6    59 0.76 length=369	scaffold=chromosome14	strand=+
1982_g               -            368 68790                -            474   5.2e-49  165.3   3.9   2   2   7.6e-51   5.2e-49  165.3   3.9    26   295    98   365    87   367 0.88 length=369	scaffold=chromosome14	strand=+
1354_g               -           2443 68790                -            474   4.5e-48  162.3   1.4   1   1   1.8e-49   1.2e-47  160.8   1.4    41   295   123   405   105   420 0.86 length=2444	scaffold=chromosome12	strand=-
1276_g               -            377 68790                -            474   9.1e-46  154.6  10.9   1   1   1.6e-47   1.1e-45  154.4  10.9    33   316    39   336     5   373 0.79 length=378	scaffold=chromosome12	strand=-
1579_g               -            739 68790                -            474   2.1e-43  146.9   3.0   1   2   1.9e-36   1.3e-34  117.9   0.9    28   245    12   236     4   246 0.85 length=740	scaffold=chromosome13	strand=+
1579_g               -            739 68790                -            474   2.1e-43  146.9   3.0   2   2     2e-09   1.3e-07   28.8   0.0   255   307   273   325   254   327 0.88 length=740	scaffold=chromosome13	strand=+
4029_g               -            341 68790                -            474   6.2e-43  145.3   0.3   1   1   1.1e-44   7.3e-43  145.1   0.3    41   295    37   292    15   335 0.83 length=342	scaffold=chromosome7	strand=+
706_g                -            354 68790                -            474   2.8e-42  143.1   0.1   1   1   5.5e-44   3.8e-42  142.7   0.1    42   295    37   311    18   321 0.85 length=355	scaffold=chromosome11	strand=-
437_g                -            288 68790                -            474   2.4e-41  140.0   0.0   1   2   8.8e-38     6e-36  122.3   0.0    41   260     8   228     2   235 0.85 length=289	scaffold=chromosome11	strand=+
437_g                -            288 68790                -            474   2.4e-41  140.0   0.0   2   2   1.4e-05   0.00097   16.1   0.0   260   293   253   286   237   288 0.88 length=289	scaffold=chromosome11	strand=+
3431_g               -            612 68790                -            474   1.7e-40  137.3   2.4   1   2   1.3e-35   8.6e-34  115.2   1.9    40   243   270   481   248   485 0.83 length=613	scaffold=chromosome5	strand=-
3431_g               -            612 68790                -            474   1.7e-40  137.3   2.4   2   2   6.2e-07   4.2e-05   20.6   0.0   259   297   537   575   494   601 0.85 length=613	scaffold=chromosome5	strand=-
2054_g               -            517 68790                -            474   3.6e-39  132.9   6.2   1   2   1.4e-17   9.7e-16   55.6   3.1    71   167   250   345   228   352 0.90 length=518	scaffold=chromosome14	strand=-
2054_g               -            517 68790                -            474   3.6e-39  132.9   6.2   2   2   2.1e-24   1.5e-22   78.1   0.1   167   294   390   513   381   517 0.88 length=518	scaffold=chromosome14	strand=-
4432_g               -           1284 68790                -            474   8.2e-39  131.7  11.1   1   2   1.6e-25   1.1e-23   81.8   8.0    52   171   283   405   279   419 0.90 length=1285	scaffold=chromosome9	strand=+
4432_g               -           1284 68790                -            474   8.2e-39  131.7  11.1   2   2   4.6e-16   3.1e-14   50.7   0.0   184   296   522   641   519   653 0.80 length=1285	scaffold=chromosome9	strand=+
438_g                -           3970 68790                -            474   1.4e-36  124.3   0.8   1   1   3.7e-38   2.5e-36  123.5   0.8    39   296  1151  1406  1117  1417 0.88 length=3971	scaffold=chromosome11	strand=-
5672_g               -            365 68790                -            474   1.1e-35  121.4   5.0   1   2   2.7e-33   1.8e-31  107.5   2.7    36   245    49   255    40   268 0.86 length=365	scaffold=scf_7211	strand=+	adjustedToFrame=3
5672_g               -            365 68790                -            474   1.1e-35  121.4   5.0   2   2   5.5e-05    0.0037   14.1   0.0   261   298   304   341   285   351 0.84 length=365	scaffold=scf_7211	strand=+	adjustedToFrame=3
4466_g               -            335 68790                -            474   1.9e-35  120.6   5.1   1   2   2.1e-33   1.4e-31  107.8   2.7    36   245    43   249    34   262 0.86 length=336	scaffold=chromosome9	strand=+
4466_g               -            335 68790                -            474   1.9e-35  120.6   5.1   2   2    0.0001    0.0069   13.3   0.0   261   295   298   332   279   335 0.84 length=336	scaffold=chromosome9	strand=+
2933_g               -            310 68790                -            474   2.5e-35  120.2   3.5   1   1   4.8e-37   3.2e-35  119.9   3.5    41   297     8   266     2   284 0.82 length=311	scaffold=chromosome3	strand=+
2262_g               -           2560 68790                -            474   6.1e-35  118.9   0.3   1   1   9.1e-37   6.1e-35  118.9   0.3    41   295    19   302     9   308 0.80 length=2561	scaffold=chromosome14	strand=+
3188_g               -           2125 68790                -            474   7.6e-35  118.6   0.8   1   1   1.8e-36   1.2e-34  118.0   0.8    64   294  1730  1960  1704  1973 0.84 length=2126	scaffold=chromosome4	strand=+
4192_g               -            325 68790                -            474     2e-34  117.3   8.5   1   2   2.9e-32   1.9e-30  104.1   8.0    31   244     4   237     1   240 0.83 length=326	scaffold=chromosome8	strand=+
4192_g               -            325 68790                -            474     2e-34  117.3   8.5   2   2   0.00065     0.044   10.6   0.0   261   291   278   308   264   317 0.87 length=326	scaffold=chromosome8	strand=+
1555_g               -            158 68790                -            474   1.9e-33  114.0   5.6   1   1   3.1e-35   2.1e-33  113.9   5.6   328   472     2   148     1   150 0.87 length=159	scaffold=chromosome13	strand=+
4514_g               -            575 68790                -            474     3e-33  113.4   3.0   1   3   9.6e-24   6.5e-22   76.0   2.7    18   186   154   324   138   333 0.84 length=576	scaffold=chromosome9	strand=-
4514_g               -            575 68790                -            474     3e-33  113.4   3.0   2   3   1.3e-05    0.0009   16.2   0.0   188   226   352   392   347   397 0.85 length=576	scaffold=chromosome9	strand=-
4514_g               -            575 68790                -            474     3e-33  113.4   3.0   3   3   4.8e-06   0.00032   17.6   0.0   255   302   476   523   468   543 0.81 length=576	scaffold=chromosome9	strand=-
52_g                 -            288 68790                -            474   1.4e-32  111.1   0.5   1   1   2.8e-34   1.9e-32  110.7   0.5    41   302    16   280     8   284 0.82 length=289	scaffold=chromosome10	strand=-
4318_g               -            489 68790                -            474   1.1e-31  108.2   0.2   1   2   3.8e-31   2.6e-29  100.4   0.7    31   243   109   327    81   340 0.77 length=490	scaffold=chromosome8	strand=+
4318_g               -            489 68790                -            474   1.1e-31  108.2   0.2   2   2     0.028       1.9    5.2   0.0   261   295   370   404   356   434 0.87 length=490	scaffold=chromosome8	strand=+
4589_g               -            561 68790                -            474   1.5e-31  107.8   9.6   1   2   2.3e-20   1.6e-18   64.8   5.4    33   183    32   185     8   195 0.80 length=562	scaffold=chromosome9	strand=-
4589_g               -            561 68790                -            474   1.5e-31  107.8   9.6   2   2   2.3e-14   1.5e-12   45.1   0.1   188   297   340   450   316   535 0.84 length=562	scaffold=chromosome9	strand=-
902_g                -            323 68790                -            474   7.1e-31  105.5   4.4   1   1   5.9e-32     4e-30  103.1   4.4    43   297    15   299     5   318 0.78 length=324	scaffold=chromosome12	strand=-
4521_g               -            708 68790                -            474   1.9e-30  104.1   4.5   1   2   4.5e-28   3.1e-26   90.3   3.5    26   255   363   597   351   616 0.84 length=709	scaffold=chromosome9	strand=+
4521_g               -            708 68790                -            474   1.9e-30  104.1   4.5   2   2   0.00019     0.013   12.4   0.0   262   297   667   702   655   707 0.84 length=709	scaffold=chromosome9	strand=+
763_g                -            404 68790                -            474   1.5e-28   97.9  21.3   1   2   1.4e-14   9.7e-13   45.7  10.2    66   179    57   167    49   218 0.83 length=405	scaffold=chromosome12	strand=+
763_g                -            404 68790                -            474   1.5e-28   97.9  21.3   2   2     6e-17   4.1e-15   53.6   3.2   278   444   220   386   211   396 0.92 length=405	scaffold=chromosome12	strand=+
3385_g               -           1616 68790                -            474   1.5e-27   94.6   6.1   1   3   2.5e-05    0.0017   15.3   1.5    39   100   697   760   663   764 0.81 length=1617	scaffold=chromosome5	strand=+
3385_g               -           1616 68790                -            474   1.5e-27   94.6   6.1   2   3   5.5e-20   3.7e-18   63.6   0.0   129   245   896  1013   888  1029 0.84 length=1617	scaffold=chromosome5	strand=+
3385_g               -           1616 68790                -            474   1.5e-27   94.6   6.1   3   3   1.3e-05   0.00089   16.2   0.1   240   299  1048  1105  1037  1137 0.73 length=1617	scaffold=chromosome5	strand=+
4273_g               -           1391 68790                -            474   3.1e-27   93.5   1.4   1   3   1.5e-05     0.001   16.0   0.0    33   101   795   869   759   875 0.77 length=1392	scaffold=chromosome8	strand=+
4273_g               -           1391 68790                -            474   3.1e-27   93.5   1.4   2   3   3.9e-15   2.6e-13   47.6   0.2   128   245  1160  1290  1156  1295 0.84 length=1392	scaffold=chromosome8	strand=+
4273_g               -           1391 68790                -            474   3.1e-27   93.5   1.4   3   3   8.6e-09   5.8e-07   26.7   0.0   252   303  1328  1380  1309  1386 0.82 length=1392	scaffold=chromosome8	strand=+
3077_g               -           1615 68790                -            474   7.8e-27   92.2   4.6   1   2   2.5e-17   1.7e-15   54.8   4.3    47   169  1126  1252  1111  1256 0.89 length=1616	scaffold=chromosome4	strand=-
3077_g               -           1615 68790                -            474   7.8e-27   92.2   4.6   2   2   1.8e-11   1.2e-09   35.5   0.0   187   290  1504  1610  1476  1615 0.76 length=1616	scaffold=chromosome4	strand=-
3304_g               -           1046 68790                -            474   4.3e-25   86.5  13.7   1   4     1e-08   7.1e-07   26.4   1.0    42   104    40    98     7   116 0.78 length=1047	scaffold=chromosome5	strand=-
3304_g               -           1046 68790                -            474   4.3e-25   86.5  13.7   2   4   1.2e-06   8.3e-05   19.6   0.2   122   169   225   272   215   277 0.86 length=1047	scaffold=chromosome5	strand=-
3304_g               -           1046 68790                -            474   4.3e-25   86.5  13.7   3   4   1.6e-11   1.1e-09   35.7   0.6   164   240   563   641   559   652 0.90 length=1047	scaffold=chromosome5	strand=-
3304_g               -           1046 68790                -            474   4.3e-25   86.5  13.7   4   4   0.00046     0.031   11.1   0.0   257   295   683   721   661   729 0.83 length=1047	scaffold=chromosome5	strand=-
613_g                -            806 68790                -            474   1.4e-24   84.8   3.9   1   5      0.46        31    1.2   0.1    40    58    23    41     6    47 0.74 length=807	scaffold=chromosome11	strand=-
613_g                -            806 68790                -            474   1.4e-24   84.8   3.9   2   5      0.42        28    1.3   0.0    81   105    97   122    80   128 0.81 length=807	scaffold=chromosome11	strand=-
613_g                -            806 68790                -            474   1.4e-24   84.8   3.9   3   5   2.1e-15   1.4e-13   48.5   0.0    95   211   147   270   126   273 0.80 length=807	scaffold=chromosome11	strand=-
613_g                -            806 68790                -            474   1.4e-24   84.8   3.9   4   5    0.0024      0.16    8.7   0.0   209   242   479   512   472   529 0.87 length=807	scaffold=chromosome11	strand=-
613_g                -            806 68790                -            474   1.4e-24   84.8   3.9   5   5   4.6e-07   3.1e-05   21.0   0.0   259   295   561   597   544   660 0.83 length=807	scaffold=chromosome11	strand=-
1327_g               -           1526 68790                -            474   1.5e-24   84.7   8.3   1   2     0.038       2.6    4.8   2.4    38   118   461   558   436   583 0.65 length=1527	scaffold=chromosome12	strand=+
1327_g               -           1526 68790                -            474   1.5e-24   84.7   8.3   2   2   1.8e-25   1.2e-23   81.7   1.5   103   312   590   795   560   807 0.82 length=1527	scaffold=chromosome12	strand=+
2729_g               -            168 68790                -            474   8.7e-23   78.9   7.3   1   1   1.6e-24   1.1e-22   78.6   7.3   330   472    20   164    16   166 0.90 length=169	scaffold=chromosome2	strand=-
4233_g               -            327 68790                -            474     3e-22   77.1   0.1   1   1   5.7e-24   3.8e-22   76.7   0.1    94   295    81   284    40   301 0.89 length=328	scaffold=chromosome8	strand=-
4804_g               -           2087 68790                -            474   6.1e-22   76.1   0.3   1   1   1.4e-23   9.8e-22   75.4   0.3    39   304    79   352    46   362 0.80 length=2088	scaffold=chromosome9	strand=-
2528_g               -           1251 68790                -            474   1.9e-21   74.5   9.2   1   2     1e-18   6.8e-17   59.4   4.8    43   183   739   880   696   888 0.82 length=1252	scaffold=chromosome1	strand=-
2528_g               -           1251 68790                -            474   1.9e-21   74.5   9.2   2   2   1.3e-05    0.0009   16.2   0.1   194   233  1095  1134  1083  1160 0.84 length=1252	scaffold=chromosome1	strand=-
4326_g               -           3008 68790                -            474   2.5e-21   74.0   0.1   1   1   5.5e-23   3.7e-21   73.5   0.1    46   296   176   448   138   458 0.78 length=3009	scaffold=chromosome8	strand=-
1416_g               -            296 68790                -            474   3.3e-21   73.6   1.3   1   1   5.9e-23     4e-21   73.4   1.3    65   287    55   276    17   293 0.82 length=297	scaffold=chromosome13	strand=-
1339_g               -           1275 68790                -            474   5.5e-21   72.9   1.4   1   3   2.1e-10   1.4e-08   32.0   0.3    92   180   885   973   880   982 0.89 length=1276	scaffold=chromosome12	strand=+
1339_g               -           1275 68790                -            474   5.5e-21   72.9   1.4   2   3   2.8e-09   1.9e-07   28.3   0.0   170   228  1047  1104  1040  1116 0.87 length=1276	scaffold=chromosome12	strand=+
1339_g               -           1275 68790                -            474   5.5e-21   72.9   1.4   3   3    0.0013      0.09    9.6   0.0   265   294  1240  1269  1214  1272 0.88 length=1276	scaffold=chromosome12	strand=+
1991_g               -            334 68790                -            474   2.6e-20   70.7   0.8   1   1   8.7e-22   5.9e-20   69.5   0.8    42   239    16   211     6   223 0.83 length=335	scaffold=chromosome14	strand=-
3104_g               -           1029 68790                -            474   2.9e-19   67.3   0.2   1   1   6.6e-21   4.5e-19   66.6   0.2    64   234   799   965   730  1011 0.83 length=1030	scaffold=chromosome4	strand=-
2655_g               -            721 68790                -            474   3.9e-19   66.8   0.8   1   1   8.4e-21   5.7e-19   66.3   0.8    42   286   463   708   445   717 0.79 length=722	scaffold=chromosome1	strand=+
1307_g               -            168 68790                -            474   9.4e-19   65.6   2.2   1   1   1.6e-20   1.1e-18   65.3   2.2   332   473    22   165    19   166 0.89 length=169	scaffold=chromosome12	strand=+
2436_g               -            730 68790                -            474   1.1e-17   62.0   9.3   1   1   5.9e-19     4e-17   60.2   9.3    39   286    26   291     9   335 0.73 length=731	scaffold=chromosome14	strand=+
1259_g               -            177 68790                -            474   2.3e-17   61.0   6.1   1   1   4.2e-19   2.9e-17   60.7   6.1   328   472    19   166    15   168 0.86 length=178	scaffold=chromosome12	strand=+
3680_g               -            534 68790                -            474   2.5e-17   60.8   9.5   1   2   9.3e-11   6.3e-09   33.2   1.5   403   472    35   102    30   104 0.92 length=535	scaffold=chromosome6	strand=+
3680_g               -            534 68790                -            474   2.5e-17   60.8   9.5   2   2   1.9e-10   1.3e-08   32.1   1.3   409   472   114   175   108   177 0.92 length=535	scaffold=chromosome6	strand=+
1318_g               -            885 68790                -            474   5.2e-17   59.8   3.9   1   2   1.9e-12   1.3e-10   38.8   3.6     7   167   526   691   521   706 0.78 length=886	scaffold=chromosome12	strand=+
1318_g               -            885 68790                -            474   5.2e-17   59.8   3.9   2   2   2.9e-06    0.0002   18.3   0.0   169   234   715   779   707   792 0.81 length=886	scaffold=chromosome12	strand=+
794_g                -           1736 68790                -            474   1.3e-15   55.3   0.7   1   1   2.5e-17   1.7e-15   54.8   0.1    93   279  1511  1705  1494  1726 0.79 length=1737	scaffold=chromosome12	strand=-
885_g                -            713 68790                -            474   1.4e-15   55.1   0.1   1   3       1.5     1e+02   -0.5   0.0    39   102   219   288   204   295 0.61 length=714	scaffold=chromosome12	strand=+
885_g                -            713 68790                -            474   1.4e-15   55.1   0.1   2   3   2.8e-10   1.9e-08   31.6   0.0   124   236   338   459   315   472 0.80 length=714	scaffold=chromosome12	strand=+
885_g                -            713 68790                -            474   1.4e-15   55.1   0.1   3   3   1.2e-06   8.2e-05   19.6   0.0   263   292   682   711   678   713 0.93 length=714	scaffold=chromosome12	strand=+
3943_g               -           3260 68790                -            474   5.5e-15   53.1   0.7   1   1   1.4e-16   9.8e-15   52.3   0.7    38   287  2964  3246  2954  3249 0.73 length=3261	scaffold=chromosome7	strand=-
3088_g               -            344 68790                -            474   1.9e-14   51.4   0.0   1   1     8e-16   5.4e-14   49.9   0.0   134   305   149   336    69   343 0.71 length=345	scaffold=chromosome4	strand=-
4468_g               -            344 68790                -            474   2.8e-14   50.8  21.3   1   2   5.3e-12   3.6e-10   37.3   7.0   339   468    64   199    56   205 0.82 length=345	scaffold=chromosome9	strand=-
4468_g               -            344 68790                -            474   2.8e-14   50.8  21.3   2   2   6.6e-09   4.5e-07   27.1   6.3   342   433   143   239   142   262 0.78 length=345	scaffold=chromosome9	strand=-
538_g                -           2213 68790                -            474   5.3e-14   49.9   4.3   1   1   1.7e-15   1.2e-13   48.8   4.3    63   284  1982  2201  1971  2210 0.83 length=2214	scaffold=chromosome11	strand=+
4724_g               -            292 68790                -            474   2.8e-13   47.5   0.0   1   1   5.2e-15   3.5e-13   47.2   0.0   128   236    68   185    49   212 0.81 length=293	scaffold=chromosome9	strand=-
1330_g               -            209 68790                -            474   4.8e-13   46.7  13.5   1   2   1.5e-09     1e-07   29.1   1.2   403   468    43   106     9   112 0.86 length=210	scaffold=chromosome12	strand=-
1330_g               -            209 68790                -            474   4.8e-13   46.7  13.5   2   2   1.1e-09   7.6e-08   29.6   5.2   330   457    39   173    37   187 0.77 length=210	scaffold=chromosome12	strand=-
4583_g               -           1562 68790                -            474   8.6e-13   45.9   6.5   1   2   1.9e-07   1.3e-05   22.3   0.8    24   120   169   262   144   275 0.76 length=1563	scaffold=chromosome9	strand=-
4583_g               -           1562 68790                -            474   8.6e-13   45.9   6.5   2   2     1e-08   6.9e-07   26.4   0.5   135   267   351   485   335   509 0.72 length=1563	scaffold=chromosome9	strand=-
3971_g               -            590 68790                -            474   2.3e-12   44.5   0.2   1   2   5.2e-07   3.5e-05   20.8   0.3   128   176   381   429   374   434 0.88 length=591	scaffold=chromosome7	strand=+
3971_g               -            590 68790                -            474   2.3e-12   44.5   0.2   2   2   4.4e-07     3e-05   21.1   0.0   174   291   453   574   447   580 0.77 length=591	scaffold=chromosome7	strand=+
2725_g               -           3694 68790                -            474   2.6e-11   41.0   0.1   1   2   1.8e-09   1.2e-07   28.9   0.1   106   183  3140  3213  3136  3230 0.89 length=3695	scaffold=chromosome2	strand=-
2725_g               -           3694 68790                -            474   2.6e-11   41.0   0.1   2   2    0.0012     0.085    9.7   0.0   194   226  3592  3625  3582  3681 0.78 length=3695	scaffold=chromosome2	strand=-
4438_g               -            167 68790                -            474   4.7e-11   40.2   7.4   1   1   1.8e-12   1.2e-10   38.8   7.4   338   471    18   153     8   156 0.87 length=168	scaffold=chromosome9	strand=+
705_g                -            158 68790                -            474   1.9e-08   31.6   6.5   1   1   3.3e-10   2.3e-08   31.3   6.5   331   470    18   155    14   158 0.88 length=159	scaffold=chromosome11	strand=+
1392_g               -            734 68790                -            474   9.9e-08   29.2   5.3   1   3       1.3        90   -0.3   0.3    77   106   179   208   167   216 0.79 length=735	scaffold=chromosome12	strand=-
1392_g               -            734 68790                -            474   9.9e-08   29.2   5.3   2   3   0.00014    0.0096   12.8   0.1   120   165   243   288   232   295 0.93 length=735	scaffold=chromosome12	strand=-
1392_g               -            734 68790                -            474   9.9e-08   29.2   5.3   3   3   8.3e-06   0.00056   16.9   0.1   235   298   671   732   641   734 0.88 length=735	scaffold=chromosome12	strand=-
3358_g               -            274 68790                -            474     5e-07   26.9   6.3   1   1   1.1e-08   7.2e-07   26.4   6.3   330   470   124   271   117   274 0.71 length=275	scaffold=chromosome5	strand=-
3944_g               -           1060 68790                -            474   7.6e-07   26.3   0.1   1   1   6.8e-08   4.6e-06   23.7   0.1    33   223   766   980   754   991 0.63 length=1061	scaffold=chromosome7	strand=+
3942_g               -           1124 68790                -            474     8e-07   26.2   0.0   1   3     0.043       2.9    4.6   0.0    71   123   763   817   748   829 0.80 length=1125	scaffold=chromosome7	strand=+
3942_g               -           1124 68790                -            474     8e-07   26.2   0.0   2   3     0.033       2.2    5.0   0.0   130   167   849   886   844   903 0.83 length=1125	scaffold=chromosome7	strand=+
3942_g               -           1124 68790                -            474     8e-07   26.2   0.0   3   3   0.00016     0.011   12.6   0.0   199   234  1007  1043   991  1046 0.80 length=1125	scaffold=chromosome7	strand=+
2512_g               -            107 68790                -            474   1.1e-06   25.8   0.0   1   1   1.8e-08   1.2e-06   25.7   0.0   325   393    34   101    10   105 0.85 length=108	scaffold=chromosome1	strand=-
3651_g               -            236 68790                -            474   5.7e-05   20.1   5.2   1   2   8.1e-05    0.0055   13.6   0.4   405   453    10    60     2    73 0.73 length=237	scaffold=chromosome6	strand=-
3651_g               -            236 68790                -            474   5.7e-05   20.1   5.2   2   2    0.0026      0.18    8.6   0.5   303   390   139   226   128   232 0.80 length=237	scaffold=chromosome6	strand=-
265_g                -            792 68790                -            474   0.00011   19.2   0.0   1   1   3.7e-06   0.00025   18.0   0.0    80   115    69   104    29   158 0.82 length=793	scaffold=chromosome10	strand=+
1609_g               -           2283 68790                -            474   0.00023   18.1   1.1   1   1     9e-06   0.00061   16.7   1.1   104   180   956  1033   944  1048 0.86 length=2284	scaffold=chromosome13	strand=-
1686_g               -            136 68790                -            474   0.00072   16.5   0.5   1   1   3.9e-05    0.0026   14.6   0.5   339   468     8   132     2   136 0.81 length=137	scaffold=chromosome13	strand=-
973_g                -            475 68790                -            474    0.0019   15.1   4.6   1   3     8e-05    0.0054   13.6   0.3   332   468   160   227   138   249 0.61 length=476	scaffold=chromosome12	strand=+
973_g                -            475 68790                -            474    0.0019   15.1   4.6   2   3      0.23        16    2.2   0.1   339   393   317   371   307   386 0.74 length=476	scaffold=chromosome12	strand=+
973_g                -            475 68790                -            474    0.0019   15.1   4.6   3   3       3.2   2.2e+02   -1.6   0.0   336   363   432   459   425   469 0.81 length=476	scaffold=chromosome12	strand=+
2425_g               -            209 68790                -            474    0.0021   15.0   0.8   1   1   3.7e-05    0.0025   14.7   0.8   347   452    88   191    70   208 0.68 length=210	scaffold=chromosome14	strand=+
506_g                -            140 68790                -            474    0.0023   14.8   0.1   1   1   3.4e-05    0.0023   14.8   0.1   409   469    79   136     8   140 0.71 length=141	scaffold=chromosome11	strand=+
2699_g               -           1521 68790                -            474     0.006   13.4   0.6   1   1   0.00017     0.011   12.5   0.1   329   395    23    90    15   114 0.81 length=1522	scaffold=chromosome2	strand=-
#
# Program:         hmmsearch
# Version:         3.4 (Aug 2023)
# Pipeline mode:   SEARCH
# Query file:      /home/inf-20-2025/Malaria/busco_downloads/lineages/apicomplexa_odb12/hmms/68790at5794.hmm
# Target file:     /home/inf-20-2025/Malaria/Results/6_nobird_annotation/P_vivax.faa
# Option settings: hmmsearch --domtblout Results/8_busco/P_vivax/run_apicomplexa_odb12/hmmer_output/initial_run_results/68790at5794.out --cpu 1 /home/inf-20-2025/Malaria/busco_downloads/lineages/apicomplexa_odb12/hmms/68790at5794.hmm /home/inf-20-2025/Malaria/Results/6_nobird_annotation/P_vivax.faa 
# Current dir:     /home/inf-20-2025/Malaria
# Date:            Wed Mar  4 18:32:09 2026
# [ok]
