#                                                                            --- full sequence --- -------------- this domain -------------   hmm coord   ali coord   env coord
# target name        accession   tlen query name           accession   qlen   E-value  score  bias   #  of  c-Evalue  i-Evalue  score  bias  from    to  from    to  from    to  acc description of target
#------------------- ---------- ----- -------------------- ---------- ----- --------- ------ ----- --- --- --------- --------- ------ ----- ----- ----- ----- ----- ----- ----- ---- ---------------------
1018_g               -            220 68819                -            191   6.5e-83  275.3   4.4   1   1   1.2e-85   1.1e-82  274.5   4.4     1   191    17   220    17   220 0.93 length=221	scaffold=chromosome12	strand=-
4244_g               -            221 68819                -            191   2.7e-10   38.4   1.3   1   2    0.0013       1.3    6.9   0.0    75   110    61    96    46   114 0.76 length=222	scaffold=chromosome8	strand=-
4244_g               -            221 68819                -            191   2.7e-10   38.4   1.3   2   2   7.9e-11   7.4e-08   30.5   0.4   117   179   123   187   111   192 0.87 length=222	scaffold=chromosome8	strand=-
3799_g               -            848 68819                -            191   1.4e-09   36.1   0.2   1   1   2.7e-12   2.5e-09   35.3   0.2    59   172    55   175    42   183 0.79 length=849	scaffold=chromosome7	strand=+
1871_g               -            208 68819                -            191   2.1e-09   35.5   0.2   1   1   3.2e-12     3e-09   35.0   0.2   111   186   102   178    49   182 0.75 length=209	scaffold=chromosome14	strand=-
3256_g               -            344 68819                -            191   7.3e-05   20.7   7.4   1   1   3.1e-07    0.0003   18.7   7.4   106   185   238   316   155   321 0.72 length=345	scaffold=chromosome5	strand=+
1218_g               -           1607 68819                -            191     0.071   11.0   3.7   1   2   9.9e-05     0.094   10.6   1.4    94   177   469   548   457   561 0.86 length=1608	scaffold=chromosome12	strand=-
1218_g               -           1607 68819                -            191     0.071   11.0   3.7   2   2      0.39   3.7e+02   -1.2   0.0    40    65  1507  1532  1500  1540 0.87 length=1608	scaffold=chromosome12	strand=-
#
# Program:         hmmsearch
# Version:         3.4 (Aug 2023)
# Pipeline mode:   SEARCH
# Query file:      /home/inf-20-2025/Malaria/busco_downloads/lineages/apicomplexa_odb12/hmms/68819at5794.hmm
# Target file:     /home/inf-20-2025/Malaria/Results/6_nobird_annotation/P_vivax.faa
# Option settings: hmmsearch --domtblout Results/8_busco/P_vivax/run_apicomplexa_odb12/hmmer_output/initial_run_results/68819at5794.out --cpu 1 /home/inf-20-2025/Malaria/busco_downloads/lineages/apicomplexa_odb12/hmms/68819at5794.hmm /home/inf-20-2025/Malaria/Results/6_nobird_annotation/P_vivax.faa 
# Current dir:     /home/inf-20-2025/Malaria
# Date:            Wed Mar  4 18:32:09 2026
# [ok]
