#                                                                            --- full sequence --- -------------- this domain -------------   hmm coord   ali coord   env coord
# target name        accession   tlen query name           accession   qlen   E-value  score  bias   #  of  c-Evalue  i-Evalue  score  bias  from    to  from    to  from    to  acc description of target
#------------------- ---------- ----- -------------------- ---------- ----- --------- ------ ----- --- --- --------- --------- ------ ----- ----- ----- ----- ----- ----- ----- ---- ---------------------
1649_g               -            518 68895                -            471  1.5e-206  684.7  13.7   1   1  9.4e-209  3.1e-206  683.7  13.7     6   464    10   491     4   497 0.92 length=519	scaffold=chromosome13	strand=+
1581_g               -            769 68895                -            471   2.7e-33  113.5   0.6   1   3     3e-13     1e-10   39.1   0.1   149   265   294   410   283   427 0.80 length=770	scaffold=chromosome13	strand=-
1581_g               -            769 68895                -            471   2.7e-33  113.5   0.6   2   3   4.4e-20   1.5e-17   61.6   0.1   297   408   528   642   525   659 0.90 length=770	scaffold=chromosome13	strand=-
1581_g               -            769 68895                -            471   2.7e-33  113.5   0.6   3   3   0.00032      0.11    9.3   0.0   402   453   656   709   647   718 0.76 length=770	scaffold=chromosome13	strand=-
1533_g               -           1385 68895                -            471   1.2e-17   62.0   3.0   1   1   3.5e-19   1.2e-16   58.6   3.0   197   318  1071  1191  1068  1341 0.82 length=1386	scaffold=chromosome13	strand=-
2160_g               -            864 68895                -            471   7.8e-10   36.1   4.6   1   3   0.00078      0.26    8.0   0.0   299   319   287   307   282   319 0.88 length=865	scaffold=chromosome14	strand=+
2160_g               -            864 68895                -            471   7.8e-10   36.1   4.6   2   3   4.1e-08   1.4e-05   22.2   0.0   292   353   556   622   548   631 0.83 length=865	scaffold=chromosome14	strand=+
2160_g               -            864 68895                -            471   7.8e-10   36.1   4.6   3   3    0.0055       1.8    5.2   0.7   198   247   645   692   639   698 0.88 length=865	scaffold=chromosome14	strand=+
1539_g               -            499 68895                -            471   6.3e-08   29.8   0.3   1   2   4.7e-09   1.6e-06   25.3   0.1   294   357   102   168    98   176 0.84 length=500	scaffold=chromosome13	strand=-
1539_g               -            499 68895                -            471   6.3e-08   29.8   0.3   2   2     0.046        15    2.2   0.0   235   255   332   349   323   388 0.66 length=500	scaffold=chromosome13	strand=-
2892_g               -            765 68895                -            471   4.2e-07   27.1   0.1   1   3       2.8   9.4e+02   -3.7   0.5   128   170    96   136    92   154 0.59 length=766	scaffold=chromosome3	strand=-
2892_g               -            765 68895                -            471   4.2e-07   27.1   0.1   2   3       0.5   1.7e+02   -1.2   0.0   188   209   390   411   335   415 0.63 length=766	scaffold=chromosome3	strand=-
2892_g               -            765 68895                -            471   4.2e-07   27.1   0.1   3   3   1.3e-09   4.2e-07   27.1   0.1   296   355   528   586   493   595 0.86 length=766	scaffold=chromosome3	strand=-
24_g                 -            533 68895                -            471   4.8e-07   27.0   0.2   1   2       2.9   9.8e+02   -3.8   3.3    83   111    29    57     5   103 0.43 length=534	scaffold=chromosome10	strand=+
24_g                 -            533 68895                -            471   4.8e-07   27.0   0.2   2   2   1.4e-09   4.8e-07   27.0   0.2   196   272   189   263   184   268 0.85 length=534	scaffold=chromosome10	strand=+
172_g                -            288 68895                -            471   1.1e-06   25.8   0.0   1   1   5.3e-09   1.8e-06   25.1   0.0   299   351    86   139    79   156 0.88 length=289	scaffold=chromosome10	strand=+
5520_g               -            356 68895                -            471    0.0005   17.0   0.5   1   2   2.4e-06   0.00081   16.3   0.0   298   355    33    92    26   125 0.74 length=356	scaffold=scf_7004	strand=-
5520_g               -            356 68895                -            471    0.0005   17.0   0.5   2   2       2.4     8e+02   -3.5   0.1   236   246   210   220   196   227 0.79 length=356	scaffold=scf_7004	strand=-
66_g                 -            365 68895                -            471   0.00051   17.0   0.5   1   2   2.5e-06   0.00084   16.3   0.0   298   355    64   123    57   156 0.74 length=366	scaffold=chromosome10	strand=+
66_g                 -            365 68895                -            471   0.00051   17.0   0.5   2   2       2.5   8.2e+02   -3.5   0.1   236   246   241   251   227   258 0.79 length=366	scaffold=chromosome10	strand=+
5519_g               -            383 68895                -            471   0.00052   16.9   0.4   1   2   2.7e-06   0.00091   16.1   0.0   298   355    59   118    52   150 0.74 length=383	scaffold=scf_7003	strand=+
5519_g               -            383 68895                -            471   0.00052   16.9   0.4   2   2       2.7   9.1e+02   -3.6   0.1   236   246   236   246   223   252 0.79 length=383	scaffold=scf_7003	strand=+
5555_g               -            382 68895                -            471   0.00052   16.9   0.4   1   2   2.7e-06   0.00091   16.1   0.0   298   355    59   118    52   150 0.74 length=382	scaffold=scf_7068	strand=+
5555_g               -            382 68895                -            471   0.00052   16.9   0.4   2   2       2.7     9e+02   -3.6   0.1   236   246   236   246   223   252 0.79 length=382	scaffold=scf_7068	strand=+
1749_g               -            560 68895                -            471   0.00058   16.8   0.1   1   1   4.8e-06    0.0016   15.3   0.1   297   321   213   237   194   242 0.81 length=561	scaffold=chromosome13	strand=-
1348_g               -            185 68895                -            471    0.0014   15.5   1.9   1   2   0.00029     0.097    9.5   0.1   283   331     3    51     1    61 0.88 length=186	scaffold=chromosome12	strand=+
1348_g               -            185 68895                -            471    0.0014   15.5   1.9   2   2    0.0039       1.3    5.7   0.3   190   258    74   142    57   158 0.73 length=186	scaffold=chromosome12	strand=+
2703_g               -            763 68895                -            471     0.014   12.2   0.7   1   1   9.7e-05     0.033   11.0   0.7   203   263   149   207   145   214 0.83 length=764	scaffold=chromosome2	strand=+
3421_g               -            224 68895                -            471     0.023   11.5   0.0   1   2     0.005       1.7    5.4   0.0   293   326    21    54     7    57 0.86 length=225	scaffold=chromosome5	strand=+
3421_g               -            224 68895                -            471     0.023   11.5   0.0   2   2     0.011       3.6    4.3   0.0   188   244    80   136    70   169 0.71 length=225	scaffold=chromosome5	strand=+
4510_g               -            713 68895                -            471      0.37    7.6   7.5   1   3       1.8   5.9e+02   -3.0   0.2   116   165   235   284   230   326 0.60 length=714	scaffold=chromosome9	strand=+
4510_g               -            713 68895                -            471      0.37    7.6   7.5   2   3    0.0003     0.099    9.4   0.3   282   319   454   487   428   493 0.73 length=714	scaffold=chromosome9	strand=+
4510_g               -            713 68895                -            471      0.37    7.6   7.5   3   3     0.051        17    2.0   0.1   199   220   540   561   532   610 0.69 length=714	scaffold=chromosome9	strand=+
#
# Program:         hmmsearch
# Version:         3.4 (Aug 2023)
# Pipeline mode:   SEARCH
# Query file:      /home/inf-20-2025/Malaria/busco_downloads/lineages/apicomplexa_odb12/hmms/68895at5794.hmm
# Target file:     /home/inf-20-2025/Malaria/Results/6_nobird_annotation/P_vivax.faa
# Option settings: hmmsearch --domtblout Results/8_busco/P_vivax/run_apicomplexa_odb12/hmmer_output/initial_run_results/68895at5794.out --cpu 1 /home/inf-20-2025/Malaria/busco_downloads/lineages/apicomplexa_odb12/hmms/68895at5794.hmm /home/inf-20-2025/Malaria/Results/6_nobird_annotation/P_vivax.faa 
# Current dir:     /home/inf-20-2025/Malaria
# Date:            Wed Mar  4 18:32:12 2026
# [ok]
