#                                                                            --- full sequence --- -------------- this domain -------------   hmm coord   ali coord   env coord
# target name        accession   tlen query name           accession   qlen   E-value  score  bias   #  of  c-Evalue  i-Evalue  score  bias  from    to  from    to  from    to  acc description of target
#------------------- ---------- ----- -------------------- ---------- ----- --------- ------ ----- --- --- --------- --------- ------ ----- ----- ----- ----- ----- ----- ----- ---- ---------------------
2293_g               -           1089 68951                -            762         0 1141.1  34.6   1   3   5.2e-20     3e-17   60.3  11.9     2   141    60   219    59   230 0.77 length=1090	scaffold=chromosome14	strand=-
2293_g               -           1089 68951                -            762         0 1141.1  34.6   2   3  7.9e-160  4.5e-157  522.6   2.7   112   407   372   668   336   672 0.97 length=1090	scaffold=chromosome14	strand=-
2293_g               -           1089 68951                -            762         0 1141.1  34.6   3   3  3.3e-174  1.9e-171  570.2   4.3   405   758   719  1085   706  1089 0.94 length=1090	scaffold=chromosome14	strand=-
3658_g               -           1218 68951                -            762  2.5e-274  910.3   0.4   1   1  7.2e-277  4.1e-274  909.6   0.4     9   757   410  1181   406  1186 0.90 length=1219	scaffold=chromosome6	strand=+
3859_g               -            840 68951                -            762    1e-245  815.8   0.4   1   1  2.2e-248  1.3e-245  815.4   0.4   116   759   162   821   119   824 0.93 length=841	scaffold=chromosome7	strand=-
367_g                -           1127 68951                -            762  6.6e-229  760.2  15.0   1   3       4.3   2.5e+03   -5.6   4.7    19   123   147   256   132   271 0.40 length=1128	scaffold=chromosome11	strand=+
367_g                -           1127 68951                -            762  6.6e-229  760.2  15.0   2   3  3.2e-102   1.8e-99  332.1   3.0    73   377   364   671   314   678 0.84 length=1128	scaffold=chromosome11	strand=+
367_g                -           1127 68951                -            762  6.6e-229  760.2  15.0   3   3  9.3e-136  5.3e-133  443.0   4.3   377   760   741  1125   734  1127 0.96 length=1128	scaffold=chromosome11	strand=+
3303_g               -            809 68951                -            762  2.6e-152  506.9  14.3   1   5   6.2e-12   3.5e-09   33.6   0.0   142   190     3    51     1    55 0.94 length=810	scaffold=chromosome5	strand=+
3303_g               -            809 68951                -            762  2.6e-152  506.9  14.3   2   5   1.8e-56     1e-53  180.8   0.1   193   350    77   235    69   242 0.97 length=810	scaffold=chromosome5	strand=+
3303_g               -            809 68951                -            762  2.6e-152  506.9  14.3   3   5   1.1e-06   0.00062   16.2   0.0   350   376   272   298   267   307 0.91 length=810	scaffold=chromosome5	strand=+
3303_g               -            809 68951                -            762  2.6e-152  506.9  14.3   4   5   1.5e-63   8.6e-61  204.3   0.1   380   596   360   575   350   581 0.97 length=810	scaffold=chromosome5	strand=+
3303_g               -            809 68951                -            762  2.6e-152  506.9  14.3   5   5   5.7e-25   3.3e-22   76.7   2.3   600   758   624   792   622   796 0.83 length=810	scaffold=chromosome5	strand=+
1867_g               -           1618 68951                -            762   2.5e-74  249.0   7.0   1   5      0.19   1.1e+02   -1.1   1.4    92   154    17    80     7    87 0.62 length=1619	scaffold=chromosome14	strand=+
1867_g               -           1618 68951                -            762   2.5e-74  249.0   7.0   2   5        10   5.7e+03  -11.0  14.9    26   103   167   239    98   288 0.51 length=1619	scaffold=chromosome14	strand=+
1867_g               -           1618 68951                -            762   2.5e-74  249.0   7.0   3   5   1.2e-57   6.9e-55  184.7   4.0   122   374   413   678   393   688 0.87 length=1619	scaffold=chromosome14	strand=+
1867_g               -           1618 68951                -            762   2.5e-74  249.0   7.0   4   5   1.8e-24   1.1e-21   75.0   0.0   381   530   922  1088   905  1102 0.84 length=1619	scaffold=chromosome14	strand=+
1867_g               -           1618 68951                -            762   2.5e-74  249.0   7.0   5   5      0.21   1.2e+02   -1.2   2.0   616   729  1304  1425  1289  1472 0.53 length=1619	scaffold=chromosome14	strand=+
1397_g               -            928 68951                -            762   3.1e-58  195.8  18.3   1   2   2.7e-09   1.5e-06   24.9   0.1   231   301   105   175    99   190 0.86 length=929	scaffold=chromosome12	strand=+
1397_g               -            928 68951                -            762   3.1e-58  195.8  18.3   2   2   7.7e-53   4.4e-50  168.8  14.1   323   760   483   918   476   920 0.87 length=929	scaffold=chromosome12	strand=+
4335_g               -           2111 68951                -            762   2.5e-56  189.5  12.2   1   3   8.8e-41     5e-38  129.0   1.6   129   326   405   615   396   619 0.86 length=2112	scaffold=chromosome8	strand=+
4335_g               -           2111 68951                -            762   2.5e-56  189.5  12.2   2   3   6.3e-21   3.6e-18   63.3   0.5   352   512   743   906   726   912 0.87 length=2112	scaffold=chromosome8	strand=+
4335_g               -           2111 68951                -            762   2.5e-56  189.5  12.2   3   3     0.011       6.3    3.0   0.1   532   595   988  1050   964  1096 0.85 length=2112	scaffold=chromosome8	strand=+
4771_g               -            275 68951                -            762     0.063    9.6   5.6   1   1   0.00013     0.074    9.4   5.6     5    76    15    86    11   183 0.72 length=276	scaffold=chromosome9	strand=+
1542_g               -            243 68951                -            762       2.5    4.3  16.9   1   1    0.0057       3.3    3.9  16.9    23   144    71   190    64   210 0.88 length=244	scaffold=chromosome13	strand=-
#
# Program:         hmmsearch
# Version:         3.4 (Aug 2023)
# Pipeline mode:   SEARCH
# Query file:      /home/inf-20-2025/Malaria/busco_downloads/lineages/apicomplexa_odb12/hmms/68951at5794.hmm
# Target file:     /home/inf-20-2025/Malaria/Results/6_nobird_annotation/P_vivax.faa
# Option settings: hmmsearch --domtblout Results/8_busco/P_vivax/run_apicomplexa_odb12/hmmer_output/initial_run_results/68951at5794.out --cpu 1 /home/inf-20-2025/Malaria/busco_downloads/lineages/apicomplexa_odb12/hmms/68951at5794.hmm /home/inf-20-2025/Malaria/Results/6_nobird_annotation/P_vivax.faa 
# Current dir:     /home/inf-20-2025/Malaria
# Date:            Wed Mar  4 18:32:12 2026
# [ok]
