#                                                                            --- full sequence --- -------------- this domain -------------   hmm coord   ali coord   env coord
# target name        accession   tlen query name           accession   qlen   E-value  score  bias   #  of  c-Evalue  i-Evalue  score  bias  from    to  from    to  from    to  acc description of target
#------------------- ---------- ----- -------------------- ---------- ----- --------- ------ ----- --- --- --------- --------- ------ ----- ----- ----- ----- ----- ----- ----- ---- ---------------------
2779_g               -            256 68992                -            247  1.1e-135  449.1   0.0   1   1  3.3e-138  1.3e-135  449.0   0.0     1   245     1   247     1   249 0.98 length=257	scaffold=chromosome2	strand=+
464_g                -            246 68992                -            247   2.1e-52  176.4   0.0   1   1     7e-55   2.6e-52  176.1   0.0     7   238     4   235     1   242 0.89 length=247	scaffold=chromosome11	strand=+
674_g                -            235 68992                -            247   8.4e-50  167.9   0.0   1   1   2.7e-52     1e-49  167.6   0.0     6   237     4   229     1   234 0.95 length=236	scaffold=chromosome11	strand=+
463_g                -            241 68992                -            247   6.8e-48  161.6   0.2   1   1   2.2e-50   8.3e-48  161.3   0.2     7   242     2   229     1   234 0.94 length=242	scaffold=chromosome11	strand=-
1393_g               -            269 68992                -            247   3.5e-41  139.6   0.1   1   1   1.1e-43   4.2e-41  139.4   0.1     5   241     3   234     1   240 0.88 length=270	scaffold=chromosome12	strand=+
5269_g               -            257 68992                -            247     8e-41  138.5   0.0   1   1   4.1e-43   1.6e-40  137.5   0.0     4   210    12   211     9   242 0.88 length=258	scaffold=scf_5591	strand=-	adjustedToFrame=2
4275_g               -            253 68992                -            247   5.7e-31  106.2   0.1   1   1   2.3e-33   8.9e-31  105.6   0.1     6   217     6   212     1   242 0.86 length=254	scaffold=chromosome8	strand=+
2601_g               -            260 68992                -            247   4.7e-30  103.2   1.1   1   1   1.8e-32   6.9e-30  102.6   1.1     4   239     5   253     2   259 0.79 length=261	scaffold=chromosome1	strand=-
987_g                -            270 68992                -            247   1.4e-15   55.8   0.0   1   1   6.4e-17   2.4e-14   51.7   0.0    32   225    39   222    36   242 0.86 length=271	scaffold=chromosome12	strand=-
4163_g               -            273 68992                -            247   1.8e-13   48.9   0.2   1   1   5.8e-15   2.2e-12   45.3   0.2    33   203    61   221    53   256 0.87 length=274	scaffold=chromosome8	strand=-
4002_g               -            282 68992                -            247   2.9e-13   48.2   0.3   1   2   3.9e-08   1.5e-05   23.0   0.1    31    94    26    90    19   107 0.87 length=283	scaffold=chromosome7	strand=-
4002_g               -            282 68992                -            247   2.9e-13   48.2   0.3   2   2   2.8e-08   1.1e-05   23.4   0.0   139   214   177   254   141   278 0.77 length=283	scaffold=chromosome7	strand=-
2633_g               -            256 68992                -            247   1.3e-09   36.2   0.0   1   2   3.2e-07   0.00012   20.0   0.0    28    98     3    75     1    86 0.87 length=257	scaffold=chromosome1	strand=+
2633_g               -            256 68992                -            247   1.3e-09   36.2   0.0   2   2   1.4e-05    0.0054   14.6   0.0   153   226   150   224    99   233 0.85 length=257	scaffold=chromosome1	strand=+
124_g                -            241 68992                -            247   0.00024   19.0   0.0   1   2   6.9e-06    0.0026   15.6   0.0    32    90    36    95    33   119 0.88 length=242	scaffold=chromosome10	strand=+
124_g                -            241 68992                -            247   0.00024   19.0   0.0   2   2      0.17        65    1.2   0.0   144   189   138   184   127   209 0.73 length=242	scaffold=chromosome10	strand=+
1077_g               -            195 68992                -            247   0.00065   17.6   0.0   1   1   5.1e-06    0.0019   16.0   0.0   137   204    96   164     2   193 0.77 length=196	scaffold=chromosome12	strand=-
2722_g               -            530 68992                -            247    0.0049   14.7   0.0   1   1   2.1e-05     0.008   14.0   0.0    34   119    62   149    53   160 0.87 length=531	scaffold=chromosome2	strand=+
#
# Program:         hmmsearch
# Version:         3.4 (Aug 2023)
# Pipeline mode:   SEARCH
# Query file:      /home/inf-20-2025/Malaria/busco_downloads/lineages/apicomplexa_odb12/hmms/68992at5794.hmm
# Target file:     /home/inf-20-2025/Malaria/Results/6_nobird_annotation/P_vivax.faa
# Option settings: hmmsearch --domtblout Results/8_busco/P_vivax/run_apicomplexa_odb12/hmmer_output/initial_run_results/68992at5794.out --cpu 1 /home/inf-20-2025/Malaria/busco_downloads/lineages/apicomplexa_odb12/hmms/68992at5794.hmm /home/inf-20-2025/Malaria/Results/6_nobird_annotation/P_vivax.faa 
# Current dir:     /home/inf-20-2025/Malaria
# Date:            Wed Mar  4 18:32:13 2026
# [ok]
