#                                                                            --- full sequence --- -------------- this domain -------------   hmm coord   ali coord   env coord
# target name        accession   tlen query name           accession   qlen   E-value  score  bias   #  of  c-Evalue  i-Evalue  score  bias  from    to  from    to  from    to  acc description of target
#------------------- ---------- ----- -------------------- ---------- ----- --------- ------ ----- --- --- --------- --------- ------ ----- ----- ----- ----- ----- ----- ----- ---- ---------------------
4356_g               -            540 69028                -            532  1.3e-292  969.2  11.4   1   1  2.6e-295  1.5e-292  969.0  11.4     1   530     1   532     1   534 0.99 length=541	scaffold=chromosome8	strand=+
4681_g               -            543 69028                -            532  1.3e-120  401.6   5.4   1   1  2.9e-123  1.6e-120  401.3   5.4    20   528    11   537     6   542 0.91 length=544	scaffold=chromosome9	strand=-
2271_g               -            568 69028                -            532  3.2e-112  373.9  13.8   1   1  7.2e-115  4.1e-112  373.6  13.8     4   526    25   554    23   560 0.92 length=569	scaffold=chromosome14	strand=+
4242_g               -            535 69028                -            532  3.4e-112  373.8  14.3   1   1  8.1e-115  4.6e-112  373.4  14.3     7   523    10   530     7   534 0.94 length=536	scaffold=chromosome8	strand=-
4368_g               -            532 69028                -            532    4e-112  373.6  10.3   1   1    9e-115  5.1e-112  373.3  10.3    11   527     8   527     2   531 0.94 length=533	scaffold=chromosome8	strand=+
428_g                -            529 69028                -            532   4.1e-97  324.1  16.2   1   1  8.8e-100     5e-97  323.8  16.2    27   522    25   526    13   529 0.93 length=530	scaffold=chromosome11	strand=-
3083_g               -            544 69028                -            532     9e-68  227.3  20.7   1   1   2.1e-70   1.2e-67  226.8  20.7    12   523    12   524    10   531 0.90 length=545	scaffold=chromosome4	strand=-
672_g                -            543 69028                -            532   1.1e-66  223.6  10.8   1   1   5.8e-69   3.3e-66  222.1  10.8     9   528     3   539     1   543 0.89 length=544	scaffold=chromosome11	strand=-
4204_g               -            838 69028                -            532   4.7e-21   73.1   8.1   1   2   8.6e-17   4.9e-14   49.9   0.6    29   148   304   429   291   445 0.88 length=839	scaffold=chromosome8	strand=-
4204_g               -            838 69028                -            532   4.7e-21   73.1   8.1   2   2   1.1e-09   6.1e-07   26.5   1.5   369   520   662   808   648   820 0.83 length=839	scaffold=chromosome8	strand=-
2297_g               -            722 69028                -            532     4e-12   43.6  12.1   1   3   2.7e-12   1.5e-09   35.1   1.6    33   192    88   249    61   256 0.80 length=723	scaffold=chromosome14	strand=-
2297_g               -            722 69028                -            532     4e-12   43.6  12.1   2   3      0.29   1.6e+02   -1.3   0.1   357   429   452   525   425   532 0.61 length=723	scaffold=chromosome14	strand=-
2297_g               -            722 69028                -            532     4e-12   43.6  12.1   3   3   5.3e-06     0.003   14.3   0.8   440   529   561   647   548   649 0.87 length=723	scaffold=chromosome14	strand=-
#
# Program:         hmmsearch
# Version:         3.4 (Aug 2023)
# Pipeline mode:   SEARCH
# Query file:      /home/inf-20-2025/Malaria/busco_downloads/lineages/apicomplexa_odb12/hmms/69028at5794.hmm
# Target file:     /home/inf-20-2025/Malaria/Results/6_nobird_annotation/P_vivax.faa
# Option settings: hmmsearch --domtblout Results/8_busco/P_vivax/run_apicomplexa_odb12/hmmer_output/initial_run_results/69028at5794.out --cpu 1 /home/inf-20-2025/Malaria/busco_downloads/lineages/apicomplexa_odb12/hmms/69028at5794.hmm /home/inf-20-2025/Malaria/Results/6_nobird_annotation/P_vivax.faa 
# Current dir:     /home/inf-20-2025/Malaria
# Date:            Wed Mar  4 18:32:15 2026
# [ok]
