#                                                                            --- full sequence --- -------------- this domain -------------   hmm coord   ali coord   env coord
# target name        accession   tlen query name           accession   qlen   E-value  score  bias   #  of  c-Evalue  i-Evalue  score  bias  from    to  from    to  from    to  acc description of target
#------------------- ---------- ----- -------------------- ---------- ----- --------- ------ ----- --- --- --------- --------- ------ ----- ----- ----- ----- ----- ----- ----- ---- ---------------------
4479_g               -           1296 69139                -            864         0 1338.2  50.7   1   4   6.4e-69     9e-66  220.8   2.2     3   154    14   177    12   188 0.89 length=1297	scaffold=chromosome9	strand=+
4479_g               -           1296 69139                -            864         0 1338.2  50.7   2   4  8.2e-254  1.2e-250  832.5  25.2   151   645   315   813   298   834 0.96 length=1297	scaffold=chromosome9	strand=+
4479_g               -           1296 69139                -            864         0 1338.2  50.7   3   4   9.4e-19   1.3e-15   54.8   0.1   639   693   900   954   896   961 0.93 length=1297	scaffold=chromosome9	strand=+
4479_g               -           1296 69139                -            864         0 1338.2  50.7   4   4   6.7e-76   9.5e-73  243.9   4.1   689   861  1021  1193  1004  1197 0.96 length=1297	scaffold=chromosome9	strand=+
2827_g               -            724 69139                -            864   1.1e-25   88.2  22.8   1   3   2.2e-18   3.1e-15   53.6   6.6   467   707    81   332    62   340 0.80 length=725	scaffold=chromosome3	strand=-
2827_g               -            724 69139                -            864   1.1e-25   88.2  22.8   2   3    0.0088        12    2.0   0.0   372   408   311   347   305   357 0.83 length=725	scaffold=chromosome3	strand=-
2827_g               -            724 69139                -            864   1.1e-25   88.2  22.8   3   3   1.7e-14   2.4e-11   40.7   4.9   468   661   382   580   367   618 0.81 length=725	scaffold=chromosome3	strand=-
1820_g               -            458 69139                -            864   9.6e-10   35.4   6.6   1   2         4   5.7e+03   -9.1   7.3    77    99   123   146   103   153 0.56 length=459	scaffold=chromosome13	strand=-
1820_g               -            458 69139                -            864   9.6e-10   35.4   6.6   2   2   6.7e-13   9.6e-10   35.4   6.6   522   709   192   383   181   395 0.83 length=459	scaffold=chromosome13	strand=-
2431_g               -            362 69139                -            864     0.034   10.4   0.1   1   1   3.3e-05     0.046   10.0   0.1   587   638    20    70     3    83 0.81 length=363	scaffold=chromosome14	strand=+
#
# Program:         hmmsearch
# Version:         3.4 (Aug 2023)
# Pipeline mode:   SEARCH
# Query file:      /home/inf-20-2025/Malaria/busco_downloads/lineages/apicomplexa_odb12/hmms/69139at5794.hmm
# Target file:     /home/inf-20-2025/Malaria/Results/6_nobird_annotation/P_vivax.faa
# Option settings: hmmsearch --domtblout Results/8_busco/P_vivax/run_apicomplexa_odb12/hmmer_output/initial_run_results/69139at5794.out --cpu 1 /home/inf-20-2025/Malaria/busco_downloads/lineages/apicomplexa_odb12/hmms/69139at5794.hmm /home/inf-20-2025/Malaria/Results/6_nobird_annotation/P_vivax.faa 
# Current dir:     /home/inf-20-2025/Malaria
# Date:            Wed Mar  4 18:32:12 2026
# [ok]
