#                                                                            --- full sequence --- -------------- this domain -------------   hmm coord   ali coord   env coord
# target name        accession   tlen query name           accession   qlen   E-value  score  bias   #  of  c-Evalue  i-Evalue  score  bias  from    to  from    to  from    to  acc description of target
#------------------- ---------- ----- -------------------- ---------- ----- --------- ------ ----- --- --- --------- --------- ------ ----- ----- ----- ----- ----- ----- ----- ---- ---------------------
211_g                -           1811 69164                -           1175         0 1418.9 105.3   1   3    6e-247  7.5e-245  813.8  38.5    10   678    46   762    38   778 0.91 length=1812	scaffold=chromosome10	strand=-
211_g                -           1811 69164                -           1175         0 1418.9 105.3   2   3   4.7e-56   5.9e-54  181.5  47.3   676   947   795  1073   778  1086 0.94 length=1812	scaffold=chromosome10	strand=-
211_g                -           1811 69164                -           1175         0 1418.9 105.3   3   3  1.3e-132  1.6e-130  435.1   3.7   950  1168  1203  1427  1167  1434 0.88 length=1812	scaffold=chromosome10	strand=-
2013_g               -           1218 69164                -           1175   4.7e-88  294.4 114.6   1   1   5.1e-90   6.4e-88  294.0 114.6    22  1146     3  1172     1  1176 0.66 length=1219	scaffold=chromosome14	strand=-
4666_g               -           1613 69164                -           1175   1.3e-65  220.1 116.4   1   4   2.8e-31   3.5e-29   99.5  38.5    22   394   230   601   223   627 0.76 length=1614	scaffold=chromosome9	strand=-
4666_g               -           1613 69164                -           1175   1.3e-65  220.1 116.4   2   4   0.00012     0.015   11.3  14.1   422   598   683   871   632   877 0.70 length=1614	scaffold=chromosome9	strand=-
4666_g               -           1613 69164                -           1175   1.3e-65  220.1 116.4   3   4   2.4e-09     3e-07   26.8  34.8   616   943   935  1267   915  1283 0.76 length=1614	scaffold=chromosome9	strand=-
4666_g               -           1613 69164                -           1175   1.3e-65  220.1 116.4   4   4   2.5e-31   3.2e-29   99.6   5.6   942  1162  1371  1605  1360  1613 0.84 length=1614	scaffold=chromosome9	strand=-
3373_g               -           2083 69164                -           1175   2.1e-34  116.8 142.2   1   3   7.8e-28   9.8e-26   88.0 130.5    22  1032     3  1016     1  1021 0.79 length=2084	scaffold=chromosome5	strand=-
3373_g               -           2083 69164                -           1175   2.1e-34  116.8 142.2   2   3      0.75        95   -1.3  12.5   246   374   933  1041   910  1066 0.52 length=2084	scaffold=chromosome5	strand=-
3373_g               -           2083 69164                -           1175   2.1e-34  116.8 142.2   3   3   6.6e-12   8.3e-10   35.3   0.2  1071  1146  1083  1159  1077  1166 0.90 length=2084	scaffold=chromosome5	strand=-
3236_g               -           1044 69164                -           1175   3.3e-08   30.0 159.2   1   4      0.16        20    0.9  29.4   779   944   126   292    75   302 0.49 length=1045	scaffold=chromosome5	strand=-
3236_g               -           1044 69164                -           1175   3.3e-08   30.0 159.2   2   4    0.0031      0.39    6.6  56.9   245   501   237   503   232   510 0.80 length=1045	scaffold=chromosome5	strand=-
3236_g               -           1044 69164                -           1175   3.3e-08   30.0 159.2   3   4    0.0001     0.013   11.5  60.0   694  1011   458   771   447   776 0.74 length=1045	scaffold=chromosome5	strand=-
3236_g               -           1044 69164                -           1175   3.3e-08   30.0 159.2   4   4   4.6e-07   5.8e-05   19.2  32.6   676   906   729   951   719   971 0.56 length=1045	scaffold=chromosome5	strand=-
4458_g               -           1066 69164                -           1175   2.1e-06   24.0  49.4   1   5    0.0013      0.16    7.9  18.1   764   913   141   288   122   341 0.49 length=1067	scaffold=chromosome9	strand=-
4458_g               -           1066 69164                -           1175   2.1e-06   24.0  49.4   2   5     0.051       6.4    2.6  16.5   803   922   371   462   364   469 0.46 length=1067	scaffold=chromosome9	strand=-
4458_g               -           1066 69164                -           1175   2.1e-06   24.0  49.4   3   5   1.7e-08   2.1e-06   24.0  49.4   262   504   446   684   442   708 0.90 length=1067	scaffold=chromosome9	strand=-
4458_g               -           1066 69164                -           1175   2.1e-06   24.0  49.4   4   5      0.13        16    1.2  40.6   708   942   580   811   571   815 0.91 length=1067	scaffold=chromosome9	strand=-
4458_g               -           1066 69164                -           1175   2.1e-06   24.0  49.4   5   5     0.025       3.2    3.6  41.0   257   509   756  1004   739  1055 0.65 length=1067	scaffold=chromosome9	strand=-
684_g                -            770 69164                -           1175   3.9e-06   23.2  49.9   1   1   4.7e-08   5.9e-06   22.5  49.9   677   965   369   656   362   690 0.81 length=771	scaffold=chromosome11	strand=+
3733_g               -           1116 69164                -           1175   5.2e-06   22.7 135.9   1   2   1.9e-05    0.0024   13.9  66.1   258   523   130   392   113   411 0.49 length=1117	scaffold=chromosome7	strand=+
3733_g               -           1116 69164                -           1175   5.2e-06   22.7 135.9   2   2   0.00015     0.019   10.9  64.1   273   533   421   680   407   691 0.81 length=1117	scaffold=chromosome7	strand=+
4634_g               -            945 69164                -           1175   1.1e-05   21.6  74.2   1   2   1.5e-05    0.0019   14.3  29.1   247   424     9   189     2   198 0.66 length=946	scaffold=chromosome9	strand=-
4634_g               -            945 69164                -           1175   1.1e-05   21.6  74.2   2   2    0.0004      0.05    9.5  43.3   245   501   180   432   176   442 0.75 length=946	scaffold=chromosome9	strand=-
2465_g               -            649 69164                -           1175   2.4e-05   20.5 100.6   1   2    0.0012      0.15    7.9  39.6   677   911    22   262    15   282 0.49 length=650	scaffold=chromosome14	strand=+
2465_g               -            649 69164                -           1175   2.4e-05   20.5 100.6   2   2   2.4e-06    0.0003   16.9  44.4   682   947   348   641   340   647 0.74 length=650	scaffold=chromosome14	strand=+
1087_g               -            429 69164                -           1175    0.0001   18.5  61.5   1   1   2.4e-06    0.0003   16.9  61.4   259   531    92   367    73   376 0.56 length=430	scaffold=chromosome12	strand=-
1800_g               -           1456 69164                -           1175   0.00012   18.2  32.6   1   2       4.5   5.7e+02   -3.9   3.2   426   463   644   681   635   729 0.57 length=1457	scaffold=chromosome13	strand=+
1800_g               -           1456 69164                -           1175   0.00012   18.2  32.6   2   2   9.4e-07   0.00012   18.2  32.6   815  1021  1183  1386  1172  1402 0.84 length=1457	scaffold=chromosome13	strand=+
606_g                -            591 69164                -           1175   0.00041   16.4  34.8   1   2       2.3   2.9e+02   -2.9  31.4   356   474   205   322   185   327 0.70 length=592	scaffold=chromosome11	strand=-
606_g                -            591 69164                -           1175   0.00041   16.4  34.8   2   2   3.3e-06   0.00041   16.4  34.8   679   905   320   544   318   588 0.77 length=592	scaffold=chromosome11	strand=-
513_g                -            905 69164                -           1175   0.00062   15.8 185.7   1   4     0.076       9.6    2.0  12.9   330   751   116   186    92   196 0.58 length=906	scaffold=chromosome11	strand=-
513_g                -            905 69164                -           1175   0.00062   15.8 185.7   2   4   0.00049     0.061    9.2  57.7   266   518   181   438   176   442 0.86 length=906	scaffold=chromosome11	strand=-
513_g                -            905 69164                -           1175   0.00062   15.8 185.7   3   4    0.0001     0.013   11.4  60.9   244   518   390   660   387   664 0.88 length=906	scaffold=chromosome11	strand=-
513_g                -            905 69164                -           1175   0.00062   15.8 185.7   4   4   0.00053     0.067    9.1  55.5   680   947   640   903   636   905 0.81 length=906	scaffold=chromosome11	strand=-
244_g                -            480 69164                -           1175   0.00093   15.3  20.4   1   1   1.3e-05    0.0016   14.5  20.4   303   449    31   174    11   186 0.83 length=481	scaffold=chromosome10	strand=+
3826_g               -           1053 69164                -           1175     0.002   14.2  31.5   1   1   4.6e-05    0.0058   12.6  31.5   272   518   663   902   620   925 0.73 length=1054	scaffold=chromosome7	strand=-
258_g                -            211 69164                -           1175     0.003   13.6  21.6   1   1   3.4e-05    0.0043   13.1  21.6   316   491    12   193     1   198 0.86 length=212	scaffold=chromosome10	strand=+
5505_g               -            225 69164                -           1175    0.0033   13.4  12.0   1   1   3.2e-05    0.0041   13.1  12.0   284   435    38   192     4   202 0.48 length=225	scaffold=scf_6934	strand=+	adjustedToFrame=3
5518_g               -            225 69164                -           1175    0.0033   13.4  12.0   1   1   3.2e-05    0.0041   13.1  12.0   284   435    38   192     4   202 0.48 length=225	scaffold=scf_7002	strand=-	adjustedToFrame=3
1251_g               -            212 69164                -           1175    0.0033   13.4  11.3   1   1   4.1e-05    0.0052   12.8  11.3   236   410    11   187     2   195 0.54 length=213	scaffold=chromosome12	strand=+
1248_g               -            256 69164                -           1175    0.0044   13.0  39.2   1   1   4.5e-05    0.0056   12.7  39.2   283   512    12   246     2   254 0.66 length=257	scaffold=chromosome12	strand=-
2125_g               -            586 69164                -           1175    0.0062   12.5  13.2   1   2     0.018       2.3    4.0   5.8   449   536    16   103     2   107 0.80 length=587	scaffold=chromosome14	strand=-
2125_g               -            586 69164                -           1175    0.0062   12.5  13.2   2   2   3.4e-05    0.0043   13.1   0.8   685   778   465   556   452   582 0.84 length=587	scaffold=chromosome14	strand=-
2890_g               -            205 69164                -           1175    0.0071   12.3  13.6   1   1   6.8e-05    0.0085   12.1  13.6   283   435    41   196     3   202 0.45 length=206	scaffold=chromosome3	strand=-
2387_g               -            453 69164                -           1175    0.0071   12.3  48.0   1   2   0.00014     0.018   11.0  33.8   249   513    33   296    19   316 0.78 length=454	scaffold=chromosome14	strand=+
2387_g               -            453 69164                -           1175    0.0071   12.3  48.0   2   2     0.005      0.63    5.9   7.3   206   331   315   438   305   451 0.75 length=454	scaffold=chromosome14	strand=+
5576_g               -            179 69164                -           1175     0.008   12.2  13.4   1   1   8.3e-05     0.011   11.8  13.4   290   434    27   174     8   178 0.40 length=179	scaffold=scf_7106	strand=-
2031_g               -            207 69164                -           1175    0.0085   12.1  25.7   1   1   0.00016      0.02   10.8  16.4   853   959    12   118     5   134 0.76 length=208	scaffold=chromosome14	strand=+
5563_g               -            616 69164                -           1175     0.011   11.7  15.1   1   2     0.019       2.3    4.0   6.0   446   536    21   109     6   113 0.79 length=616	scaffold=scf_7077	strand=-	adjustedToFrame=3
5563_g               -            616 69164                -           1175     0.011   11.7  15.1   2   2   3.4e-05    0.0043   13.1   1.7   684   779   470   563   458   605 0.77 length=616	scaffold=scf_7077	strand=-	adjustedToFrame=3
2014_g               -            257 69164                -           1175     0.017   11.1  21.3   1   1   0.00018     0.023   10.7  21.3   274   441    11   174     3   204 0.42 length=258	scaffold=chromosome14	strand=+
828_g                -            216 69164                -           1175     0.019   10.9  16.1   1   1   0.00017     0.021   10.8  16.1   341   926    16   125     1   157 0.45 length=217	scaffold=chromosome12	strand=+
3071_g               -            233 69164                -           1175      0.02   10.8  23.8   1   1    0.0002     0.026   10.5  23.8   296   448    38   194    27   227 0.65 length=234	scaffold=chromosome4	strand=-
5522_g               -            603 69164                -           1175     0.024   10.6  14.7   1   2     0.054       6.9    2.5   6.8   450   536    11    97     2   101 0.83 length=603	scaffold=scf_7010	strand=+	adjustedToFrame=2
5522_g               -            603 69164                -           1175     0.024   10.6  14.7   2   2   3.4e-05    0.0043   13.1   1.0   685   778   459   550   446   584 0.83 length=603	scaffold=scf_7010	strand=+	adjustedToFrame=2
3550_g               -            971 69164                -           1175       0.1    8.5  54.8   1   3    0.0002     0.025   10.5   8.8   836   968    91   220    51   251 0.54 length=972	scaffold=chromosome6	strand=-
3550_g               -            971 69164                -           1175       0.1    8.5  54.8   2   3     0.012       1.5    4.6  13.1   376   539   327   490   308   498 0.69 length=972	scaffold=chromosome6	strand=-
3550_g               -            971 69164                -           1175       0.1    8.5  54.8   3   3    0.0061      0.76    5.6  16.9   811   967   568   720   545   762 0.42 length=972	scaffold=chromosome6	strand=-
596_g                -            460 69164                -           1175      0.12    8.3  75.3   1   2   1.1e-05    0.0014   14.7  28.9   800   968     5   178     3   182 0.82 length=461	scaffold=chromosome11	strand=-
596_g                -            460 69164                -           1175      0.12    8.3  75.3   2   2       4.2   5.4e+02   -3.8  39.6   676   941   186   454   181   460 0.63 length=461	scaffold=chromosome11	strand=-
807_g                -           1233 69164                -           1175      0.13    8.1  44.5   1   2    0.0087       1.1    5.1  25.4   690   862    80   255    24   289 0.61 length=1234	scaffold=chromosome12	strand=+
807_g                -           1233 69164                -           1175      0.13    8.1  44.5   2   2   0.00062     0.079    8.9  11.2   809   941   768   904   663   931 0.71 length=1234	scaffold=chromosome12	strand=+
4383_g               -           1026 69164                -           1175      0.16    7.9  72.8   1   3   2.2e-05    0.0028   13.7  19.1   784   942   358   519   350   552 0.81 length=1027	scaffold=chromosome8	strand=-
4383_g               -           1026 69164                -           1175      0.16    7.9  72.8   2   3     0.023       2.9    3.7  37.0   277   491   573   786   564   818 0.41 length=1027	scaffold=chromosome8	strand=-
4383_g               -           1026 69164                -           1175      0.16    7.9  72.8   3   3     0.085        11    1.8   1.3   685   735   919   969   901  1017 0.71 length=1027	scaffold=chromosome8	strand=-
5601_g               -            793 69164                -           1175      0.18    7.7  68.0   1   2      0.11        14    1.4  18.9   684   935    23   276     2   316 0.36 length=794	scaffold=scf_7133	strand=-	adjustedToFrame=2
5601_g               -            793 69164                -           1175      0.18    7.7  68.0   2   2   0.00018     0.022   10.7  42.1   683   999   328   653   313   664 0.67 length=794	scaffold=scf_7133	strand=-	adjustedToFrame=2
1115_g               -           1172 69164                -           1175      0.21    7.5 101.5   1   3   8.2e-05      0.01   11.8  62.7   268   494   268   491   262   496 0.89 length=1173	scaffold=chromosome12	strand=-
1115_g               -           1172 69164                -           1175      0.21    7.5 101.5   2   3     0.054       6.8    2.5  17.8   816   920   474   578   470   603 0.91 length=1173	scaffold=chromosome12	strand=-
1115_g               -           1172 69164                -           1175      0.21    7.5 101.5   3   3     0.017       2.2    4.1  12.4   831   969   680   818   666   828 0.65 length=1173	scaffold=chromosome12	strand=-
2869_g               -           1018 69164                -           1175      0.27    7.1  67.3   1   2   0.00018     0.022   10.7  43.1   254   519   240   516   201   563 0.50 length=1019	scaffold=chromosome3	strand=+
2869_g               -           1018 69164                -           1175      0.27    7.1  67.3   2   2      0.08        10    1.9  16.2   237   371   586   716   573   734 0.37 length=1019	scaffold=chromosome3	strand=+
3086_g               -           2095 69164                -           1175      0.32    6.9  48.3   1   3      0.62        78   -1.0   7.5   291   373  1322  1404  1301  1424 0.48 length=2096	scaffold=chromosome4	strand=+
3086_g               -           2095 69164                -           1175      0.32    6.9  48.3   2   3   0.00031     0.039    9.9  15.1   858   990  1697  1835  1687  1855 0.81 length=2096	scaffold=chromosome4	strand=+
3086_g               -           2095 69164                -           1175      0.32    6.9  48.3   3   3   0.00034     0.042    9.8   9.7   814   949  1863  1995  1857  2062 0.76 length=2096	scaffold=chromosome4	strand=+
4280_g               -            454 69164                -           1175      0.35    6.7  42.9   1   1      0.15        19    1.0  21.6   279   426   285   436   277   447 0.69 length=455	scaffold=chromosome8	strand=-
4608_g               -           1216 69164                -           1175      0.84    5.5  90.8   1   6      0.74        93   -1.3   0.1    99   159   151   206   106   226 0.57 length=1217	scaffold=chromosome9	strand=+
4608_g               -           1216 69164                -           1175      0.84    5.5  90.8   2   6   0.00035     0.044    9.7  31.6   687   869   232   422   218   430 0.75 length=1217	scaffold=chromosome9	strand=+
4608_g               -           1216 69164                -           1175      0.84    5.5  90.8   3   6      0.13        17    1.2   3.6   432   567   457   604   447   639 0.50 length=1217	scaffold=chromosome9	strand=+
4608_g               -           1216 69164                -           1175      0.84    5.5  90.8   4   6      0.01       1.3    4.9  33.9   284   535   746   998   712  1005 0.82 length=1217	scaffold=chromosome9	strand=+
4608_g               -           1216 69164                -           1175      0.84    5.5  90.8   5   6      0.13        17    1.1   4.5   735   819   945  1019   937  1056 0.49 length=1217	scaffold=chromosome9	strand=+
4608_g               -           1216 69164                -           1175      0.84    5.5  90.8   6   6     0.063         8    2.2   0.0  1072  1113  1076  1117  1074  1122 0.94 length=1217	scaffold=chromosome9	strand=+
4225_g               -            701 69164                -           1175       3.1    3.6  54.2   1   3     0.077       9.7    2.0  11.4   321   465   201   321   127   338 0.42 length=702	scaffold=chromosome8	strand=+
4225_g               -            701 69164                -           1175       3.1    3.6  54.2   2   3   3.3e-05    0.0042   13.1  26.9   304   505   362   565   358   576 0.84 length=702	scaffold=chromosome8	strand=+
4225_g               -            701 69164                -           1175       3.1    3.6  54.2   3   3      0.46        58   -0.6   1.0   710   773   626   689   604   699 0.62 length=702	scaffold=chromosome8	strand=+
1779_g               -            308 69164                -           1175       3.3    3.5  54.8   1   1     0.076       9.6    2.0  54.8   242   514    42   307     2   308 0.72 length=309	scaffold=chromosome13	strand=-
4230_g               -           1730 69164                -           1175       3.8    3.3 207.4   1   4     0.061       7.7    2.3  54.1   689   957   877  1148   857  1166 0.52 length=1731	scaffold=chromosome8	strand=+
4230_g               -           1730 69164                -           1175       3.8    3.3 207.4   2   4      0.03       3.8    3.3  33.0   352   507  1118  1273  1114  1278 0.80 length=1731	scaffold=chromosome8	strand=+
4230_g               -           1730 69164                -           1175       3.8    3.3 207.4   3   4   0.00015     0.019   10.9  59.8   260   530  1265  1535  1261  1537 0.87 length=1731	scaffold=chromosome8	strand=+
4230_g               -           1730 69164                -           1175       3.8    3.3 207.4   4   4   2.9e-05    0.0037   13.3  57.3   264   516  1464  1725  1445  1729 0.71 length=1731	scaffold=chromosome8	strand=+
1013_g               -           3141 69164                -           1175       9.7    2.0  58.1   1   2     0.068       8.6    2.1  10.8   710   795    62   148    28   184 0.64 length=3142	scaffold=chromosome12	strand=-
1013_g               -           3141 69164                -           1175       9.7    2.0  58.1   2   2     0.022       2.8    3.7  39.5   269   519  1830  2077  1810  2101 0.60 length=3142	scaffold=chromosome12	strand=-
#
# Program:         hmmsearch
# Version:         3.4 (Aug 2023)
# Pipeline mode:   SEARCH
# Query file:      /home/inf-20-2025/Malaria/busco_downloads/lineages/apicomplexa_odb12/hmms/69164at5794.hmm
# Target file:     /home/inf-20-2025/Malaria/Results/6_nobird_annotation/P_vivax.faa
# Option settings: hmmsearch --domtblout Results/8_busco/P_vivax/run_apicomplexa_odb12/hmmer_output/initial_run_results/69164at5794.out --cpu 1 /home/inf-20-2025/Malaria/busco_downloads/lineages/apicomplexa_odb12/hmms/69164at5794.hmm /home/inf-20-2025/Malaria/Results/6_nobird_annotation/P_vivax.faa 
# Current dir:     /home/inf-20-2025/Malaria
# Date:            Wed Mar  4 18:32:20 2026
# [ok]
