#                                                                            --- full sequence --- -------------- this domain -------------   hmm coord   ali coord   env coord
# target name        accession   tlen query name           accession   qlen   E-value  score  bias   #  of  c-Evalue  i-Evalue  score  bias  from    to  from    to  from    to  acc description of target
#------------------- ---------- ----- -------------------- ---------- ----- --------- ------ ----- --- --- --------- --------- ------ ----- ----- ----- ----- ----- ----- ----- ---- ---------------------
3387_g               -            236 9998                 -            153   1.3e-67  224.9   1.7   1   1   1.8e-69   1.9e-67  224.4   1.7     1   149     1   150     1   154 0.97 length=237	scaffold=chromosome5	strand=+
2223_g               -            883 9998                 -            153   1.2e-48  163.4   1.8   1   4   3.8e-25   4.1e-23   80.5   0.0    31   112    14    95    10   105 0.93 length=884	scaffold=chromosome14	strand=+
2223_g               -            883 9998                 -            153   1.2e-48  163.4   1.8   2   4     1e-06   0.00011   20.6   0.1    34   106   105   176    98   192 0.91 length=884	scaffold=chromosome14	strand=+
2223_g               -            883 9998                 -            153   1.2e-48  163.4   1.8   3   4   1.3e-10   1.4e-08   33.3   0.0    33   100   193   257   178   263 0.89 length=884	scaffold=chromosome14	strand=+
2223_g               -            883 9998                 -            153   1.2e-48  163.4   1.8   4   4   4.1e-08   4.4e-06   25.2   0.0    33   106   449   521   437   553 0.88 length=884	scaffold=chromosome14	strand=+
2159_g               -           1127 9998                 -            153     3e-24   84.1  12.3   1   5      0.14        15    4.0   0.3    66   140    85   162    72   175 0.74 length=1128	scaffold=chromosome14	strand=+
2159_g               -           1127 9998                 -            153     3e-24   84.1  12.3   2   5   0.00021     0.022   13.2   0.1    67   119   494   546   491   580 0.80 length=1128	scaffold=chromosome14	strand=+
2159_g               -           1127 9998                 -            153     3e-24   84.1  12.3   3   5      0.31        33    2.9   0.0    33    63   714   744   701   766 0.87 length=1128	scaffold=chromosome14	strand=+
2159_g               -           1127 9998                 -            153     3e-24   84.1  12.3   4   5   7.1e-07   7.6e-05   21.2   0.1    32   107   868   958   853   972 0.67 length=1128	scaffold=chromosome14	strand=+
2159_g               -           1127 9998                 -            153     3e-24   84.1  12.3   5   5   5.2e-14   5.5e-12   44.3   0.2    17   109   970  1061   959  1110 0.84 length=1128	scaffold=chromosome14	strand=+
412_g                -            513 9998                 -            153   4.5e-23   80.3   0.0   1   3   8.8e-08   9.5e-06   24.1   0.0    32    97    87   152    85   169 0.93 length=514	scaffold=chromosome11	strand=+
412_g                -            513 9998                 -            153   4.5e-23   80.3   0.0   2   3   5.8e-10   6.2e-08   31.2   0.0    33    97   187   251   178   261 0.93 length=514	scaffold=chromosome11	strand=+
412_g                -            513 9998                 -            153   4.5e-23   80.3   0.0   3   3   8.3e-07   8.9e-05   20.9   0.0    48   128   387   467   373   485 0.83 length=514	scaffold=chromosome11	strand=+
1674_g               -            479 9998                 -            153   5.6e-22   76.8   0.4   1   2   1.5e-15   1.7e-13   49.3   0.0    31   111    18    98    11   109 0.93 length=480	scaffold=chromosome13	strand=+
1674_g               -            479 9998                 -            153   5.6e-22   76.8   0.4   2   2   2.4e-08   2.6e-06   25.9   0.1    33   106   107   179    99   196 0.88 length=480	scaffold=chromosome13	strand=+
398_g                -            392 9998                 -            153   4.1e-21   74.0   0.6   1   3     8e-08   8.5e-06   24.2   0.4    22   109     8    89     4    99 0.88 length=393	scaffold=chromosome11	strand=+
398_g                -            392 9998                 -            153   4.1e-21   74.0   0.6   2   3   4.4e-07   4.7e-05   21.8   0.0    31    99   116   183   107   196 0.87 length=393	scaffold=chromosome11	strand=+
398_g                -            392 9998                 -            153   4.1e-21   74.0   0.6   3   3   6.4e-08   6.9e-06   24.5   0.0    18   110   194   285   193   290 0.91 length=393	scaffold=chromosome11	strand=+
4114_g               -            242 9998                 -            153   3.7e-18   64.4   3.6   1   2   2.6e-13   2.8e-11   42.1   1.9    31   143    11   126     2   154 0.81 length=243	scaffold=chromosome8	strand=+
4114_g               -            242 9998                 -            153   3.7e-18   64.4   3.6   2   2   3.7e-07     4e-05   22.1   0.1    22   108   153   238   139   241 0.84 length=243	scaffold=chromosome8	strand=+
1768_g               -            507 9998                 -            153   6.6e-18   63.6   3.7   1   3   0.00017     0.019   13.4   0.0    34    96    87   149    71   156 0.93 length=508	scaffold=chromosome13	strand=-
1768_g               -            507 9998                 -            153   6.6e-18   63.6   3.7   2   3     1e-08   1.1e-06   27.1   0.2    32    97   183   247   175   277 0.91 length=508	scaffold=chromosome13	strand=-
1768_g               -            507 9998                 -            153   6.6e-18   63.6   3.7   3   3   3.8e-07   4.1e-05   22.0   0.0    47   111   412   476   397   503 0.85 length=508	scaffold=chromosome13	strand=-
3892_g               -            475 9998                 -            153   1.2e-17   62.7   1.0   1   2   4.3e-05    0.0046   15.4   0.1    34    99    96   160    82   169 0.91 length=476	scaffold=chromosome7	strand=+
3892_g               -            475 9998                 -            153   1.2e-17   62.7   1.0   2   2   1.9e-14   2.1e-12   45.7   0.1    18   109   289   381   274   426 0.74 length=476	scaffold=chromosome7	strand=+
4635_g               -           1070 9998                 -            153   1.4e-17   62.5   0.0   1   1   1.3e-19   1.4e-17   62.5   0.0    28   111     1    84     1   131 0.82 length=1071	scaffold=chromosome9	strand=+
3286_g               -            292 9998                 -            153   3.7e-17   61.1   0.0   1   2   1.9e-09   2.1e-07   29.5   0.0    30    98     4    71     2    82 0.92 length=293	scaffold=chromosome5	strand=+
3286_g               -            292 9998                 -            153   3.7e-17   61.1   0.0   2   2   2.1e-09   2.2e-07   29.4   0.0    34   111   156   232   153   244 0.93 length=293	scaffold=chromosome5	strand=+
2034_g               -            124 9998                 -            153   1.5e-15   55.9   0.0   1   1   1.7e-17   1.8e-15   55.7   0.0    32   109     7    84     4   117 0.91 length=125	scaffold=chromosome14	strand=-
4453_g               -            753 9998                 -            153   2.2e-15   55.4   0.0   1   2   1.2e-07   1.3e-05   23.6   0.0    30   117   360   446   329   460 0.84 length=754	scaffold=chromosome9	strand=+
4453_g               -            753 9998                 -            153   2.2e-15   55.4   0.0   2   2   3.4e-09   3.6e-07   28.7   0.0    23   109   656   740   646   751 0.84 length=754	scaffold=chromosome9	strand=+
4075_g               -            322 9998                 -            153   3.1e-14   51.7   0.5   1   1   2.9e-16   3.1e-14   51.7   0.5    30   118    87   175    69   211 0.85 length=323	scaffold=chromosome8	strand=+
3366_g               -            269 9998                 -            153   3.3e-14   51.6   0.0   1   1   6.2e-16   6.7e-14   50.6   0.0    31   108   186   263   179   267 0.92 length=270	scaffold=chromosome5	strand=+
4012_g               -            721 9998                 -            153   4.7e-14   51.1   0.0   1   1   8.6e-16   9.2e-14   50.1   0.0    33   110     7    84     2    99 0.94 length=722	scaffold=chromosome7	strand=+
484_g                -            670 9998                 -            153   1.2e-13   49.8   0.8   1   2   9.2e-05    0.0098   14.3   0.0    31   105    21   100    11   113 0.79 length=671	scaffold=chromosome11	strand=-
484_g                -            670 9998                 -            153   1.2e-13   49.8   0.8   2   2   1.5e-10   1.6e-08   33.1   0.2    33   141   131   240   123   248 0.89 length=671	scaffold=chromosome11	strand=-
3377_g               -            361 9998                 -            153   1.7e-13   49.2   0.2   1   2   3.2e-07   3.4e-05   22.3   0.0    27    88   112   173   105   199 0.81 length=362	scaffold=chromosome5	strand=-
3377_g               -            361 9998                 -            153   1.7e-13   49.2   0.2   2   2   5.7e-08   6.1e-06   24.7   0.1    33    92   202   260   185   277 0.89 length=362	scaffold=chromosome5	strand=-
1048_g               -           1016 9998                 -            153   2.4e-13   48.7   0.0   1   3   8.8e-08   9.4e-06   24.1   0.1    30   107   622   699   603   712 0.85 length=1017	scaffold=chromosome12	strand=-
1048_g               -           1016 9998                 -            153   2.4e-13   48.7   0.0   2   3   3.9e-10   4.2e-08   31.7   0.0    35   108   726   802   722   825 0.90 length=1017	scaffold=chromosome12	strand=-
1048_g               -           1016 9998                 -            153   2.4e-13   48.7   0.0   3   3     0.085       9.2    4.7   0.0    48   104   949  1001   942  1004 0.80 length=1017	scaffold=chromosome12	strand=-
4250_g               -            299 9998                 -            153   7.7e-13   47.1   0.0   1   1   7.2e-15   7.7e-13   47.1   0.0    21   118    24   121     5   131 0.91 length=300	scaffold=chromosome8	strand=-
267_g                -            328 9998                 -            153     2e-12   45.8   0.0   1   3   1.9e-14     2e-12   45.8   0.0    34   120    13    99     5   104 0.90 length=329	scaffold=chromosome10	strand=+
267_g                -            328 9998                 -            153     2e-12   45.8   0.0   2   3       9.7     1e+03   -2.0   0.7    17    17   161   161   124   181 0.58 length=329	scaffold=chromosome10	strand=+
267_g                -            328 9998                 -            153     2e-12   45.8   0.0   3   3       6.4   6.9e+02   -1.4   1.2   114   148   230   265   218   277 0.52 length=329	scaffold=chromosome10	strand=+
3921_g               -            202 9998                 -            153   9.7e-12   43.5   0.0   1   1   1.4e-13   1.5e-11   43.0   0.0    29   107    68   144    55   154 0.89 length=203	scaffold=chromosome7	strand=-
1805_g               -            107 9998                 -            153     5e-11   41.2   0.0   1   1   4.7e-13     5e-11   41.2   0.0    35   110    25   100     6   107 0.90 length=108	scaffold=chromosome13	strand=-
3567_g               -           1567 9998                 -            153   6.4e-11   40.9   0.1   1   2   2.5e-06   0.00027   19.4   0.1    33    97   353   414   339   420 0.87 length=1568	scaffold=chromosome6	strand=+
3567_g               -           1567 9998                 -            153   6.4e-11   40.9   0.1   2   2   3.5e-06   0.00038   18.9   0.0    42   111   466   539   457   542 0.80 length=1568	scaffold=chromosome6	strand=+
698_g                -            611 9998                 -            153   7.2e-11   40.7   8.3   1   2   5.5e-07   5.9e-05   21.5   0.0    32    92     8    66     4   115 0.84 length=612	scaffold=chromosome11	strand=-
698_g                -            611 9998                 -            153   7.2e-11   40.7   8.3   2   2     1e-07   1.1e-05   23.9   0.2    31   119   164   249   143   265 0.84 length=612	scaffold=chromosome11	strand=-
694_g                -            747 9998                 -            153   1.1e-10   40.1   2.6   1   3   8.1e-06   0.00086   17.7   0.2    30    99   398   466   388   478 0.77 length=748	scaffold=chromosome11	strand=+
694_g                -            747 9998                 -            153   1.1e-10   40.1   2.6   2   3       2.1   2.3e+02    0.1   0.0    47    95   565   608   546   631 0.72 length=748	scaffold=chromosome11	strand=+
694_g                -            747 9998                 -            153   1.1e-10   40.1   2.6   3   3   1.5e-06   0.00017   20.1   0.1    28   107   663   741   637   745 0.85 length=748	scaffold=chromosome11	strand=+
1836_g               -            661 9998                 -            153     2e-10   39.3   0.3   1   2      0.44        47    2.4   0.1   108   145    66   103    48   110 0.85 length=662	scaffold=chromosome13	strand=+
1836_g               -            661 9998                 -            153     2e-10   39.3   0.3   2   2   5.9e-11   6.3e-09   34.4   0.0    31   115   164   251   151   279 0.82 length=662	scaffold=chromosome13	strand=+
3975_g               -            287 9998                 -            153   2.7e-10   38.8   0.2   1   2    0.0011      0.12   10.8   0.0    76   112    83   119    54   143 0.82 length=288	scaffold=chromosome7	strand=+
3975_g               -            287 9998                 -            153   2.7e-10   38.8   0.2   2   2   2.1e-08   2.2e-06   26.1   0.1    30   110   207   286   196   287 0.92 length=288	scaffold=chromosome7	strand=+
3725_g               -            528 9998                 -            153   3.3e-10   38.6   0.0   1   2     3e-12   3.3e-10   38.6   0.0    31    92    11    72     6    80 0.95 length=529	scaffold=chromosome6	strand=+
3725_g               -            528 9998                 -            153   3.3e-10   38.6   0.0   2   2      0.57        61    2.0   0.6    33   121    97   181    79   213 0.59 length=529	scaffold=chromosome6	strand=+
3548_g               -            477 9998                 -            153   3.4e-10   38.5   0.0   1   1   1.2e-11   1.3e-09   36.7   0.1    31   143   335   446   330   459 0.83 length=478	scaffold=chromosome6	strand=-
2229_g               -            110 9998                 -            153   5.2e-10   37.9   0.0   1   1   6.3e-12   6.7e-10   37.6   0.0    31   116    12    94     8   106 0.89 length=111	scaffold=chromosome14	strand=-
4572_g               -            208 9998                 -            153   8.8e-10   37.2   0.1   1   1     2e-11   2.1e-09   36.0   0.0    33   113     8    85     2   109 0.89 length=209	scaffold=chromosome9	strand=-
341_g                -            452 9998                 -            153   9.4e-10   37.1   0.0   1   1   8.8e-12   9.4e-10   37.1   0.0    33   120    98   184    81   223 0.86 length=453	scaffold=chromosome11	strand=-
135_g                -            314 9998                 -            153   5.5e-09   34.6   0.0   1   1   5.2e-11   5.5e-09   34.6   0.0    33   127     8   100     2   116 0.87 length=315	scaffold=chromosome10	strand=+
1316_g               -            840 9998                 -            153   7.3e-09   34.2   0.0   1   1   1.3e-10   1.4e-08   33.3   0.0    35   108    31   104    13   115 0.93 length=841	scaffold=chromosome12	strand=-
4669_g               -            156 9998                 -            153     8e-09   34.1   0.3   1   1   1.1e-10   1.2e-08   33.5   0.3    34   144     5   123     2   142 0.76 length=157	scaffold=chromosome9	strand=-
3851_g               -            233 9998                 -            153   2.2e-08   32.6   0.1   1   2   8.1e-06   0.00087   17.7   0.0    32    93    86   146    70   168 0.74 length=234	scaffold=chromosome7	strand=-
3851_g               -            233 9998                 -            153   2.2e-08   32.6   0.1   2   2   0.00028      0.03   12.7   0.0    34    87   171   223   166   229 0.87 length=234	scaffold=chromosome7	strand=-
4747_g               -           1848 9998                 -            153   4.8e-08   31.5   0.0   1   1     2e-09   2.2e-07   29.4   0.0    35    99  1023  1086  1015  1090 0.91 length=1849	scaffold=chromosome9	strand=+
1098_g               -            914 9998                 -            153   1.7e-07   29.8   3.4   1   3      0.47        50    2.3   0.0    33    55   544   566   540   574 0.86 length=915	scaffold=chromosome12	strand=+
1098_g               -            914 9998                 -            153   1.7e-07   29.8   3.4   2   3   3.9e-06   0.00042   18.7   0.0    34   109   678   753   674   763 0.94 length=915	scaffold=chromosome12	strand=+
1098_g               -            914 9998                 -            153   1.7e-07   29.8   3.4   3   3      0.03       3.2    6.1   0.0    48   104   837   896   807   900 0.74 length=915	scaffold=chromosome12	strand=+
2003_g               -            296 9998                 -            153   1.6e-06   26.6   1.6   1   2   2.2e-08   2.4e-06   26.0   0.1    35   121   101   188    86   220 0.86 length=297	scaffold=chromosome14	strand=-
2003_g               -            296 9998                 -            153   1.6e-06   26.6   1.6   2   2       7.8   8.4e+02   -1.7   0.1    12    37   259   284   252   290 0.76 length=297	scaffold=chromosome14	strand=-
2794_g               -            531 9998                 -            153   2.5e-06   26.0   1.7   1   2   6.1e-07   6.6e-05   21.4   1.3     9   108   222   330   216   339 0.76 length=532	scaffold=chromosome2	strand=-
2794_g               -            531 9998                 -            153   2.5e-06   26.0   1.7   2   2      0.49        53    2.2   0.0    71   106   425   460   420   496 0.90 length=532	scaffold=chromosome2	strand=-
1906_g               -            505 9998                 -            153   2.6e-06   25.9   0.2   1   2   1.1e-05    0.0012   17.3   0.0    32   108   226   303   205   349 0.84 length=506	scaffold=chromosome14	strand=+
1906_g               -            505 9998                 -            153   2.6e-06   25.9   0.2   2   2     0.023       2.5    6.5   0.1    76   107   470   501   428   505 0.90 length=506	scaffold=chromosome14	strand=+
2335_g               -            505 9998                 -            153   2.7e-06   25.9   0.8   1   2      0.21        23    3.4   0.0    35    80    18    62    12   111 0.73 length=506	scaffold=chromosome14	strand=-
2335_g               -            505 9998                 -            153   2.7e-06   25.9   0.8   2   2   1.3e-06   0.00014   20.3   0.0    37   111   426   499   418   504 0.86 length=506	scaffold=chromosome14	strand=-
611_g                -            153 9998                 -            153   7.3e-06   24.5   2.6   1   2       2.1   2.3e+02    0.1   0.1   110   143    10    45     2    55 0.56 length=154	scaffold=chromosome11	strand=-
611_g                -            153 9998                 -            153   7.3e-06   24.5   2.6   2   2   7.3e-08   7.8e-06   24.4   0.9    32   118    60   141    38   150 0.81 length=154	scaffold=chromosome11	strand=-
405_g                -            181 9998                 -            153   2.6e-05   22.6   0.0   1   1   3.1e-07   3.4e-05   22.3   0.0    21   108    41   125    27   172 0.88 length=182	scaffold=chromosome11	strand=+
3709_g               -            165 9998                 -            153   3.6e-05   22.2   0.1   1   1   4.1e-07   4.4e-05   21.9   0.1    40   134    67   163    48   165 0.85 length=166	scaffold=chromosome6	strand=+
2942_g               -            310 9998                 -            153   0.00018   19.9   0.0   1   1   4.7e-05    0.0051   15.2   0.0    34   103    68   154    48   162 0.75 length=311	scaffold=chromosome3	strand=-
5265_g               -            193 9998                 -            153   0.00024   19.5   0.0   1   1     3e-06   0.00032   19.1   0.0    39    92     4    57     1    87 0.89 length=193	scaffold=scf_5584	strand=-	adjustedToFrame=3
4031_g               -            192 9998                 -            153   0.00036   19.0   0.2   1   2   1.9e-05     0.002   16.5   0.0    32   107     9    85     5    98 0.80 length=193	scaffold=chromosome7	strand=-
4031_g               -            192 9998                 -            153   0.00036   19.0   0.2   2   2       2.1   2.2e+02    0.2   0.0    76    95   157   176   117   184 0.81 length=193	scaffold=chromosome7	strand=-
4680_g               -            962 9998                 -            153    0.0006   18.2   0.0   1   1   1.1e-05    0.0011   17.3   0.0    32   105   741   825   734   837 0.71 length=963	scaffold=chromosome9	strand=-
131_g                -            716 9998                 -            153    0.0012   17.3   0.0   1   2   7.9e-05    0.0084   14.5   0.0    69   104    99   134    87   147 0.86 length=717	scaffold=chromosome10	strand=-
131_g                -            716 9998                 -            153    0.0012   17.3   0.0   2   2       3.6   3.8e+02   -0.6   0.0    64    80   337   353   333   382 0.83 length=717	scaffold=chromosome10	strand=-
1237_g               -            602 9998                 -            153    0.0036   15.7   1.3   1   2       3.4   3.7e+02   -0.6   0.2   112   150   345   383   341   386 0.83 length=603	scaffold=chromosome12	strand=-
1237_g               -            602 9998                 -            153    0.0036   15.7   1.3   2   2   0.00017     0.018   13.5   0.1    44   104   524   585   487   591 0.83 length=603	scaffold=chromosome12	strand=-
3672_g               -            858 9998                 -            153    0.0072   14.7   0.0   1   1   0.00017     0.018   13.5   0.0    36    82    13    58     5    82 0.88 length=859	scaffold=chromosome6	strand=+
#
# Program:         hmmsearch
# Version:         3.4 (Aug 2023)
# Pipeline mode:   SEARCH
# Query file:      /home/inf-20-2025/Malaria/busco_downloads/lineages/apicomplexa_odb12/hmms/9998at5794.hmm
# Target file:     /home/inf-20-2025/Malaria/Results/6_nobird_annotation/P_vivax.faa
# Option settings: hmmsearch --domtblout Results/8_busco/P_vivax/run_apicomplexa_odb12/hmmer_output/initial_run_results/9998at5794.out --cpu 1 /home/inf-20-2025/Malaria/busco_downloads/lineages/apicomplexa_odb12/hmms/9998at5794.hmm /home/inf-20-2025/Malaria/Results/6_nobird_annotation/P_vivax.faa 
# Current dir:     /home/inf-20-2025/Malaria
# Date:            Wed Mar  4 18:32:15 2026
# [ok]
