#                                                                            --- full sequence --- -------------- this domain -------------   hmm coord   ali coord   env coord
# target name        accession   tlen query name           accession   qlen   E-value  score  bias   #  of  c-Evalue  i-Evalue  score  bias  from    to  from    to  from    to  acc description of target
#------------------- ---------- ----- -------------------- ---------- ----- --------- ------ ----- --- --- --------- --------- ------ ----- ----- ----- ----- ----- ----- ----- ---- ---------------------
275_g                -           1702 10895                -            485  3.7e-164  545.5  24.6   1   3         3   5.8e+02   -2.6   0.1    63    87   575   599   562   603 0.76 length=1703	scaffold=chromosome10	strand=+
275_g                -           1702 10895                -            485  3.7e-164  545.5  24.6   2   3   2.9e-85   5.6e-83  277.8   0.4     1   208   852  1067   852  1071 0.94 length=1703	scaffold=chromosome10	strand=+
275_g                -           1702 10895                -            485  3.7e-164  545.5  24.6   3   3   3.2e-84   6.2e-82  274.3  14.5   209   483  1152  1439  1140  1441 0.90 length=1703	scaffold=chromosome10	strand=+
2471_g               -            736 10895                -            485   2.4e-12   44.8   0.1   1   1   2.2e-14   4.2e-12   44.0   0.1    46   200   437   599   426   606 0.81 length=737	scaffold=chromosome14	strand=-
3075_g               -            526 10895                -            485   5.4e-10   37.0   0.2   1   1   4.5e-12   8.6e-10   36.4   0.2    56   145   107   204    97   260 0.81 length=527	scaffold=chromosome4	strand=-
4596_g               -           1884 10895                -            485   5.3e-09   33.8   0.2   1   1   5.7e-11   1.1e-08   32.7   0.2    28   157  1458  1598  1437  1644 0.73 length=1885	scaffold=chromosome9	strand=+
453_g                -            288 10895                -            485   7.4e-09   33.3   0.0   1   1   5.6e-11   1.1e-08   32.8   0.0    41   226    25   224     9   254 0.74 length=289	scaffold=chromosome11	strand=+
914_g                -            564 10895                -            485   7.9e-09   33.2   0.2   1   1   8.1e-11   1.6e-08   32.2   0.2    37   141   139   249   123   257 0.74 length=565	scaffold=chromosome12	strand=+
1672_g               -            285 10895                -            485   1.4e-08   32.4   5.1   1   1   7.7e-11   1.5e-08   32.3   5.1    36   143    39   157    11   260 0.78 length=286	scaffold=chromosome13	strand=-
4331_g               -            925 10895                -            485   2.7e-08   31.4   0.1   1   2       5.4     1e+03   -3.5   0.6    36    71   323   358   320   359 0.89 length=926	scaffold=chromosome8	strand=-
4331_g               -            925 10895                -            485   2.7e-08   31.4   0.1   2   2   1.4e-10   2.7e-08   31.4   0.1    51   139   513   606   480   613 0.79 length=926	scaffold=chromosome8	strand=-
4593_g               -           1581 10895                -            485   4.3e-08   30.8   2.2   1   1   4.6e-10   8.8e-08   29.7   2.2    47   169  1166  1296  1159  1335 0.67 length=1582	scaffold=chromosome9	strand=+
4222_g               -            327 10895                -            485   6.3e-08   30.2   0.0   1   1   4.3e-10   8.3e-08   29.8   0.0    77   148    79   159    72   238 0.73 length=328	scaffold=chromosome8	strand=-
1255_g               -            860 10895                -            485   4.3e-07   27.5   0.8   1   1   4.3e-09   8.3e-07   26.5   0.8    43   161   516   643   511   686 0.83 length=861	scaffold=chromosome12	strand=-
4180_g               -            325 10895                -            485   4.8e-07   27.3   0.3   1   1   3.6e-09     7e-07   26.8   0.3    66   158    61   160    17   181 0.77 length=326	scaffold=chromosome8	strand=+
4429_g               -           1283 10895                -            485   2.4e-06   25.0   1.1   1   1     2e-08   3.9e-06   24.3   1.1    76   145   338   415   288   418 0.74 length=1284	scaffold=chromosome9	strand=+
1605_g               -            696 10895                -            485   3.6e-06   24.4   0.0   1   1   2.5e-08   4.9e-06   24.0   0.0   113   219   123   238    45   280 0.79 length=697	scaffold=chromosome13	strand=+
2957_g               -            529 10895                -            485   4.3e-06   24.2   0.4   1   2         5   9.7e+02   -3.4   0.5    36    72    17    53     2    54 0.72 length=530	scaffold=chromosome3	strand=+
2957_g               -            529 10895                -            485   4.3e-06   24.2   0.4   2   2   2.3e-08   4.3e-06   24.2   0.4    47   145    99   205    88   225 0.84 length=530	scaffold=chromosome3	strand=+
2979_g               -            310 10895                -            485   5.8e-06   23.7   2.0   1   1   5.4e-08     1e-05   22.9   2.0    54   166    37   161    20   201 0.76 length=311	scaffold=chromosome3	strand=+
1552_g               -            854 10895                -            485   8.5e-06   23.2   0.0   1   1   6.9e-08   1.3e-05   22.6   0.0    76   167   599   698   582   728 0.82 length=855	scaffold=chromosome13	strand=+
2025_g               -            368 10895                -            485   1.1e-05   22.8   0.6   1   1   7.9e-08   1.5e-05   22.4   0.6    42   203   131   303   108   308 0.76 length=369	scaffold=chromosome14	strand=+
3947_g               -           1256 10895                -            485   1.2e-05   22.7   0.1   1   2       2.8   5.5e+02   -2.6   0.0    59    82   887   909   883   915 0.78 length=1257	scaffold=chromosome7	strand=+
3947_g               -           1256 10895                -            485   1.2e-05   22.7   0.1   2   2   1.6e-07   3.2e-05   21.3   0.0   111   159   970  1019   963  1044 0.82 length=1257	scaffold=chromosome7	strand=+
1363_g               -           1366 10895                -            485   1.5e-05   22.4   0.0   1   2       4.1   7.9e+02   -3.1   0.0   160   212   665   717   663   719 0.83 length=1367	scaffold=chromosome12	strand=+
1363_g               -           1366 10895                -            485   1.5e-05   22.4   0.0   2   2     3e-07   5.8e-05   20.4   0.0    78   154   959  1044   952  1057 0.78 length=1367	scaffold=chromosome12	strand=+
56_g                 -            295 10895                -            485     3e-05   21.4   0.3   1   1   3.1e-07   5.9e-05   20.4   0.3    42   163    54   190    36   236 0.74 length=296	scaffold=chromosome10	strand=-
920_g                -            251 10895                -            485     5e-05   20.7   0.0   1   1     4e-07   7.8e-05   20.0   0.0   114   200    69   153    56   157 0.76 length=252	scaffold=chromosome12	strand=-
4341_g               -           1363 10895                -            485   7.8e-05   20.0   1.4   1   4     0.028       5.5    4.0   0.0   411   456   557   602   554   627 0.81 length=1364	scaffold=chromosome8	strand=+
4341_g               -           1363 10895                -            485   7.8e-05   20.0   1.4   2   4     0.064        12    2.9   0.0   352   479   681   818   667   822 0.70 length=1364	scaffold=chromosome8	strand=+
4341_g               -           1363 10895                -            485   7.8e-05   20.0   1.4   3   4       3.8   7.3e+02   -3.0   0.0   290   436   915   935   903   978 0.68 length=1364	scaffold=chromosome8	strand=+
4341_g               -           1363 10895                -            485   7.8e-05   20.0   1.4   4   4    0.0007      0.13    9.3   0.2   346   466  1125  1248  1113  1256 0.75 length=1364	scaffold=chromosome8	strand=+
4584_g               -            557 10895                -            485   0.00014   19.2   0.6   1   1   1.3e-06   0.00025   18.4   0.6    62   166    81   194    50   200 0.73 length=558	scaffold=chromosome9	strand=-
3105_g               -           2151 10895                -            485   0.00069   16.9   1.3   1   1   6.8e-06    0.0013   16.0   1.3    31   143  1565  1684  1551  1688 0.64 length=2152	scaffold=chromosome4	strand=-
1379_g               -           2542 10895                -            485    0.0013   16.0   0.3   1   1   1.3e-05    0.0024   15.1   0.3    34   144   133   253   116   256 0.72 length=2543	scaffold=chromosome12	strand=-
4461_g               -            335 10895                -            485    0.0014   15.9   0.0   1   1   9.5e-06    0.0018   15.5   0.0    77   146    96   172    43   235 0.74 length=336	scaffold=chromosome9	strand=+
727_g                -            354 10895                -            485    0.0016   15.7   2.1   1   1   1.2e-05    0.0023   15.2   2.1    40   163    52   184    40   201 0.78 length=355	scaffold=chromosome11	strand=-
4338_g               -           1541 10895                -            485    0.0031   14.7   0.1   1   1   2.7e-05    0.0051   14.0   0.1    35   143  1288  1406  1266  1415 0.72 length=1542	scaffold=chromosome8	strand=+
3132_g               -           1052 10895                -            485     0.017   12.3   0.2   1   1   0.00015     0.029   11.5   0.2    70   167   835   939   814   949 0.79 length=1053	scaffold=chromosome4	strand=-
#
# Program:         hmmsearch
# Version:         3.4 (Aug 2023)
# Pipeline mode:   SEARCH
# Query file:      /home/inf-20-2025/Malaria/busco_downloads/lineages/apicomplexa_odb12/hmms/10895at5794.hmm
# Target file:     /home/inf-20-2025/Malaria/Results/6_nobird_annotation/P_cynomolgi.faa
# Option settings: hmmsearch --domtblout Results/8_busco/P_cynomolgi/run_apicomplexa_odb12/hmmer_output/initial_run_results/10895at5794.out --cpu 1 /home/inf-20-2025/Malaria/busco_downloads/lineages/apicomplexa_odb12/hmms/10895at5794.hmm /home/inf-20-2025/Malaria/Results/6_nobird_annotation/P_cynomolgi.faa 
# Current dir:     /home/inf-20-2025/Malaria
# Date:            Wed Mar  4 18:30:41 2026
# [ok]
