#                                                                            --- full sequence --- -------------- this domain -------------   hmm coord   ali coord   env coord
# target name        accession   tlen query name           accession   qlen   E-value  score  bias   #  of  c-Evalue  i-Evalue  score  bias  from    to  from    to  from    to  acc description of target
#------------------- ---------- ----- -------------------- ---------- ----- --------- ------ ----- --- --- --------- --------- ------ ----- ----- ----- ----- ----- ----- ----- ---- ---------------------
2681_g               -            584 11080                -            389  7.1e-152  504.3   3.1   1   3   3.6e-73   8.1e-71  237.4   0.1     1   177   103   283   103   292 0.95 length=585	scaffold=chromosome1	strand=+
2681_g               -            584 11080                -            389  7.1e-152  504.3   3.1   2   3    0.0053       1.2    6.4   0.0   176   206   324   354   312   358 0.87 length=585	scaffold=chromosome1	strand=+
2681_g               -            584 11080                -            389  7.1e-152  504.3   3.1   3   3   1.8e-79     4e-77  258.2   1.6   199   389   374   578   367   578 0.90 length=585	scaffold=chromosome1	strand=+
2416_g               -            470 11080                -            389   6.1e-12   43.6   2.8   1   2   9.1e-09     2e-06   25.4   0.2    52   198   142   291   121   299 0.70 length=471	scaffold=chromosome14	strand=-
2416_g               -            470 11080                -            389   6.1e-12   43.6   2.8   2   2   4.2e-09   9.3e-07   26.5   0.2    81   202   217   347   210   357 0.78 length=471	scaffold=chromosome14	strand=-
835_g                -            363 11080                -            389   8.1e-10   36.6   0.5   1   2   1.6e-07   3.6e-05   21.3   0.1   126   201    73   148    15   154 0.73 length=364	scaffold=chromosome12	strand=+
835_g                -            363 11080                -            389   8.1e-10   36.6   0.5   2   2   8.6e-05     0.019   12.3   0.0   131   196   184   247   179   257 0.87 length=364	scaffold=chromosome12	strand=+
207_g                -            391 11080                -            389   3.7e-09   34.4   0.2   1   2   1.4e-06    0.0003   18.3   0.1    91   198   166   269   148   277 0.83 length=392	scaffold=chromosome10	strand=-
207_g                -            391 11080                -            389   3.7e-09   34.4   0.2   2   2     3e-06   0.00067   17.1   0.0    48   160   246   361   242   375 0.77 length=392	scaffold=chromosome10	strand=-
3276_g               -            322 11080                -            389   1.9e-08   32.1   0.5   1   2   4.2e-06   0.00093   16.7   0.2    71   220    61   215    57   221 0.81 length=323	scaffold=chromosome5	strand=+
3276_g               -            322 11080                -            389   1.9e-08   32.1   0.5   2   2   1.6e-05    0.0036   14.7   0.0    52   152   212   320   204   321 0.81 length=323	scaffold=chromosome5	strand=+
3600_g               -            365 11080                -            389   5.7e-08   30.5   0.4   1   2    0.0015      0.34    8.2   0.0   129   160    58    89    36   103 0.68 length=366	scaffold=chromosome6	strand=-
3600_g               -            365 11080                -            389   5.7e-08   30.5   0.4   2   2   4.5e-07   9.9e-05   19.8   0.1    97   202   108   213   101   228 0.84 length=366	scaffold=chromosome6	strand=-
2727_g               -            447 11080                -            389   8.6e-08   29.9   0.0   1   2       1.2   2.7e+02   -1.3   0.0   139   160   174   194   132   219 0.51 length=448	scaffold=chromosome2	strand=+
2727_g               -            447 11080                -            389   8.6e-08   29.9   0.0   2   2   1.6e-09   3.6e-07   27.9   0.0    78   195   250   369   238   378 0.82 length=448	scaffold=chromosome2	strand=+
4402_g               -            589 11080                -            389   3.4e-07   28.0   9.8   1   3       8.7   1.9e+03   -4.2   4.3   343   367   138   162    91   181 0.46 length=590	scaffold=chromosome8	strand=+
4402_g               -            589 11080                -            389   3.4e-07   28.0   9.8   2   3   4.5e-09   9.9e-07   26.4   0.1    43   186   321   471   291   487 0.81 length=590	scaffold=chromosome8	strand=+
4402_g               -            589 11080                -            389   3.4e-07   28.0   9.8   3   3    0.0047         1    6.6   0.0   127   205   497   578   483   588 0.68 length=590	scaffold=chromosome8	strand=+
4819_g               -            680 11080                -            389   3.9e-07   27.8   0.6   1   4   3.5e-06   0.00078   16.9   0.0   108   163   116   171   109   237 0.77 length=681	scaffold=chromosome9	strand=-
4819_g               -            680 11080                -            389   3.9e-07   27.8   0.6   2   4     0.014       3.1    5.1   0.1   162   202   386   426   358   435 0.82 length=681	scaffold=chromosome9	strand=-
4819_g               -            680 11080                -            389   3.9e-07   27.8   0.6   3   4     0.022       4.9    4.4   0.2    50   200   401   548   399   553 0.73 length=681	scaffold=chromosome9	strand=-
4819_g               -            680 11080                -            389   3.9e-07   27.8   0.6   4   4      0.19        43    1.3   0.1    76   195   468   585   438   597 0.65 length=681	scaffold=chromosome9	strand=-
52_g                 -            322 11080                -            389     9e-07   26.6   2.8   1   2   0.00091       0.2    8.9   0.2   122   212    13   103     2   118 0.75 length=323	scaffold=chromosome10	strand=+
52_g                 -            322 11080                -            389     9e-07   26.6   2.8   2   2   1.4e-06   0.00031   18.2   0.6    90   202   109   221    93   262 0.67 length=323	scaffold=chromosome10	strand=+
1590_g               -            564 11080                -            389   1.1e-06   26.3   0.3   1   1   1.4e-08   3.1e-06   24.8   0.3    81   195   376   497   369   504 0.82 length=565	scaffold=chromosome13	strand=-
865_g                -            641 11080                -            389   1.5e-06   25.9   5.6   1   3       3.2   7.1e+02   -2.7   1.2   310   366   106   162    95   179 0.67 length=642	scaffold=chromosome12	strand=-
865_g                -            641 11080                -            389   1.5e-06   25.9   5.6   2   3     0.062        14    2.9   0.0   120   177   243   302   230   327 0.81 length=642	scaffold=chromosome12	strand=-
865_g                -            641 11080                -            389   1.5e-06   25.9   5.6   3   3   1.4e-08   3.2e-06   24.8   0.0    82   199   432   547   423   565 0.87 length=642	scaffold=chromosome12	strand=-
2910_g               -            492 11080                -            389   1.8e-06   25.6   0.9   1   3      0.21        46    1.2   0.0   113   197    59   140    51   161 0.65 length=493	scaffold=chromosome3	strand=+
2910_g               -            492 11080                -            389   1.8e-06   25.6   0.9   2   3   1.9e-05    0.0042   14.5   0.0    91   176   216   299   196   311 0.79 length=493	scaffold=chromosome3	strand=+
2910_g               -            492 11080                -            389   1.8e-06   25.6   0.9   3   3    0.0015      0.34    8.2   0.2    85   199   293   406   282   423 0.74 length=493	scaffold=chromosome3	strand=+
702_g                -            393 11080                -            389     1e-05   23.1   0.0   1   1   6.8e-08   1.5e-05   22.5   0.0    86   201   230   348   192   362 0.75 length=394	scaffold=chromosome11	strand=+
591_g                -            540 11080                -            389   1.9e-05   22.2   5.2   1   2   0.00062      0.14    9.5   0.6   118   200   207   289   157   301 0.80 length=541	scaffold=chromosome11	strand=-
591_g                -            540 11080                -            389   1.9e-05   22.2   5.2   2   2     3e-05    0.0067   13.8   0.4    67   188   348   479   325   502 0.66 length=541	scaffold=chromosome11	strand=-
3671_g               -            697 11080                -            389   3.3e-05   21.4   5.0   1   3      0.18        41    1.4   0.1   167   209   122   164   107   191 0.83 length=698	scaffold=chromosome6	strand=+
3671_g               -            697 11080                -            389   3.3e-05   21.4   5.0   2   3   0.00052      0.12    9.8   0.2   106   221   264   383   257   393 0.62 length=698	scaffold=chromosome6	strand=+
3671_g               -            697 11080                -            389   3.3e-05   21.4   5.0   3   3   0.00023     0.051   10.9   0.1    88   211   471   583   416   590 0.72 length=698	scaffold=chromosome6	strand=+
2950_g               -            327 11080                -            389   3.3e-05   21.4   0.3   1   2      0.11        25    2.1   0.0   123   187    54   116    13   120 0.74 length=328	scaffold=chromosome3	strand=-
2950_g               -            327 11080                -            389   3.3e-05   21.4   0.3   2   2   3.7e-06   0.00082   16.8   0.1    62   186   126   252   121   277 0.81 length=328	scaffold=chromosome3	strand=-
373_g                -            365 11080                -            389   4.7e-05   20.9   0.2   1   3   0.00011     0.025   11.9   0.1    88   157    34   102    15   110 0.76 length=366	scaffold=chromosome11	strand=-
373_g                -            365 11080                -            389   4.7e-05   20.9   0.2   2   3   1.5e-05    0.0034   14.8   0.0    93   160    80   146    59   214 0.82 length=366	scaffold=chromosome11	strand=-
373_g                -            365 11080                -            389   4.7e-05   20.9   0.2   3   3     0.034       7.5    3.8   2.0   104   230   224   352   211   355 0.70 length=366	scaffold=chromosome11	strand=-
993_g                -            594 11080                -            389   5.7e-05   20.6   0.2   1   2       9.4   2.1e+03   -4.3   0.0   129   150   333   354   326   357 0.75 length=595	scaffold=chromosome12	strand=+
993_g                -            594 11080                -            389   5.7e-05   20.6   0.2   2   2   5.1e-07   0.00011   19.6   0.1    98   197   421   523   396   543 0.74 length=595	scaffold=chromosome12	strand=+
2670_g               -           1070 11080                -            389   0.00013   19.4   7.9   1   4      0.48   1.1e+02   -0.0   0.0   113   204   109   201    91   228 0.76 length=1071	scaffold=chromosome1	strand=+
2670_g               -           1070 11080                -            389   0.00013   19.4   7.9   2   4    0.0031      0.68    7.2   0.4   108   207   293   389   282   403 0.81 length=1071	scaffold=chromosome1	strand=+
2670_g               -           1070 11080                -            389   0.00013   19.4   7.9   3   4     0.001      0.23    8.8   0.0    83   156   418   493   404   501 0.77 length=1071	scaffold=chromosome1	strand=+
2670_g               -           1070 11080                -            389   0.00013   19.4   7.9   4   4     0.027       5.9    4.1   0.2    89   198   528   643   518   652 0.71 length=1071	scaffold=chromosome1	strand=+
4343_g               -            498 11080                -            389   0.00014   19.4   0.1   1   1   1.6e-06   0.00035   18.0   0.1    53   157   314   422   286   497 0.81 length=499	scaffold=chromosome8	strand=-
2325_g               -            748 11080                -            389   0.00017   19.1   4.4   1   2    0.0021      0.47    7.8   0.5   119   199    11    92     2   109 0.76 length=749	scaffold=chromosome14	strand=+
2325_g               -            748 11080                -            389   0.00017   19.1   4.4   2   2   5.9e-05     0.013   12.9   0.2   153   232   226   312   193   346 0.66 length=749	scaffold=chromosome14	strand=+
1986_g               -            525 11080                -            389   0.00077   16.9   2.2   1   3     0.048        11    3.3   0.1   104   200   206   304   198   307 0.57 length=526	scaffold=chromosome14	strand=-
1986_g               -            525 11080                -            389   0.00077   16.9   2.2   2   3   2.5e-05    0.0055   14.1   0.8    91   197   283   385   257   397 0.67 length=526	scaffold=chromosome14	strand=-
1986_g               -            525 11080                -            389   0.00077   16.9   2.2   3   3     0.036         8    3.7   0.1   121   155   355   389   348   477 0.78 length=526	scaffold=chromosome14	strand=-
3378_g               -            490 11080                -            389    0.0028   15.1   2.2   1   3         6   1.3e+03   -3.6   0.0   178   197   193   212   185   217 0.68 length=491	scaffold=chromosome5	strand=+
3378_g               -            490 11080                -            389    0.0028   15.1   2.2   2   3     0.071        16    2.7   0.0   162   202   300   341   295   345 0.82 length=491	scaffold=chromosome5	strand=+
3378_g               -            490 11080                -            389    0.0028   15.1   2.2   3   3   0.00011     0.024   12.0   0.2   104   196   343   434   337   442 0.82 length=491	scaffold=chromosome5	strand=+
2286_g               -            648 11080                -            389    0.0034   14.8   1.4   1   2   7.9e-05     0.018   12.4   0.8    84   201   384   505   376   527 0.75 length=649	scaffold=chromosome14	strand=+
2286_g               -            648 11080                -            389    0.0034   14.8   1.4   2   2     0.058        13    3.0   0.1    93   162   485   552   480   623 0.72 length=649	scaffold=chromosome14	strand=+
3544_g               -            647 11080                -            389    0.0045   14.4   0.0   1   3   9.1e-05      0.02   12.2   0.0    99   158   330   391   318   431 0.80 length=648	scaffold=chromosome6	strand=+
3544_g               -            647 11080                -            389    0.0045   14.4   0.0   2   3       8.7   1.9e+03   -4.2   0.0   115   131   441   457   436   471 0.80 length=648	scaffold=chromosome6	strand=+
3544_g               -            647 11080                -            389    0.0045   14.4   0.0   3   3         2   4.5e+02   -2.1   0.0   187   196   566   575   525   621 0.52 length=648	scaffold=chromosome6	strand=+
#
# Program:         hmmsearch
# Version:         3.4 (Aug 2023)
# Pipeline mode:   SEARCH
# Query file:      /home/inf-20-2025/Malaria/busco_downloads/lineages/apicomplexa_odb12/hmms/11080at5794.hmm
# Target file:     /home/inf-20-2025/Malaria/Results/6_nobird_annotation/P_cynomolgi.faa
# Option settings: hmmsearch --domtblout Results/8_busco/P_cynomolgi/run_apicomplexa_odb12/hmmer_output/initial_run_results/11080at5794.out --cpu 1 /home/inf-20-2025/Malaria/busco_downloads/lineages/apicomplexa_odb12/hmms/11080at5794.hmm /home/inf-20-2025/Malaria/Results/6_nobird_annotation/P_cynomolgi.faa 
# Current dir:     /home/inf-20-2025/Malaria
# Date:            Wed Mar  4 18:30:42 2026
# [ok]
