#                                                                            --- full sequence --- -------------- this domain -------------   hmm coord   ali coord   env coord
# target name        accession   tlen query name           accession   qlen   E-value  score  bias   #  of  c-Evalue  i-Evalue  score  bias  from    to  from    to  from    to  acc description of target
#------------------- ---------- ----- -------------------- ---------- ----- --------- ------ ----- --- --- --------- --------- ------ ----- ----- ----- ----- ----- ----- ----- ---- ---------------------
2514_g               -            755 11519                -            453  4.8e-193  640.1  14.5   1   2  6.1e-107  8.9e-105  349.2   0.0     2   213    97   312    96   321 0.96 length=756	scaffold=chromosome14	strand=+
2514_g               -            755 11519                -            453  4.8e-193  640.1  14.5   2   2     5e-92   7.3e-90  300.0  12.1   214   447   336   579   326   583 0.94 length=756	scaffold=chromosome14	strand=+
3068_g               -           1799 11519                -            453   1.7e-95  318.6   1.9   1   1   1.2e-97   1.7e-95  318.6   1.9     3   396   128   511   126   542 0.93 length=1800	scaffold=chromosome4	strand=+
491_g                -            680 11519                -            453   2.5e-95  318.0   0.9   1   1   2.3e-97   3.4e-95  317.6   0.9     2   356   230   579   229   615 0.94 length=681	scaffold=chromosome11	strand=+
36_g                 -            670 11519                -            453   7.5e-88  293.4   0.0   1   1   5.2e-90   7.5e-88  293.4   0.0     3   370   224   594   222   613 0.90 length=671	scaffold=chromosome10	strand=-
2290_g               -            731 11519                -            453   1.3e-87  292.6   0.1   1   2     1e-13   1.5e-11   41.9   0.0    17    72   281   336   266   347 0.83 length=732	scaffold=chromosome14	strand=-
2290_g               -            731 11519                -            453   1.3e-87  292.6   0.1   2   2   2.7e-76   3.8e-74  248.2   0.1    70   352   410   693   399   723 0.88 length=732	scaffold=chromosome14	strand=-
1333_g               -            528 11519                -            453   2.5e-86  288.3   0.0   1   1   2.4e-88   3.4e-86  287.9   0.0    10   372   123   484   115   501 0.92 length=529	scaffold=chromosome12	strand=-
129_g                -           1101 11519                -            453   1.1e-84  283.0   0.0   1   3       3.7   5.3e+02   -2.8   1.1   410   444   417   451   403   459 0.64 length=1102	scaffold=chromosome10	strand=+
129_g                -           1101 11519                -            453   1.1e-84  283.0   0.0   2   3   2.3e-50   3.4e-48  162.7   0.0     2   178   678   853   677   858 0.97 length=1102	scaffold=chromosome10	strand=+
129_g                -           1101 11519                -            453   1.1e-84  283.0   0.0   3   3   1.1e-39   1.6e-37  127.5   0.0   183   357   882  1054   870  1074 0.93 length=1102	scaffold=chromosome10	strand=+
226_g                -           1530 11519                -            453   9.3e-81  270.0   0.1   1   1   6.4e-83   9.3e-81  270.0   0.1     9   386   760  1137   753  1188 0.91 length=1531	scaffold=chromosome10	strand=-
4228_g               -            433 11519                -            453   2.4e-78  262.0   0.2   1   1   2.1e-80     3e-78  261.7   0.2     3   363    63   412    61   428 0.94 length=434	scaffold=chromosome8	strand=-
1117_g               -           2143 11519                -            453   1.3e-76  256.4   0.2   1   1   1.7e-78   2.4e-76  255.5   0.2     4   363  1772  2124  1769  2139 0.94 length=2144	scaffold=chromosome12	strand=-
2146_g               -            955 11519                -            453   2.5e-76  255.4   0.4   1   2   4.3e-34   6.2e-32  109.1   0.0     5   176   335   518   332   523 0.86 length=956	scaffold=chromosome14	strand=-
2146_g               -            955 11519                -            453   2.5e-76  255.4   0.4   2   2   1.1e-44   1.6e-42  144.0   0.4   182   373   548   738   540   757 0.95 length=956	scaffold=chromosome14	strand=-
3474_g               -            390 11519                -            453   1.1e-75  253.3   0.1   1   1   8.8e-78   1.3e-75  253.1   0.1     4   363    21   371    18   388 0.94 length=391	scaffold=chromosome5	strand=+
269_g                -            721 11519                -            453   3.6e-74  248.3   1.8   1   1   3.6e-74   5.2e-72  241.2   1.8    12   397   139   553   132   604 0.81 length=722	scaffold=chromosome10	strand=-
3148_g               -           1052 11519                -            453   5.8e-72  241.0  10.4   1   3   6.1e-15   8.8e-13   45.9   0.0     4    73    60   131    58   138 0.85 length=1053	scaffold=chromosome4	strand=+
3148_g               -           1052 11519                -            453   5.8e-72  241.0  10.4   2   3   6.3e-62   9.1e-60  200.8   0.6    78   357   157   439   146   480 0.89 length=1053	scaffold=chromosome4	strand=+
3148_g               -           1052 11519                -            453   5.8e-72  241.0  10.4   3   3       3.5     5e+02   -2.7   2.3   359   416   525   582   522   601 0.73 length=1053	scaffold=chromosome4	strand=+
1715_g               -            872 11519                -            453   3.7e-70  235.1   4.2   1   1   2.5e-72   3.7e-70  235.1   4.2     3   397   137   534   135   545 0.88 length=873	scaffold=chromosome13	strand=+
3650_g               -           1139 11519                -            453   2.4e-66  222.5   1.4   1   1   3.4e-68   4.9e-66  221.5   1.4    11   373   770  1130   763  1135 0.89 length=1140	scaffold=chromosome6	strand=+
961_g                -            512 11519                -            453   2.6e-62  209.2   0.3   1   2   2.2e-25   3.2e-23   80.3   0.0     5   178    67   234    63   238 0.89 length=513	scaffold=chromosome12	strand=+
961_g                -            512 11519                -            453   2.6e-62  209.2   0.3   2   2   1.5e-39   2.2e-37  127.0   0.1   181   394   271   488   266   511 0.78 length=513	scaffold=chromosome12	strand=+
1948_g               -            627 11519                -            453   1.6e-59  200.0   7.1   1   1   1.5e-61   2.1e-59  199.6   7.1     8   379   159   538   154   553 0.80 length=628	scaffold=chromosome14	strand=+
3000_g               -           1777 11519                -            453   8.7e-52  174.5  22.6   1   4   4.1e-38   5.9e-36  122.3   0.8     7   182   120   297   114   299 0.93 length=1778	scaffold=chromosome3	strand=+
3000_g               -           1777 11519                -            453   8.7e-52  174.5  22.6   2   4      0.01       1.5    5.6   0.0   184   207   329   352   324   363 0.81 length=1778	scaffold=chromosome3	strand=+
3000_g               -           1777 11519                -            453   8.7e-52  174.5  22.6   3   4       4.4   6.3e+02   -3.0   2.1   385   435   461   511   428   524 0.75 length=1778	scaffold=chromosome3	strand=+
3000_g               -           1777 11519                -            453   8.7e-52  174.5  22.6   4   4     1e-19   1.5e-17   61.7   0.0   274   355   574   657   553   679 0.82 length=1778	scaffold=chromosome3	strand=+
4220_g               -            750 11519                -            453   4.4e-51  172.2  11.9   1   3       3.8   5.5e+02   -2.8   2.3   391   436    31    76    16    95 0.64 length=751	scaffold=chromosome8	strand=-
4220_g               -            750 11519                -            453   4.4e-51  172.2  11.9   2   3   3.1e-10   4.5e-08   30.4   0.0     8    75   251   318   246   323 0.90 length=751	scaffold=chromosome8	strand=-
4220_g               -            750 11519                -            453   4.4e-51  172.2  11.9   3   3   6.2e-46     9e-44  148.1   1.4    67   401   357   694   351   734 0.81 length=751	scaffold=chromosome8	strand=-
1205_g               -            793 11519                -            453   1.3e-50  170.6   4.1   1   1   9.3e-53   1.3e-50  170.6   4.1     2   364   381   770   380   782 0.83 length=794	scaffold=chromosome12	strand=-
1341_g               -            772 11519                -            453   4.2e-50  169.0  10.0   1   2   5.1e-36   7.4e-34  115.4   1.0     4   197   225   433   222   459 0.82 length=773	scaffold=chromosome12	strand=-
1341_g               -            772 11519                -            453   4.2e-50  169.0  10.0   2   2   2.6e-21   3.7e-19   67.0   2.3   273   409   578   716   527   757 0.76 length=773	scaffold=chromosome12	strand=-
2425_g               -            892 11519                -            453   1.1e-49  167.6  10.0   1   3   1.3e-32   1.8e-30  104.2   0.6    15   217   110   315    99   323 0.84 length=893	scaffold=chromosome14	strand=-
2425_g               -            892 11519                -            453   1.1e-49  167.6  10.0   2   3      0.33        47    0.7   0.0   246   305   398   457   380   466 0.85 length=893	scaffold=chromosome14	strand=-
2425_g               -            892 11519                -            453   1.1e-49  167.6  10.0   3   3   7.6e-21   1.1e-18   65.4   2.4   307   436   559   682   544   699 0.78 length=893	scaffold=chromosome14	strand=-
95_g                 -            816 11519                -            453   1.4e-45  154.0   1.5   1   3   2.3e-09   3.3e-07   27.6   0.0     4    60     6    62     3    83 0.88 length=817	scaffold=chromosome10	strand=-
95_g                 -            816 11519                -            453   1.4e-45  154.0   1.5   2   3   5.5e-18   7.9e-16   56.0   0.1    70   224   324   483   311   505 0.78 length=817	scaffold=chromosome10	strand=-
95_g                 -            816 11519                -            453   1.4e-45  154.0   1.5   3   3   1.6e-21   2.4e-19   67.6   0.2   268   360   601   693   532   714 0.91 length=817	scaffold=chromosome10	strand=-
3554_g               -            560 11519                -            453   1.5e-45  153.9   5.0   1   3   3.3e-13   4.8e-11   40.2   0.0    11    75   150   215   145   223 0.83 length=561	scaffold=chromosome6	strand=-
3554_g               -            560 11519                -            453   1.5e-45  153.9   5.0   2   3   8.2e-17   1.2e-14   52.1   2.5    70   262   258   449   251   458 0.80 length=561	scaffold=chromosome6	strand=-
3554_g               -            560 11519                -            453   1.5e-45  153.9   5.0   3   3   2.6e-19   3.7e-17   60.4   0.0   280   347   488   555   480   559 0.92 length=561	scaffold=chromosome6	strand=-
1712_g               -            972 11519                -            453   3.1e-35  120.0  11.6   1   4   4.8e-11   6.9e-09   33.1   0.0     4    72    40   108    38   116 0.88 length=973	scaffold=chromosome13	strand=-
1712_g               -            972 11519                -            453   3.1e-35  120.0  11.6   2   4   1.1e-14   1.6e-12   45.1   0.1    70   196   230   373   216   394 0.70 length=973	scaffold=chromosome13	strand=-
1712_g               -            972 11519                -            453   3.1e-35  120.0  11.6   3   4   1.1e-19   1.6e-17   61.6   5.7   272   403   532   665   482   677 0.84 length=973	scaffold=chromosome13	strand=-
1712_g               -            972 11519                -            453   3.1e-35  120.0  11.6   4   4       2.9   4.2e+02   -2.4   0.9   394   442   907   955   894   966 0.45 length=973	scaffold=chromosome13	strand=-
2628_g               -           1349 11519                -            453   1.6e-32  111.0   9.2   1   5   1.3e-07   1.9e-05   21.8   0.0     3    67    31    95    29   106 0.90 length=1350	scaffold=chromosome1	strand=+
2628_g               -           1349 11519                -            453   1.6e-32  111.0   9.2   2   5      0.05       7.2    3.4   0.0    79   100   164   185   159   191 0.87 length=1350	scaffold=chromosome1	strand=+
2628_g               -           1349 11519                -            453   1.6e-32  111.0   9.2   3   5     0.027         4    4.2   0.0   107   140   237   271   226   285 0.81 length=1350	scaffold=chromosome1	strand=+
2628_g               -           1349 11519                -            453   1.6e-32  111.0   9.2   4   5   0.00016     0.023   11.6   0.2   152   196   305   350   292   360 0.85 length=1350	scaffold=chromosome1	strand=+
2628_g               -           1349 11519                -            453   1.6e-32  111.0   9.2   5   5   1.7e-22   2.5e-20   70.8   0.4   231   353   684   806   664   813 0.91 length=1350	scaffold=chromosome1	strand=+
3273_g               -            403 11519                -            453   3.1e-32  110.0  10.1   1   3       6.4   9.2e+02   -3.6   1.4   408   444    20    56    14    73 0.54 length=404	scaffold=chromosome5	strand=+
3273_g               -            403 11519                -            453   3.1e-32  110.0  10.1   2   3   9.5e-09   1.4e-06   25.5   0.0     3    63   197   258   195   270 0.87 length=404	scaffold=chromosome5	strand=+
3273_g               -            403 11519                -            453   3.1e-32  110.0  10.1   3   3   2.5e-28   3.6e-26   90.1   1.9    95   219   272   396   266   403 0.92 length=404	scaffold=chromosome5	strand=+
4444_g               -           1487 11519                -            453   9.3e-30  101.9   2.3   1   3   2.1e-06    0.0003   17.8   0.0     3    61   220   278   218   284 0.94 length=1488	scaffold=chromosome9	strand=+
4444_g               -           1487 11519                -            453   9.3e-30  101.9   2.3   2   3     0.072        10    2.9   0.1   123   181   586   644   578   648 0.83 length=1488	scaffold=chromosome9	strand=+
4444_g               -           1487 11519                -            453   9.3e-30  101.9   2.3   3   3   9.1e-25   1.3e-22   78.3   0.7   239   345   993  1099   986  1117 0.93 length=1488	scaffold=chromosome9	strand=+
2931_g               -           1197 11519                -            453   7.2e-27   92.4   0.6   1   2   8.9e-20   1.3e-17   61.9   0.1    22   201   260   449   248   460 0.82 length=1198	scaffold=chromosome3	strand=-
2931_g               -           1197 11519                -            453   7.2e-27   92.4   0.6   2   2   1.2e-09   1.7e-07   28.5   0.0   276   356   853   936   842   963 0.82 length=1198	scaffold=chromosome3	strand=-
1442_g               -           1024 11519                -            453   3.9e-26   90.0   0.0   1   3     8e-05     0.012   12.6   0.0    34    77   173   216   158   242 0.83 length=1025	scaffold=chromosome13	strand=-
1442_g               -           1024 11519                -            453   3.9e-26   90.0   0.0   2   3       8.9   1.3e+03   -4.0   0.2   144   165   309   330   308   331 0.85 length=1025	scaffold=chromosome13	strand=-
1442_g               -           1024 11519                -            453   3.9e-26   90.0   0.0   3   3   1.3e-26   1.9e-24   84.4   0.1   248   370   513   634   507   683 0.88 length=1025	scaffold=chromosome13	strand=-
271_g                -            563 11519                -            453   4.2e-24   83.2   4.4   1   2   7.7e-06    0.0011   15.9   0.0     7   108   137   237   131   248 0.81 length=564	scaffold=chromosome10	strand=-
271_g                -            563 11519                -            453   4.2e-24   83.2   4.4   2   2   1.7e-21   2.4e-19   67.6   2.2   148   394   293   549   266   555 0.83 length=564	scaffold=chromosome10	strand=-
2870_g               -            544 11519                -            453   2.2e-23   80.9  13.3   1   1   1.7e-25   2.4e-23   80.8  10.0    35   407   129   524    88   530 0.75 length=545	scaffold=chromosome3	strand=-
2564_g               -           1078 11519                -            453   1.4e-16   58.4  21.9   1   5    0.0087       1.3    5.9   0.0    14    40    88   114    78   134 0.85 length=1079	scaffold=chromosome1	strand=-
2564_g               -           1078 11519                -            453   1.4e-16   58.4  21.9   2   5       5.4   7.8e+02   -3.3   1.5   360   437   276   337   249   348 0.41 length=1079	scaffold=chromosome1	strand=-
2564_g               -           1078 11519                -            453   1.4e-16   58.4  21.9   3   5       1.6   2.3e+02   -1.6   0.0    67   112   341   382   331   392 0.73 length=1079	scaffold=chromosome1	strand=-
2564_g               -           1078 11519                -            453   1.4e-16   58.4  21.9   4   5     0.027       3.9    4.3   0.0   102   166   441   508   436   536 0.76 length=1079	scaffold=chromosome1	strand=-
2564_g               -           1078 11519                -            453   1.4e-16   58.4  21.9   5   5   1.3e-16   1.9e-14   51.4  12.4   211   431   752   978   734   999 0.66 length=1079	scaffold=chromosome1	strand=-
3274_g               -            761 11519                -            453   4.7e-16   56.7   0.0   1   1   3.2e-18   4.7e-16   56.7   0.0   278   352     2    79     1    96 0.86 length=762	scaffold=chromosome5	strand=+
1620_g               -           1269 11519                -            453   9.2e-15   52.5   0.5   1   2      0.11        16    2.3   0.0    18    60    49    91    40   103 0.89 length=1270	scaffold=chromosome13	strand=-
1620_g               -           1269 11519                -            453   9.2e-15   52.5   0.5   2   2   1.7e-15   2.4e-13   47.8   0.2   249   369   287   407   281   439 0.89 length=1270	scaffold=chromosome13	strand=-
2785_g               -           1383 11519                -            453   3.6e-13   47.2   9.3   1   4       2.8   4.1e+02   -2.4   0.0    45    63   677   695   670   698 0.84 length=1384	scaffold=chromosome2	strand=-
2785_g               -           1383 11519                -            453   3.6e-13   47.2   9.3   2   4     0.052       7.5    3.3   0.0    73   100   815   842   800   854 0.79 length=1384	scaffold=chromosome2	strand=-
2785_g               -           1383 11519                -            453   3.6e-13   47.2   9.3   3   4    0.0013      0.19    8.6   0.0   127   161   935   969   921   973 0.78 length=1384	scaffold=chromosome2	strand=-
2785_g               -           1383 11519                -            453   3.6e-13   47.2   9.3   4   4   1.8e-12   2.5e-10   37.8   0.1   241   355  1150  1280  1138  1294 0.70 length=1384	scaffold=chromosome2	strand=-
3875_g               -            683 11519                -            453   8.7e-11   39.4   0.2   1   2     6e-13   8.7e-11   39.4   0.2   237   376   337   478   328   509 0.80 length=684	scaffold=chromosome7	strand=+
3875_g               -            683 11519                -            453   8.7e-11   39.4   0.2   2   2       0.8   1.2e+02   -0.6   0.6   360   419   549   607   535   628 0.71 length=684	scaffold=chromosome7	strand=+
2005_g               -            734 11519                -            453     2e-08   31.6   0.2   1   4    0.0031      0.45    7.4   0.0    19    58    64   103    47   124 0.85 length=735	scaffold=chromosome14	strand=-
2005_g               -            734 11519                -            453     2e-08   31.6   0.2   2   4     0.058       8.4    3.2   0.0    74    99   184   209   172   213 0.81 length=735	scaffold=chromosome14	strand=-
2005_g               -            734 11519                -            453     2e-08   31.6   0.2   3   4       3.8   5.6e+02   -2.8   0.0    18    58   315   353   301   363 0.55 length=735	scaffold=chromosome14	strand=-
2005_g               -            734 11519                -            453     2e-08   31.6   0.2   4   4   5.4e-06   0.00079   16.4   0.0   301   360   607   666   582   686 0.82 length=735	scaffold=chromosome14	strand=-
3576_g               -           3255 11519                -            453   0.00034   17.6   0.3   1   1   2.3e-06   0.00034   17.6   0.3   246   360  1703  1819  1691  1854 0.78 length=3256	scaffold=chromosome6	strand=-
#
# Program:         hmmsearch
# Version:         3.4 (Aug 2023)
# Pipeline mode:   SEARCH
# Query file:      /home/inf-20-2025/Malaria/busco_downloads/lineages/apicomplexa_odb12/hmms/11519at5794.hmm
# Target file:     /home/inf-20-2025/Malaria/Results/6_nobird_annotation/P_cynomolgi.faa
# Option settings: hmmsearch --domtblout Results/8_busco/P_cynomolgi/run_apicomplexa_odb12/hmmer_output/initial_run_results/11519at5794.out --cpu 1 /home/inf-20-2025/Malaria/busco_downloads/lineages/apicomplexa_odb12/hmms/11519at5794.hmm /home/inf-20-2025/Malaria/Results/6_nobird_annotation/P_cynomolgi.faa 
# Current dir:     /home/inf-20-2025/Malaria
# Date:            Wed Mar  4 18:30:40 2026
# [ok]
