#                                                                            --- full sequence --- -------------- this domain -------------   hmm coord   ali coord   env coord
# target name        accession   tlen query name           accession   qlen   E-value  score  bias   #  of  c-Evalue  i-Evalue  score  bias  from    to  from    to  from    to  acc description of target
#------------------- ---------- ----- -------------------- ---------- ----- --------- ------ ----- --- --- --------- --------- ------ ----- ----- ----- ----- ----- ----- ----- ---- ---------------------
2286_g               -            648 12214                -            219     7e-53  177.4  17.3   1   5       7.3   7.2e+02   -2.5   0.0    75    94   154   173   150   175 0.84 length=649	scaffold=chromosome14	strand=+
2286_g               -            648 12214                -            219     7e-53  177.4  17.3   2   5       0.3        30    2.1   0.0     5    19   248   262   244   267 0.83 length=649	scaffold=chromosome14	strand=+
2286_g               -            648 12214                -            219     7e-53  177.4  17.3   3   5   1.4e-07   1.4e-05   22.7   0.0    21    49   332   360   326   371 0.86 length=649	scaffold=chromosome14	strand=+
2286_g               -            648 12214                -            219     7e-53  177.4  17.3   4   5   2.9e-13   2.9e-11   41.3   0.9    46   113   375   459   364   468 0.78 length=649	scaffold=chromosome14	strand=+
2286_g               -            648 12214                -            219     7e-53  177.4  17.3   5   5   4.2e-37   4.2e-35  119.3   1.9   113   218   476   586   470   587 0.91 length=649	scaffold=chromosome14	strand=+
4819_g               -            680 12214                -            219   2.9e-22   77.3  15.5   1   4   1.3e-08   1.3e-06   26.1   0.0    10    96   124   222   118   226 0.81 length=681	scaffold=chromosome9	strand=-
4819_g               -            680 12214                -            219   2.9e-22   77.3  15.5   2   4   1.8e-06   0.00018   19.1   4.2   118   214   401   498   351   503 0.70 length=681	scaffold=chromosome9	strand=-
4819_g               -            680 12214                -            219   2.9e-22   77.3  15.5   3   4   1.5e-09   1.5e-07   29.2   1.1    16   131   476   607   474   632 0.70 length=681	scaffold=chromosome9	strand=-
4819_g               -            680 12214                -            219   2.9e-22   77.3  15.5   4   4     0.094       9.3    3.7   0.0    59   175   663   679   644   680 0.49 length=681	scaffold=chromosome9	strand=-
4402_g               -            589 12214                -            219     7e-21   72.8   9.9   1   5   1.3e-09   1.3e-07   29.4   0.2    52   118   280   353   272   356 0.88 length=590	scaffold=chromosome8	strand=+
4402_g               -            589 12214                -            219     7e-21   72.8   9.9   2   5   6.7e-12   6.7e-10   36.9   0.3    53   116   365   435   358   443 0.85 length=590	scaffold=chromosome8	strand=+
4402_g               -            589 12214                -            219     7e-21   72.8   9.9   3   5      0.95        95    0.4   0.1    83   109   440   469   436   481 0.69 length=590	scaffold=chromosome8	strand=+
4402_g               -            589 12214                -            219     7e-21   72.8   9.9   4   5     0.038       3.8    5.0   0.0   193   217   496   520   483   522 0.83 length=590	scaffold=chromosome8	strand=+
4402_g               -            589 12214                -            219     7e-21   72.8   9.9   5   5      0.23        23    2.4   0.0    46    77   538   569   530   574 0.74 length=590	scaffold=chromosome8	strand=+
3276_g               -            322 12214                -            219   4.1e-20   70.3  19.7   1   3    0.0014      0.14    9.7   0.2    90   112    30    52    17    55 0.78 length=323	scaffold=chromosome5	strand=+
3276_g               -            322 12214                -            219   4.1e-20   70.3  19.7   2   3   3.5e-09   3.5e-07   28.0   1.0    53   111    77   142    62   154 0.79 length=323	scaffold=chromosome5	strand=+
3276_g               -            322 12214                -            219   4.1e-20   70.3  19.7   3   3   2.1e-11   2.1e-09   35.2   6.5    83   218   153   320   142   321 0.75 length=323	scaffold=chromosome5	strand=+
207_g                -            391 12214                -            219   3.5e-18   63.9   8.3   1   4   2.4e-07   2.4e-05   22.0   0.6     9    83   106   189   100   203 0.57 length=392	scaffold=chromosome10	strand=-
207_g                -            391 12214                -            219   3.5e-18   63.9   8.3   2   4   9.5e-15   9.5e-13   46.2   1.8    18   114   161   269   149   273 0.79 length=392	scaffold=chromosome10	strand=-
207_g                -            391 12214                -            219   3.5e-18   63.9   8.3   3   4     0.048       4.8    4.7   0.0    57    79   289   311   282   329 0.78 length=392	scaffold=chromosome10	strand=-
207_g                -            391 12214                -            219   3.5e-18   63.9   8.3   4   4    0.0033      0.33    8.5   0.1   132   215   304   389   303   391 0.77 length=392	scaffold=chromosome10	strand=-
4343_g               -            498 12214                -            219   7.5e-17   59.6   6.5   1   3   5.1e-08   5.1e-06   24.2   2.0    23   120   226   339   221   342 0.78 length=499	scaffold=chromosome8	strand=-
4343_g               -            498 12214                -            219   7.5e-17   59.6   6.5   2   3   1.7e-08   1.7e-06   25.7   0.0    54   120   350   423   345   426 0.85 length=499	scaffold=chromosome8	strand=-
4343_g               -            498 12214                -            219   7.5e-17   59.6   6.5   3   3    0.0016      0.16    9.5   0.1    78   110   462   498   439   498 0.75 length=499	scaffold=chromosome8	strand=-
714_g                -           1473 12214                -            219   1.4e-16   58.7  13.3   1   6   1.9e-06   0.00019   19.0   0.0    48   117    64   142    55   151 0.80 length=1474	scaffold=chromosome11	strand=-
714_g                -           1473 12214                -            219   1.4e-16   58.7  13.3   2   6   1.7e-06   0.00017   19.2   0.7    58   118   118   185   116   187 0.74 length=1474	scaffold=chromosome11	strand=-
714_g                -           1473 12214                -            219   1.4e-16   58.7  13.3   3   6   4.3e-07   4.3e-05   21.2   2.3    61   112   163   221   155   236 0.81 length=1474	scaffold=chromosome11	strand=-
714_g                -           1473 12214                -            219   1.4e-16   58.7  13.3   4   6   7.3e-07   7.3e-05   20.4   0.6    56   118   320   392   308   397 0.81 length=1474	scaffold=chromosome11	strand=-
714_g                -           1473 12214                -            219   1.4e-16   58.7  13.3   5   6   0.00016     0.016   12.7   0.1   121   180   370   430   366   431 0.52 length=1474	scaffold=chromosome11	strand=-
714_g                -           1473 12214                -            219   1.4e-16   58.7  13.3   6   6       9.6   9.6e+02   -2.9   0.0   167   193   680   706   663   715 0.66 length=1474	scaffold=chromosome11	strand=-
3310_g               -            381 12214                -            219   1.3e-15   55.5   7.0   1   4   6.1e-06   0.00061   17.4   0.5    49   117    47   125    40   127 0.77 length=382	scaffold=chromosome5	strand=-
3310_g               -            381 12214                -            219   1.3e-15   55.5   7.0   2   4   3.5e-07   3.5e-05   21.5   0.2    78   136   124   189   121   200 0.72 length=382	scaffold=chromosome5	strand=-
3310_g               -            381 12214                -            219   1.3e-15   55.5   7.0   3   4    0.0003      0.03   11.9   0.0    72   112   200   244   177   248 0.75 length=382	scaffold=chromosome5	strand=-
3310_g               -            381 12214                -            219   1.3e-15   55.5   7.0   4   4    0.0057      0.57    7.7   0.0    59   106   275   329   260   335 0.53 length=382	scaffold=chromosome5	strand=-
3759_g               -           1012 12214                -            219   2.6e-15   54.6   7.5   1   2   8.6e-06   0.00086   16.9   0.0    57   114    67   131    37   135 0.80 length=1013	scaffold=chromosome7	strand=-
3759_g               -           1012 12214                -            219   2.6e-15   54.6   7.5   2   2   5.5e-10   5.4e-08   30.6   5.4    97   216   158   264   131   267 0.70 length=1013	scaffold=chromosome7	strand=-
4166_g               -           1175 12214                -            219     1e-13   49.4  10.0   1   6     0.016       1.6    6.2   0.0    32    92   211   274   197   282 0.74 length=1176	scaffold=chromosome8	strand=-
4166_g               -           1175 12214                -            219     1e-13   49.4  10.0   2   6      0.49        49    1.4   0.0    96   112   358   374   351   379 0.81 length=1176	scaffold=chromosome8	strand=-
4166_g               -           1175 12214                -            219     1e-13   49.4  10.0   3   6   2.6e-07   2.6e-05   21.9   0.1    48   118   552   628   542   639 0.72 length=1176	scaffold=chromosome8	strand=-
4166_g               -           1175 12214                -            219     1e-13   49.4  10.0   4   6       1.5   1.5e+02   -0.3   0.0    97   113   652   668   646   677 0.66 length=1176	scaffold=chromosome8	strand=-
4166_g               -           1175 12214                -            219     1e-13   49.4  10.0   5   6   1.7e-05    0.0017   15.9   0.1    53   120   710   783   697   787 0.83 length=1176	scaffold=chromosome8	strand=-
4166_g               -           1175 12214                -            219     1e-13   49.4  10.0   6   6      0.13        13    3.3   0.1    63   103   805   848   790   858 0.71 length=1176	scaffold=chromosome8	strand=-
2661_g               -            364 12214                -            219   5.5e-13   47.0   6.8   1   4   3.1e-06   0.00031   18.3   0.6    76   119     7    54     5    58 0.86 length=365	scaffold=chromosome1	strand=-
2661_g               -            364 12214                -            219   5.5e-13   47.0   6.8   2   4   7.7e-08   7.7e-06   23.6   0.2     8   120    58   184    53   217 0.79 length=365	scaffold=chromosome1	strand=-
2661_g               -            364 12214                -            219   5.5e-13   47.0   6.8   3   4     0.073       7.3    4.1   0.0    54    80   237   263   222   271 0.85 length=365	scaffold=chromosome1	strand=-
2661_g               -            364 12214                -            219   5.5e-13   47.0   6.8   4   4       1.6   1.6e+02   -0.4   0.0    57    74   342   359   319   362 0.72 length=365	scaffold=chromosome1	strand=-
865_g                -            641 12214                -            219   6.3e-12   43.5   3.6   1   4       1.2   1.2e+02    0.1   0.1   159   180   255   276   252   300 0.57 length=642	scaffold=chromosome12	strand=-
865_g                -            641 12214                -            219   6.3e-12   43.5   3.6   2   4   0.00098     0.098   10.2   0.0    80   117   422   463   417   467 0.75 length=642	scaffold=chromosome12	strand=-
865_g                -            641 12214                -            219   6.3e-12   43.5   3.6   3   4   4.8e-10   4.7e-08   30.8   0.0    24   124   442   560   439   563 0.75 length=642	scaffold=chromosome12	strand=-
865_g                -            641 12214                -            219   6.3e-12   43.5   3.6   4   4   2.7e-06   0.00027   18.6   0.4    60   139   527   610   526   622 0.74 length=642	scaffold=chromosome12	strand=-
2224_g               -            613 12214                -            219     7e-12   43.4   7.9   1   4     0.007       0.7    7.4   0.0    77   113   315   356   310   365 0.75 length=614	scaffold=chromosome14	strand=+
2224_g               -            613 12214                -            219     7e-12   43.4   7.9   2   4   4.9e-07   4.9e-05   21.0   0.3    10   111   368   481   356   491 0.77 length=614	scaffold=chromosome14	strand=+
2224_g               -            613 12214                -            219     7e-12   43.4   7.9   3   4       0.3        30    2.1   0.0    53    78   501   526   490   549 0.75 length=614	scaffold=chromosome14	strand=+
2224_g               -            613 12214                -            219     7e-12   43.4   7.9   4   4   0.00015     0.015   12.8   1.1    55   110   550   613   547   613 0.74 length=614	scaffold=chromosome14	strand=+
1986_g               -            525 12214                -            219   1.2e-11   42.6  12.3   1   3    0.0001      0.01   13.4   0.3   144   176   216   249   210   255 0.79 length=526	scaffold=chromosome14	strand=-
1986_g               -            525 12214                -            219   1.2e-11   42.6  12.3   2   3   2.3e-09   2.3e-07   28.6   1.2    54   119   277   349   258   356 0.84 length=526	scaffold=chromosome14	strand=-
1986_g               -            525 12214                -            219   1.2e-11   42.6  12.3   3   3     0.012       1.2    6.6   0.4   153   189   360   396   350   425 0.78 length=526	scaffold=chromosome14	strand=-
2910_g               -            492 12214                -            219   5.2e-10   37.2   6.2   1   4     6e-07     6e-05   20.7   0.2   150   216    68   139    60   142 0.65 length=493	scaffold=chromosome3	strand=+
2910_g               -            492 12214                -            219   5.2e-10   37.2   6.2   2   4       2.4   2.4e+02   -0.9   0.0    62    93   219   251   198   285 0.58 length=493	scaffold=chromosome3	strand=+
2910_g               -            492 12214                -            219   5.2e-10   37.2   6.2   3   4       4.2   4.2e+02   -1.7   0.0   156   182   296   322   262   339 0.61 length=493	scaffold=chromosome3	strand=+
2910_g               -            492 12214                -            219   5.2e-10   37.2   6.2   4   4     6e-06    0.0006   17.4   0.6   120   188   343   414   334   425 0.75 length=493	scaffold=chromosome3	strand=+
2416_g               -            470 12214                -            219   1.1e-09   36.2   9.3   1   3       1.9   1.9e+02   -0.6   0.0   162   211   101   154    94   162 0.60 length=471	scaffold=chromosome14	strand=-
2416_g               -            470 12214                -            219   1.1e-09   36.2   9.3   2   3   3.1e-09   3.1e-07   28.2   2.5    51   117   221   294   159   299 0.75 length=471	scaffold=chromosome14	strand=-
2416_g               -            470 12214                -            219   1.1e-09   36.2   9.3   3   3    0.0014      0.14    9.7   0.2   157   218   321   390   317   391 0.80 length=471	scaffold=chromosome14	strand=-
3600_g               -            365 12214                -            219   1.8e-09   35.4   4.6   1   1   2.1e-07   2.1e-05   22.2   4.2    27   215    66   291    55   293 0.69 length=366	scaffold=chromosome6	strand=-
2950_g               -            327 12214                -            219   2.5e-09   35.0   0.7   1   3   1.6e-05    0.0016   16.0   0.0     9    80     5    84     1   102 0.78 length=328	scaffold=chromosome3	strand=-
2950_g               -            327 12214                -            219   2.5e-09   35.0   0.7   2   3     0.001       0.1   10.1   0.5    59   108   154   210   124   231 0.71 length=328	scaffold=chromosome3	strand=-
2950_g               -            327 12214                -            219   2.5e-09   35.0   0.7   3   3     0.059       5.9    4.4   0.0    72   109   274   315   256   325 0.70 length=328	scaffold=chromosome3	strand=-
2670_g               -           1070 12214                -            219   3.6e-09   34.5  10.7   1   3      0.42        42    1.6   0.0    56    82   172   198   150   241 0.46 length=1071	scaffold=chromosome1	strand=+
2670_g               -           1070 12214                -            219   3.6e-09   34.5  10.7   2   3   1.3e-07   1.3e-05   22.8   1.6    97   214   363   485   285   489 0.72 length=1071	scaffold=chromosome1	strand=+
2670_g               -           1070 12214                -            219   3.6e-09   34.5  10.7   3   3   0.00018     0.018   12.6   0.1    54   112   525   595   520   599 0.80 length=1071	scaffold=chromosome1	strand=+
591_g                -            540 12214                -            219   6.2e-09   33.7   7.5   1   2   9.2e-06   0.00091   16.8   1.3   145   216   206   285   195   288 0.71 length=541	scaffold=chromosome11	strand=-
591_g                -            540 12214                -            219   6.2e-09   33.7   7.5   2   2   1.3e-06   0.00013   19.5   0.5    15    80   370   443   355   461 0.59 length=541	scaffold=chromosome11	strand=-
1313_g               -           1301 12214                -            219   7.7e-09   33.4  23.7   1   7       1.5   1.5e+02   -0.3   0.0   154   180    23    49    16    57 0.57 length=1302	scaffold=chromosome12	strand=+
1313_g               -           1301 12214                -            219   7.7e-09   33.4  23.7   2   7   4.2e-08   4.2e-06   24.5   2.5    15   118    72   197    63   220 0.80 length=1302	scaffold=chromosome12	strand=+
1313_g               -           1301 12214                -            219   7.7e-09   33.4  23.7   3   7       1.5   1.5e+02   -0.3   0.1    57    83   404   430   381   436 0.77 length=1302	scaffold=chromosome12	strand=+
1313_g               -           1301 12214                -            219   7.7e-09   33.4  23.7   4   7      0.81        81    0.6   0.1    52    79   706   732   691   740 0.55 length=1302	scaffold=chromosome12	strand=+
1313_g               -           1301 12214                -            219   7.7e-09   33.4  23.7   5   7      0.14        14    3.1   0.1   133   214   726   810   708   814 0.55 length=1302	scaffold=chromosome12	strand=+
1313_g               -           1301 12214                -            219   7.7e-09   33.4  23.7   6   7    0.0083      0.83    7.1   0.1   158   216   913   974   886   977 0.78 length=1302	scaffold=chromosome12	strand=+
1313_g               -           1301 12214                -            219   7.7e-09   33.4  23.7   7   7     0.027       2.7    5.5   0.3    21    77   997  1058   976  1064 0.66 length=1302	scaffold=chromosome12	strand=+
2028_g               -            424 12214                -            219   1.2e-08   32.7   1.7   1   1   4.8e-09   4.8e-07   27.5   1.6    40   216   152   330   148   333 0.81 length=425	scaffold=chromosome14	strand=-
1359_g               -            840 12214                -            219   1.8e-08   32.2   0.9   1   3    0.0013      0.13    9.8   0.1    16    82    72   143    65   148 0.81 length=841	scaffold=chromosome12	strand=+
1359_g               -            840 12214                -            219   1.8e-08   32.2   0.9   2   3     0.019       1.9    6.0   0.0    54    78   271   296   259   317 0.67 length=841	scaffold=chromosome12	strand=+
1359_g               -            840 12214                -            219   1.8e-08   32.2   0.9   3   3   0.00019     0.019   12.5   0.0    22    92   429   503   419   511 0.63 length=841	scaffold=chromosome12	strand=+
993_g                -            594 12214                -            219   2.3e-08   31.8   0.5   1   3     0.016       1.6    6.2   0.0    52    80   329   357   308   362 0.74 length=595	scaffold=chromosome12	strand=+
993_g                -            594 12214                -            219   2.3e-08   31.8   0.5   2   3   3.8e-06   0.00038   18.1   0.0    59   115   460   525   420   526 0.80 length=595	scaffold=chromosome12	strand=+
993_g                -            594 12214                -            219   2.3e-08   31.8   0.5   3   3     0.098       9.7    3.6   0.0    97   115   573   591   553   594 0.80 length=595	scaffold=chromosome12	strand=+
3378_g               -            490 12214                -            219   3.1e-08   31.4   7.3   1   4       4.8   4.8e+02   -1.9   0.0    21    41   192   212   184   224 0.49 length=491	scaffold=chromosome5	strand=+
3378_g               -            490 12214                -            219   3.1e-08   31.4   7.3   2   4       1.5   1.5e+02   -0.2   0.0    22    48   251   277   237   286 0.68 length=491	scaffold=chromosome5	strand=+
3378_g               -            490 12214                -            219   3.1e-08   31.4   7.3   3   4      0.05         5    4.6   0.3    60   110   318   368   313   376 0.82 length=491	scaffold=chromosome5	strand=+
3378_g               -            490 12214                -            219   3.1e-08   31.4   7.3   4   4   4.5e-09   4.5e-07   27.6   2.2    59   113   372   435   359   440 0.79 length=491	scaffold=chromosome5	strand=+
2393_g               -            506 12214                -            219   3.2e-08   31.4   2.1   1   4      0.19        19    2.7   0.0    59    83   181   205   176   211 0.82 length=507	scaffold=chromosome14	strand=+
2393_g               -            506 12214                -            219   3.2e-08   31.4   2.1   2   4   6.7e-08   6.7e-06   23.8   1.0     5    78   274   358   270   369 0.68 length=507	scaffold=chromosome14	strand=+
2393_g               -            506 12214                -            219   3.2e-08   31.4   2.1   3   4    0.0034      0.34    8.4   0.1   120   145   340   365   327   380 0.81 length=507	scaffold=chromosome14	strand=+
2393_g               -            506 12214                -            219   3.2e-08   31.4   2.1   4   4         1     1e+02    0.3   0.0    59    75   432   448   406   490 0.68 length=507	scaffold=chromosome14	strand=+
128_g                -           1385 12214                -            219   3.3e-08   31.4  14.6   1   4    0.0018      0.18    9.3   0.2    81   109  1054  1086  1042  1090 0.86 length=1386	scaffold=chromosome10	strand=-
128_g                -           1385 12214                -            219   3.3e-08   31.4  14.6   2   4   2.5e-06   0.00025   18.7   4.8    10   107  1055  1169  1052  1177 0.76 length=1386	scaffold=chromosome10	strand=-
128_g                -           1385 12214                -            219   3.3e-08   31.4  14.6   3   4     0.066       6.6    4.2   0.1    57   118  1199  1268  1190  1272 0.61 length=1386	scaffold=chromosome10	strand=-
128_g                -           1385 12214                -            219   3.3e-08   31.4  14.6   4   4   0.00095     0.094   10.2   0.4    57   113  1287  1353  1283  1360 0.72 length=1386	scaffold=chromosome10	strand=-
1810_g               -            546 12214                -            219   4.2e-08   31.0   2.9   1   2      0.27        27    2.2   0.3   152   189    79   116    61   125 0.53 length=547	scaffold=chromosome13	strand=+
1810_g               -            546 12214                -            219   4.2e-08   31.0   2.9   2   2   4.4e-09   4.4e-07   27.7   0.1    49   117   313   388   300   392 0.85 length=547	scaffold=chromosome13	strand=+
4529_g               -            466 12214                -            219   4.4e-08   30.9   1.8   1   3    0.0022      0.22    9.0   0.0   119   137   122   140   111   143 0.85 length=467	scaffold=chromosome9	strand=-
4529_g               -            466 12214                -            219   4.4e-08   30.9   1.8   2   3   0.00015     0.015   12.8   0.2    54    83   222   251   205   257 0.69 length=467	scaffold=chromosome9	strand=-
4529_g               -            466 12214                -            219   4.4e-08   30.9   1.8   3   3     0.014       1.4    6.4   0.0    54   210   332   390   311   398 0.54 length=467	scaffold=chromosome9	strand=-
781_g                -            466 12214                -            219   4.6e-08   30.9   0.3   1   2   3.4e-05    0.0034   15.0   0.0    66   111    94   143    30   149 0.75 length=467	scaffold=chromosome12	strand=-
781_g                -            466 12214                -            219   4.6e-08   30.9   0.3   2   2   9.2e-05    0.0091   13.5   0.0   163   217   177   231   172   233 0.92 length=467	scaffold=chromosome12	strand=-
815_g                -            700 12214                -            219   4.9e-08   30.8  17.5   1   6       1.1   1.1e+02    0.3   0.1   162   186   150   176   112   212 0.56 length=701	scaffold=chromosome12	strand=+
815_g                -            700 12214                -            219   4.9e-08   30.8  17.5   2   6       1.1   1.1e+02    0.2   0.1   124   155   153   184   142   256 0.55 length=701	scaffold=chromosome12	strand=+
815_g                -            700 12214                -            219   4.9e-08   30.8  17.5   3   6    0.0016      0.16    9.5   0.1   150   215   271   337   265   341 0.81 length=701	scaffold=chromosome12	strand=+
815_g                -            700 12214                -            219   4.9e-08   30.8  17.5   4   6      0.01         1    6.8   0.2   157   217   453   516   424   518 0.66 length=701	scaffold=chromosome12	strand=+
815_g                -            700 12214                -            219   4.9e-08   30.8  17.5   5   6    0.0049      0.49    7.9   1.7   121   207   499   592   447   604 0.66 length=701	scaffold=chromosome12	strand=+
815_g                -            700 12214                -            219   4.9e-08   30.8  17.5   6   6   2.5e-06   0.00025   18.6   0.3   159   217   626   687   603   689 0.85 length=701	scaffold=chromosome12	strand=+
4425_g               -            566 12214                -            219   6.1e-08   30.5  21.9   1   5   0.00068     0.068   10.7   0.8     9    60    37    91    29   102 0.75 length=567	scaffold=chromosome9	strand=-
4425_g               -            566 12214                -            219   6.1e-08   30.5  21.9   2   5      0.14        14    3.1   0.6   186   216   137   168    94   212 0.55 length=567	scaffold=chromosome9	strand=-
4425_g               -            566 12214                -            219   6.1e-08   30.5  21.9   3   5    0.0038      0.38    8.3   0.0    20    75   232   296   221   298 0.40 length=567	scaffold=chromosome9	strand=-
4425_g               -            566 12214                -            219   6.1e-08   30.5  21.9   4   5       3.7   3.7e+02   -1.5   0.1    51    83   386   416   375   423 0.77 length=567	scaffold=chromosome9	strand=-
4425_g               -            566 12214                -            219   6.1e-08   30.5  21.9   5   5   2.3e-05    0.0023   15.5   2.0    77   114   524   563   510   565 0.81 length=567	scaffold=chromosome9	strand=-
2553_g               -            831 12214                -            219   1.2e-07   29.5   6.1   1   3    0.0032      0.32    8.5   0.2    10    92   195   246   152   272 0.42 length=832	scaffold=chromosome1	strand=+
2553_g               -            831 12214                -            219   1.2e-07   29.5   6.1   2   3   3.6e-06   0.00036   18.1   0.1   123   206   255   347   245   359 0.83 length=832	scaffold=chromosome1	strand=+
2553_g               -            831 12214                -            219   1.2e-07   29.5   6.1   3   3     0.038       3.8    5.0   0.1    60   214   432   488   419   493 0.45 length=832	scaffold=chromosome1	strand=+
1636_g               -           2013 12214                -            219     2e-07   28.8   4.5   1   2    0.0027      0.27    8.7   1.5     8   115    46   175    41   183 0.66 length=2014	scaffold=chromosome13	strand=+
1636_g               -           2013 12214                -            219     2e-07   28.8   4.5   2   2   2.2e-06   0.00021   18.9   0.1    21    84  1900  1963  1878  1985 0.86 length=2014	scaffold=chromosome13	strand=+
1590_g               -            564 12214                -            219     2e-07   28.7  10.7   1   5     0.028       2.8    5.4   0.1   177   217   128   168   126   170 0.92 length=565	scaffold=chromosome13	strand=-
1590_g               -            564 12214                -            219     2e-07   28.7  10.7   2   5      0.11        11    3.5   0.0    58    83   203   228   186   246 0.73 length=565	scaffold=chromosome13	strand=-
1590_g               -            564 12214                -            219     2e-07   28.7  10.7   3   5   0.00011     0.011   13.2   0.5   155   214   381   444   366   445 0.78 length=565	scaffold=chromosome13	strand=-
1590_g               -            564 12214                -            219     2e-07   28.7  10.7   4   5   1.6e-05    0.0016   16.0   0.2    58   111   427   489   415   494 0.77 length=565	scaffold=chromosome13	strand=-
1590_g               -            564 12214                -            219     2e-07   28.7  10.7   5   5       0.8        79    0.7   0.0    99   135   534   545   511   552 0.69 length=565	scaffold=chromosome13	strand=-
2727_g               -            447 12214                -            219   2.6e-07   28.4   2.7   1   3       2.3   2.2e+02   -0.8   0.0    57    85   165   194   144   200 0.68 length=448	scaffold=chromosome2	strand=+
2727_g               -            447 12214                -            219   2.6e-07   28.4   2.7   2   3   8.9e-06   0.00089   16.9   0.1   152   216   257   326   246   329 0.77 length=448	scaffold=chromosome2	strand=+
2727_g               -            447 12214                -            219   2.6e-07   28.4   2.7   3   3     0.029       2.9    5.4   0.0    99   138   416   430   387   445 0.68 length=448	scaffold=chromosome2	strand=+
994_g                -           2446 12214                -            219   6.6e-07   27.1   0.6   1   2   3.1e-07   3.1e-05   21.6   0.2    65   117  2163  2219  2155  2224 0.83 length=2447	scaffold=chromosome12	strand=+
994_g                -           2446 12214                -            219   6.6e-07   27.1   0.6   2   2      0.25        25    2.3   0.0   162   215  2385  2443  2374  2446 0.70 length=2447	scaffold=chromosome12	strand=+
2511_g               -            552 12214                -            219   1.8e-06   25.7   0.3   1   3    0.0011      0.11   10.1   0.0    78   114    66   107    47   113 0.76 length=553	scaffold=chromosome14	strand=+
2511_g               -            552 12214                -            219   1.8e-06   25.7   0.3   2   3   0.00042     0.042   11.4   0.1    82   115   121   159   111   172 0.84 length=553	scaffold=chromosome14	strand=+
2511_g               -            552 12214                -            219   1.8e-06   25.7   0.3   3   3       2.1   2.1e+02   -0.7   0.0   105   115   241   251   225   297 0.72 length=553	scaffold=chromosome14	strand=+
3707_g               -            905 12214                -            219   1.8e-06   25.7   6.8   1   3    0.0019      0.19    9.3   0.1   158   216   418   481   414   484 0.83 length=906	scaffold=chromosome6	strand=-
3707_g               -            905 12214                -            219   1.8e-06   25.7   6.8   2   3     0.046       4.6    4.7   0.1    97   117   546   566   536   571 0.84 length=906	scaffold=chromosome6	strand=-
3707_g               -            905 12214                -            219   1.8e-06   25.7   6.8   3   3   0.00018     0.018   12.6   1.1   126   198   676   754   661   770 0.71 length=906	scaffold=chromosome6	strand=-
306_g                -            976 12214                -            219   3.1e-06   24.9   1.5   1   3     2e-05    0.0019   15.7   0.0   121   179   188   253   179   259 0.79 length=977	scaffold=chromosome10	strand=-
306_g                -            976 12214                -            219   3.1e-06   24.9   1.5   2   3     0.014       1.4    6.4   0.2    58   112   291   354   277   364 0.71 length=977	scaffold=chromosome10	strand=-
306_g                -            976 12214                -            219   3.1e-06   24.9   1.5   3   3       2.7   2.7e+02   -1.1   0.0   164   213   829   883   811   900 0.50 length=977	scaffold=chromosome10	strand=-
4579_g               -            555 12214                -            219   3.2e-06   24.8  11.5   1   5    0.0028      0.28    8.7   0.1    21    75    61   123    43   126 0.49 length=556	scaffold=chromosome9	strand=+
4579_g               -            555 12214                -            219   3.2e-06   24.8  11.5   2   5   4.4e-07   4.4e-05   21.1   0.6    10   116    92   204    84   210 0.78 length=556	scaffold=chromosome9	strand=+
4579_g               -            555 12214                -            219   3.2e-06   24.8  11.5   3   5      0.38        38    1.7   0.0    58    87   222   251   203   264 0.63 length=556	scaffold=chromosome9	strand=+
4579_g               -            555 12214                -            219   3.2e-06   24.8  11.5   4   5      0.11        11    3.5   0.7    61   105   342   397   317   416 0.59 length=556	scaffold=chromosome9	strand=+
4579_g               -            555 12214                -            219   3.2e-06   24.8  11.5   5   5       1.8   1.8e+02   -0.5   0.0   175   217   408   451   402   453 0.76 length=556	scaffold=chromosome9	strand=+
386_g                -            883 12214                -            219     4e-06   24.5  11.7   1   6       2.8   2.8e+02   -1.1   0.0    58    77    46    65    29    70 0.61 length=884	scaffold=chromosome11	strand=+
386_g                -            883 12214                -            219     4e-06   24.5  11.7   2   6     0.047       4.7    4.7   0.1    61    94   137   172   115   190 0.58 length=884	scaffold=chromosome11	strand=+
386_g                -            883 12214                -            219     4e-06   24.5  11.7   3   6    0.0012      0.12    9.9   0.5    45   114   220   296   213   298 0.80 length=884	scaffold=chromosome11	strand=+
386_g                -            883 12214                -            219     4e-06   24.5  11.7   4   6   9.3e-07   9.3e-05   20.1   0.2    41   112   256   335   253   344 0.81 length=884	scaffold=chromosome11	strand=+
386_g                -            883 12214                -            219     4e-06   24.5  11.7   5   6      0.37        36    1.8   0.1   115   161   382   428   377   458 0.82 length=884	scaffold=chromosome11	strand=+
386_g                -            883 12214                -            219     4e-06   24.5  11.7   6   6       6.6   6.6e+02   -2.3   0.0   163   191   457   484   434   485 0.62 length=884	scaffold=chromosome11	strand=+
3671_g               -            697 12214                -            219   4.6e-06   24.3   3.8   1   2   0.00027     0.027   12.0   0.9    76   120   210   259   109   264 0.51 length=698	scaffold=chromosome6	strand=+
3671_g               -            697 12214                -            219   4.6e-06   24.3   3.8   2   2    0.0052      0.52    7.8   0.0    56    82   339   365   317   408 0.53 length=698	scaffold=chromosome6	strand=+
495_g                -            519 12214                -            219   5.1e-06   24.2   0.1   1   2   3.4e-05    0.0034   14.9   0.1    48   175   291   424   253   426 0.62 length=520	scaffold=chromosome11	strand=-
495_g                -            519 12214                -            219   5.1e-06   24.2   0.1   2   2       1.9   1.9e+02   -0.6   0.0    43    77   439   475   432   481 0.63 length=520	scaffold=chromosome11	strand=-
835_g                -            363 12214                -            219   7.5e-06   23.6   0.2   1   3       1.8   1.8e+02   -0.5   0.0   167   197    42    74    30    82 0.73 length=364	scaffold=chromosome12	strand=+
835_g                -            363 12214                -            219   7.5e-06   23.6   0.2   2   3   3.5e-06   0.00035   18.2   0.1    34   115    46   146    41   154 0.70 length=364	scaffold=chromosome12	strand=+
835_g                -            363 12214                -            219   7.5e-06   23.6   0.2   3   3      0.39        38    1.7   0.0   161   215   187   246   182   250 0.67 length=364	scaffold=chromosome12	strand=+
702_g                -            393 12214                -            219   2.6e-05   21.8   0.3   1   2    0.0062      0.62    7.6   0.1    69   115   207   257   196   264 0.69 length=394	scaffold=chromosome11	strand=+
702_g                -            393 12214                -            219   2.6e-05   21.8   0.3   2   2   1.1e-06   0.00011   19.8   0.1    58   113   235   299   230   309 0.80 length=394	scaffold=chromosome11	strand=+
3909_g               -            780 12214                -            219   2.9e-05   21.7   4.4   1   3   0.00024     0.024   12.2   0.1   145   216   541   615   532   618 0.78 length=781	scaffold=chromosome7	strand=+
3909_g               -            780 12214                -            219   2.9e-05   21.7   4.4   2   3    0.0046      0.46    8.0   0.1    79   112   621   659   614   670 0.71 length=781	scaffold=chromosome7	strand=+
3909_g               -            780 12214                -            219   2.9e-05   21.7   4.4   3   3      0.43        43    1.6   0.1   163   216   689   748   672   751 0.69 length=781	scaffold=chromosome7	strand=+
3010_g               -            684 12214                -            219   4.9e-05   21.0   1.2   1   2       0.1        10    3.6   0.0   122   174   250   302   241   313 0.60 length=685	scaffold=chromosome3	strand=-
3010_g               -            684 12214                -            219   4.9e-05   21.0   1.2   2   2     2e-05     0.002   15.7   0.2    49   118   359   433   345   438 0.71 length=685	scaffold=chromosome3	strand=-
2323_g               -            436 12214                -            219   8.1e-05   20.3   4.4   1   3   0.00075     0.075   10.6   0.2    48   111    76   146    59   156 0.75 length=437	scaffold=chromosome14	strand=-
2323_g               -            436 12214                -            219   8.1e-05   20.3   4.4   2   3     0.053       5.2    4.5   0.0   163   189   187   213   163   228 0.69 length=437	scaffold=chromosome14	strand=-
2323_g               -            436 12214                -            219   8.1e-05   20.3   4.4   3   3     0.032       3.2    5.2   0.1    77   115   306   347   291   353 0.77 length=437	scaffold=chromosome14	strand=-
1655_g               -            780 12214                -            219   0.00026   18.6   4.6   1   3    0.0021      0.21    9.1   0.0   158   217   318   381   307   383 0.63 length=781	scaffold=chromosome13	strand=+
1655_g               -            780 12214                -            219   0.00026   18.6   4.6   2   3   3.4e-05    0.0034   14.9   0.9    56   113   359   429   353   439 0.76 length=781	scaffold=chromosome13	strand=+
1655_g               -            780 12214                -            219   0.00026   18.6   4.6   3   3      0.11        11    3.4   0.1   159   194   650   688   590   712 0.70 length=781	scaffold=chromosome13	strand=+
2239_g               -            463 12214                -            219   0.00031   18.3   0.6   1   1   5.2e-05    0.0052   14.3   0.6    60   109   338   396   292   416 0.70 length=464	scaffold=chromosome14	strand=+
1025_g               -            314 12214                -            219   0.00042   17.9   4.4   1   3     0.082       8.2    3.9   0.1    52    81    12    41     4    59 0.84 length=315	scaffold=chromosome12	strand=-
1025_g               -            314 12214                -            219   0.00042   17.9   4.4   2   3      0.86        86    0.6   0.4   157   199   110   151    89   169 0.73 length=315	scaffold=chromosome12	strand=-
1025_g               -            314 12214                -            219   0.00042   17.9   4.4   3   3   0.00011     0.011   13.3   0.0   158   217   254   312   249   314 0.74 length=315	scaffold=chromosome12	strand=-
4629_g               -           1335 12214                -            219    0.0019   15.8   0.3   1   2   0.00041     0.041   11.4   0.0    11    77   544   614   533   619 0.83 length=1336	scaffold=chromosome9	strand=+
4629_g               -           1335 12214                -            219    0.0019   15.8   0.3   2   2      0.46        46    1.4   0.0    55    81  1121  1146  1106  1156 0.74 length=1336	scaffold=chromosome9	strand=+
3900_g               -            691 12214                -            219    0.0037   14.8   0.3   1   2      0.49        48    1.4   0.0   160   178    96   114    69   138 0.81 length=692	scaffold=chromosome7	strand=-
3900_g               -            691 12214                -            219    0.0037   14.8   0.3   2   2    0.0013      0.13    9.8   0.0    83   113   144   179   136   191 0.72 length=692	scaffold=chromosome7	strand=-
2441_g               -            374 12214                -            219     0.013   13.0   0.5   1   2      0.27        27    2.2   0.6   210   210   102   102    13   191 0.63 length=375	scaffold=chromosome14	strand=-
2441_g               -            374 12214                -            219     0.013   13.0   0.5   2   2    0.0082      0.82    7.2   0.0    18    40   312   334   308   371 0.61 length=375	scaffold=chromosome14	strand=-
3086_g               -           1597 12214                -            219     0.022   12.3   1.3   1   2     0.045       4.5    4.7   0.0   159   217   498   558   488   560 0.81 length=1598	scaffold=chromosome4	strand=-
3086_g               -           1597 12214                -            219     0.022   12.3   1.3   2   2      0.03         3    5.3   0.2   145   208   651   714   642   725 0.86 length=1598	scaffold=chromosome4	strand=-
2681_g               -            584 12214                -            219      0.03   11.9   0.0   1   1   0.00072     0.072   10.6   0.0   157   216   193   256   159   261 0.75 length=585	scaffold=chromosome1	strand=+
2336_g               -           1024 12214                -            219     0.046   11.3   3.0   1   3       0.1        10    3.6   0.2   144   180   444   481   435   493 0.54 length=1025	scaffold=chromosome14	strand=+
2336_g               -           1024 12214                -            219     0.046   11.3   3.0   2   3       3.4   3.4e+02   -1.4   0.1   167   208   512   555   495   560 0.67 length=1025	scaffold=chromosome14	strand=+
2336_g               -           1024 12214                -            219     0.046   11.3   3.0   3   3     0.021         2    5.9   0.0   169   216   969  1016   946  1018 0.92 length=1025	scaffold=chromosome14	strand=+
#
# Program:         hmmsearch
# Version:         3.4 (Aug 2023)
# Pipeline mode:   SEARCH
# Query file:      /home/inf-20-2025/Malaria/busco_downloads/lineages/apicomplexa_odb12/hmms/12214at5794.hmm
# Target file:     /home/inf-20-2025/Malaria/Results/6_nobird_annotation/P_cynomolgi.faa
# Option settings: hmmsearch --domtblout Results/8_busco/P_cynomolgi/run_apicomplexa_odb12/hmmer_output/initial_run_results/12214at5794.out --cpu 1 /home/inf-20-2025/Malaria/busco_downloads/lineages/apicomplexa_odb12/hmms/12214at5794.hmm /home/inf-20-2025/Malaria/Results/6_nobird_annotation/P_cynomolgi.faa 
# Current dir:     /home/inf-20-2025/Malaria
# Date:            Wed Mar  4 18:30:43 2026
# [ok]
