#                                                                            --- full sequence --- -------------- this domain -------------   hmm coord   ali coord   env coord
# target name        accession   tlen query name           accession   qlen   E-value  score  bias   #  of  c-Evalue  i-Evalue  score  bias  from    to  from    to  from    to  acc description of target
#------------------- ---------- ----- -------------------- ---------- ----- --------- ------ ----- --- --- --------- --------- ------ ----- ----- ----- ----- ----- ----- ----- ---- ---------------------
1166_g               -            363 12280                -            331  7.6e-167  552.6   0.7   1   1  3.5e-169  8.9e-167  552.4   0.7     3   331    29   357    27   357 0.99 length=364	scaffold=chromosome12	strand=-
3070_g               -            330 12280                -            331   9.4e-94  312.4   0.9   1   1   4.3e-96   1.1e-93  312.2   0.9     4   321     2   324     1   329 0.92 length=331	scaffold=chromosome4	strand=-
2424_g               -            336 12280                -            331   1.9e-82  275.2   0.3   1   1   9.3e-85   2.3e-82  274.9   0.3     7   321    17   326    12   335 0.92 length=337	scaffold=chromosome14	strand=+
4481_g               -            349 12280                -            331   1.2e-30  104.9   0.9   1   2   3.4e-16   8.6e-14   49.5   0.0     7    87     1    83     1    88 0.88 length=350	scaffold=chromosome9	strand=-
4481_g               -            349 12280                -            331   1.2e-30  104.9   0.9   2   2   1.3e-17   3.3e-15   54.2   0.2    85   260   102   278    83   336 0.77 length=350	scaffold=chromosome9	strand=-
3060_g               -            678 12280                -            331   6.9e-24   82.7   2.1   1   2   3.6e-05    0.0091   13.3   0.0     5    34   387   416   383   421 0.86 length=679	scaffold=chromosome4	strand=+
3060_g               -            678 12280                -            331   6.9e-24   82.7   2.1   2   2   8.6e-22   2.2e-19   68.0   1.3    25   215   430   618   427   652 0.80 length=679	scaffold=chromosome4	strand=+
2722_g               -           1084 12280                -            331   2.5e-13   48.0   0.9   1   2     0.046        12    3.1   0.0     4    30   239   265   236   273 0.82 length=1085	scaffold=chromosome2	strand=+
2722_g               -           1084 12280                -            331   2.5e-13   48.0   0.9   2   2     4e-14   9.9e-12   42.8   0.3    42   211   307   475   299   496 0.77 length=1085	scaffold=chromosome2	strand=+
4493_g               -            650 12280                -            331   3.9e-08   31.0   1.5   1   1   1.9e-09   4.8e-07   27.4   1.5    41   218   208   374   180   383 0.76 length=651	scaffold=chromosome9	strand=-
1451_g               -           1168 12280                -            331   9.1e-07   26.5   1.8   1   1   1.8e-07   4.6e-05   20.9   1.9    37   228   783  1005   750  1022 0.68 length=1169	scaffold=chromosome13	strand=+
4397_g               -            782 12280                -            331   1.2e-05   22.8   0.0   1   2   2.9e-06   0.00074   16.9   0.0    41   120   288   367   275   374 0.72 length=783	scaffold=chromosome8	strand=+
4397_g               -            782 12280                -            331   1.2e-05   22.8   0.0   2   2     0.057        14    2.8   0.0    37    61   565   589   551   598 0.78 length=783	scaffold=chromosome8	strand=+
2608_g               -           1202 12280                -            331   1.3e-05   22.7   0.1   1   3    0.0001     0.026   11.8   0.0    42    62   581   601   569   606 0.90 length=1203	scaffold=chromosome1	strand=-
2608_g               -           1202 12280                -            331   1.3e-05   22.7   0.1   2   3    0.0021      0.53    7.5   0.0    42    63   950   971   939   983 0.88 length=1203	scaffold=chromosome1	strand=-
2608_g               -           1202 12280                -            331   1.3e-05   22.7   0.1   3   3       3.4   8.5e+02   -3.0   0.0   240   280  1089  1130  1078  1149 0.63 length=1203	scaffold=chromosome1	strand=-
603_g                -            822 12280                -            331   2.7e-05   21.7   0.2   1   3   0.00054      0.14    9.5   0.1    42    62   244   264   239   267 0.91 length=823	scaffold=chromosome11	strand=+
603_g                -            822 12280                -            331   2.7e-05   21.7   0.2   2   3       4.3   1.1e+03   -3.4   0.0   118   152   280   314   278   315 0.79 length=823	scaffold=chromosome11	strand=+
603_g                -            822 12280                -            331   2.7e-05   21.7   0.2   3   3   0.00057      0.14    9.4   0.0    42    62   517   537   500   550 0.84 length=823	scaffold=chromosome11	strand=+
1768_g               -           1226 12280                -            331   4.2e-05   21.0   0.0   1   2   2.4e-05    0.0061   13.9   0.0    42    75   410   443   403   477 0.85 length=1227	scaffold=chromosome13	strand=-
1768_g               -           1226 12280                -            331   4.2e-05   21.0   0.0   2   2     0.021       5.3    4.2   0.0    42    63   816   837   804   847 0.88 length=1227	scaffold=chromosome13	strand=-
397_g                -            483 12280                -            331   0.00012   19.5   0.2   1   2   0.00051      0.13    9.5   0.0    32    65    54    89    33   108 0.80 length=484	scaffold=chromosome11	strand=+
397_g                -            483 12280                -            331   0.00012   19.5   0.2   2   2     0.002      0.51    7.6   0.1   165   229   358   426   348   462 0.77 length=484	scaffold=chromosome11	strand=+
4752_g               -            615 12280                -            331   0.00014   19.3   0.1   1   2   6.9e-06    0.0017   15.7   0.0    41    66   334   360   319   376 0.77 length=616	scaffold=chromosome9	strand=-
4752_g               -            615 12280                -            331   0.00014   19.3   0.1   2   2      0.22        55    0.9   0.0   125   149   395   420   385   526 0.84 length=616	scaffold=chromosome9	strand=-
746_g                -            546 12280                -            331   0.00017   19.0   0.0   1   1   1.1e-06   0.00028   18.3   0.0    14    83   279   352   270   357 0.74 length=547	scaffold=chromosome11	strand=-
2153_g               -            541 12280                -            331   0.00068   17.0   1.5   1   4   4.1e-05      0.01   13.1   0.0    41    67   156   182   142   205 0.83 length=542	scaffold=chromosome14	strand=+
2153_g               -            541 12280                -            331   0.00068   17.0   1.5   2   4         2   4.9e+02   -2.2   0.0   205   243   187   224   182   231 0.86 length=542	scaffold=chromosome14	strand=+
2153_g               -            541 12280                -            331   0.00068   17.0   1.5   3   4       4.8   1.2e+03   -3.5   0.0   203   245   318   347   305   369 0.54 length=542	scaffold=chromosome14	strand=+
2153_g               -            541 12280                -            331   0.00068   17.0   1.5   4   4      0.12        29    1.8   0.1   167   229   452   518   430   531 0.77 length=542	scaffold=chromosome14	strand=+
4533_g               -            907 12280                -            331     0.001   16.5   0.1   1   3       4.2   1.1e+03   -3.3   0.0   237   277   118   158    71   168 0.56 length=908	scaffold=chromosome9	strand=-
4533_g               -            907 12280                -            331     0.001   16.5   0.1   2   3     0.015       3.9    4.7   0.0    10    61   200   251   193   271 0.74 length=908	scaffold=chromosome9	strand=-
4533_g               -            907 12280                -            331     0.001   16.5   0.1   3   3   0.00093      0.23    8.7   0.0    19    71   603   664   597   673 0.72 length=908	scaffold=chromosome9	strand=-
1989_g               -            420 12280                -            331    0.0033   14.8   0.2   1   2   3.6e-05    0.0091   13.3   0.0    42    61   199   218   183   222 0.84 length=421	scaffold=chromosome14	strand=-
1989_g               -            420 12280                -            331    0.0033   14.8   0.2   2   2       2.2   5.5e+02   -2.4   0.0   134   164   351   382   349   401 0.73 length=421	scaffold=chromosome14	strand=-
3386_g               -            392 12280                -            331    0.0045   14.3   0.1   1   1   4.5e-05     0.011   13.0   0.1    42    62   175   195   168   201 0.91 length=393	scaffold=chromosome5	strand=-
1219_g               -            446 12280                -            331    0.0047   14.3   0.0   1   2       3.3   8.3e+02   -3.0   0.0    13    29    66    82    58    86 0.77 length=447	scaffold=chromosome12	strand=+
1219_g               -            446 12280                -            331    0.0047   14.3   0.0   2   2     5e-05     0.013   12.9   0.0    30    62   140   174   110   212 0.75 length=447	scaffold=chromosome12	strand=+
2412_g               -            897 12280                -            331    0.0093   13.3   0.0   1   3       2.1   5.2e+02   -2.3   0.0   118   140    19    41    16    44 0.78 length=898	scaffold=chromosome14	strand=+
2412_g               -            897 12280                -            331    0.0093   13.3   0.0   2   3   0.00018     0.045   11.0   0.0    20    61   192   235   173   243 0.86 length=898	scaffold=chromosome14	strand=+
2412_g               -            897 12280                -            331    0.0093   13.3   0.0   3   3         4     1e+03   -3.3   0.0   128   151   358   381   351   386 0.84 length=898	scaffold=chromosome14	strand=+
4664_g               -            441 12280                -            331     0.011   13.0   0.1   1   1   9.7e-05     0.024   11.9   0.1    42    61   225   244   210   254 0.85 length=442	scaffold=chromosome9	strand=+
4113_g               -            447 12280                -            331     0.045   11.1   0.0   1   1   0.00043      0.11    9.8   0.0    42    62   229   249   220   280 0.88 length=448	scaffold=chromosome8	strand=-
#
# Program:         hmmsearch
# Version:         3.4 (Aug 2023)
# Pipeline mode:   SEARCH
# Query file:      /home/inf-20-2025/Malaria/busco_downloads/lineages/apicomplexa_odb12/hmms/12280at5794.hmm
# Target file:     /home/inf-20-2025/Malaria/Results/6_nobird_annotation/P_cynomolgi.faa
# Option settings: hmmsearch --domtblout Results/8_busco/P_cynomolgi/run_apicomplexa_odb12/hmmer_output/initial_run_results/12280at5794.out --cpu 1 /home/inf-20-2025/Malaria/busco_downloads/lineages/apicomplexa_odb12/hmms/12280at5794.hmm /home/inf-20-2025/Malaria/Results/6_nobird_annotation/P_cynomolgi.faa 
# Current dir:     /home/inf-20-2025/Malaria
# Date:            Wed Mar  4 18:30:43 2026
# [ok]
