#                                                                            --- full sequence --- -------------- this domain -------------   hmm coord   ali coord   env coord
# target name        accession   tlen query name           accession   qlen   E-value  score  bias   #  of  c-Evalue  i-Evalue  score  bias  from    to  from    to  from    to  acc description of target
#------------------- ---------- ----- -------------------- ---------- ----- --------- ------ ----- --- --- --------- --------- ------ ----- ----- ----- ----- ----- ----- ----- ---- ---------------------
43_g                 -            211 13369                -            194   4.5e-74  246.6  11.3   1   1   5.6e-77   5.4e-74  246.4  11.3     2   194    13   211    12   211 0.95 length=212	scaffold=chromosome10	strand=-
955_g                -            215 13369                -            194   5.7e-10   37.5  10.5   1   1   1.1e-12   1.1e-09   36.6  10.5     2   194    15   215    14   215 0.84 length=216	scaffold=chromosome12	strand=+
2019_g               -            193 13369                -            194   5.9e-05   21.1  11.3   1   2   0.00028      0.27    9.2   0.3     2    60    12    71    11    97 0.77 length=194	scaffold=chromosome14	strand=-
2019_g               -            193 13369                -            194   5.9e-05   21.1  11.3   2   2   3.3e-06    0.0032   15.5   5.8   118   193   113   192    91   193 0.80 length=194	scaffold=chromosome14	strand=-
3468_g               -            382 13369                -            194    0.0005   18.1   6.1   1   1   1.8e-06    0.0017   16.4   6.1    14   190   206   374   196   381 0.79 length=383	scaffold=chromosome5	strand=+
2012_g               -            110 13369                -            194    0.0086   14.1   1.2   1   1   9.6e-06    0.0093   14.0   1.2   112   184    25    98    13   109 0.81 length=111	scaffold=chromosome14	strand=-
437_g                -            129 13369                -            194     0.035   12.1   5.1   1   2   4.3e-05     0.041   11.9   0.6   128   184    28    87    19    91 0.75 length=130	scaffold=chromosome11	strand=-
437_g                -            129 13369                -            194     0.035   12.1   5.1   2   2      0.03        29    2.6   0.4     3    24    92   113    90   122 0.80 length=130	scaffold=chromosome11	strand=-
#
# Program:         hmmsearch
# Version:         3.4 (Aug 2023)
# Pipeline mode:   SEARCH
# Query file:      /home/inf-20-2025/Malaria/busco_downloads/lineages/apicomplexa_odb12/hmms/13369at5794.hmm
# Target file:     /home/inf-20-2025/Malaria/Results/6_nobird_annotation/P_cynomolgi.faa
# Option settings: hmmsearch --domtblout Results/8_busco/P_cynomolgi/run_apicomplexa_odb12/hmmer_output/initial_run_results/13369at5794.out --cpu 1 /home/inf-20-2025/Malaria/busco_downloads/lineages/apicomplexa_odb12/hmms/13369at5794.hmm /home/inf-20-2025/Malaria/Results/6_nobird_annotation/P_cynomolgi.faa 
# Current dir:     /home/inf-20-2025/Malaria
# Date:            Wed Mar  4 18:30:41 2026
# [ok]
