#                                                                            --- full sequence --- -------------- this domain -------------   hmm coord   ali coord   env coord
# target name        accession   tlen query name           accession   qlen   E-value  score  bias   #  of  c-Evalue  i-Evalue  score  bias  from    to  from    to  from    to  acc description of target
#------------------- ---------- ----- -------------------- ---------- ----- --------- ------ ----- --- --- --------- --------- ------ ----- ----- ----- ----- ----- ----- ----- ---- ---------------------
1715_g               -            872 15169                -            537  3.3e-191  634.7  20.4   1   3  2.3e-193  3.3e-191  634.7  20.4     3   468   124   628   122   637 0.91 length=873	scaffold=chromosome13	strand=+
1715_g               -            872 15169                -            537  3.3e-191  634.7  20.4   2   3     0.077        11    2.6   0.6   465   511   667   714   655   734 0.62 length=873	scaffold=chromosome13	strand=+
1715_g               -            872 15169                -            537  3.3e-191  634.7  20.4   3   3     0.061       8.9    2.9   0.1   504   534   756   786   746   789 0.82 length=873	scaffold=chromosome13	strand=+
491_g                -            680 15169                -            537  7.7e-123  409.0   7.0   1   1  1.1e-124  1.6e-122  408.0   7.0     3   443   218   679   216   680 0.91 length=681	scaffold=chromosome11	strand=+
1333_g               -            528 15169                -            537   9.3e-81  270.1   0.1   1   1     2e-82   2.9e-80  268.5   0.1    22   353   122   475   112   493 0.87 length=529	scaffold=chromosome12	strand=-
3068_g               -           1799 15169                -            537   8.2e-80  267.0   6.0   1   1   5.7e-82   8.2e-80  267.0   6.0    12   389   124   517   113   520 0.87 length=1800	scaffold=chromosome4	strand=+
2514_g               -            755 15169                -            537   2.4e-76  255.6  11.0   1   2   6.2e-52   8.9e-50  167.9   0.1     8   204    90   301    83   310 0.85 length=756	scaffold=chromosome14	strand=+
2514_g               -            755 15169                -            537   2.4e-76  255.6  11.0   2   2   7.6e-31   1.1e-28   98.3   7.0   199   391   333   525   328   530 0.84 length=756	scaffold=chromosome14	strand=+
4228_g               -            433 15169                -            537   1.8e-75  252.7   1.1   1   1   1.9e-77   2.8e-75  252.1   1.1    10   347    57   406    48   421 0.86 length=434	scaffold=chromosome8	strand=-
36_g                 -            670 15169                -            537   2.4e-72  242.4   0.1   1   1   1.7e-74   2.4e-72  242.4   0.1    13   365   221   600   219   609 0.84 length=671	scaffold=chromosome10	strand=-
269_g                -            721 15169                -            537   2.4e-71  239.1   0.6   1   2   1.7e-18   2.4e-16   57.6   0.0    12    80   125   194   117   202 0.92 length=722	scaffold=chromosome10	strand=-
269_g                -            721 15169                -            537   2.4e-71  239.1   0.6   2   2   6.8e-55   9.9e-53  177.7   0.8    87   369   227   532   217   577 0.80 length=722	scaffold=chromosome10	strand=-
226_g                -           1530 15169                -            537   7.8e-71  237.4   0.4   1   3       9.7   1.4e+03   -4.4   3.8   457   526   573   642   549   648 0.57 length=1531	scaffold=chromosome10	strand=-
226_g                -           1530 15169                -            537   7.8e-71  237.4   0.4   2   3   5.4e-73   7.8e-71  237.4   0.4    15   367   753  1130   748  1160 0.83 length=1531	scaffold=chromosome10	strand=-
226_g                -           1530 15169                -            537   7.8e-71  237.4   0.4   3   3       9.7   1.4e+03   -4.4  11.9   371   521  1299  1451  1292  1463 0.68 length=1531	scaffold=chromosome10	strand=-
2290_g               -            731 15169                -            537   5.2e-70  234.7   0.3   1   2   2.3e-15   3.4e-13   47.2   0.0    13    79   265   330   254   337 0.91 length=732	scaffold=chromosome14	strand=-
2290_g               -            731 15169                -            537   5.2e-70  234.7   0.3   2   2   8.8e-57   1.3e-54  183.9   0.3    80   342   411   693   407   711 0.82 length=732	scaffold=chromosome14	strand=-
1948_g               -            627 15169                -            537     1e-69  233.7  12.0   1   1   5.1e-71   7.4e-69  230.9  12.0    20   446   154   616   150   622 0.82 length=628	scaffold=chromosome14	strand=+
3474_g               -            390 15169                -            537   1.9e-69  232.8   2.2   1   1     3e-71   4.4e-69  231.6   2.2    12   355    16   373     5   388 0.87 length=391	scaffold=chromosome5	strand=+
3000_g               -           1777 15169                -            537     9e-69  230.6  32.4   1   5   4.5e-41   6.4e-39  132.1   0.4    13   180   111   293   100   298 0.84 length=1778	scaffold=chromosome3	strand=+
3000_g               -           1777 15169                -            537     9e-69  230.6  32.4   2   5       1.2   1.7e+02   -1.3   0.0   183   204   326   347   324   354 0.84 length=1778	scaffold=chromosome3	strand=+
3000_g               -           1777 15169                -            537     9e-69  230.6  32.4   3   5   2.7e-07   3.9e-05   20.6   1.2   207   259   407   461   396   480 0.87 length=1778	scaffold=chromosome3	strand=+
3000_g               -           1777 15169                -            537     9e-69  230.6  32.4   4   5   7.7e-30   1.1e-27   95.0   3.7   263   364   574   676   569   867 0.77 length=1778	scaffold=chromosome3	strand=+
3000_g               -           1777 15169                -            537     9e-69  230.6  32.4   5   5       2.9   4.3e+02   -2.7   4.2   448   473  1627  1652  1608  1697 0.64 length=1778	scaffold=chromosome3	strand=+
129_g                -           1101 15169                -            537   5.7e-68  227.9   0.0   1   3       1.9   2.8e+02   -2.0   0.3   459   521   184   246   177   259 0.58 length=1102	scaffold=chromosome10	strand=+
129_g                -           1101 15169                -            537   5.7e-68  227.9   0.0   2   3   2.7e-43   3.9e-41  139.4   0.0    16   184   679   857   674   860 0.88 length=1102	scaffold=chromosome10	strand=+
129_g                -           1101 15169                -            537   5.7e-68  227.9   0.0   3   3   4.3e-30   6.3e-28   95.8   0.0   209   363   920  1070   882  1084 0.86 length=1102	scaffold=chromosome10	strand=+
1117_g               -           2143 15169                -            537   3.7e-67  225.3   1.4   1   2       3.9   5.7e+02   -3.1   2.0   422   484   978  1036   963  1070 0.49 length=2144	scaffold=chromosome12	strand=-
1117_g               -           2143 15169                -            537   3.7e-67  225.3   1.4   2   2   2.6e-69   3.7e-67  225.3   1.4     9   348  1764  2117  1756  2137 0.85 length=2144	scaffold=chromosome12	strand=-
2146_g               -            955 15169                -            537   3.9e-65  218.6   1.8   1   2   2.1e-34   3.1e-32  110.0   0.0     8   179   323   519   317   526 0.82 length=956	scaffold=chromosome14	strand=-
2146_g               -            955 15169                -            537   3.9e-65  218.6   1.8   2   2   1.8e-33   2.6e-31  107.0   0.4   184   355   548   730   540   755 0.86 length=956	scaffold=chromosome14	strand=-
3148_g               -           1052 15169                -            537   9.4e-62  207.4  13.2   1   2   3.3e-13   4.7e-11   40.1   0.0    13    78    56   121    46   129 0.91 length=1053	scaffold=chromosome4	strand=+
3148_g               -           1052 15169                -            537   9.4e-62  207.4  13.2   2   2   1.5e-53   2.2e-51  173.2   3.8    81   373   151   467   145   480 0.82 length=1053	scaffold=chromosome4	strand=+
1341_g               -            772 15169                -            537   3.6e-60  202.2   9.2   1   3   2.9e-40   4.2e-38  129.4   1.5    18   204   226   438   220   457 0.78 length=773	scaffold=chromosome12	strand=-
1341_g               -            772 15169                -            537   3.6e-60  202.2   9.2   2   3     0.045       6.5    3.3   0.2   234   258   530   554   525   561 0.88 length=773	scaffold=chromosome12	strand=-
1341_g               -            772 15169                -            537   3.6e-60  202.2   9.2   3   3     4e-27   5.7e-25   86.0   1.2   257   348   573   664   564   721 0.88 length=773	scaffold=chromosome12	strand=-
961_g                -            512 15169                -            537   6.9e-59  198.0   1.9   1   2   2.7e-32     4e-30  103.1   0.0    13   183    62   237    52   240 0.88 length=513	scaffold=chromosome12	strand=+
961_g                -            512 15169                -            537   6.9e-59  198.0   1.9   2   2   7.7e-29   1.1e-26   91.7   0.8   183   353   271   455   266   464 0.82 length=513	scaffold=chromosome12	strand=+
3650_g               -           1139 15169                -            537   8.8e-58  194.3   3.9   1   1     3e-59   4.3e-57  192.0   3.9    26   356   772  1123   767  1136 0.85 length=1140	scaffold=chromosome6	strand=+
1712_g               -            972 15169                -            537   2.4e-53  179.7  44.6   1   5   2.8e-17     4e-15   53.5   0.0    12    81    35   104    26   121 0.92 length=973	scaffold=chromosome13	strand=-
1712_g               -            972 15169                -            537   2.4e-53  179.7  44.6   2   5   5.1e-16   7.3e-14   49.4   0.1    82   197   233   372   221   388 0.74 length=973	scaffold=chromosome13	strand=-
1712_g               -            972 15169                -            537   2.4e-53  179.7  44.6   3   5   7.1e-07    0.0001   19.2   0.6   191   261   414   486   409   511 0.88 length=973	scaffold=chromosome13	strand=-
1712_g               -            972 15169                -            537   2.4e-53  179.7  44.6   4   5   6.9e-25     1e-22   78.6   3.5   257   391   530   667   492   670 0.81 length=973	scaffold=chromosome13	strand=-
1712_g               -            972 15169                -            537   2.4e-53  179.7  44.6   5   5       6.9     1e+03   -3.9  13.5   389   511   754   886   732   912 0.47 length=973	scaffold=chromosome13	strand=-
4220_g               -            750 15169                -            537   9.3e-52  174.4  10.0   1   2   2.4e-13   3.4e-11   40.6   0.1    20    77   250   307   236   318 0.81 length=751	scaffold=chromosome8	strand=-
4220_g               -            750 15169                -            537   9.3e-52  174.4  10.0   2   2     1e-44   1.5e-42  144.0   6.5    87   379   368   683   359   708 0.81 length=751	scaffold=chromosome8	strand=-
1205_g               -            793 15169                -            537   6.5e-48  161.8   8.2   1   1   4.5e-50   6.5e-48  161.8   8.2    10   355   376   771   366   784 0.78 length=794	scaffold=chromosome12	strand=-
95_g                 -            816 15169                -            537   4.6e-45  152.3   4.0   1   3   4.1e-14     6e-12   43.1   0.0    14    90     3    84     1    91 0.84 length=817	scaffold=chromosome10	strand=-
95_g                 -            816 15169                -            537   4.6e-45  152.3   4.0   2   3   5.5e-19   7.9e-17   59.2   0.5    82   206   326   462   320   475 0.79 length=817	scaffold=chromosome10	strand=-
95_g                 -            816 15169                -            537   4.6e-45  152.3   4.0   3   3     4e-16   5.7e-14   49.7   0.1   263   373   607   718   536   732 0.81 length=817	scaffold=chromosome10	strand=-
2425_g               -            892 15169                -            537     3e-41  139.7  15.1   1   3       9.2   1.3e+03   -4.3   3.8   457   522     8    73     3    90 0.70 length=893	scaffold=chromosome14	strand=-
2425_g               -            892 15169                -            537     3e-41  139.7  15.1   2   3   2.3e-27   3.3e-25   86.8   0.8    15   200    96   296    82   306 0.80 length=893	scaffold=chromosome14	strand=-
2425_g               -            892 15169                -            537     3e-41  139.7  15.1   3   3   3.1e-21   4.4e-19   66.6   7.6   299   520   561   785   558   793 0.71 length=893	scaffold=chromosome14	strand=-
2931_g               -           1197 15169                -            537   3.3e-39  133.0   8.9   1   3   3.3e-24   4.8e-22   76.4   0.7    11   202   235   448   225   463 0.78 length=1198	scaffold=chromosome3	strand=-
2931_g               -           1197 15169                -            537   3.3e-39  133.0   8.9   2   3   4.6e-07   6.7e-05   19.8   0.9   189   273   642   733   624   741 0.78 length=1198	scaffold=chromosome3	strand=-
2931_g               -           1197 15169                -            537   3.3e-39  133.0   8.9   3   3   2.9e-13   4.2e-11   40.3   0.0   262   365   850   955   841   973 0.89 length=1198	scaffold=chromosome3	strand=-
2628_g               -           1349 15169                -            537   7.8e-36  121.9   4.3   1   5   4.9e-10   7.1e-08   29.6   0.0     8    78    23    93    17   105 0.89 length=1350	scaffold=chromosome1	strand=+
2628_g               -           1349 15169                -            537   7.8e-36  121.9   4.3   2   5   0.00071       0.1    9.3   0.0    86   110   162   186   158   193 0.89 length=1350	scaffold=chromosome1	strand=+
2628_g               -           1349 15169                -            537   7.8e-36  121.9   4.3   3   5      0.32        46    0.5   0.0   112   149   233   272   224   280 0.72 length=1350	scaffold=chromosome1	strand=+
2628_g               -           1349 15169                -            537   7.8e-36  121.9   4.3   4   5   1.8e-06   0.00025   17.9   0.2   150   197   301   349   287   363 0.82 length=1350	scaffold=chromosome1	strand=+
2628_g               -           1349 15169                -            537   7.8e-36  121.9   4.3   5   5   2.4e-19   3.5e-17   60.3   0.3   250   344   716   807   665   816 0.76 length=1350	scaffold=chromosome1	strand=+
2870_g               -            544 15169                -            537   2.4e-31  107.1  14.0   1   1   4.5e-33   6.5e-31  105.6  14.1    47   380   128   510    74   531 0.72 length=545	scaffold=chromosome3	strand=-
3554_g               -            560 15169                -            537   3.3e-28   96.7  21.0   1   5       8.6   1.2e+03   -4.2   0.7   421   474     8    61     6    77 0.61 length=561	scaffold=chromosome6	strand=-
3554_g               -            560 15169                -            537   3.3e-28   96.7  21.0   2   5   1.3e-11   1.8e-09   34.9   0.2    31    82   158   209   142   213 0.88 length=561	scaffold=chromosome6	strand=-
3554_g               -            560 15169                -            537   3.3e-28   96.7  21.0   3   5      0.84   1.2e+02   -0.8   0.1   456   492   211   247   207   264 0.68 length=561	scaffold=chromosome6	strand=-
3554_g               -            560 15169                -            537   3.3e-28   96.7  21.0   4   5   4.2e-11     6e-09   33.1   2.4    81   227   260   414   253   465 0.69 length=561	scaffold=chromosome6	strand=-
3554_g               -            560 15169                -            537   3.3e-28   96.7  21.0   5   5   7.8e-14   1.1e-11   42.1   0.0   272   337   491   555   479   559 0.83 length=561	scaffold=chromosome6	strand=-
3273_g               -            403 15169                -            537   5.1e-27   92.8   1.4   1   1   3.5e-29   5.1e-27   92.8   1.4    10   203   191   378   182   387 0.83 length=404	scaffold=chromosome5	strand=+
4444_g               -           1487 15169                -            537   1.7e-23   81.2   3.0   1   5   5.2e-10   7.5e-08   29.5   0.0    12    76   216   280   206   292 0.91 length=1488	scaffold=chromosome9	strand=+
4444_g               -           1487 15169                -            537   1.7e-23   81.2   3.0   2   5       2.8   4.1e+02   -2.6   0.4   435   480   416   462   412   471 0.61 length=1488	scaffold=chromosome9	strand=+
4444_g               -           1487 15169                -            537   1.7e-23   81.2   3.0   3   5       1.7   2.5e+02   -1.9   0.1   134   180   589   641   582   647 0.67 length=1488	scaffold=chromosome9	strand=+
4444_g               -           1487 15169                -            537   1.7e-23   81.2   3.0   4   5   1.5e-19   2.2e-17   61.0   1.3   227   331   994  1095   991  1104 0.93 length=1488	scaffold=chromosome9	strand=+
4444_g               -           1487 15169                -            537   1.7e-23   81.2   3.0   5   5       7.5   1.1e+03   -4.0   0.1   441   488  1197  1244  1186  1263 0.79 length=1488	scaffold=chromosome9	strand=+
271_g                -            563 15169                -            537   4.2e-23   79.9  14.3   1   2   2.8e-07   4.1e-05   20.5   0.3    13   116   130   236   125   239 0.80 length=564	scaffold=chromosome10	strand=-
271_g                -            563 15169                -            537   4.2e-23   79.9  14.3   2   2   8.9e-19   1.3e-16   58.5   8.5   136   368   270   535   264   549 0.67 length=564	scaffold=chromosome10	strand=-
1442_g               -           1024 15169                -            537   3.3e-20   70.3  12.8   1   3   1.5e-08   2.2e-06   24.7   0.1    50    93   176   217   125   241 0.83 length=1025	scaffold=chromosome13	strand=-
1442_g               -           1024 15169                -            537   3.3e-20   70.3  12.8   2   3   9.4e-16   1.4e-13   48.5   0.0   267   355   542   629   506   661 0.78 length=1025	scaffold=chromosome13	strand=-
1442_g               -           1024 15169                -            537   3.3e-20   70.3  12.8   3   3      0.86   1.2e+02   -0.9   6.3   432   508   801   877   794   892 0.83 length=1025	scaffold=chromosome13	strand=-
3274_g               -            761 15169                -            537   1.5e-13   48.3   0.0   1   3   1.1e-15   1.5e-13   48.3   0.0   267   344     2    81     1    89 0.91 length=762	scaffold=chromosome5	strand=+
3274_g               -            761 15169                -            537   1.5e-13   48.3   0.0   2   3       1.4     2e+02   -1.6   0.1   440   461   360   381   339   390 0.71 length=762	scaffold=chromosome5	strand=+
3274_g               -            761 15169                -            537   1.5e-13   48.3   0.0   3   3       5.5     8e+02   -3.6   3.6   475   525   607   658   592   674 0.54 length=762	scaffold=chromosome5	strand=+
1620_g               -           1269 15169                -            537   2.9e-13   47.4   0.9   1   2   1.5e-05    0.0022   14.8   0.1    29   129    47   136    22   256 0.57 length=1270	scaffold=chromosome13	strand=-
1620_g               -           1269 15169                -            537   2.9e-13   47.4   0.9   2   2   1.9e-10   2.7e-08   31.0   0.1   239   369   290   418   277   431 0.80 length=1270	scaffold=chromosome13	strand=-
2564_g               -           1078 15169                -            537   2.5e-11   41.0  35.1   1   6     0.025       3.6    4.2   0.0    13    51    74   112    64   119 0.77 length=1079	scaffold=chromosome1	strand=-
2564_g               -           1078 15169                -            537   2.5e-11   41.0  35.1   2   6    0.0029      0.41    7.3   0.0    57    82   235   260   228   267 0.80 length=1079	scaffold=chromosome1	strand=-
2564_g               -           1078 15169                -            537   2.5e-11   41.0  35.1   3   6      0.68        98   -0.6   3.2   433   520   257   345   254   351 0.72 length=1079	scaffold=chromosome1	strand=-
2564_g               -           1078 15169                -            537   2.5e-11   41.0  35.1   4   6     0.094        14    2.3   0.0    87   117   352   382   344   390 0.86 length=1079	scaffold=chromosome1	strand=-
2564_g               -           1078 15169                -            537   2.5e-11   41.0  35.1   5   6      0.93   1.3e+02   -1.0   0.0   123   152   453   483   452   519 0.86 length=1079	scaffold=chromosome1	strand=-
2564_g               -           1078 15169                -            537   2.5e-11   41.0  35.1   6   6   1.6e-10   2.2e-08   31.3  20.3   231   402   783   963   722  1076 0.66 length=1079	scaffold=chromosome1	strand=-
2005_g               -            734 15169                -            537   2.7e-11   40.9   8.0   1   4   6.8e-06   0.00098   16.0   0.1    31    76    63   109    48   120 0.76 length=735	scaffold=chromosome14	strand=-
2005_g               -            734 15169                -            537   2.7e-11   40.9   8.0   2   4       1.6   2.3e+02   -1.8   0.1   496   534   113   151   108   154 0.74 length=735	scaffold=chromosome14	strand=-
2005_g               -            734 15169                -            537   2.7e-11   40.9   8.0   3   4       0.3        43    0.6   0.0    85   107   186   208   173   215 0.80 length=735	scaffold=chromosome14	strand=-
2005_g               -            734 15169                -            537   2.7e-11   40.9   8.0   4   4   5.6e-08   8.1e-06   22.8   0.5   182   353   469   669   448   701 0.65 length=735	scaffold=chromosome14	strand=-
2785_g               -           1383 15169                -            537   1.4e-10   38.6   0.9   1   7         3   4.3e+02   -2.7   5.8   434   490   360   420   332   466 0.67 length=1384	scaffold=chromosome2	strand=-
2785_g               -           1383 15169                -            537   1.4e-10   38.6   0.9   2   7       1.3   1.9e+02   -1.5   0.0     6    47   498   540   491   543 0.78 length=1384	scaffold=chromosome2	strand=-
2785_g               -           1383 15169                -            537   1.4e-10   38.6   0.9   3   7   0.00053     0.077    9.7   0.1    56    77   675   696   669   701 0.86 length=1384	scaffold=chromosome2	strand=-
2785_g               -           1383 15169                -            537   1.4e-10   38.6   0.9   4   7      0.22        32    1.0   0.0    88   108   821   841   809   848 0.86 length=1384	scaffold=chromosome2	strand=-
2785_g               -           1383 15169                -            537   1.4e-10   38.6   0.9   5   7         7     1e+03   -3.9   0.0   107   133   882   908   881   914 0.83 length=1384	scaffold=chromosome2	strand=-
2785_g               -           1383 15169                -            537   1.4e-10   38.6   0.9   6   7   0.00021     0.031   11.0   0.0   129   196   929  1002   924  1014 0.71 length=1384	scaffold=chromosome2	strand=-
2785_g               -           1383 15169                -            537   1.4e-10   38.6   0.9   7   7   1.3e-11   1.9e-09   34.8   1.2   223   347  1145  1279  1138  1293 0.69 length=1384	scaffold=chromosome2	strand=-
3875_g               -            683 15169                -            537     1e-07   29.1   0.2   1   3      0.55        80   -0.3   0.0    33    69    40    76    18    85 0.70 length=684	scaffold=chromosome7	strand=+
3875_g               -            683 15169                -            537     1e-07   29.1   0.2   2   3     7e-10     1e-07   29.1   0.2   224   387   337   504   329   510 0.76 length=684	scaffold=chromosome7	strand=+
3875_g               -            683 15169                -            537     1e-07   29.1   0.2   3   3       1.3   1.9e+02   -1.5   2.6   441   524   570   651   553   661 0.58 length=684	scaffold=chromosome7	strand=+
5127_g               -            376 15169                -            537     0.057   10.1   2.3   1   1   0.00049     0.071    9.8   2.3   464   534   170   244    91   247 0.67 length=377	scaffold=scaffold0258	strand=-
#
# Program:         hmmsearch
# Version:         3.4 (Aug 2023)
# Pipeline mode:   SEARCH
# Query file:      /home/inf-20-2025/Malaria/busco_downloads/lineages/apicomplexa_odb12/hmms/15169at5794.hmm
# Target file:     /home/inf-20-2025/Malaria/Results/6_nobird_annotation/P_cynomolgi.faa
# Option settings: hmmsearch --domtblout Results/8_busco/P_cynomolgi/run_apicomplexa_odb12/hmmer_output/initial_run_results/15169at5794.out --cpu 1 /home/inf-20-2025/Malaria/busco_downloads/lineages/apicomplexa_odb12/hmms/15169at5794.hmm /home/inf-20-2025/Malaria/Results/6_nobird_annotation/P_cynomolgi.faa 
# Current dir:     /home/inf-20-2025/Malaria
# Date:            Wed Mar  4 18:30:41 2026
# [ok]
