#                                                                            --- full sequence --- -------------- this domain -------------   hmm coord   ali coord   env coord
# target name        accession   tlen query name           accession   qlen   E-value  score  bias   #  of  c-Evalue  i-Evalue  score  bias  from    to  from    to  from    to  acc description of target
#------------------- ---------- ----- -------------------- ---------- ----- --------- ------ ----- --- --- --------- --------- ------ ----- ----- ----- ----- ----- ----- ----- ---- ---------------------
3925_g               -            202 16211                -            124     4e-56  186.3   0.1   1   1   4.4e-58   6.1e-56  185.7   0.1     2   122    31   158    30   160 0.93 length=203	scaffold=chromosome7	strand=-
1068_g               -            923 16211                -            124     1e-21   75.2  10.2   1   2     6e-17   8.3e-15   52.8   2.5     9   114   523   626   510   638 0.76 length=924	scaffold=chromosome12	strand=-
1068_g               -            923 16211                -            124     1e-21   75.2  10.2   2   2   1.2e-08   1.7e-06   26.0   0.0    47   108   660   722   644   736 0.87 length=924	scaffold=chromosome12	strand=-
426_g                -            514 16211                -            124   3.8e-21   73.3   0.5   1   3   1.4e-06   0.00019   19.4   0.0    37    94    90   147    86   159 0.92 length=515	scaffold=chromosome11	strand=+
426_g                -            514 16211                -            124   3.8e-21   73.3   0.5   2   3   4.4e-09     6e-07   27.5   0.0    19    93   171   245   154   254 0.86 length=515	scaffold=chromosome11	strand=+
426_g                -            514 16211                -            124   3.8e-21   73.3   0.5   3   3   1.3e-07   1.8e-05   22.7   0.0    42   113   380   452   372   462 0.86 length=515	scaffold=chromosome11	strand=+
2263_g               -           1670 16211                -            124   4.6e-21   73.1  16.1   1   4   2.4e-09   3.3e-07   28.3   0.1    35   101   802   869   783   882 0.89 length=1671	scaffold=chromosome14	strand=+
2263_g               -           1670 16211                -            124   4.6e-21   73.1  16.1   2   4   6.8e-06   0.00094   17.1   0.1    37    94   892   948   878   962 0.92 length=1671	scaffold=chromosome14	strand=+
2263_g               -           1670 16211                -            124   4.6e-21   73.1  16.1   3   4   1.7e-05    0.0023   15.9   0.2    24    94   968  1035   957  1044 0.86 length=1671	scaffold=chromosome14	strand=+
2263_g               -           1670 16211                -            124   4.6e-21   73.1  16.1   4   4   8.5e-07   0.00012   20.1   0.0    19    94  1219  1293  1210  1315 0.90 length=1671	scaffold=chromosome14	strand=+
411_g                -            384 16211                -            124   5.5e-19   66.3   4.2   1   3   7.1e-08   9.7e-06   23.5   0.3    30   111     5    82     1    86 0.87 length=385	scaffold=chromosome11	strand=+
411_g                -            384 16211                -            124   5.5e-19   66.3   4.2   2   3   6.7e-07   9.2e-05   20.4   0.1    11   112    86   188    81   200 0.83 length=385	scaffold=chromosome11	strand=+
411_g                -            384 16211                -            124   5.5e-19   66.3   4.2   3   3     1e-07   1.4e-05   23.0   0.1    46   111   212   277   190   282 0.83 length=385	scaffold=chromosome11	strand=+
3898_g               -            547 16211                -            124   4.9e-17   60.0   5.6   1   2   9.4e-07   0.00013   19.9   0.1    33    91   136   193   113   213 0.78 length=548	scaffold=chromosome7	strand=+
3898_g               -            547 16211                -            124   4.9e-17   60.0   5.6   2   2     2e-13   2.7e-11   41.5   1.4    11   108   324   422   316   434 0.85 length=548	scaffold=chromosome7	strand=+
3394_g               -            361 16211                -            124   3.8e-16   57.2   5.3   1   2   1.2e-07   1.7e-05   22.8   0.1    37   115   120   197    90   200 0.84 length=362	scaffold=chromosome5	strand=-
3394_g               -            361 16211                -            124   3.8e-16   57.2   5.3   2   2   1.7e-12   2.3e-10   38.5   0.2    30   122   197   288   172   290 0.86 length=362	scaffold=chromosome5	strand=-
4096_g               -            241 16211                -            124   2.3e-14   51.4   0.1   1   2   4.8e-13   6.7e-11   40.2   0.0    35   121    13    99     1   102 0.87 length=242	scaffold=chromosome8	strand=+
4096_g               -            241 16211                -            124   2.3e-14   51.4   0.1   2   2    0.0016      0.23    9.4   0.0    41   108   169   236   153   241 0.78 length=242	scaffold=chromosome8	strand=+
352_g                -            489 16211                -            124   1.6e-13   48.7   0.7   1   1   5.3e-15   7.3e-13   46.6   0.7    14   108    77   171    62   183 0.82 length=490	scaffold=chromosome11	strand=-
3859_g               -            338 16211                -            124   3.9e-13   47.4   1.5   1   3       7.1   9.7e+02   -2.3   0.0    86   119    22    55    19    60 0.69 length=339	scaffold=chromosome7	strand=-
3859_g               -            338 16211                -            124   3.9e-13   47.4   1.5   2   3   8.1e-09   1.1e-06   26.6   0.0    24    99    76   150    54   165 0.82 length=339	scaffold=chromosome7	strand=-
3859_g               -            338 16211                -            124   3.9e-13   47.4   1.5   3   3   1.4e-06   0.00019   19.4   0.1    33   105   168   239   152   259 0.86 length=339	scaffold=chromosome7	strand=-
720_g                -            601 16211                -            124   1.2e-12   45.9   1.2   1   2   3.8e-07   5.3e-05   21.2   0.0    37   100    11    72     6    91 0.92 length=602	scaffold=chromosome11	strand=-
720_g                -            601 16211                -            124   1.2e-12   45.9   1.2   2   2     2e-07   2.8e-05   22.1   0.3    24   100   155   229   134   244 0.83 length=602	scaffold=chromosome11	strand=-
1703_g               -            453 16211                -            124   2.7e-12   44.7   0.7   1   2   1.6e-08   2.2e-06   25.6   0.1    33    90    18    75     4    92 0.87 length=454	scaffold=chromosome13	strand=+
1703_g               -            453 16211                -            124   2.7e-12   44.7   0.7   2   2   5.4e-06   0.00075   17.5   0.1    37   104   109   176    92   192 0.83 length=454	scaffold=chromosome13	strand=+
4448_g               -           1003 16211                -            124   2.2e-11   41.8   5.4   1   2   1.2e-06   0.00016   19.6   0.2    36   112   615   693   581   698 0.74 length=1004	scaffold=chromosome9	strand=+
4448_g               -           1003 16211                -            124   2.2e-11   41.8   5.4   2   2     1e-07   1.4e-05   23.0   0.0    30    97   906   975   901   981 0.89 length=1004	scaffold=chromosome9	strand=+
1801_g               -            505 16211                -            124   3.4e-11   41.2   8.9   1   4       8.2   1.1e+03   -2.5   0.0     9    26    19    36    10    48 0.46 length=506	scaffold=chromosome13	strand=-
1801_g               -            505 16211                -            124   3.4e-11   41.2   8.9   2   4     0.011       1.6    6.7   0.3    33    92    80   139    47   144 0.68 length=506	scaffold=chromosome13	strand=-
1801_g               -            505 16211                -            124   3.4e-11   41.2   8.9   3   4   0.00027     0.037   12.0   0.2    29    87   174   231   163   245 0.82 length=506	scaffold=chromosome13	strand=-
1801_g               -            505 16211                -            124   3.4e-11   41.2   8.9   4   4   1.6e-08   2.3e-06   25.6   0.1    47   111   408   473   394   481 0.86 length=506	scaffold=chromosome13	strand=-
3542_g               -            472 16211                -            124   1.5e-10   39.1   7.8   1   2    0.0011      0.16   10.0   0.0    14    45   123   154   110   165 0.76 length=473	scaffold=chromosome6	strand=-
3542_g               -            472 16211                -            124   1.5e-10   39.1   7.8   2   2   7.6e-11     1e-08   33.1   0.1    24   107   238   322   213   331 0.86 length=473	scaffold=chromosome6	strand=-
4056_g               -            304 16211                -            124   3.2e-10   38.0   0.0   1   1   5.2e-12   7.1e-10   36.9   0.0    23   115    60   153    41   157 0.83 length=305	scaffold=chromosome8	strand=+
2203_g               -           1121 16211                -            124   4.1e-10   37.7   9.1   1   5       2.2     3e+02   -0.6   0.1    21    70    19    73     9    91 0.68 length=1122	scaffold=chromosome14	strand=+
2203_g               -           1121 16211                -            124   4.1e-10   37.7   9.1   2   5    0.0031      0.43    8.6   0.4    56   112   481   537   432   548 0.75 length=1122	scaffold=chromosome14	strand=+
2203_g               -           1121 16211                -            124   4.1e-10   37.7   9.1   3   5       1.9   2.6e+02   -0.4   0.0    36    65   734   763   716   792 0.83 length=1122	scaffold=chromosome14	strand=+
2203_g               -           1121 16211                -            124   4.1e-10   37.7   9.1   4   5   6.8e-07   9.4e-05   20.4   2.5    16   115   845   960   832   965 0.67 length=1122	scaffold=chromosome14	strand=+
2203_g               -           1121 16211                -            124   4.1e-10   37.7   9.1   5   5   4.6e-10   6.4e-08   30.6   0.5     9   104   954  1049   948  1054 0.85 length=1122	scaffold=chromosome14	strand=+
2077_g               -            126 16211                -            124   4.1e-10   37.7   0.2   1   2     3e-12   4.1e-10   37.7   0.2    30   113     3    88     1    94 0.89 length=127	scaffold=chromosome14	strand=-
2077_g               -            126 16211                -            124   4.1e-10   37.7   0.2   2   2       6.2   8.5e+02   -2.1   0.3    19    31   104   116    97   123 0.43 length=127	scaffold=chromosome14	strand=-
4240_g               -            283 16211                -            124   5.4e-09   34.1   1.6   1   2   5.4e-11   7.4e-09   33.6   0.0     9    93    10    94     3   111 0.77 length=284	scaffold=chromosome8	strand=-
4240_g               -            283 16211                -            124   5.4e-09   34.1   1.6   2   2       6.8   9.3e+02   -2.2   0.9    15    15   183   183   151   213 0.55 length=284	scaffold=chromosome8	strand=-
3307_g               -            292 16211                -            124   6.5e-09   33.8   0.1   1   2   0.00044     0.061   11.3   0.0    36    94     8    65     2    82 0.87 length=293	scaffold=chromosome5	strand=+
3307_g               -            292 16211                -            124   6.5e-09   33.8   0.1   2   2   6.3e-07   8.7e-05   20.5   0.0    42   111   162   231   155   237 0.84 length=293	scaffold=chromosome5	strand=+
3404_g               -            238 16211                -            124   1.1e-08   33.1   0.1   1   1   1.2e-10   1.6e-08   32.5   0.1    10   109     9   109     1   123 0.83 length=239	scaffold=chromosome5	strand=+
1336_g               -            797 16211                -            124   1.4e-08   32.8   0.2   1   1   3.1e-10   4.3e-08   31.1   0.2    12   113     6   108     2   114 0.90 length=798	scaffold=chromosome12	strand=-
277_g                -            326 16211                -            124   1.9e-08   32.3   0.0   1   3   1.4e-10   1.9e-08   32.3   0.0    36   111    13    89     6   104 0.85 length=327	scaffold=chromosome10	strand=+
277_g                -            326 16211                -            124   1.9e-08   32.3   0.0   2   3       7.3     1e+03   -2.3   0.7     7    33   270   296   264   302 0.63 length=327	scaffold=chromosome10	strand=+
277_g                -            326 16211                -            124   1.9e-08   32.3   0.0   3   3       9.8   1.3e+03   -2.7   2.0    12    33   289   312   277   320 0.39 length=327	scaffold=chromosome10	strand=+
4565_g               -            174 16211                -            124   2.1e-08   32.1   1.0   1   1     2e-10   2.7e-08   31.8   0.3    37   108    10    81     4    93 0.87 length=175	scaffold=chromosome9	strand=-
4632_g               -           1061 16211                -            124     3e-08   31.7   0.0   1   1   2.2e-10     3e-08   31.7   0.0    36   113     7    87     3    97 0.88 length=1062	scaffold=chromosome9	strand=+
1837_g               -            107 16211                -            124   8.9e-08   30.1   0.0   1   1   6.4e-10   8.9e-08   30.1   0.0    37   107    25    96     1   107 0.82 length=108	scaffold=chromosome13	strand=-
716_g                -            746 16211                -            124   1.9e-07   29.0   1.3   1   3     0.089        12    3.8   0.0    25    65   390   432   378   466 0.75 length=747	scaffold=chromosome11	strand=+
716_g                -            746 16211                -            124   1.9e-07   29.0   1.3   2   3      0.27        38    2.3   0.0    46    85   561   600   555   644 0.74 length=747	scaffold=chromosome11	strand=+
716_g                -            746 16211                -            124   1.9e-07   29.0   1.3   3   3     1e-06   0.00014   19.8   0.1    36   111   668   743   660   746 0.89 length=747	scaffold=chromosome11	strand=+
1116_g               -            914 16211                -            124     8e-07   27.1   5.2   1   3   0.00038     0.052   11.5   0.0    27    57   536   566   513   574 0.84 length=915	scaffold=chromosome12	strand=+
1116_g               -            914 16211                -            124     8e-07   27.1   5.2   2   3   5.7e-05    0.0078   14.2   0.0    36    98   678   741   662   762 0.83 length=915	scaffold=chromosome12	strand=+
1116_g               -            914 16211                -            124     8e-07   27.1   5.2   3   3       1.6   2.3e+02   -0.2   0.0    76   105   866   896   828   900 0.71 length=915	scaffold=chromosome12	strand=+
505_g                -            670 16211                -            124   9.6e-07   26.8   1.2   1   2      0.45        62    1.6   0.2    73    90    66    83     3   102 0.76 length=671	scaffold=chromosome11	strand=-
505_g                -            670 16211                -            124   9.6e-07   26.8   1.2   2   2   1.1e-07   1.5e-05   22.9   0.1    14   109   110   207    97   216 0.84 length=671	scaffold=chromosome11	strand=-
4010_g               -            842 16211                -            124   1.2e-06   26.5   0.0   1   1   3.5e-08   4.9e-06   24.5   0.0    34   107     6    80     2    87 0.92 length=843	scaffold=chromosome7	strand=+
142_g                -            316 16211                -            124   1.4e-06   26.3   0.0   1   2   4.2e-08   5.7e-06   24.3   0.0    37    97    10    67     2    92 0.85 length=317	scaffold=chromosome10	strand=+
142_g                -            316 16211                -            124   1.4e-06   26.3   0.0   2   2       4.6   6.3e+02   -1.7   0.0    69    69   144   144   106   187 0.61 length=317	scaffold=chromosome10	strand=+
1022_g               -            608 16211                -            124   1.6e-06   26.1   0.1   1   2    0.0044      0.61    8.1   0.0    74   109   373   409   349   422 0.87 length=609	scaffold=chromosome12	strand=+
1022_g               -            608 16211                -            124   1.6e-06   26.1   0.1   2   2     3e-05    0.0041   15.1   0.0    42   108   514   584   509   590 0.82 length=609	scaffold=chromosome12	strand=+
1840_g               -            715 16211                -            124   1.9e-06   25.9   5.9   1   2   1.8e-08   2.4e-06   25.5   0.1    33   111   310   386   302   390 0.91 length=716	scaffold=chromosome13	strand=-
1840_g               -            715 16211                -            124   1.9e-06   25.9   5.9   2   2      0.43        60    1.6   0.2    22    82   519   578   493   591 0.75 length=716	scaffold=chromosome13	strand=-
3972_g               -            288 16211                -            124   2.4e-05   22.3   4.8   1   2     0.072       9.9    4.1   1.9     9    97    20   103    13   135 0.70 length=289	scaffold=chromosome7	strand=+
3972_g               -            288 16211                -            124   2.4e-05   22.3   4.8   2   2   2.5e-06   0.00034   18.6   0.1    30   107   206   283   199   287 0.85 length=289	scaffold=chromosome7	strand=+
420_g                -            181 16211                -            124   3.7e-05   21.7   0.0   1   1   3.9e-07   5.3e-05   21.2   0.0    37   109    52   125    38   140 0.88 length=182	scaffold=chromosome11	strand=+
2045_g               -            268 16211                -            124    0.0001   20.3   0.2   1   1   1.6e-06   0.00022   19.2   0.2    17   104    69   156    50   167 0.75 length=269	scaffold=chromosome14	strand=-
3409_g               -            483 16211                -            124   0.00084   17.3   0.1   1   2         3   4.2e+02   -1.1   0.0    61    88   244   271   191   285 0.72 length=484	scaffold=chromosome5	strand=-
3409_g               -            483 16211                -            124   0.00084   17.3   0.1   2   2   3.1e-05    0.0042   15.0   0.0    16   107   387   480   380   483 0.79 length=484	scaffold=chromosome5	strand=-
503_g                -            243 16211                -            124     0.001   17.0   0.1   1   1   1.6e-05    0.0022   16.0   0.1    43    93    50   104    32   117 0.77 length=244	scaffold=chromosome11	strand=-
4075_g               -            906 16211                -            124    0.0067   14.4   0.3   1   2      0.38        52    1.8   0.0    29    62   310   343   284   384 0.75 length=907	scaffold=chromosome8	strand=-
4075_g               -            906 16211                -            124    0.0067   14.4   0.3   2   2   4.9e-05    0.0067   14.4   0.3    25   107   412   492   405   508 0.82 length=907	scaffold=chromosome8	strand=-
636_g                -            123 16211                -            124    0.0095   13.9   0.4   1   1   8.6e-05     0.012   13.6   0.4    21    93    47   118    26   122 0.67 length=124	scaffold=chromosome11	strand=-
2378_g               -            544 16211                -            124     0.012   13.5   0.0   1   1   0.00022     0.031   12.2   0.0    47   111   473   537   448   542 0.85 length=545	scaffold=chromosome14	strand=-
1942_g               -            303 16211                -            124       5.3    5.0  10.1   1   3       2.8   3.8e+02   -1.0   1.4    17    39    45    67    23    81 0.48 length=304	scaffold=chromosome14	strand=-
1942_g               -            303 16211                -            124       5.3    5.0  10.1   2   3       9.8   1.4e+03   -2.8   0.1    22    31    96   105    76   120 0.56 length=304	scaffold=chromosome14	strand=-
1942_g               -            303 16211                -            124       5.3    5.0  10.1   3   3   0.00058      0.08   10.9   0.2    37    86   226   275   213   282 0.90 length=304	scaffold=chromosome14	strand=-
#
# Program:         hmmsearch
# Version:         3.4 (Aug 2023)
# Pipeline mode:   SEARCH
# Query file:      /home/inf-20-2025/Malaria/busco_downloads/lineages/apicomplexa_odb12/hmms/16211at5794.hmm
# Target file:     /home/inf-20-2025/Malaria/Results/6_nobird_annotation/P_cynomolgi.faa
# Option settings: hmmsearch --domtblout Results/8_busco/P_cynomolgi/run_apicomplexa_odb12/hmmer_output/initial_run_results/16211at5794.out --cpu 1 /home/inf-20-2025/Malaria/busco_downloads/lineages/apicomplexa_odb12/hmms/16211at5794.hmm /home/inf-20-2025/Malaria/Results/6_nobird_annotation/P_cynomolgi.faa 
# Current dir:     /home/inf-20-2025/Malaria
# Date:            Wed Mar  4 18:30:43 2026
# [ok]
