#                                                                            --- full sequence --- -------------- this domain -------------   hmm coord   ali coord   env coord
# target name        accession   tlen query name           accession   qlen   E-value  score  bias   #  of  c-Evalue  i-Evalue  score  bias  from    to  from    to  from    to  acc description of target
#------------------- ---------- ----- -------------------- ---------- ----- --------- ------ ----- --- --- --------- --------- ------ ----- ----- ----- ----- ----- ----- ----- ---- ---------------------
1327_g               -            168 18026                -            158   1.8e-86  286.4   5.5   1   1   8.9e-89   2.1e-86  286.2   5.5     4   158    13   167    10   167 0.98 length=169	scaffold=chromosome12	strand=+
2757_g               -            679 18026                -            158   5.1e-55  184.2  10.4   1   1   4.1e-57   9.9e-55  183.2  10.4     3   156   523   676   521   678 0.97 length=680	scaffold=chromosome2	strand=-
3610_g               -            548 18026                -            158   7.9e-50  167.3   8.9   1   1   6.5e-52   1.6e-49  166.4   8.9     3   155    23   175    21   178 0.97 length=549	scaffold=chromosome6	strand=-
1577_g               -            149 18026                -            158   1.1e-38  131.1   7.6   1   1     5e-41   1.2e-38  131.0   7.6    11   155     4   148     1   149 0.98 length=150	scaffold=chromosome13	strand=+
4435_g               -            167 18026                -            158     6e-31  106.0   5.6   1   1   3.1e-33   7.5e-31  105.7   5.6    11   153    10   152     2   155 0.95 length=168	scaffold=chromosome9	strand=+
914_g                -            564 18026                -            158   1.7e-14   52.5   3.5   1   1   1.5e-16   3.7e-14   51.4   3.5    11   154   418   561   411   564 0.86 length=565	scaffold=chromosome12	strand=+
527_g                -            136 18026                -            158   1.4e-12   46.3   3.1   1   2   2.6e-10   6.2e-08   31.2   0.2    66   154    19   103     1   107 0.86 length=137	scaffold=chromosome11	strand=+
527_g                -            136 18026                -            158   1.4e-12   46.3   3.1   2   2   1.7e-07   4.1e-05   22.0   0.3    85   150    71   134    66   136 0.78 length=137	scaffold=chromosome11	strand=+
1281_g               -           1027 18026                -            158   7.9e-12   43.8   7.2   1   1   3.3e-14   7.9e-12   43.8   7.2     8   153    23   169    16   173 0.89 length=1028	scaffold=chromosome12	strand=+
3075_g               -            526 18026                -            158   1.4e-11   43.0   9.2   1   1   1.9e-13   4.6e-11   41.3   9.0    13   155   372   519   366   522 0.81 length=527	scaffold=chromosome4	strand=-
4331_g               -            925 18026                -            158   3.2e-11   41.9   2.0   1   1   2.7e-13   6.6e-11   40.8   2.0    14   153   780   921   770   925 0.83 length=926	scaffold=chromosome8	strand=-
2957_g               -            529 18026                -            158   3.5e-11   41.7   3.4   1   1   3.7e-13     9e-11   40.4   3.4    13   155   375   525   366   527 0.79 length=530	scaffold=chromosome3	strand=+
1352_g               -            209 18026                -            158   7.2e-11   40.7   4.3   1   2     5e-13   1.2e-10   40.0   0.9    77   152    32   107    14   113 0.90 length=210	scaffold=chromosome12	strand=-
1352_g               -            209 18026                -            158   7.2e-11   40.7   4.3   2   2      0.27        65    1.9   0.1    63   103   132   172   113   187 0.58 length=210	scaffold=chromosome12	strand=-
2466_g               -            205 18026                -            158   4.8e-10   38.0   1.8   1   2     0.025         6    5.2   0.1   118   146    67    93    62    98 0.80 length=206	scaffold=chromosome14	strand=+
2466_g               -            205 18026                -            158   4.8e-10   38.0   1.8   2   2   2.8e-10   6.7e-08   31.1   0.1    69   139   121   191   113   203 0.90 length=206	scaffold=chromosome14	strand=+
726_g                -            697 18026                -            158   2.5e-09   35.7   8.8   1   1   3.4e-11   8.2e-09   34.0   8.8     6   153   551   694   547   697 0.92 length=698	scaffold=chromosome11	strand=+
3392_g               -            216 18026                -            158     1e-07   30.5   4.3   1   3       6.9   1.7e+03   -2.7   0.0   118   131    15    28     7    31 0.71 length=217	scaffold=chromosome5	strand=-
3392_g               -            216 18026                -            158     1e-07   30.5   4.3   2   3   3.9e-06   0.00094   17.6   0.4    87   154    69   133    35   137 0.77 length=217	scaffold=chromosome5	strand=-
3392_g               -            216 18026                -            158     1e-07   30.5   4.3   3   3   4.3e-05      0.01   14.2   0.1   104   154   156   210   141   213 0.83 length=217	scaffold=chromosome5	strand=-
3642_g               -            201 18026                -            158   7.6e-07   27.6   6.9   1   2   8.5e-08     2e-05   23.0   0.7    90   135    10    55     2    65 0.88 length=202	scaffold=chromosome6	strand=+
3642_g               -            201 18026                -            158   7.6e-07   27.6   6.9   2   2    0.0074       1.8    6.9   0.8    18   130   135   174   118   201 0.59 length=202	scaffold=chromosome6	strand=+
4463_g               -            344 18026                -            158   2.2e-06   26.2  14.1   1   3    0.0027      0.65    8.4   0.8    87   148    58   119    38   127 0.82 length=345	scaffold=chromosome9	strand=-
4463_g               -            344 18026                -            158   2.2e-06   26.2  14.1   2   3   4.6e-07   0.00011   20.6   1.3    76   151   124   199   117   205 0.84 length=345	scaffold=chromosome9	strand=-
4463_g               -            344 18026                -            158   2.2e-06   26.2  14.1   3   3     0.018       4.3    5.7   0.4    22    41   216   235   198   243 0.82 length=345	scaffold=chromosome9	strand=-
2092_g               -            241 18026                -            158   4.3e-05   21.9   0.3   1   2      0.37        89    1.4   6.0    11   152     9   155     2   157 0.64 length=242	scaffold=chromosome14	strand=-
2092_g               -            241 18026                -            158   4.3e-05   21.9   0.3   2   2   1.8e-07   4.3e-05   21.9   0.3    70   135   146   212   136   238 0.75 length=242	scaffold=chromosome14	strand=-
2538_g               -            107 18026                -            158   7.8e-05   21.1   0.5   1   1   3.8e-07   9.2e-05   20.9   0.5    11    80    39   104    29   107 0.89 length=108	scaffold=chromosome1	strand=-
1716_g               -            136 18026                -            158   0.00011   20.6   0.7   1   1   8.2e-07    0.0002   19.8   0.7    20   149     8   130     3   135 0.92 length=137	scaffold=chromosome13	strand=-
2763_g               -            209 18026                -            158   0.00023   19.6   1.8   1   2       1.3   3.1e+02   -0.3   0.0    85   106    16    37     4    52 0.61 length=210	scaffold=chromosome2	strand=+
2763_g               -            209 18026                -            158   0.00023   19.6   1.8   2   2   1.7e-06    0.0004   18.8   0.7    19   141    56   178    40   196 0.87 length=210	scaffold=chromosome2	strand=+
2817_g               -            170 18026                -            158     0.004   15.6   0.3   1   1   2.5e-05    0.0061   15.0   0.3    32   133    20   112     2   122 0.79 length=171	scaffold=chromosome2	strand=-
777_g                -            386 18026                -            158    0.0066   14.9   1.0   1   2       9.4   2.3e+03   -3.2   0.0    54    77   124   147   113   170 0.67 length=387	scaffold=chromosome12	strand=+
777_g                -            386 18026                -            158    0.0066   14.9   1.0   2   2   2.7e-05    0.0066   14.9   1.0    13   115   265   364   253   380 0.87 length=387	scaffold=chromosome12	strand=+
3374_g               -            211 18026                -            158    0.0068   14.8   5.9   1   1     8e-05     0.019   13.3   5.8    14   156    64   211    50   211 0.77 length=212	scaffold=chromosome5	strand=-
#
# Program:         hmmsearch
# Version:         3.4 (Aug 2023)
# Pipeline mode:   SEARCH
# Query file:      /home/inf-20-2025/Malaria/busco_downloads/lineages/apicomplexa_odb12/hmms/18026at5794.hmm
# Target file:     /home/inf-20-2025/Malaria/Results/6_nobird_annotation/P_cynomolgi.faa
# Option settings: hmmsearch --domtblout Results/8_busco/P_cynomolgi/run_apicomplexa_odb12/hmmer_output/initial_run_results/18026at5794.out --cpu 1 /home/inf-20-2025/Malaria/busco_downloads/lineages/apicomplexa_odb12/hmms/18026at5794.hmm /home/inf-20-2025/Malaria/Results/6_nobird_annotation/P_cynomolgi.faa 
# Current dir:     /home/inf-20-2025/Malaria
# Date:            Wed Mar  4 18:30:40 2026
# [ok]
