#                                                                            --- full sequence --- -------------- this domain -------------   hmm coord   ali coord   env coord
# target name        accession   tlen query name           accession   qlen   E-value  score  bias   #  of  c-Evalue  i-Evalue  score  bias  from    to  from    to  from    to  acc description of target
#------------------- ---------- ----- -------------------- ---------- ----- --------- ------ ----- --- --- --------- --------- ------ ----- ----- ----- ----- ----- ----- ----- ---- ---------------------
2203_g               -           1121 20195                -            602  4.2e-196  651.2  87.6   1   6   2.8e-31     3e-29  100.1   8.2     2   101    28   138    27   155 0.82 length=1122	scaffold=chromosome14	strand=+
2203_g               -           1121 20195                -            602  4.2e-196  651.2  87.6   2   6   3.4e-07   3.7e-05   20.5   4.3    90   152   149   211   137   220 0.79 length=1122	scaffold=chromosome14	strand=+
2203_g               -           1121 20195                -            602  4.2e-196  651.2  87.6   3   6   4.7e-15   5.1e-13   46.5   4.2    86   191   305   409   298   416 0.69 length=1122	scaffold=chromosome14	strand=+
2203_g               -           1121 20195                -            602  4.2e-196  651.2  87.6   4   6   5.1e-45   5.6e-43  145.5   6.4   184   329   491   652   433   654 0.84 length=1122	scaffold=chromosome14	strand=+
2203_g               -           1121 20195                -            602  4.2e-196  651.2  87.6   5   6   3.1e-38   3.4e-36  123.0   0.2   322   416   724   818   719   836 0.91 length=1122	scaffold=chromosome14	strand=+
2203_g               -           1121 20195                -            602  4.2e-196  651.2  87.6   6   6   5.8e-77   6.4e-75  250.9  16.9   408   600   840  1057   829  1059 0.84 length=1122	scaffold=chromosome14	strand=+
2263_g               -           1670 20195                -            602   4.5e-45  152.4  26.0   1   4   2.8e-08   3.1e-06   24.1   0.0   164   221   813   870   793   883 0.66 length=1671	scaffold=chromosome14	strand=+
2263_g               -           1670 20195                -            602   4.5e-45  152.4  26.0   2   4   9.3e-28     1e-25   88.4   4.6   428   585   886  1039   873  1042 0.93 length=1671	scaffold=chromosome14	strand=+
2263_g               -           1670 20195                -            602   4.5e-45  152.4  26.0   3   4     8e-17   8.7e-15   52.3   0.2   419   516  1222  1319  1202  1326 0.91 length=1671	scaffold=chromosome14	strand=+
2263_g               -           1670 20195                -            602   4.5e-45  152.4  26.0   4   4       8.9   9.7e+02   -4.0   6.4   235   259  1530  1554  1514  1592 0.62 length=1671	scaffold=chromosome14	strand=+
411_g                -            384 20195                -            602   2.4e-29  100.4   2.8   1   1   6.9e-31   7.5e-29   98.8   2.8   330   581     9   259     2   264 0.92 length=385	scaffold=chromosome11	strand=+
426_g                -            514 20195                -            602   2.3e-27   93.9   5.0   1   3   1.7e-07   1.9e-05   21.5   0.5   155   216    89   151     6   173 0.74 length=515	scaffold=chromosome11	strand=+
426_g                -            514 20195                -            602   2.3e-27   93.9   5.0   2   3   1.6e-14   1.8e-12   44.7   0.0   147   238   180   275   175   280 0.89 length=515	scaffold=chromosome11	strand=+
426_g                -            514 20195                -            602   2.3e-27   93.9   5.0   3   3   1.5e-09   1.7e-07   28.3   0.1   430   516   371   458   354   468 0.73 length=515	scaffold=chromosome11	strand=+
1068_g               -            923 20195                -            602   4.1e-24   83.1   4.3   1   4       3.4   3.7e+02   -2.6   1.8    89   144   182   236   175   249 0.53 length=924	scaffold=chromosome12	strand=-
1068_g               -            923 20195                -            602   4.1e-24   83.1   4.3   2   4   2.3e-14   2.5e-12   44.2   1.4   133   242   525   635   493   639 0.80 length=924	scaffold=chromosome12	strand=-
1068_g               -            923 20195                -            602   4.1e-24   83.1   4.3   3   4   4.1e-15   4.5e-13   46.7   0.0   163   255   658   750   652   766 0.81 length=924	scaffold=chromosome12	strand=-
1068_g               -            923 20195                -            602   4.1e-24   83.1   4.3   4   4     0.001      0.11    9.0   0.0   167   227   855   911   851   917 0.94 length=924	scaffold=chromosome12	strand=-
1703_g               -            453 20195                -            602   3.4e-23   80.1   1.3   1   2   7.8e-13   8.5e-11   39.2   0.0   508   600     5    98     3   100 0.88 length=454	scaffold=chromosome13	strand=+
1703_g               -            453 20195                -            602   3.4e-23   80.1   1.3   2   2   3.9e-13   4.3e-11   40.2   1.0   421   517    96   192    92   208 0.87 length=454	scaffold=chromosome13	strand=+
4448_g               -           1003 20195                -            602   1.7e-22   77.8   6.8   1   2     2e-13   2.2e-11   41.1   5.0   101   239   556   699   538   752 0.72 length=1004	scaffold=chromosome9	strand=+
4448_g               -           1003 20195                -            602   1.7e-22   77.8   6.8   2   2   1.2e-11   1.3e-09   35.2   0.0   155   238   914   999   906  1001 0.89 length=1004	scaffold=chromosome9	strand=+
3859_g               -            338 20195                -            602   4.2e-22   76.5   9.0   1   2   7.9e-14   8.6e-12   42.5   0.3   130   215    63   148     2   169 0.66 length=339	scaffold=chromosome7	strand=-
3859_g               -            338 20195                -            602   4.2e-22   76.5   9.0   2   2   2.6e-12   2.8e-10   37.5   3.6   153   260   169   278   151   285 0.68 length=339	scaffold=chromosome7	strand=-
3898_g               -            547 20195                -            602     4e-21   73.3  11.6   1   2   2.1e-10   2.3e-08   31.1   0.4   514   585   129   200   100   205 0.71 length=548	scaffold=chromosome7	strand=+
3898_g               -            547 20195                -            602     4e-21   73.3  11.6   2   2   7.9e-15   8.6e-13   45.8   5.1   129   245   321   440   314   501 0.80 length=548	scaffold=chromosome7	strand=+
3307_g               -            292 20195                -            602   4.4e-19   66.5   0.1   1   2     2e-08   2.2e-06   24.6   0.0   520   584     4    68     1   110 0.64 length=293	scaffold=chromosome5	strand=+
3307_g               -            292 20195                -            602   4.4e-19   66.5   0.1   2   2   3.7e-13   4.1e-11   40.2   0.0   525   599   157   231   139   241 0.72 length=293	scaffold=chromosome5	strand=+
1801_g               -            505 20195                -            602   4.7e-19   66.4  28.0   1   3   5.2e-06   0.00057   16.6   6.8    96   216    16   145     2   147 0.67 length=506	scaffold=chromosome13	strand=-
1801_g               -            505 20195                -            602   4.7e-19   66.4  28.0   2   3   1.6e-10   1.7e-08   31.5   7.2   147   278   173   307   164   320 0.71 length=506	scaffold=chromosome13	strand=-
1801_g               -            505 20195                -            602   4.7e-19   66.4  28.0   3   3   7.5e-09   8.1e-07   26.0   1.8   155   238   397   481   298   501 0.65 length=506	scaffold=chromosome13	strand=-
3394_g               -            361 20195                -            602   3.2e-18   63.7   2.1   1   2   3.5e-08   3.8e-06   23.8   0.2   113   201    79   166    35   176 0.71 length=362	scaffold=chromosome5	strand=-
3394_g               -            361 20195                -            602   3.2e-18   63.7   2.1   2   2   5.2e-13   5.7e-11   39.8   0.2   139   246   186   293   166   298 0.82 length=362	scaffold=chromosome5	strand=-
4096_g               -            241 20195                -            602   3.5e-18   63.6   0.1   1   2   5.7e-12   6.2e-10   36.3   0.0   144   246     3   105     1   116 0.88 length=242	scaffold=chromosome8	strand=+
4096_g               -            241 20195                -            602   3.5e-18   63.6   0.1   2   2   1.1e-08   1.2e-06   25.5   0.0   517   584   157   224   150   239 0.90 length=242	scaffold=chromosome8	strand=+
2378_g               -            544 20195                -            602   1.8e-14   51.3   1.2   1   2   5.7e-07   6.3e-05   19.8   0.1     6    49    15    58    11   119 0.83 length=545	scaffold=chromosome14	strand=-
2378_g               -            544 20195                -            602   1.8e-14   51.3   1.2   2   2   3.5e-10   3.8e-08   30.4   0.1   420   512   449   541   437   544 0.91 length=545	scaffold=chromosome14	strand=-
4632_g               -           1061 20195                -            602   2.3e-14   50.9   0.0   1   1   2.1e-16   2.3e-14   50.9   0.0   155   238     7    91     2   107 0.89 length=1062	scaffold=chromosome9	strand=+
716_g                -            746 20195                -            602   2.4e-14   50.9   3.1   1   4      0.52        57    0.1   0.0    89   187   155   254   140   261 0.70 length=747	scaffold=chromosome11	strand=+
716_g                -            746 20195                -            602   2.4e-14   50.9   3.1   2   4   1.8e-05     0.002   14.8   0.0   314   387   384   461   382   469 0.80 length=747	scaffold=chromosome11	strand=+
716_g                -            746 20195                -            602   2.4e-14   50.9   3.1   3   4   3.8e-05    0.0041   13.8   0.1    76   242   470   642   461   657 0.71 length=747	scaffold=chromosome11	strand=+
716_g                -            746 20195                -            602   2.4e-14   50.9   3.1   4   4   5.9e-07   6.4e-05   19.7   0.1   515   588   659   732   651   744 0.86 length=747	scaffold=chromosome11	strand=+
4056_g               -            304 20195                -            602     3e-14   50.6   0.2   1   1     4e-16   4.3e-14   50.0   0.2   112   237    31   156     1   172 0.64 length=305	scaffold=chromosome8	strand=+
3404_g               -            238 20195                -            602   1.5e-13   48.3   0.1   1   1   2.4e-15   2.6e-13   47.5   0.1   153   227    33   108    12   132 0.92 length=239	scaffold=chromosome5	strand=+
3925_g               -            202 20195                -            602   1.9e-13   47.9   0.1   1   1   1.9e-15     2e-13   47.8   0.1   117   231    34   148     2   168 0.82 length=203	scaffold=chromosome7	strand=-
505_g                -            670 20195                -            602   7.8e-13   45.9   0.7   1   1   7.2e-15   7.8e-13   45.9   0.7   455   585    52   195     2   205 0.74 length=671	scaffold=chromosome11	strand=-
277_g                -            326 20195                -            602   1.2e-12   45.3   0.0   1   1   1.1e-14   1.2e-12   45.3   0.0   155   233    13    92     5   103 0.90 length=327	scaffold=chromosome10	strand=+
2077_g               -            126 20195                -            602   2.4e-12   44.3   0.1   1   1   2.4e-14   2.6e-12   44.2   0.1   165   258    20   115     5   120 0.82 length=127	scaffold=chromosome14	strand=-
2268_g               -            110 20195                -            602   7.7e-12   42.6   0.0   1   1   7.9e-14   8.6e-12   42.5   0.0   518   596     9    85     2   106 0.91 length=111	scaffold=chromosome14	strand=-
3972_g               -            288 20195                -            602   9.2e-12   42.4  11.7   1   2   1.4e-05    0.0016   15.2   6.9   405   525    20   134    15   140 0.83 length=289	scaffold=chromosome7	strand=+
3972_g               -            288 20195                -            602   9.2e-12   42.4  11.7   2   2     5e-10   5.4e-08   29.9   0.2     3    80   207   283   205   286 0.94 length=289	scaffold=chromosome7	strand=+
4029_g               -            845 20195                -            602   4.2e-11   40.2   2.6   1   2   2.6e-08   2.9e-06   24.2   0.8   430   511   106   189    67   201 0.58 length=846	scaffold=chromosome7	strand=-
4029_g               -            845 20195                -            602   4.2e-11   40.2   2.6   2   2   1.8e-05     0.002   14.8   0.0   332   400   220   289   208   324 0.81 length=846	scaffold=chromosome7	strand=-
2128_g               -           1039 20195                -            602   1.3e-10   38.6   8.6   1   1   1.2e-12   1.3e-10   38.6   8.6    88   240   157   316   150   343 0.67 length=1040	scaffold=chromosome14	strand=+
3559_g               -           1595 20195                -            602   3.6e-10   37.1   1.9   1   2    0.0013      0.14    8.7   0.6   142   219   337   417   290   445 0.74 length=1596	scaffold=chromosome6	strand=+
3559_g               -           1595 20195                -            602   3.6e-10   37.1   1.9   2   2   1.3e-11   1.4e-09   35.1   0.7   423   599   345   539   332   542 0.80 length=1596	scaffold=chromosome6	strand=+
4240_g               -            283 20195                -            602   6.2e-10   36.3   0.0   1   2   5.6e-12   6.2e-10   36.3   0.0   140   231    22   114     6   136 0.81 length=284	scaffold=chromosome8	strand=-
4240_g               -            283 20195                -            602   6.2e-10   36.3   0.0   2   2       8.4   9.2e+02   -3.9   2.7    92   111   227   246   177   272 0.49 length=284	scaffold=chromosome8	strand=-
1116_g               -            914 20195                -            602   9.6e-10   35.7   0.1   1   3      0.54        58    0.1   0.0   428   457   540   569   530   580 0.69 length=915	scaffold=chromosome12	strand=+
1116_g               -            914 20195                -            602   9.6e-10   35.7   0.1   2   3   1.3e-10   1.4e-08   31.9   0.0   147   241   670   765   647   772 0.85 length=915	scaffold=chromosome12	strand=+
1116_g               -            914 20195                -            602   9.6e-10   35.7   0.1   3   3    0.0003     0.032   10.8   0.0   168   228   837   900   832   906 0.87 length=915	scaffold=chromosome12	strand=+
4010_g               -            842 20195                -            602   9.7e-10   35.7   0.8   1   2   2.7e-11     3e-09   34.1   0.0   520   600     4    85     1    90 0.83 length=843	scaffold=chromosome7	strand=+
4010_g               -            842 20195                -            602   9.7e-10   35.7   0.8   2   2      0.97   1.1e+02   -0.8   0.5   109   264   290   329   258   355 0.44 length=843	scaffold=chromosome7	strand=+
420_g                -            181 20195                -            602     1e-09   35.6   0.0   1   1   1.2e-11   1.4e-09   35.2   0.0   430   520    48   139    30   149 0.89 length=182	scaffold=chromosome11	strand=+
4749_g               -           1324 20195                -            602   1.6e-09   35.0   0.1   1   1   1.4e-11   1.6e-09   35.0   0.1   523   586   509   572   489   602 0.77 length=1325	scaffold=chromosome9	strand=+
2045_g               -            268 20195                -            602   2.4e-09   34.4   0.4   1   1   3.1e-11   3.4e-09   33.9   0.4    96   206    28   140    17   156 0.76 length=269	scaffold=chromosome14	strand=-
1837_g               -            107 20195                -            602   3.6e-09   33.8   0.0   1   1   3.3e-11   3.6e-09   33.8   0.0   151   236    20   106     2   107 0.85 length=108	scaffold=chromosome13	strand=-
4565_g               -            174 20195                -            602   3.7e-09   33.7   0.1   1   2   6.4e-11     7e-09   32.8   0.1   154   235     8    89     2    93 0.62 length=175	scaffold=chromosome9	strand=-
4565_g               -            174 20195                -            602   3.7e-09   33.7   0.1   2   2       6.7   7.3e+02   -3.5   0.0   203   222   132   151   111   158 0.70 length=175	scaffold=chromosome9	strand=-
1840_g               -            715 20195                -            602   5.8e-09   33.1  22.8   1   4   0.00016     0.017   11.7   5.5    29   102    32   105    13   122 0.83 length=716	scaffold=chromosome13	strand=-
1840_g               -            715 20195                -            602   5.8e-09   33.1  22.8   2   4   2.8e-08     3e-06   24.1   0.1   519   580   308   368   304   385 0.89 length=716	scaffold=chromosome13	strand=-
1840_g               -            715 20195                -            602   5.8e-09   33.1  22.8   3   4    0.0031      0.34    7.5   1.8   150   213   528   591   486   626 0.63 length=716	scaffold=chromosome13	strand=-
1840_g               -            715 20195                -            602   5.8e-09   33.1  22.8   4   4     0.021       2.2    4.7   4.0     6    68   531   592   524   692 0.62 length=716	scaffold=chromosome13	strand=-
636_g                -            123 20195                -            602   2.2e-08   31.2   0.1   1   1   2.3e-10   2.5e-08   31.0   0.1   509   583    47   121    38   123 0.87 length=124	scaffold=chromosome11	strand=-
3542_g               -            472 20195                -            602   3.6e-08   30.5   0.3   1   2      0.58        63   -0.0   0.0   411   442   123   154   115   165 0.69 length=473	scaffold=chromosome6	strand=-
3542_g               -            472 20195                -            602   3.6e-08   30.5   0.3   2   2   3.3e-10   3.6e-08   30.5   0.3   518   601   244   328   223   329 0.85 length=473	scaffold=chromosome6	strand=-
4075_g               -            906 20195                -            602   5.4e-08   29.9   1.6   1   2   2.5e-05    0.0027   14.4   0.1   425   503   309   380   288   392 0.82 length=907	scaffold=chromosome8	strand=-
4075_g               -            906 20195                -            602   5.4e-08   29.9   1.6   2   2   3.6e-05     0.004   13.8   0.2   513   585   412   482   405   494 0.66 length=907	scaffold=chromosome8	strand=-
142_g                -            316 20195                -            602   1.2e-07   28.7   1.9   1   2   1.7e-08   1.8e-06   24.9   0.0   430   506     6    80     2    93 0.70 length=317	scaffold=chromosome10	strand=+
142_g                -            316 20195                -            602   1.2e-07   28.7   1.9   2   2     0.067       7.3    3.1   0.0   167   220   124   170   111   175 0.84 length=317	scaffold=chromosome10	strand=+
352_g                -            489 20195                -            602   1.3e-07   28.6   1.7   1   1   1.2e-09   1.3e-07   28.6   1.7   418   506    84   172    52   181 0.79 length=490	scaffold=chromosome11	strand=-
1944_g               -            391 20195                -            602   2.6e-07   27.7   0.6   1   1   4.1e-09   4.5e-07   26.9   0.6   167   517   239   308   192   363 0.64 length=392	scaffold=chromosome14	strand=+
1336_g               -            797 20195                -            602   2.7e-07   27.6   5.3   1   2   1.6e-06   0.00017   18.3   0.1   318   361    16    59     5    67 0.90 length=798	scaffold=chromosome12	strand=-
1336_g               -            797 20195                -            602   2.7e-07   27.6   5.3   2   2         3   3.3e+02   -2.4   1.1    73   152   695   774   673   782 0.68 length=798	scaffold=chromosome12	strand=-
4681_g               -            948 20195                -            602   7.7e-06   22.8   0.1   1   1   1.4e-07   1.5e-05   21.8   0.1   516   582   723   797   714   800 0.77 length=949	scaffold=chromosome9	strand=-
3563_g               -            544 20195                -            602   8.2e-06   22.7   0.0   1   3   7.5e-08   8.2e-06   22.7   0.0   154   239    13    99     2   105 0.77 length=545	scaffold=chromosome6	strand=-
3563_g               -            544 20195                -            602   8.2e-06   22.7   0.0   2   3    0.0016      0.17    8.4   0.5     5   146   111   249   107   262 0.67 length=545	scaffold=chromosome6	strand=-
3563_g               -            544 20195                -            602   8.2e-06   22.7   0.0   3   3       8.2     9e+02   -3.8   5.1    99   149   356   406   339   414 0.70 length=545	scaffold=chromosome6	strand=-
3579_g               -            163 20195                -            602   1.2e-05   22.1   0.1   1   1   1.4e-07   1.5e-05   21.8   0.1   145   226    49   133    31   141 0.69 length=164	scaffold=chromosome6	strand=-
3621_g               -            897 20195                -            602   2.8e-05   21.0   0.0   1   2   2.5e-07   2.8e-05   21.0   0.0   518   601     4    85     1    86 0.90 length=898	scaffold=chromosome6	strand=-
3621_g               -            897 20195                -            602   2.8e-05   21.0   0.0   2   2       1.1   1.2e+02   -0.9   0.6   246   270   123   147   108   166 0.75 length=898	scaffold=chromosome6	strand=-
1494_g               -            134 20195                -            602   0.00031   17.5   0.6   1   1   3.1e-06   0.00034   17.3   0.6   423   515    26   121     9   130 0.72 length=135	scaffold=chromosome13	strand=+
3382_g               -            220 20195                -            602    0.0009   16.0   0.0   1   2      0.49        54    0.2   5.1    78   214     9   143     5   160 0.65 length=221	scaffold=chromosome5	strand=+
3382_g               -            220 20195                -            602    0.0009   16.0   0.0   2   2   8.3e-06    0.0009   16.0   0.0   324   363   178   217   169   220 0.85 length=221	scaffold=chromosome5	strand=+
4558_g               -            323 20195                -            602    0.0011   15.6   0.0   1   1     1e-05    0.0011   15.6   0.0   171   230    88   146    82   157 0.84 length=324	scaffold=chromosome9	strand=-
2941_g               -           1087 20195                -            602     0.014   12.0   8.6   1   3     0.049       5.4    3.5   0.5   412   489   641   716   616   728 0.75 length=1088	scaffold=chromosome3	strand=+
2941_g               -           1087 20195                -            602     0.014   12.0   8.6   2   3    0.0033      0.36    7.4   0.2   150   216   786   852   771   857 0.73 length=1088	scaffold=chromosome3	strand=+
2941_g               -           1087 20195                -            602     0.014   12.0   8.6   3   3     0.023       2.6    4.6   0.1   469   503  1006  1040  1001  1065 0.79 length=1088	scaffold=chromosome3	strand=+
4670_g               -            862 20195                -            602     0.017   11.8   0.1   1   3      0.06       6.5    3.2   0.8    98   167   339   408   327   414 0.80 length=863	scaffold=chromosome9	strand=-
4670_g               -            862 20195                -            602     0.017   11.8   0.1   2   3   0.00015     0.017   11.8   0.1   508   560   670   722   665   734 0.68 length=863	scaffold=chromosome9	strand=-
4670_g               -            862 20195                -            602     0.017   11.8   0.1   3   3    0.0014      0.15    8.6   5.9    50   156   734   839   723   840 0.85 length=863	scaffold=chromosome9	strand=-
3409_g               -            483 20195                -            602     0.053   10.1   0.0   1   2         8   8.7e+02   -3.8   7.4    77   135    11    69     7    76 0.70 length=484	scaffold=chromosome5	strand=-
3409_g               -            483 20195                -            602     0.053   10.1   0.0   2   2   0.00048     0.053   10.1   0.0   519   579   404   464   383   480 0.74 length=484	scaffold=chromosome5	strand=-
#
# Program:         hmmsearch
# Version:         3.4 (Aug 2023)
# Pipeline mode:   SEARCH
# Query file:      /home/inf-20-2025/Malaria/busco_downloads/lineages/apicomplexa_odb12/hmms/20195at5794.hmm
# Target file:     /home/inf-20-2025/Malaria/Results/6_nobird_annotation/P_cynomolgi.faa
# Option settings: hmmsearch --domtblout Results/8_busco/P_cynomolgi/run_apicomplexa_odb12/hmmer_output/initial_run_results/20195at5794.out --cpu 1 /home/inf-20-2025/Malaria/busco_downloads/lineages/apicomplexa_odb12/hmms/20195at5794.hmm /home/inf-20-2025/Malaria/Results/6_nobird_annotation/P_cynomolgi.faa 
# Current dir:     /home/inf-20-2025/Malaria
# Date:            Wed Mar  4 18:30:41 2026
# [ok]
