#                                                                            --- full sequence --- -------------- this domain -------------   hmm coord   ali coord   env coord
# target name        accession   tlen query name           accession   qlen   E-value  score  bias   #  of  c-Evalue  i-Evalue  score  bias  from    to  from    to  from    to  acc description of target
#------------------- ---------- ----- -------------------- ---------- ----- --------- ------ ----- --- --- --------- --------- ------ ----- ----- ----- ----- ----- ----- ----- ---- ---------------------
865_g                -            641 31553                -            383  1.8e-149  496.1  11.5   1   4   2.6e-23   2.1e-21   74.6   0.2     1    64    52   115    52   120 0.91 length=642	scaffold=chromosome12	strand=-
865_g                -            641 31553                -            383  1.8e-149  496.1  11.5   2   4   3.9e-27   3.2e-25   87.1   0.3    48   194   157   298   154   303 0.82 length=642	scaffold=chromosome12	strand=-
865_g                -            641 31553                -            383  1.8e-149  496.1  11.5   3   4   4.6e-05    0.0038   14.5   0.0   142   180   302   340   297   346 0.89 length=642	scaffold=chromosome12	strand=-
865_g                -            641 31553                -            383  1.8e-149  496.1  11.5   4   4   1.5e-99   1.2e-97  325.6   0.5   175   382   419   627   407   628 0.97 length=642	scaffold=chromosome12	strand=-
4819_g               -            680 31553                -            383   5.2e-47  158.9   8.7   1   4   2.8e-19   2.3e-17   61.3   0.1   178   280   122   224   110   235 0.93 length=681	scaffold=chromosome9	strand=-
4819_g               -            680 31553                -            383   5.2e-47  158.9   8.7   2   4   2.5e-11     2e-09   35.1   0.3   283   365   359   443   349   453 0.90 length=681	scaffold=chromosome9	strand=-
4819_g               -            680 31553                -            383   5.2e-47  158.9   8.7   3   4   2.9e-17   2.4e-15   54.7   0.2   260   382   461   584   447   585 0.91 length=681	scaffold=chromosome9	strand=-
4819_g               -            680 31553                -            383   5.2e-47  158.9   8.7   4   4   0.00063     0.051   10.8   0.0   223   253   648   678   636   680 0.75 length=681	scaffold=chromosome9	strand=-
714_g                -           1473 31553                -            383   1.6e-44  150.7   9.0   1   2   6.9e-33   5.6e-31  106.1   0.8   220   382    59   219    42   220 0.96 length=1474	scaffold=chromosome11	strand=-
714_g                -           1473 31553                -            383   1.6e-44  150.7   9.0   2   2   3.6e-15   2.9e-13   47.8   0.3   264   381   307   424   302   426 0.86 length=1474	scaffold=chromosome11	strand=-
207_g                -            391 31553                -            383     1e-41  141.4   3.4   1   2   6.4e-20   5.2e-18   63.4   0.4   265   382   108   223   102   224 0.96 length=392	scaffold=chromosome10	strand=-
207_g                -            391 31553                -            383     1e-41  141.4   3.4   2   2   1.3e-24     1e-22   78.9   0.2   176   317   229   368   224   378 0.89 length=392	scaffold=chromosome10	strand=-
4402_g               -            589 31553                -            383   1.6e-35  121.1   5.2   1   2   3.2e-12   2.6e-10   38.1   0.1   266   343   273   348   266   353 0.91 length=590	scaffold=chromosome8	strand=+
4402_g               -            589 31553                -            383   1.6e-35  121.1   5.2   2   2   6.3e-29   5.1e-27   93.1   1.4   156   317   328   490   326   568 0.85 length=590	scaffold=chromosome8	strand=+
3276_g               -            322 31553                -            383   2.2e-35  120.6   6.2   1   2   1.1e-27   8.9e-26   89.0   4.7   196   365    34   211    16   211 0.86 length=323	scaffold=chromosome5	strand=+
3276_g               -            322 31553                -            383   2.2e-35  120.6   6.2   2   2   6.2e-12   5.1e-10   37.1   0.0   223   342   197   318   196   322 0.79 length=323	scaffold=chromosome5	strand=+
4343_g               -            498 31553                -            383   7.1e-35  118.9   5.4   1   2   4.8e-07   3.9e-05   21.0   0.0   156   212   224   283   204   292 0.60 length=499	scaffold=chromosome8	strand=-
4343_g               -            498 31553                -            383   7.1e-35  118.9   5.4   2   2   1.8e-30   1.5e-28   98.1   2.5   174   382   291   498   283   498 0.93 length=499	scaffold=chromosome8	strand=-
3759_g               -           1012 31553                -            383   3.2e-32  110.2   5.0   1   2   2.3e-19   1.9e-17   61.6   0.1   177   343     8   174     3   178 0.93 length=1013	scaffold=chromosome7	strand=-
3759_g               -           1012 31553                -            383   3.2e-32  110.2   5.0   2   2   1.5e-15   1.2e-13   49.0   1.5   263   368   185   290   179   302 0.87 length=1013	scaffold=chromosome7	strand=-
3310_g               -            381 31553                -            383   3.9e-32  109.9   2.2   1   2   5.3e-24   4.3e-22   76.8   1.7   180   382    43   242    34   247 0.94 length=382	scaffold=chromosome5	strand=-
3310_g               -            381 31553                -            383   3.9e-32  109.9   2.2   2   2   3.9e-10   3.2e-08   31.2   0.0   156   209   274   330   263   343 0.86 length=382	scaffold=chromosome5	strand=-
2224_g               -            613 31553                -            383   1.1e-31  108.4   2.3   1   3     2e-07   1.6e-05   22.3   0.0   303   343   316   356   312   363 0.86 length=614	scaffold=chromosome14	strand=+
2224_g               -            613 31553                -            383   1.1e-31  108.4   2.3   2   3   1.6e-11   1.3e-09   35.8   0.0   177   297   361   480   355   491 0.86 length=614	scaffold=chromosome14	strand=+
2224_g               -            613 31553                -            383   1.1e-31  108.4   2.3   3   3   1.3e-15   1.1e-13   49.2   0.3   186   297   497   613   486   613 0.90 length=614	scaffold=chromosome14	strand=+
2670_g               -           1070 31553                -            383   2.9e-28   97.2   7.2   1   5       6.1   4.9e+02   -2.3   0.0   338   368    38    68    22   113 0.51 length=1071	scaffold=chromosome1	strand=+
2670_g               -           1070 31553                -            383   2.9e-28   97.2   7.2   2   5   1.1e-06   8.9e-05   19.9   0.0   175   253   154   234   143   238 0.90 length=1071	scaffold=chromosome1	strand=+
2670_g               -           1070 31553                -            383   2.9e-28   97.2   7.2   3   5   4.6e-07   3.7e-05   21.1   0.1   166   284   286   406   272   411 0.85 length=1071	scaffold=chromosome1	strand=+
2670_g               -           1070 31553                -            383   2.9e-28   97.2   7.2   4   5   1.9e-08   1.5e-06   25.7   0.0   159   214   429   487   406   498 0.58 length=1071	scaffold=chromosome1	strand=+
2670_g               -           1070 31553                -            383   2.9e-28   97.2   7.2   5   5   6.1e-10     5e-08   30.6   0.3   231   352   523   651   517   668 0.86 length=1071	scaffold=chromosome1	strand=+
1313_g               -           1301 31553                -            383   6.3e-28   96.1  18.6   1   3   5.6e-17   4.5e-15   53.7   5.4   203   382    35   230    32   231 0.79 length=1302	scaffold=chromosome12	strand=+
1313_g               -           1301 31553                -            383   6.3e-28   96.1  18.6   2   3    0.0078      0.64    7.2   0.0   216   320   691   791   680   812 0.63 length=1302	scaffold=chromosome12	strand=+
1313_g               -           1301 31553                -            383   6.3e-28   96.1  18.6   3   3     8e-13   6.5e-11   40.0   0.9   234   381   910  1055   885  1057 0.87 length=1302	scaffold=chromosome12	strand=+
4166_g               -           1175 31553                -            383   3.2e-26   90.4   9.6   1   5   0.00041     0.033   11.4   0.0   238   324   201   284   180   287 0.90 length=1176	scaffold=chromosome8	strand=-
4166_g               -           1175 31553                -            383   3.2e-26   90.4   9.6   2   5       7.3   5.9e+02   -2.6   0.0   284   299   359   374   358   380 0.79 length=1176	scaffold=chromosome8	strand=-
4166_g               -           1175 31553                -            383   3.2e-26   90.4   9.6   3   5     8e-10   6.5e-08   30.2   0.4   282   382   562   665   555   666 0.87 length=1176	scaffold=chromosome8	strand=-
4166_g               -           1175 31553                -            383   3.2e-26   90.4   9.6   4   5   2.4e-16     2e-14   51.6   0.5   279   373   714   806   697   815 0.88 length=1176	scaffold=chromosome8	strand=-
4166_g               -           1175 31553                -            383   3.2e-26   90.4   9.6   5   5       3.3   2.7e+02   -1.5   0.0   246   275   806   835   799   848 0.78 length=1176	scaffold=chromosome8	strand=-
591_g                -            540 31553                -            383   1.2e-22   78.7   4.2   1   3     0.012      0.99    6.5   0.3   265   298   206   238   200   250 0.79 length=541	scaffold=chromosome11	strand=-
591_g                -            540 31553                -            383   1.2e-22   78.7   4.2   2   3   6.8e-09   5.6e-07   27.1   0.2   157   215   221   286   218   294 0.78 length=541	scaffold=chromosome11	strand=-
591_g                -            540 31553                -            383   1.2e-22   78.7   4.2   3   3   2.3e-15   1.9e-13   48.4   0.1   190   306   325   447   306   450 0.85 length=541	scaffold=chromosome11	strand=-
3600_g               -            365 31553                -            383   3.1e-22   77.3   1.2   1   2     6e-20   4.9e-18   63.5   3.2   205   371    70   235    53   241 0.87 length=366	scaffold=chromosome6	strand=-
3600_g               -            365 31553                -            383   3.1e-22   77.3   1.2   2   2   0.00089     0.072   10.3   0.0   164   212   239   290   224   292 0.72 length=366	scaffold=chromosome6	strand=-
1512_g               -            761 31553                -            383   8.8e-22   75.8  16.6   1   4    0.0013      0.11    9.7   0.2   306   349     8    50     2    70 0.54 length=762	scaffold=chromosome13	strand=+
1512_g               -            761 31553                -            383   8.8e-22   75.8  16.6   2   4   9.9e-08   8.1e-06   23.3   0.6   309   380    85   158    78   161 0.90 length=762	scaffold=chromosome13	strand=+
1512_g               -            761 31553                -            383   8.8e-22   75.8  16.6   3   4   2.5e-13   2.1e-11   41.7   0.8   264   343   280   360   230   375 0.89 length=762	scaffold=chromosome13	strand=+
1512_g               -            761 31553                -            383   8.8e-22   75.8  16.6   4   4   0.00069     0.056   10.6   0.1   225   297   679   757   655   761 0.50 length=762	scaffold=chromosome13	strand=+
128_g                -           1385 31553                -            383   2.4e-21   74.4   7.9   1   3   7.2e-07   5.9e-05   20.4   0.0   344   382  1049  1087  1044  1088 0.96 length=1386	scaffold=chromosome10	strand=-
128_g                -           1385 31553                -            383   2.4e-21   74.4   7.9   2   3   8.3e-06   0.00068   16.9   0.1   309   377  1100  1167  1089  1173 0.67 length=1386	scaffold=chromosome10	strand=-
128_g                -           1385 31553                -            383   2.4e-21   74.4   7.9   3   3   1.6e-12   1.3e-10   39.1   1.0   185   341  1190  1351  1180  1359 0.87 length=1386	scaffold=chromosome10	strand=-
1986_g               -            525 31553                -            383   2.2e-20   71.2   3.5   1   2   5.1e-22   4.1e-20   70.3   2.7   182   350   218   392   208   427 0.86 length=526	scaffold=chromosome14	strand=-
1986_g               -            525 31553                -            383   2.2e-20   71.2   3.5   2   2         5   4.1e+02   -2.1   0.0   193   253   464   524   449   525 0.67 length=526	scaffold=chromosome14	strand=-
2910_g               -            492 31553                -            383   1.6e-19   68.4   3.9   1   3   1.9e-09   1.6e-07   28.9   0.1   305   382    60   137    46   138 0.94 length=493	scaffold=chromosome3	strand=+
2910_g               -            492 31553                -            383   1.6e-19   68.4   3.9   2   3   6.5e-05    0.0053   14.0   0.0   165   306   184   324   164   331 0.77 length=493	scaffold=chromosome3	strand=+
2910_g               -            492 31553                -            383   1.6e-19   68.4   3.9   3   3   2.3e-08   1.9e-06   25.4   0.4   267   356   329   417   324   428 0.83 length=493	scaffold=chromosome3	strand=+
2416_g               -            470 31553                -            383   2.5e-19   67.7   5.1   1   2   5.4e-17   4.4e-15   53.8   0.8   223   353   169   300   164   305 0.84 length=471	scaffold=chromosome14	strand=-
2416_g               -            470 31553                -            383   2.5e-19   67.7   5.1   2   2   2.8e-05    0.0023   15.2   0.2   274   344   316   390   305   401 0.83 length=471	scaffold=chromosome14	strand=-
2727_g               -            447 31553                -            383   7.5e-19   66.2   0.2   1   3   0.00017     0.014   12.7   0.0   174   254   143   234   136   235 0.77 length=448	scaffold=chromosome2	strand=+
2727_g               -            447 31553                -            383   7.5e-19   66.2   0.2   2   3   1.5e-15   1.2e-13   49.0   0.0   191   342   213   370   210   375 0.85 length=448	scaffold=chromosome2	strand=+
2727_g               -            447 31553                -            383   7.5e-19   66.2   0.2   3   3       0.1       8.5    3.5   0.0   194   215   409   430   374   439 0.57 length=448	scaffold=chromosome2	strand=+
2511_g               -            552 31553                -            383   3.7e-18   63.9   2.5   1   2     1e-14   8.2e-13   46.3   0.1   261   343    67   157    54   159 0.85 length=553	scaffold=chromosome14	strand=+
2511_g               -            552 31553                -            383   3.7e-18   63.9   2.5   2   2   1.6e-08   1.3e-06   25.9   0.3   265   342   122   197   111   247 0.79 length=553	scaffold=chromosome14	strand=+
4579_g               -            555 31553                -            383   7.2e-18   62.9   6.7   1   3   2.8e-06   0.00023   18.5   0.1   262   346    44   128    39   153 0.80 length=556	scaffold=chromosome9	strand=+
4579_g               -            555 31553                -            383   7.2e-18   62.9   6.7   2   3   6.7e-12   5.5e-10   37.0   0.3   173   273   159   259   147   263 0.84 length=556	scaffold=chromosome9	strand=+
4579_g               -            555 31553                -            383   7.2e-18   62.9   6.7   3   3    0.0014      0.12    9.6   0.1   240   301   342   406   320   421 0.79 length=556	scaffold=chromosome9	strand=+
1590_g               -            564 31553                -            383   1.2e-17   62.2  11.5   1   4   0.00055     0.045   11.0   0.6   172   255   124   221   103   223 0.68 length=565	scaffold=chromosome13	strand=-
1590_g               -            564 31553                -            383   1.2e-17   62.2  11.5   2   4     0.014       1.2    6.3   0.2   155   181   202   228   184   238 0.57 length=565	scaffold=chromosome13	strand=-
1590_g               -            564 31553                -            383   1.2e-17   62.2  11.5   3   4   1.2e-14     1e-12   46.0   1.1   239   351   386   499   379   504 0.86 length=565	scaffold=chromosome13	strand=-
1590_g               -            564 31553                -            383   1.2e-17   62.2  11.5   4   4     0.028       2.3    5.4   0.0   261   299   509   547   507   554 0.82 length=565	scaffold=chromosome13	strand=-
815_g                -            700 31553                -            383   1.3e-16   58.8   8.6   1   3      0.13        11    3.1   0.0   157   231   148   224   132   262 0.65 length=701	scaffold=chromosome12	strand=+
815_g                -            700 31553                -            383   1.3e-16   58.8   8.6   2   3   0.00016     0.013   12.7   0.2   236   340   279   378   268   391 0.84 length=701	scaffold=chromosome12	strand=+
815_g                -            700 31553                -            383   1.3e-16   58.8   8.6   3   3   1.1e-14     9e-13   46.2   1.1    81   341   418   685   406   697 0.80 length=701	scaffold=chromosome12	strand=+
2950_g               -            327 31553                -            383   1.9e-16   58.3   1.4   1   3   1.9e-05    0.0015   15.8   0.0   182   261     8    86     2   115 0.62 length=328	scaffold=chromosome3	strand=-
2950_g               -            327 31553                -            383   1.9e-16   58.3   1.4   2   3   1.8e-09   1.5e-07   29.0   0.4   204   305   121   220   100   228 0.83 length=328	scaffold=chromosome3	strand=-
2950_g               -            327 31553                -            383   1.9e-16   58.3   1.4   3   3    0.0011     0.091    9.9   0.0   209   253   271   315   245   318 0.88 length=328	scaffold=chromosome3	strand=-
2286_g               -            648 31553                -            383     3e-16   57.6  10.6   1   4       1.2        96   -0.0   0.0   272   304   323   356   318   362 0.74 length=649	scaffold=chromosome14	strand=+
2286_g               -            648 31553                -            383     3e-16   57.6  10.6   2   4   1.6e-10   1.3e-08   32.5   2.0   266   362   376   479   372   484 0.82 length=649	scaffold=chromosome14	strand=+
2286_g               -            648 31553                -            383     3e-16   57.6  10.6   3   4   2.4e-08   1.9e-06   25.3   0.1   280   343   439   501   436   505 0.85 length=649	scaffold=chromosome14	strand=+
2286_g               -            648 31553                -            383     3e-16   57.6  10.6   4   4   4.7e-07   3.8e-05   21.1   0.1   196   330   482   621   477   635 0.76 length=649	scaffold=chromosome14	strand=+
993_g                -            594 31553                -            383   3.1e-16   57.6   0.5   1   3   0.00091     0.074   10.2   0.0   153   179   332   358   318   366 0.69 length=595	scaffold=chromosome12	strand=+
993_g                -            594 31553                -            383   3.1e-16   57.6   0.5   2   3   7.2e-13   5.9e-11   40.2   0.1   181   302   397   525   389   531 0.82 length=595	scaffold=chromosome12	strand=+
993_g                -            594 31553                -            383   3.1e-16   57.6   0.5   3   3      0.11       9.3    3.3   0.0   264   299   553   588   547   591 0.83 length=595	scaffold=chromosome12	strand=+
3671_g               -            697 31553                -            383   6.9e-16   56.4   5.6   1   2   3.6e-10     3e-08   31.3   0.4   172   303   109   255   101   278 0.78 length=698	scaffold=chromosome6	strand=+
3671_g               -            697 31553                -            383   6.9e-16   56.4   5.6   2   2   1.2e-11   9.5e-10   36.2   0.6   177   303   213   364   211   374 0.77 length=698	scaffold=chromosome6	strand=+
2661_g               -            364 31553                -            383     5e-15   53.6   6.1   1   3   7.2e-15   5.9e-13   46.8   3.3   175   380     8   212     4   215 0.81 length=365	scaffold=chromosome1	strand=-
2661_g               -            364 31553                -            383     5e-15   53.6   6.1   2   3       0.1       8.2    3.5   0.0   189   218   235   264   225   275 0.87 length=365	scaffold=chromosome1	strand=-
2661_g               -            364 31553                -            383     5e-15   53.6   6.1   3   3       1.2        98   -0.0   0.0   222   255   326   361   309   364 0.74 length=365	scaffold=chromosome1	strand=-
2393_g               -            506 31553                -            383   7.1e-15   53.1   1.5   1   2   4.9e-08     4e-06   24.3   0.1   264   312   279   327   275   327 0.94 length=507	scaffold=chromosome14	strand=+
2393_g               -            506 31553                -            383   7.1e-15   53.1   1.5   2   2   3.2e-10   2.6e-08   31.5   0.5   176   286   318   429   315   456 0.77 length=507	scaffold=chromosome14	strand=+
3378_g               -            490 31553                -            383   2.3e-14   51.4   5.7   1   4      0.34        28    1.7   0.0   218   253   230   266   222   280 0.71 length=491	scaffold=chromosome5	strand=+
3378_g               -            490 31553                -            383   2.3e-14   51.4   5.7   2   4    0.0053      0.43    7.7   0.1   281   305   317   341   314   349 0.88 length=491	scaffold=chromosome5	strand=+
3378_g               -            490 31553                -            383   2.3e-14   51.4   5.7   3   4     7e-13   5.7e-11   40.2   0.8   259   342   350   434   342   440 0.90 length=491	scaffold=chromosome5	strand=+
3378_g               -            490 31553                -            383   2.3e-14   51.4   5.7   4   4      0.83        68    0.5   0.0   268   291   458   481   450   485 0.80 length=491	scaffold=chromosome5	strand=+
1636_g               -           2013 31553                -            383   1.5e-13   48.8   2.6   1   3   5.5e-09   4.5e-07   27.4   1.5   173   303    41   176    21   190 0.82 length=2014	scaffold=chromosome13	strand=+
1636_g               -           2013 31553                -            383   1.5e-13   48.8   2.6   2   3     0.018       1.5    5.9   0.0   268   304   238   274   232   286 0.88 length=2014	scaffold=chromosome13	strand=+
1636_g               -           2013 31553                -            383   1.5e-13   48.8   2.6   3   3   0.00031     0.025   11.8   0.0   281   340  1901  1954  1881  1968 0.59 length=2014	scaffold=chromosome13	strand=+
4425_g               -            566 31553                -            383   3.8e-13   47.4   5.3   1   3      0.18        15    2.7   0.0   349   382    37    69    26    70 0.74 length=567	scaffold=chromosome9	strand=-
4425_g               -            566 31553                -            383   3.8e-13   47.4   5.3   2   3   2.5e-11   2.1e-09   35.1   0.1   126   343    79   299    73   303 0.82 length=567	scaffold=chromosome9	strand=-
4425_g               -            566 31553                -            383   3.8e-13   47.4   5.3   3   3    0.0018      0.15    9.2   0.5   302   342   524   561   507   565 0.74 length=567	scaffold=chromosome9	strand=-
702_g                -            393 31553                -            383   1.3e-12   45.6   0.0   1   1   2.4e-14   1.9e-12   45.1   0.0   219   319   217   318   189   370 0.82 length=394	scaffold=chromosome11	strand=+
2239_g               -            463 31553                -            383   1.5e-12   45.4   0.9   1   1   5.9e-14   4.8e-12   43.8   0.9   254   339   309   396   289   426 0.82 length=464	scaffold=chromosome14	strand=+
2325_g               -            748 31553                -            383   2.1e-12   44.9   6.3   1   2   1.2e-12   9.5e-11   39.5   0.8   265   367     9   117     3   143 0.64 length=749	scaffold=chromosome14	strand=+
2325_g               -            748 31553                -            383   2.1e-12   44.9   6.3   2   2    0.0052      0.42    7.7   0.3   263   327   231   300   226   312 0.71 length=749	scaffold=chromosome14	strand=+
1359_g               -            840 31553                -            383   1.1e-11   42.6   0.6   1   3   3.2e-06   0.00026   18.3   0.0   186   255    68   137    11   149 0.57 length=841	scaffold=chromosome12	strand=+
1359_g               -            840 31553                -            383   1.1e-11   42.6   0.6   2   3     0.005      0.41    7.8   0.0   219   272   257   311   245   331 0.79 length=841	scaffold=chromosome12	strand=+
1359_g               -            840 31553                -            383   1.1e-11   42.6   0.6   3   3   0.00019     0.016   12.5   0.3   325   381   430   485   405   499 0.69 length=841	scaffold=chromosome12	strand=+
3544_g               -            647 31553                -            383   1.3e-11   42.3   1.0   1   3   0.00054     0.044   11.0   0.0   127   253   295   428   286   430 0.73 length=648	scaffold=chromosome6	strand=+
3544_g               -            647 31553                -            383   1.3e-11   42.3   1.0   2   3   2.8e-05    0.0023   15.2   0.0   227   325   352   460   327   474 0.73 length=648	scaffold=chromosome6	strand=+
3544_g               -            647 31553                -            383   1.3e-11   42.3   1.0   3   3   8.1e-08   6.6e-06   23.6   0.6   265   382   490   617   462   618 0.82 length=648	scaffold=chromosome6	strand=+
994_g                -           2446 31553                -            383   1.4e-11   42.3   0.2   1   2   2.3e-08   1.9e-06   25.3   0.1   164   287  2164  2286  2157  2343 0.83 length=2447	scaffold=chromosome12	strand=+
994_g                -           2446 31553                -            383   1.4e-11   42.3   0.2   2   2   2.9e-05    0.0024   15.1   0.0   118   253  2300  2441  2284  2442 0.69 length=2447	scaffold=chromosome12	strand=+
386_g                -            883 31553                -            383   4.9e-11   40.5   1.7   1   3         2   1.6e+02   -0.8   0.0   157   177    47    67    32    77 0.64 length=884	scaffold=chromosome11	strand=+
386_g                -            883 31553                -            383   4.9e-11   40.5   1.7   2   3     0.029       2.4    5.3   0.0   198   252   137   189    87   192 0.85 length=884	scaffold=chromosome11	strand=+
386_g                -            883 31553                -            383   4.9e-11   40.5   1.7   3   3   1.7e-10   1.4e-08   32.3   0.2   154   257   231   336   216   348 0.87 length=884	scaffold=chromosome11	strand=+
3909_g               -            780 31553                -            383   9.5e-10   36.2   1.4   1   2     0.051       4.1    4.5   0.1   271   295   471   495   459   560 0.79 length=781	scaffold=chromosome7	strand=+
3909_g               -            780 31553                -            383   9.5e-10   36.2   1.4   2   2   1.6e-09   1.3e-07   29.2   0.1   144   256   586   703   580   735 0.74 length=781	scaffold=chromosome7	strand=+
3109_g               -           1462 31553                -            383     3e-09   34.6   3.8   1   2   4.9e-10     4e-08   30.9   1.4   175   357   137   333   132   354 0.75 length=1463	scaffold=chromosome4	strand=+
3109_g               -           1462 31553                -            383     3e-09   34.6   3.8   2   2      0.26        22    2.1   0.0   325   363   870   908   844   926 0.75 length=1463	scaffold=chromosome4	strand=+
306_g                -            976 31553                -            383   3.7e-09   34.3   1.0   1   3   2.8e-06   0.00023   18.5   0.0   284   342   189   251   181   255 0.73 length=977	scaffold=chromosome10	strand=-
306_g                -            976 31553                -            383   3.7e-09   34.3   1.0   2   3   0.00014     0.011   12.9   0.1   163   340   298   352   282   383 0.52 length=977	scaffold=chromosome10	strand=-
306_g                -            976 31553                -            383   3.7e-09   34.3   1.0   3   3       4.1   3.3e+02   -1.8   0.0   220   251   850   881   801   888 0.65 length=977	scaffold=chromosome10	strand=-
52_g                 -            322 31553                -            383   6.9e-09   33.4   4.1   1   3   1.1e-10   8.9e-09   33.0   1.7   180   320     7   150     1   162 0.76 length=323	scaffold=chromosome10	strand=+
52_g                 -            322 31553                -            383   6.9e-09   33.4   4.1   2   3      0.77        63    0.6   0.1   178   253   135   212   130   266 0.68 length=323	scaffold=chromosome10	strand=+
52_g                 -            322 31553                -            383   6.9e-09   33.4   4.1   3   3       1.3   1.1e+02   -0.2   0.1   186   218   273   304   171   309 0.77 length=323	scaffold=chromosome10	strand=+
781_g                -            466 31553                -            383   1.6e-08   32.1   0.1   1   1   4.3e-10   3.5e-08   31.1   0.1   174   308   104   239    75   268 0.62 length=467	scaffold=chromosome12	strand=-
4529_g               -            466 31553                -            383   2.1e-08   31.8   2.0   1   3    0.0076      0.62    7.2   0.0   177   214   104   140    75   146 0.76 length=467	scaffold=chromosome9	strand=-
4529_g               -            466 31553                -            383   2.1e-08   31.8   2.0   2   3     6e-06   0.00049   17.4   0.2   260   301   207   247   201   284 0.79 length=467	scaffold=chromosome9	strand=-
4529_g               -            466 31553                -            383   2.1e-08   31.8   2.0   3   3     0.032       2.6    5.1   0.0   156   213   336   395   328   400 0.77 length=467	scaffold=chromosome9	strand=-
1655_g               -            780 31553                -            383     3e-08   31.3   2.4   1   1   7.5e-10   6.1e-08   30.3   2.4    88   268   253   441   241   449 0.80 length=781	scaffold=chromosome13	strand=+
2323_g               -            436 31553                -            383   9.8e-08   29.6   1.9   1   2   1.4e-07   1.1e-05   22.8   0.2   232   358    81   217    72   240 0.78 length=437	scaffold=chromosome14	strand=-
2323_g               -            436 31553                -            383   9.8e-08   29.6   1.9   2   2     0.023       1.9    5.6   0.1   303   350   307   352   278   373 0.60 length=437	scaffold=chromosome14	strand=-
495_g                -            519 31553                -            383     1e-07   29.6   0.3   1   2   0.00066     0.054   10.7   0.0   180   214   288   322   268   337 0.83 length=520	scaffold=chromosome11	strand=-
495_g                -            519 31553                -            383     1e-07   29.6   0.3   2   2   1.5e-05    0.0012   16.1   0.1   242   346   372   479   357   503 0.67 length=520	scaffold=chromosome11	strand=-
2441_g               -            374 31553                -            383   1.2e-07   29.4   1.3   1   2   1.9e-05    0.0016   15.8   1.6   146   255    30   151     2   255 0.64 length=375	scaffold=chromosome14	strand=-
2441_g               -            374 31553                -            383   1.2e-07   29.4   1.3   2   2    0.0017      0.14    9.4   0.0   233   287   311   363   265   370 0.82 length=375	scaffold=chromosome14	strand=-
3914_g               -            342 31553                -            383   1.3e-07   29.2   0.3   1   2   1.6e-09   1.3e-07   29.2   0.3     3    55    77   129    75   134 0.88 length=343	scaffold=chromosome7	strand=-
3914_g               -            342 31553                -            383   1.3e-07   29.2   0.3   2   2       2.7   2.2e+02   -1.2   0.3    46    93   199   246   195   268 0.77 length=343	scaffold=chromosome7	strand=-
59_g                 -           1686 31553                -            383   2.6e-07   28.2  10.3   1   5      0.78        64    0.6   0.0   175   212   224   261   217   282 0.67 length=1687	scaffold=chromosome10	strand=+
59_g                 -           1686 31553                -            383   2.6e-07   28.2  10.3   2   5   3.5e-05    0.0029   14.9   0.0   172   258   302   391   278   401 0.79 length=1687	scaffold=chromosome10	strand=+
59_g                 -           1686 31553                -            383   2.6e-07   28.2  10.3   3   5     0.019       1.5    5.9   0.1   130   213  1013  1097   960  1105 0.62 length=1687	scaffold=chromosome10	strand=+
59_g                 -           1686 31553                -            383   2.6e-07   28.2  10.3   4   5       5.5   4.5e+02   -2.2   0.0   178   209  1495  1528  1475  1533 0.83 length=1687	scaffold=chromosome10	strand=+
59_g                 -           1686 31553                -            383   2.6e-07   28.2  10.3   5   5    0.0043      0.35    8.0   0.2   276   320  1569  1613  1552  1616 0.82 length=1687	scaffold=chromosome10	strand=+
3010_g               -            684 31553                -            383   5.1e-07   27.2   0.1   1   1   6.2e-09   5.1e-07   27.2   0.1   190   313   321   441   286   498 0.90 length=685	scaffold=chromosome3	strand=-
835_g                -            363 31553                -            383   8.7e-07   26.5   0.0   1   2   1.3e-07     1e-05   22.9   0.0   159   223    82   152    28   159 0.78 length=364	scaffold=chromosome12	strand=+
835_g                -            363 31553                -            383   8.7e-07   26.5   0.0   2   2      0.68        55    0.8   0.0   145   173   217   245   184   299 0.52 length=364	scaffold=chromosome12	strand=+
4072_g               -            168 31553                -            383   9.7e-07   26.3   0.1   1   1   1.2e-08     1e-06   26.3   0.1   279   349    45   115     8   138 0.83 length=169	scaffold=chromosome8	strand=-
373_g                -            365 31553                -            383   5.3e-06   23.9   1.2   1   2   1.4e-05    0.0012   16.2   0.0   217   311    16   107     9   138 0.78 length=366	scaffold=chromosome11	strand=-
373_g                -            365 31553                -            383   5.3e-06   23.9   1.2   2   2     0.024       1.9    5.6   0.2   195   297   252   355   238   361 0.75 length=366	scaffold=chromosome11	strand=-
1810_g               -            546 31553                -            383   7.7e-06   23.4   0.8   1   2   0.00056     0.046   10.9   0.1   259   314    63   118    47   125 0.60 length=547	scaffold=chromosome13	strand=+
1810_g               -            546 31553                -            383   7.7e-06   23.4   0.8   2   2    0.0007     0.057   10.6   0.1   231   307   316   391   301   402 0.77 length=547	scaffold=chromosome13	strand=+
1130_g               -            686 31553                -            383   9.8e-06   23.0   0.0   1   2   0.00098      0.08   10.1   0.0   165   220   384   436   346   443 0.68 length=687	scaffold=chromosome12	strand=-
1130_g               -            686 31553                -            383   9.8e-06   23.0   0.0   2   2   0.00097     0.079   10.1   0.0   240   287   560   608   515   620 0.87 length=687	scaffold=chromosome12	strand=-
2308_g               -           3200 31553                -            383   3.4e-05   21.2   0.2   1   2       9.8     8e+02   -3.0   0.0   266   298    10    42     6    52 0.82 length=3201	scaffold=chromosome14	strand=-
2308_g               -           3200 31553                -            383   3.4e-05   21.2   0.2   2   2   4.1e-07   3.4e-05   21.2   0.2   143   298    64   224    46   235 0.73 length=3201	scaffold=chromosome14	strand=-
4218_g               -           2789 31553                -            383   3.6e-05   21.1   0.1   1   1   4.5e-07   3.6e-05   21.1   0.1   187   253   547   613   528   625 0.75 length=2790	scaffold=chromosome8	strand=-
213_g                -            743 31553                -            383    0.0001   19.7   3.0   1   2   1.3e-06   0.00011   19.6   0.7   215   349   125   253   116   285 0.80 length=744	scaffold=chromosome10	strand=-
213_g                -            743 31553                -            383    0.0001   19.7   3.0   2   2      0.41        34    1.5   0.0   192   255   235   299   227   301 0.83 length=744	scaffold=chromosome10	strand=-
3627_g               -            611 31553                -            383   0.00012   19.4   6.4   1   3       3.2   2.6e+02   -1.4   0.0   179   210   171   202   154   219 0.58 length=612	scaffold=chromosome6	strand=+
3627_g               -            611 31553                -            383   0.00012   19.4   6.4   2   3   0.00058     0.047   10.9   0.6   271   350   435   510   422   531 0.72 length=612	scaffold=chromosome6	strand=+
3627_g               -            611 31553                -            383   0.00012   19.4   6.4   3   3   0.00091     0.074   10.2   0.0   238   278   540   580   530   606 0.75 length=612	scaffold=chromosome6	strand=+
2553_g               -            831 31553                -            383    0.0006   17.1   0.2   1   2     0.013         1    6.5   0.0   232   299   201   269   174   276 0.79 length=832	scaffold=chromosome1	strand=+
2553_g               -            831 31553                -            383    0.0006   17.1   0.2   2   2    0.0032      0.26    8.4   0.1   196   253   431   487   417   496 0.73 length=832	scaffold=chromosome1	strand=+
3036_g               -            816 31553                -            383   0.00072   16.9   0.3   1   3       5.8   4.7e+02   -2.3   0.0   131   174   114   159    89   180 0.64 length=817	scaffold=chromosome3	strand=-
3036_g               -            816 31553                -            383   0.00072   16.9   0.3   2   3     0.087       7.1    3.7   0.0   273   313   309   350   252   367 0.69 length=817	scaffold=chromosome3	strand=-
3036_g               -            816 31553                -            383   0.00072   16.9   0.3   3   3     0.001     0.083   10.1   0.0   177   219   606   648   534   661 0.81 length=817	scaffold=chromosome3	strand=-
4164_g               -            385 31553                -            383   0.00077   16.8   0.1   1   1   1.7e-05    0.0014   15.9   0.1   224   301   201   280   170   287 0.67 length=386	scaffold=chromosome8	strand=-
3900_g               -            691 31553                -            383   0.00093   16.5   0.1   1   1     4e-05    0.0033   14.7   0.0   266   311   145   190   138   208 0.71 length=692	scaffold=chromosome7	strand=-
2681_g               -            584 31553                -            383     0.001   16.4   1.0   1   2   2.1e-05    0.0017   15.7   0.0   152   264   148   264    85   278 0.74 length=585	scaffold=chromosome1	strand=+
2681_g               -            584 31553                -            383     0.001   16.4   1.0   2   2       6.9   5.6e+02   -2.5   0.8    74   133   503   560   492   565 0.69 length=585	scaffold=chromosome1	strand=+
4073_g               -           2536 31553                -            383    0.0041   14.4   0.0   1   2    0.0011     0.093    9.9   0.0   324   377   290   343   282   350 0.89 length=2537	scaffold=chromosome8	strand=-
4073_g               -           2536 31553                -            383    0.0041   14.4   0.0   2   2       0.6        49    0.9   0.0   282   309  1185  1212  1179  1223 0.62 length=2537	scaffold=chromosome8	strand=-
4607_g               -           1561 31553                -            383    0.0089   13.3   0.0   1   1   0.00025      0.02   12.1   0.0   176   257  1209  1285  1202  1294 0.73 length=1562	scaffold=chromosome9	strand=-
2244_g               -            515 31553                -            383     0.021   12.1   1.0   1   2      0.55        45    1.1   0.0   130   170    80   121    54   166 0.72 length=516	scaffold=chromosome14	strand=-
2244_g               -            515 31553                -            383     0.021   12.1   1.0   2   2    0.0028      0.23    8.6   0.1   245   307   389   457   363   465 0.73 length=516	scaffold=chromosome14	strand=-
#
# Program:         hmmsearch
# Version:         3.4 (Aug 2023)
# Pipeline mode:   SEARCH
# Query file:      /home/inf-20-2025/Malaria/busco_downloads/lineages/apicomplexa_odb12/hmms/31553at5794.hmm
# Target file:     /home/inf-20-2025/Malaria/Results/6_nobird_annotation/P_cynomolgi.faa
# Option settings: hmmsearch --domtblout Results/8_busco/P_cynomolgi/run_apicomplexa_odb12/hmmer_output/initial_run_results/31553at5794.out --cpu 1 /home/inf-20-2025/Malaria/busco_downloads/lineages/apicomplexa_odb12/hmms/31553at5794.hmm /home/inf-20-2025/Malaria/Results/6_nobird_annotation/P_cynomolgi.faa 
# Current dir:     /home/inf-20-2025/Malaria
# Date:            Wed Mar  4 18:30:44 2026
# [ok]
