#                                                                            --- full sequence --- -------------- this domain -------------   hmm coord   ali coord   env coord
# target name        accession   tlen query name           accession   qlen   E-value  score  bias   #  of  c-Evalue  i-Evalue  score  bias  from    to  from    to  from    to  acc description of target
#------------------- ---------- ----- -------------------- ---------- ----- --------- ------ ----- --- --- --------- --------- ------ ----- ----- ----- ----- ----- ----- ----- ---- ---------------------
2980_g               -            917 31610                -            269   1.8e-99  330.5   4.5   1   3   1.7e-53     1e-50  170.7   0.0     2   135     9   157     8   164 0.89 length=918	scaffold=chromosome3	strand=+
2980_g               -            917 31610                -            269   1.8e-99  330.5   4.5   2   3   1.6e-41     9e-39  131.5   0.4   133   237   470   574   460   590 0.87 length=918	scaffold=chromosome3	strand=+
2980_g               -            917 31610                -            269   1.8e-99  330.5   4.5   3   3   5.4e-10   3.1e-07   28.1   0.0   229   269   773   813   760   813 0.86 length=918	scaffold=chromosome3	strand=+
4477_g               -            384 31610                -            269   5.9e-40  135.4   0.0   1   1   1.8e-42     1e-39  134.6   0.0     3   267     4   258     2   260 0.89 length=385	scaffold=chromosome9	strand=+
2463_g               -            376 31610                -            269   1.9e-39  133.8   0.0   1   1   7.7e-42   4.5e-39  132.5   0.0     3   268     7   266     5   267 0.87 length=377	scaffold=chromosome14	strand=+
1770_g               -            376 31610                -            269   9.7e-37  124.9   0.0   1   1   4.5e-39   2.6e-36  123.5   0.0     4   268     7   266     4   267 0.85 length=377	scaffold=chromosome13	strand=-
2783_g               -            411 31610                -            269   8.5e-36  121.8   0.1   1   1   8.9e-38   5.1e-35  119.2   0.1     4   268    45   301    42   302 0.81 length=412	scaffold=chromosome2	strand=+
2917_g               -            423 31610                -            269   3.6e-13   47.6   0.1   1   2   2.4e-05     0.014   12.8   0.0     2    30    23    51    22    63 0.91 length=424	scaffold=chromosome3	strand=-
2917_g               -            423 31610                -            269   3.6e-13   47.6   0.1   2   2   2.4e-11   1.4e-08   32.5   0.0    69   224   114   260    97   293 0.86 length=424	scaffold=chromosome3	strand=-
1678_g               -            541 31610                -            269   2.5e-12   44.8   0.0   1   2    0.0033       1.9    5.8   0.0     4    33    20    49    17    53 0.88 length=542	scaffold=chromosome13	strand=+
1678_g               -            541 31610                -            269   2.5e-12   44.8   0.0   2   2   1.7e-12   9.9e-10   36.3   0.0    76   186   159   261   148   270 0.88 length=542	scaffold=chromosome13	strand=+
261_g                -            392 31610                -            269   2.7e-07   28.3   0.1   1   2   0.00017       0.1   10.0   0.0     4    48     9    53     6    60 0.91 length=393	scaffold=chromosome10	strand=-
261_g                -            392 31610                -            269   2.7e-07   28.3   0.1   2   2   2.4e-06    0.0014   16.2   0.0    78   186   276   376   230   382 0.72 length=393	scaffold=chromosome10	strand=-
4417_g               -            491 31610                -            269   0.00051   17.6   0.0   1   2      0.12        68    0.8   0.0     3    31     6    34     4    52 0.83 length=492	scaffold=chromosome9	strand=+
4417_g               -            491 31610                -            269   0.00051   17.6   0.0   2   2   9.8e-06    0.0056   14.1   0.0    81   127   100   146    72   165 0.79 length=492	scaffold=chromosome9	strand=+
2814_g               -            575 31610                -            269     0.002   15.6   0.1   1   1   6.8e-06    0.0039   14.7   0.1   142   190   270   318   206   325 0.87 length=576	scaffold=chromosome2	strand=+
#
# Program:         hmmsearch
# Version:         3.4 (Aug 2023)
# Pipeline mode:   SEARCH
# Query file:      /home/inf-20-2025/Malaria/busco_downloads/lineages/apicomplexa_odb12/hmms/31610at5794.hmm
# Target file:     /home/inf-20-2025/Malaria/Results/6_nobird_annotation/P_cynomolgi.faa
# Option settings: hmmsearch --domtblout Results/8_busco/P_cynomolgi/run_apicomplexa_odb12/hmmer_output/initial_run_results/31610at5794.out --cpu 1 /home/inf-20-2025/Malaria/busco_downloads/lineages/apicomplexa_odb12/hmms/31610at5794.hmm /home/inf-20-2025/Malaria/Results/6_nobird_annotation/P_cynomolgi.faa 
# Current dir:     /home/inf-20-2025/Malaria
# Date:            Wed Mar  4 18:30:40 2026
# [ok]
