#                                                                            --- full sequence --- -------------- this domain -------------   hmm coord   ali coord   env coord
# target name        accession   tlen query name           accession   qlen   E-value  score  bias   #  of  c-Evalue  i-Evalue  score  bias  from    to  from    to  from    to  acc description of target
#------------------- ---------- ----- -------------------- ---------- ----- --------- ------ ----- --- --- --------- --------- ------ ----- ----- ----- ----- ----- ----- ----- ---- ---------------------
471_g                -            951 31816                -            664         0 1031.5  19.3   1   1         0         0 1026.6  19.3     2   658   192   910   191   915 0.90 length=952	scaffold=chromosome11	strand=-
2562_g               -            827 31816                -            664  1.4e-114  382.2   6.0   1   2   1.3e-20   9.6e-18   62.2   0.1    22   165   189   334   168   353 0.83 length=828	scaffold=chromosome1	strand=-
2562_g               -            827 31816                -            664  1.4e-114  382.2   6.0   2   2     1e-98   7.4e-96  320.3   2.3   217   563   358   732   338   792 0.83 length=828	scaffold=chromosome1	strand=-
1534_g               -            758 31816                -            664  1.4e-113  378.9   3.4   1   2   2.1e-10   1.5e-07   28.5   0.0   105   163   253   311   164   318 0.93 length=759	scaffold=chromosome13	strand=+
1534_g               -            758 31816                -            664  1.4e-113  378.9   3.4   2   2  1.5e-106  1.1e-103  346.2   3.7   219   565   338   700   327   711 0.89 length=759	scaffold=chromosome13	strand=+
1721_g               -           1180 31816                -            664  2.6e-113  378.0   2.9   1   3     1e-21   7.4e-19   65.9   0.2    29   162   507   641   480   652 0.86 length=1181	scaffold=chromosome13	strand=-
1721_g               -           1180 31816                -            664  2.6e-113  378.0   2.9   2   3   1.6e-07   0.00012   19.0   0.1   205   272   651   721   646   737 0.74 length=1181	scaffold=chromosome13	strand=-
1721_g               -           1180 31816                -            664  2.6e-113  378.0   2.9   3   3   1.1e-89   7.8e-87  290.5   0.0   267   542   758  1053   749  1074 0.84 length=1181	scaffold=chromosome13	strand=-
2044_g               -           3657 31816                -            664  5.3e-112  373.7  24.1   1   3  2.2e-103  1.6e-100  335.8   7.5    17   450   265   729   250   741 0.80 length=3658	scaffold=chromosome14	strand=+
2044_g               -           3657 31816                -            664  5.3e-112  373.7  24.1   2   3   2.4e-16   1.7e-13   48.1   0.6   438   569   772   905   755   943 0.77 length=3658	scaffold=chromosome14	strand=+
2044_g               -           3657 31816                -            664  5.3e-112  373.7  24.1   3   3       3.3   2.4e+03   -5.2   2.0   559   643  2867  2954  2861  2961 0.68 length=3658	scaffold=chromosome14	strand=+
42_g                 -            971 31816                -            664     1e-89  300.0  16.9   1   4      0.68   4.9e+02   -2.9   1.5   536   601    38   103    30   140 0.65 length=972	scaffold=chromosome10	strand=+
42_g                 -            971 31816                -            664     1e-89  300.0  16.9   2   4   1.2e-15   8.6e-13   45.8   0.2    35   161   194   336   160   340 0.76 length=972	scaffold=chromosome10	strand=+
42_g                 -            971 31816                -            664     1e-89  300.0  16.9   3   4   7.5e-73   5.4e-70  234.9   0.7   211   445   356   608   352   626 0.88 length=972	scaffold=chromosome10	strand=+
42_g                 -            971 31816                -            664     1e-89  300.0  16.9   4   4   5.1e-10   3.7e-07   27.2   0.0   471   564   710   805   699   824 0.83 length=972	scaffold=chromosome10	strand=+
1530_g               -           1373 31816                -            664     7e-88  294.0   3.5   1   3   6.8e-16   4.9e-13   46.7   0.1    22   165   252   401   240   412 0.84 length=1374	scaffold=chromosome13	strand=-
1530_g               -           1373 31816                -            664     7e-88  294.0   3.5   2   3   5.8e-60   4.2e-57  192.3   0.0   262   450   907  1093   895  1099 0.94 length=1374	scaffold=chromosome13	strand=-
1530_g               -           1373 31816                -            664     7e-88  294.0   3.5   3   3   3.4e-18   2.5e-15   54.2   0.3   446   545  1179  1279  1165  1340 0.81 length=1374	scaffold=chromosome13	strand=-
3420_g               -           1409 31816                -            664   1.2e-62  210.6  10.8   1   4   1.5e-06    0.0011   15.8   2.2    19    98   356   438   335   444 0.66 length=1410	scaffold=chromosome5	strand=-
3420_g               -           1409 31816                -            664   1.2e-62  210.6  10.8   2   4   9.1e-07   0.00066   16.5   0.0    98   162   533   592   512   596 0.88 length=1410	scaffold=chromosome5	strand=-
3420_g               -           1409 31816                -            664   1.2e-62  210.6  10.8   3   4   3.7e-46   2.7e-43  146.6   1.3   274   440   949  1117   943  1123 0.85 length=1410	scaffold=chromosome5	strand=-
3420_g               -           1409 31816                -            664   1.2e-62  210.6  10.8   4   4   9.6e-12   6.9e-09   32.9   0.0   451   534  1244  1324  1220  1345 0.81 length=1410	scaffold=chromosome5	strand=-
#
# Program:         hmmsearch
# Version:         3.4 (Aug 2023)
# Pipeline mode:   SEARCH
# Query file:      /home/inf-20-2025/Malaria/busco_downloads/lineages/apicomplexa_odb12/hmms/31816at5794.hmm
# Target file:     /home/inf-20-2025/Malaria/Results/6_nobird_annotation/P_cynomolgi.faa
# Option settings: hmmsearch --domtblout Results/8_busco/P_cynomolgi/run_apicomplexa_odb12/hmmer_output/initial_run_results/31816at5794.out --cpu 1 /home/inf-20-2025/Malaria/busco_downloads/lineages/apicomplexa_odb12/hmms/31816at5794.hmm /home/inf-20-2025/Malaria/Results/6_nobird_annotation/P_cynomolgi.faa 
# Current dir:     /home/inf-20-2025/Malaria
# Date:            Wed Mar  4 18:30:43 2026
# [ok]
