#                                                                            --- full sequence --- -------------- this domain -------------   hmm coord   ali coord   env coord
# target name        accession   tlen query name           accession   qlen   E-value  score  bias   #  of  c-Evalue  i-Evalue  score  bias  from    to  from    to  from    to  acc description of target
#------------------- ---------- ----- -------------------- ---------- ----- --------- ------ ----- --- --- --------- --------- ------ ----- ----- ----- ----- ----- ----- ----- ---- ---------------------
4461_g               -            335 31842                -            330  2.8e-195  646.3  15.5   1   1    3e-197  3.1e-195  646.2  15.5     2   329     2   329     1   330 0.99 length=336	scaffold=chromosome9	strand=+
1605_g               -            696 31842                -            330   2.5e-49  166.6   4.8   1   1   3.4e-51   3.5e-49  166.1   4.8    35   329    13   311     3   312 0.85 length=697	scaffold=chromosome13	strand=+
453_g                -            288 31842                -            330   5.3e-46  155.6   0.0   1   1     6e-48   6.2e-46  155.4   0.0    41   330     2   286     1   286 0.87 length=289	scaffold=chromosome11	strand=+
4311_g               -            543 31842                -            330   8.5e-44  148.4   1.7   1   1   1.3e-45   1.3e-43  147.7   1.7    12   329   141   458   131   459 0.81 length=544	scaffold=chromosome8	strand=+
3435_g               -            638 31842                -            330   8.8e-43  145.1   5.7   1   1   1.2e-44   1.2e-42  144.6   5.7    41   330   291   597   286   597 0.85 length=639	scaffold=chromosome5	strand=-
3402_g               -           1514 31842                -            330   4.6e-34  116.4   4.2   1   2   5.8e-05     0.006   14.1   0.6    42   106   680   748   669   757 0.81 length=1515	scaffold=chromosome5	strand=+
3402_g               -           1514 31842                -            330   4.6e-34  116.4   4.2   2   2   5.3e-32   5.5e-30  103.0   0.0   132   329   842  1046   830  1047 0.83 length=1515	scaffold=chromosome5	strand=+
3325_g               -            830 31842                -            330   5.1e-33  113.0  12.4   1   3   7.1e-05    0.0073   13.8   1.9    39   114    31   104     2   129 0.69 length=831	scaffold=chromosome5	strand=-
3325_g               -            830 31842                -            330   5.1e-33  113.0  12.4   2   3   3.1e-10   3.2e-08   31.4   0.3   132   173   233   274   221   279 0.91 length=831	scaffold=chromosome5	strand=-
3325_g               -            830 31842                -            330   5.1e-33  113.0  12.4   3   3   4.2e-23   4.4e-21   73.7   0.2   173   329   602   749   593   750 0.84 length=831	scaffold=chromosome5	strand=-
920_g                -            251 31842                -            330   1.7e-32  111.2   0.5   1   1     1e-32     1e-30  105.4   0.5   106   329    33   240    18   241 0.80 length=252	scaffold=chromosome12	strand=-
914_g                -            564 31842                -            330   2.6e-31  107.3  10.8   1   2   1.5e-31   1.6e-29  101.5   8.7    38   250   116   331    97   336 0.83 length=565	scaffold=chromosome12	strand=+
914_g                -            564 31842                -            330   2.6e-31  107.3  10.8   2   2     0.023       2.3    5.6   0.0   295   329   343   377   333   378 0.85 length=565	scaffold=chromosome12	strand=+
4507_g               -            521 31842                -            330   2.3e-30  104.3  12.4   1   3   5.9e-21   6.1e-19   66.7   4.9    34   191   109   274    90   279 0.82 length=522	scaffold=chromosome9	strand=-
4507_g               -            521 31842                -            330   2.3e-30  104.3  12.4   2   3   4.2e-08   4.3e-06   24.5   0.0   191   230   300   339   295   351 0.88 length=522	scaffold=chromosome9	strand=-
4507_g               -            521 31842                -            330   2.3e-30  104.3  12.4   3   3   0.00025     0.025   12.1   0.9   297   329   427   459   376   460 0.72 length=522	scaffold=chromosome9	strand=-
4331_g               -            925 31842                -            330   1.8e-28   98.0   1.0   1   2   5.8e-26     6e-24   83.1   1.1    48   249   486   690   469   697 0.81 length=926	scaffold=chromosome8	strand=-
4331_g               -            925 31842                -            330   1.8e-28   98.0   1.0   2   2   0.00021     0.022   12.3   0.0   296   330   704   738   688   738 0.85 length=926	scaffold=chromosome8	strand=-
1255_g               -            860 31842                -            330     2e-28   97.9  10.6   1   1   7.1e-30   7.3e-28   96.0  10.6    39   287   488   746   464   775 0.75 length=861	scaffold=chromosome12	strand=-
4596_g               -           1884 31842                -            330   7.5e-28   96.0   1.8   1   2   3.7e-28   3.8e-26   90.4   0.8    12   240  1417  1653  1409  1669 0.80 length=1885	scaffold=chromosome9	strand=+
4596_g               -           1884 31842                -            330   7.5e-28   96.0   1.8   2   2     0.059       6.1    4.2   0.0   296   329  1674  1707  1651  1708 0.82 length=1885	scaffold=chromosome9	strand=+
4180_g               -            325 31842                -            330   1.2e-27   95.3  12.7   1   1   2.9e-29   2.9e-27   94.0  12.7    49   328    16   308     3   310 0.81 length=326	scaffold=chromosome8	strand=+
2034_g               -            294 31842                -            330   1.5e-27   95.0   1.9   1   1   2.3e-29   2.4e-27   94.3   1.8    40   251     8   225     2   268 0.85 length=295	scaffold=chromosome14	strand=-
2957_g               -            529 31842                -            330     8e-25   86.0  12.5   1   2   3.6e-23   3.7e-21   74.0   9.6    31   251    61   285    30   298 0.81 length=530	scaffold=chromosome3	strand=+
2957_g               -            529 31842                -            330     8e-25   86.0  12.5   2   2   0.00014     0.015   12.9   0.0   297   328   298   329   293   331 0.90 length=530	scaffold=chromosome3	strand=+
1296_g               -            377 31842                -            330   1.1e-24   85.5  11.8   1   2   1.8e-25   1.9e-23   81.5  10.9    31   241    30   253     3   264 0.77 length=378	scaffold=chromosome12	strand=-
1296_g               -            377 31842                -            330   1.1e-24   85.5  11.8   2   2     0.095       9.8    3.6   0.0   279   328   260   309   252   311 0.80 length=378	scaffold=chromosome12	strand=-
2025_g               -            368 31842                -            330   1.4e-24   85.2   8.5   1   2   1.3e-26   1.4e-24   85.2   8.5    40   239   105   312    86   323 0.82 length=369	scaffold=chromosome14	strand=+
2025_g               -            368 31842                -            330   1.4e-24   85.2   8.5   2   2       2.2   2.3e+02   -1.0   0.0   298   328   331   361   317   363 0.87 length=369	scaffold=chromosome14	strand=+
638_g                -            788 31842                -            330   6.2e-24   83.1   3.6   1   4       1.1   1.1e+02    0.1   0.1    44    67    21    44     7    54 0.81 length=789	scaffold=chromosome11	strand=-
638_g                -            788 31842                -            330   6.2e-24   83.1   3.6   2   4    0.0066      0.69    7.4   0.1    84   121    97   130    83   145 0.81 length=789	scaffold=chromosome11	strand=-
638_g                -            788 31842                -            330   6.2e-24   83.1   3.6   3   4   2.5e-10   2.5e-08   31.8   0.0   132   208   187   266   156   272 0.84 length=789	scaffold=chromosome11	strand=-
638_g                -            788 31842                -            330   6.2e-24   83.1   3.6   4   4   4.5e-13   4.6e-11   40.8   0.1   213   329   463   577   455   578 0.82 length=789	scaffold=chromosome11	strand=-
2979_g               -            310 31842                -            330   1.2e-23   82.1   6.5   1   1   1.5e-25   1.5e-23   81.8   6.5    41   277     2   241     1   283 0.75 length=311	scaffold=chromosome3	strand=+
3075_g               -            526 31842                -            330     2e-23   81.4  12.4   1   2   4.8e-21   4.9e-19   67.0   9.8    42   250    55   282    48   287 0.75 length=527	scaffold=chromosome4	strand=-
3075_g               -            526 31842                -            330     2e-23   81.4  12.4   2   2   0.00071     0.073   10.6   0.1   291   327   290   326   275   329 0.78 length=527	scaffold=chromosome4	strand=-
4264_g               -           1439 31842                -            330   3.3e-23   80.7   6.5   1   2   0.00042     0.043   11.3   0.5    41   109   796   873   761   932 0.70 length=1440	scaffold=chromosome8	strand=+
4264_g               -           1439 31842                -            330   3.3e-23   80.7   6.5   2   2   3.2e-25   3.3e-23   80.7   6.5   115   329  1192  1417  1117  1418 0.77 length=1440	scaffold=chromosome8	strand=+
2404_g               -            506 31842                -            330   4.9e-23   80.2   1.6   1   1   1.1e-24   1.1e-22   78.9   1.5    40   236   108   306    84   333 0.85 length=507	scaffold=chromosome14	strand=-
4514_g               -            704 31842                -            330   9.4e-23   79.2   9.7   1   2   3.1e-21   3.2e-19   67.6   7.8     4   244   327   578   324   642 0.78 length=705	scaffold=chromosome9	strand=+
4514_g               -            704 31842                -            330   9.4e-23   79.2   9.7   2   2   0.00041     0.043   11.3   0.0   300   329   664   693   639   694 0.84 length=705	scaffold=chromosome9	strand=+
1672_g               -            285 31842                -            330   2.6e-21   74.5  14.0   1   2   1.5e-20   1.6e-18   65.4  12.2    35   236    15   222     9   235 0.80 length=286	scaffold=chromosome13	strand=-
1672_g               -            285 31842                -            330   2.6e-21   74.5  14.0   2   2    0.0019       0.2    9.1   0.0   297   329   249   281   224   282 0.81 length=286	scaffold=chromosome13	strand=-
56_g                 -            295 31842                -            330     9e-21   72.7   0.4   1   1   1.3e-22   1.3e-20   72.2   0.4    42   243    34   242    24   254 0.80 length=296	scaffold=chromosome10	strand=-
4593_g               -           1581 31842                -            330   1.2e-20   72.4  12.3   1   2       2.6   2.7e+02   -1.2   1.1    53   146  1026  1118   983  1127 0.70 length=1582	scaffold=chromosome9	strand=+
4593_g               -           1581 31842                -            330   1.2e-20   72.4  12.3   2   2   1.1e-22   1.2e-20   72.4  12.3    37   244  1135  1343  1085  1388 0.76 length=1582	scaffold=chromosome9	strand=+
2304_g               -           1060 31842                -            330   1.2e-19   69.0   1.9   1   1   4.6e-21   4.8e-19   67.0   1.9    40   247    12   253     8   260 0.77 length=1061	scaffold=chromosome14	strand=+
2471_g               -            736 31842                -            330   4.2e-18   63.9   0.1   1   2   1.2e-19   1.2e-17   62.4   0.2    39   237   406   609   397   621 0.81 length=737	scaffold=chromosome14	strand=-
2471_g               -            736 31842                -            330   4.2e-18   63.9   0.1   2   2       6.5   6.7e+02   -2.5   0.0   298   329   632   668   629   669 0.72 length=737	scaffold=chromosome14	strand=-
1552_g               -            854 31842                -            330   7.5e-18   63.1   0.4   1   3       2.9     3e+02   -1.3   0.5    26   119   304   395   293   425 0.63 length=855	scaffold=chromosome13	strand=+
1552_g               -            854 31842                -            330   7.5e-18   63.1   0.4   2   3   7.3e-20   7.5e-18   63.1   0.4    40   254   539   753   527   773 0.76 length=855	scaffold=chromosome13	strand=+
1552_g               -            854 31842                -            330   7.5e-18   63.1   0.4   3   3       4.9   5.1e+02   -2.1   0.0   222   246   783   807   780   811 0.92 length=855	scaffold=chromosome13	strand=+
1339_g               -            324 31842                -            330   1.3e-17   62.4   5.4   1   2   3.9e-10   4.1e-08   31.1   3.4    49   171     1   131     1   145 0.79 length=325	scaffold=chromosome12	strand=+
1339_g               -            324 31842                -            330   1.3e-17   62.4   5.4   2   2   4.9e-10     5e-08   30.8   0.0   171   328   155   317   139   319 0.64 length=325	scaffold=chromosome12	strand=+
4584_g               -            557 31842                -            330   1.4e-15   55.6   7.3   1   3   2.9e-14     3e-12   44.7   7.3    39   182    31   183     3   189 0.71 length=558	scaffold=chromosome9	strand=-
4584_g               -            557 31842                -            330   1.4e-15   55.6   7.3   2   3     0.052       5.4    4.4   0.0   186   236   333   382   328   396 0.80 length=558	scaffold=chromosome9	strand=-
4584_g               -            557 31842                -            330   1.4e-15   55.6   7.3   3   3      0.29        30    2.0   0.0   296   329   404   441   391   442 0.81 length=558	scaffold=chromosome9	strand=-
903_g                -            920 31842                -            330   1.1e-14   52.7   0.2   1   3     0.015       1.5    6.2   0.2    42   104   430   500   407   506 0.74 length=921	scaffold=chromosome12	strand=+
903_g                -            920 31842                -            330   1.1e-14   52.7   0.2   2   3   2.6e-09   2.7e-07   28.4   0.0   138   230   563   663   548   697 0.74 length=921	scaffold=chromosome12	strand=+
903_g                -            920 31842                -            330   1.1e-14   52.7   0.2   3   3   5.8e-05     0.006   14.1   0.0   296   329   885   918   857   919 0.89 length=921	scaffold=chromosome12	strand=+
4338_g               -           1541 31842                -            330   1.4e-14   52.4   1.8   1   1   2.3e-16   2.3e-14   51.6   1.8    48   236  1276  1483  1255  1498 0.71 length=1542	scaffold=chromosome8	strand=+
727_g                -            354 31842                -            330   7.9e-14   49.9   0.0   1   1   1.1e-15   1.1e-13   49.4   0.0    42   246    31   250    22   307 0.73 length=355	scaffold=chromosome11	strand=-
4723_g               -            323 31842                -            330   6.6e-13   46.9   0.4   1   1     1e-14     1e-12   46.2   0.4    38   190     4   160     1   169 0.85 length=324	scaffold=chromosome9	strand=-
1363_g               -           1366 31842                -            330   8.7e-13   46.5   5.5   1   4       4.8     5e+02   -2.0   0.0    41    65   809   833   806   836 0.87 length=1367	scaffold=chromosome12	strand=+
1363_g               -           1366 31842                -            330   8.7e-13   46.5   5.5   2   4   7.5e-07   7.7e-05   20.3   0.3   136   181   999  1046   951  1049 0.69 length=1367	scaffold=chromosome12	strand=+
1363_g               -           1366 31842                -            330   8.7e-13   46.5   5.5   3   4   5.6e-08   5.8e-06   24.0   0.2   173   236  1119  1179  1104  1201 0.73 length=1367	scaffold=chromosome12	strand=+
1363_g               -           1366 31842                -            330   8.7e-13   46.5   5.5   4   4      0.32        33    1.8   0.0   293   329  1301  1337  1293  1338 0.85 length=1367	scaffold=chromosome12	strand=+
3214_g               -           2135 31842                -            330   1.2e-12   46.0   0.6   1   2       2.1   2.1e+02   -0.8   0.2     7    61  1593  1645  1588  1652 0.87 length=2136	scaffold=chromosome4	strand=+
3214_g               -           2135 31842                -            330   1.2e-12   46.0   0.6   2   2   1.1e-14   1.2e-12   46.0   0.6    78   236  1759  1921  1737  1968 0.75 length=2136	scaffold=chromosome4	strand=+
2477_g               -            764 31842                -            330   2.2e-12   45.1   8.0   1   1   4.4e-14   4.5e-12   44.1   8.0    49   283    30   283    22   326 0.74 length=765	scaffold=chromosome14	strand=+
2682_g               -            758 31842                -            330   8.1e-11   40.0   3.0   1   1   1.3e-12   1.3e-10   39.3   3.0    26   249   481   709   470   728 0.79 length=759	scaffold=chromosome1	strand=+
454_g                -           3996 31842                -            330   1.1e-10   39.6   0.9   1   2   4.6e-12   4.8e-10   37.5   0.3   139   236  1306  1402  1256  1413 0.87 length=3997	scaffold=chromosome11	strand=-
454_g                -           3996 31842                -            330   1.1e-10   39.6   0.9   2   2       1.5   1.5e+02   -0.4   0.0   295   329  1422  1456  1405  1457 0.87 length=3997	scaffold=chromosome11	strand=-
3948_g               -           3337 31842                -            330     2e-10   38.7   1.9   1   1   3.3e-12   3.4e-10   37.9   1.9    80   246  3083  3275  3033  3287 0.69 length=3338	scaffold=chromosome7	strand=-
1439_g               -            199 31842                -            330   3.2e-10   38.0   0.7   1   1   3.9e-12     4e-10   37.7   0.7    83   182    70   172    36   178 0.81 length=200	scaffold=chromosome13	strand=-
1348_g               -           1494 31842                -            330   7.2e-10   36.9   1.8   1   2   2.2e-11   2.3e-09   35.2   0.0   141   230   601   692   590   713 0.84 length=1495	scaffold=chromosome12	strand=+
1348_g               -           1494 31842                -            330   7.2e-10   36.9   1.8   2   2         2   2.1e+02   -0.8   0.5    88   141  1390  1444  1387  1448 0.81 length=1495	scaffold=chromosome12	strand=+
4811_g               -           2019 31842                -            330   2.5e-09   35.1   0.2   1   1   4.7e-11   4.8e-09   34.2   0.2    41   185    75   224    46   264 0.83 length=2020	scaffold=chromosome9	strand=-
3105_g               -           2151 31842                -            330   1.6e-08   32.5   7.0   1   2   5.3e-10   5.4e-08   30.7   6.6    43   173  1551  1688  1543  1698 0.75 length=2152	scaffold=chromosome4	strand=-
3105_g               -           2151 31842                -            330   1.6e-08   32.5   7.0   2   2       3.1   3.2e+02   -1.4   0.0   186   241  2038  2091  2017  2101 0.77 length=2152	scaffold=chromosome4	strand=-
4429_g               -           1283 31842                -            330   2.6e-08   31.7   9.4   1   2   2.5e-10   2.6e-08   31.7   9.4    63   176   298   420   293   443 0.74 length=1284	scaffold=chromosome9	strand=+
4429_g               -           1283 31842                -            330   2.6e-08   31.7   9.4   2   2       1.3   1.4e+02   -0.2   0.1   201   227   555   580   543   614 0.76 length=1284	scaffold=chromosome9	strand=+
3115_g               -            344 31842                -            330     7e-08   30.3   0.6   1   1   5.7e-09   5.9e-07   27.3   0.6   143   255   155   263    25   324 0.76 length=345	scaffold=chromosome4	strand=-
809_g                -           1826 31842                -            330   8.5e-08   30.1   3.3   1   3       3.9     4e+02   -1.7   0.1   114   156   356   401   338   403 0.79 length=1827	scaffold=chromosome12	strand=-
809_g                -           1826 31842                -            330   8.5e-08   30.1   3.3   2   3       1.8   1.8e+02   -0.6   0.0    41    62  1381  1402  1362  1417 0.74 length=1827	scaffold=chromosome12	strand=-
809_g                -           1826 31842                -            330   8.5e-08   30.1   3.3   3   3   1.2e-09   1.2e-07   29.5   0.1    78   232  1584  1747  1563  1765 0.72 length=1827	scaffold=chromosome12	strand=-
4318_g               -           3082 31842                -            330   3.3e-07   28.1   0.4   1   2   4.8e-07     5e-05   21.0   0.4   131   238   267   384   190   396 0.82 length=3083	scaffold=chromosome8	strand=-
4318_g               -           3082 31842                -            330   3.3e-07   28.1   0.4   2   2     0.029         3    5.3   0.0   280   329   395   444   387   445 0.91 length=3083	scaffold=chromosome8	strand=-
3132_g               -           1052 31842                -            330   1.2e-06   26.3   0.3   1   2       5.2   5.3e+02   -2.1   0.2    44   273   245   274   228   295 0.52 length=1053	scaffold=chromosome4	strand=-
3132_g               -           1052 31842                -            330   1.2e-06   26.3   0.3   2   2   1.1e-08   1.2e-06   26.3   0.3    46   236   778   981   766   995 0.68 length=1053	scaffold=chromosome4	strand=-
2096_g               -           2171 31842                -            330   1.5e-06   25.9   1.6   1   2   1.5e-08   1.5e-06   25.9   1.6    56   170   214   337   194   344 0.65 length=2172	scaffold=chromosome14	strand=-
2096_g               -           2171 31842                -            330   1.5e-06   25.9   1.6   2   2       2.1   2.2e+02   -0.9   0.1   201   237   417   452   384   460 0.74 length=2172	scaffold=chromosome14	strand=-
2751_g               -           3891 31842                -            330   2.3e-06   25.3   0.3   1   2   1.8e-06   0.00019   19.1   0.5   140   189  3396  3444  3371  3457 0.83 length=3892	scaffold=chromosome2	strand=-
2751_g               -           3891 31842                -            330   2.3e-06   25.3   0.3   2   2      0.13        13    3.2   0.0   192   234  3786  3827  3772  3832 0.83 length=3892	scaffold=chromosome2	strand=-
3947_g               -           1256 31842                -            330   0.00018   19.2   0.6   1   3         1   1.1e+02    0.1   0.0    81   122   890   930   875   940 0.83 length=1257	scaffold=chromosome7	strand=+
3947_g               -           1256 31842                -            330   0.00018   19.2   0.6   2   3   0.00015     0.015   12.8   0.0   132   185   965  1018   963  1031 0.86 length=1257	scaffold=chromosome7	strand=+
3947_g               -           1256 31842                -            330   0.00018   19.2   0.6   3   3      0.32        33    1.8   0.0   200   237  1144  1180  1129  1184 0.84 length=1257	scaffold=chromosome7	strand=+
3968_g               -            586 31842                -            330   0.00018   19.2   0.3   1   2   2.1e-05    0.0022   15.5   0.2   126   174   377   422   362   485 0.89 length=587	scaffold=chromosome7	strand=+
3968_g               -            586 31842                -            330   0.00018   19.2   0.3   2   2      0.54        55    1.1   0.0   298   327   542   571   528   573 0.89 length=587	scaffold=chromosome7	strand=+
2643_g               -           1471 31842                -            330   0.00065   17.3   0.4   1   2        10     1e+03   -3.1   0.2   230   277   639   687   638   711 0.76 length=1472	scaffold=chromosome1	strand=+
2643_g               -           1471 31842                -            330   0.00065   17.3   0.4   2   2   6.3e-06   0.00065   17.3   0.4   125   181  1254  1309  1228  1329 0.83 length=1472	scaffold=chromosome1	strand=+
#
# Program:         hmmsearch
# Version:         3.4 (Aug 2023)
# Pipeline mode:   SEARCH
# Query file:      /home/inf-20-2025/Malaria/busco_downloads/lineages/apicomplexa_odb12/hmms/31842at5794.hmm
# Target file:     /home/inf-20-2025/Malaria/Results/6_nobird_annotation/P_cynomolgi.faa
# Option settings: hmmsearch --domtblout Results/8_busco/P_cynomolgi/run_apicomplexa_odb12/hmmer_output/initial_run_results/31842at5794.out --cpu 1 /home/inf-20-2025/Malaria/busco_downloads/lineages/apicomplexa_odb12/hmms/31842at5794.hmm /home/inf-20-2025/Malaria/Results/6_nobird_annotation/P_cynomolgi.faa 
# Current dir:     /home/inf-20-2025/Malaria
# Date:            Wed Mar  4 18:30:43 2026
# [ok]
