#                                                                            --- full sequence --- -------------- this domain -------------   hmm coord   ali coord   env coord
# target name        accession   tlen query name           accession   qlen   E-value  score  bias   #  of  c-Evalue  i-Evalue  score  bias  from    to  from    to  from    to  acc description of target
#------------------- ---------- ----- -------------------- ---------- ----- --------- ------ ----- --- --- --------- --------- ------ ----- ----- ----- ----- ----- ----- ----- ---- ---------------------
2586_g               -            893 32004                -            599  3.4e-224  744.0  51.9   1   4  6.7e-120  4.3e-117  390.3   3.8     1   254     1   260     1   264 0.96 length=894	scaffold=chromosome1	strand=+
2586_g               -            893 32004                -            599  3.4e-224  744.0  51.9   2   4   3.9e-80   2.5e-77  258.9   3.4   252   458   287   516   272   547 0.84 length=894	scaffold=chromosome1	strand=+
2586_g               -            893 32004                -            599  3.4e-224  744.0  51.9   3   4   2.2e-38   1.4e-35  121.1   7.5   444   568   626   750   606   761 0.89 length=894	scaffold=chromosome1	strand=+
2586_g               -            893 32004                -            599  3.4e-224  744.0  51.9   4   4         9   5.8e+03   -8.3  14.7   483   587   749   855   746   872 0.53 length=894	scaffold=chromosome1	strand=+
3346_g               -            682 32004                -            599   5.3e-82  274.4   8.9   1   2   7.3e-76   4.7e-73  244.9   0.2     4   391    18   418    16   463 0.84 length=683	scaffold=chromosome5	strand=-
3346_g               -            682 32004                -            599   5.3e-82  274.4   8.9   2   2   1.2e-11   7.8e-09   32.7   3.5   441   551   511   622   483   628 0.87 length=683	scaffold=chromosome5	strand=-
3869_g               -            637 32004                -            599   1.8e-68  229.7  10.6   1   2   6.9e-61   4.5e-58  195.4   0.5     2   367    29   386    28   390 0.89 length=638	scaffold=chromosome7	strand=+
3869_g               -            637 32004                -            599   1.8e-68  229.7  10.6   2   2   1.5e-12   9.6e-10   35.8   4.0   450   550   511   613   499   621 0.91 length=638	scaffold=chromosome7	strand=+
4699_g               -            663 32004                -            599   1.1e-63  213.9  18.8   1   2   4.1e-66   2.6e-63  212.7   0.3     3   368    43   416    42   478 0.88 length=664	scaffold=chromosome9	strand=+
4699_g               -            663 32004                -            599   1.1e-63  213.9  18.8   2   2    0.0032         2    5.0  12.8   435   564   524   651   503   662 0.62 length=664	scaffold=chromosome9	strand=+
862_g                -            946 32004                -            599   3.7e-49  165.9  36.1   1   4   2.3e-05     0.015   12.0   0.0     2    94    25   119    24   138 0.82 length=947	scaffold=chromosome12	strand=-
862_g                -            946 32004                -            599   3.7e-49  165.9  36.1   2   4   2.4e-39   1.5e-36  124.2   4.7    84   432   141   510   129   540 0.78 length=947	scaffold=chromosome12	strand=-
862_g                -            946 32004                -            599   3.7e-49  165.9  36.1   3   4     1e-13   6.6e-11   39.6  16.4   428   587   624   785   609   797 0.85 length=947	scaffold=chromosome12	strand=-
862_g                -            946 32004                -            599   3.7e-49  165.9  36.1   4   4      0.25   1.6e+02   -1.3   1.8   506   573   784   849   769   874 0.54 length=947	scaffold=chromosome12	strand=-
4623_g               -            617 32004                -            599     0.004   13.9   6.5   1   1   9.5e-06    0.0061   13.3   6.5   509   594   522   607   511   611 0.93 length=618	scaffold=chromosome9	strand=-
3770_g               -            266 32004                -            599      0.43    7.2   4.8   1   1     0.001      0.66    6.6   4.8   392   505    16   133     4   139 0.79 length=267	scaffold=chromosome7	strand=+
5714_g               -            271 32004                -            599      0.47    7.0   6.0   1   1   0.00044      0.28    7.8   4.6   472   545    37   112    27   160 0.85 length=271	scaffold=scaffold1401	strand=+
2479_g               -            836 32004                -            599       3.4    4.2  11.0   1   1    0.0082       5.3    3.6  11.0   433   572   675   815   655   825 0.83 length=837	scaffold=chromosome14	strand=+
#
# Program:         hmmsearch
# Version:         3.4 (Aug 2023)
# Pipeline mode:   SEARCH
# Query file:      /home/inf-20-2025/Malaria/busco_downloads/lineages/apicomplexa_odb12/hmms/32004at5794.hmm
# Target file:     /home/inf-20-2025/Malaria/Results/6_nobird_annotation/P_cynomolgi.faa
# Option settings: hmmsearch --domtblout Results/8_busco/P_cynomolgi/run_apicomplexa_odb12/hmmer_output/initial_run_results/32004at5794.out --cpu 1 /home/inf-20-2025/Malaria/busco_downloads/lineages/apicomplexa_odb12/hmms/32004at5794.hmm /home/inf-20-2025/Malaria/Results/6_nobird_annotation/P_cynomolgi.faa 
# Current dir:     /home/inf-20-2025/Malaria
# Date:            Wed Mar  4 18:30:47 2026
# [ok]
