#                                                                            --- full sequence --- -------------- this domain -------------   hmm coord   ali coord   env coord
# target name        accession   tlen query name           accession   qlen   E-value  score  bias   #  of  c-Evalue  i-Evalue  score  bias  from    to  from    to  from    to  acc description of target
#------------------- ---------- ----- -------------------- ---------- ----- --------- ------ ----- --- --- --------- --------- ------ ----- ----- ----- ----- ----- ----- ----- ---- ---------------------
448_g                -            887 32028                -            554  1.5e-256  850.5  14.1   1   2    8e-167  3.5e-164  545.6   6.0     3   374   175   581   173   589 0.90 length=888	scaffold=chromosome11	strand=-
448_g                -            887 32028                -            554  1.5e-256  850.5  14.1   2   2   3.9e-95   1.7e-92  309.0   1.1   370   553   608   792   600   793 0.96 length=888	scaffold=chromosome11	strand=-
732_g                -           1553 32028                -            554   2.5e-57  192.9  11.6   1   2   4.3e-51   1.9e-48  163.6   6.4    76   336   614   891   591   903 0.80 length=1554	scaffold=chromosome11	strand=-
732_g                -           1553 32028                -            554   2.5e-57  192.9  11.6   2   2   3.8e-11   1.7e-08   31.7   0.2   382   537   972  1138   934  1147 0.74 length=1554	scaffold=chromosome11	strand=-
3336_g               -           2033 32028                -            554     1e-55  187.6   9.3   1   2   8.9e-34     4e-31  106.4   2.8   105   364   544   816   524   849 0.75 length=2034	scaffold=chromosome5	strand=+
3336_g               -           2033 32028                -            554     1e-55  187.6   9.3   2   2   2.2e-30   9.6e-28   95.3   0.5   386   532  1472  1618  1411  1634 0.86 length=2034	scaffold=chromosome5	strand=+
4422_g               -           1455 32028                -            554   9.7e-50  167.9  12.3   1   3     1e-26   4.5e-24   83.1   6.2    98   365   335   610   277   637 0.73 length=1456	scaffold=chromosome9	strand=-
4422_g               -           1455 32028                -            554   9.7e-50  167.9  12.3   2   3   5.3e-28   2.4e-25   87.4   0.0   385   549   657   822   642   826 0.85 length=1456	scaffold=chromosome9	strand=-
4422_g               -           1455 32028                -            554   9.7e-50  167.9  12.3   3   3       0.8   3.6e+02   -2.4   0.1    51   117  1253  1320  1242  1333 0.71 length=1456	scaffold=chromosome9	strand=-
3576_g               -           3255 32028                -            554   1.1e-47  161.1  13.0   1   2   5.9e-29   2.6e-26   90.5   7.2    95   368  1348  1642  1265  1667 0.75 length=3256	scaffold=chromosome6	strand=-
3576_g               -           3255 32028                -            554   1.1e-47  161.1  13.0   2   2   1.2e-23   5.4e-21   73.0   0.3   395   541  1696  1843  1681  1851 0.86 length=3256	scaffold=chromosome6	strand=-
2660_g               -            713 32028                -            554   2.1e-44  150.3   6.5   1   2   8.1e-30   3.6e-27   93.4   2.9   104   384   114   418    83   442 0.71 length=714	scaffold=chromosome1	strand=-
2660_g               -            713 32028                -            554   2.1e-44  150.3   6.5   2   2   3.4e-19   1.5e-16   58.3   0.1   403   526   565   688   534   711 0.89 length=714	scaffold=chromosome1	strand=-
554_g                -           2808 32028                -            554   9.4e-43  144.8   0.3   1   5   6.4e-24   2.8e-21   73.9   0.0   117   293   348   538   304   558 0.84 length=2809	scaffold=chromosome11	strand=-
554_g                -           2808 32028                -            554   9.4e-43  144.8   0.3   2   5     0.035        16    2.1   0.1   320   348   614   641   587   686 0.69 length=2809	scaffold=chromosome11	strand=-
554_g                -           2808 32028                -            554   9.4e-43  144.8   0.3   3   5   1.2e-25   5.4e-23   79.6   0.2   405   523  1225  1344  1221  1373 0.89 length=2809	scaffold=chromosome11	strand=-
554_g                -           2808 32028                -            554   9.4e-43  144.8   0.3   4   5       4.3   1.9e+03   -4.8   0.5    83   121  1637  1677  1590  1685 0.45 length=2809	scaffold=chromosome11	strand=-
554_g                -           2808 32028                -            554   9.4e-43  144.8   0.3   5   5       1.8   8.2e+02   -3.6   2.1   331   391  2224  2283  2219  2331 0.49 length=2809	scaffold=chromosome11	strand=-
2508_g               -           1591 32028                -            554   3.1e-35  120.0  12.3   1   4   1.5e-07   6.6e-05   19.9   0.1    96   155   200   265   173   270 0.70 length=1592	scaffold=chromosome14	strand=+
2508_g               -           1591 32028                -            554   3.1e-35  120.0  12.3   2   4    0.0087       3.9    4.1   0.6   164   218   376   432   371   449 0.82 length=1592	scaffold=chromosome14	strand=+
2508_g               -           1591 32028                -            554   3.1e-35  120.0  12.3   3   4     2e-06    0.0009   16.1   0.0   224   278   965  1018   955  1041 0.87 length=1592	scaffold=chromosome14	strand=+
2508_g               -           1591 32028                -            554   3.1e-35  120.0  12.3   4   4   2.6e-27   1.1e-24   85.1   0.6   369   540  1402  1574  1363  1586 0.82 length=1592	scaffold=chromosome14	strand=+
3092_g               -           1303 32028                -            554     7e-34  115.5  11.4   1   2   3.2e-25   1.4e-22   78.2  11.5   117   451   632  1022   597  1026 0.70 length=1304	scaffold=chromosome4	strand=-
3092_g               -           1303 32028                -            554     7e-34  115.5  11.4   2   2   2.3e-10     1e-07   29.1   0.0   454   529  1123  1197  1119  1221 0.91 length=1304	scaffold=chromosome4	strand=-
3354_g               -            765 32028                -            554   9.4e-25   85.4  18.0   1   3     0.051        23    1.6   6.3   317   385   109   181    80   191 0.68 length=766	scaffold=chromosome5	strand=+
3354_g               -            765 32028                -            554   9.4e-25   85.4  18.0   2   3    0.0028       1.2    5.7   1.2   375   424   426   474   400   482 0.79 length=766	scaffold=chromosome5	strand=+
3354_g               -            765 32028                -            554   9.4e-25   85.4  18.0   3   3   3.7e-27   1.6e-24   84.6   0.1   428   543   610   723   603   733 0.90 length=766	scaffold=chromosome5	strand=+
870_g                -           1451 32028                -            554   1.3e-20   71.7   4.9   1   5   0.00056      0.25    8.1   0.0   138   157   660   679   657   684 0.88 length=1452	scaffold=chromosome12	strand=-
870_g                -           1451 32028                -            554   1.3e-20   71.7   4.9   2   5      0.01       4.6    3.9   0.0   162   220   715   775   704   781 0.76 length=1452	scaffold=chromosome12	strand=-
870_g                -           1451 32028                -            554   1.3e-20   71.7   4.9   3   5    0.0014      0.62    6.8   0.0   226   274   896   942   887   948 0.85 length=1452	scaffold=chromosome12	strand=-
870_g                -           1451 32028                -            554   1.3e-20   71.7   4.9   4   5     0.028        13    2.4   0.4   377   451  1236  1311  1202  1317 0.74 length=1452	scaffold=chromosome12	strand=-
870_g                -           1451 32028                -            554   1.3e-20   71.7   4.9   5   5   6.2e-16   2.8e-13   47.5   0.0   455   547  1337  1428  1331  1435 0.89 length=1452	scaffold=chromosome12	strand=-
3353_g               -            335 32028                -            554   1.5e-09   35.2   1.5   1   1   4.9e-12   2.2e-09   34.7   1.5    50   222   118   312    93   332 0.63 length=336	scaffold=chromosome5	strand=+
1333_g               -            528 32028                -            554     0.006   13.4   0.0   1   2       1.7   7.4e+02   -3.4   0.0   121   150   138   166   129   175 0.74 length=529	scaffold=chromosome12	strand=-
1333_g               -            528 32028                -            554     0.006   13.4   0.0   2   2     3e-05     0.013   12.3   0.0   377   501   333   450   299   454 0.84 length=529	scaffold=chromosome12	strand=-
#
# Program:         hmmsearch
# Version:         3.4 (Aug 2023)
# Pipeline mode:   SEARCH
# Query file:      /home/inf-20-2025/Malaria/busco_downloads/lineages/apicomplexa_odb12/hmms/32028at5794.hmm
# Target file:     /home/inf-20-2025/Malaria/Results/6_nobird_annotation/P_cynomolgi.faa
# Option settings: hmmsearch --domtblout Results/8_busco/P_cynomolgi/run_apicomplexa_odb12/hmmer_output/initial_run_results/32028at5794.out --cpu 1 /home/inf-20-2025/Malaria/busco_downloads/lineages/apicomplexa_odb12/hmms/32028at5794.hmm /home/inf-20-2025/Malaria/Results/6_nobird_annotation/P_cynomolgi.faa 
# Current dir:     /home/inf-20-2025/Malaria
# Date:            Wed Mar  4 18:30:48 2026
# [ok]
