#                                                                            --- full sequence --- -------------- this domain -------------   hmm coord   ali coord   env coord
# target name        accession   tlen query name           accession   qlen   E-value  score  bias   #  of  c-Evalue  i-Evalue  score  bias  from    to  from    to  from    to  acc description of target
#------------------- ---------- ----- -------------------- ---------- ----- --------- ------ ----- --- --- --------- --------- ------ ----- ----- ----- ----- ----- ----- ----- ---- ---------------------
4558_g               -            323 35998                -            233  1.2e-132  438.9  25.1   1   2  2.5e-133    2e-130  431.7   7.9     1   218     1   219     1   238 0.92 length=324	scaffold=chromosome9	strand=-
4558_g               -            323 35998                -            233  1.2e-132  438.9  25.1   2   2   0.00032      0.26    9.2  13.0   203   233   260   290   213   290 0.89 length=324	scaffold=chromosome9	strand=-
1068_g               -            923 35998                -            233   3.8e-06   25.0   0.0   1   7       4.5   3.7e+03   -4.4   1.9   191   215   223   247   194   257 0.54 length=924	scaffold=chromosome12	strand=-
1068_g               -            923 35998                -            233   3.8e-06   25.0   0.0   2   7       5.6   4.6e+03   -4.7   2.4   199   219   278   298   260   307 0.52 length=924	scaffold=chromosome12	strand=-
1068_g               -            923 35998                -            233   3.8e-06   25.0   0.0   3   7         7   5.8e+03   -5.9   1.7   205   222   440   457   432   466 0.53 length=924	scaffold=chromosome12	strand=-
1068_g               -            923 35998                -            233   3.8e-06   25.0   0.0   4   7         7   5.8e+03   -7.9   7.3   200   231   512   543   503   545 0.45 length=924	scaffold=chromosome12	strand=-
1068_g               -            923 35998                -            233   3.8e-06   25.0   0.0   5   7     0.014        12    3.8   0.0    85   155   564   632   551   640 0.78 length=924	scaffold=chromosome12	strand=-
1068_g               -            923 35998                -            233   3.8e-06   25.0   0.0   6   7      0.51   4.2e+02   -1.3   0.0   103   148   682   727   663   741 0.75 length=924	scaffold=chromosome12	strand=-
1068_g               -            923 35998                -            233   3.8e-06   25.0   0.0   7   7   4.6e-09   3.8e-06   25.0   0.0    67   144   838   912   824   922 0.85 length=924	scaffold=chromosome12	strand=-
1258_g               -            600 35998                -            233   3.2e-05   22.0   0.5   1   1   1.7e-07   0.00014   19.9   0.5    82   144   523   587   512   594 0.84 length=601	scaffold=chromosome12	strand=-
2263_g               -           1670 35998                -            233     4e-05   21.7  10.7   1   5     0.002       1.7    6.6   0.0    73   140   808   873   802   881 0.84 length=1671	scaffold=chromosome14	strand=+
2263_g               -           1670 35998                -            233     4e-05   21.7  10.7   2   5    0.0067       5.5    4.9   0.1   113   147   933   967   903   985 0.71 length=1671	scaffold=chromosome14	strand=+
2263_g               -           1670 35998                -            233     4e-05   21.7  10.7   3   5   0.00016      0.14   10.1   0.0    91   135  1000  1042   985  1056 0.80 length=1671	scaffold=chromosome14	strand=+
2263_g               -           1670 35998                -            233     4e-05   21.7  10.7   4   5     0.032        27    2.6   0.0    92   157  1257  1322  1240  1336 0.82 length=1671	scaffold=chromosome14	strand=+
2263_g               -           1670 35998                -            233     4e-05   21.7  10.7   5   5      0.86   7.1e+02   -2.0   1.2   186   223  1517  1554  1478  1564 0.66 length=1671	scaffold=chromosome14	strand=+
3972_g               -            288 35998                -            233   0.00072   17.6   1.9   1   2    0.0064       5.3    4.9   0.1   112   142    83   113    56   147 0.76 length=289	scaffold=chromosome7	strand=+
3972_g               -            288 35998                -            233   0.00072   17.6   1.9   2   2   4.5e-05     0.037   12.0   0.2    84   142   225   283   221   286 0.94 length=289	scaffold=chromosome7	strand=+
1703_g               -            453 35998                -            233    0.0079   14.2   1.4   1   2      0.29   2.4e+02   -0.5   0.1    84   143    33    94    25   102 0.84 length=454	scaffold=chromosome13	strand=+
1703_g               -            453 35998                -            233    0.0079   14.2   1.4   2   2   2.1e-05     0.017   13.1   0.2    86   154   123   191   115   221 0.86 length=454	scaffold=chromosome13	strand=+
1944_g               -            391 35998                -            233     0.039   11.9   7.8   1   2       2.5   2.1e+03   -3.6   0.1   182   204   120   142   117   152 0.69 length=392	scaffold=chromosome14	strand=+
1944_g               -            391 35998                -            233     0.039   11.9   7.8   2   2   6.4e-06    0.0053   14.7   3.5    90   212   245   362   226   390 0.68 length=392	scaffold=chromosome14	strand=+
#
# Program:         hmmsearch
# Version:         3.4 (Aug 2023)
# Pipeline mode:   SEARCH
# Query file:      /home/inf-20-2025/Malaria/busco_downloads/lineages/apicomplexa_odb12/hmms/35998at5794.hmm
# Target file:     /home/inf-20-2025/Malaria/Results/6_nobird_annotation/P_cynomolgi.faa
# Option settings: hmmsearch --domtblout Results/8_busco/P_cynomolgi/run_apicomplexa_odb12/hmmer_output/initial_run_results/35998at5794.out --cpu 1 /home/inf-20-2025/Malaria/busco_downloads/lineages/apicomplexa_odb12/hmms/35998at5794.hmm /home/inf-20-2025/Malaria/Results/6_nobird_annotation/P_cynomolgi.faa 
# Current dir:     /home/inf-20-2025/Malaria
# Date:            Wed Mar  4 18:30:44 2026
# [ok]
