#                                                                            --- full sequence --- -------------- this domain -------------   hmm coord   ali coord   env coord
# target name        accession   tlen query name           accession   qlen   E-value  score  bias   #  of  c-Evalue  i-Evalue  score  bias  from    to  from    to  from    to  acc description of target
#------------------- ---------- ----- -------------------- ---------- ----- --------- ------ ----- --- --- --------- --------- ------ ----- ----- ----- ----- ----- ----- ----- ---- ---------------------
2426_g               -            513 38318                -            184   7.9e-79  262.1  14.9   1   2       2.8   9.6e+02   -2.2   0.3    14    34   224   244   214   278 0.55 length=514	scaffold=chromosome14	strand=+
2426_g               -            513 38318                -            184   7.9e-79  262.1  14.9   2   2   2.3e-81   7.9e-79  262.1  14.9     7   184   332   511   326   511 0.96 length=514	scaffold=chromosome14	strand=+
1575_g               -            275 38318                -            184   1.9e-22   78.3  19.8   1   2    0.0039       1.3    7.1   6.8    66   137     1    79     1    85 0.70 length=276	scaffold=chromosome13	strand=-
1575_g               -            275 38318                -            184   1.9e-22   78.3  19.8   2   2   1.1e-24   3.6e-22   77.4   7.6     2   139    75   208    74   223 0.87 length=276	scaffold=chromosome13	strand=-
468_g                -            758 38318                -            184   7.9e-18   63.2   4.8   1   2    0.0011      0.37    8.9   0.1    13    47   231   265   219   269 0.83 length=759	scaffold=chromosome11	strand=-
468_g                -            758 38318                -            184   7.9e-18   63.2   4.8   2   2   8.9e-18     3e-15   54.8   1.8    46   141   319   412   290   428 0.83 length=759	scaffold=chromosome11	strand=-
1576_g               -            266 38318                -            184   2.6e-15   55.0   0.3   1   2   7.7e-18   2.6e-15   55.0   0.3    12   134     3   121     1   135 0.88 length=267	scaffold=chromosome13	strand=-
1576_g               -            266 38318                -            184   2.6e-15   55.0   0.3   2   2       6.2   2.1e+03   -3.3   8.2     3    31   212   240   196   263 0.47 length=267	scaffold=chromosome13	strand=-
3114_g               -           2570 38318                -            184   4.5e-15   54.3   6.4   1   3       5.3   1.8e+03   -3.1   3.9    13    85  1773  1843  1744  1896 0.70 length=2571	scaffold=chromosome4	strand=+
3114_g               -           2570 38318                -            184   4.5e-15   54.3   6.4   2   3   1.2e-14     4e-12   44.6   2.5     9   102  2113  2203  2105  2233 0.91 length=2571	scaffold=chromosome4	strand=+
3114_g               -           2570 38318                -            184   4.5e-15   54.3   6.4   3   3   1.1e-07   3.8e-05   21.9   0.1    16    82  2416  2484  2401  2494 0.84 length=2571	scaffold=chromosome4	strand=+
2577_g               -           1088 38318                -            184   4.9e-11   41.1   6.5   1   2       3.7   1.3e+03   -2.6   0.3    13    51    42    81    36    83 0.74 length=1089	scaffold=chromosome1	strand=+
2577_g               -           1088 38318                -            184   4.9e-11   41.1   6.5   2   2   1.4e-13   4.9e-11   41.1   6.5    10   137   826   950   817   967 0.91 length=1089	scaffold=chromosome1	strand=+
4487_g               -            618 38318                -            184   1.4e-10   39.6   8.9   1   2       4.6   1.6e+03   -2.9   3.0     9    43    56    90    46   104 0.40 length=619	scaffold=chromosome9	strand=+
4487_g               -            618 38318                -            184   1.4e-10   39.6   8.9   2   2   4.1e-13   1.4e-10   39.6   8.9    15   140   101   237    81   243 0.74 length=619	scaffold=chromosome9	strand=+
38_g                 -            487 38318                -            184   1.5e-10   39.5  12.7   1   1   4.5e-13   1.5e-10   39.5  12.7    14   144   145   275   136   289 0.79 length=488	scaffold=chromosome10	strand=-
2476_g               -            301 38318                -            184   2.3e-10   38.9   6.7   1   1     2e-12   6.9e-10   37.3   6.7     8   133   134   274   127   282 0.78 length=302	scaffold=chromosome14	strand=-
1636_g               -           2013 38318                -            184   4.9e-10   37.8   6.3   1   1   1.4e-12   4.9e-10   37.8   6.3     8   106   425   526   419   558 0.84 length=2014	scaffold=chromosome13	strand=+
4313_g               -           1112 38318                -            184   7.3e-08   30.7   4.8   1   1   2.2e-10   7.3e-08   30.7   4.8     7   116   263   380   257   396 0.81 length=1113	scaffold=chromosome8	strand=+
946_g                -            492 38318                -            184     2e-06   26.0  12.0   1   2     6e-09     2e-06   26.0  12.0     8   139    30   168    23   184 0.66 length=493	scaffold=chromosome12	strand=-
946_g                -            492 38318                -            184     2e-06   26.0  12.0   2   2       6.2   2.1e+03   -3.3   0.2    19    26   335   342   308   366 0.53 length=493	scaffold=chromosome12	strand=-
4466_g               -            442 38318                -            184   3.9e-06   25.1  11.9   1   2      0.15        51    1.9   0.0    14    46    56    90    49   100 0.81 length=443	scaffold=chromosome9	strand=+
4466_g               -            442 38318                -            184   3.9e-06   25.1  11.9   2   2   3.4e-08   1.2e-05   23.6   8.3    47   152   184   288   170   299 0.74 length=443	scaffold=chromosome9	strand=+
1701_g               -           1186 38318                -            184   7.3e-06   24.2   0.2   1   2    0.0017      0.59    8.2   0.0    14    46    12    44     5    52 0.85 length=1187	scaffold=chromosome13	strand=+
1701_g               -           1186 38318                -            184   7.3e-06   24.2   0.2   2   2   7.7e-05     0.026   12.6   0.1    47   108    86   147    70   155 0.90 length=1187	scaffold=chromosome13	strand=+
2995_g               -            410 38318                -            184    0.0063   14.7   5.2   1   2   5.6e-05     0.019   13.1   0.8     8    52   192   236   185   277 0.73 length=411	scaffold=chromosome3	strand=+
2995_g               -            410 38318                -            184    0.0063   14.7   5.2   2   2      0.13        45    2.1   0.2    86   126   334   374   324   395 0.68 length=411	scaffold=chromosome3	strand=+
1983_g               -           1181 38318                -            184     0.014   13.6   2.4   1   1   0.00031       0.1   10.7   2.4    61   119   931   990   882  1007 0.80 length=1182	scaffold=chromosome14	strand=-
3517_g               -            164 38318                -            184     0.041   12.0   0.1   1   2   0.00025     0.085   11.0   0.0   139   164    24    49    14    57 0.84 length=165	scaffold=chromosome6	strand=-
3517_g               -            164 38318                -            184     0.041   12.0   0.1   2   2         5   1.7e+03   -3.0   0.0    32    55    76    99    74   108 0.62 length=165	scaffold=chromosome6	strand=-
#
# Program:         hmmsearch
# Version:         3.4 (Aug 2023)
# Pipeline mode:   SEARCH
# Query file:      /home/inf-20-2025/Malaria/busco_downloads/lineages/apicomplexa_odb12/hmms/38318at5794.hmm
# Target file:     /home/inf-20-2025/Malaria/Results/6_nobird_annotation/P_cynomolgi.faa
# Option settings: hmmsearch --domtblout Results/8_busco/P_cynomolgi/run_apicomplexa_odb12/hmmer_output/initial_run_results/38318at5794.out --cpu 1 /home/inf-20-2025/Malaria/busco_downloads/lineages/apicomplexa_odb12/hmms/38318at5794.hmm /home/inf-20-2025/Malaria/Results/6_nobird_annotation/P_cynomolgi.faa 
# Current dir:     /home/inf-20-2025/Malaria
# Date:            Wed Mar  4 18:30:45 2026
# [ok]
