#                                                                            --- full sequence --- -------------- this domain -------------   hmm coord   ali coord   env coord
# target name        accession   tlen query name           accession   qlen   E-value  score  bias   #  of  c-Evalue  i-Evalue  score  bias  from    to  from    to  from    to  acc description of target
#------------------- ---------- ----- -------------------- ---------- ----- --------- ------ ----- --- --- --------- --------- ------ ----- ----- ----- ----- ----- ----- ----- ---- ---------------------
1005_g               -            270 40338                -            254  3.1e-133  440.8   0.0   1   1  6.9e-136  3.6e-133  440.5   0.0     2   253    12   266    11   267 0.97 length=271	scaffold=chromosome12	strand=-
4148_g               -            270 40338                -            254   6.3e-41  138.3   0.4   1   1   1.5e-43   7.9e-41  138.0   0.4    11   226    42   257    39   267 0.91 length=271	scaffold=chromosome8	strand=-
4000_g               -            282 40338                -            254   2.7e-33  113.3   2.3   1   2   5.9e-16   3.1e-13   47.6   0.1    27   101    27   101    18   110 0.87 length=283	scaffold=chromosome7	strand=-
4000_g               -            282 40338                -            254   2.7e-33  113.3   2.3   2   2     2e-21   1.1e-18   65.5   0.4   102   209   156   265   147   277 0.91 length=283	scaffold=chromosome7	strand=-
2804_g               -            256 40338                -            254   7.9e-23   79.0   0.2   1   1   6.8e-25   3.6e-22   76.9   0.2    25   228    30   243    18   252 0.86 length=257	scaffold=chromosome2	strand=+
131_g                -            256 40338                -            254   6.3e-19   66.2   0.1   1   1   1.6e-21   8.6e-19   65.8   0.1    29   213    53   247    44   252 0.88 length=257	scaffold=chromosome10	strand=+
484_g                -            246 40338                -            254   1.1e-18   65.4   0.0   1   1   2.6e-21   1.4e-18   65.1   0.0    25   218    27   226    12   243 0.80 length=247	scaffold=chromosome11	strand=+
2656_g               -            256 40338                -            254     1e-11   42.6   0.0   1   2   9.2e-06    0.0049   14.2   0.0    27    90     7    70     2   101 0.86 length=257	scaffold=chromosome1	strand=+
2656_g               -            256 40338                -            254     1e-11   42.6   0.0   2   2   1.5e-09   7.9e-07   26.6   0.0   142   220   155   233   145   252 0.89 length=257	scaffold=chromosome1	strand=+
695_g                -            235 40338                -            254   2.8e-11   41.2   0.0   1   1   6.6e-14   3.5e-11   40.9   0.0    26   194    29   204     6   217 0.83 length=236	scaffold=chromosome11	strand=+
483_g                -            241 40338                -            254   4.4e-09   34.0   0.0   1   1     1e-11   5.5e-09   33.7   0.0    22   217    22   219    13   237 0.81 length=242	scaffold=chromosome11	strand=-
2322_g               -            207 40338                -            254   1.2e-06   26.0   0.0   1   1     3e-09   1.6e-06   25.6   0.0    27   167    35   167    21   203 0.71 length=208	scaffold=chromosome14	strand=-
2749_g               -            448 40338                -            254   6.2e-05   20.4   0.0   1   1   1.9e-07    0.0001   19.7   0.0    29   129     9   112     3   128 0.85 length=449	scaffold=chromosome2	strand=+
#
# Program:         hmmsearch
# Version:         3.4 (Aug 2023)
# Pipeline mode:   SEARCH
# Query file:      /home/inf-20-2025/Malaria/busco_downloads/lineages/apicomplexa_odb12/hmms/40338at5794.hmm
# Target file:     /home/inf-20-2025/Malaria/Results/6_nobird_annotation/P_cynomolgi.faa
# Option settings: hmmsearch --domtblout Results/8_busco/P_cynomolgi/run_apicomplexa_odb12/hmmer_output/initial_run_results/40338at5794.out --cpu 1 /home/inf-20-2025/Malaria/busco_downloads/lineages/apicomplexa_odb12/hmms/40338at5794.hmm /home/inf-20-2025/Malaria/Results/6_nobird_annotation/P_cynomolgi.faa 
# Current dir:     /home/inf-20-2025/Malaria
# Date:            Wed Mar  4 18:30:46 2026
# [ok]
