#                                                                            --- full sequence --- -------------- this domain -------------   hmm coord   ali coord   env coord
# target name        accession   tlen query name           accession   qlen   E-value  score  bias   #  of  c-Evalue  i-Evalue  score  bias  from    to  from    to  from    to  acc description of target
#------------------- ---------- ----- -------------------- ---------- ----- --------- ------ ----- --- --- --------- --------- ------ ----- ----- ----- ----- ----- ----- ----- ---- ---------------------
2128_g               -           1039 4079                 -            147   4.8e-69  228.8   4.0   1   1   3.1e-71   4.8e-69  228.8   4.0     2   140   184   322   183   333 0.93 length=1040	scaffold=chromosome14	strand=+
2263_g               -           1670 4079                 -            147   1.1e-27   94.6   3.9   1   4   1.7e-08   2.5e-06   25.3   0.0    49   105   804   860   796   869 0.92 length=1671	scaffold=chromosome14	strand=+
2263_g               -           1670 4079                 -            147   1.1e-27   94.6   3.9   2   4   2.1e-09   3.2e-07   28.2   0.3    49   124   892   966   886   986 0.86 length=1671	scaffold=chromosome14	strand=+
2263_g               -           1670 4079                 -            147   1.1e-27   94.6   3.9   3   4   0.00042     0.064   11.0   0.1    50   118   982  1048   972  1053 0.77 length=1671	scaffold=chromosome14	strand=+
2263_g               -           1670 4079                 -            147   1.1e-27   94.6   3.9   4   4   4.1e-09   6.3e-07   27.3   0.0    49   135  1237  1322  1226  1334 0.88 length=1671	scaffold=chromosome14	strand=+
426_g                -            514 4079                 -            147   1.2e-21   75.0   0.0   1   3     1e-07   1.5e-05   22.8   0.0    43   110    83   151    78   161 0.91 length=515	scaffold=chromosome11	strand=+
426_g                -            514 4079                 -            147   1.2e-21   75.0   0.0   2   3   5.5e-06   0.00084   17.1   0.0    49   104   189   244   177   252 0.91 length=515	scaffold=chromosome11	strand=+
426_g                -            514 4079                 -            147   1.2e-21   75.0   0.0   3   3   2.8e-10   4.3e-08   31.1   0.0    43   137   369   463   361   473 0.91 length=515	scaffold=chromosome11	strand=+
411_g                -            384 4079                 -            147   2.5e-19   67.5   1.7   1   3   2.9e-06   0.00045   18.0   1.0    47   135    10    93     5   104 0.79 length=385	scaffold=chromosome11	strand=+
411_g                -            384 4079                 -            147   2.5e-19   67.5   1.7   2   3   7.5e-07   0.00011   19.9   0.0    46   120   109   183   101   198 0.83 length=385	scaffold=chromosome11	strand=+
411_g                -            384 4079                 -            147   2.5e-19   67.5   1.7   3   3   5.6e-09   8.5e-07   26.8   0.0    45   110   199   263   192   284 0.86 length=385	scaffold=chromosome11	strand=+
1801_g               -            505 4079                 -            147   6.2e-18   63.0   0.8   1   3   7.2e-06    0.0011   16.7   0.0    49   104    84   139    47   149 0.89 length=506	scaffold=chromosome13	strand=-
1801_g               -            505 4079                 -            147   6.2e-18   63.0   0.8   2   3   7.1e-06    0.0011   16.8   0.0    46   108   179   240   168   272 0.83 length=506	scaffold=chromosome13	strand=-
1801_g               -            505 4079                 -            147   6.2e-18   63.0   0.8   3   3     1e-08   1.6e-06   26.0   0.0    49   132   398   481   376   496 0.83 length=506	scaffold=chromosome13	strand=-
3859_g               -            338 4079                 -            147   1.4e-17   61.8   1.8   1   2   1.6e-06   0.00024   18.9   0.0    43   104    83   143    38   166 0.76 length=339	scaffold=chromosome7	strand=-
3859_g               -            338 4079                 -            147   1.4e-17   61.8   1.8   2   2     1e-13   1.6e-11   42.2   0.4    46   145   169   264   160   266 0.86 length=339	scaffold=chromosome7	strand=-
2203_g               -           1121 4079                 -            147   1.6e-15   55.1  32.3   1   6     0.011       1.6    6.5   0.4    77   134    74   133    62   145 0.82 length=1122	scaffold=chromosome14	strand=+
2203_g               -           1121 4079                 -            147   1.6e-15   55.1  32.3   2   6     0.014       2.2    6.0   0.1    56    86   380   410   330   437 0.83 length=1122	scaffold=chromosome14	strand=+
2203_g               -           1121 4079                 -            147   1.6e-15   55.1  32.3   3   6      0.21        32    2.3   0.0    89   124   501   536   484   555 0.78 length=1122	scaffold=chromosome14	strand=+
2203_g               -           1121 4079                 -            147   1.6e-15   55.1  32.3   4   6         3   4.5e+02   -1.5   0.1    49   106   735   786   728   792 0.59 length=1122	scaffold=chromosome14	strand=+
2203_g               -           1121 4079                 -            147   1.6e-15   55.1  32.3   5   6     3e-08   4.5e-06   24.5   1.4    46   141   863   973   823   981 0.75 length=1122	scaffold=chromosome14	strand=+
2203_g               -           1121 4079                 -            147   1.6e-15   55.1  32.3   6   6   4.5e-11   6.8e-09   33.6   0.1    49   126   982  1058   976  1083 0.83 length=1122	scaffold=chromosome14	strand=+
1703_g               -            453 4079                 -            147     4e-15   53.8   1.6   1   2   7.1e-08   1.1e-05   23.3   0.0    46   104    19    77    10    86 0.93 length=454	scaffold=chromosome13	strand=+
1703_g               -            453 4079                 -            147     4e-15   53.8   1.6   2   2   7.7e-10   1.2e-07   29.6   0.3    49   124   109   183   104   203 0.90 length=454	scaffold=chromosome13	strand=+
4448_g               -           1003 4079                 -            147   2.3e-14   51.4   0.9   1   2   1.1e-06   0.00017   19.4   0.1    49   123   616   689   611   705 0.85 length=1004	scaffold=chromosome9	strand=+
4448_g               -           1003 4079                 -            147   2.3e-14   51.4   0.9   2   2   8.9e-10   1.4e-07   29.4   0.1    49   124   915   991   908  1000 0.86 length=1004	scaffold=chromosome9	strand=+
1068_g               -            923 4079                 -            147     1e-13   49.3   0.0   1   2   8.8e-07   0.00013   19.7   0.1    49   132   548   631   537   642 0.83 length=924	scaffold=chromosome12	strand=-
1068_g               -            923 4079                 -            147     1e-13   49.3   0.0   2   2   5.8e-09   8.9e-07   26.8   0.0    59   136   660   737   652   748 0.88 length=924	scaffold=chromosome12	strand=-
2077_g               -            126 4079                 -            147   1.4e-12   45.6   0.2   1   1   1.1e-14   1.7e-12   45.3   0.2    46   127     7    88     3   116 0.87 length=127	scaffold=chromosome14	strand=-
352_g                -            489 4079                 -            147   1.3e-11   42.5   0.2   1   1   8.2e-14   1.3e-11   42.5   0.2    43   124    94   174    54   186 0.84 length=490	scaffold=chromosome11	strand=-
4056_g               -            304 4079                 -            147   4.6e-11   40.7   0.1   1   1   5.8e-13   8.8e-11   39.8   0.1    39   124    64   149    62   154 0.94 length=305	scaffold=chromosome8	strand=+
4240_g               -            283 4079                 -            147   7.6e-10   36.7   0.0   1   1   1.2e-11   1.8e-09   35.5   0.0    48   123    37   112    24   133 0.88 length=284	scaffold=chromosome8	strand=-
3394_g               -            361 4079                 -            147     3e-09   34.8   0.2   1   2   0.00042     0.064   11.0   0.0    58   100   129   171   117   191 0.83 length=362	scaffold=chromosome5	strand=-
3394_g               -            361 4079                 -            147     3e-09   34.8   0.2   2   2   2.1e-07   3.2e-05   21.7   0.0    49   106   204   260   185   297 0.77 length=362	scaffold=chromosome5	strand=-
1837_g               -            107 4079                 -            147   4.1e-09   34.4   0.1   1   1   2.9e-11   4.4e-09   34.3   0.1    48   124    24   100    10   107 0.90 length=108	scaffold=chromosome13	strand=-
3307_g               -            292 4079                 -            147   6.3e-09   33.7   0.0   1   2    0.0074       1.1    7.0   0.0    49   106     9    65     3    97 0.82 length=293	scaffold=chromosome5	strand=+
3307_g               -            292 4079                 -            147   6.3e-09   33.7   0.0   2   2   2.5e-08   3.8e-06   24.7   0.0    40   123   148   230   145   246 0.90 length=293	scaffold=chromosome5	strand=+
3925_g               -            202 4079                 -            147   7.2e-09   33.6   0.0   1   1   6.9e-11   1.1e-08   33.0   0.0    46   120    70   143    23   150 0.76 length=203	scaffold=chromosome7	strand=-
505_g                -            670 4079                 -            147   2.5e-07   28.6   3.4   1   2     0.068        10    3.8   0.2    66   108    47    89    21   119 0.71 length=671	scaffold=chromosome11	strand=-
505_g                -            670 4079                 -            147   2.5e-07   28.6   3.4   2   2   2.5e-08   3.8e-06   24.7   0.3    49   119   133   204   127   213 0.86 length=671	scaffold=chromosome11	strand=-
277_g                -            326 4079                 -            147     4e-07   27.9   0.2   1   2     7e-09   1.1e-06   26.5   0.0    49   124    14    89     9   103 0.92 length=327	scaffold=chromosome10	strand=+
277_g                -            326 4079                 -            147     4e-07   27.9   0.2   2   2         8   1.2e+03   -2.9   0.3   118   128   270   280   249   300 0.54 length=327	scaffold=chromosome10	strand=+
4749_g               -           1324 4079                 -            147   7.1e-07   27.1   0.0   1   1   1.2e-08   1.9e-06   25.7   0.0    47   113   509   574   498   597 0.90 length=1325	scaffold=chromosome9	strand=+
420_g                -            181 4079                 -            147     2e-06   25.6   0.2   1   1   1.9e-08   2.9e-06   25.1   0.2    49   138    52   141    37   149 0.85 length=182	scaffold=chromosome11	strand=+
1116_g               -            914 4079                 -            147     1e-05   23.3   0.0   1   1   2.6e-07     4e-05   21.4   0.0    46   104   676   734   668   769 0.85 length=915	scaffold=chromosome12	strand=+
1336_g               -            797 4079                 -            147   1.2e-05   23.1   0.1   1   2   2.7e-07   4.1e-05   21.4   0.1    48   125    30   107    26   121 0.91 length=798	scaffold=chromosome12	strand=-
1336_g               -            797 4079                 -            147   1.2e-05   23.1   0.1   2   2       7.1   1.1e+03   -2.7   0.0    18    52   261   295   248   301 0.72 length=798	scaffold=chromosome12	strand=-
503_g                -            243 4079                 -            147   3.6e-05   21.6   3.0   1   2   2.5e-07   3.7e-05   21.5   0.8    36   100    32    99    20   114 0.76 length=244	scaffold=chromosome11	strand=-
503_g                -            243 4079                 -            147   3.6e-05   21.6   3.0   2   2       1.4   2.2e+02   -0.4   0.1    92   134   123   167   103   173 0.64 length=244	scaffold=chromosome11	strand=-
142_g                -            316 4079                 -            147   8.2e-05   20.4   0.0   1   1   1.2e-06   0.00018   19.3   0.0    49   106    10    64     6    83 0.86 length=317	scaffold=chromosome10	strand=+
1494_g               -            134 4079                 -            147   8.8e-05   20.3   0.1   1   1   7.1e-07   0.00011   20.0   0.1    46   120    34   110    23   131 0.85 length=135	scaffold=chromosome13	strand=+
4096_g               -            241 4079                 -            147   9.4e-05   20.2   0.1   1   2   5.3e-05    0.0081   13.9   0.0    63   123    29    88     9   110 0.85 length=242	scaffold=chromosome8	strand=+
4096_g               -            241 4079                 -            147   9.4e-05   20.2   0.1   2   2     0.046         7    4.4   0.0    48    83   164   199   158   238 0.77 length=242	scaffold=chromosome8	strand=+
716_g                -            746 4079                 -            147   0.00013   19.7   5.4   1   4       7.9   1.2e+03   -2.9   0.0    90   114   205   230   196   256 0.69 length=747	scaffold=chromosome11	strand=+
716_g                -            746 4079                 -            147   0.00013   19.7   5.4   2   4      0.64        97    0.7   0.1    48   130   401   482   395   501 0.68 length=747	scaffold=chromosome11	strand=+
716_g                -            746 4079                 -            147   0.00013   19.7   5.4   3   4     0.043       6.5    4.5   0.1    57   102   560   606   530   643 0.79 length=747	scaffold=chromosome11	strand=+
716_g                -            746 4079                 -            147   0.00013   19.7   5.4   4   4   2.9e-05    0.0045   14.8   0.1    45   124   665   743   659   745 0.90 length=747	scaffold=chromosome11	strand=+
4029_g               -            845 4079                 -            147   0.00014   19.7   0.1   1   2   3.6e-06   0.00055   17.7   0.0    43   132   104   194    77   208 0.83 length=846	scaffold=chromosome7	strand=-
4029_g               -            845 4079                 -            147   0.00014   19.7   0.1   2   2       3.9   5.9e+02   -1.8   0.0    49    73   221   245   217   309 0.64 length=846	scaffold=chromosome7	strand=-
3542_g               -            472 4079                 -            147   0.00027   18.7   0.2   1   2       4.6     7e+02   -2.1   0.0    79   100   196   217   192   222 0.75 length=473	scaffold=chromosome6	strand=-
3542_g               -            472 4079                 -            147   0.00027   18.7   0.2   2   2   1.8e-06   0.00027   18.7   0.2    52   122   254   324   246   347 0.88 length=473	scaffold=chromosome6	strand=-
4632_g               -           1061 4079                 -            147   0.00027   18.7   0.0   1   1   5.5e-06   0.00084   17.1   0.0    49   135     8    94     5   105 0.88 length=1062	scaffold=chromosome9	strand=+
2378_g               -            544 4079                 -            147   0.00061   17.6   0.1   1   2       9.5   1.4e+03   -3.1   0.0    52    83    21    54    12    91 0.54 length=545	scaffold=chromosome14	strand=-
2378_g               -            544 4079                 -            147   0.00061   17.6   0.1   2   2   9.3e-06    0.0014   16.4   0.0    47   122   461   535   451   542 0.88 length=545	scaffold=chromosome14	strand=-
4565_g               -            174 4079                 -            147   0.00065   17.5   0.1   1   2   1.2e-05    0.0018   16.1   0.0    57   105    18    65     8    88 0.81 length=175	scaffold=chromosome9	strand=-
4565_g               -            174 4079                 -            147   0.00065   17.5   0.1   2   2         3   4.6e+02   -1.5   0.0    13    41   137   166   126   172 0.61 length=175	scaffold=chromosome9	strand=-
4670_g               -            862 4079                 -            147    0.0023   15.7   0.1   1   1   4.7e-05    0.0072   14.1   0.1    46   141   684   785   679   792 0.78 length=863	scaffold=chromosome9	strand=-
4010_g               -            842 4079                 -            147    0.0053   14.5   0.0   1   1     8e-05     0.012   13.4   0.0    59   108    19    68     7    84 0.86 length=843	scaffold=chromosome7	strand=+
4681_g               -            948 4079                 -            147    0.0098   13.7   0.0   1   1   0.00014     0.021   12.6   0.0    54   100   737   790   730   799 0.75 length=949	scaffold=chromosome9	strand=-
3404_g               -            238 4079                 -            147     0.045   11.5   0.0   1   1   0.00042     0.064   11.0   0.0    50   128    37   115    32   134 0.74 length=239	scaffold=chromosome5	strand=+
#
# Program:         hmmsearch
# Version:         3.4 (Aug 2023)
# Pipeline mode:   SEARCH
# Query file:      /home/inf-20-2025/Malaria/busco_downloads/lineages/apicomplexa_odb12/hmms/4079at5794.hmm
# Target file:     /home/inf-20-2025/Malaria/Results/6_nobird_annotation/P_cynomolgi.faa
# Option settings: hmmsearch --domtblout Results/8_busco/P_cynomolgi/run_apicomplexa_odb12/hmmer_output/initial_run_results/4079at5794.out --cpu 1 /home/inf-20-2025/Malaria/busco_downloads/lineages/apicomplexa_odb12/hmms/4079at5794.hmm /home/inf-20-2025/Malaria/Results/6_nobird_annotation/P_cynomolgi.faa 
# Current dir:     /home/inf-20-2025/Malaria
# Date:            Wed Mar  4 18:30:46 2026
# [ok]
