#                                                                            --- full sequence --- -------------- this domain -------------   hmm coord   ali coord   env coord
# target name        accession   tlen query name           accession   qlen   E-value  score  bias   #  of  c-Evalue  i-Evalue  score  bias  from    to  from    to  from    to  acc description of target
#------------------- ---------- ----- -------------------- ---------- ----- --------- ------ ----- --- --- --------- --------- ------ ----- ----- ----- ----- ----- ----- ----- ---- ---------------------
521_g                -            999 41802                -            658         0 1130.0  21.4   1   3  1.3e-109  1.9e-106  355.0   3.7     7   247    24   266    19   308 0.90 length=1000	scaffold=chromosome11	strand=+
521_g                -            999 41802                -            658         0 1130.0  21.4   2   3    1e-208  1.5e-205  682.4   4.7   240   585   522   868   515   873 0.98 length=1000	scaffold=chromosome11	strand=+
521_g                -            999 41802                -            658         0 1130.0  21.4   3   3   6.1e-33   8.8e-30  101.7   0.2   581   657   914   990   908   991 0.95 length=1000	scaffold=chromosome11	strand=+
602_g                -           1349 41802                -            658   2.3e-20   70.6   4.2   1   2   7.4e-20   1.1e-16   58.4   4.7   115   581    23   520    15   523 0.73 length=1350	scaffold=chromosome11	strand=+
602_g                -           1349 41802                -            658   2.3e-20   70.6   4.2   2   2     9e-05      0.13    8.6   0.0   583   626   594   637   588   653 0.90 length=1350	scaffold=chromosome11	strand=+
63_g                 -            675 41802                -            658    0.0029   14.0   0.0   1   2   4.6e-06    0.0067   12.8   0.0   267   294   235   262   101   272 0.78 length=676	scaffold=chromosome10	strand=-
63_g                 -            675 41802                -            658    0.0029   14.0   0.0   2   2      0.28   4.1e+02   -3.0   0.0   504   574   506   577   484   591 0.79 length=676	scaffold=chromosome10	strand=-
3101_g               -            902 41802                -            658    0.0029   14.0   0.1   1   3       0.5   7.3e+02   -3.8   0.0   102   142    72   111    67   116 0.81 length=903	scaffold=chromosome4	strand=+
3101_g               -            902 41802                -            658    0.0029   14.0   0.1   2   3   6.4e-06    0.0092   12.4   0.0   258   289   276   307   248   324 0.81 length=903	scaffold=chromosome4	strand=+
3101_g               -            902 41802                -            658    0.0029   14.0   0.1   3   3       0.4   5.8e+02   -3.5   0.0   501   532   548   577   473   607 0.64 length=903	scaffold=chromosome4	strand=+
#
# Program:         hmmsearch
# Version:         3.4 (Aug 2023)
# Pipeline mode:   SEARCH
# Query file:      /home/inf-20-2025/Malaria/busco_downloads/lineages/apicomplexa_odb12/hmms/41802at5794.hmm
# Target file:     /home/inf-20-2025/Malaria/Results/6_nobird_annotation/P_cynomolgi.faa
# Option settings: hmmsearch --domtblout Results/8_busco/P_cynomolgi/run_apicomplexa_odb12/hmmer_output/initial_run_results/41802at5794.out --cpu 1 /home/inf-20-2025/Malaria/busco_downloads/lineages/apicomplexa_odb12/hmms/41802at5794.hmm /home/inf-20-2025/Malaria/Results/6_nobird_annotation/P_cynomolgi.faa 
# Current dir:     /home/inf-20-2025/Malaria
# Date:            Wed Mar  4 18:30:46 2026
# [ok]
