#                                                                            --- full sequence --- -------------- this domain -------------   hmm coord   ali coord   env coord
# target name        accession   tlen query name           accession   qlen   E-value  score  bias   #  of  c-Evalue  i-Evalue  score  bias  from    to  from    to  from    to  acc description of target
#------------------- ---------- ----- -------------------- ---------- ----- --------- ------ ----- --- --- --------- --------- ------ ----- ----- ----- ----- ----- ----- ----- ---- ---------------------
4402_g               -            589 41938                -            401  8.2e-195  646.0  16.7   1   2   0.00022     0.021   12.4   0.7     3    89    32   118    30   136 0.65 length=590	scaffold=chromosome8	strand=+
4402_g               -            589 41938                -            401  8.2e-195  646.0  16.7   2   2  9.1e-195  8.5e-193  639.4   8.2    59   401   223   573   167   573 0.91 length=590	scaffold=chromosome8	strand=+
3276_g               -            322 41938                -            401   1.4e-43  148.0  16.8   1   3     6e-20   5.6e-18   63.7   2.7   104   218    18   141    12   142 0.90 length=323	scaffold=chromosome5	strand=+
3276_g               -            322 41938                -            401   1.4e-43  148.0  16.8   2   3   1.1e-25     1e-23   82.6   2.6   206   355    87   238    84   240 0.88 length=323	scaffold=chromosome5	strand=+
3276_g               -            322 41938                -            401   1.4e-43  148.0  16.8   3   3   6.6e-08   6.2e-06   24.0   0.1   249   346   217   317   214   321 0.85 length=323	scaffold=chromosome5	strand=+
714_g                -           1473 41938                -            401   1.2e-42  144.9  11.2   1   3   4.5e-12   4.2e-10   37.7   0.1   190   266    65   141    56   141 0.94 length=1474	scaffold=chromosome11	strand=-
714_g                -           1473 41938                -            401   1.2e-42  144.9  11.2   2   3   7.8e-26   7.3e-24   83.1   1.3   105   223   106   224   103   261 0.91 length=1474	scaffold=chromosome11	strand=-
714_g                -           1473 41938                -            401   1.2e-42  144.9  11.2   3   3   2.3e-15   2.2e-13   48.6   0.7    70   214   275   422   250   430 0.75 length=1474	scaffold=chromosome11	strand=-
4819_g               -            680 41938                -            401   2.2e-35  121.0  10.5   1   4   1.3e-16   1.2e-14   52.7   0.0   187   287   125   225    97   256 0.89 length=681	scaffold=chromosome9	strand=-
4819_g               -            680 41938                -            401   2.2e-35  121.0  10.5   2   4   2.7e-13   2.5e-11   41.8   1.5   122   307   361   548   357   551 0.86 length=681	scaffold=chromosome9	strand=-
4819_g               -            680 41938                -            401   2.2e-35  121.0  10.5   3   4   2.3e-09   2.2e-07   28.8   0.2   102   177   510   585   501   591 0.85 length=681	scaffold=chromosome9	strand=-
4819_g               -            680 41938                -            401   2.2e-35  121.0  10.5   4   4   3.1e-05    0.0029   15.2   0.1    97   134   642   679   586   680 0.60 length=681	scaffold=chromosome9	strand=-
4343_g               -            498 41938                -            401   8.2e-33  112.5   8.1   1   2   1.3e-18   1.2e-16   59.3   0.6   162   285   227   354   206   357 0.93 length=499	scaffold=chromosome8	strand=-
4343_g               -            498 41938                -            401   8.2e-33  112.5   8.1   2   2   3.1e-17   2.9e-15   54.7   0.6   123   259   360   497   356   498 0.88 length=499	scaffold=chromosome8	strand=-
207_g                -            391 41938                -            401   3.7e-31  107.1   7.0   1   2     6e-27   5.6e-25   86.7   2.6    82   274    87   279    15   285 0.80 length=392	scaffold=chromosome10	strand=-
207_g                -            391 41938                -            401   3.7e-31  107.1   7.0   2   2   8.9e-08   8.3e-06   23.6   0.1   104   186   277   359   275   364 0.90 length=392	scaffold=chromosome10	strand=-
1313_g               -           1301 41938                -            401   1.2e-30  105.5  14.7   1   4   4.9e-18   4.6e-16   57.4   0.7   127   303    37   232    22   261 0.79 length=1302	scaffold=chromosome12	strand=+
1313_g               -           1301 41938                -            401   1.2e-30  105.5  14.7   2   4       6.9   6.4e+02   -2.4   1.1    23    77   428   469   405   494 0.37 length=1302	scaffold=chromosome12	strand=+
1313_g               -           1301 41938                -            401   1.2e-30  105.5  14.7   3   4    0.0013      0.12    9.9   0.0   103   239   698   789   656   815 0.48 length=1302	scaffold=chromosome12	strand=+
1313_g               -           1301 41938                -            401   1.2e-30  105.5  14.7   4   4   1.2e-14   1.1e-12   46.2   0.2   109   259   905  1055   857  1060 0.94 length=1302	scaffold=chromosome12	strand=+
3759_g               -           1012 41938                -            401   1.1e-29  102.2   6.8   1   2   4.1e-08   3.8e-06   24.7   0.2   143   260    10   127     4   128 0.51 length=1013	scaffold=chromosome7	strand=-
3759_g               -           1012 41938                -            401   1.1e-29  102.2   6.8   2   2     1e-27   9.8e-26   89.2   2.0   103   272    96   274    88   294 0.88 length=1013	scaffold=chromosome7	strand=-
3310_g               -            381 41938                -            401   4.9e-26   90.2   5.5   1   2   1.1e-20     1e-18   66.1   4.2   100   297    41   237    35   245 0.90 length=382	scaffold=chromosome5	strand=-
3310_g               -            381 41938                -            401   4.9e-26   90.2   5.5   2   2   2.2e-07     2e-05   22.3   0.0   118   172   275   329   266   335 0.89 length=382	scaffold=chromosome5	strand=-
2224_g               -            613 41938                -            401   3.9e-22   77.4  14.3   1   1   5.7e-24   5.3e-22   76.9  13.2    29   394   243   612   207   613 0.76 length=614	scaffold=chromosome14	strand=+
128_g                -           1385 41938                -            401   6.4e-22   76.7  22.8   1   3   5.3e-06    0.0005   17.8   3.8    29   154   985  1108   970  1114 0.71 length=1386	scaffold=chromosome10	strand=-
128_g                -           1385 41938                -            401   6.4e-22   76.7  22.8   2   3   7.3e-15   6.8e-13   46.9   2.8   100   274  1096  1274  1087  1282 0.86 length=1386	scaffold=chromosome10	strand=-
128_g                -           1385 41938                -            401   6.4e-22   76.7  22.8   3   3   4.4e-08   4.1e-06   24.6   0.1   117   179  1288  1353  1279  1367 0.85 length=1386	scaffold=chromosome10	strand=-
865_g                -            641 41938                -            401   2.7e-20   71.3   0.1   1   3       4.9   4.5e+02   -1.9   0.0    96   120   277   302   252   316 0.71 length=642	scaffold=chromosome12	strand=-
865_g                -            641 41938                -            401   2.7e-20   71.3   0.1   2   3   1.5e-17   1.4e-15   55.8   0.0   147   291   427   573   417   576 0.89 length=642	scaffold=chromosome12	strand=-
865_g                -            641 41938                -            401   2.7e-20   71.3   0.1   3   3   0.00012     0.011   13.3   0.0   247   296   572   621   568   640 0.77 length=642	scaffold=chromosome12	strand=-
4166_g               -           1175 41938                -            401   1.2e-19   69.2  11.5   1   5     0.043         4    4.9   0.1   124   193   207   274   164   280 0.82 length=1176	scaffold=chromosome8	strand=-
4166_g               -           1175 41938                -            401   1.2e-19   69.2  11.5   2   5      0.59        55    1.1   0.0   121   136   359   374   348   379 0.82 length=1176	scaffold=chromosome8	strand=-
4166_g               -           1175 41938                -            401   1.2e-19   69.2  11.5   3   5      0.29        27    2.2   0.0   167   196   497   526   481   532 0.86 length=1176	scaffold=chromosome8	strand=-
4166_g               -           1175 41938                -            401   1.2e-19   69.2  11.5   4   5   1.9e-15   1.8e-13   48.9   2.9    95   315   581   787   562   810 0.82 length=1176	scaffold=chromosome8	strand=-
4166_g               -           1175 41938                -            401   1.2e-19   69.2  11.5   5   5     8e-10   7.5e-08   30.3   0.4   222   321   694   793   671   871 0.64 length=1176	scaffold=chromosome8	strand=-
3600_g               -            365 41938                -            401   2.9e-19   67.9   4.0   1   2   1.3e-18   1.2e-16   59.3   3.1   169   321    70   225    46   232 0.86 length=366	scaffold=chromosome6	strand=-
3600_g               -            365 41938                -            401   2.9e-19   67.9   4.0   2   2   0.00048     0.045   11.3   0.1   124   218   195   290   190   295 0.72 length=366	scaffold=chromosome6	strand=-
2416_g               -            470 41938                -            401   1.7e-17   62.1   1.5   1   2   1.8e-18   1.7e-16   58.8   0.6   107   265   131   292   108   298 0.84 length=471	scaffold=chromosome14	strand=-
2416_g               -            470 41938                -            401   1.7e-17   62.1   1.5   2   2      0.38        35    1.8   0.0   163   219   325   387   316   414 0.58 length=471	scaffold=chromosome14	strand=-
2661_g               -            364 41938                -            401   2.3e-17   61.7   8.5   1   3   2.7e-07   2.5e-05   22.0   0.2   221   280     6    66     2    69 0.83 length=365	scaffold=chromosome1	strand=-
2661_g               -            364 41938                -            401   2.3e-17   61.7   8.5   2   3   3.5e-09   3.3e-07   28.2   0.1   149   266    61   180    59   185 0.77 length=365	scaffold=chromosome1	strand=-
2661_g               -            364 41938                -            401   2.3e-17   61.7   8.5   3   3   1.5e-05    0.0014   16.3   1.0   111   188   191   270   185   283 0.86 length=365	scaffold=chromosome1	strand=-
2670_g               -           1070 41938                -            401   8.9e-17   59.7   3.5   1   5       0.2        19    2.7   0.0   254   285    34    65    26    72 0.89 length=1071	scaffold=chromosome1	strand=+
2670_g               -           1070 41938                -            401   8.9e-17   59.7   3.5   2   5    0.0057      0.53    7.8   0.0    93   179   148   238    93   244 0.83 length=1071	scaffold=chromosome1	strand=+
2670_g               -           1070 41938                -            401   8.9e-17   59.7   3.5   3   5      0.29        27    2.1   0.1   299   349   331   380   305   395 0.78 length=1071	scaffold=chromosome1	strand=+
2670_g               -           1070 41938                -            401   8.9e-17   59.7   3.5   4   5   2.6e-06   0.00024   18.8   0.0   204   271   429   496   425   499 0.92 length=1071	scaffold=chromosome1	strand=+
2670_g               -           1070 41938                -            401   8.9e-17   59.7   3.5   5   5   8.6e-08   8.1e-06   23.7   0.1   197   266   525   599   519   659 0.81 length=1071	scaffold=chromosome1	strand=+
2910_g               -            492 41938                -            401   1.5e-15   55.7   5.3   1   3   1.5e-11   1.4e-09   36.1   0.1    80   183    42   144     5   150 0.79 length=493	scaffold=chromosome3	strand=+
2910_g               -            492 41938                -            401   1.5e-15   55.7   5.3   2   3   0.00037     0.034   11.7   0.0   162   296   218   352   209   353 0.81 length=493	scaffold=chromosome3	strand=+
2910_g               -            492 41938                -            401   1.5e-15   55.7   5.3   3   3   4.2e-05    0.0039   14.8   0.3   126   218   307   401   290   421 0.58 length=493	scaffold=chromosome3	strand=+
815_g                -            700 41938                -            401   5.6e-15   53.8  10.4   1   4         4   3.8e+02   -1.6   0.0   153   183   140   172   116   178 0.79 length=701	scaffold=chromosome12	strand=+
815_g                -            700 41938                -            401   5.6e-15   53.8  10.4   2   4   2.2e-06   0.00021   19.0   0.2   182   313   261   392   229   399 0.77 length=701	scaffold=chromosome12	strand=+
815_g                -            700 41938                -            401   5.6e-15   53.8  10.4   3   4   2.8e-05    0.0026   15.4   1.3    67   218   445   599   392   600 0.62 length=701	scaffold=chromosome12	strand=+
815_g                -            700 41938                -            401   5.6e-15   53.8  10.4   4   4   9.9e-12   9.2e-10   36.6   0.2   119   263   541   687   536   697 0.91 length=701	scaffold=chromosome12	strand=+
1590_g               -            564 41938                -            401   6.2e-15   53.7   5.7   1   3   0.00033     0.031   11.9   0.2    25   148   112   234    90   238 0.65 length=565	scaffold=chromosome13	strand=-
1590_g               -            564 41938                -            401   6.2e-15   53.7   5.7   2   3     3e-13   2.8e-11   41.7   0.3   162   262   387   490   381   497 0.91 length=565	scaffold=chromosome13	strand=-
1590_g               -            564 41938                -            401   6.2e-15   53.7   5.7   3   3      0.67        62    1.0   0.0   225   260   509   545   506   550 0.61 length=565	scaffold=chromosome13	strand=-
2286_g               -            648 41938                -            401   9.7e-15   53.0   9.9   1   3    0.0062      0.58    7.7   0.0   202   233   333   364   326   373 0.85 length=649	scaffold=chromosome14	strand=+
2286_g               -            648 41938                -            401   9.7e-15   53.0   9.9   2   3   7.2e-12   6.8e-10   37.1   1.9   189   346   377   537   371   549 0.80 length=649	scaffold=chromosome14	strand=+
2286_g               -            648 41938                -            401   9.7e-15   53.0   9.9   3   3   4.1e-09   3.8e-07   28.0   1.1   206   356   444   593   443   611 0.79 length=649	scaffold=chromosome14	strand=+
1986_g               -            525 41938                -            401   4.2e-14   50.9   6.2   1   2   2.9e-06   0.00027   18.6   0.3     8   145   115   259   108   266 0.60 length=526	scaffold=chromosome14	strand=-
1986_g               -            525 41938                -            401   4.2e-14   50.9   6.2   2   2   4.6e-11   4.3e-09   34.4   1.3   189   345   269   382   264   392 0.53 length=526	scaffold=chromosome14	strand=-
2393_g               -            506 41938                -            401   3.3e-13   48.0   2.5   1   1   1.1e-14   1.1e-12   46.3   0.9   186   348   279   451   270   454 0.75 length=507	scaffold=chromosome14	strand=+
1359_g               -            840 41938                -            401   4.7e-13   47.5   8.7   1   3   2.3e-08   2.2e-06   25.5   0.1   109   183    69   143    64   154 0.88 length=841	scaffold=chromosome12	strand=+
1359_g               -            840 41938                -            401   4.7e-13   47.5   8.7   2   3   1.8e-06   0.00017   19.3   0.1   103   172   261   333   190   344 0.78 length=841	scaffold=chromosome12	strand=+
1359_g               -            840 41938                -            401   4.7e-13   47.5   8.7   3   3     0.021         2    5.9   0.0   203   262   430   488   417   509 0.74 length=841	scaffold=chromosome12	strand=+
52_g                 -            322 41938                -            401   2.1e-12   45.3   1.6   1   1   6.2e-14   5.8e-12   43.9   1.0   191   346    12   169     2   219 0.80 length=323	scaffold=chromosome10	strand=+
591_g                -            540 41938                -            401   2.9e-12   44.9   5.1   1   2   1.4e-07   1.3e-05   23.0   0.4    98   178   201   285   103   307 0.57 length=541	scaffold=chromosome11	strand=-
591_g                -            540 41938                -            401   2.9e-12   44.9   5.1   2   2   2.3e-07   2.2e-05   22.2   0.4   105   178   365   440   355   444 0.88 length=541	scaffold=chromosome11	strand=-
781_g                -            466 41938                -            401   1.1e-10   39.7   0.0   1   2   1.1e-09   9.9e-08   29.9   0.0   213   286    95   168    52   170 0.86 length=467	scaffold=chromosome12	strand=-
781_g                -            466 41938                -            401   1.1e-10   39.7   0.0   2   2    0.0075       0.7    7.4   0.0   245   312   174   239   169   247 0.89 length=467	scaffold=chromosome12	strand=-
1512_g               -            761 41938                -            401   6.7e-10   37.1  20.1   1   4      0.27        26    2.2   0.1   270   306     9    46     4    71 0.65 length=762	scaffold=chromosome13	strand=+
1512_g               -            761 41938                -            401   6.7e-10   37.1  20.1   2   4   1.1e-05     0.001   16.7   0.1    89   132   115   158   104   163 0.88 length=762	scaffold=chromosome13	strand=+
1512_g               -            761 41938                -            401   6.7e-10   37.1  20.1   3   4   1.8e-05    0.0017   16.0   0.6   230   308   282   364   275   389 0.78 length=762	scaffold=chromosome13	strand=+
1512_g               -            761 41938                -            401   6.7e-10   37.1  20.1   4   4    0.0004     0.037   11.6   3.1    19   134   590   708   581   760 0.81 length=762	scaffold=chromosome13	strand=+
3378_g               -            490 41938                -            401   7.3e-10   37.0   0.5   1   2       1.7   1.6e+02   -0.4   0.0   222   259   228   266   226   291 0.64 length=491	scaffold=chromosome5	strand=+
3378_g               -            490 41938                -            401   7.3e-10   37.0   0.5   2   2   3.3e-11     3e-09   34.9   0.3   186   273   355   447   302   481 0.76 length=491	scaffold=chromosome5	strand=+
306_g                -            976 41938                -            401   1.8e-09   35.7   3.2   1   3   5.1e-07   4.8e-05   21.1   0.3    33   134   142   249   106   260 0.53 length=977	scaffold=chromosome10	strand=-
306_g                -            976 41938                -            401   1.8e-09   35.7   3.2   2   3   5.6e-08   5.2e-06   24.3   0.2    99   160   317   378   302   392 0.85 length=977	scaffold=chromosome10	strand=-
306_g                -            976 41938                -            401   1.8e-09   35.7   3.2   3   3       9.9   9.2e+02   -2.9   2.1    39    45   768   774   693   841 0.55 length=977	scaffold=chromosome10	strand=-
994_g                -           2446 41938                -            401   2.3e-08   32.0   0.6   1   2   9.9e-09   9.3e-07   26.7   0.1   225   342  2177  2292  2169  2298 0.81 length=2447	scaffold=chromosome12	strand=+
994_g                -           2446 41938                -            401   2.3e-08   32.0   0.6   2   2      0.21        19    2.7   0.0   206   254  2386  2436  2384  2442 0.78 length=2447	scaffold=chromosome12	strand=+
3109_g               -           1462 41938                -            401   2.8e-08   31.8   0.9   1   2     0.025       2.3    5.7   0.0    92   135   133   176    65   180 0.84 length=1463	scaffold=chromosome4	strand=+
3109_g               -           1462 41938                -            401   2.8e-08   31.8   0.9   2   2     8e-08   7.5e-06   23.8   0.4   203   319   208   332   191   340 0.79 length=1463	scaffold=chromosome4	strand=+
993_g                -            594 41938                -            401   3.6e-08   31.4   5.0   1   3      0.11        10    3.5   0.0   113   138   331   356   327   365 0.85 length=595	scaffold=chromosome12	strand=+
993_g                -            594 41938                -            401   3.6e-08   31.4   5.0   2   3   2.2e-08   2.1e-06   25.6   0.2   106   181   447   525   442   532 0.84 length=595	scaffold=chromosome12	strand=+
993_g                -            594 41938                -            401   3.6e-08   31.4   5.0   3   3      0.18        17    2.9   0.2    81   136   532   588   524   592 0.68 length=595	scaffold=chromosome12	strand=+
702_g                -            393 41938                -            401   3.6e-08   31.4   0.0   1   1   6.2e-10   5.8e-08   30.7   0.0   188   264   222   300   212   347 0.87 length=394	scaffold=chromosome11	strand=+
4218_g               -           2789 41938                -            401   5.5e-08   30.8   2.0   1   1   1.5e-09   1.4e-07   29.5   2.0    21   181   457   619   441   628 0.85 length=2790	scaffold=chromosome8	strand=-
2950_g               -            327 41938                -            401   1.5e-07   29.3   0.5   1   3   1.6e-06   0.00015   19.4   0.2   203   390    23   207     4   212 0.79 length=328	scaffold=chromosome3	strand=-
2950_g               -            327 41938                -            401   1.5e-07   29.3   0.5   2   3    0.0023      0.21    9.1   0.5   214   298   125   208   121   280 0.65 length=328	scaffold=chromosome3	strand=-
2950_g               -            327 41938                -            401   1.5e-07   29.3   0.5   3   3     0.026       2.5    5.6   0.0   102   135   284   317   279   321 0.90 length=328	scaffold=chromosome3	strand=-
2511_g               -            552 41938                -            401   1.5e-07   29.3   0.0   1   2   5.3e-09     5e-07   27.6   0.0   185   267    69   161    50   174 0.68 length=553	scaffold=chromosome14	strand=+
2511_g               -            552 41938                -            401   1.5e-07   29.3   0.0   2   2       5.7   5.3e+02   -2.1   0.0   129   139   241   251   226   296 0.66 length=553	scaffold=chromosome14	strand=+
4425_g               -            566 41938                -            401   1.8e-07   29.1   8.8   1   3    0.0017      0.16    9.5   0.9   118   231    53   179    37   206 0.72 length=567	scaffold=chromosome9	strand=-
4425_g               -            566 41938                -            401   1.8e-07   29.1   8.8   2   3     6e-05    0.0056   14.3   0.0   121   180   237   300   226   308 0.81 length=567	scaffold=chromosome9	strand=-
4425_g               -            566 41938                -            401   1.8e-07   29.1   8.8   3   3    0.0069      0.64    7.5   0.5   219   262   520   561   508   565 0.82 length=567	scaffold=chromosome9	strand=-
2239_g               -            463 41938                -            401   2.6e-07   28.6   0.1   1   1   4.9e-09   4.6e-07   27.8   0.1   160   260   293   397   288   405 0.84 length=464	scaffold=chromosome14	strand=+
4579_g               -            555 41938                -            401   2.6e-07   28.6   7.2   1   4    0.0042      0.39    8.2   0.0   230   270    48    88    43    93 0.68 length=556	scaffold=chromosome9	strand=+
4579_g               -            555 41938                -            401   2.6e-07   28.6   7.2   2   4      0.52        49    1.3   0.1   100   134    90   123    83   129 0.78 length=556	scaffold=chromosome9	strand=+
4579_g               -            555 41938                -            401   2.6e-07   28.6   7.2   3   4   0.00055     0.052   11.1   0.1   229   263   167   201   153   219 0.73 length=556	scaffold=chromosome9	strand=+
4579_g               -            555 41938                -            401   2.6e-07   28.6   7.2   4   4    0.0041      0.38    8.3   0.0   202   261   340   403   331   420 0.67 length=556	scaffold=chromosome9	strand=+
2727_g               -            447 41938                -            401   3.8e-07   28.0   0.0   1   2   1.7e-07   1.6e-05   22.7   0.0   155   294   213   359   143   372 0.76 length=448	scaffold=chromosome2	strand=+
2727_g               -            447 41938                -            401   3.8e-07   28.0   0.0   2   2      0.44        41    1.6   0.0   139   179   387   430   376   435 0.71 length=448	scaffold=chromosome2	strand=+
3627_g               -            611 41938                -            401   4.1e-07   27.9   4.4   1   3     0.042       3.9    4.9   0.1   271   369   266   366   260   369 0.71 length=612	scaffold=chromosome6	strand=+
3627_g               -            611 41938                -            401   4.1e-07   27.9   4.4   2   3   0.00072     0.068   10.7   0.3   166   227   449   512   436   529 0.88 length=612	scaffold=chromosome6	strand=+
3627_g               -            611 41938                -            401   4.1e-07   27.9   4.4   3   3   0.00034     0.032   11.8   0.0   206   239   544   577   520   605 0.82 length=612	scaffold=chromosome6	strand=+
2323_g               -            436 41938                -            401   4.3e-07   27.8   1.1   1   2   4.2e-05    0.0039   14.8   0.4   124   238    92   219    72   226 0.76 length=437	scaffold=chromosome14	strand=-
2323_g               -            436 41938                -            401   4.3e-07   27.8   1.1   2   2   0.00057     0.053   11.1   0.0    72   139   280   347   236   356 0.70 length=437	scaffold=chromosome14	strand=-
1636_g               -           2013 41938                -            401     7e-07   27.1   2.1   1   3   1.1e-07   1.1e-05   23.3   1.0   188   320    50   189    24   198 0.81 length=2014	scaffold=chromosome13	strand=+
1636_g               -           2013 41938                -            401     7e-07   27.1   2.1   2   3         2   1.8e+02   -0.6   0.0   109   134   241   267   217   278 0.73 length=2014	scaffold=chromosome13	strand=+
1636_g               -           2013 41938                -            401     7e-07   27.1   2.1   3   3   0.00015     0.014   13.0   0.0   246   304  1903  1957  1883  1972 0.82 length=2014	scaffold=chromosome13	strand=+
386_g                -            883 41938                -            401   8.4e-07   26.9   0.1   1   5         1        97    0.3   0.0    92   118     9    34     4    38 0.80 length=884	scaffold=chromosome11	strand=+
386_g                -            883 41938                -            401   8.4e-07   26.9   0.1   2   5      0.11        10    3.6   0.0   120   160   137   176   101   187 0.72 length=884	scaffold=chromosome11	strand=+
386_g                -            883 41938                -            401   8.4e-07   26.9   0.1   3   5     9e-09   8.4e-07   26.9   0.1    94   227   213   339   198   365 0.85 length=884	scaffold=chromosome11	strand=+
386_g                -            883 41938                -            401   8.4e-07   26.9   0.1   4   5       6.2   5.8e+02   -2.2   0.4    19    86   394   460   380   489 0.52 length=884	scaffold=chromosome11	strand=+
386_g                -            883 41938                -            401   8.4e-07   26.9   0.1   5   5         3   2.8e+02   -1.2   0.9    16    93   582   658   570   674 0.52 length=884	scaffold=chromosome11	strand=+
1810_g               -            546 41938                -            401     7e-06   23.9   0.2   1   2    0.0057      0.53    7.8   0.1   217   278    57   119    42   149 0.66 length=547	scaffold=chromosome13	strand=+
1810_g               -            546 41938                -            401     7e-06   23.9   0.2   2   2   8.3e-05    0.0078   13.8   0.0   196   265   317   386   311   396 0.88 length=547	scaffold=chromosome13	strand=+
3671_g               -            697 41938                -            401   1.7e-05   22.6   7.2   1   2   4.8e-05    0.0045   14.6   0.4   267   398   114   252   106   254 0.77 length=698	scaffold=chromosome6	strand=+
3671_g               -            697 41938                -            401   1.7e-05   22.6   7.2   2   2     0.019       1.8    6.1   1.2   303   396   268   359   254   364 0.62 length=698	scaffold=chromosome6	strand=+
495_g                -            519 41938                -            401   2.1e-05   22.3   0.7   1   3    0.0058      0.54    7.8   0.0   220   260   281   320   276   325 0.86 length=520	scaffold=chromosome11	strand=-
495_g                -            519 41938                -            401   2.1e-05   22.3   0.7   2   3    0.0073      0.68    7.4   0.0    78   144   326   394   320   405 0.82 length=520	scaffold=chromosome11	strand=-
495_g                -            519 41938                -            401   2.1e-05   22.3   0.7   3   3      0.14        13    3.2   0.0   205   265   411   478   404   495 0.77 length=520	scaffold=chromosome11	strand=-
1655_g               -            780 41938                -            401   3.2e-05   21.7   0.0   1   2   3.5e-07   3.2e-05   21.7   0.0   199   263   359   429   326   443 0.78 length=781	scaffold=chromosome13	strand=+
1655_g               -            780 41938                -            401   3.2e-05   21.7   0.0   2   2       8.7   8.2e+02   -2.7   0.1   327   364   648   685   594   696 0.69 length=781	scaffold=chromosome13	strand=+
1025_g               -            314 41938                -            401   4.2e-05   21.3   1.5   1   2   0.00058     0.054   11.1   0.8   109   230    10   140     2   154 0.69 length=315	scaffold=chromosome12	strand=-
1025_g               -            314 41938                -            401   4.2e-05   21.3   1.5   2   2    0.0038      0.36    8.3   0.0   205   221   258   274   252   290 0.83 length=315	scaffold=chromosome12	strand=-
213_g                -            743 41938                -            401   5.5e-05   20.9   0.0   1   2   2.4e-06   0.00022   18.9   0.0    95   214   125   251    60   290 0.79 length=744	scaffold=chromosome10	strand=-
213_g                -            743 41938                -            401   5.5e-05   20.9   0.0   2   2       3.2     3e+02   -1.3   0.0    81   140   345   403   334   405 0.82 length=744	scaffold=chromosome10	strand=-
835_g                -            363 41938                -            401   5.6e-05   20.9   0.2   1   3       0.9        84    0.5   0.0   234   278    70   115    12   123 0.54 length=364	scaffold=chromosome12	strand=+
835_g                -            363 41938                -            401   5.6e-05   20.9   0.2   2   3   0.00031     0.029   12.0   0.0   203   229   126   152   122   159 0.88 length=364	scaffold=chromosome12	strand=+
835_g                -            363 41938                -            401   5.6e-05   20.9   0.2   3   3       0.1       9.6    3.7   0.1   329   380   185   227   168   250 0.67 length=364	scaffold=chromosome12	strand=+
2325_g               -            748 41938                -            401   0.00012   19.8   4.0   1   2   9.4e-06   0.00088   16.9   0.6   147   240    11   112     3   149 0.72 length=749	scaffold=chromosome14	strand=+
2325_g               -            748 41938                -            401   0.00012   19.8   4.0   2   2     0.084       7.9    3.9   0.2   205   259   203   267   195   291 0.73 length=749	scaffold=chromosome14	strand=+
4529_g               -            466 41938                -            401   0.00013   19.7   1.1   1   3     0.012       1.1    6.7   0.0   155   177   117   139   108   146 0.55 length=467	scaffold=chromosome9	strand=-
4529_g               -            466 41938                -            401   0.00013   19.7   1.1   2   3    0.0015      0.14    9.7   0.2   145   177   212   244   204   253 0.71 length=467	scaffold=chromosome9	strand=-
4529_g               -            466 41938                -            401   0.00013   19.7   1.1   3   3       1.7   1.6e+02   -0.4   0.0   114   177   333   395   327   400 0.63 length=467	scaffold=chromosome9	strand=-
2553_g               -            831 41938                -            401   0.00019   19.2   0.1   1   2       4.4   4.1e+02   -1.7   0.0   321   345   198   222   172   266 0.74 length=832	scaffold=chromosome1	strand=+
2553_g               -            831 41938                -            401   0.00019   19.2   0.1   2   2   8.4e-06   0.00079   17.1   0.0   150   218   421   488   419   522 0.86 length=832	scaffold=chromosome1	strand=+
3756_g               -           1145 41938                -            401   0.00079   17.1  16.8   1   5     0.018       1.7    6.2   0.1   141   183    63   107    49   115 0.87 length=1146	scaffold=chromosome7	strand=+
3756_g               -           1145 41938                -            401   0.00079   17.1  16.8   2   5     0.002      0.18    9.3   0.2   309   361   305   355   247   396 0.75 length=1146	scaffold=chromosome7	strand=+
3756_g               -           1145 41938                -            401   0.00079   17.1  16.8   3   5     0.002      0.19    9.3   0.4   311   356   505   550   488   583 0.76 length=1146	scaffold=chromosome7	strand=+
3756_g               -           1145 41938                -            401   0.00079   17.1  16.8   4   5      0.64        60    1.0   0.0   163   187   713   737   703   740 0.87 length=1146	scaffold=chromosome7	strand=+
3756_g               -           1145 41938                -            401   0.00079   17.1  16.8   5   5       8.8   8.2e+02   -2.7   1.0     5    82   815   897   812   925 0.48 length=1146	scaffold=chromosome7	strand=+
3544_g               -            647 41938                -            401    0.0042   14.7   0.3   1   2    0.0017      0.16    9.5   0.0   211   341   330   473   326   535 0.67 length=648	scaffold=chromosome6	strand=+
3544_g               -            647 41938                -            401    0.0042   14.7   0.3   2   2      0.21        20    2.6   0.1   282   353   555   624   542   639 0.66 length=648	scaffold=chromosome6	strand=+
4072_g               -            168 41938                -            401    0.0088   13.6   0.0   1   1   0.00012     0.011   13.3   0.0   212   303    57   150    46   162 0.71 length=169	scaffold=chromosome8	strand=-
59_g                 -           1686 41938                -            401     0.014   13.0  12.5   1   5       1.1   1.1e+02    0.2   0.0   143   175   228   260   219   271 0.83 length=1687	scaffold=chromosome10	strand=+
59_g                 -           1686 41938                -            401     0.014   13.0  12.5   2   5   0.00037     0.035   11.7   0.0   144   216   310   385   305   390 0.82 length=1687	scaffold=chromosome10	strand=+
59_g                 -           1686 41938                -            401     0.014   13.0  12.5   3   5       8.3   7.7e+02   -2.6   0.2   160   177  1080  1097  1066  1102 0.68 length=1687	scaffold=chromosome10	strand=+
59_g                 -           1686 41938                -            401     0.014   13.0  12.5   4   5      0.31        29    2.1   0.0   330   346  1470  1486  1460  1534 0.90 length=1687	scaffold=chromosome10	strand=+
59_g                 -           1686 41938                -            401     0.014   13.0  12.5   5   5      0.14        13    3.2   0.1   228   278  1560  1608  1543  1615 0.80 length=1687	scaffold=chromosome10	strand=+
2681_g               -            584 41938                -            401     0.024   12.2   0.1   1   1   0.00053      0.05   11.2   0.0   201   262   194   256   145   267 0.78 length=585	scaffold=chromosome1	strand=+
1130_g               -            686 41938                -            401     0.038   11.6   0.0   1   2    0.0068      0.64    7.5   0.0   193   226   403   436   393   445 0.77 length=687	scaffold=chromosome12	strand=-
1130_g               -            686 41938                -            401     0.038   11.6   0.0   2   2      0.52        49    1.3   0.0   171   209   569   608   552   613 0.80 length=687	scaffold=chromosome12	strand=-
3010_g               -            684 41938                -            401      0.08   10.5   1.9   1   1   0.00063     0.059   10.9   0.1   163   228   372   435   341   507 0.68 length=685	scaffold=chromosome3	strand=-
#
# Program:         hmmsearch
# Version:         3.4 (Aug 2023)
# Pipeline mode:   SEARCH
# Query file:      /home/inf-20-2025/Malaria/busco_downloads/lineages/apicomplexa_odb12/hmms/41938at5794.hmm
# Target file:     /home/inf-20-2025/Malaria/Results/6_nobird_annotation/P_cynomolgi.faa
# Option settings: hmmsearch --domtblout Results/8_busco/P_cynomolgi/run_apicomplexa_odb12/hmmer_output/initial_run_results/41938at5794.out --cpu 1 /home/inf-20-2025/Malaria/busco_downloads/lineages/apicomplexa_odb12/hmms/41938at5794.hmm /home/inf-20-2025/Malaria/Results/6_nobird_annotation/P_cynomolgi.faa 
# Current dir:     /home/inf-20-2025/Malaria
# Date:            Wed Mar  4 18:30:47 2026
# [ok]
