#                                                                            --- full sequence --- -------------- this domain -------------   hmm coord   ali coord   env coord
# target name        accession   tlen query name           accession   qlen   E-value  score  bias   #  of  c-Evalue  i-Evalue  score  bias  from    to  from    to  from    to  acc description of target
#------------------- ---------- ----- -------------------- ---------- ----- --------- ------ ----- --- --- --------- --------- ------ ----- ----- ----- ----- ----- ----- ----- ---- ---------------------
4228_g               -            433 438                  -            403  4.2e-258  854.2   0.4   1   1  3.3e-260  4.9e-258  854.0   0.4     4   403    32   433    29   433 0.99 length=434	scaffold=chromosome8	strand=-
1117_g               -           2143 438                  -            403    1e-103  345.8   1.1   1   1  1.1e-105  1.6e-103  345.1   1.1    18   398  1760  2140  1741  2143 0.93 length=2144	scaffold=chromosome12	strand=-
3474_g               -            390 438                  -            403   1.4e-96  322.2   2.0   1   1     1e-98   1.6e-96  322.1   2.0    16   399     4   388     1   390 0.96 length=391	scaffold=chromosome5	strand=+
3148_g               -           1052 438                  -            403   9.4e-86  286.6   4.1   1   2   9.1e-21   1.3e-18   65.4   0.0    29    96    55   122    34   128 0.90 length=1053	scaffold=chromosome4	strand=+
3148_g               -           1052 438                  -            403   9.4e-86  286.6   4.1   2   2   7.8e-68   1.2e-65  220.4   2.5    95   402   152   466   148   467 0.94 length=1053	scaffold=chromosome4	strand=+
1205_g               -            793 438                  -            403   3.3e-67  225.5   7.8   1   1   3.9e-67   5.7e-65  218.1   7.8    16   392   364   779   351   788 0.83 length=794	scaffold=chromosome12	strand=-
129_g                -           1101 438                  -            403   2.5e-66  222.6   0.0   1   2   1.1e-33   1.6e-31  108.0   0.0    31   203   677   857   648   860 0.90 length=1102	scaffold=chromosome10	strand=+
129_g                -           1101 438                  -            403   2.5e-66  222.6   0.0   2   2   6.4e-35   9.4e-33  112.0   0.0   206   397   884  1075   867  1079 0.94 length=1102	scaffold=chromosome10	strand=+
3068_g               -           1799 438                  -            403   4.3e-64  215.2   4.7   1   1   4.6e-66   6.9e-64  214.6   4.7    28   393   123   489    94   499 0.93 length=1800	scaffold=chromosome4	strand=+
2290_g               -            731 438                  -            403   2.4e-63  212.8   0.8   1   2   8.6e-10   1.3e-07   29.3   0.0    26    95   261   329   239   335 0.80 length=732	scaffold=chromosome14	strand=-
2290_g               -            731 438                  -            403   2.4e-63  212.8   0.8   2   2   4.6e-56   6.9e-54  181.6   0.4    96   372   414   694   407   721 0.92 length=732	scaffold=chromosome14	strand=-
1333_g               -            528 438                  -            403   4.2e-63  212.0   0.0   1   1   3.8e-65   5.6e-63  211.6   0.0    42   403   125   496   116   496 0.88 length=529	scaffold=chromosome12	strand=-
36_g                 -            670 438                  -            403   3.8e-58  195.7   0.1   1   1   4.3e-60   6.3e-58  194.9   0.1    31   382   222   587   217   606 0.89 length=671	scaffold=chromosome10	strand=-
226_g                -           1530 438                  -            403   1.6e-57  193.6   1.3   1   1   1.8e-59   2.7e-57  192.8   1.3    46   398   767  1129   735  1132 0.91 length=1531	scaffold=chromosome10	strand=-
2514_g               -            755 438                  -            403     2e-55  186.7   4.7   1   2   8.4e-41   1.3e-38  131.4   0.0    28   227    93   305    67   311 0.87 length=756	scaffold=chromosome14	strand=+
2514_g               -            755 438                  -            403     2e-55  186.7   4.7   2   2   1.7e-17   2.5e-15   54.7   2.9   244   388   347   491   336   502 0.94 length=756	scaffold=chromosome14	strand=+
269_g                -            721 438                  -            403   1.1e-54  184.3   0.8   1   2   1.7e-07   2.6e-05   21.7   0.0    45    94   142   191   126   198 0.90 length=722	scaffold=chromosome10	strand=-
269_g                -            721 438                  -            403   1.1e-54  184.3   0.8   2   2     1e-49   1.5e-47  160.8   0.3   101   396   228   531   219   537 0.90 length=722	scaffold=chromosome10	strand=-
3650_g               -           1139 438                  -            403   1.2e-53  180.8   1.7   1   1   1.3e-55     2e-53  180.1   1.7    40   395   769  1133   761  1137 0.89 length=1140	scaffold=chromosome6	strand=+
491_g                -            680 438                  -            403   5.9e-53  178.6   2.8   1   1   5.5e-55   8.1e-53  178.1   2.8    29   361   227   564   211   588 0.90 length=681	scaffold=chromosome11	strand=+
961_g                -            512 438                  -            403   1.5e-51  173.9   0.3   1   2     1e-24   1.5e-22   78.4   0.0    50   202    82   237    61   239 0.90 length=513	scaffold=chromosome12	strand=+
961_g                -            512 438                  -            403   1.5e-51  173.9   0.3   2   2   2.5e-29   3.7e-27   93.6   0.1   204   391   273   464   266   472 0.88 length=513	scaffold=chromosome12	strand=+
1715_g               -            872 438                  -            403   1.3e-50  170.8  13.6   1   1   1.4e-52   2.1e-50  170.2  13.6     7   392   111   512   101   520 0.79 length=873	scaffold=chromosome13	strand=+
2146_g               -            955 438                  -            403     4e-50  169.3   1.9   1   3   3.2e-07   4.7e-05   20.8   0.0    37    93   337   393   321   402 0.87 length=956	scaffold=chromosome14	strand=-
2146_g               -            955 438                  -            403     4e-50  169.3   1.9   2   3   4.3e-15   6.3e-13   46.7   0.0   101   197   422   518   412   524 0.96 length=956	scaffold=chromosome14	strand=-
2146_g               -            955 438                  -            403     4e-50  169.3   1.9   3   3   1.4e-30   2.1e-28   97.7   1.8   203   387   548   733   540   744 0.89 length=956	scaffold=chromosome14	strand=-
4220_g               -            750 438                  -            403   1.8e-40  137.4  10.1   1   2   1.2e-08   1.8e-06   25.4   0.0    37    93   250   306   245   315 0.90 length=751	scaffold=chromosome8	strand=-
4220_g               -            750 438                  -            403   1.8e-40  137.4  10.1   2   2   7.9e-35   1.2e-32  111.7   8.1   100   398   368   669   360   674 0.90 length=751	scaffold=chromosome8	strand=-
1948_g               -            627 438                  -            403   5.3e-36  122.7   8.3   1   1   5.5e-38   8.1e-36  122.1   8.3    37   390   158   526   136   535 0.84 length=628	scaffold=chromosome14	strand=+
2628_g               -           1349 438                  -            403   1.3e-35  121.4  14.3   1   4   6.5e-08   9.7e-06   23.1   0.0    30    94    28    92    14   102 0.86 length=1350	scaffold=chromosome1	strand=+
2628_g               -           1349 438                  -            403   1.3e-35  121.4  14.3   2   4     0.018       2.6    5.2   0.0    99   122   162   185   158   192 0.88 length=1350	scaffold=chromosome1	strand=+
2628_g               -           1349 438                  -            403   1.3e-35  121.4  14.3   3   4   7.6e-06    0.0011   16.3   0.5   119   220   225   354   217   379 0.69 length=1350	scaffold=chromosome1	strand=+
2628_g               -           1349 438                  -            403   1.3e-35  121.4  14.3   4   4   6.2e-24   9.2e-22   75.8   4.5   253   387   687   821   679   828 0.92 length=1350	scaffold=chromosome1	strand=+
95_g                 -            816 438                  -            403   6.2e-30  102.7   3.2   1   3   1.5e-09   2.2e-07   28.5   0.0    31    93     3    65     1    74 0.89 length=817	scaffold=chromosome10	strand=-
95_g                 -            816 438                  -            403   6.2e-30  102.7   3.2   2   3   4.2e-09   6.3e-07   27.0   0.6    95   224   326   461   316   519 0.78 length=817	scaffold=chromosome10	strand=-
95_g                 -            816 438                  -            403   6.2e-30  102.7   3.2   3   3     8e-15   1.2e-12   45.8   0.1   288   378   602   692   593   699 0.93 length=817	scaffold=chromosome10	strand=-
3554_g               -            560 438                  -            403   8.2e-30  102.3   5.5   1   3   3.3e-08     5e-06   24.0   0.0    43    92   155   202   135   210 0.87 length=561	scaffold=chromosome6	strand=-
3554_g               -            560 438                  -            403   8.2e-30  102.3   5.5   2   3   7.6e-13   1.1e-10   39.3   1.3    96   229   262   393   256   453 0.76 length=561	scaffold=chromosome6	strand=-
3554_g               -            560 438                  -            403   8.2e-30  102.3   5.5   3   3   9.2e-13   1.4e-10   39.0   0.1   301   361   490   550   482   556 0.92 length=561	scaffold=chromosome6	strand=-
2425_g               -            892 438                  -            403   1.5e-29  101.5   5.0   1   3   4.5e-21   6.6e-19   66.4   0.1    30   225    94   302    62   314 0.74 length=893	scaffold=chromosome14	strand=-
2425_g               -            892 438                  -            403   1.5e-29  101.5   5.0   2   3       1.6   2.4e+02   -1.3   0.2   239   277   371   410   366   419 0.80 length=893	scaffold=chromosome14	strand=-
2425_g               -            892 438                  -            403   1.5e-29  101.5   5.0   3   3   7.4e-12   1.1e-09   36.1   0.0   326   386   559   622   555   639 0.80 length=893	scaffold=chromosome14	strand=-
3000_g               -           1777 438                  -            403     8e-29   99.1   5.3   1   3   7.6e-23   1.1e-20   72.2   0.2    37   185   120   279    92   297 0.84 length=1778	scaffold=chromosome3	strand=+
3000_g               -           1777 438                  -            403     8e-29   99.1   5.3   2   3       4.3   6.3e+02   -2.7   0.2   243   284   411   454   406   477 0.67 length=1778	scaffold=chromosome3	strand=+
3000_g               -           1777 438                  -            403     8e-29   99.1   5.3   3   3   1.4e-09   2.1e-07   28.5   0.0   293   366   573   649   563   677 0.81 length=1778	scaffold=chromosome3	strand=+
1341_g               -            772 438                  -            403   3.8e-27   93.6  11.6   1   3   1.9e-21   2.9e-19   67.6   0.9    39   218   230   433   195   451 0.78 length=773	scaffold=chromosome12	strand=-
1341_g               -            772 438                  -            403   3.8e-27   93.6  11.6   2   3   1.5e-10   2.2e-08   31.8   2.1   228   375   516   662   510   680 0.79 length=773	scaffold=chromosome12	strand=-
1341_g               -            772 438                  -            403   3.8e-27   93.6  11.6   3   3         5   7.5e+02   -2.9   0.0   265   280   695   710   669   716 0.81 length=773	scaffold=chromosome12	strand=-
1712_g               -            972 438                  -            403   8.3e-25   85.9   8.8   1   3   4.6e-07   6.8e-05   20.3   0.0    32    96    38   102    28   121 0.83 length=973	scaffold=chromosome13	strand=-
1712_g               -            972 438                  -            403   8.3e-25   85.9   8.8   2   3   4.1e-09     6e-07   27.0   0.1    93   212   231   368   215   380 0.73 length=973	scaffold=chromosome13	strand=-
1712_g               -            972 438                  -            403   8.3e-25   85.9   8.8   3   3   4.8e-13   7.1e-11   40.0   3.1   285   384   526   628   490   638 0.81 length=973	scaffold=chromosome13	strand=-
3273_g               -            403 438                  -            403   3.5e-20   70.6   1.2   1   1   4.4e-22   6.5e-20   69.7   1.2    32   240   196   396   168   401 0.85 length=404	scaffold=chromosome5	strand=+
4444_g               -           1487 438                  -            403   5.4e-20   70.0   5.5   1   2   6.2e-06   0.00091   16.6   0.0    30   104   217   291   190   295 0.91 length=1488	scaffold=chromosome9	strand=+
4444_g               -           1487 438                  -            403   5.4e-20   70.0   5.5   2   2   1.3e-16   1.9e-14   51.8   4.3   266   366  1001  1104   994  1121 0.87 length=1488	scaffold=chromosome9	strand=+
1442_g               -           1024 438                  -            403   8.9e-18   62.7   0.3   1   2   0.00016     0.023   11.9   0.0    66   114   175   223   169   242 0.83 length=1025	scaffold=chromosome13	strand=-
1442_g               -           1024 438                  -            403   8.9e-18   62.7   0.3   2   2   1.5e-15   2.3e-13   48.2   0.1   266   394   512   639   508   648 0.92 length=1025	scaffold=chromosome13	strand=-
271_g                -            563 438                  -            403   1.7e-15   55.2   9.0   1   1   3.8e-17   5.6e-15   53.5   9.0    68   375   172   510   130   530 0.75 length=564	scaffold=chromosome10	strand=-
2931_g               -           1197 438                  -            403   1.7e-14   51.9   1.4   1   2   1.4e-14   2.1e-12   45.0   0.3    56   225   264   452   244   467 0.80 length=1198	scaffold=chromosome3	strand=-
2931_g               -           1197 438                  -            403   1.7e-14   51.9   1.4   2   2     0.013         2    5.6   0.0   297   360   855   921   846   962 0.75 length=1198	scaffold=chromosome3	strand=-
3875_g               -            683 438                  -            403   4.5e-14   50.5   0.5   1   1   4.9e-16   7.2e-14   49.8   0.5   270   382   353   465   332   489 0.89 length=684	scaffold=chromosome7	strand=+
2870_g               -            544 438                  -            403   3.5e-13   47.6  10.2   1   1   6.6e-15   9.8e-13   46.1  10.2    69   381   133   480   124   492 0.64 length=545	scaffold=chromosome3	strand=-
2564_g               -           1078 438                  -            403   2.2e-11   41.7   7.6   1   4      0.37        54    0.8   0.0    28    68    72   112    46   132 0.83 length=1079	scaffold=chromosome1	strand=-
2564_g               -           1078 438                  -            403   2.2e-11   41.7   7.6   2   4       1.9   2.8e+02   -1.5   0.0    77    99   238   260   232   286 0.80 length=1079	scaffold=chromosome1	strand=-
2564_g               -           1078 438                  -            403   2.2e-11   41.7   7.6   3   4      0.43        63    0.6   0.0   146   186   463   507   451   530 0.77 length=1079	scaffold=chromosome1	strand=-
2564_g               -           1078 438                  -            403   2.2e-11   41.7   7.6   4   4   1.8e-12   2.6e-10   38.1   3.7   262   357   782   876   770   884 0.93 length=1079	scaffold=chromosome1	strand=-
2785_g               -           1383 438                  -            403   2.9e-10   38.0   7.8   1   4       2.7     4e+02   -2.0   0.1     9    64   482   540   473   546 0.56 length=1384	scaffold=chromosome2	strand=-
2785_g               -           1383 438                  -            403   2.9e-10   38.0   7.8   2   4       3.7   5.5e+02   -2.5   0.0    76    92   678   694   672   697 0.87 length=1384	scaffold=chromosome2	strand=-
2785_g               -           1383 438                  -            403   2.9e-10   38.0   7.8   3   4   0.00035     0.052   10.8   0.0   147   183   933   970   926   976 0.87 length=1384	scaffold=chromosome2	strand=-
2785_g               -           1383 438                  -            403   2.9e-10   38.0   7.8   4   4   5.8e-09   8.6e-07   26.5   3.5   256   373  1146  1279  1139  1304 0.69 length=1384	scaffold=chromosome2	strand=-
3274_g               -            761 438                  -            403   2.7e-09   34.8   0.0   1   1   2.9e-11   4.3e-09   34.1   0.0   315   383    21    91     8   107 0.86 length=762	scaffold=chromosome5	strand=+
1620_g               -           1269 438                  -            403   8.3e-06   23.3   0.7   1   2       3.3   4.9e+02   -2.3   0.0    49    94    50    95    37   110 0.79 length=1270	scaffold=chromosome13	strand=-
1620_g               -           1269 438                  -            403   8.3e-06   23.3   0.7   2   2   1.3e-07   1.9e-05   22.1   0.3   268   379   287   398   280   421 0.92 length=1270	scaffold=chromosome13	strand=-
2005_g               -            734 438                  -            403    0.0011   16.2   1.4   1   3      0.07        10    3.2   0.0    36    91    51   106    15   115 0.69 length=735	scaffold=chromosome14	strand=-
2005_g               -            734 438                  -            403    0.0011   16.2   1.4   2   3         2     3e+02   -1.6   0.0    96   118   184   206   177   211 0.78 length=735	scaffold=chromosome14	strand=-
2005_g               -            734 438                  -            403    0.0011   16.2   1.4   3   3   0.00041     0.061   10.6   0.1   322   370   609   657   603   677 0.83 length=735	scaffold=chromosome14	strand=-
#
# Program:         hmmsearch
# Version:         3.4 (Aug 2023)
# Pipeline mode:   SEARCH
# Query file:      /home/inf-20-2025/Malaria/busco_downloads/lineages/apicomplexa_odb12/hmms/438at5794.hmm
# Target file:     /home/inf-20-2025/Malaria/Results/6_nobird_annotation/P_cynomolgi.faa
# Option settings: hmmsearch --domtblout Results/8_busco/P_cynomolgi/run_apicomplexa_odb12/hmmer_output/initial_run_results/438at5794.out --cpu 1 /home/inf-20-2025/Malaria/busco_downloads/lineages/apicomplexa_odb12/hmms/438at5794.hmm /home/inf-20-2025/Malaria/Results/6_nobird_annotation/P_cynomolgi.faa 
# Current dir:     /home/inf-20-2025/Malaria
# Date:            Wed Mar  4 18:30:49 2026
# [ok]
