#                                                                            --- full sequence --- -------------- this domain -------------   hmm coord   ali coord   env coord
# target name        accession   tlen query name           accession   qlen   E-value  score  bias   #  of  c-Evalue  i-Evalue  score  bias  from    to  from    to  from    to  acc description of target
#------------------- ---------- ----- -------------------- ---------- ----- --------- ------ ----- --- --- --------- --------- ------ ----- ----- ----- ----- ----- ----- ----- ---- ---------------------
4166_g               -           1175 48601                -            765  7.7e-219  726.9  51.6   1   5   7.8e-07   8.5e-05   19.1   0.0     2    44     3    47     2    55 0.85 length=1176	scaffold=chromosome8	strand=-
4166_g               -           1175 48601                -            765  7.7e-219  726.9  51.6   2   5     0.042       4.6    3.5   0.0    39    72    95   128    60   132 0.84 length=1176	scaffold=chromosome8	strand=-
4166_g               -           1175 48601                -            765  7.7e-219  726.9  51.6   3   5   9.6e-25     1e-22   78.3   0.2    67   166   172   285   168   289 0.83 length=1176	scaffold=chromosome8	strand=-
4166_g               -           1175 48601                -            765  7.7e-219  726.9  51.6   4   5    2e-163  2.1e-161  536.9  33.9   163   666   351   922   350   938 0.85 length=1176	scaffold=chromosome8	strand=-
4166_g               -           1175 48601                -            765  7.7e-219  726.9  51.6   5   5     4e-29   4.3e-27   92.8   1.6   681   764  1086  1169  1076  1170 0.96 length=1176	scaffold=chromosome8	strand=-
4819_g               -            680 48601                -            765   3.6e-45  152.6  12.4   1   5   1.6e-14   1.7e-12   44.5   0.0   433   514   110   191    90   192 0.90 length=681	scaffold=chromosome9	strand=-
4819_g               -            680 48601                -            765   3.6e-45  152.6  12.4   2   5   1.3e-09   1.4e-07   28.3   0.0   450   504   169   223   169   232 0.91 length=681	scaffold=chromosome9	strand=-
4819_g               -            680 48601                -            765   3.6e-45  152.6  12.4   3   5   3.5e-10   3.8e-08   30.2   1.3   323   404   361   444   337   475 0.79 length=681	scaffold=chromosome9	strand=-
4819_g               -            680 48601                -            765   3.6e-45  152.6  12.4   4   5   2.1e-16   2.3e-14   50.7   0.2   337   434   501   595   474   610 0.84 length=681	scaffold=chromosome9	strand=-
4819_g               -            680 48601                -            765   3.6e-45  152.6  12.4   5   5   2.2e-06   0.00024   17.6   0.0   347   378   648   679   632   680 0.64 length=681	scaffold=chromosome9	strand=-
714_g                -           1473 48601                -            765   6.4e-34  115.4  12.0   1   3   6.1e-08   6.7e-06   22.8   0.0   112   189    65   140    55   143 0.87 length=1474	scaffold=chromosome11	strand=-
714_g                -           1473 48601                -            765   6.4e-34  115.4  12.0   2   3     7e-13   7.6e-11   39.1   1.1   441   522   139   221   137   237 0.90 length=1474	scaffold=chromosome11	strand=-
714_g                -           1473 48601                -            765   6.4e-34  115.4  12.0   3   3   9.1e-19   9.9e-17   58.6   2.9   412   552   266   417   258   427 0.78 length=1474	scaffold=chromosome11	strand=-
3276_g               -            322 48601                -            765   2.2e-33  113.6  12.8   1   3   4.6e-26     5e-24   82.7   7.3   388   574    16   200    14   201 0.90 length=323	scaffold=chromosome5	strand=+
3276_g               -            322 48601                -            765   2.2e-33  113.6  12.8   2   3   5.2e-10   5.7e-08   29.6   0.1   447   522   196   270   193   275 0.71 length=323	scaffold=chromosome5	strand=+
3276_g               -            322 48601                -            765   2.2e-33  113.6  12.8   3   3    0.0045       0.5    6.7   0.0   354   383   292   321   289   322 0.87 length=323	scaffold=chromosome5	strand=+
207_g                -            391 48601                -            765   3.3e-33  113.1   5.8   1   2   6.6e-32   7.2e-30  102.0   5.6   343   566   104   313    98   319 0.92 length=392	scaffold=chromosome10	strand=-
207_g                -            391 48601                -            765   3.3e-33  113.1   5.8   2   2    0.0056      0.61    6.4   0.0   356   399   327   369   322   383 0.75 length=392	scaffold=chromosome10	strand=-
1313_g               -           1301 48601                -            765   1.8e-32  110.7  20.8   1   4   3.3e-11   3.7e-09   33.6   0.4   319   405    79   164    16   171 0.79 length=1302	scaffold=chromosome12	strand=+
1313_g               -           1301 48601                -            765   1.8e-32  110.7  20.8   2   4   2.6e-08   2.8e-06   24.0   1.3   361   440   172   247   166   260 0.85 length=1302	scaffold=chromosome12	strand=+
1313_g               -           1301 48601                -            765   1.8e-32  110.7  20.8   3   4   2.3e-07   2.5e-05   20.9   0.2   490   593   698   803   674   827 0.84 length=1302	scaffold=chromosome12	strand=+
1313_g               -           1301 48601                -            765   1.8e-32  110.7  20.8   4   4     5e-14   5.4e-12   42.9   1.6   443   559   936  1055   886  1080 0.82 length=1302	scaffold=chromosome12	strand=+
3310_g               -            381 48601                -            765   3.6e-31  106.3   6.8   1   3   7.6e-21   8.3e-19   65.4   2.9   444   570    40   169    31   172 0.92 length=382	scaffold=chromosome5	strand=-
3310_g               -            381 48601                -            765   3.6e-31  106.3   6.8   2   3   0.00021     0.023   11.1   0.0   345   380   209   244   181   256 0.60 length=382	scaffold=chromosome5	strand=-
3310_g               -            381 48601                -            765   3.6e-31  106.3   6.8   3   3   3.9e-10   4.3e-08   30.0   0.0   455   514   266   326   261   329 0.92 length=382	scaffold=chromosome5	strand=-
3759_g               -           1012 48601                -            765   3.5e-28   96.4  15.8   1   3   2.1e-13   2.2e-11   40.9   1.2   348   525    13   176     4   180 0.87 length=1013	scaffold=chromosome7	strand=-
3759_g               -           1012 48601                -            765   3.5e-28   96.4  15.8   2   3   3.5e-22   3.9e-20   69.8   7.4   344   525    93   267    88   273 0.91 length=1013	scaffold=chromosome7	strand=-
3759_g               -           1012 48601                -            765   3.5e-28   96.4  15.8   3   3       1.8   1.9e+02   -1.9   0.3   626   653   645   672   630   692 0.79 length=1013	scaffold=chromosome7	strand=-
4402_g               -            589 48601                -            765   6.3e-28   95.6  18.8   1   5       3.7     4e+02   -3.0   1.6   603   655   122   174    45   197 0.59 length=590	scaffold=chromosome8	strand=+
4402_g               -            589 48601                -            765   6.3e-28   95.6  18.8   2   5   6.6e-15   7.2e-13   45.8   0.2   346   428   271   350   265   354 0.94 length=590	scaffold=chromosome8	strand=+
4402_g               -            589 48601                -            765   6.3e-28   95.6  18.8   3   5     6e-09   6.5e-07   26.1   0.0   345   402   354   411   348   417 0.92 length=590	scaffold=chromosome8	strand=+
4402_g               -            589 48601                -            765   6.3e-28   95.6  18.8   4   5   5.4e-10   5.9e-08   29.6   0.8   466   544   416   494   411   502 0.93 length=590	scaffold=chromosome8	strand=+
4402_g               -            589 48601                -            765   6.3e-28   95.6  18.8   5   5    0.0064       0.7    6.2   0.0   123   183   502   566   499   570 0.87 length=590	scaffold=chromosome8	strand=+
128_g                -           1385 48601                -            765   5.1e-26   89.3   9.8   1   4   1.5e-08   1.6e-06   24.8   0.5   441   497  1049  1106  1028  1108 0.75 length=1386	scaffold=chromosome10	strand=-
128_g                -           1385 48601                -            765   5.1e-26   89.3   9.8   2   4   2.1e-09   2.3e-07   27.6   0.4   345   409  1097  1159  1089  1191 0.82 length=1386	scaffold=chromosome10	strand=-
128_g                -           1385 48601                -            765   5.1e-26   89.3   9.8   3   4   0.00037      0.04   10.3   0.0   360   428  1199  1265  1189  1284 0.87 length=1386	scaffold=chromosome10	strand=-
128_g                -           1385 48601                -            765   5.1e-26   89.3   9.8   4   4   7.8e-11   8.6e-09   32.3   0.0   359   432  1286  1359  1265  1367 0.89 length=1386	scaffold=chromosome10	strand=-
865_g                -            641 48601                -            765   4.3e-23   79.6  12.6   1   5      0.37        40    0.3   0.1   337   583   275   297   250   315 0.57 length=642	scaffold=chromosome12	strand=-
865_g                -            641 48601                -            765   4.3e-23   79.6  12.6   2   5      0.55        61   -0.2   0.0   464   479   318   333   312   338 0.83 length=642	scaffold=chromosome12	strand=-
865_g                -            641 48601                -            765   4.3e-23   79.6  12.6   3   5   1.3e-11   1.4e-09   34.9   0.0   441   528   418   507   401   521 0.83 length=642	scaffold=chromosome12	strand=-
865_g                -            641 48601                -            765   4.3e-23   79.6  12.6   4   5   2.9e-13   3.2e-11   40.4   2.7   449   533   511   598   507   603 0.90 length=642	scaffold=chromosome12	strand=-
865_g                -            641 48601                -            765   4.3e-23   79.6  12.6   5   5    0.0021      0.23    7.8   0.0   451   480   599   628   595   634 0.88 length=642	scaffold=chromosome12	strand=-
4343_g               -            498 48601                -            765   9.4e-23   78.5  12.1   1   4   1.1e-06   0.00012   18.7   0.2    68   184   175   283   118   290 0.83 length=499	scaffold=chromosome8	strand=-
4343_g               -            498 48601                -            765   9.4e-23   78.5  12.1   2   4   6.1e-08   6.7e-06   22.8   1.5   366   490   229   340   228   341 0.89 length=499	scaffold=chromosome8	strand=-
4343_g               -            498 48601                -            765   9.4e-23   78.5  12.1   3   4   1.6e-15   1.8e-13   47.8   0.2   456   577   348   473   341   473 0.93 length=499	scaffold=chromosome8	strand=-
4343_g               -            498 48601                -            765   9.4e-23   78.5  12.1   4   4   6.5e-06   0.00071   16.1   0.5   482   520   459   498   430   498 0.80 length=499	scaffold=chromosome8	strand=-
1986_g               -            525 48601                -            765   6.1e-21   72.5  13.6   1   2   6.3e-05    0.0069   12.8   0.1   343   383   213   253   200   262 0.88 length=526	scaffold=chromosome14	strand=-
1986_g               -            525 48601                -            765   6.1e-21   72.5  13.6   2   2     1e-19   1.1e-17   61.7   9.5   440   570   259   392   250   422 0.92 length=526	scaffold=chromosome14	strand=-
2224_g               -            613 48601                -            765     5e-19   66.2  14.3   1   4       5.1   5.6e+02   -3.4   0.3   314   362   237   285   197   286 0.71 length=614	scaffold=chromosome14	strand=+
2224_g               -            613 48601                -            765     5e-19   66.2  14.3   2   4   1.2e-10   1.3e-08   31.8   0.0   484   564   315   400   310   445 0.78 length=614	scaffold=chromosome14	strand=+
2224_g               -            613 48601                -            765     5e-19   66.2  14.3   3   4   1.2e-07   1.3e-05   21.8   0.4   330   431   433   531   417   536 0.78 length=614	scaffold=chromosome14	strand=+
2224_g               -            613 48601                -            765     5e-19   66.2  14.3   4   4   8.8e-08   9.6e-06   22.2   1.5   341   423   531   613   527   613 0.84 length=614	scaffold=chromosome14	strand=+
2670_g               -           1070 48601                -            765   8.1e-17   58.9  14.8   1   7   0.00021     0.023   11.1   0.0   447   510   159   224   141   234 0.79 length=1071	scaffold=chromosome1	strand=+
2670_g               -           1070 48601                -            765   8.1e-17   58.9  14.8   2   7    0.0019      0.21    7.9   0.4   350   401   347   399   336   409 0.83 length=1071	scaffold=chromosome1	strand=+
2670_g               -           1070 48601                -            765   8.1e-17   58.9  14.8   3   7     1e-07   1.1e-05   22.0   0.0   124   185   429   486   411   491 0.90 length=1071	scaffold=chromosome1	strand=+
2670_g               -           1070 48601                -            765   8.1e-17   58.9  14.8   4   7     5e-07   5.5e-05   19.7   0.4   354   432   522   602   516   619 0.87 length=1071	scaffold=chromosome1	strand=+
2670_g               -           1070 48601                -            765   8.1e-17   58.9  14.8   5   7       1.2   1.3e+02   -1.3   0.0   235   260   625   650   612   656 0.78 length=1071	scaffold=chromosome1	strand=+
2670_g               -           1070 48601                -            765   8.1e-17   58.9  14.8   6   7       2.7   2.9e+02   -2.5   0.0   422   469   792   839   778   841 0.72 length=1071	scaffold=chromosome1	strand=+
2670_g               -           1070 48601                -            765   8.1e-17   58.9  14.8   7   7       1.9     2e+02   -2.0   0.0   621   654   900   933   892   939 0.82 length=1071	scaffold=chromosome1	strand=+
2910_g               -            492 48601                -            765   1.1e-16   58.4   2.6   1   3     6e-11   6.5e-09   32.7   0.1   344   437    60   151    23   162 0.86 length=493	scaffold=chromosome3	strand=+
2910_g               -            492 48601                -            765   1.1e-16   58.4   2.6   2   3     0.072       7.9    2.7   0.0   325   419   179   269   165   282 0.80 length=493	scaffold=chromosome3	strand=+
2910_g               -            492 48601                -            765   1.1e-16   58.4   2.6   3   3     2e-07   2.2e-05   21.0   0.3   315   383   338   406   276   432 0.73 length=493	scaffold=chromosome3	strand=+
3600_g               -            365 48601                -            765   7.9e-15   52.3   5.0   1   2   1.8e-05     0.002   14.6   0.6   524   614    38   131    31   134 0.84 length=366	scaffold=chromosome6	strand=-
3600_g               -            365 48601                -            765   7.9e-15   52.3   5.0   2   2   3.2e-12   3.5e-10   36.9   0.9   343   520   125   290   117   292 0.84 length=366	scaffold=chromosome6	strand=-
815_g                -            700 48601                -            765   2.9e-14   50.4  18.2   1   4     0.076       8.3    2.6   0.0   352   399   137   185   111   235 0.74 length=701	scaffold=chromosome12	strand=+
815_g                -            700 48601                -            765   2.9e-14   50.4  18.2   2   4     0.024       2.7    4.3   2.4    28   160   218   358   196   377 0.56 length=701	scaffold=chromosome12	strand=+
815_g                -            700 48601                -            765   2.9e-14   50.4  18.2   3   4   0.00015     0.017   11.5   3.4   318   488   412   565   381   568 0.83 length=701	scaffold=chromosome12	strand=+
815_g                -            700 48601                -            765   2.9e-14   50.4  18.2   4   4   3.3e-16   3.6e-14   50.1   0.3   236   432   500   693   500   700 0.81 length=701	scaffold=chromosome12	strand=+
591_g                -            540 48601                -            765   3.9e-13   46.7  11.7   1   3   2.8e-07   3.1e-05   20.6   2.8   346   434   205   294   195   307 0.82 length=541	scaffold=chromosome11	strand=-
591_g                -            540 48601                -            765   3.9e-13   46.7  11.7   2   3   5.9e-10   6.5e-08   29.4   0.8   329   427   342   442   334   467 0.73 length=541	scaffold=chromosome11	strand=-
591_g                -            540 48601                -            765   3.9e-13   46.7  11.7   3   3       0.6        65   -0.3   0.0   123   153   450   480   446   481 0.90 length=541	scaffold=chromosome11	strand=-
2393_g               -            506 48601                -            765   1.7e-12   44.6   4.3   1   3       3.3   3.6e+02   -2.8   0.0   361   386   180   205   176   209 0.76 length=507	scaffold=chromosome14	strand=+
2393_g               -            506 48601                -            765   1.7e-12   44.6   4.3   2   3   7.4e-14     8e-12   42.3   1.3   341   429   274   361   268   387 0.86 length=507	scaffold=chromosome14	strand=+
2393_g               -            506 48601                -            765   1.7e-12   44.6   4.3   3   3      0.09       9.9    2.4   0.0   112   139   421   449   411   452 0.77 length=507	scaffold=chromosome14	strand=+
2286_g               -            648 48601                -            765   2.1e-12   44.3  10.0   1   2   8.1e-11   8.9e-09   32.3   6.8   366   523   337   501   332   503 0.83 length=649	scaffold=chromosome14	strand=+
2286_g               -            648 48601                -            765   2.1e-12   44.3  10.0   2   2   0.00016     0.017   11.5   0.1   123   192   523   590   502   596 0.83 length=649	scaffold=chromosome14	strand=+
4579_g               -            555 48601                -            765   4.6e-12   43.1  12.8   1   4   2.4e-07   2.6e-05   20.8   0.1   442   520    41   123    22   129 0.72 length=556	scaffold=chromosome9	strand=+
4579_g               -            555 48601                -            765   4.6e-12   43.1  12.8   2   4   3.3e-05    0.0036   13.7   1.1   428   487   147   206   139   210 0.82 length=556	scaffold=chromosome9	strand=+
4579_g               -            555 48601                -            765   4.6e-12   43.1  12.8   3   4   0.00038     0.041   10.2   0.0   106   172   208   274   203   279 0.83 length=556	scaffold=chromosome9	strand=+
4579_g               -            555 48601                -            765   4.6e-12   43.1  12.8   4   4     0.013       1.4    5.1   0.2   112   179   332   397   301   448 0.74 length=556	scaffold=chromosome9	strand=+
1512_g               -            761 48601                -            765   5.5e-12   42.9  27.1   1   5     5e-05    0.0055   13.1   0.1   446   482     8    44     2    53 0.84 length=762	scaffold=chromosome13	strand=+
1512_g               -            761 48601                -            765   5.5e-12   42.9  27.1   2   5   7.9e-05    0.0086   12.5   1.8   420   514    56   153    49   157 0.80 length=762	scaffold=chromosome13	strand=+
1512_g               -            761 48601                -            765   5.5e-12   42.9  27.1   3   5   7.5e-05    0.0082   12.6   0.1   449   480   130   161   125   168 0.88 length=762	scaffold=chromosome13	strand=+
1512_g               -            761 48601                -            765   5.5e-12   42.9  27.1   4   5   6.5e-06   0.00071   16.1   5.1   542   598   295   356   287   369 0.68 length=762	scaffold=chromosome13	strand=+
1512_g               -            761 48601                -            765   5.5e-12   42.9  27.1   5   5    0.0001     0.011   12.1   1.2   334   423   664   757   607   760 0.74 length=762	scaffold=chromosome13	strand=+
4529_g               -            466 48601                -            765   6.9e-12   42.6   3.4   1   2   8.9e-09   9.7e-07   25.5   1.2   340   483   101   247    99   252 0.77 length=467	scaffold=chromosome9	strand=-
4529_g               -            466 48601                -            765   6.9e-12   42.6   3.4   2   2   3.1e-05    0.0034   13.8   0.0   354   420   329   391   309   401 0.87 length=467	scaffold=chromosome9	strand=-
2416_g               -            470 48601                -            765   1.2e-11   41.8  12.6   1   4       0.3        33    0.6   0.0   345   378    81   114    75   141 0.87 length=471	scaffold=chromosome14	strand=-
2416_g               -            470 48601                -            765   1.2e-11   41.8  12.6   2   4      0.21        23    1.2   0.3   330   396   152   218   136   220 0.71 length=471	scaffold=chromosome14	strand=-
2416_g               -            470 48601                -            765   1.2e-11   41.8  12.6   3   4     2e-12   2.2e-10   37.6   2.8   347   438   214   301   190   307 0.80 length=471	scaffold=chromosome14	strand=-
2416_g               -            470 48601                -            765   1.2e-11   41.8  12.6   4   4    0.0032      0.35    7.1   0.3   124   429   325   392   315   432 0.54 length=471	scaffold=chromosome14	strand=-
2323_g               -            436 48601                -            765   1.9e-11   41.1   5.7   1   3   4.5e-06    0.0005   16.6   0.1   356   426    81   148    56   173 0.81 length=437	scaffold=chromosome14	strand=-
2323_g               -            436 48601                -            765   1.9e-11   41.1   5.7   2   3     0.022       2.4    4.4   0.1   365   401   186   222   181   244 0.59 length=437	scaffold=chromosome14	strand=-
2323_g               -            436 48601                -            765   1.9e-11   41.1   5.7   3   3   1.7e-07   1.8e-05   21.3   0.5   485   537   307   359   302   375 0.82 length=437	scaffold=chromosome14	strand=-
2950_g               -            327 48601                -            765   1.9e-11   41.1   0.1   1   3    0.0018       0.2    8.0   0.0   344   387     4    47     1    57 0.86 length=328	scaffold=chromosome3	strand=-
2950_g               -            327 48601                -            765   1.9e-11   41.1   0.1   2   3   3.1e-07   3.4e-05   20.4   0.3   357   514    58   205    48   211 0.69 length=328	scaffold=chromosome3	strand=-
2950_g               -            327 48601                -            765   1.9e-11   41.1   0.1   3   3    0.0035      0.38    7.0   0.0   133   178   269   310   257   319 0.83 length=328	scaffold=chromosome3	strand=-
306_g                -            976 48601                -            765   2.5e-11   40.7   2.1   1   2   8.3e-09     9e-07   25.6   0.0   403   480   182   250   178   254 0.87 length=977	scaffold=chromosome10	strand=-
306_g                -            976 48601                -            765   2.5e-11   40.7   2.1   2   2   3.5e-05    0.0038   13.7   0.8   352   427   283   356   276   380 0.69 length=977	scaffold=chromosome10	strand=-
3378_g               -            490 48601                -            765   2.5e-11   40.7   5.5   1   2       1.6   1.7e+02   -1.8   0.0   124   377   253   266   247   276 0.59 length=491	scaffold=chromosome5	strand=+
3378_g               -            490 48601                -            765   2.5e-11   40.7   5.5   2   2   5.1e-13   5.6e-11   39.6   4.9   408   522   318   434   301   437 0.86 length=491	scaffold=chromosome5	strand=+
994_g                -           2446 48601                -            765     7e-11   39.2   7.0   1   4       2.1   2.3e+02   -2.2   0.0   119   138  2088  2106  2085  2110 0.78 length=2447	scaffold=chromosome12	strand=+
994_g                -           2446 48601                -            765     7e-11   39.2   7.0   2   4     6e-10   6.6e-08   29.4   2.6   482   564  2173  2258  2170  2260 0.86 length=2447	scaffold=chromosome12	strand=+
994_g                -           2446 48601                -            765     7e-11   39.2   7.0   3   4    0.0026      0.29    7.4   0.1   325   404  2244  2324  2237  2343 0.75 length=2447	scaffold=chromosome12	strand=+
994_g                -           2446 48601                -            765     7e-11   39.2   7.0   4   4    0.0074      0.81    6.0   0.0   362   419  2382  2438  2352  2445 0.78 length=2447	scaffold=chromosome12	strand=+
1636_g               -           2013 48601                -            765   8.8e-11   38.9   2.2   1   4   0.00011     0.012   12.1   0.1   442   485    43    86    21    89 0.82 length=2014	scaffold=chromosome13	strand=+
1636_g               -           2013 48601                -            765   8.8e-11   38.9   2.2   2   4   6.5e-06   0.00071   16.1   0.0   345   425    94   172    85   187 0.90 length=2014	scaffold=chromosome13	strand=+
1636_g               -           2013 48601                -            765   8.8e-11   38.9   2.2   3   4     0.015       1.7    4.9   0.0   362   395  1901  1934  1899  1936 0.86 length=2014	scaffold=chromosome13	strand=+
1636_g               -           2013 48601                -            765   8.8e-11   38.9   2.2   4   4      0.11        13    2.0   0.0   463   479  1938  1954  1931  1959 0.72 length=2014	scaffold=chromosome13	strand=+
4425_g               -            566 48601                -            765   9.3e-11   38.8   9.4   1   5   0.00015     0.016   11.6   0.3   142   207    32    92    27    94 0.86 length=567	scaffold=chromosome9	strand=-
4425_g               -            566 48601                -            765   9.3e-11   38.8   9.4   2   5     0.013       1.4    5.1   0.3   346   395    91   142    83   146 0.82 length=567	scaffold=chromosome9	strand=-
4425_g               -            566 48601                -            765   9.3e-11   38.8   9.4   3   5   0.00013     0.014   11.8   0.1   328   405   118   193   101   230 0.81 length=567	scaffold=chromosome9	strand=-
4425_g               -            566 48601                -            765   9.3e-11   38.8   9.4   4   5   1.9e-06    0.0002   17.9   0.0   362   441   234   314   226   360 0.74 length=567	scaffold=chromosome9	strand=-
4425_g               -            566 48601                -            765   9.3e-11   38.8   9.4   5   5       1.4   1.5e+02   -1.5   0.3   362   380   543   561   512   564 0.56 length=567	scaffold=chromosome9	strand=-
2661_g               -            364 48601                -            765   4.9e-10   36.4  11.1   1   5   1.3e-08   1.4e-06   25.0   1.2   483   523     7    48     5    56 0.92 length=365	scaffold=chromosome1	strand=-
2661_g               -            364 48601                -            765   4.9e-10   36.4  11.1   2   5   4.1e-05    0.0045   13.4   0.2   348   455    58   162    48   168 0.72 length=365	scaffold=chromosome1	strand=-
2661_g               -            364 48601                -            765   4.9e-10   36.4  11.1   3   5      0.99   1.1e+02   -1.1   0.0   363   420   159   211   146   219 0.69 length=365	scaffold=chromosome1	strand=-
2661_g               -            364 48601                -            765   4.9e-10   36.4  11.1   4   5      0.14        15    1.7   0.0   122   145   242   265   220   275 0.75 length=365	scaffold=chromosome1	strand=-
2661_g               -            364 48601                -            765   4.9e-10   36.4  11.1   5   5       2.3   2.5e+02   -2.3   0.0    90   107   343   360   329   362 0.76 length=365	scaffold=chromosome1	strand=-
781_g                -            466 48601                -            765   5.5e-10   36.3   5.8   1   4   7.3e-07     8e-05   19.2   0.3    85   184    47   142    35   142 0.76 length=467	scaffold=chromosome12	strand=-
781_g                -            466 48601                -            765   5.5e-10   36.3   5.8   2   4     2e-09   2.2e-07   27.7   0.8   486   570   107   199   102   231 0.72 length=467	scaffold=chromosome12	strand=-
781_g                -            466 48601                -            765   5.5e-10   36.3   5.8   3   4       1.1   1.2e+02   -1.2   0.0   315   371   208   261   193   268 0.67 length=467	scaffold=chromosome12	strand=-
781_g                -            466 48601                -            765   5.5e-10   36.3   5.8   4   4      0.21        23    1.1   0.5   622   714   344   436   338   458 0.65 length=467	scaffold=chromosome12	strand=-
1359_g               -            840 48601                -            765   1.6e-09   34.7   9.8   1   5    0.0042      0.46    6.8   0.0   441   486    56   101    16   106 0.75 length=841	scaffold=chromosome12	strand=+
1359_g               -            840 48601                -            765   1.6e-09   34.7   9.8   2   5   0.00023     0.025   11.0   0.3   452   480   109   137   102   143 0.89 length=841	scaffold=chromosome12	strand=+
1359_g               -            840 48601                -            765   1.6e-09   34.7   9.8   3   5   2.2e-05    0.0024   14.3   0.1   341   429   257   343   222   362 0.66 length=841	scaffold=chromosome12	strand=+
1359_g               -            840 48601                -            765   1.6e-09   34.7   9.8   4   5     0.018       1.9    4.7   0.8   436   511   402   476   393   479 0.81 length=841	scaffold=chromosome12	strand=+
1359_g               -            840 48601                -            765   1.6e-09   34.7   9.8   5   5     0.026       2.9    4.1   0.7   445   479   452   486   411   498 0.60 length=841	scaffold=chromosome12	strand=+
59_g                 -           1686 48601                -            765   5.5e-09   33.0   7.7   1   5   9.7e-05     0.011   12.2   0.1   391   479   169   261   131   270 0.72 length=1687	scaffold=chromosome10	strand=+
59_g                 -           1686 48601                -            765   5.5e-09   33.0   7.7   2   5      0.16        17    1.6   0.0   565   591   305   335   302   350 0.59 length=1687	scaffold=chromosome10	strand=+
59_g                 -           1686 48601                -            765   5.5e-09   33.0   7.7   3   5       6.6   7.2e+02   -3.8   0.0   573   596   865   890   862   893 0.78 length=1687	scaffold=chromosome10	strand=+
59_g                 -           1686 48601                -            765   5.5e-09   33.0   7.7   4   5    0.0051      0.56    6.5   0.2   422   481  1042  1098   981  1109 0.76 length=1687	scaffold=chromosome10	strand=+
59_g                 -           1686 48601                -            765   5.5e-09   33.0   7.7   5   5   5.4e-05    0.0059   13.0   0.1   384   480  1493  1591  1469  1596 0.78 length=1687	scaffold=chromosome10	strand=+
2239_g               -            463 48601                -            765   8.7e-09   32.3   1.4   1   1   1.2e-10   1.4e-08   31.7   1.4   336   481   310   454   256   458 0.81 length=464	scaffold=chromosome14	strand=+
993_g                -            594 48601                -            765   9.9e-09   32.1   5.3   1   4    0.0024      0.26    7.6   0.0   356   382   330   356   315   367 0.75 length=595	scaffold=chromosome12	strand=+
993_g                -            594 48601                -            765   9.9e-09   32.1   5.3   2   4   0.00068     0.075    9.4   0.1   121   187   412   479   401   483 0.84 length=595	scaffold=chromosome12	strand=+
993_g                -            594 48601                -            765   9.9e-09   32.1   5.3   3   4   7.9e-07   8.6e-05   19.1   0.2   120   196   458   532   440   548 0.81 length=595	scaffold=chromosome12	strand=+
993_g                -            594 48601                -            765   9.9e-09   32.1   5.3   4   4     0.019       2.1    4.6   0.1   383   426   548   589   543   594 0.75 length=595	scaffold=chromosome12	strand=+
2325_g               -            748 48601                -            765     1e-08   32.0  12.3   1   3   8.4e-08   9.2e-06   22.3   0.6   449   502    10    66     6    69 0.88 length=749	scaffold=chromosome14	strand=+
2325_g               -            748 48601                -            765     1e-08   32.0  12.3   2   3   1.7e-05    0.0019   14.7   0.2   338   417    45   129    42   157 0.82 length=749	scaffold=chromosome14	strand=+
2325_g               -            748 48601                -            765     1e-08   32.0  12.3   3   3     0.019       2.1    4.6   3.4   364   431   202   276   146   311 0.70 length=749	scaffold=chromosome14	strand=+
2727_g               -            447 48601                -            765   7.2e-08   29.3  13.0   1   5       8.1   8.9e+02   -4.1   1.2   601   633    22    54    21    58 0.82 length=448	scaffold=chromosome2	strand=+
2727_g               -            447 48601                -            765   7.2e-08   29.3  13.0   2   5      0.11        12    2.1   0.1   382   484   143   239   121   244 0.72 length=448	scaffold=chromosome2	strand=+
2727_g               -            447 48601                -            765   7.2e-08   29.3  13.0   3   5   0.00031     0.034   10.5   0.0   338   380   284   326   251   329 0.77 length=448	scaffold=chromosome2	strand=+
2727_g               -            447 48601                -            765   7.2e-08   29.3  13.0   4   5   8.8e-06   0.00096   15.6   0.2   441   481   329   370   325   375 0.87 length=448	scaffold=chromosome2	strand=+
2727_g               -            447 48601                -            765   7.2e-08   29.3  13.0   5   5    0.0018       0.2    8.0   0.0   385   436   389   440   379   446 0.71 length=448	scaffold=chromosome2	strand=+
3627_g               -            611 48601                -            765   1.3e-07   28.4  11.6   1   3     0.044       4.8    3.4   0.2    68   113   162   210   155   226 0.73 length=612	scaffold=chromosome6	strand=+
3627_g               -            611 48601                -            765   1.3e-07   28.4  11.6   2   3   4.2e-05    0.0046   13.4   0.6   320   385   444   510   438   527 0.86 length=612	scaffold=chromosome6	strand=+
3627_g               -            611 48601                -            765   1.3e-07   28.4  11.6   3   3   2.7e-06   0.00029   17.3   0.9   111   582   528   578   518   607 0.55 length=612	scaffold=chromosome6	strand=+
702_g                -            393 48601                -            765   2.8e-07   27.3   0.3   1   1   3.8e-09   4.1e-07   26.8   0.3   443   542   216   319   198   349 0.74 length=394	scaffold=chromosome11	strand=+
3671_g               -            697 48601                -            765   3.3e-07   27.1   5.7   1   2     4e-08   4.4e-06   23.4   2.6   410   527   136   256   115   278 0.65 length=698	scaffold=chromosome6	strand=+
3671_g               -            697 48601                -            765   3.3e-07   27.1   5.7   2   2     0.065       7.1    2.8   0.2   349   427   277   362   259   382 0.63 length=698	scaffold=chromosome6	strand=+
2511_g               -            552 48601                -            765   1.4e-06   25.0   0.2   1   1   3.2e-08   3.5e-06   23.7   0.1   383   482    65   157    50   165 0.56 length=553	scaffold=chromosome14	strand=+
52_g                 -            322 48601                -            765   1.7e-06   24.7  13.6   1   2   6.4e-07   6.9e-05   19.4   6.9   434   520    40   125    30   131 0.76 length=323	scaffold=chromosome10	strand=+
52_g                 -            322 48601                -            765   1.7e-06   24.7  13.6   2   2     0.001      0.11    8.8   0.3    34   137   141   254   131   262 0.72 length=323	scaffold=chromosome10	strand=+
1810_g               -            546 48601                -            765   3.1e-06   23.9   4.9   1   2   0.00074     0.081    9.3   0.2   134   183    54   101    41   129 0.80 length=547	scaffold=chromosome13	strand=+
1810_g               -            546 48601                -            765   3.1e-06   23.9   4.9   2   2   6.3e-06   0.00069   16.1   0.8   114   209   315   406   299   427 0.76 length=547	scaffold=chromosome13	strand=+
2553_g               -            831 48601                -            765     7e-06   22.7   0.1   1   2     0.011       1.2    5.4   0.1   361   425   206   269   176   360 0.82 length=832	scaffold=chromosome1	strand=+
2553_g               -            831 48601                -            765     7e-06   22.7   0.1   2   2   1.6e-05    0.0017   14.8   0.0   351   427   420   492   410   522 0.78 length=832	scaffold=chromosome1	strand=+
835_g                -            363 48601                -            765   8.1e-06   22.5   0.1   1   2   2.1e-07   2.3e-05   21.0   0.0   360   433    78   151    39   170 0.74 length=364	scaffold=chromosome12	strand=+
835_g                -            363 48601                -            765   8.1e-06   22.5   0.1   2   2         2   2.2e+02   -2.1   0.0   122   138   229   245   192   262 0.65 length=364	scaffold=chromosome12	strand=+
2441_g               -            374 48601                -            765   3.2e-05   20.5   2.4   1   2   0.00046      0.05    9.9   3.8   356   481    35   152    23   154 0.76 length=375	scaffold=chromosome14	strand=-
2441_g               -            374 48601                -            765   3.2e-05   20.5   2.4   2   2    0.0062      0.68    6.2   0.0   461   512   314   364   310   371 0.58 length=375	scaffold=chromosome14	strand=-
3544_g               -            647 48601                -            765   5.8e-05   19.7   0.2   1   2   0.00015     0.016   11.6   0.0   112   189   354   434   343   458 0.76 length=648	scaffold=chromosome6	strand=+
3544_g               -            647 48601                -            765   5.8e-05   19.7   0.2   2   2    0.0092         1    5.6   0.2    51   560   561   617   510   627 0.50 length=648	scaffold=chromosome6	strand=+
4164_g               -            385 48601                -            765   0.00018   18.1   4.3   1   2   5.4e-05    0.0059   13.0   0.6   419   486   171   239   115   247 0.70 length=386	scaffold=chromosome8	strand=-
4164_g               -            385 48601                -            765   0.00018   18.1   4.3   2   2    0.0026      0.29    7.4   0.1   347   383   245   281   227   289 0.80 length=386	scaffold=chromosome8	strand=-
4072_g               -            168 48601                -            765   0.00036   17.1   0.1   1   1   3.6e-06   0.00039   16.9   0.1   472   523    56   109    23   122 0.89 length=169	scaffold=chromosome8	strand=-
3010_g               -            684 48601                -            765   0.00048   16.6   0.5   1   2     0.062       6.8    2.9   0.0   356   393   241   278   239   299 0.84 length=685	scaffold=chromosome3	strand=-
3010_g               -            684 48601                -            765   0.00048   16.6   0.5   2   2   0.00014     0.015   11.7   0.4   357   437   364   439   341   458 0.67 length=685	scaffold=chromosome3	strand=-
#
# Program:         hmmsearch
# Version:         3.4 (Aug 2023)
# Pipeline mode:   SEARCH
# Query file:      /home/inf-20-2025/Malaria/busco_downloads/lineages/apicomplexa_odb12/hmms/48601at5794.hmm
# Target file:     /home/inf-20-2025/Malaria/Results/6_nobird_annotation/P_cynomolgi.faa
# Option settings: hmmsearch --domtblout Results/8_busco/P_cynomolgi/run_apicomplexa_odb12/hmmer_output/initial_run_results/48601at5794.out --cpu 1 /home/inf-20-2025/Malaria/busco_downloads/lineages/apicomplexa_odb12/hmms/48601at5794.hmm /home/inf-20-2025/Malaria/Results/6_nobird_annotation/P_cynomolgi.faa 
# Current dir:     /home/inf-20-2025/Malaria
# Date:            Wed Mar  4 18:30:49 2026
# [ok]
