#                                                                            --- full sequence --- -------------- this domain -------------   hmm coord   ali coord   env coord
# target name        accession   tlen query name           accession   qlen   E-value  score  bias   #  of  c-Evalue  i-Evalue  score  bias  from    to  from    to  from    to  acc description of target
#------------------- ---------- ----- -------------------- ---------- ----- --------- ------ ----- --- --- --------- --------- ------ ----- ----- ----- ----- ----- ----- ----- ---- ---------------------
3576_g               -           3255 5439                 -           1144         0 1684.7  94.0   1   7      0.12        47   -0.3   0.6    51   108  1075  1130  1067  1143 0.60 length=3256	scaffold=chromosome6	strand=-
3576_g               -           3255 5439                 -           1144         0 1684.7  94.0   2   7         0         0 1459.1  21.7    86   824  1185  1933  1178  1937 0.96 length=3256	scaffold=chromosome6	strand=-
3576_g               -           3255 5439                 -           1144         0 1684.7  94.0   3   7   1.7e-24   6.6e-22   75.4   1.1   810   886  1965  2054  1960  2066 0.78 length=3256	scaffold=chromosome6	strand=-
3576_g               -           3255 5439                 -           1144         0 1684.7  94.0   4   7   1.4e-25   5.3e-23   79.0   3.6   860   954  2068  2162  2055  2172 0.90 length=3256	scaffold=chromosome6	strand=-
3576_g               -           3255 5439                 -           1144         0 1684.7  94.0   5   7   3.8e-10   1.5e-07   27.9   0.0   946   994  2355  2403  2347  2414 0.85 length=3256	scaffold=chromosome6	strand=-
3576_g               -           3255 5439                 -           1144         0 1684.7  94.0   6   7   1.5e-28   5.8e-26   88.8   0.8   999  1097  2538  2640  2524  2654 0.83 length=3256	scaffold=chromosome6	strand=-
3576_g               -           3255 5439                 -           1144         0 1684.7  94.0   7   7       1.4   5.3e+02   -3.8   2.2  1048  1125  2998  3074  2988  3088 0.49 length=3256	scaffold=chromosome6	strand=-
4422_g               -           1455 5439                 -           1144  6.5e-146  486.1  26.5   1   3      0.26     1e+02   -1.3   0.9   844   917   269   339   223   356 0.61 length=1456	scaffold=chromosome9	strand=-
4422_g               -           1455 5439                 -           1144  6.5e-146  486.1  26.5   2   3  1.7e-148  6.5e-146  486.1  26.5   272   871   355   929   296   999 0.80 length=1456	scaffold=chromosome9	strand=-
4422_g               -           1455 5439                 -           1144  6.5e-146  486.1  26.5   3   3       3.4   1.3e+03   -5.0   2.3  1068  1130  1172  1235  1138  1248 0.53 length=1456	scaffold=chromosome9	strand=-
3092_g               -           1303 5439                 -           1144  1.7e-117  392.0  27.7   1   2     4e-90   1.6e-87  292.8  23.2   184   654   548  1022   380  1025 0.71 length=1304	scaffold=chromosome4	strand=-
3092_g               -           1303 5439                 -           1144  1.7e-117  392.0  27.7   2   2   5.5e-32   2.1e-29  100.2   0.1   653   763  1118  1230  1112  1242 0.90 length=1304	scaffold=chromosome4	strand=-
3336_g               -           2033 5439                 -           1144  2.5e-106  355.0  18.5   1   4       1.3   4.9e+02   -3.6   7.4  1037  1123   104   197    42   215 0.68 length=2034	scaffold=chromosome5	strand=+
3336_g               -           2033 5439                 -           1144  2.5e-106  355.0  18.5   2   4   1.2e-67   4.6e-65  218.3  10.7   262   574   549   850   524   861 0.88 length=2034	scaffold=chromosome5	strand=+
3336_g               -           2033 5439                 -           1144  2.5e-106  355.0  18.5   3   4   1.7e-47   6.6e-45  151.6   0.9   582   740  1466  1623  1458  1644 0.95 length=2034	scaffold=chromosome5	strand=+
3336_g               -           2033 5439                 -           1144  2.5e-106  355.0  18.5   4   4       4.9   1.9e+03   -5.6   3.7    12    12  1794  1794  1684  1877 0.62 length=2034	scaffold=chromosome5	strand=+
2660_g               -            713 5439                 -           1144   8.2e-77  257.2  10.5   1   2   7.5e-48   2.9e-45  152.8   4.3   273   580   129   442   123   456 0.80 length=714	scaffold=chromosome1	strand=-
2660_g               -            713 5439                 -           1144   8.2e-77  257.2  10.5   2   2   2.2e-34   8.4e-32  108.2   0.4   580   747   539   706   532   712 0.92 length=714	scaffold=chromosome1	strand=-
554_g                -           2808 5439                 -           1144   2.1e-76  255.9   3.8   1   8   1.3e-36   4.9e-34  115.6   0.1   270   480   347   547   340   576 0.89 length=2809	scaffold=chromosome11	strand=-
554_g                -           2808 5439                 -           1144   2.1e-76  255.9   3.8   2   8      0.13        52   -0.4   7.8    22   268   548   805   537   811 0.56 length=2809	scaffold=chromosome11	strand=-
554_g                -           2808 5439                 -           1144   2.1e-76  255.9   3.8   3   8   1.5e-47   5.6e-45  151.8   0.8   605   783  1223  1397  1218  1405 0.93 length=2809	scaffold=chromosome11	strand=-
554_g                -           2808 5439                 -           1144   2.1e-76  255.9   3.8   4   8         2   7.5e+02   -4.3   7.7    23    97  1655  1703  1614  1769 0.47 length=2809	scaffold=chromosome11	strand=-
554_g                -           2808 5439                 -           1144   2.1e-76  255.9   3.8   5   8       9.6   3.7e+03   -6.6   3.3    51    88  1962  1999  1933  2023 0.40 length=2809	scaffold=chromosome11	strand=-
554_g                -           2808 5439                 -           1144   2.1e-76  255.9   3.8   6   8      0.36   1.4e+02   -1.8   1.5   207   249  2103  2145  2065  2162 0.77 length=2809	scaffold=chromosome11	strand=-
554_g                -           2808 5439                 -           1144   2.1e-76  255.9   3.8   7   8      0.78     3e+02   -2.9   3.3   929   975  2242  2288  2211  2324 0.45 length=2809	scaffold=chromosome11	strand=-
554_g                -           2808 5439                 -           1144   2.1e-76  255.9   3.8   8   8       4.8   1.9e+03   -5.6   2.4    45   102  2710  2757  2672  2777 0.52 length=2809	scaffold=chromosome11	strand=-
2508_g               -           1591 5439                 -           1144   3.1e-43  146.0  13.9   1   5   5.9e-10   2.3e-07   27.3   0.0   270   312   222   265   198   268 0.90 length=1592	scaffold=chromosome14	strand=+
2508_g               -           1591 5439                 -           1144   3.1e-43  146.0  13.9   2   5      0.56   2.1e+02   -2.5   0.0   323   358   374   411   369   443 0.72 length=1592	scaffold=chromosome14	strand=+
2508_g               -           1591 5439                 -           1144   3.1e-43  146.0  13.9   3   5       7.4   2.9e+03   -6.2   2.8    33    76   851   895   836   927 0.37 length=1592	scaffold=chromosome14	strand=+
2508_g               -           1591 5439                 -           1144   3.1e-43  146.0  13.9   4   5   2.7e-14     1e-11   41.7   0.0   396   466   957  1028   954  1038 0.91 length=1592	scaffold=chromosome14	strand=+
2508_g               -           1591 5439                 -           1144   3.1e-43  146.0  13.9   5   5   2.3e-27     9e-25   84.9   0.5   594   738  1426  1570  1397  1585 0.89 length=1592	scaffold=chromosome14	strand=+
3354_g               -            765 5439                 -           1144   3.2e-42  142.7  13.4   1   4   1.4e-06   0.00054   16.1   2.7   476   538    93   156    77   172 0.87 length=766	scaffold=chromosome5	strand=+
3354_g               -            765 5439                 -           1144   3.2e-42  142.7  13.4   2   4      0.31   1.2e+02   -1.6   0.0   561   573   355   367   294   380 0.84 length=766	scaffold=chromosome5	strand=+
3354_g               -            765 5439                 -           1144   3.2e-42  142.7  13.4   3   4   1.8e-05    0.0071   12.4   0.2   582   626   430   474   416   481 0.89 length=766	scaffold=chromosome5	strand=+
3354_g               -            765 5439                 -           1144   3.2e-42  142.7  13.4   4   4   7.8e-38     3e-35  119.6   0.1   635   736   614   714   609   738 0.92 length=766	scaffold=chromosome5	strand=+
448_g                -            887 5439                 -           1144   1.8e-38  130.3   6.0   1   2   5.2e-24     2e-21   73.8   0.8   272   530   324   562   282   576 0.82 length=888	scaffold=chromosome11	strand=-
448_g                -            887 5439                 -           1144   1.8e-38  130.3   6.0   2   2   6.4e-18   2.5e-15   53.7   0.4   587   725   623   761   609   794 0.87 length=888	scaffold=chromosome11	strand=-
870_g                -           1451 5439                 -           1144   1.3e-35  120.8  15.4   1   3   4.5e-07   0.00018   17.7   0.2   295   320   660   685   659   688 0.88 length=1452	scaffold=chromosome12	strand=-
870_g                -           1451 5439                 -           1144   1.3e-35  120.8  15.4   2   3   8.3e-16   3.2e-13   46.7   1.9   401   584   891  1081   884  1087 0.81 length=1452	scaffold=chromosome12	strand=-
870_g                -           1451 5439                 -           1144   1.3e-35  120.8  15.4   3   3   1.6e-20   6.1e-18   62.3   1.4   581   751  1239  1430  1228  1437 0.79 length=1452	scaffold=chromosome12	strand=-
3353_g               -            335 5439                 -           1144   7.1e-21   72.0   1.0   1   1   1.8e-23   7.1e-21   72.0   1.0   268   414   188   330   145   333 0.84 length=336	scaffold=chromosome5	strand=+
732_g                -           1553 5439                 -           1144   4.7e-10   36.1   0.2   1   1   6.1e-12   2.3e-09   33.9   0.2   291   453   673   828   653   857 0.72 length=1554	scaffold=chromosome11	strand=-
36_g                 -            670 5439                 -           1144   0.00017   17.8   0.0   1   2         7   2.7e+03   -6.1  17.3    11   103    60   150    33   171 0.42 length=671	scaffold=chromosome10	strand=-
36_g                 -            670 5439                 -           1144   0.00017   17.8   0.0   2   2   4.4e-07   0.00017   17.8   0.0   595   705   461   568   452   612 0.89 length=671	scaffold=chromosome10	strand=-
3650_g               -           1139 5439                 -           1144   0.00044   16.4   0.0   1   1   1.1e-06   0.00044   16.4   0.0   573   705   973  1101   964  1112 0.87 length=1140	scaffold=chromosome6	strand=+
2271_g               -           1091 5439                 -           1144       1.5    4.7  12.5   1   2   3.8e-05     0.014   11.4   0.7   547   587   561   603   551   608 0.87 length=1092	scaffold=chromosome14	strand=-
2271_g               -           1091 5439                 -           1144       1.5    4.7  12.5   2   2      0.86   3.3e+02   -3.1   5.2    35    79  1016  1061   981  1082 0.43 length=1092	scaffold=chromosome14	strand=-
#
# Program:         hmmsearch
# Version:         3.4 (Aug 2023)
# Pipeline mode:   SEARCH
# Query file:      /home/inf-20-2025/Malaria/busco_downloads/lineages/apicomplexa_odb12/hmms/5439at5794.hmm
# Target file:     /home/inf-20-2025/Malaria/Results/6_nobird_annotation/P_cynomolgi.faa
# Option settings: hmmsearch --domtblout Results/8_busco/P_cynomolgi/run_apicomplexa_odb12/hmmer_output/initial_run_results/5439at5794.out --cpu 1 /home/inf-20-2025/Malaria/busco_downloads/lineages/apicomplexa_odb12/hmms/5439at5794.hmm /home/inf-20-2025/Malaria/Results/6_nobird_annotation/P_cynomolgi.faa 
# Current dir:     /home/inf-20-2025/Malaria
# Date:            Wed Mar  4 18:30:49 2026
# [ok]
