#                                                                            --- full sequence --- -------------- this domain -------------   hmm coord   ali coord   env coord
# target name        accession   tlen query name           accession   qlen   E-value  score  bias   #  of  c-Evalue  i-Evalue  score  bias  from    to  from    to  from    to  acc description of target
#------------------- ---------- ----- -------------------- ---------- ----- --------- ------ ----- --- --- --------- --------- ------ ----- ----- ----- ----- ----- ----- ----- ---- ---------------------
1703_g               -            453 58968                -            203  1.1e-105  350.1   1.9   1   1  1.2e-107  1.3e-105  349.8   1.9     2   200     7   206     6   209 0.98 length=454	scaffold=chromosome13	strand=+
2263_g               -           1670 58968                -            203   6.6e-66  220.1   3.8   1   3     2e-38   2.2e-36  123.7   0.2    14   181   801   969   792   977 0.94 length=1671	scaffold=chromosome14	strand=+
2263_g               -           1670 58968                -            203   6.6e-66  220.1   3.8   2   3     9e-12   9.8e-10   36.7   0.1   102   183   979  1059   967  1065 0.83 length=1671	scaffold=chromosome14	strand=+
2263_g               -           1670 58968                -            203   6.6e-66  220.1   3.8   3   3   1.2e-18   1.3e-16   59.2   0.1    94   185  1227  1316  1216  1327 0.88 length=1671	scaffold=chromosome14	strand=+
426_g                -            514 58968                -            203   8.7e-43  144.6   0.2   1   3   6.7e-14   7.3e-12   43.7   0.0   100   177    86   167    83   174 0.88 length=515	scaffold=chromosome11	strand=+
426_g                -            514 58968                -            203   8.7e-43  144.6   0.2   2   3   7.5e-14   8.2e-12   43.5   0.0   102   181   187   270   178   280 0.90 length=515	scaffold=chromosome11	strand=+
426_g                -            514 58968                -            203   8.7e-43  144.6   0.2   3   3   5.1e-17   5.6e-15   53.8   0.0   101   176   372   448   361   462 0.90 length=515	scaffold=chromosome11	strand=+
1801_g               -            505 58968                -            203   8.3e-35  118.6  16.8   1   4       3.7     4e+02   -1.2   3.2   151   201    12    59     3    65 0.66 length=506	scaffold=chromosome13	strand=-
1801_g               -            505 58968                -            203   8.3e-35  118.6  16.8   2   4   5.7e-07   6.3e-05   21.0   0.0   100   165    80   146    75   163 0.88 length=506	scaffold=chromosome13	strand=-
1801_g               -            505 58968                -            203   8.3e-35  118.6  16.8   3   4   1.2e-17   1.3e-15   55.9   0.7    99   183   177   264   164   282 0.88 length=506	scaffold=chromosome13	strand=-
1801_g               -            505 58968                -            203   8.3e-35  118.6  16.8   4   4   8.4e-16   9.2e-14   49.9   0.1    99   175   393   470   373   485 0.89 length=506	scaffold=chromosome13	strand=-
411_g                -            384 58968                -            203   7.4e-29   99.1   3.1   1   3   0.00026     0.028   12.4   0.3   103   174    11    78     5   102 0.89 length=385	scaffold=chromosome11	strand=+
411_g                -            384 58968                -            203   7.4e-29   99.1   3.1   2   3   9.2e-12     1e-09   36.7   0.0   103   164   111   172   100   192 0.91 length=385	scaffold=chromosome11	strand=+
411_g                -            384 58968                -            203   7.4e-29   99.1   3.1   3   3   1.2e-15   1.3e-13   49.4   0.1    88   176   187   275   179   283 0.92 length=385	scaffold=chromosome11	strand=+
3307_g               -            292 58968                -            203   2.4e-25   87.7   0.0   1   2   1.9e-10   2.1e-08   32.4   0.0   102   181     7    89     4   102 0.89 length=293	scaffold=chromosome5	strand=+
3307_g               -            292 58968                -            203   2.4e-25   87.7   0.0   2   2   8.6e-17   9.3e-15   53.1   0.0   101   193   154   246   152   255 0.89 length=293	scaffold=chromosome5	strand=+
1068_g               -            923 58968                -            203   3.1e-19   67.7   0.4   1   2   1.9e-19     2e-17   61.8   0.1    12   181   543   728   536   755 0.77 length=924	scaffold=chromosome12	strand=-
1068_g               -            923 58968                -            203   3.1e-19   67.7   0.4   2   2      0.41        44    1.9   0.0   123   170   862   906   851   914 0.78 length=924	scaffold=chromosome12	strand=-
2378_g               -            544 58968                -            203   4.1e-19   67.3   4.0   1   4   0.00051     0.056   11.4   0.1   102   149    16    63    13   111 0.86 length=545	scaffold=chromosome14	strand=-
2378_g               -            544 58968                -            203   4.1e-19   67.3   4.0   2   4       8.2     9e+02   -2.3   0.0   120   140   198   218   195   241 0.55 length=545	scaffold=chromosome14	strand=-
2378_g               -            544 58968                -            203   4.1e-19   67.3   4.0   3   4       4.4   4.8e+02   -1.5   0.0     6    25   413   432   409   439 0.85 length=545	scaffold=chromosome14	strand=-
2378_g               -            544 58968                -            203   4.1e-19   67.3   4.0   4   4   1.7e-17   1.8e-15   55.4   0.1    98   176   457   535   435   543 0.87 length=545	scaffold=chromosome14	strand=-
3394_g               -            361 58968                -            203   4.7e-17   60.6   0.3   1   1   1.2e-18   1.3e-16   59.2   0.3    16   180   119   279   108   292 0.90 length=362	scaffold=chromosome5	strand=-
4096_g               -            241 58968                -            203   4.9e-17   60.6   0.0   1   2   3.2e-12   3.5e-10   38.2   0.0   101   190    12    97     4   107 0.89 length=242	scaffold=chromosome8	strand=+
4096_g               -            241 58968                -            203   4.9e-17   60.6   0.0   2   2   8.6e-07   9.3e-05   20.5   0.0   103   163   164   224   156   235 0.93 length=242	scaffold=chromosome8	strand=+
716_g                -            746 58968                -            203   7.4e-17   60.0   0.5   1   3   5.2e-07   5.7e-05   21.2   0.1   104   185   404   485   386   503 0.81 length=747	scaffold=chromosome11	strand=+
716_g                -            746 58968                -            203   7.4e-17   60.0   0.5   2   3     0.061       6.6    4.6   0.0   114   140   562   588   543   647 0.79 length=747	scaffold=chromosome11	strand=+
716_g                -            746 58968                -            203   7.4e-17   60.0   0.5   3   3   7.2e-10   7.9e-08   30.5   0.0   103   177   668   742   664   745 0.96 length=747	scaffold=chromosome11	strand=+
2077_g               -            126 58968                -            203   3.2e-16   57.9   0.3   1   1   3.6e-18   3.9e-16   57.6   0.3    16   181     9    88     1   110 0.57 length=127	scaffold=chromosome14	strand=-
4749_g               -           1324 58968                -            203     1e-14   53.0   0.0   1   1   2.9e-16   3.2e-14   51.4   0.0   101   182   508   592   500   605 0.88 length=1325	scaffold=chromosome9	strand=+
3859_g               -            338 58968                -            203   2.5e-14   51.7   0.3   1   2     2e-07   2.2e-05   22.5   0.0   106   174    91   157    86   167 0.78 length=339	scaffold=chromosome7	strand=-
3859_g               -            338 58968                -            203   2.5e-14   51.7   0.3   2   2   8.7e-09   9.5e-07   27.0   0.1   103   181   171   248   162   264 0.87 length=339	scaffold=chromosome7	strand=-
2203_g               -           1121 58968                -            203     4e-14   51.0  18.4   1   5       9.1     1e+03   -2.5   0.1    55   170    84   113    60   141 0.63 length=1122	scaffold=chromosome14	strand=+
2203_g               -           1121 58968                -            203     4e-14   51.0  18.4   2   5       2.2   2.4e+02   -0.4   0.1   113   139   382   408   371   455 0.79 length=1122	scaffold=chromosome14	strand=+
2203_g               -           1121 58968                -            203     4e-14   51.0  18.4   3   5      0.03       3.3    5.6   0.1   132   180   490   538   477   550 0.76 length=1122	scaffold=chromosome14	strand=+
2203_g               -           1121 58968                -            203     4e-14   51.0  18.4   4   5      0.94     1e+02    0.7   0.0    11    45   729   763   720   788 0.80 length=1122	scaffold=chromosome14	strand=+
2203_g               -           1121 58968                -            203     4e-14   51.0  18.4   5   5   1.2e-15   1.4e-13   49.3   4.1     7   177   856  1055   850  1064 0.74 length=1122	scaffold=chromosome14	strand=+
4029_g               -            845 58968                -            203   4.6e-14   50.8   1.0   1   2   5.5e-14     6e-12   43.9   0.2    97   181   101   189    87   195 0.83 length=846	scaffold=chromosome7	strand=-
4029_g               -            845 58968                -            203   4.6e-14   50.8   1.0   2   2     0.046         5    5.0   0.0   103   162   220   274   214   281 0.87 length=846	scaffold=chromosome7	strand=-
3972_g               -            288 58968                -            203   6.1e-14   50.4   2.5   1   2   4.1e-07   4.5e-05   21.5   0.3   118   200    63   140    36   143 0.79 length=289	scaffold=chromosome7	strand=+
3972_g               -            288 58968                -            203   6.1e-14   50.4   2.5   2   2     2e-09   2.2e-07   29.0   0.1   104   175   213   284   206   287 0.94 length=289	scaffold=chromosome7	strand=+
3559_g               -           1595 58968                -            203   7.1e-13   47.0   0.1   1   2   6.7e-07   7.4e-05   20.8   0.3    73   169   326   420   314   430 0.83 length=1596	scaffold=chromosome6	strand=+
3559_g               -           1595 58968                -            203   7.1e-13   47.0   0.1   2   2   1.1e-07   1.3e-05   23.3   0.0   101   176   457   537   453   543 0.87 length=1596	scaffold=chromosome6	strand=+
420_g                -            181 58968                -            203   9.8e-13   46.5   0.0   1   1   1.3e-14   1.4e-12   46.0   0.0   103   184    51   133    46   140 0.92 length=182	scaffold=chromosome11	strand=+
4448_g               -           1003 58968                -            203   1.5e-12   45.9   0.1   1   2   3.1e-10   3.3e-08   31.7   0.0   103   186   615   698   607   704 0.90 length=1004	scaffold=chromosome9	strand=+
4448_g               -           1003 58968                -            203   1.5e-12   45.9   0.1   2   2    0.0005     0.055   11.4   0.0   102   180   913   993   907   999 0.85 length=1004	scaffold=chromosome9	strand=+
1837_g               -            107 58968                -            203   1.9e-12   45.6   0.0   1   1     2e-14   2.2e-12   45.4   0.0   104   184    25   106    14   107 0.93 length=108	scaffold=chromosome13	strand=-
4565_g               -            174 58968                -            203   2.8e-12   45.0   0.1   1   1   5.3e-14   5.8e-12   44.0   0.1   102   183     8    89     4    97 0.93 length=175	scaffold=chromosome9	strand=-
1872_g               -            662 58968                -            203   1.7e-11   42.5   0.0   1   1   3.5e-13   3.8e-11   41.3   0.0    99   176   163   244   154   258 0.82 length=663	scaffold=chromosome13	strand=+
3898_g               -            547 58968                -            203   1.1e-10   39.8   3.8   1   2   1.5e-07   1.6e-05   23.0   0.1   103   157   139   193   124   203 0.92 length=548	scaffold=chromosome7	strand=+
3898_g               -            547 58968                -            203   1.1e-10   39.8   3.8   2   2     1e-05    0.0011   17.0   1.0    84   186   328   433   314   441 0.81 length=548	scaffold=chromosome7	strand=+
4240_g               -            283 58968                -            203   1.2e-10   39.7   0.0   1   1   1.9e-12     2e-10   38.9   0.0   103   175    37   110    17   138 0.87 length=284	scaffold=chromosome8	strand=-
4075_g               -            906 58968                -            203   1.5e-10   39.3   0.5   1   2   6.4e-08     7e-06   24.1   0.0   103   175   317   382   313   392 0.92 length=907	scaffold=chromosome8	strand=-
4075_g               -            906 58968                -            203   1.5e-10   39.3   0.5   2   2   0.00016     0.017   13.1   0.2    97   169   417   487   406   495 0.82 length=907	scaffold=chromosome8	strand=-
352_g                -            489 58968                -            203   1.1e-09   36.6   0.1   1   1   1.8e-11     2e-09   35.7   0.1   101   174    97   170    58   174 0.91 length=490	scaffold=chromosome11	strand=-
505_g                -            670 58968                -            203   1.1e-09   36.5   0.2   1   2   2.4e-05    0.0027   15.7   0.0   101   168    22    95     5   112 0.77 length=671	scaffold=chromosome11	strand=-
505_g                -            670 58968                -            203   1.1e-09   36.5   0.2   2   2   4.3e-06   0.00047   18.2   0.0   103   176   132   207   118   222 0.87 length=671	scaffold=chromosome11	strand=-
4010_g               -            842 58968                -            203   1.9e-09   35.8   0.0   1   1   3.1e-11   3.4e-09   34.9   0.0   104   179     9    85     6    95 0.89 length=843	scaffold=chromosome7	strand=+
2128_g               -           1039 58968                -            203   3.3e-09   35.0   0.1   1   1   6.7e-11   7.3e-09   33.9   0.1   104   178   231   306   228   327 0.90 length=1040	scaffold=chromosome14	strand=+
3925_g               -            202 58968                -            203   4.2e-09   34.7   0.0   1   1   5.5e-11     6e-09   34.1   0.0    10    77    66   133    57   149 0.84 length=203	scaffold=chromosome7	strand=-
2268_g               -            110 58968                -            203   7.3e-09   33.9   0.0   1   1   7.6e-11   8.3e-09   33.7   0.0    98   176    10    86     4   109 0.85 length=111	scaffold=chromosome14	strand=-
1944_g               -            391 58968                -            203   8.7e-09   33.6   0.0   1   1   1.3e-10   1.5e-08   32.9   0.0    80   200   199   323   193   326 0.82 length=392	scaffold=chromosome14	strand=+
4056_g               -            304 58968                -            203   1.6e-08   32.7   0.0   1   1   2.2e-10   2.4e-08   32.2   0.0    92   180    62   151    56   160 0.86 length=305	scaffold=chromosome8	strand=+
636_g                -            123 58968                -            203   3.5e-08   31.6   0.1   1   1   3.5e-10   3.8e-08   31.5   0.1    63   162    25   121    14   123 0.76 length=124	scaffold=chromosome11	strand=-
277_g                -            326 58968                -            203   4.4e-08   31.3   0.0   1   1   6.4e-10     7e-08   30.7   0.0     9    87     6    84     3    95 0.91 length=327	scaffold=chromosome10	strand=+
1336_g               -            797 58968                -            203   1.7e-07   29.4   0.0   1   1   3.8e-09   4.1e-07   28.1   0.0   104   181    31   109    10   121 0.84 length=798	scaffold=chromosome12	strand=-
720_g                -            601 58968                -            203     2e-07   29.1   2.5   1   2   0.00044     0.048   11.6   0.1    98   176     5    81     2   107 0.83 length=602	scaffold=chromosome11	strand=-
720_g                -            601 58968                -            203     2e-07   29.1   2.5   2   2   8.6e-06   0.00094   17.2   0.4    95   179   158   241   137   252 0.86 length=602	scaffold=chromosome11	strand=-
4632_g               -           1061 58968                -            203     7e-07   27.4   0.0   1   1     1e-08   1.1e-06   26.7   0.0    15    97     6    88     2    98 0.91 length=1062	scaffold=chromosome9	strand=+
1116_g               -            914 58968                -            203   7.1e-07   27.4   0.0   1   2       2.5   2.7e+02   -0.6   0.0   103   128   545   571   540   583 0.76 length=915	scaffold=chromosome12	strand=+
1116_g               -            914 58968                -            203   7.1e-07   27.4   0.0   2   2   6.8e-08   7.4e-06   24.0   0.0   102   179   677   755   661   774 0.78 length=915	scaffold=chromosome12	strand=+
3409_g               -            483 58968                -            203   1.7e-06   26.2   0.0   1   1   2.8e-08   3.1e-06   25.3   0.0   103   173   409   479   382   482 0.88 length=484	scaffold=chromosome5	strand=-
4670_g               -            862 58968                -            203   4.8e-06   24.7   0.5   1   1   8.3e-08   9.1e-06   23.8   0.5    90   192   671   781   665   795 0.71 length=863	scaffold=chromosome9	strand=-
3563_g               -            544 58968                -            203   4.8e-06   24.7   0.0   1   2   2.9e-07   3.2e-05   22.0   0.0    15    88    13    86     6    97 0.84 length=545	scaffold=chromosome6	strand=-
3563_g               -            544 58968                -            203   4.8e-06   24.7   0.0   2   2       1.8     2e+02   -0.2   0.0    56    74   146   164   110   187 0.65 length=545	scaffold=chromosome6	strand=-
142_g                -            316 58968                -            203   6.1e-06   24.3   0.0   1   1   1.1e-07   1.2e-05   23.4   0.0   103   180     9    84     3    98 0.83 length=317	scaffold=chromosome10	strand=+
3579_g               -            163 58968                -            203   8.7e-06   23.8   0.0   1   1   1.2e-07   1.3e-05   23.2   0.0   130   175    89   134    46   145 0.82 length=164	scaffold=chromosome6	strand=-
3542_g               -            472 58968                -            203   2.3e-05   22.4   0.1   1   1     4e-07   4.3e-05   21.6   0.1   102   189   249   337   231   349 0.82 length=473	scaffold=chromosome6	strand=-
1494_g               -            134 58968                -            203   3.8e-05   21.7   0.1   1   1   4.3e-07   4.7e-05   21.4   0.1    80   182    14   118    10   130 0.82 length=135	scaffold=chromosome13	strand=+
2941_g               -           1087 58968                -            203   6.8e-05   20.9   0.6   1   4       8.3   9.1e+02   -2.4   0.0   103   118   603   618   589   628 0.64 length=1088	scaffold=chromosome3	strand=+
2941_g               -           1087 58968                -            203   6.8e-05   20.9   0.6   2   4       1.2   1.3e+02    0.4   0.0    57    88   700   730   693   734 0.86 length=1088	scaffold=chromosome3	strand=+
2941_g               -           1087 58968                -            203   6.8e-05   20.9   0.6   3   4    0.0011      0.12   10.3   0.1   103   165   791   853   788   867 0.90 length=1088	scaffold=chromosome3	strand=+
2941_g               -           1087 58968                -            203   6.8e-05   20.9   0.6   4   4     0.038       4.2    5.3   0.0   141   177  1008  1044  1001  1049 0.85 length=1088	scaffold=chromosome3	strand=+
3404_g               -            238 58968                -            203   0.00032   18.7   0.0   1   1   4.7e-06   0.00051   18.1   0.0   103   174    35   107    14   109 0.63 length=239	scaffold=chromosome5	strand=+
1258_g               -            600 58968                -            203    0.0027   15.7   0.2   1   1     7e-05    0.0077   14.2   0.2   113   180   523   591   510   595 0.79 length=601	scaffold=chromosome12	strand=-
4558_g               -            323 58968                -            203     0.003   15.5   0.0   1   1   5.6e-05    0.0062   14.5   0.0   120   181    88   149    71   157 0.85 length=324	scaffold=chromosome9	strand=-
2482_g               -            391 58968                -            203     0.007   14.3   0.2   1   1   0.00013     0.014   13.4   0.2    97   161   219   278   203   286 0.82 length=392	scaffold=chromosome14	strand=+
4681_g               -            948 58968                -            203     0.018   13.0   0.0   1   1   0.00029     0.031   12.2   0.0   105   160   733   796   721   826 0.77 length=949	scaffold=chromosome9	strand=-
#
# Program:         hmmsearch
# Version:         3.4 (Aug 2023)
# Pipeline mode:   SEARCH
# Query file:      /home/inf-20-2025/Malaria/busco_downloads/lineages/apicomplexa_odb12/hmms/58968at5794.hmm
# Target file:     /home/inf-20-2025/Malaria/Results/6_nobird_annotation/P_cynomolgi.faa
# Option settings: hmmsearch --domtblout Results/8_busco/P_cynomolgi/run_apicomplexa_odb12/hmmer_output/initial_run_results/58968at5794.out --cpu 1 /home/inf-20-2025/Malaria/busco_downloads/lineages/apicomplexa_odb12/hmms/58968at5794.hmm /home/inf-20-2025/Malaria/Results/6_nobird_annotation/P_cynomolgi.faa 
# Current dir:     /home/inf-20-2025/Malaria
# Date:            Wed Mar  4 18:30:47 2026
# [ok]
