#                                                                            --- full sequence --- -------------- this domain -------------   hmm coord   ali coord   env coord
# target name        accession   tlen query name           accession   qlen   E-value  score  bias   #  of  c-Evalue  i-Evalue  score  bias  from    to  from    to  from    to  acc description of target
#------------------- ---------- ----- -------------------- ---------- ----- --------- ------ ----- --- --- --------- --------- ------ ----- ----- ----- ----- ----- ----- ----- ---- ---------------------
652_g                -            803 64228                -            323   7.5e-78  260.3   9.1   1   6   2.1e-32     6e-29   99.6   0.3     1   110     1   102     1   144 0.85 length=804	scaffold=chromosome11	strand=+
652_g                -            803 64228                -            323   7.5e-78  260.3   9.1   2   6   1.2e-13   3.5e-10   38.0   0.1   104   145   205   250   195   260 0.84 length=804	scaffold=chromosome11	strand=+
652_g                -            803 64228                -            323   7.5e-78  260.3   9.1   3   6   2.3e-10   6.7e-07   27.2   0.0   147   180   330   363   320   371 0.87 length=804	scaffold=chromosome11	strand=+
652_g                -            803 64228                -            323   7.5e-78  260.3   9.1   4   6     6e-09   1.7e-05   22.5   0.0   175   225   392   445   380   460 0.83 length=804	scaffold=chromosome11	strand=+
652_g                -            803 64228                -            323   7.5e-78  260.3   9.1   5   6   9.3e-14   2.7e-10   38.4   0.1   211   294   473   569   457   579 0.76 length=804	scaffold=chromosome11	strand=+
652_g                -            803 64228                -            323   7.5e-78  260.3   9.1   6   6   1.3e-12   3.9e-09   34.6   0.0   290   321   618   649   611   651 0.90 length=804	scaffold=chromosome11	strand=+
1577_g               -            149 64228                -            323    0.0037   14.9   0.0   1   2   0.00037       1.1    6.8   0.0   183   215    23    55     3    78 0.87 length=150	scaffold=chromosome13	strand=+
1577_g               -            149 64228                -            323    0.0037   14.9   0.0   2   2   0.00046       1.3    6.5   0.0   184   219    97   132    90   146 0.85 length=150	scaffold=chromosome13	strand=+
#
# Program:         hmmsearch
# Version:         3.4 (Aug 2023)
# Pipeline mode:   SEARCH
# Query file:      /home/inf-20-2025/Malaria/busco_downloads/lineages/apicomplexa_odb12/hmms/64228at5794.hmm
# Target file:     /home/inf-20-2025/Malaria/Results/6_nobird_annotation/P_cynomolgi.faa
# Option settings: hmmsearch --domtblout Results/8_busco/P_cynomolgi/run_apicomplexa_odb12/hmmer_output/initial_run_results/64228at5794.out --cpu 1 /home/inf-20-2025/Malaria/busco_downloads/lineages/apicomplexa_odb12/hmms/64228at5794.hmm /home/inf-20-2025/Malaria/Results/6_nobird_annotation/P_cynomolgi.faa 
# Current dir:     /home/inf-20-2025/Malaria
# Date:            Wed Mar  4 18:30:49 2026
# [ok]
