#                                                                            --- full sequence --- -------------- this domain -------------   hmm coord   ali coord   env coord
# target name        accession   tlen query name           accession   qlen   E-value  score  bias   #  of  c-Evalue  i-Evalue  score  bias  from    to  from    to  from    to  acc description of target
#------------------- ---------- ----- -------------------- ---------- ----- --------- ------ ----- --- --- --------- --------- ------ ----- ----- ----- ----- ----- ----- ----- ---- ---------------------
2200_g               -           1086 64460                -            542  5.8e-174  578.4  84.5   1   7   1.3e-07   2.7e-05   21.7   0.3    12    64    44   107    37   122 0.67 length=1087	scaffold=chromosome14	strand=+
2200_g               -           1086 64460                -            542  5.8e-174  578.4  84.5   2   7   2.7e-22   5.4e-20   70.2  12.8    39   132   124   217   116   220 0.89 length=1087	scaffold=chromosome14	strand=+
2200_g               -           1086 64460                -            542  5.8e-174  578.4  84.5   3   7       2.6   5.2e+02   -2.4   3.9   280   315   215   248   211   266 0.35 length=1087	scaffold=chromosome14	strand=+
2200_g               -           1086 64460                -            542  5.8e-174  578.4  84.5   4   7  6.5e-103  1.3e-100  336.3  18.8   124   379   264   530   250   562 0.88 length=1087	scaffold=chromosome14	strand=+
2200_g               -           1086 64460                -            542  5.8e-174  578.4  84.5   5   7       2.3   4.5e+02   -2.2   2.1   360   412   781   837   694   846 0.49 length=1087	scaffold=chromosome14	strand=+
2200_g               -           1086 64460                -            542  5.8e-174  578.4  84.5   6   7   5.3e-32     1e-29  102.2  13.8   363   487   841   964   808   993 0.73 length=1087	scaffold=chromosome14	strand=+
2200_g               -           1086 64460                -            542  5.8e-174  578.4  84.5   7   7   4.8e-24   9.7e-22   76.0   1.6   467   541  1009  1083   990  1084 0.87 length=1087	scaffold=chromosome14	strand=+
4086_g               -            761 64460                -            542   7.3e-24   83.0  32.4   1   3   1.4e-20   2.8e-18   64.5   2.0    84   154     3    75     2    77 0.91 length=762	scaffold=chromosome8	strand=-
4086_g               -            761 64460                -            542   7.3e-24   83.0  32.4   2   3   6.3e-11   1.2e-08   32.7  22.9   194   318   184   312   173   325 0.79 length=762	scaffold=chromosome8	strand=-
4086_g               -            761 64460                -            542   7.3e-24   83.0  32.4   3   3       3.5     7e+02   -2.8   0.7    60    84   512   536   487   574 0.65 length=762	scaffold=chromosome8	strand=-
983_g                -            534 64460                -            542   4.6e-20   70.4   1.4   1   1   3.5e-22     7e-20   69.8   1.4    87   157   251   319   216   324 0.91 length=535	scaffold=chromosome12	strand=+
1531_g               -            245 64460                -            542   1.4e-18   65.5   0.6   1   1   9.7e-21   1.9e-18   65.1   0.6    85   168     2    83     1    97 0.85 length=246	scaffold=chromosome13	strand=+
3117_g               -            328 64460                -            542   1.7e-17   61.9   0.1   1   1   1.1e-19   2.2e-17   61.6   0.1    88   155     3    70     1   111 0.87 length=329	scaffold=chromosome4	strand=-
2636_g               -            836 64460                -            542   3.4e-16   57.6   1.5   1   3       1.9   3.8e+02   -1.9   4.5   283   306   126   149   110   161 0.51 length=837	scaffold=chromosome1	strand=+
2636_g               -            836 64460                -            542   3.4e-16   57.6   1.5   2   3   1.7e-18   3.4e-16   57.6   1.5    87   154   308   372   303   374 0.94 length=837	scaffold=chromosome1	strand=+
2636_g               -            836 64460                -            542   3.4e-16   57.6   1.5   3   3      0.95   1.9e+02   -0.9   0.8   398   411   658   671   638   732 0.67 length=837	scaffold=chromosome1	strand=+
507_g                -            439 64460                -            542   1.3e-15   55.7   2.4   1   3       3.3   6.5e+02   -2.7   1.5   284   306     8    30     1    49 0.38 length=440	scaffold=chromosome11	strand=+
507_g                -            439 64460                -            542   1.3e-15   55.7   2.4   2   3       5.8   1.2e+03   -3.5   0.1   175   190    71    86    70    87 0.83 length=440	scaffold=chromosome11	strand=+
507_g                -            439 64460                -            542   1.3e-15   55.7   2.4   3   3   6.4e-18   1.3e-15   55.7   2.4    88   155   104   167   100   197 0.89 length=440	scaffold=chromosome11	strand=+
81_g                 -            559 64460                -            542   1.9e-13   48.6   1.9   1   2   9.6e-16   1.9e-13   48.6   1.9    66   155   198   283   162   304 0.82 length=560	scaffold=chromosome10	strand=-
81_g                 -            559 64460                -            542   1.9e-13   48.6   1.9   2   2       2.4   4.8e+02   -2.2   3.0    42   316   446   468   415   557 0.44 length=560	scaffold=chromosome10	strand=-
1075_g               -            362 64460                -            542   4.7e-13   47.3   2.0   1   3     6e-11   1.2e-08   32.7   0.0    87   125     6    44     3    52 0.88 length=363	scaffold=chromosome12	strand=-
1075_g               -            362 64460                -            542   4.7e-13   47.3   2.0   2   3   1.4e-07   2.7e-05   21.7   0.5   128   154   136   162   121   189 0.83 length=363	scaffold=chromosome12	strand=-
1075_g               -            362 64460                -            542   4.7e-13   47.3   2.0   3   3       0.5     1e+02   -0.0   0.3   362   409   239   285   193   297 0.69 length=363	scaffold=chromosome12	strand=-
1757_g               -            381 64460                -            542     6e-13   46.9   2.8   1   1   4.7e-15   9.4e-13   46.3   2.8    85   154    51   116    45   118 0.93 length=382	scaffold=chromosome13	strand=-
2058_g               -            712 64460                -            542   2.9e-12   44.7   0.3   1   1   2.8e-14   5.6e-12   43.7   0.3    91   154   131   191   117   193 0.93 length=713	scaffold=chromosome14	strand=-
1540_g               -            444 64460                -            542   3.2e-12   44.5   1.1   1   2   1.6e-14   3.2e-12   44.5   1.1    86   154    47   108    41   110 0.94 length=445	scaffold=chromosome13	strand=-
1540_g               -            444 64460                -            542   3.2e-12   44.5   1.1   2   2         5     1e+03   -3.3   1.3   317   317   400   400   369   439 0.39 length=445	scaffold=chromosome13	strand=-
3881_g               -            378 64460                -            542   5.3e-12   43.8   0.4   1   2   2.7e-14   5.3e-12   43.8   0.4    86   154    50   114    38   115 0.92 length=379	scaffold=chromosome7	strand=+
3881_g               -            378 64460                -            542   5.3e-12   43.8   0.4   2   2       3.2   6.3e+02   -2.6  10.3   292   374   262   344   247   364 0.45 length=379	scaffold=chromosome7	strand=+
4725_g               -            381 64460                -            542   2.9e-11   41.4   5.9   1   2   1.5e-13   2.9e-11   41.4   5.9    66   156    92   177    50   203 0.72 length=382	scaffold=chromosome9	strand=-
4725_g               -            381 64460                -            542   2.9e-11   41.4   5.9   2   2       4.1   8.1e+02   -3.0   0.9    33    82   319   366   314   375 0.48 length=382	scaffold=chromosome9	strand=-
4464_g               -            545 64460                -            542   4.2e-11   40.8   0.7   1   1   3.3e-13   6.7e-11   40.2   0.7    89   154    34    93     7    95 0.93 length=546	scaffold=chromosome9	strand=-
1947_g               -            337 64460                -            542   7.7e-11   40.0   3.7   1   1   3.8e-13   7.7e-11   40.0   3.7    52   155    78   178    53   181 0.76 length=338	scaffold=chromosome14	strand=-
3302_g               -            693 64460                -            542   1.1e-10   39.4   3.0   1   3       8.6   1.7e+03   -4.1  16.7   288   366    27   104    18   138 0.60 length=694	scaffold=chromosome5	strand=-
3302_g               -            693 64460                -            542   1.1e-10   39.4   3.0   2   3   5.7e-13   1.1e-10   39.4   3.0    89   154   144   206   128   209 0.93 length=694	scaffold=chromosome5	strand=-
3302_g               -            693 64460                -            542   1.1e-10   39.4   3.0   3   3       3.2   6.3e+02   -2.6   1.0    84   106   427   449   370   524 0.57 length=694	scaffold=chromosome5	strand=-
4060_g               -           1552 64460                -            542   5.7e-10   37.1   1.9   1   3   2.9e-12   5.7e-10   37.1   1.9    61   154   668   754   641   756 0.79 length=1553	scaffold=chromosome8	strand=+
4060_g               -           1552 64460                -            542   5.7e-10   37.1   1.9   2   3      0.85   1.7e+02   -0.8   5.2   278   327   860   909   855  1002 0.53 length=1553	scaffold=chromosome8	strand=+
4060_g               -           1552 64460                -            542   5.7e-10   37.1   1.9   3   3       1.1   2.2e+02   -1.1   1.7   290   326  1109  1145  1101  1187 0.66 length=1553	scaffold=chromosome8	strand=+
4856_g               -            358 64460                -            542     3e-09   34.7   0.4   1   1   2.2e-11   4.4e-09   34.2   0.4    72   141    28    98    11   107 0.82 length=359	scaffold=scaffold0005	strand=+
2912_g               -            661 64460                -            542   7.2e-09   33.5   0.1   1   1   5.3e-11   1.1e-08   32.9   0.1    87   154    69   132    58   140 0.91 length=662	scaffold=chromosome3	strand=+
455_g                -            201 64460                -            542   8.2e-08   30.0   1.4   1   2   4.1e-10   8.2e-08   30.0   1.4    91   150     4    59     1    65 0.89 length=202	scaffold=chromosome11	strand=-
455_g                -            201 64460                -            542   8.2e-08   30.0   1.4   2   2       1.2   2.3e+02   -1.2   0.4   388   399    98   109    66   128 0.46 length=202	scaffold=chromosome11	strand=-
3985_g               -           1015 64460                -            542   1.5e-07   29.1   1.1   1   1   7.6e-10   1.5e-07   29.1   1.1   462   541   571   651   560   652 0.82 length=1016	scaffold=chromosome7	strand=+
4792_g               -            321 64460                -            542   4.8e-07   27.5   1.1   1   3   2.4e-09   4.8e-07   27.5   1.1    78   157    25    95    17   104 0.82 length=322	scaffold=chromosome9	strand=+
4792_g               -            321 64460                -            542   4.8e-07   27.5   1.1   2   3         4     8e+02   -3.0   1.7   285   295   150   160   133   208 0.44 length=322	scaffold=chromosome9	strand=+
4792_g               -            321 64460                -            542   4.8e-07   27.5   1.1   3   3         3   5.9e+02   -2.6   3.7    56   332   280   312   258   318 0.50 length=322	scaffold=chromosome9	strand=+
296_g                -            172 64460                -            542   8.1e-07   26.7   1.5   1   2   4.5e-09     9e-07   26.5   0.1    89   127     8    46     4    51 0.88 length=173	scaffold=chromosome10	strand=-
296_g                -            172 64460                -            542   8.1e-07   26.7   1.5   2   2       1.3   2.6e+02   -1.4   0.2   119   144    77   103    72   135 0.68 length=173	scaffold=chromosome10	strand=-
2744_g               -            308 64460                -            542   1.7e-05   22.3   1.1   1   1   1.1e-07   2.1e-05   22.0   1.1    72   157    55   142    23   157 0.77 length=309	scaffold=chromosome2	strand=+
589_g                -            366 64460                -            542   3.5e-05   21.3   0.4   1   1   2.8e-07   5.5e-05   20.6   0.4    23   154    16   140    10   145 0.70 length=367	scaffold=chromosome11	strand=+
3026_g               -            451 64460                -            542    0.0025   15.2   0.0   1   1   2.1e-05    0.0041   14.5   0.0    87   125   399   437   357   446 0.88 length=452	scaffold=chromosome3	strand=+
2377_g               -            121 64460                -            542     0.022   12.0  23.7   1   1   0.00013     0.027   11.8  23.7   282   370    25   107    16   118 0.44 length=122	scaffold=chromosome14	strand=-
5008_g               -            169 64460                -            542      0.12    9.6  19.6   1   1   0.00073      0.15    9.4  19.6   285   365    61   139    49   165 0.48 length=169	scaffold=scaffold0116	strand=+
#
# Program:         hmmsearch
# Version:         3.4 (Aug 2023)
# Pipeline mode:   SEARCH
# Query file:      /home/inf-20-2025/Malaria/busco_downloads/lineages/apicomplexa_odb12/hmms/64460at5794.hmm
# Target file:     /home/inf-20-2025/Malaria/Results/6_nobird_annotation/P_cynomolgi.faa
# Option settings: hmmsearch --domtblout Results/8_busco/P_cynomolgi/run_apicomplexa_odb12/hmmer_output/initial_run_results/64460at5794.out --cpu 1 /home/inf-20-2025/Malaria/busco_downloads/lineages/apicomplexa_odb12/hmms/64460at5794.hmm /home/inf-20-2025/Malaria/Results/6_nobird_annotation/P_cynomolgi.faa 
# Current dir:     /home/inf-20-2025/Malaria
# Date:            Wed Mar  4 18:30:50 2026
# [ok]
