#                                                                            --- full sequence --- -------------- this domain -------------   hmm coord   ali coord   env coord
# target name        accession   tlen query name           accession   qlen   E-value  score  bias   #  of  c-Evalue  i-Evalue  score  bias  from    to  from    to  from    to  acc description of target
#------------------- ---------- ----- -------------------- ---------- ----- --------- ------ ----- --- --- --------- --------- ------ ----- ----- ----- ----- ----- ----- ----- ---- ---------------------
2649_g               -            256 68694                -            181   1.1e-97  323.2   1.6   1   1  2.2e-100   1.3e-97  323.0   1.6     2   181    74   256    73   256 0.97 length=257	scaffold=chromosome1	strand=-
4216_g               -            170 68694                -            181   3.1e-60  201.2   0.8   1   1   5.8e-63   3.4e-60  201.0   0.8    15   181     4   170     1   170 0.94 length=171	scaffold=chromosome8	strand=+
4523_g               -            193 68694                -            181   5.9e-50  167.7   0.9   1   1   1.2e-52   6.9e-50  167.4   0.9    16   179    30   191    16   193 0.89 length=194	scaffold=chromosome9	strand=-
1446_g               -            226 68694                -            181   7.6e-48  160.8   0.4   1   1   1.5e-50   8.9e-48  160.6   0.4    13   179     4   172     1   174 0.90 length=227	scaffold=chromosome13	strand=-
213_g                -            743 68694                -            181   6.5e-35  118.6   0.6   1   1   2.4e-37   1.4e-34  117.6   0.6    25   170   594   729   576   741 0.89 length=744	scaffold=chromosome10	strand=-
2184_g               -           1191 68694                -            181     6e-32  109.0   0.8   1   2       3.2   1.9e+03   -3.4   0.1    33    57   359   383   355   395 0.79 length=1192	scaffold=chromosome14	strand=+
2184_g               -           1191 68694                -            181     6e-32  109.0   0.8   2   2     1e-34     6e-32  109.0   0.8    14   179   976  1137   963  1139 0.92 length=1192	scaffold=chromosome14	strand=+
28_g                 -            203 68694                -            181   4.8e-31  106.0   0.1   1   1   1.3e-33   7.2e-31  105.4   0.1    26   178    52   196    47   199 0.88 length=204	scaffold=chromosome10	strand=+
4528_g               -            146 68694                -            181     7e-24   82.7   0.3   1   1   1.4e-26     8e-24   82.5   0.3    53   176     3   129     1   133 0.87 length=147	scaffold=chromosome9	strand=+
2664_g               -            602 68694                -            181   2.5e-19   67.9   2.1   1   1   2.3e-20   1.3e-17   62.2   2.1    16   180     6   194     2   195 0.84 length=603	scaffold=chromosome1	strand=-
1675_g               -           1223 68694                -            181   3.8e-17   60.7   1.1   1   1   1.6e-19   9.2e-17   59.5   1.1    27   167   813   946   808   952 0.84 length=1224	scaffold=chromosome13	strand=-
#
# Program:         hmmsearch
# Version:         3.4 (Aug 2023)
# Pipeline mode:   SEARCH
# Query file:      /home/inf-20-2025/Malaria/busco_downloads/lineages/apicomplexa_odb12/hmms/68694at5794.hmm
# Target file:     /home/inf-20-2025/Malaria/Results/6_nobird_annotation/P_cynomolgi.faa
# Option settings: hmmsearch --domtblout Results/8_busco/P_cynomolgi/run_apicomplexa_odb12/hmmer_output/initial_run_results/68694at5794.out --cpu 1 /home/inf-20-2025/Malaria/busco_downloads/lineages/apicomplexa_odb12/hmms/68694at5794.hmm /home/inf-20-2025/Malaria/Results/6_nobird_annotation/P_cynomolgi.faa 
# Current dir:     /home/inf-20-2025/Malaria
# Date:            Wed Mar  4 18:30:47 2026
# [ok]
