#                                                                            --- full sequence --- -------------- this domain -------------   hmm coord   ali coord   env coord
# target name        accession   tlen query name           accession   qlen   E-value  score  bias   #  of  c-Evalue  i-Evalue  score  bias  from    to  from    to  from    to  acc description of target
#------------------- ---------- ----- -------------------- ---------- ----- --------- ------ ----- --- --- --------- --------- ------ ----- ----- ----- ----- ----- ----- ----- ---- ---------------------
1118_g               -            134 68758                -            197   9.2e-58  193.7  10.3   1   1   9.3e-61   1.1e-57  193.5  10.3    71   197     5   134     2   134 0.97 length=135	scaffold=chromosome12	strand=+
3660_g               -            239 68758                -            197   7.2e-19   66.8  21.8   1   2   5.7e-07   0.00066   17.9   5.8     5    57    11    64     7    70 0.90 length=240	scaffold=chromosome6	strand=-
3660_g               -            239 68758                -            197   7.2e-19   66.8  21.8   2   2   2.5e-18     3e-15   55.0   8.1    85   181    72   171    68   185 0.89 length=240	scaffold=chromosome6	strand=-
1275_g               -            355 68758                -            197   1.5e-14   52.7  10.6   1   1   1.9e-17   2.2e-14   52.2  10.6     7   180   152   327   147   342 0.78 length=356	scaffold=chromosome12	strand=+
4294_g               -            362 68758                -            197   6.2e-07   27.8  19.3   1   2   1.5e-08   1.7e-05   23.1   9.0     4   121   111   228   109   236 0.69 length=363	scaffold=chromosome8	strand=+
4294_g               -            362 68758                -            197   6.2e-07   27.8  19.3   2   2   0.00014      0.16   10.1   2.6   117   175   268   326   252   334 0.72 length=363	scaffold=chromosome8	strand=+
2667_g               -           1187 68758                -            197       1.4    7.1  10.8   1   2       1.3   1.5e+03   -2.7   0.0    63    81   382   400   378   406 0.74 length=1188	scaffold=chromosome1	strand=+
2667_g               -           1187 68758                -            197       1.4    7.1  10.8   2   2   0.00059      0.69    8.1   7.7    33    75   710   750   707   762 0.90 length=1188	scaffold=chromosome1	strand=+
#
# Program:         hmmsearch
# Version:         3.4 (Aug 2023)
# Pipeline mode:   SEARCH
# Query file:      /home/inf-20-2025/Malaria/busco_downloads/lineages/apicomplexa_odb12/hmms/68758at5794.hmm
# Target file:     /home/inf-20-2025/Malaria/Results/6_nobird_annotation/P_cynomolgi.faa
# Option settings: hmmsearch --domtblout Results/8_busco/P_cynomolgi/run_apicomplexa_odb12/hmmer_output/initial_run_results/68758at5794.out --cpu 1 /home/inf-20-2025/Malaria/busco_downloads/lineages/apicomplexa_odb12/hmms/68758at5794.hmm /home/inf-20-2025/Malaria/Results/6_nobird_annotation/P_cynomolgi.faa 
# Current dir:     /home/inf-20-2025/Malaria
# Date:            Wed Mar  4 18:30:50 2026
# [ok]
