#                                                                            --- full sequence --- -------------- this domain -------------   hmm coord   ali coord   env coord
# target name        accession   tlen query name           accession   qlen   E-value  score  bias   #  of  c-Evalue  i-Evalue  score  bias  from    to  from    to  from    to  acc description of target
#------------------- ---------- ----- -------------------- ---------- ----- --------- ------ ----- --- --- --------- --------- ------ ----- ----- ----- ----- ----- ----- ----- ---- ---------------------
1117_g               -           2143 68760                -            392  4.5e-237  784.7   4.5   1   1  5.2e-239  7.5e-237  784.0   4.5     3   392  1750  2142  1748  2142 0.98 length=2144	scaffold=chromosome12	strand=-
3474_g               -            390 68760                -            392  1.1e-175  582.6   3.1   1   1  8.7e-178  1.3e-175  582.4   3.1     7   391     3   388     1   389 0.98 length=391	scaffold=chromosome5	strand=+
4228_g               -            433 68760                -            392  6.7e-108  359.4   0.1   1   1  5.6e-110    8e-108  359.1   0.1    16   389    55   427    42   430 0.97 length=434	scaffold=chromosome8	strand=-
1205_g               -            793 68760                -            392   5.1e-84  280.8   6.5   1   1   1.1e-83   1.5e-81  272.6   6.5    18   387   376   782   359   786 0.87 length=794	scaffold=chromosome12	strand=-
3148_g               -           1052 68760                -            392   1.4e-83  279.3   4.7   1   2   1.4e-14     2e-12   45.1   0.0     8    86    42   121    35   125 0.86 length=1053	scaffold=chromosome4	strand=+
3148_g               -           1052 68760                -            392   1.4e-83  279.3   4.7   2   2   7.4e-72   1.1e-69  233.6   2.9    90   389   156   461   151   464 0.95 length=1053	scaffold=chromosome4	strand=+
129_g                -           1101 68760                -            392   1.4e-71  239.8   0.7   1   2       8.5   1.2e+03   -3.6   0.2   227   246   426   445   424   449 0.82 length=1102	scaffold=chromosome10	strand=+
129_g                -           1101 68760                -            392   1.4e-71  239.8   0.7   2   2   2.3e-71   3.3e-69  232.0   0.0    22   391   677  1077   671  1078 0.86 length=1102	scaffold=chromosome10	strand=+
2290_g               -            731 68760                -            392   5.9e-70  234.5   0.9   1   2   1.5e-06   0.00022   18.6   0.0    16    83   260   326   250   334 0.85 length=732	scaffold=chromosome14	strand=-
2290_g               -            731 68760                -            392   5.9e-70  234.5   0.9   2   2   7.3e-66   1.1e-63  213.9   0.8    90   363   417   693   387   726 0.91 length=732	scaffold=chromosome14	strand=-
1333_g               -            528 68760                -            392     2e-68  229.5   0.0   1   1   1.7e-70   2.5e-68  229.1   0.0    20   375   112   476    98   493 0.89 length=529	scaffold=chromosome12	strand=-
3068_g               -           1799 68760                -            392   1.6e-67  226.4   0.5   1   1   1.1e-69   1.6e-67  226.4   0.5    16   385   121   489   103   494 0.94 length=1800	scaffold=chromosome4	strand=+
269_g                -            721 68760                -            392   1.1e-66  223.7   0.7   1   2   3.4e-07   4.9e-05   20.7   0.0    16    82   121   188   109   197 0.86 length=722	scaffold=chromosome10	strand=-
269_g                -            721 68760                -            392   1.1e-66  223.7   0.7   2   2   3.9e-62   5.7e-60  201.6   0.2    84   387   220   530   183   534 0.89 length=722	scaffold=chromosome10	strand=-
226_g                -           1530 68760                -            392   1.9e-66  222.9   0.8   1   2   1.3e-68   1.9e-66  222.9   0.8    20   387   750  1126   734  1136 0.89 length=1531	scaffold=chromosome10	strand=-
226_g                -           1530 68760                -            392   1.9e-66  222.9   0.8   2   2       6.7   9.7e+02   -3.3   1.8   243   316  1319  1391  1297  1398 0.73 length=1531	scaffold=chromosome10	strand=-
2146_g               -            955 68760                -            392   1.8e-65  219.7   3.4   1   2   4.2e-26     6e-24   83.0   0.0    14   188   319   518   311   524 0.81 length=956	scaffold=chromosome14	strand=-
2146_g               -            955 68760                -            392   1.8e-65  219.7   3.4   2   2     3e-41   4.3e-39  132.9   1.3   195   375   549   729   535   742 0.94 length=956	scaffold=chromosome14	strand=-
36_g                 -            670 68760                -            392   4.2e-65  218.5   0.0   1   1   4.5e-67   6.5e-65  217.9   0.0    20   370   220   583   209   594 0.91 length=671	scaffold=chromosome10	strand=-
3650_g               -           1139 68760                -            392   3.9e-61  205.4   0.7   1   1   4.1e-63     6e-61  204.8   0.7    29   386   767  1132   744  1137 0.89 length=1140	scaffold=chromosome6	strand=+
491_g                -            680 68760                -            392   7.5e-59  197.9   0.3   1   1   7.1e-61     1e-58  197.5   0.3    20   385   227   596   211   603 0.91 length=681	scaffold=chromosome11	strand=+
961_g                -            512 68760                -            392   1.4e-58  197.0   0.3   1   2   5.5e-31   7.9e-29   99.1   0.0    22   193    63   237    52   240 0.94 length=513	scaffold=chromosome12	strand=+
961_g                -            512 68760                -            392   1.4e-58  197.0   0.3   2   2     5e-30   7.3e-28   95.9   0.2   198   375   276   456   272   464 0.87 length=513	scaffold=chromosome12	strand=+
2514_g               -            755 68760                -            392   2.3e-51  173.3   0.3   1   2     1e-28   1.5e-26   91.6   0.0    14   222    85   309    73   320 0.85 length=756	scaffold=chromosome14	strand=+
2514_g               -            755 68760                -            392   2.3e-51  173.3   0.3   2   2   5.6e-25   8.1e-23   79.3   0.4   232   375   342   486   326   497 0.91 length=756	scaffold=chromosome14	strand=+
4220_g               -            750 68760                -            392   6.3e-48  161.9   4.7   1   2    0.0011      0.16    9.2   0.0    28    81   250   303   237   314 0.85 length=751	scaffold=chromosome8	strand=-
4220_g               -            750 68760                -            392   6.3e-48  161.9   4.7   2   2   5.6e-47   8.1e-45  151.7   3.3    90   390   367   669   362   671 0.91 length=751	scaffold=chromosome8	strand=-
1715_g               -            872 68760                -            392   9.3e-44  148.2   5.5   1   1   9.5e-46   1.4e-43  147.7   5.5    21   368   134   495   109   518 0.82 length=873	scaffold=chromosome13	strand=+
1948_g               -            627 68760                -            392   3.4e-42  143.0   7.1   1   1   4.5e-44   6.6e-42  142.1   7.1    57   374   187   519   139   528 0.79 length=628	scaffold=chromosome14	strand=+
95_g                 -            816 68760                -            392   8.8e-38  128.5   7.0   1   3   2.2e-09   3.2e-07   27.9   0.0    21    84     2    65     1    73 0.95 length=817	scaffold=chromosome10	strand=-
95_g                 -            816 68760                -            392   8.8e-38  128.5   7.0   2   3   1.1e-14   1.6e-12   45.4   0.4    84   223   324   469   302   514 0.83 length=817	scaffold=chromosome10	strand=-
95_g                 -            816 68760                -            392   8.8e-38  128.5   7.0   3   3   5.2e-18   7.5e-16   56.3   0.8   275   369   597   691   541   695 0.82 length=817	scaffold=chromosome10	strand=-
3000_g               -           1777 68760                -            392   2.5e-35  120.5   0.5   1   2   7.6e-25   1.1e-22   78.8   0.1    24   190   114   293    93   299 0.80 length=1778	scaffold=chromosome3	strand=+
3000_g               -           1777 68760                -            392   2.5e-35  120.5   0.5   2   2   7.1e-13     1e-10   39.4   0.1   286   374   575   665   559   680 0.87 length=1778	scaffold=chromosome3	strand=+
1341_g               -            772 68760                -            392   4.1e-31  106.6   2.5   1   2   7.8e-20   1.1e-17   62.3   0.2    25   207   225   431   200   457 0.77 length=773	scaffold=chromosome12	strand=-
1341_g               -            772 68760                -            392   4.1e-31  106.6   2.5   2   2   2.6e-14   3.7e-12   44.2   0.2   282   373   576   668   520   709 0.86 length=773	scaffold=chromosome12	strand=-
2425_g               -            892 68760                -            392   2.6e-30  103.9   0.9   1   2   2.9e-19   4.2e-17   60.4   0.1    14   220    87   306    70   323 0.76 length=893	scaffold=chromosome14	strand=-
2425_g               -            892 68760                -            392   2.6e-30  103.9   0.9   2   2   1.7e-13   2.4e-11   41.5   0.0   318   378   559   622   555   638 0.79 length=893	scaffold=chromosome14	strand=-
2628_g               -           1349 68760                -            392   2.8e-30  103.8   8.7   1   4   4.3e-06   0.00063   17.1   0.0    21    83    28    90    16    97 0.87 length=1350	scaffold=chromosome1	strand=+
2628_g               -           1349 68760                -            392   2.8e-30  103.8   8.7   2   4       9.9   1.4e+03   -3.9   0.0    93   105   165   177   163   180 0.86 length=1350	scaffold=chromosome1	strand=+
2628_g               -           1349 68760                -            392   2.8e-30  103.8   8.7   3   4   5.1e-05    0.0074   13.5   0.4   125   205   242   347   230   359 0.60 length=1350	scaffold=chromosome1	strand=+
2628_g               -           1349 68760                -            392   2.8e-30  103.8   8.7   4   4   2.3e-22   3.3e-20   70.7   1.6   243   371   685   813   664   821 0.94 length=1350	scaffold=chromosome1	strand=+
1712_g               -            972 68760                -            392   8.3e-30  102.3   3.9   1   3    0.0001     0.015   12.5   0.0    22    84    37    99    29   121 0.90 length=973	scaffold=chromosome13	strand=-
1712_g               -            972 68760                -            392   8.3e-30  102.3   3.9   2   3   3.7e-11   5.4e-09   33.8   0.1    90   207   237   372   220   388 0.74 length=973	scaffold=chromosome13	strand=-
1712_g               -            972 68760                -            392   8.3e-30  102.3   3.9   3   3   1.4e-17     2e-15   55.0   0.6   276   372   525   624   511   638 0.84 length=973	scaffold=chromosome13	strand=-
3554_g               -            560 68760                -            392   7.3e-28   95.9   2.4   1   3   4.3e-07   6.2e-05   20.4   0.1    38    80   157   199   146   208 0.90 length=561	scaffold=chromosome6	strand=-
3554_g               -            560 68760                -            392   7.3e-28   95.9   2.4   2   3   5.8e-09   8.3e-07   26.6   0.1    90   207   265   380   257   423 0.86 length=561	scaffold=chromosome6	strand=-
3554_g               -            560 68760                -            392   7.3e-28   95.9   2.4   3   3   2.9e-15   4.2e-13   47.3   0.0   286   357   483   554   478   559 0.93 length=561	scaffold=chromosome6	strand=-
3273_g               -            403 68760                -            392     1e-23   82.2   0.1   1   1   1.9e-25   2.7e-23   80.8   0.1     8   225   181   390   174   400 0.87 length=404	scaffold=chromosome5	strand=+
1442_g               -           1024 68760                -            392   8.2e-23   79.2   0.2   1   2      0.13        18    2.4   0.0    65   112   183   232   171   258 0.75 length=1025	scaffold=chromosome13	strand=-
1442_g               -           1024 68760                -            392   8.2e-23   79.2   0.2   2   2     2e-23     3e-21   74.1   0.0   258   381   512   634   505   644 0.94 length=1025	scaffold=chromosome13	strand=-
3875_g               -            683 68760                -            392   5.3e-18   63.4   0.5   1   1   8.3e-20   1.2e-17   62.2   0.5   262   386   353   479   334   484 0.91 length=684	scaffold=chromosome7	strand=+
2564_g               -           1078 68760                -            392   1.4e-17   62.0   3.9   1   3       4.4   6.3e+02   -2.7   0.0   236   288   328   379   324   390 0.78 length=1079	scaffold=chromosome1	strand=-
2564_g               -           1078 68760                -            392   1.4e-17   62.0   3.9   2   3     0.068       9.9    3.3   0.0   129   182   455   511   451   536 0.71 length=1079	scaffold=chromosome1	strand=-
2564_g               -           1078 68760                -            392   1.4e-17   62.0   3.9   3   3   1.7e-18   2.5e-16   57.9   1.3   260   349   788   876   770   930 0.92 length=1079	scaffold=chromosome1	strand=-
2870_g               -            544 68760                -            392   1.3e-16   58.9   7.6   1   1   1.1e-17   1.6e-15   55.2   7.6    65   387   138   495   121   500 0.68 length=545	scaffold=chromosome3	strand=-
4444_g               -           1487 68760                -            392   1.6e-16   58.6   0.2   1   2     0.034         5    4.2   0.0    14    95   210   291   198   295 0.88 length=1488	scaffold=chromosome9	strand=+
4444_g               -           1487 68760                -            392   1.6e-16   58.6   0.2   2   2   1.2e-16   1.7e-14   51.8   0.1   253   355   996  1098   990  1116 0.93 length=1488	scaffold=chromosome9	strand=+
2785_g               -           1383 68760                -            392   9.7e-16   56.0   0.6   1   3       4.1     6e+02   -2.6   0.0     5    52   489   537   485   562 0.78 length=1384	scaffold=chromosome2	strand=-
2785_g               -           1383 68760                -            392   9.7e-16   56.0   0.6   2   3   0.00011     0.016   12.5   0.0   139   176   934   972   927  1002 0.80 length=1384	scaffold=chromosome2	strand=-
2785_g               -           1383 68760                -            392   9.7e-16   56.0   0.6   3   3     6e-13   8.6e-11   39.7   0.3   260   365  1158  1279  1136  1288 0.71 length=1384	scaffold=chromosome2	strand=-
2931_g               -           1197 68760                -            392   6.5e-15   53.2   0.3   1   2   6.9e-10   9.9e-08   29.6   0.1    55   217   272   453   256   462 0.81 length=1198	scaffold=chromosome3	strand=-
2931_g               -           1197 68760                -            392   6.5e-15   53.2   0.3   2   2   2.3e-07   3.4e-05   21.3   0.0   282   360   848   929   840   945 0.84 length=1198	scaffold=chromosome3	strand=-
1620_g               -           1269 68760                -            392   5.7e-12   43.5   0.2   1   2       4.3   6.2e+02   -2.7   0.0    39    82    49    92    33   116 0.82 length=1270	scaffold=chromosome13	strand=-
1620_g               -           1269 68760                -            392   5.7e-12   43.5   0.2   2   2     1e-13   1.5e-11   42.2   0.2   261   374   288   401   275   421 0.93 length=1270	scaffold=chromosome13	strand=-
271_g                -            563 68760                -            392   6.6e-12   43.3   6.0   1   2     0.047       6.8    3.8   0.0    60   119   173   235   129   240 0.74 length=564	scaffold=chromosome10	strand=-
271_g                -            563 68760                -            392   6.6e-12   43.3   6.0   2   2   4.9e-13   7.1e-11   40.0   3.4   161   375   294   518   267   531 0.76 length=564	scaffold=chromosome10	strand=-
3274_g               -            761 68760                -            392   3.1e-11   41.1   0.3   1   2   7.5e-13   1.1e-10   39.3   0.0   302   371    15    87     1    99 0.80 length=762	scaffold=chromosome5	strand=+
3274_g               -            761 68760                -            392   3.1e-11   41.1   0.3   2   2       1.7   2.4e+02   -1.3   0.1   161   183   542   563   531   566 0.75 length=762	scaffold=chromosome5	strand=+
3576_g               -           3255 68760                -            392    0.0011   16.2   1.3   1   3       3.4   4.9e+02   -2.3   0.0   142   185  1483  1526  1479  1553 0.82 length=3256	scaffold=chromosome6	strand=-
3576_g               -           3255 68760                -            392    0.0011   16.2   1.3   2   3   2.4e-05    0.0034   14.6   0.3   262   369  1708  1820  1694  1831 0.87 length=3256	scaffold=chromosome6	strand=-
3576_g               -           3255 68760                -            392    0.0011   16.2   1.3   3   3         4   5.8e+02   -2.6   0.0    29    42  2568  2581  2564  2586 0.86 length=3256	scaffold=chromosome6	strand=-
2005_g               -            734 68760                -            392    0.0037   14.6   0.2   1   2      0.17        25    1.9   0.0    91   112   188   209   179   213 0.87 length=735	scaffold=chromosome14	strand=-
2005_g               -            734 68760                -            392    0.0037   14.6   0.2   2   2   0.00075      0.11    9.7   0.0   312   369   607   664   569   680 0.79 length=735	scaffold=chromosome14	strand=-
#
# Program:         hmmsearch
# Version:         3.4 (Aug 2023)
# Pipeline mode:   SEARCH
# Query file:      /home/inf-20-2025/Malaria/busco_downloads/lineages/apicomplexa_odb12/hmms/68760at5794.hmm
# Target file:     /home/inf-20-2025/Malaria/Results/6_nobird_annotation/P_cynomolgi.faa
# Option settings: hmmsearch --domtblout Results/8_busco/P_cynomolgi/run_apicomplexa_odb12/hmmer_output/initial_run_results/68760at5794.out --cpu 1 /home/inf-20-2025/Malaria/busco_downloads/lineages/apicomplexa_odb12/hmms/68760at5794.hmm /home/inf-20-2025/Malaria/Results/6_nobird_annotation/P_cynomolgi.faa 
# Current dir:     /home/inf-20-2025/Malaria
# Date:            Wed Mar  4 18:30:51 2026
# [ok]
