#                                                                            --- full sequence --- -------------- this domain -------------   hmm coord   ali coord   env coord
# target name        accession   tlen query name           accession   qlen   E-value  score  bias   #  of  c-Evalue  i-Evalue  score  bias  from    to  from    to  from    to  acc description of target
#------------------- ---------- ----- -------------------- ---------- ----- --------- ------ ----- --- --- --------- --------- ------ ----- ----- ----- ----- ----- ----- ----- ---- ---------------------
914_g                -            564 68790                -            474  1.5e-241  800.3  15.3   1   1  2.5e-243  1.8e-241  799.9  15.3     9   473    93   563    89   564 0.97 length=565	scaffold=chromosome12	strand=+
4331_g               -            925 68790                -            474  2.9e-173  575.1   1.6   1   1  6.1e-175  4.5e-173  574.4   1.6    30   471   474   922   454   924 0.93 length=926	scaffold=chromosome8	strand=-
3075_g               -            526 68790                -            474  4.7e-139  462.3  19.3   1   1  2.3e-140  1.7e-138  460.4  19.3    32   471    52   518    38   520 0.89 length=527	scaffold=chromosome4	strand=-
2957_g               -            529 68790                -            474  1.2e-134  447.7  14.1   1   1  2.8e-136  2.1e-134  446.9  14.1     7   471    40   524    34   526 0.88 length=530	scaffold=chromosome3	strand=+
4593_g               -           1581 68790                -            474   2.4e-94  314.8  22.7   1   2    0.0071      0.53    7.1   1.2   392   470  1016  1100   984  1103 0.75 length=1582	scaffold=chromosome9	strand=+
4593_g               -           1581 68790                -            474   2.4e-94  314.8  22.7   2   2   1.4e-95   1.1e-93  312.7  14.4     6   470  1109  1577  1104  1580 0.90 length=1582	scaffold=chromosome9	strand=+
4596_g               -           1884 68790                -            474   2.6e-74  248.8   7.8   1   2     0.006      0.44    7.3   0.2   396   433    48    87    15   103 0.84 length=1885	scaffold=chromosome9	strand=+
4596_g               -           1884 68790                -            474   2.6e-74  248.8   7.8   2   2   1.1e-74   8.5e-73  243.8   2.7    28   301  1442  1716  1417  1726 0.93 length=1885	scaffold=chromosome9	strand=+
1672_g               -            285 68790                -            474   1.2e-68  230.1  10.8   1   1   1.8e-70   1.4e-68  229.9  10.8    24   294    11   283     4   285 0.91 length=286	scaffold=chromosome13	strand=-
2404_g               -            506 68790                -            474   1.1e-65  220.4   4.5   1   1   1.8e-67   1.3e-65  220.1   4.5    33   320   108   400    83   455 0.89 length=507	scaffold=chromosome14	strand=-
1255_g               -            860 68790                -            474     2e-62  209.6   8.3   1   1   4.1e-64     3e-62  209.0   8.3    10   297   466   751   457   762 0.91 length=861	scaffold=chromosome12	strand=-
4338_g               -           1541 68790                -            474   6.2e-53  178.3   0.4   1   1   1.2e-54   8.6e-53  177.8   0.4    33   294  1269  1540  1254  1541 0.89 length=1542	scaffold=chromosome8	strand=+
1552_g               -            854 68790                -            474     1e-52  177.6   0.8   1   2       5.9   4.4e+02   -2.6   0.2   398   452   362   416   361   419 0.85 length=855	scaffold=chromosome13	strand=+
1552_g               -            854 68790                -            474     1e-52  177.6   0.8   2   2   2.9e-54   2.2e-52  176.5   0.0    27   282   532   785   520   819 0.87 length=855	scaffold=chromosome13	strand=+
2471_g               -            736 68790                -            474   6.4e-50  168.4   0.1   1   1   1.3e-51   9.8e-50  167.8   0.1    41   294   414   670   399   684 0.90 length=737	scaffold=chromosome14	strand=-
2025_g               -            368 68790                -            474   1.2e-49  167.4   8.1   1   2       1.5   1.1e+02   -0.6   0.0    40    82    12    55     8    86 0.76 length=369	scaffold=chromosome14	strand=+
2025_g               -            368 68790                -            474   1.2e-49  167.4   8.1   2   2   3.2e-51   2.4e-49  166.5   7.2    20   295    92   365    75   367 0.89 length=369	scaffold=chromosome14	strand=+
1379_g               -           2542 68790                -            474   6.5e-48  161.7   1.6   1   1   2.4e-49   1.8e-47  160.3   1.6    41   295   123   405    93   420 0.86 length=2543	scaffold=chromosome12	strand=-
1296_g               -            377 68790                -            474   8.7e-46  154.7  10.9   1   1   1.4e-47   1.1e-45  154.4  10.9    34   320    40   340     7   373 0.80 length=378	scaffold=chromosome12	strand=-
1605_g               -            696 68790                -            474   7.7e-43  145.0   4.3   1   2   1.5e-36   1.1e-34  118.1   1.7    28   245    13   237     6   243 0.85 length=697	scaffold=chromosome13	strand=+
1605_g               -            696 68790                -            474   7.7e-43  145.0   4.3   2   2   5.6e-09   4.2e-07   27.2   0.0   255   307   274   326   254   329 0.90 length=697	scaffold=chromosome13	strand=+
727_g                -            354 68790                -            474   1.8e-41  140.5   0.1   1   1   3.2e-43   2.4e-41  140.1   0.1    42   295    37   311    18   322 0.85 length=355	scaffold=chromosome11	strand=-
453_g                -            288 68790                -            474   2.5e-41  140.0   0.0   1   2   8.2e-38   6.1e-36  122.3   0.0    41   260     8   228     2   235 0.85 length=289	scaffold=chromosome11	strand=+
453_g                -            288 68790                -            474   2.5e-41  140.0   0.0   2   2   1.3e-05   0.00099   16.1   0.0   260   293   253   286   237   288 0.88 length=289	scaffold=chromosome11	strand=+
3435_g               -            638 68790                -            474   2.9e-40  136.5   1.9   1   2   3.1e-35   2.3e-33  113.8   2.1    40   243   296   507   275   511 0.83 length=639	scaffold=chromosome5	strand=-
3435_g               -            638 68790                -            474   2.9e-40  136.5   1.9   2   2     6e-07   4.5e-05   20.5   0.0   259   297   563   601   520   620 0.86 length=639	scaffold=chromosome5	strand=-
4429_g               -           1283 68790                -            474   4.5e-37  126.0  12.7   1   2   3.1e-24   2.3e-22   77.5   9.4    53   171   297   418   292   433 0.87 length=1284	scaffold=chromosome9	strand=+
4429_g               -           1283 68790                -            474   4.5e-37  126.0  12.7   2   2   1.1e-15   8.4e-14   49.3   0.1   184   295   539   657   536   669 0.81 length=1284	scaffold=chromosome9	strand=+
454_g                -           3996 68790                -            474   5.9e-37  125.6   0.9   1   1   1.4e-38   1.1e-36  124.8   0.9    39   296  1205  1460  1171  1471 0.88 length=3997	scaffold=chromosome11	strand=-
4028_g               -            353 68790                -            474   9.8e-37  124.9   0.1   1   1   1.7e-38   1.3e-36  124.5   0.1    41   295    37   304    17   347 0.80 length=354	scaffold=chromosome7	strand=+
2304_g               -           1060 68790                -            474     1e-35  121.5   2.7   1   2   1.6e-37   1.2e-35  121.4   0.2    41   293    19   300     9   304 0.80 length=1061	scaffold=chromosome14	strand=+
2304_g               -           1060 68790                -            474     1e-35  121.5   2.7   2   2         2   1.5e+02   -1.0   0.2    55    82   443   472   415   480 0.69 length=1061	scaffold=chromosome14	strand=+
2979_g               -            310 68790                -            474   1.7e-35  120.8   3.9   1   1   2.9e-37   2.1e-35  120.5   3.9    41   297     8   266     2   284 0.82 length=311	scaffold=chromosome3	strand=+
4461_g               -            335 68790                -            474   1.9e-35  120.7   5.0   1   2     2e-33   1.5e-31  107.8   2.7    36   245    43   249    34   262 0.86 length=336	scaffold=chromosome9	strand=+
4461_g               -            335 68790                -            474   1.9e-35  120.7   5.0   2   2    0.0001    0.0074   13.2   0.0   261   295   298   332   279   335 0.85 length=336	scaffold=chromosome9	strand=+
3214_g               -           2135 68790                -            474   5.1e-35  119.2   1.7   1   1   1.1e-36   8.4e-35  118.5   1.7    67   294  1754  1981  1740  1994 0.84 length=2136	scaffold=chromosome4	strand=+
2096_g               -           2171 68790                -            474   3.5e-34  116.5   3.6   1   2   3.8e-17   2.8e-15   54.1   1.6    65   167   233   337   199   346 0.85 length=2172	scaffold=chromosome14	strand=-
2096_g               -           2171 68790                -            474   3.5e-34  116.5   3.6   2   2   2.3e-19   1.7e-17   61.5   0.0   167   288   382   500   373   518 0.84 length=2172	scaffold=chromosome14	strand=-
4180_g               -            325 68790                -            474   1.2e-33  114.7   8.6   1   2   1.7e-31   1.2e-29  101.5   8.1    30   242     3   235     1   240 0.82 length=326	scaffold=chromosome8	strand=+
4180_g               -            325 68790                -            474   1.2e-33  114.7   8.6   2   2    0.0005     0.037   10.9   0.0   261   291   278   308   263   318 0.86 length=326	scaffold=chromosome8	strand=+
1577_g               -            149 68790                -            474   1.4e-33  114.5   5.4   1   1   2.1e-35   1.6e-33  114.3   5.4   328   472     2   148     1   149 0.87 length=150	scaffold=chromosome13	strand=+
4507_g               -            521 68790                -            474   3.1e-33  113.3   3.0   1   3   1.8e-23   1.3e-21   75.0   2.9    20   186   102   270    89   279 0.85 length=522	scaffold=chromosome9	strand=-
4507_g               -            521 68790                -            474   3.1e-33  113.3   3.0   2   3   1.1e-05   0.00081   16.4   0.0   188   226   298   338   293   343 0.85 length=522	scaffold=chromosome9	strand=-
4507_g               -            521 68790                -            474   3.1e-33  113.3   3.0   3   3   2.8e-06   0.00021   18.3   0.0   255   302   422   469   414   489 0.81 length=522	scaffold=chromosome9	strand=-
4311_g               -            543 68790                -            474   6.6e-32  109.0   0.6   1   2   2.1e-31   1.5e-29  101.2   1.2    29   243   164   384   136   397 0.76 length=544	scaffold=chromosome8	strand=+
4311_g               -            543 68790                -            474   6.6e-32  109.0   0.6   2   2     0.028       2.1    5.1   0.0   261   295   427   461   413   496 0.87 length=544	scaffold=chromosome8	strand=+
4584_g               -            557 68790                -            474     2e-31  107.4  10.6   1   2   1.6e-20   1.2e-18   65.3   5.4    33   183    32   185     8   195 0.80 length=558	scaffold=chromosome9	strand=-
4584_g               -            557 68790                -            474     2e-31  107.4  10.6   2   2   2.3e-14   1.7e-12   45.0   0.2   188   299   336   448   320   528 0.82 length=558	scaffold=chromosome9	strand=-
56_g                 -            295 68790                -            474   9.8e-31  105.1   0.5   1   1   1.5e-32   1.1e-30  104.9   0.5    41   291    39   292    25   295 0.79 length=296	scaffold=chromosome10	strand=-
4514_g               -            704 68790                -            474   1.7e-30  104.3   5.0   1   2   3.8e-28   2.8e-26   90.4   4.0    26   255   359   593   353   612 0.84 length=705	scaffold=chromosome9	strand=+
4514_g               -            704 68790                -            474   1.7e-30  104.3   5.0   2   2   0.00017     0.013   12.4   0.0   262   297   663   698   651   703 0.84 length=705	scaffold=chromosome9	strand=+
3105_g               -           2151 68790                -            474   4.4e-28   96.4   6.7   1   2   1.5e-17   1.1e-15   55.4   5.6    48   169  1562  1687  1554  1694 0.89 length=2152	scaffold=chromosome4	strand=-
3105_g               -           2151 68790                -            474   4.4e-28   96.4   6.7   2   2   8.8e-13   6.5e-11   39.7   0.0   176   291  2029  2147  2004  2151 0.82 length=2152	scaffold=chromosome4	strand=-
3402_g               -           1514 68790                -            474   1.7e-27   94.4   7.9   1   3   2.4e-05    0.0018   15.2   2.8    38   100   682   746   639   750 0.79 length=1515	scaffold=chromosome5	strand=+
3402_g               -           1514 68790                -            474   1.7e-27   94.4   7.9   2   3     1e-19   7.4e-18   62.6   0.0   127   245   840   959   833   972 0.87 length=1515	scaffold=chromosome5	strand=+
3402_g               -           1514 68790                -            474   1.7e-27   94.4   7.9   3   3   5.8e-06   0.00043   17.3   0.0   242   314   996  1067   984  1092 0.70 length=1515	scaffold=chromosome5	strand=+
4264_g               -           1439 68790                -            474   4.6e-27   93.0   1.5   1   3   1.4e-05     0.001   16.0   0.0    32   101   794   869   759   875 0.76 length=1440	scaffold=chromosome8	strand=+
4264_g               -           1439 68790                -            474   4.6e-27   93.0   1.5   2   3   7.8e-15   5.8e-13   46.5   0.3   128   245  1208  1338  1204  1343 0.84 length=1440	scaffold=chromosome8	strand=+
4264_g               -           1439 68790                -            474   4.6e-27   93.0   1.5   3   3   4.9e-09   3.6e-07   27.4   0.0   252   303  1376  1428  1357  1433 0.82 length=1440	scaffold=chromosome8	strand=+
3325_g               -            830 68790                -            474   7.1e-27   92.4  11.6   1   4   8.8e-09   6.5e-07   26.6   0.8    42   104    40    98     6   116 0.81 length=831	scaffold=chromosome5	strand=-
3325_g               -            830 68790                -            474   7.1e-27   92.4  11.6   2   4   2.6e-07   1.9e-05   21.7   0.1   122   171   226   276   214   298 0.83 length=831	scaffold=chromosome5	strand=-
3325_g               -            830 68790                -            474   7.1e-27   92.4  11.6   3   4   4.2e-12   3.1e-10   37.5   0.4   162   240   592   672   584   683 0.91 length=831	scaffold=chromosome5	strand=-
3325_g               -            830 68790                -            474   7.1e-27   92.4  11.6   4   4   0.00034     0.025   11.4   0.0   257   295   714   752   692   759 0.83 length=831	scaffold=chromosome5	strand=-
920_g                -            251 68790                -            474   5.4e-25   86.2   0.0   1   1   4.7e-26   3.5e-24   83.5   0.0   123   297    55   245    42   250 0.79 length=252	scaffold=chromosome12	strand=-
1348_g               -           1494 68790                -            474   4.7e-24   83.1   8.3   1   2     0.037       2.8    4.7   1.7    38   109   436   524   413   552 0.67 length=1495	scaffold=chromosome12	strand=+
1348_g               -           1494 68790                -            474   4.7e-24   83.1   8.3   2   2   3.4e-25   2.5e-23   80.7   1.2   103   312   565   770   534   781 0.82 length=1495	scaffold=chromosome12	strand=+
638_g                -            788 68790                -            474   5.3e-24   82.9   5.4   1   5      0.39        29    1.3   0.1    40    58    23    41     6    48 0.74 length=789	scaffold=chromosome11	strand=-
638_g                -            788 68790                -            474   5.3e-24   82.9   5.4   2   5      0.36        27    1.4   0.0    81   105    97   122    80   128 0.80 length=789	scaffold=chromosome11	strand=-
638_g                -            788 68790                -            474   5.3e-24   82.9   5.4   3   5   3.3e-15   2.4e-13   47.7   0.0    95   211   147   270   126   273 0.80 length=789	scaffold=chromosome11	strand=-
638_g                -            788 68790                -            474   5.3e-24   82.9   5.4   4   5    0.0023      0.17    8.7   0.0   209   242   462   495   456   509 0.87 length=789	scaffold=chromosome11	strand=-
638_g                -            788 68790                -            474   5.3e-24   82.9   5.4   5   5   3.8e-07   2.8e-05   21.1   0.0   259   295   544   580   526   645 0.78 length=789	scaffold=chromosome11	strand=-
777_g                -            386 68790                -            474   7.9e-24   82.3  15.6   1   2   1.6e-15   1.2e-13   48.7   4.8    66   178    57   166    47   187 0.91 length=387	scaffold=chromosome12	strand=+
777_g                -            386 68790                -            474   7.9e-24   82.3  15.6   2   2   1.1e-12   8.5e-11   39.4   3.1   288   440   222   374   202   382 0.89 length=387	scaffold=chromosome12	strand=+
2034_g               -            294 68790                -            474   4.4e-23   79.9   1.4   1   1   8.2e-25   6.1e-23   79.4   1.4    41   249    15   227     5   244 0.81 length=295	scaffold=chromosome14	strand=-
4222_g               -            327 68790                -            474     1e-22   78.7   1.0   1   1   2.5e-24   1.9e-22   77.8   1.0    92   297    79   286    31   301 0.89 length=328	scaffold=chromosome8	strand=-
4318_g               -           3082 68790                -            474   1.1e-22   78.5   0.3   1   1   2.4e-24   1.8e-22   77.9   0.3    50   297   181   449   145   458 0.76 length=3083	scaffold=chromosome8	strand=-
4811_g               -           2019 68790                -            474   5.8e-22   76.2   0.3   1   1   1.3e-23   9.5e-22   75.5   0.3    39   304    79   352    46   362 0.80 length=2020	scaffold=chromosome9	strand=-
2757_g               -            679 68790                -            474   1.5e-21   74.8   6.8   1   1     3e-23   2.2e-21   74.3   6.8   330   472   531   675   525   677 0.90 length=680	scaffold=chromosome2	strand=-
1363_g               -           1366 68790                -            474   1.8e-20   71.3   3.1   1   3   2.4e-11   1.8e-09   35.0   0.4    92   180   958  1046   953  1052 0.90 length=1367	scaffold=chromosome12	strand=+
1363_g               -           1366 68790                -            474   1.8e-20   71.3   3.1   2   3   6.5e-09   4.8e-07   27.0   0.0   170   228  1117  1174  1110  1186 0.87 length=1367	scaffold=chromosome12	strand=+
1363_g               -           1366 68790                -            474   1.8e-20   71.3   3.1   3   3    0.0045      0.33    7.7   0.0   265   295  1310  1340  1297  1358 0.84 length=1367	scaffold=chromosome12	strand=+
3132_g               -           1052 68790                -            474   3.9e-19   66.9   0.9   1   1   8.8e-21   6.5e-19   66.1   0.9    63   279   815  1026   747  1046 0.80 length=1053	scaffold=chromosome4	strand=-
1327_g               -            168 68790                -            474   9.6e-19   65.6   2.2   1   1   1.5e-20   1.1e-18   65.3   2.2   332   473    22   165    19   166 0.89 length=169	scaffold=chromosome12	strand=+
2682_g               -            758 68790                -            474   2.1e-18   64.4   0.8   1   2       8.5   6.3e+02   -3.1   0.1   398   431   141   174   137   180 0.87 length=759	scaffold=chromosome1	strand=+
2682_g               -            758 68790                -            474   2.1e-18   64.4   0.8   2   2   2.8e-20   2.1e-18   64.4   0.8    42   286   503   748   484   751 0.79 length=759	scaffold=chromosome1	strand=+
2477_g               -            764 68790                -            474   6.7e-18   62.8   9.4   1   1   2.6e-19   1.9e-17   61.3   9.4    39   286    26   291    15   335 0.72 length=765	scaffold=chromosome14	strand=+
3610_g               -            548 68790                -            474   2.9e-17   60.7   8.9   1   2   1.4e-10     1e-08   32.5   1.3   403   472    35   102    30   104 0.92 length=549	scaffold=chromosome6	strand=-
3610_g               -            548 68790                -            474   2.9e-17   60.7   8.9   2   2   1.6e-10   1.2e-08   32.2   1.2   409   472   114   175   107   177 0.92 length=549	scaffold=chromosome6	strand=-
1339_g               -            324 68790                -            474   1.1e-16   58.8   1.1   1   3     2e-11   1.5e-09   35.2   1.1    43   167     1   130     1   144 0.81 length=325	scaffold=chromosome12	strand=+
1339_g               -            324 68790                -            474   1.1e-16   58.8   1.1   2   3     1e-06   7.4e-05   19.8   0.0   169   231   154   215   147   230 0.81 length=325	scaffold=chromosome12	strand=+
1339_g               -            324 68790                -            474   1.1e-16   58.8   1.1   3   3       1.1        79   -0.1   0.0   266   293   292   319   283   323 0.89 length=325	scaffold=chromosome12	strand=+
3115_g               -            344 68790                -            474   2.1e-16   57.9   0.7   1   1   6.8e-18     5e-16   56.6   0.7    79   305    86   336    50   343 0.71 length=345	scaffold=chromosome4	strand=-
2554_g               -           5025 68790                -            474   8.1e-16   55.9  10.3   1   3       1.2        88   -0.3   0.0   333   363    25    55     2    63 0.84 length=5026	scaffold=chromosome1	strand=-
2554_g               -           5025 68790                -            474   8.1e-16   55.9  10.3   2   3   1.5e-17   1.1e-15   55.4   4.3    50   183  4570  4704  4537  4720 0.83 length=5026	scaffold=chromosome1	strand=-
2554_g               -           5025 68790                -            474   8.1e-16   55.9  10.3   3   3      0.41        30    1.3   0.1   194   221  4888  4915  4875  4918 0.91 length=5026	scaffold=chromosome1	strand=-
1281_g               -           1027 68790                -            474   8.6e-16   55.8   6.1   1   1   1.9e-17   1.4e-15   55.1   6.1   328   471    24   170    20   173 0.86 length=1028	scaffold=chromosome12	strand=+
809_g                -           1826 68790                -            474   9.7e-16   55.7   0.1   1   1   2.8e-17   2.1e-15   54.6   0.1    93   279  1601  1795  1583  1812 0.78 length=1827	scaffold=chromosome12	strand=-
1439_g               -            199 68790                -            474   2.1e-15   54.5   1.6   1   1   3.4e-17   2.5e-15   54.3   1.6    61   188    51   179    15   187 0.81 length=200	scaffold=chromosome13	strand=-
4723_g               -            323 68790                -            474   2.4e-15   54.4   0.4   1   1   8.6e-17   6.4e-15   53.0   0.4    32   236     5   216     1   242 0.75 length=324	scaffold=chromosome9	strand=-
903_g                -            920 68790                -            474   1.3e-14   51.9   0.5   1   3       1.2        93   -0.3   0.1    39   103   433   503   418   506 0.66 length=921	scaffold=chromosome12	strand=+
903_g                -            920 68790                -            474   1.3e-14   51.9   0.5   2   3     2e-09   1.5e-07   28.7   0.0   135   239   563   676   535   688 0.77 length=921	scaffold=chromosome12	strand=+
903_g                -            920 68790                -            474   1.3e-14   51.9   0.5   3   3   1.2e-06   8.9e-05   19.5   0.0   263   292   889   918   885   920 0.93 length=921	scaffold=chromosome12	strand=+
561_g                -           2144 68790                -            474   4.1e-14   50.3   4.5   1   1   1.5e-15   1.1e-13   48.9   4.5    64   284  1912  2130  1902  2140 0.84 length=2145	scaffold=chromosome11	strand=+
3948_g               -           3337 68790                -            474   4.6e-14   50.1   0.8   1   1   1.3e-15   9.6e-14   49.1   0.8    38   287  3041  3323  3029  3326 0.74 length=3338	scaffold=chromosome7	strand=-
2751_g               -           3891 68790                -            474   8.1e-12   42.7   0.2   1   2   3.9e-10   2.9e-08   31.0   0.3   106   184  3366  3440  3357  3456 0.84 length=3892	scaffold=chromosome2	strand=-
2751_g               -           3891 68790                -            474   8.1e-12   42.7   0.2   2   2    0.0016      0.12    9.2   0.0   194   226  3789  3822  3776  3878 0.83 length=3892	scaffold=chromosome2	strand=-
3968_g               -            586 68790                -            474   1.9e-11   41.5   0.2   1   2   6.2e-06   0.00046   17.2   0.3   129   173   380   424   371   431 0.86 length=587	scaffold=chromosome7	strand=+
3968_g               -            586 68790                -            474   1.9e-11   41.5   0.2   2   2   2.7e-07     2e-05   21.7   0.0   171   295   448   576   443   584 0.80 length=587	scaffold=chromosome7	strand=+
4435_g               -            167 68790                -            474   5.9e-11   39.9   6.9   1   1     2e-12   1.5e-10   38.6   6.9   338   471    18   153     9   156 0.88 length=168	scaffold=chromosome9	strand=+
4463_g               -            344 68790                -            474   1.6e-10   38.4  13.7   1   2   0.00015     0.011   12.5   0.8   406   467    62   121    54   128 0.77 length=345	scaffold=chromosome9	strand=-
4463_g               -            344 68790                -            474   1.6e-10   38.4  13.7   2   2   9.2e-10   6.9e-08   29.8   5.8   337   432   138   238   130   263 0.78 length=345	scaffold=chromosome9	strand=-
1352_g               -            209 68790                -            474   3.1e-09   34.2   5.2   1   2   1.2e-09   8.9e-08   29.4   1.3   403   468    43   106     6   116 0.83 length=210	scaffold=chromosome12	strand=-
1352_g               -            209 68790                -            474   3.1e-09   34.2   5.2   2   2    0.0089      0.66    6.8   0.1   412   458   129   174   118   187 0.84 length=210	scaffold=chromosome12	strand=-
3374_g               -            211 68790                -            474   4.4e-08   30.4   7.3   1   1   7.4e-10   5.5e-08   30.1   7.3   330   470    61   208    39   211 0.74 length=212	scaffold=chromosome5	strand=-
3947_g               -           1256 68790                -            474   5.7e-08   30.0   1.3   1   3     0.016       1.2    6.0   0.0    71   124   883   938   869   946 0.83 length=1257	scaffold=chromosome7	strand=+
3947_g               -           1256 68790                -            474   5.7e-08   30.0   1.3   2   3     0.016       1.2    5.9   0.1   130   168   966  1004   960  1028 0.81 length=1257	scaffold=chromosome7	strand=+
3947_g               -           1256 68790                -            474   5.7e-08   30.0   1.3   3   3   2.5e-05    0.0018   15.2   0.0   200   234  1145  1180  1129  1240 0.87 length=1257	scaffold=chromosome7	strand=+
726_g                -            697 68790                -            474   5.1e-07   26.9   8.6   1   1   1.1e-08   7.9e-07   26.3   8.6   331   470   557   694   553   697 0.87 length=698	scaffold=chromosome11	strand=+
2538_g               -            107 68790                -            474   9.9e-06   22.6   0.0   1   1   1.5e-07   1.1e-05   22.5   0.0   327   393    36   101    12   105 0.84 length=108	scaffold=chromosome1	strand=-
1418_g               -            740 68790                -            474   1.4e-05   22.2  11.6   1   4       1.2        86   -0.2   0.3    78   106   181   209   166   218 0.79 length=741	scaffold=chromosome12	strand=-
1418_g               -            740 68790                -            474   1.4e-05   22.2  11.6   2   4    0.0011      0.08    9.8   0.1   124   166   248   290   237   300 0.89 length=741	scaffold=chromosome12	strand=-
1418_g               -            740 68790                -            474   1.4e-05   22.2  11.6   3   4       5.7   4.2e+02   -2.5   0.4   146   174   382   410   379   430 0.85 length=741	scaffold=chromosome12	strand=-
1418_g               -            740 68790                -            474   1.4e-05   22.2  11.6   4   4   2.8e-06   0.00021   18.3   0.1   233   298   675   738   643   740 0.91 length=741	scaffold=chromosome12	strand=-
3642_g               -            201 68790                -            474   0.00014   18.8   3.9   1   2   9.6e-05    0.0071   13.2   0.4   405   449    10    56     2    67 0.63 length=202	scaffold=chromosome6	strand=+
3642_g               -            201 68790                -            474   0.00014   18.8   3.9   2   2    0.0076      0.57    7.0   0.2   338   391   136   192    97   198 0.79 length=202	scaffold=chromosome6	strand=+
1716_g               -            136 68790                -            474   0.00031   17.7   0.5   1   1   2.7e-05     0.002   15.1   0.5   337   468     6   132     1   136 0.80 length=137	scaffold=chromosome13	strand=-
527_g                -            136 68790                -            474   0.00043   17.3   0.2   1   1   5.8e-06   0.00043   17.3   0.2   410   467    80   134    13   136 0.87 length=137	scaffold=chromosome11	strand=+
989_g                -            464 68790                -            474   0.00082   16.3   2.5   1   3   1.1e-05   0.00082   16.3   2.5   373   445   179   253   147   290 0.63 length=465	scaffold=chromosome12	strand=+
989_g                -            464 68790                -            474   0.00082   16.3   2.5   2   3       1.5   1.1e+02   -0.6   0.0   345   392   314   361   296   374 0.53 length=465	scaffold=chromosome12	strand=+
989_g                -            464 68790                -            474   0.00082   16.3   2.5   3   3       2.4   1.8e+02   -1.3   0.1   330   361   415   446   413   455 0.85 length=465	scaffold=chromosome12	strand=+
2466_g               -            205 68790                -            474    0.0074   13.2   0.7   1   1   0.00012    0.0091   12.9   0.7   347   452    84   187    66   204 0.68 length=206	scaffold=chromosome14	strand=+
#
# Program:         hmmsearch
# Version:         3.4 (Aug 2023)
# Pipeline mode:   SEARCH
# Query file:      /home/inf-20-2025/Malaria/busco_downloads/lineages/apicomplexa_odb12/hmms/68790at5794.hmm
# Target file:     /home/inf-20-2025/Malaria/Results/6_nobird_annotation/P_cynomolgi.faa
# Option settings: hmmsearch --domtblout Results/8_busco/P_cynomolgi/run_apicomplexa_odb12/hmmer_output/initial_run_results/68790at5794.out --cpu 1 /home/inf-20-2025/Malaria/busco_downloads/lineages/apicomplexa_odb12/hmms/68790at5794.hmm /home/inf-20-2025/Malaria/Results/6_nobird_annotation/P_cynomolgi.faa 
# Current dir:     /home/inf-20-2025/Malaria
# Date:            Wed Mar  4 18:30:50 2026
# [ok]
