#                                                                            --- full sequence --- -------------- this domain -------------   hmm coord   ali coord   env coord
# target name        accession   tlen query name           accession   qlen   E-value  score  bias   #  of  c-Evalue  i-Evalue  score  bias  from    to  from    to  from    to  acc description of target
#------------------- ---------- ----- -------------------- ---------- ----- --------- ------ ----- --- --- --------- --------- ------ ----- ----- ----- ----- ----- ----- ----- ---- ---------------------
3474_g               -            390 68894                -            390  3.1e-232  768.6   4.7   1   1  2.4e-234  3.4e-232  768.5   4.7     2   390     2   390     1   390 1.00 length=391	scaffold=chromosome5	strand=+
1117_g               -           2143 68894                -            390  4.5e-178  590.3   2.7   1   2       3.2   4.6e+02   -2.3   0.3   168   262   405   495   388   510 0.76 length=2144	scaffold=chromosome12	strand=-
1117_g               -           2143 68894                -            390  4.5e-178  590.3   2.7   2   2  3.1e-180  4.5e-178  590.3   2.7    12   389  1763  2142  1751  2143 0.98 length=2144	scaffold=chromosome12	strand=-
4228_g               -            433 68894                -            390   3.3e-98  327.4   0.1   1   1  2.8e-100     4e-98  327.1   0.1    17   387    60   428    45   431 0.97 length=434	scaffold=chromosome8	strand=-
3148_g               -           1052 68894                -            390   4.7e-82  274.2   2.4   1   2   6.5e-15   9.4e-13   46.1   0.0    17    83    56   122    42   128 0.91 length=1053	scaffold=chromosome4	strand=+
3148_g               -           1052 68894                -            390   4.7e-82  274.2   2.4   2   2   9.5e-70   1.4e-67  226.6   1.6    84   386   154   461   147   464 0.94 length=1053	scaffold=chromosome4	strand=+
1205_g               -            793 68894                -            390   3.9e-77  258.0   6.5   1   1   7.5e-77   1.1e-74  250.0   6.5    14   384   376   782   363   788 0.87 length=794	scaffold=chromosome12	strand=-
269_g                -            721 68894                -            390   3.1e-69  232.0   0.3   1   2   2.5e-08   3.7e-06   24.4   0.0    15    77   124   187   112   208 0.88 length=722	scaffold=chromosome10	strand=-
269_g                -            721 68894                -            390   3.1e-69  232.0   0.3   2   2   2.7e-63   3.9e-61  205.3   0.3    83   385   223   531   216   534 0.90 length=722	scaffold=chromosome10	strand=-
1333_g               -            528 68894                -            390     8e-68  227.4   0.0   1   1   7.4e-70   1.1e-67  226.9   0.0    16   374   112   478   101   493 0.90 length=529	scaffold=chromosome12	strand=-
129_g                -           1101 68894                -            390   1.6e-67  226.4   0.2   1   2   1.4e-29   2.1e-27   94.3   0.0    18   189   677   856   671   874 0.91 length=1102	scaffold=chromosome10	strand=+
129_g                -           1101 68894                -            390   1.6e-67  226.4   0.2   2   2   2.8e-40     4e-38  129.6   0.0   195   388   886  1077   879  1078 0.92 length=1102	scaffold=chromosome10	strand=+
36_g                 -            670 68894                -            390   1.2e-66  223.5   0.0   1   1   1.1e-68   1.6e-66  223.1   0.0    16   376   220   593   210   606 0.88 length=671	scaffold=chromosome10	strand=-
2290_g               -            731 68894                -            390   1.1e-63  213.8   1.0   1   2   1.7e-06   0.00025   18.3   0.0    14    84   262   332   251   336 0.83 length=732	scaffold=chromosome14	strand=-
2290_g               -            731 68894                -            390   1.1e-63  213.8   1.0   2   2   1.3e-59   1.9e-57  193.2   1.2    83   360   414   693   402   727 0.92 length=732	scaffold=chromosome14	strand=-
3068_g               -           1799 68894                -            390   1.8e-63  213.0   0.4   1   1   2.4e-65   3.5e-63  212.1   0.4    11   382   119   489   110   495 0.94 length=1800	scaffold=chromosome4	strand=+
226_g                -           1530 68894                -            390   2.8e-63  212.4   0.8   1   1   1.9e-65   2.8e-63  212.4   0.8    17   389   751  1137   743  1138 0.89 length=1531	scaffold=chromosome10	strand=-
3650_g               -           1139 68894                -            390   2.8e-59  199.2   0.6   1   1   2.8e-61   4.1e-59  198.7   0.6    11   375   748  1124   741  1137 0.85 length=1140	scaffold=chromosome6	strand=+
2146_g               -            955 68894                -            390   1.7e-58  196.6   1.3   1   2   1.4e-19   2.1e-17   61.4   0.0    11   186   322   521   315   528 0.78 length=956	scaffold=chromosome14	strand=-
2146_g               -            955 68894                -            390   1.7e-58  196.6   1.3   2   2   3.2e-40   4.7e-38  129.4   1.2   184   371   542   728   531   743 0.94 length=956	scaffold=chromosome14	strand=-
491_g                -            680 68894                -            390   1.5e-57  193.6   0.3   1   1   1.4e-59     2e-57  193.1   0.3     8   384   219   598   214   604 0.92 length=681	scaffold=chromosome11	strand=+
961_g                -            512 68894                -            390   2.3e-53  179.8   0.3   1   2   4.7e-28   6.8e-26   89.3   0.0    18   188    63   236    57   239 0.94 length=513	scaffold=chromosome12	strand=+
961_g                -            512 68894                -            390   2.3e-53  179.8   0.3   2   2   8.6e-28   1.2e-25   88.5   0.1   193   371   275   455   270   463 0.88 length=513	scaffold=chromosome12	strand=+
2514_g               -            755 68894                -            390   7.1e-52  174.9   1.5   1   2   9.4e-28   1.4e-25   88.3   0.0    18   218    96   309    82   321 0.85 length=756	scaffold=chromosome14	strand=+
2514_g               -            755 68894                -            390   7.1e-52  174.9   1.5   2   2   8.7e-27   1.3e-24   85.1   0.6   228   365   342   479   331   501 0.92 length=756	scaffold=chromosome14	strand=+
4220_g               -            750 68894                -            390   2.2e-45  153.5   6.5   1   2   1.1e-05    0.0016   15.7   0.0    24    76   250   302   239   317 0.86 length=751	scaffold=chromosome8	strand=-
4220_g               -            750 68894                -            390   2.2e-45  153.5   6.5   2   2   1.5e-42   2.1e-40  137.1   4.8    86   384   367   666   360   672 0.85 length=751	scaffold=chromosome8	strand=-
1715_g               -            872 68894                -            390   4.9e-43  145.8   7.7   1   1   4.9e-45   7.1e-43  145.2   7.7    16   379   133   510   115   520 0.81 length=873	scaffold=chromosome13	strand=+
1948_g               -            627 68894                -            390   2.2e-40  137.0   5.8   1   1   2.2e-42   3.2e-40  136.5   5.8    38   372   169   520   143   528 0.81 length=628	scaffold=chromosome14	strand=+
95_g                 -            816 68894                -            390   2.8e-40  136.7   6.7   1   4   2.5e-11   3.6e-09   34.3   0.0    17    83     2    68     1    77 0.94 length=817	scaffold=chromosome10	strand=-
95_g                 -            816 68894                -            390   2.8e-40  136.7   6.7   2   4       2.2   3.1e+02   -1.7   0.0    15    38   132   155   124   159 0.86 length=817	scaffold=chromosome10	strand=-
95_g                 -            816 68894                -            390   2.8e-40  136.7   6.7   3   4   3.9e-15   5.7e-13   46.8   0.4    80   222   324   472   304   498 0.85 length=817	scaffold=chromosome10	strand=-
95_g                 -            816 68894                -            390   2.8e-40  136.7   6.7   4   4     4e-18   5.8e-16   56.6   0.2   274   362   599   687   544   694 0.92 length=817	scaffold=chromosome10	strand=-
3000_g               -           1777 68894                -            390   1.5e-35  121.1   0.6   1   3   5.2e-25   7.5e-23   79.3   0.1    24   185   120   292   106   298 0.85 length=1778	scaffold=chromosome3	strand=+
3000_g               -           1777 68894                -            390   1.5e-35  121.1   0.6   2   3       4.7   6.8e+02   -2.9   0.0   191   214   328   351   326   361 0.82 length=1778	scaffold=chromosome3	strand=+
3000_g               -           1777 68894                -            390   1.5e-35  121.1   0.6   3   3   8.8e-13   1.3e-10   39.0   0.0   283   371   575   665   567   680 0.86 length=1778	scaffold=chromosome3	strand=+
2628_g               -           1349 68894                -            390   1.6e-35  121.0   7.2   1   3   1.5e-08   2.1e-06   25.1   0.0    13    84    24    95    16    99 0.86 length=1350	scaffold=chromosome1	strand=+
2628_g               -           1349 68894                -            390   1.6e-35  121.0   7.2   2   3   8.8e-07   0.00013   19.3   0.2   142   203   287   349   225   361 0.76 length=1350	scaffold=chromosome1	strand=+
2628_g               -           1349 68894                -            390   1.6e-35  121.0   7.2   3   3   5.3e-23   7.6e-21   72.7   1.0   238   366   683   811   662   820 0.87 length=1350	scaffold=chromosome1	strand=+
1341_g               -            772 68894                -            390     1e-34  118.4   1.7   1   2     3e-23   4.4e-21   73.5   0.5    21   204   225   432   202   457 0.78 length=773	scaffold=chromosome12	strand=-
1341_g               -            772 68894                -            390     1e-34  118.4   1.7   2   2   3.8e-14   5.4e-12   43.5   0.0   279   366   576   664   563   682 0.91 length=773	scaffold=chromosome12	strand=-
2425_g               -            892 68894                -            390   2.8e-33  113.7   7.0   1   4   1.1e-23   1.6e-21   75.0   0.1    18   218    95   308    80   323 0.76 length=893	scaffold=chromosome14	strand=-
2425_g               -            892 68894                -            390   2.8e-33  113.7   7.0   2   4       3.8   5.4e+02   -2.5   0.0   231   269   374   413   361   456 0.67 length=893	scaffold=chromosome14	strand=-
2425_g               -            892 68894                -            390   2.8e-33  113.7   7.0   3   4   1.9e-13   2.7e-11   41.3   0.0   315   386   559   635   555   639 0.82 length=893	scaffold=chromosome14	strand=-
2425_g               -            892 68894                -            390   2.8e-33  113.7   7.0   4   4       1.9   2.8e+02   -1.6   0.3   207   261   650   704   641   729 0.73 length=893	scaffold=chromosome14	strand=-
3554_g               -            560 68894                -            390   2.7e-30  103.8   5.4   1   3   9.6e-09   1.4e-06   25.7   0.1    34    76   157   199   145   213 0.87 length=561	scaffold=chromosome6	strand=-
3554_g               -            560 68894                -            390   2.7e-30  103.8   5.4   2   3   8.4e-10   1.2e-07   29.2   0.3    85   212   264   389   255   465 0.75 length=561	scaffold=chromosome6	strand=-
3554_g               -            560 68894                -            390   2.7e-30  103.8   5.4   3   3   4.1e-16     6e-14   50.0   0.0   283   354   483   554   479   559 0.93 length=561	scaffold=chromosome6	strand=-
1712_g               -            972 68894                -            390   2.7e-29  100.5  10.6   1   3   2.7e-06   0.00039   17.7   0.0    17    82    36   102    28   125 0.83 length=973	scaffold=chromosome13	strand=-
1712_g               -            972 68894                -            390   2.7e-29  100.5  10.6   2   3   2.4e-10   3.5e-08   31.0   0.5    82   202   233   371   211   378 0.71 length=973	scaffold=chromosome13	strand=-
1712_g               -            972 68894                -            390   2.7e-29  100.5  10.6   3   3   1.3e-17   1.9e-15   55.0   2.9   269   365   521   620   488   635 0.82 length=973	scaffold=chromosome13	strand=-
3273_g               -            403 68894                -            390     8e-28   95.7   0.3   1   1   1.4e-29     2e-27   94.4   0.3     8   218   185   387   179   401 0.88 length=404	scaffold=chromosome5	strand=+
1442_g               -           1024 68894                -            390   2.2e-22   77.8   0.1   1   2      0.11        16    2.5   0.0    54   114   176   238   141   266 0.76 length=1025	scaffold=chromosome13	strand=-
1442_g               -           1024 68894                -            390   2.2e-22   77.8   0.1   2   2   5.4e-23   7.8e-21   72.7   0.0   256   376   513   632   508   644 0.92 length=1025	scaffold=chromosome13	strand=-
2564_g               -           1078 68894                -            390   3.5e-19   67.2   2.3   1   2    0.0023      0.33    8.0   0.0   122   176   452   509   439   527 0.76 length=1079	scaffold=chromosome1	strand=-
2564_g               -           1078 68894                -            390   3.5e-19   67.2   2.3   2   2   1.8e-18   2.6e-16   57.7   0.8   257   346   788   876   779   941 0.92 length=1079	scaffold=chromosome1	strand=-
3875_g               -            683 68894                -            390   6.9e-18   63.0   1.9   1   2      0.96   1.4e+02   -0.6   0.1   157   312    99   141    39   174 0.58 length=684	scaffold=chromosome7	strand=+
3875_g               -            683 68894                -            390   6.9e-18   63.0   1.9   2   2   7.8e-20   1.1e-17   62.3   0.3   259   376   353   471   345   483 0.89 length=684	scaffold=chromosome7	strand=+
4444_g               -           1487 68894                -            390   7.7e-18   62.8   0.4   1   3    0.0002     0.029   11.5   0.0    16    81   216   281   206   296 0.87 length=1488	scaffold=chromosome9	strand=+
4444_g               -           1487 68894                -            390   7.7e-18   62.8   0.4   2   3      0.62        90    0.0   0.0   135   188   589   643   542   651 0.81 length=1488	scaffold=chromosome9	strand=+
4444_g               -           1487 68894                -            390   7.7e-18   62.8   0.4   3   3   4.1e-15   5.9e-13   46.7   0.2   250   351   996  1097   991  1109 0.94 length=1488	scaffold=chromosome9	strand=+
2870_g               -            544 68894                -            390     2e-17   61.4   7.4   1   1   5.3e-19   7.6e-17   59.5   7.4    53   384   131   495   119   501 0.70 length=545	scaffold=chromosome3	strand=-
271_g                -            563 68894                -            390   9.3e-16   56.0   5.0   1   2    0.0076       1.1    6.3   0.0    54   114   171   234   126   239 0.66 length=564	scaffold=chromosome10	strand=-
271_g                -            563 68894                -            390   9.3e-16   56.0   5.0   2   2   3.9e-16   5.6e-14   50.1   2.5   157   373   294   519   265   529 0.79 length=564	scaffold=chromosome10	strand=-
1620_g               -           1269 68894                -            390   6.6e-15   53.2   1.0   1   2    0.0043      0.61    7.2   0.1    34   176    48   186    30   271 0.72 length=1270	scaffold=chromosome13	strand=-
1620_g               -           1269 68894                -            390   6.6e-15   53.2   1.0   2   2   1.7e-14   2.5e-12   44.7   0.1   259   368   289   398   273   415 0.92 length=1270	scaffold=chromosome13	strand=-
2785_g               -           1383 68894                -            390   4.2e-14   50.5   3.1   1   5       1.3   1.9e+02   -1.1   0.0    13    48   501   537   491   541 0.81 length=1384	scaffold=chromosome2	strand=-
2785_g               -           1383 68894                -            390   4.2e-14   50.5   3.1   2   5       8.1   1.2e+03   -3.6   0.0    82   110   815   843   810   845 0.82 length=1384	scaffold=chromosome2	strand=-
2785_g               -           1383 68894                -            390   4.2e-14   50.5   3.1   3   5       3.9   5.6e+02   -2.6   0.0   108   143   883   919   877   921 0.80 length=1384	scaffold=chromosome2	strand=-
2785_g               -           1383 68894                -            390   4.2e-14   50.5   3.1   4   5     5e-05    0.0072   13.5   0.0   135   174   934   974   927   986 0.86 length=1384	scaffold=chromosome2	strand=-
2785_g               -           1383 68894                -            390   4.2e-14   50.5   3.1   5   5   4.4e-11   6.4e-09   33.5   0.9   259   366  1160  1283  1143  1293 0.65 length=1384	scaffold=chromosome2	strand=-
2931_g               -           1197 68894                -            390   9.2e-14   49.4   0.1   1   2   2.4e-11   3.5e-09   34.3   0.1    51   212   272   452   254   463 0.74 length=1198	scaffold=chromosome3	strand=-
2931_g               -           1197 68894                -            390   9.2e-14   49.4   0.1   2   2   8.9e-05     0.013   12.7   0.0   282   347   851   919   842   943 0.83 length=1198	scaffold=chromosome3	strand=-
3274_g               -            761 68894                -            390   9.5e-11   39.5   0.0   1   1   1.4e-12     2e-10   38.4   0.0   295   370    11    89     1   100 0.81 length=762	scaffold=chromosome5	strand=+
2005_g               -            734 68894                -            390   0.00048   17.4   0.2   1   3       9.8   1.4e+03   -3.9   0.0    41    70    69    98    63   102 0.80 length=735	scaffold=chromosome14	strand=-
2005_g               -            734 68894                -            390   0.00048   17.4   0.2   2   3       1.3   1.9e+02   -1.1   0.0    83   108   184   209   178   232 0.78 length=735	scaffold=chromosome14	strand=-
2005_g               -            734 68894                -            390   0.00048   17.4   0.2   3   3   2.5e-05    0.0037   14.5   0.1   282   369   582   667   567   681 0.77 length=735	scaffold=chromosome14	strand=-
2508_g               -           1591 68894                -            390    0.0017   15.6   0.9   1   1   1.2e-05    0.0017   15.6   0.9   257   353  1439  1537  1371  1567 0.70 length=1592	scaffold=chromosome14	strand=+
#
# Program:         hmmsearch
# Version:         3.4 (Aug 2023)
# Pipeline mode:   SEARCH
# Query file:      /home/inf-20-2025/Malaria/busco_downloads/lineages/apicomplexa_odb12/hmms/68894at5794.hmm
# Target file:     /home/inf-20-2025/Malaria/Results/6_nobird_annotation/P_cynomolgi.faa
# Option settings: hmmsearch --domtblout Results/8_busco/P_cynomolgi/run_apicomplexa_odb12/hmmer_output/initial_run_results/68894at5794.out --cpu 1 /home/inf-20-2025/Malaria/busco_downloads/lineages/apicomplexa_odb12/hmms/68894at5794.hmm /home/inf-20-2025/Malaria/Results/6_nobird_annotation/P_cynomolgi.faa 
# Current dir:     /home/inf-20-2025/Malaria
# Date:            Wed Mar  4 18:30:52 2026
# [ok]
