#                                                                            --- full sequence --- -------------- this domain -------------   hmm coord   ali coord   env coord
# target name        accession   tlen query name           accession   qlen   E-value  score  bias   #  of  c-Evalue  i-Evalue  score  bias  from    to  from    to  from    to  acc description of target
#------------------- ---------- ----- -------------------- ---------- ----- --------- ------ ----- --- --- --------- --------- ------ ----- ----- ----- ----- ----- ----- ----- ---- ---------------------
3513_g               -           1096 68892                -           1071         0 1794.5  26.0   1   1         0         0 1794.2  26.0     9  1071    32  1096    24  1096 0.98 length=1097	scaffold=chromosome6	strand=+
3699_g               -           1823 68892                -           1071   4.5e-64  215.0  32.8   1   5   4.2e-20   8.2e-17   58.6   2.9    73   259    36   225    23   262 0.77 length=1824	scaffold=chromosome6	strand=+
3699_g               -           1823 68892                -           1071   4.5e-64  215.0  32.8   2   5     0.028        53   -0.4   0.2   335   395   598   659   592   684 0.80 length=1824	scaffold=chromosome6	strand=+
3699_g               -           1823 68892                -           1071   4.5e-64  215.0  32.8   3   5   3.5e-18   6.7e-15   52.2   0.3   478   613   760   895   753   910 0.83 length=1824	scaffold=chromosome6	strand=+
3699_g               -           1823 68892                -           1071   4.5e-64  215.0  32.8   4   5   1.2e-38   2.4e-35  119.9   1.9   606   819  1053  1257  1040  1262 0.90 length=1824	scaffold=chromosome6	strand=+
3699_g               -           1823 68892                -           1071   4.5e-64  215.0  32.8   5   5    0.0036         7    2.5   1.7   996  1067  1745  1817  1734  1820 0.83 length=1824	scaffold=chromosome6	strand=+
2936_g               -           1761 68892                -           1071   2.1e-52  176.4  21.7   1   2   6.5e-17   1.2e-13   48.0   4.5   280   443   662   830   645   842 0.76 length=1762	scaffold=chromosome3	strand=-
2936_g               -           1761 68892                -           1071   2.1e-52  176.4  21.7   2   2   2.1e-42     4e-39  132.4   9.3   533   943   964  1427   952  1451 0.71 length=1762	scaffold=chromosome3	strand=-
#
# Program:         hmmsearch
# Version:         3.4 (Aug 2023)
# Pipeline mode:   SEARCH
# Query file:      /home/inf-20-2025/Malaria/busco_downloads/lineages/apicomplexa_odb12/hmms/68892at5794.hmm
# Target file:     /home/inf-20-2025/Malaria/Results/6_nobird_annotation/P_cynomolgi.faa
# Option settings: hmmsearch --domtblout Results/8_busco/P_cynomolgi/run_apicomplexa_odb12/hmmer_output/initial_run_results/68892at5794.out --cpu 1 /home/inf-20-2025/Malaria/busco_downloads/lineages/apicomplexa_odb12/hmms/68892at5794.hmm /home/inf-20-2025/Malaria/Results/6_nobird_annotation/P_cynomolgi.faa 
# Current dir:     /home/inf-20-2025/Malaria
# Date:            Wed Mar  4 18:30:51 2026
# [ok]
