#                                                                            --- full sequence --- -------------- this domain -------------   hmm coord   ali coord   env coord
# target name        accession   tlen query name           accession   qlen   E-value  score  bias   #  of  c-Evalue  i-Evalue  score  bias  from    to  from    to  from    to  acc description of target
#------------------- ---------- ----- -------------------- ---------- ----- --------- ------ ----- --- --- --------- --------- ------ ----- ----- ----- ----- ----- ----- ----- ---- ---------------------
2804_g               -            256 68992                -            247  1.1e-135  449.2   0.0   1   1  2.7e-138  1.2e-135  449.1   0.0     1   245     1   247     1   249 0.98 length=257	scaffold=chromosome2	strand=+
484_g                -            246 68992                -            247   2.3e-52  176.3   0.0   1   1   6.3e-55   2.8e-52  176.0   0.0     7   238     4   235     1   242 0.89 length=247	scaffold=chromosome11	strand=+
695_g                -            235 68992                -            247   1.6e-49  167.0   0.0   1   1   4.5e-52     2e-49  166.7   0.0     6   237     4   229     1   234 0.95 length=236	scaffold=chromosome11	strand=+
483_g                -            241 68992                -            247     6e-48  161.8   0.2   1   1   1.7e-50   7.4e-48  161.5   0.2     7   242     2   229     1   234 0.94 length=242	scaffold=chromosome11	strand=-
1419_g               -            269 68992                -            247   3.5e-40  136.4   0.1   1   1   9.5e-43   4.2e-40  136.1   0.1     5   242     3   235     1   240 0.88 length=270	scaffold=chromosome12	strand=+
4266_g               -            253 68992                -            247   1.4e-30  105.0   0.1   1   1   4.6e-33     2e-30  104.4   0.1     6   232     6   231     1   244 0.86 length=254	scaffold=chromosome8	strand=+
2624_g               -            260 68992                -            247   2.8e-30  104.0   1.1   1   1   8.9e-33     4e-30  103.5   1.1     4   239     5   253     2   259 0.81 length=261	scaffold=chromosome1	strand=-
1005_g               -            270 68992                -            247   8.4e-16   56.5   0.0   1   1   3.2e-17   1.4e-14   52.5   0.0    32   228    39   225    36   245 0.83 length=271	scaffold=chromosome12	strand=-
4148_g               -            270 68992                -            247   3.1e-13   48.1   0.1   1   1   8.8e-15   3.9e-12   44.5   0.1    33   203    58   218    51   252 0.87 length=271	scaffold=chromosome8	strand=-
4000_g               -            282 68992                -            247   4.1e-13   47.7   0.5   1   2   3.9e-08   1.8e-05   22.7   0.1    31    94    26    90    20   106 0.87 length=283	scaffold=chromosome7	strand=-
4000_g               -            282 68992                -            247   4.1e-13   47.7   0.5   2   2   2.7e-08   1.2e-05   23.3   0.0   140   214   178   254   141   277 0.78 length=283	scaffold=chromosome7	strand=-
2656_g               -            256 68992                -            247   8.9e-10   36.8   0.1   1   2   1.9e-07   8.3e-05   20.5   0.0    28    98     3    75     1    83 0.87 length=257	scaffold=chromosome1	strand=+
2656_g               -            256 68992                -            247   8.9e-10   36.8   0.1   2   2   1.2e-05    0.0054   14.6   0.0   153   226   150   224    99   234 0.86 length=257	scaffold=chromosome1	strand=+
131_g                -            256 68992                -            247   0.00063   17.6   0.0   1   2   1.5e-05    0.0067   14.3   0.1    35    90    54   110    51   134 0.89 length=257	scaffold=chromosome10	strand=+
131_g                -            256 68992                -            247   0.00063   17.6   0.0   2   2      0.15        67    1.2   0.0   144   189   153   199   142   224 0.73 length=257	scaffold=chromosome10	strand=+
2749_g               -            448 68992                -            247    0.0046   14.8   0.0   1   1   1.6e-05    0.0073   14.2   0.0    34   119     9    96     6   136 0.88 length=449	scaffold=chromosome2	strand=+
#
# Program:         hmmsearch
# Version:         3.4 (Aug 2023)
# Pipeline mode:   SEARCH
# Query file:      /home/inf-20-2025/Malaria/busco_downloads/lineages/apicomplexa_odb12/hmms/68992at5794.hmm
# Target file:     /home/inf-20-2025/Malaria/Results/6_nobird_annotation/P_cynomolgi.faa
# Option settings: hmmsearch --domtblout Results/8_busco/P_cynomolgi/run_apicomplexa_odb12/hmmer_output/initial_run_results/68992at5794.out --cpu 1 /home/inf-20-2025/Malaria/busco_downloads/lineages/apicomplexa_odb12/hmms/68992at5794.hmm /home/inf-20-2025/Malaria/Results/6_nobird_annotation/P_cynomolgi.faa 
# Current dir:     /home/inf-20-2025/Malaria
# Date:            Wed Mar  4 18:30:53 2026
# [ok]
