#                                                                            --- full sequence --- -------------- this domain -------------   hmm coord   ali coord   env coord
# target name        accession   tlen query name           accession   qlen   E-value  score  bias   #  of  c-Evalue  i-Evalue  score  bias  from    to  from    to  from    to  acc description of target
#------------------- ---------- ----- -------------------- ---------- ----- --------- ------ ----- --- --- --------- --------- ------ ----- ----- ----- ----- ----- ----- ----- ---- ---------------------
800_g                -            663 68993                -            503  1.9e-270  895.9   0.7   1   1  3.1e-273  2.6e-270  895.5   0.7     2   503   153   660   152   660 0.98 length=664	scaffold=chromosome12	strand=+
1731_g               -            682 68993                -            503     4e-87  291.2  10.0   1   3   1.1e-06   0.00094   16.1   0.1    22    92    94   163    67   181 0.77 length=683	scaffold=chromosome13	strand=-
1731_g               -            682 68993                -            503     4e-87  291.2  10.0   2   3   1.8e-71   1.5e-68  229.9   5.8    98   453   230   577   222   588 0.86 length=683	scaffold=chromosome13	strand=-
1731_g               -            682 68993                -            503     4e-87  291.2  10.0   3   3   2.1e-15   1.7e-12   44.9   0.0   452   503   629   680   613   680 0.89 length=683	scaffold=chromosome13	strand=-
2791_g               -            581 68993                -            503   1.6e-20   71.4  10.7   1   2      0.56   4.6e+02   -2.6   0.8   421   494    13    87    12    92 0.65 length=582	scaffold=chromosome2	strand=+
2791_g               -            581 68993                -            503   1.6e-20   71.4  10.7   2   2     8e-23   6.6e-20   69.4   3.2    54   500   131   573   120   575 0.75 length=582	scaffold=chromosome2	strand=+
219_g                -            997 68993                -            503   1.2e-14   52.1   0.9   1   3     3e-10   2.5e-07   27.9   0.2   173   328   682   834   677   855 0.82 length=998	scaffold=chromosome10	strand=-
219_g                -            997 68993                -            503   1.2e-14   52.1   0.9   2   3       1.8   1.5e+03   -4.3   0.1   385   401   881   897   875   898 0.84 length=998	scaffold=chromosome10	strand=-
219_g                -            997 68993                -            503   1.2e-14   52.1   0.9   3   3     2e-08   1.6e-05   22.0   0.0   458   500   947   989   925   991 0.85 length=998	scaffold=chromosome10	strand=-
3131_g               -            591 68993                -            503   2.1e-10   38.0   1.2   1   3     0.061        51    0.5   0.0   174   205   214   245   211   257 0.80 length=592	scaffold=chromosome4	strand=-
3131_g               -            591 68993                -            503   2.1e-10   38.0   1.2   2   3   7.1e-08   5.9e-05   20.1   0.4   222   312   328   420   309   456 0.75 length=592	scaffold=chromosome4	strand=-
3131_g               -            591 68993                -            503   2.1e-10   38.0   1.2   3   3     6e-06     0.005   13.7   0.0   467   500   550   583   533   585 0.91 length=592	scaffold=chromosome4	strand=-
169_g                -           1056 68993                -            503     2e-06   25.0   1.1   1   3   0.00035      0.29    7.9   0.0   172   210   463   502   457   514 0.81 length=1057	scaffold=chromosome10	strand=-
169_g                -           1056 68993                -            503     2e-06   25.0   1.1   2   3   9.6e-06     0.008   13.1   0.8   230   292   593   657   586   668 0.83 length=1057	scaffold=chromosome10	strand=-
169_g                -           1056 68993                -            503     2e-06   25.0   1.1   3   3      0.21   1.7e+02   -1.2   0.0   460   497  1016  1053   997  1055 0.85 length=1057	scaffold=chromosome10	strand=-
2337_g               -            636 68993                -            503     0.037   10.9   0.2   1   2    0.0036         3    4.6   0.0   244   276   274   306   270   345 0.72 length=637	scaffold=chromosome14	strand=-
2337_g               -            636 68993                -            503     0.037   10.9   0.2   2   2    0.0052       4.3    4.1   0.0   475   500   386   411   372   413 0.85 length=637	scaffold=chromosome14	strand=-
#
# Program:         hmmsearch
# Version:         3.4 (Aug 2023)
# Pipeline mode:   SEARCH
# Query file:      /home/inf-20-2025/Malaria/busco_downloads/lineages/apicomplexa_odb12/hmms/68993at5794.hmm
# Target file:     /home/inf-20-2025/Malaria/Results/6_nobird_annotation/P_cynomolgi.faa
# Option settings: hmmsearch --domtblout Results/8_busco/P_cynomolgi/run_apicomplexa_odb12/hmmer_output/initial_run_results/68993at5794.out --cpu 1 /home/inf-20-2025/Malaria/busco_downloads/lineages/apicomplexa_odb12/hmms/68993at5794.hmm /home/inf-20-2025/Malaria/Results/6_nobird_annotation/P_cynomolgi.faa 
# Current dir:     /home/inf-20-2025/Malaria
# Date:            Wed Mar  4 18:30:53 2026
# [ok]
