#                                                                            --- full sequence --- -------------- this domain -------------   hmm coord   ali coord   env coord
# target name        accession   tlen query name           accession   qlen   E-value  score  bias   #  of  c-Evalue  i-Evalue  score  bias  from    to  from    to  from    to  acc description of target
#------------------- ---------- ----- -------------------- ---------- ----- --------- ------ ----- --- --- --------- --------- ------ ----- ----- ----- ----- ----- ----- ----- ---- ---------------------
2263_g               -           1670 69012                -            487  5.6e-234  775.8  59.0   1   4  3.9e-144  4.6e-142  472.7   3.3     2   250   797  1046   796  1053 0.98 length=1671	scaffold=chromosome14	strand=+
2263_g               -           1670 69012                -            487  5.6e-234  775.8  59.0   2   4     3e-63   3.6e-61  205.9   5.9   242   411  1191  1360  1165  1411 0.80 length=1671	scaffold=chromosome14	strand=+
2263_g               -           1670 69012                -            487  5.6e-234  775.8  59.0   3   4    0.0013      0.15    9.3  16.4   371   424  1530  1583  1526  1589 0.79 length=1671	scaffold=chromosome14	strand=+
2263_g               -           1670 69012                -            487  5.6e-234  775.8  59.0   4   4   7.5e-35   8.8e-33  112.3   1.0   408   487  1591  1670  1585  1670 0.94 length=1671	scaffold=chromosome14	strand=+
411_g                -            384 69012                -            487   2.5e-38  130.6   7.7   1   2   5.1e-27     6e-25   86.5   3.0   184   365    11   191     2   199 0.90 length=385	scaffold=chromosome11	strand=+
411_g                -            384 69012                -            487   2.5e-38  130.6   7.7   2   2   6.5e-15   7.7e-13   46.5   0.2    96   168   202   274   193   291 0.88 length=385	scaffold=chromosome11	strand=+
1703_g               -            453 69012                -            487   6.4e-34  116.1   1.2   1   1   7.7e-36   9.1e-34  115.5   1.2     5   175    18   187    15   202 0.94 length=454	scaffold=chromosome13	strand=+
426_g                -            514 69012                -            487   1.1e-32  112.0   0.0   1   2   6.6e-21   7.8e-19   66.3   0.0   185   400    90   306    86   320 0.82 length=515	scaffold=chromosome11	strand=+
426_g                -            514 69012                -            487   1.1e-32  112.0   0.0   2   2   5.3e-14   6.2e-12   43.5   0.0    95   183   373   460   361   495 0.87 length=515	scaffold=chromosome11	strand=+
1801_g               -            505 69012                -            487   2.3e-30  104.3  14.4   1   2   6.9e-24   8.2e-22   76.1   9.4   185   414    84   317    79   334 0.78 length=506	scaffold=chromosome13	strand=-
1801_g               -            505 69012                -            487   2.3e-30  104.3  14.4   2   2   1.1e-12   1.3e-10   39.2   0.2    96   168   397   470   388   501 0.66 length=506	scaffold=chromosome13	strand=-
3307_g               -            292 69012                -            487   1.1e-25   88.9   0.0   1   2   1.5e-09   1.7e-07   28.9   0.0   180   250     4    76     1   111 0.84 length=293	scaffold=chromosome5	strand=+
3307_g               -            292 69012                -            487   1.1e-25   88.9   0.0   2   2     2e-18   2.4e-16   58.1   0.0   284   413   154   282   141   291 0.85 length=293	scaffold=chromosome5	strand=+
3859_g               -            338 69012                -            487   4.7e-22   76.9   5.0   1   2   5.3e-10   6.2e-08   30.3   0.0   283   358    85   158    53   162 0.85 length=339	scaffold=chromosome7	strand=-
3859_g               -            338 69012                -            487   4.7e-22   76.9   5.0   2   2   3.7e-15   4.3e-13   47.4   2.3   283   394   168   276   156   299 0.78 length=339	scaffold=chromosome7	strand=-
3559_g               -           1595 69012                -            487   1.1e-19   69.1   2.9   1   1   1.5e-21   1.8e-19   68.4   2.9   158   419   329   599   314   610 0.78 length=1596	scaffold=chromosome6	strand=+
2203_g               -           1121 69012                -            487   1.8e-17   61.8  19.1   1   5     0.048       5.6    4.1   0.2   276   321   363   407   308   411 0.72 length=1122	scaffold=chromosome14	strand=+
2203_g               -           1121 69012                -            487   1.8e-17   61.8  19.1   2   5     0.038       4.5    4.4   7.2   236   363   410   538   405   577 0.90 length=1122	scaffold=chromosome14	strand=+
2203_g               -           1121 69012                -            487   1.8e-17   61.8  19.1   3   5      0.02       2.3    5.4   0.2   280   357   728   800   720   826 0.72 length=1122	scaffold=chromosome14	strand=+
2203_g               -           1121 69012                -            487   1.8e-17   61.8  19.1   4   5   2.1e-06   0.00025   18.5   0.6   260   325   837   904   824   908 0.78 length=1122	scaffold=chromosome14	strand=+
2203_g               -           1121 69012                -            487   1.8e-17   61.8  19.1   5   5   4.4e-18   5.2e-16   57.0  12.1   220   418   919  1112   911  1120 0.78 length=1122	scaffold=chromosome14	strand=+
1068_g               -            923 69012                -            487   1.7e-16   58.6   7.1   1   3   8.2e-08   9.7e-06   23.1   3.9   249   370   510   632   501   647 0.83 length=924	scaffold=chromosome12	strand=-
1068_g               -            923 69012                -            487   1.7e-16   58.6   7.1   2   3   1.7e-10     2e-08   31.9   0.0   295   365   658   729   645   768 0.77 length=924	scaffold=chromosome12	strand=-
1068_g               -            923 69012                -            487   1.7e-16   58.6   7.1   3   3      0.19        23    2.1   0.0   197   245   855   902   847   911 0.85 length=924	scaffold=chromosome12	strand=-
3394_g               -            361 69012                -            487     2e-16   58.4   0.8   1   2   1.7e-07     2e-05   22.1   0.1   285   346   118   180    47   204 0.76 length=362	scaffold=chromosome5	strand=-
3394_g               -            361 69012                -            487     2e-16   58.4   0.8   2   2   1.5e-11   1.7e-09   35.5   0.1   286   391   203   309   182   325 0.74 length=362	scaffold=chromosome5	strand=-
4056_g               -            304 69012                -            487   1.2e-15   55.8   0.1   1   1   1.7e-17     2e-15   55.1   0.1   273   364    60   152    44   157 0.92 length=305	scaffold=chromosome8	strand=+
2378_g               -            544 69012                -            487   3.6e-15   54.2   3.5   1   2   0.00098      0.12    9.7   0.2   185   242    18    77    14   118 0.72 length=545	scaffold=chromosome14	strand=-
2378_g               -            544 69012                -            487   3.6e-15   54.2   3.5   2   2   1.6e-14   1.9e-12   45.3   0.3    93   167   459   533   440   543 0.88 length=545	scaffold=chromosome14	strand=-
2077_g               -            126 69012                -            487   5.6e-15   53.6   0.3   1   1   5.1e-17     6e-15   53.5   0.3     8    84     9    85     2   117 0.57 length=127	scaffold=chromosome14	strand=-
3898_g               -            547 69012                -            487     7e-14   50.0  13.0   1   1   2.6e-14   3.1e-12   44.5  12.6    95   426   138   484   137   492 0.75 length=548	scaffold=chromosome7	strand=+
4096_g               -            241 69012                -            487   1.2e-13   49.2   1.1   1   2   1.1e-09   1.3e-07   29.3   0.1   277   365     5    91     1   128 0.80 length=242	scaffold=chromosome8	strand=+
4096_g               -            241 69012                -            487   1.2e-13   49.2   1.1   2   2   1.2e-06   0.00014   19.3   0.1   270   359   148   237   132   241 0.82 length=242	scaffold=chromosome8	strand=+
4749_g               -           1324 69012                -            487   2.8e-13   48.0   0.0   1   1   1.2e-14   1.5e-12   45.6   0.0   277   372   501   599   494   628 0.87 length=1325	scaffold=chromosome9	strand=+
4029_g               -            845 69012                -            487   9.1e-13   46.3   2.2   1   2   1.6e-10   1.9e-08   32.0   0.4   284   373   107   198    50   210 0.78 length=846	scaffold=chromosome7	strand=-
4029_g               -            845 69012                -            487   9.1e-13   46.3   2.2   2   2   6.6e-05    0.0078   13.5   0.1   180   270   217   306   206   362 0.70 length=846	scaffold=chromosome7	strand=-
4010_g               -            842 69012                -            487   1.6e-12   45.5   0.8   1   2   1.7e-14     2e-12   45.2   0.0     5    85     5    85     1    95 0.94 length=843	scaffold=chromosome7	strand=+
4010_g               -            842 69012                -            487   1.6e-12   45.5   0.8   2   2       9.7   1.1e+03   -3.5   0.2   366   434   279   347   262   360 0.54 length=843	scaffold=chromosome7	strand=+
3542_g               -            472 69012                -            487   8.3e-12   43.1   0.7   1   1     7e-14   8.3e-12   43.1   0.7   272   384   236   349   199   367 0.83 length=473	scaffold=chromosome6	strand=-
1872_g               -            662 69012                -            487   3.8e-11   40.9   1.1   1   2   3.2e-13   3.8e-11   40.9   1.1   241   346   120   231   109   278 0.77 length=663	scaffold=chromosome13	strand=+
1872_g               -            662 69012                -            487   3.8e-11   40.9   1.1   2   2       7.1   8.4e+02   -3.1   0.5   254   280   363   389   358   422 0.50 length=663	scaffold=chromosome13	strand=+
420_g                -            181 69012                -            487   1.2e-10   39.4   0.6   1   1   1.2e-12   1.4e-10   39.1   0.6   286   374    51   138    39   179 0.76 length=182	scaffold=chromosome11	strand=+
4565_g               -            174 69012                -            487     2e-10   38.6   0.2   1   1   2.4e-12   2.8e-10   38.1   0.2   184   249     9    76     3    93 0.83 length=175	scaffold=chromosome9	strand=-
716_g                -            746 69012                -            487   1.1e-09   36.2   8.2   1   3       9.3   1.1e+03   -3.4   0.0   181   206   218   243   198   268 0.65 length=747	scaffold=chromosome11	strand=+
716_g                -            746 69012                -            487   1.1e-09   36.2   8.2   2   3    0.0014      0.16    9.2   0.5   174   278   393   494   384   512 0.76 length=747	scaffold=chromosome11	strand=+
716_g                -            746 69012                -            487   1.1e-09   36.2   8.2   3   3   3.2e-10   3.8e-08   31.1   0.7   184   361   550   743   534   745 0.69 length=747	scaffold=chromosome11	strand=+
2268_g               -            110 69012                -            487   1.1e-09   36.2   0.0   1   1   9.3e-12   1.1e-09   36.1   0.0   176   278     7   108     1   110 0.77 length=111	scaffold=chromosome14	strand=-
1944_g               -            391 69012                -            487   2.3e-09   35.1   3.0   1   1     3e-11   3.5e-09   34.5   3.0   283   424   219   364   178   379 0.66 length=392	scaffold=chromosome14	strand=+
4632_g               -           1061 69012                -            487   3.1e-09   34.6   0.2   1   1   2.6e-11   3.1e-09   34.6   0.2   284   381     5   106     2   153 0.60 length=1062	scaffold=chromosome9	strand=+
636_g                -            123 69012                -            487   7.4e-09   33.4   1.1   1   1   6.6e-11   7.8e-09   33.3   1.1   261   344    41   120     4   122 0.85 length=124	scaffold=chromosome11	strand=-
277_g                -            326 69012                -            487   8.9e-09   33.1   0.0   1   2   7.6e-11   8.9e-09   33.1   0.0   279   384     6   114     3   163 0.78 length=327	scaffold=chromosome10	strand=+
277_g                -            326 69012                -            487   8.9e-09   33.1   0.0   2   2       3.1   3.7e+02   -1.9   2.6   361   419   235   293   228   307 0.57 length=327	scaffold=chromosome10	strand=+
4075_g               -            906 69012                -            487   1.1e-08   32.9   3.2   1   2     9e-11   1.1e-08   32.9   3.2   184   353   317   488   296   492 0.81 length=907	scaffold=chromosome8	strand=-
4075_g               -            906 69012                -            487   1.1e-08   32.9   3.2   2   2   0.00095      0.11    9.7   0.3   133   172   458   497   457   507 0.92 length=907	scaffold=chromosome8	strand=-
1336_g               -            797 69012                -            487   1.2e-08   32.7   1.1   1   1     1e-10   1.2e-08   32.7   1.1   265   365     9   110     3   182 0.78 length=798	scaffold=chromosome12	strand=-
3563_g               -            544 69012                -            487   4.4e-08   30.9   0.6   1   1   3.7e-10   4.4e-08   30.9   0.6   183   384    13   205     3   253 0.57 length=545	scaffold=chromosome6	strand=-
720_g                -            601 69012                -            487   5.2e-08   30.6   3.5   1   3   5.2e-05    0.0061   13.9   0.0   185   255    11    81     4    90 0.63 length=602	scaffold=chromosome11	strand=-
720_g                -            601 69012                -            487   5.2e-08   30.6   3.5   2   3   1.7e-08     2e-06   25.4   1.1   179   250   161   233   117   264 0.77 length=602	scaffold=chromosome11	strand=-
720_g                -            601 69012                -            487   5.2e-08   30.6   3.5   3   3       6.5   7.7e+02   -2.9   0.7   348   378   564   593   545   598 0.73 length=602	scaffold=chromosome11	strand=-
4240_g               -            283 69012                -            487   5.7e-08   30.5   0.1   1   2   4.8e-10   5.7e-08   30.5   0.1    94   170    35   112    10   130 0.83 length=284	scaffold=chromosome8	strand=-
4240_g               -            283 69012                -            487   5.7e-08   30.5   0.1   2   2       6.5   7.7e+02   -2.9   0.7   319   319   210   210   146   260 0.54 length=284	scaffold=chromosome8	strand=-
352_g                -            489 69012                -            487   1.2e-07   29.4   0.4   1   1     1e-09   1.2e-07   29.4   0.4    92   167    95   170    50   181 0.79 length=490	scaffold=chromosome11	strand=-
142_g                -            316 69012                -            487   1.3e-07   29.3   0.0   1   3   1.1e-09   1.3e-07   29.3   0.0   181   250     6    75     2    92 0.86 length=317	scaffold=chromosome10	strand=+
142_g                -            316 69012                -            487   1.3e-07   29.3   0.0   2   3      0.73        87    0.2   0.1   135   165   144   174   138   190 0.77 length=317	scaffold=chromosome10	strand=+
142_g                -            316 69012                -            487   1.3e-07   29.3   0.0   3   3       4.4   5.2e+02   -2.4   4.8   363   425   241   303   209   307 0.85 length=317	scaffold=chromosome10	strand=+
3972_g               -            288 69012                -            487   1.7e-07   28.9   8.5   1   2   5.7e-05    0.0067   13.8   3.2   191   275    54   136    14   146 0.64 length=289	scaffold=chromosome7	strand=+
3972_g               -            288 69012                -            487   1.7e-07   28.9   8.5   2   2   2.5e-06   0.00029   18.2   0.2    93   167   209   283   204   286 0.86 length=289	scaffold=chromosome7	strand=+
1837_g               -            107 69012                -            487   4.4e-07   27.5   0.1   1   1   4.4e-09   5.2e-07   27.3   0.1    99   360    27    99     9   107 0.46 length=108	scaffold=chromosome13	strand=-
4670_g               -            862 69012                -            487   1.5e-06   25.8   3.2   1   2       7.3   8.6e+02   -3.1   0.2   163   199    76   115    72   116 0.75 length=863	scaffold=chromosome9	strand=-
4670_g               -            862 69012                -            487   1.5e-06   25.8   3.2   2   2   1.3e-08   1.5e-06   25.8   3.2   269   422   668   829   655   836 0.71 length=863	scaffold=chromosome9	strand=-
3925_g               -            202 69012                -            487   2.2e-06   25.3   0.3   1   1   2.1e-08   2.4e-06   25.1   0.3   274   341    60   128    16   149 0.74 length=203	scaffold=chromosome7	strand=-
1116_g               -            914 69012                -            487   9.9e-06   23.1  15.8   1   4      0.77        91    0.1   0.0   175   209   536   571   512   578 0.77 length=915	scaffold=chromosome12	strand=+
1116_g               -            914 69012                -            487   9.9e-06   23.1  15.8   2   4   2.6e-05    0.0031   14.9   0.1   284   320   676   712   665   715 0.89 length=915	scaffold=chromosome12	strand=+
1116_g               -            914 69012                -            487   9.9e-06   23.1  15.8   3   4   0.00029     0.034   11.4   0.0   131   185   714   770   712   795 0.80 length=915	scaffold=chromosome12	strand=+
1116_g               -            914 69012                -            487   9.9e-06   23.1  15.8   4   4     0.031       3.7    4.7   0.0   138   171   869   901   838   910 0.80 length=915	scaffold=chromosome12	strand=+
2482_g               -            391 69012                -            487   1.6e-05   22.4   0.3   1   1   2.5e-07     3e-05   21.5   0.3   155   243   193   281   175   299 0.77 length=392	scaffold=chromosome14	strand=+
3404_g               -            238 69012                -            487   1.9e-05   22.1   0.0   1   1   2.1e-07   2.5e-05   21.8   0.0     4    80    31   107    28   135 0.88 length=239	scaffold=chromosome5	strand=+
1494_g               -            134 69012                -            487   2.3e-05   21.9   0.5   1   1   2.4e-07   2.8e-05   21.6   0.5    84   185    24   128    11   131 0.83 length=135	scaffold=chromosome13	strand=+
3409_g               -            483 69012                -            487     3e-05   21.5   0.0   1   1   2.5e-07     3e-05   21.5   0.0    93   166   406   479   371   482 0.89 length=484	scaffold=chromosome5	strand=-
1982_g               -            158 69012                -            487   7.1e-05   20.3   1.4   1   1   6.4e-07   7.6e-05   20.2   1.4   152   250     3   104     1   153 0.81 length=159	scaffold=chromosome14	strand=-
4681_g               -            948 69012                -            487   0.00032   18.1   0.1   1   2     0.015       1.8    5.7   0.0   182   222   731   769   716   776 0.84 length=949	scaffold=chromosome9	strand=-
4681_g               -            948 69012                -            487   0.00032   18.1   0.1   2   2   5.4e-05    0.0064   13.8   0.1    17    93   740   825   734   844 0.79 length=949	scaffold=chromosome9	strand=-
4558_g               -            323 69012                -            487   0.00056   17.3   0.0   1   1   4.8e-06   0.00056   17.3   0.0   303   412    89   201    72   222 0.67 length=324	scaffold=chromosome9	strand=-
3621_g               -            897 69012                -            487     0.013   12.9   0.1   1   2   0.00011     0.013   12.9   0.1   285   422     9   142     2   166 0.68 length=898	scaffold=chromosome6	strand=-
3621_g               -            897 69012                -            487     0.013   12.9   0.1   2   2      0.51        60    0.7   2.3   348   414   455   521   430   538 0.58 length=898	scaffold=chromosome6	strand=-
#
# Program:         hmmsearch
# Version:         3.4 (Aug 2023)
# Pipeline mode:   SEARCH
# Query file:      /home/inf-20-2025/Malaria/busco_downloads/lineages/apicomplexa_odb12/hmms/69012at5794.hmm
# Target file:     /home/inf-20-2025/Malaria/Results/6_nobird_annotation/P_cynomolgi.faa
# Option settings: hmmsearch --domtblout Results/8_busco/P_cynomolgi/run_apicomplexa_odb12/hmmer_output/initial_run_results/69012at5794.out --cpu 1 /home/inf-20-2025/Malaria/busco_downloads/lineages/apicomplexa_odb12/hmms/69012at5794.hmm /home/inf-20-2025/Malaria/Results/6_nobird_annotation/P_cynomolgi.faa 
# Current dir:     /home/inf-20-2025/Malaria
# Date:            Wed Mar  4 18:30:55 2026
# [ok]
