#                                                                            --- full sequence --- -------------- this domain -------------   hmm coord   ali coord   env coord
# target name        accession   tlen query name           accession   qlen   E-value  score  bias   #  of  c-Evalue  i-Evalue  score  bias  from    to  from    to  from    to  acc description of target
#------------------- ---------- ----- -------------------- ---------- ----- --------- ------ ----- --- --- --------- --------- ------ ----- ----- ----- ----- ----- ----- ----- ---- ---------------------
3264_g               -            408 69135                -            425  7.7e-154  511.0   4.6   1   1  2.2e-156  9.7e-154  510.7   4.6    55   420     6   389     2   393 0.92 length=409	scaffold=chromosome5	strand=+
1081_g               -            543 69135                -            425   4.4e-40  136.2  19.8   1   2   7.7e-18   3.4e-15   54.2   2.5     5   169    24   203    20   226 0.81 length=544	scaffold=chromosome12	strand=+
1081_g               -            543 69135                -            425   4.4e-40  136.2  19.8   2   2   8.6e-28   3.8e-25   87.0   9.6   159   419   238   518   227   524 0.78 length=544	scaffold=chromosome12	strand=+
4700_g               -            424 69135                -            425   2.8e-34  117.1   9.5   1   3   1.9e-17   8.3e-15   53.0   0.6    13   109    36   133    26   155 0.86 length=425	scaffold=chromosome9	strand=-
4700_g               -            424 69135                -            425   2.8e-34  117.1   9.5   2   3   5.4e-21   2.4e-18   64.6   0.8     4   156   161   320   157   330 0.78 length=425	scaffold=chromosome9	strand=-
4700_g               -            424 69135                -            425   2.8e-34  117.1   9.5   3   3     0.016       7.2    3.7   0.0    64   112   342   393   329   409 0.80 length=425	scaffold=chromosome9	strand=-
778_g                -            209 69135                -            425   1.2e-21   75.5   0.2   1   1   3.4e-24   1.5e-21   75.2   0.2     7   108    22   129    19   161 0.84 length=210	scaffold=chromosome12	strand=+
3884_g               -           1065 69135                -            425   5.2e-18   63.5  11.1   1   2   5.1e-13   2.3e-10   38.3   4.0     4   148    42   191    40   328 0.66 length=1066	scaffold=chromosome7	strand=+
3884_g               -           1065 69135                -            425   5.2e-18   63.5  11.1   2   2   3.2e-10   1.4e-07   29.1   0.7   275   388   363   480   350   489 0.82 length=1066	scaffold=chromosome7	strand=+
4464_g               -            545 69135                -            425   5.9e-18   63.3   2.7   1   2     2e-18   9.1e-16   56.1   0.7     7   130   177   302   171   320 0.89 length=546	scaffold=chromosome9	strand=-
4464_g               -            545 69135                -            425   5.9e-18   63.3   2.7   2   2    0.0018      0.79    6.9   0.0   218   296   436   522   413   533 0.77 length=546	scaffold=chromosome9	strand=-
1223_g               -            104 69135                -            425   2.5e-17   61.3   0.2   1   1   5.9e-20   2.6e-17   61.2   0.2    15    92     8    84     2   100 0.92 length=105	scaffold=chromosome12	strand=+
4637_g               -            362 69135                -            425   1.5e-12   45.5   2.5   1   1   5.2e-15   2.3e-12   44.9   2.5    56   298    13   281     9   314 0.71 length=363	scaffold=chromosome9	strand=+
853_g                -            157 69135                -            425   2.2e-10   38.4   0.1   1   1   5.7e-13   2.5e-10   38.2   0.1    20    90    65   135    50   153 0.92 length=158	scaffold=chromosome12	strand=+
3854_g               -            179 69135                -            425   1.3e-08   32.6   0.5   1   2       1.3   5.8e+02   -2.5   0.0   333   363    20    50    18    68 0.71 length=180	scaffold=chromosome7	strand=+
3854_g               -            179 69135                -            425   1.3e-08   32.6   0.5   2   2   3.9e-11   1.7e-08   32.2   0.2    23    90    84   149    59   157 0.86 length=180	scaffold=chromosome7	strand=+
4424_g               -            426 69135                -            425     2e-07   28.7   3.0   1   3     0.014       6.1    4.0   0.3     7    74    34   104    29   116 0.84 length=427	scaffold=chromosome9	strand=+
4424_g               -            426 69135                -            425     2e-07   28.7   3.0   2   3   7.9e-06    0.0035   14.7   0.0    43   108   183   250   151   257 0.80 length=427	scaffold=chromosome9	strand=+
4424_g               -            426 69135                -            425     2e-07   28.7   3.0   3   3   0.00045       0.2    8.9   0.0   239   308   336   410   331   418 0.77 length=427	scaffold=chromosome9	strand=+
3941_g               -            123 69135                -            425   2.4e-07   28.4   0.0   1   1     6e-10   2.7e-07   28.2   0.0    20    92    26    97    11   118 0.84 length=124	scaffold=chromosome7	strand=+
4094_g               -            193 69135                -            425   0.00014   19.3   0.2   1   1     5e-07   0.00022   18.6   0.2    12    92    78   157    71   162 0.94 length=194	scaffold=chromosome8	strand=-
#
# Program:         hmmsearch
# Version:         3.4 (Aug 2023)
# Pipeline mode:   SEARCH
# Query file:      /home/inf-20-2025/Malaria/busco_downloads/lineages/apicomplexa_odb12/hmms/69135at5794.hmm
# Target file:     /home/inf-20-2025/Malaria/Results/6_nobird_annotation/P_cynomolgi.faa
# Option settings: hmmsearch --domtblout Results/8_busco/P_cynomolgi/run_apicomplexa_odb12/hmmer_output/initial_run_results/69135at5794.out --cpu 1 /home/inf-20-2025/Malaria/busco_downloads/lineages/apicomplexa_odb12/hmms/69135at5794.hmm /home/inf-20-2025/Malaria/Results/6_nobird_annotation/P_cynomolgi.faa 
# Current dir:     /home/inf-20-2025/Malaria
# Date:            Wed Mar  4 18:30:51 2026
# [ok]
