#                                                                            --- full sequence --- -------------- this domain -------------   hmm coord   ali coord   env coord
# target name        accession   tlen query name           accession   qlen   E-value  score  bias   #  of  c-Evalue  i-Evalue  score  bias  from    to  from    to  from    to  acc description of target
#------------------- ---------- ----- -------------------- ---------- ----- --------- ------ ----- --- --- --------- --------- ------ ----- ----- ----- ----- ----- ----- ----- ---- ---------------------
3869_g               -            637 69177                -            621         0 1114.3  23.8   1   1         0         0 1113.1  23.8     2   613    24   623    23   637 0.98 length=638	scaffold=chromosome7	strand=+
3346_g               -            682 69177                -            621  1.7e-280  929.7   7.2   1   1    2e-283  2.3e-280  929.3   7.2     7   611    16   629    12   633 0.97 length=683	scaffold=chromosome5	strand=-
4699_g               -            663 69177                -            621  7.2e-225  746.0  17.5   1   1  7.8e-228  9.1e-225  745.7  17.5     3   614    38   645    36   654 0.94 length=664	scaffold=chromosome9	strand=+
2586_g               -            893 69177                -            621   2.6e-47  159.5  42.4   1   4     7e-33   8.1e-30  101.7   3.2     7   250     2   254     1   263 0.84 length=894	scaffold=chromosome1	strand=+
2586_g               -            893 69177                -            621   2.6e-47  159.5  42.4   2   4   2.2e-21   2.6e-18   63.7   0.1   255   380   288   414   276   421 0.90 length=894	scaffold=chromosome1	strand=+
2586_g               -            893 69177                -            621   2.6e-47  159.5  42.4   3   4   6.6e-08   7.7e-05   19.2   3.1   498   610   628   739   615   747 0.85 length=894	scaffold=chromosome1	strand=+
2586_g               -            893 69177                -            621   2.6e-47  159.5  42.4   4   4         5   5.8e+03  -11.3  16.6   515   590   801   876   784   885 0.82 length=894	scaffold=chromosome1	strand=+
862_g                -            946 69177                -            621     1e-39  134.4  27.5   1   4     1e-05     0.012   12.0   0.1     7    70    25    89    20   118 0.90 length=947	scaffold=chromosome12	strand=-
862_g                -            946 69177                -            621     1e-39  134.4  27.5   2   4   2.3e-35   2.7e-32  109.9   2.7    90   372   139   441   126   463 0.86 length=947	scaffold=chromosome12	strand=-
862_g                -            946 69177                -            621     1e-39  134.4  27.5   3   4   1.3e-09   1.5e-06   24.8   6.7   505   603   649   747   628   758 0.91 length=947	scaffold=chromosome12	strand=-
862_g                -            946 69177                -            621     1e-39  134.4  27.5   4   4      0.13   1.5e+02   -1.6   1.4   535   584   760   809   746   850 0.71 length=947	scaffold=chromosome12	strand=-
#
# Program:         hmmsearch
# Version:         3.4 (Aug 2023)
# Pipeline mode:   SEARCH
# Query file:      /home/inf-20-2025/Malaria/busco_downloads/lineages/apicomplexa_odb12/hmms/69177at5794.hmm
# Target file:     /home/inf-20-2025/Malaria/Results/6_nobird_annotation/P_cynomolgi.faa
# Option settings: hmmsearch --domtblout Results/8_busco/P_cynomolgi/run_apicomplexa_odb12/hmmer_output/initial_run_results/69177at5794.out --cpu 1 /home/inf-20-2025/Malaria/busco_downloads/lineages/apicomplexa_odb12/hmms/69177at5794.hmm /home/inf-20-2025/Malaria/Results/6_nobird_annotation/P_cynomolgi.faa 
# Current dir:     /home/inf-20-2025/Malaria
# Date:            Wed Mar  4 18:30:53 2026
# [ok]
