#                                                                            --- full sequence --- -------------- this domain -------------   hmm coord   ali coord   env coord
# target name        accession   tlen query name           accession   qlen   E-value  score  bias   #  of  c-Evalue  i-Evalue  score  bias  from    to  from    to  from    to  acc description of target
#------------------- ---------- ----- -------------------- ---------- ----- --------- ------ ----- --- --- --------- --------- ------ ----- ----- ----- ----- ----- ----- ----- ---- ---------------------
2074_g               -            434 8326                 -            165   1.5e-94  312.6   3.6   1   1   9.2e-97   3.1e-94  311.5   3.6     1   165   221   386   221   386 0.99 length=435	scaffold=chromosome14	strand=+
891_g                -            229 8326                 -            165   1.3e-61  205.4   0.7   1   1   4.9e-64   1.7e-61  205.0   0.7     2   164     2   169     1   170 0.94 length=230	scaffold=chromosome12	strand=+
2329_g               -            213 8326                 -            165   3.1e-60  200.9   0.0   1   1   1.1e-62   3.8e-60  200.6   0.0     6   163     4   160     1   162 0.98 length=214	scaffold=chromosome14	strand=+
173_g                -            207 8326                 -            165     2e-57  191.8   1.4   1   1     7e-60   2.4e-57  191.5   1.4     3   164     6   167     4   168 0.98 length=208	scaffold=chromosome10	strand=+
186_g                -            276 8326                 -            165   1.2e-54  182.7   4.9   1   1   1.6e-54   5.3e-52  174.1   4.9     5   164    59   239    55   240 0.88 length=277	scaffold=chromosome10	strand=-
4807_g               -            207 8326                 -            165   6.1e-47  157.7   0.4   1   1   2.7e-49   9.2e-47  157.1   0.4    10   164    12   166     6   167 0.98 length=208	scaffold=chromosome9	strand=-
2758_g               -           1514 8326                 -            165   7.8e-42  141.0   0.5   1   2   5.8e-43     2e-40  136.5   0.2     8   139  1262  1393  1256  1402 0.96 length=1515	scaffold=chromosome2	strand=-
2758_g               -           1514 8326                 -            165   7.8e-42  141.0   0.5   2   2      0.15        52    1.8   0.0   142   163  1418  1439  1411  1441 0.87 length=1515	scaffold=chromosome2	strand=-
1981_g               -            205 8326                 -            165   6.1e-38  128.4   0.1   1   1   2.2e-40   7.5e-38  128.1   0.1     4   164    27   186    24   187 0.95 length=206	scaffold=chromosome14	strand=-
3137_g               -            245 8326                 -            165   3.6e-36  122.6   6.0   1   2   1.1e-11   3.7e-09   34.8   0.2     9    56     6    53     2    62 0.91 length=246	scaffold=chromosome4	strand=+
3137_g               -            245 8326                 -            165   3.6e-36  122.6   6.0   2   2     8e-29   2.7e-26   90.5   1.4    36   163    78   204    59   206 0.86 length=246	scaffold=chromosome4	strand=+
2626_g               -            182 8326                 -            165   4.9e-33  112.4   6.3   1   2   2.1e-23   7.3e-21   72.8   0.3     3    70     4    71     2    74 0.96 length=183	scaffold=chromosome1	strand=-
2626_g               -            182 8326                 -            165   4.9e-33  112.4   6.3   2   2   2.7e-14   9.1e-12   43.2   1.1    90   164    72   146    70   147 0.91 length=183	scaffold=chromosome1	strand=-
3732_g               -            213 8326                 -            165   6.3e-28   95.8   0.3   1   2   1.8e-30   6.3e-28   95.8   0.3    13   164     9   175     6   176 0.85 length=214	scaffold=chromosome7	strand=-
3732_g               -            213 8326                 -            165   6.3e-28   95.8   0.3   2   2         5   1.7e+03   -3.2   0.0   139   158   184   203   178   209 0.62 length=214	scaffold=chromosome7	strand=-
4542_g               -            214 8326                 -            165   1.6e-27   94.5   0.0   1   1   6.9e-30   2.4e-27   94.0   0.0     9   163     9   160     2   161 0.92 length=215	scaffold=chromosome9	strand=-
3682_g               -            178 8326                 -            165   5.3e-09   34.3   0.2   1   1     2e-11   6.8e-09   33.9   0.2    11   161    19   168    14   171 0.80 length=179	scaffold=chromosome6	strand=+
627_g                -            540 8326                 -            165   5.8e-08   30.9   0.1   1   2    0.0095       3.2    5.7   0.0     2    30    84   111    83   116 0.80 length=541	scaffold=chromosome11	strand=+
627_g                -            540 8326                 -            165   5.8e-08   30.9   0.1   2   2   5.8e-08     2e-05   22.6   0.0    55   112   238   295   232   304 0.87 length=541	scaffold=chromosome11	strand=+
3549_g               -            188 8326                 -            165   1.9e-07   29.2   0.1   1   1   7.2e-10   2.5e-07   28.8   0.1    12   133    27   144    21   171 0.74 length=189	scaffold=chromosome6	strand=-
1373_g               -            185 8326                 -            165   2.7e-05   22.2   0.2   1   1     1e-07   3.5e-05   21.8   0.2    10   134    17   137     9   167 0.78 length=186	scaffold=chromosome12	strand=+
3424_g               -            191 8326                 -            165   0.00044   18.2   0.0   1   1   2.3e-06   0.00077   17.5   0.0    59   126    65   133    55   156 0.86 length=192	scaffold=chromosome5	strand=+
#
# Program:         hmmsearch
# Version:         3.4 (Aug 2023)
# Pipeline mode:   SEARCH
# Query file:      /home/inf-20-2025/Malaria/busco_downloads/lineages/apicomplexa_odb12/hmms/8326at5794.hmm
# Target file:     /home/inf-20-2025/Malaria/Results/6_nobird_annotation/P_cynomolgi.faa
# Option settings: hmmsearch --domtblout Results/8_busco/P_cynomolgi/run_apicomplexa_odb12/hmmer_output/initial_run_results/8326at5794.out --cpu 1 /home/inf-20-2025/Malaria/busco_downloads/lineages/apicomplexa_odb12/hmms/8326at5794.hmm /home/inf-20-2025/Malaria/Results/6_nobird_annotation/P_cynomolgi.faa 
# Current dir:     /home/inf-20-2025/Malaria
# Date:            Wed Mar  4 18:30:53 2026
# [ok]
