#                                                                            --- full sequence --- -------------- this domain -------------   hmm coord   ali coord   env coord
# target name        accession   tlen query name           accession   qlen   E-value  score  bias   #  of  c-Evalue  i-Evalue  score  bias  from    to  from    to  from    to  acc description of target
#------------------- ---------- ----- -------------------- ---------- ----- --------- ------ ----- --- --- --------- --------- ------ ----- ----- ----- ----- ----- ----- ----- ---- ---------------------
2764_g               -           1396 10182                -            906  1.1e-226  753.6  25.7   1   5   1.8e-06     0.001   15.9   0.0   338   372     1    35     1    40 0.90 length=1397	scaffold=gi56499103	strand=+	adjustedToFrame=2
2764_g               -           1396 10182                -            906  1.1e-226  753.6  25.7   2   5   6.9e-69   3.9e-66  222.4   0.0   349   533    57   246    36   250 0.92 length=1397	scaffold=gi56499103	strand=+	adjustedToFrame=2
2764_g               -           1396 10182                -            906  1.1e-226  753.6  25.7   3   5   2.6e-72   1.4e-69  233.8   0.2   526   683   387   546   378   555 0.93 length=1397	scaffold=gi56499103	strand=+	adjustedToFrame=2
2764_g               -           1396 10182                -            906  1.1e-226  753.6  25.7   4   5   1.7e-23   9.4e-21   72.2   2.3   648   737   657   746   651   751 0.91 length=1397	scaffold=gi56499103	strand=+	adjustedToFrame=2
2764_g               -           1396 10182                -            906  1.1e-226  753.6  25.7   5   5   3.2e-68   1.8e-65  220.3   5.0   721   905  1085  1280  1079  1281 0.91 length=1397	scaffold=gi56499103	strand=+	adjustedToFrame=2
3730_g               -           1060 10182                -            906  1.3e-123  412.6   8.2   1   3     0.035        19    1.7   0.3   631   689    77   135    75   143 0.87 length=1060	scaffold=gi56496107	strand=+
3730_g               -           1060 10182                -            906  1.3e-123  412.6   8.2   2   3     8e-40   4.4e-37  126.3   0.0     3   106   410   518   408   538 0.90 length=1060	scaffold=gi56496107	strand=+
3730_g               -           1060 10182                -            906  1.3e-123  412.6   8.2   3   3   1.8e-88     1e-85  287.2   1.2    93   341   710   971   694  1026 0.88 length=1060	scaffold=gi56496107	strand=+
5988_g               -            252 10182                -            906   3.3e-66  222.7   0.1   1   1   7.4e-69   4.1e-66  222.3   0.1   526   676    71   221    61   237 0.90 length=252	scaffold=gi56486722	strand=+	adjustedToFrame=2
782_g                -            538 10182                -            906   1.5e-29  101.4   6.7   1   3     2e-19   1.1e-16   58.8   0.1   125   298   142   304   105   310 0.81 length=538	scaffold=gi56495768	strand=+
782_g                -            538 10182                -            906   1.5e-29  101.4   6.7   2   3   2.1e-13   1.1e-10   38.9   1.2   245   314   308   377   303   382 0.87 length=538	scaffold=gi56495768	strand=+
782_g                -            538 10182                -            906   1.5e-29  101.4   6.7   3   3    0.0017      0.96    6.0   0.0   265   313   382   433   377   441 0.85 length=538	scaffold=gi56495768	strand=+
1191_g               -            858 10182                -            906   1.6e-22   78.1   2.1   1   3     3e-14   1.7e-11   41.6   0.0   222   339    17   122    12   124 0.84 length=859	scaffold=gi56498693	strand=-
1191_g               -            858 10182                -            906   1.6e-22   78.1   2.1   2   3     3e-12   1.7e-09   35.0   0.1   162   310   118   267   100   273 0.74 length=859	scaffold=gi56498693	strand=-
1191_g               -            858 10182                -            906   1.6e-22   78.1   2.1   3   3     0.085        47    0.4   0.2   288   380   293   382   278   390 0.71 length=859	scaffold=gi56498693	strand=-
2065_g               -            581 10182                -            906   5.6e-18   63.1   8.7   1   4     7e-14   3.9e-11   40.4   0.6   248   347    70   166    54   179 0.81 length=581	scaffold=gi56491854	strand=-
2065_g               -            581 10182                -            906   5.6e-18   63.1   8.7   2   4   3.1e-12   1.7e-09   35.0   2.1   225   346   108   220   103   234 0.79 length=581	scaffold=gi56491854	strand=-
2065_g               -            581 10182                -            906   5.6e-18   63.1   8.7   3   4    0.0011      0.62    6.7   0.2   248   317   296   377   289   385 0.62 length=581	scaffold=gi56491854	strand=-
2065_g               -            581 10182                -            906   5.6e-18   63.1   8.7   4   4    0.0038       2.1    4.9   0.5   203   222   404   423   353   434 0.74 length=581	scaffold=gi56491854	strand=-
3644_g               -            541 10182                -            906   3.3e-16   57.2   2.8   1   3   1.5e-07   8.1e-05   19.5   0.0   241   314   160   233   137   242 0.81 length=542	scaffold=gi56499571	strand=+
3644_g               -            541 10182                -            906   3.3e-16   57.2   2.8   2   3   8.9e-10     5e-07   26.8   0.7   223   309   253   339   244   349 0.78 length=542	scaffold=gi56499571	strand=+
3644_g               -            541 10182                -            906   3.3e-16   57.2   2.8   3   3   0.00013      0.07    9.8   0.0   265   314   349   401   336   410 0.77 length=542	scaffold=gi56499571	strand=+
6547_g               -            385 10182                -            906   7.5e-13   46.1   1.7   1   2   2.5e-06    0.0014   15.4   0.2   118   218    17   122     6   129 0.51 length=385	scaffold=gi56499391	strand=-
6547_g               -            385 10182                -            906   7.5e-13   46.1   1.7   2   2   3.4e-10   1.9e-07   28.2   0.1   139   256   257   369   227   381 0.88 length=385	scaffold=gi56499391	strand=-
6844_g               -            189 10182                -            906   8.6e-13   45.9   6.1   1   3   5.7e-09   3.2e-06   24.2   0.1   241   295    25    75     6    81 0.86 length=189	scaffold=gi56490272	strand=+	adjustedToFrame=2
6844_g               -            189 10182                -            906   8.6e-13   45.9   6.1   2   3   0.00013      0.07    9.8   0.7   245   283    78   113    74   118 0.85 length=189	scaffold=gi56490272	strand=+	adjustedToFrame=2
6844_g               -            189 10182                -            906   8.6e-13   45.9   6.1   3   3   3.9e-06    0.0022   14.8   0.1   221   292   120   189   113   189 0.76 length=189	scaffold=gi56490272	strand=+	adjustedToFrame=2
6019_g               -            249 10182                -            906   1.2e-08   32.2   1.6   1   2   5.3e-08   2.9e-05   21.0   0.5   191   281    38   118     4   128 0.80 length=250	scaffold=gi56490264	strand=-	adjustedToFrame=2
6019_g               -            249 10182                -            906   1.2e-08   32.2   1.6   2   2   9.6e-05     0.053   10.2   0.0   221   306   143   228   135   243 0.77 length=250	scaffold=gi56490264	strand=-	adjustedToFrame=2
3382_g               -            408 10182                -            906   2.3e-07   27.9   1.7   1   2   0.00032      0.18    8.4   0.0   272   314   195   235   172   243 0.86 length=409	scaffold=gi56498811	strand=-	adjustedToFrame=2
3382_g               -            408 10182                -            906   2.3e-07   27.9   1.7   2   2   3.2e-07   0.00018   18.4   0.4   130   280   263   400   246   406 0.76 length=409	scaffold=gi56498811	strand=-	adjustedToFrame=2
6174_g               -            177 10182                -            906     3e-06   24.2   0.0   1   1   5.8e-09   3.2e-06   24.1   0.0   125   223    67   165    16   173 0.80 length=177	scaffold=gi56483999	strand=+
288_g                -            292 10182                -            906   3.8e-06   23.9   0.1   1   3     8e-05     0.045   10.4   0.0   195   261    11    69     7    98 0.70 length=293	scaffold=gi56501214	strand=+	adjustedToFrame=3
288_g                -            292 10182                -            906   3.8e-06   23.9   0.1   2   3   0.00031      0.18    8.5   0.0   136   239    55   150    49   182 0.75 length=293	scaffold=gi56501214	strand=+	adjustedToFrame=3
288_g                -            292 10182                -            906   3.8e-06   23.9   0.1   3   3     0.015       8.2    3.0   0.0   137   237   198   289   186   291 0.71 length=293	scaffold=gi56501214	strand=+	adjustedToFrame=3
#
# Program:         hmmsearch
# Version:         3.4 (Aug 2023)
# Pipeline mode:   SEARCH
# Query file:      /home/inf-20-2025/Malaria/busco_downloads/lineages/apicomplexa_odb12/hmms/10182at5794.hmm
# Target file:     /home/inf-20-2025/Malaria/Results/6_nobird_annotation/P_berghei.faa
# Option settings: hmmsearch --domtblout Results/8_busco/P_berghei/run_apicomplexa_odb12/hmmer_output/initial_run_results/10182at5794.out --cpu 1 /home/inf-20-2025/Malaria/busco_downloads/lineages/apicomplexa_odb12/hmms/10182at5794.hmm /home/inf-20-2025/Malaria/Results/6_nobird_annotation/P_berghei.faa 
# Current dir:     /home/inf-20-2025/Malaria
# Date:            Wed Mar  4 18:30:17 2026
# [ok]
