#                                                                            --- full sequence --- -------------- this domain -------------   hmm coord   ali coord   env coord
# target name        accession   tlen query name           accession   qlen   E-value  score  bias   #  of  c-Evalue  i-Evalue  score  bias  from    to  from    to  from    to  acc description of target
#------------------- ---------- ----- -------------------- ---------- ----- --------- ------ ----- --- --- --------- --------- ------ ----- ----- ----- ----- ----- ----- ----- ---- ---------------------
4853_g               -            357 10332                -            578  5.5e-103  344.0  13.2   1   2   2.8e-47   4.1e-44  149.6   2.6   312   474     8   174     3   184 0.90 length=357	scaffold=gi56489828	strand=-	adjustedToFrame=2
4853_g               -            357 10332                -            578  5.5e-103  344.0  13.2   2   2   1.4e-62     2e-59  200.1   3.0   475   578   233   336   204   336 0.97 length=357	scaffold=gi56489828	strand=-	adjustedToFrame=2
934_g                -            269 10332                -            578   3.6e-83  278.6  10.4   1   2   2.5e-26   3.7e-23   80.4   1.3   394   474     1    84     1    94 0.91 length=270	scaffold=gi56501062	strand=+	adjustedToFrame=3
934_g                -            269 10332                -            578   3.6e-83  278.6  10.4   2   2   1.5e-63   2.2e-60  203.3   2.2   475   578   143   246   113   246 0.96 length=270	scaffold=gi56501062	strand=+	adjustedToFrame=3
2275_g               -            482 10332                -            578   4.7e-56  189.0  24.0   1   4   7.1e-11     1e-07   29.4   0.2   127   169     1    44     1    59 0.89 length=482	scaffold=gi56491034	strand=+	adjustedToFrame=2
2275_g               -            482 10332                -            578   4.7e-56  189.0  24.0   2   4   6.4e-29   9.3e-26   89.0   0.9   165   276    68   181    55   203 0.81 length=482	scaffold=gi56491034	strand=+	adjustedToFrame=2
2275_g               -            482 10332                -            578   4.7e-56  189.0  24.0   3   4      0.44   6.4e+02   -2.9   0.1   244   287   223   266   204   289 0.61 length=482	scaffold=gi56491034	strand=+	adjustedToFrame=2
2275_g               -            482 10332                -            578   4.7e-56  189.0  24.0   4   4   3.5e-27     5e-24   83.3   6.0   251   351   383   479   356   482 0.76 length=482	scaffold=gi56491034	strand=+	adjustedToFrame=2
104_g                -            176 10332                -            578   4.8e-18   63.5   2.0   1   1   4.1e-21   5.9e-18   63.3   2.0   470   569    29   128     3   136 0.88 length=176	scaffold=gi56483330	strand=+	adjustedToFrame=2
185_g                -            811 10332                -            578   5.7e-13   46.8   0.9   1   6         5   7.2e+03   -8.3   7.0    11    31     6    26     2    39 0.42 length=811	scaffold=gi56493941	strand=+
185_g                -            811 10332                -            578   5.7e-13   46.8   0.9   2   6   1.9e-13   2.7e-10   37.9   0.2    71   199   113   254    41   260 0.78 length=811	scaffold=gi56493941	strand=+
185_g                -            811 10332                -            578   5.7e-13   46.8   0.9   3   6   6.7e-07   0.00098   16.3   0.0   200   249   294   343   287   352 0.88 length=811	scaffold=gi56493941	strand=+
185_g                -            811 10332                -            578   5.7e-13   46.8   0.9   4   6       3.1   4.5e+03   -5.7   9.8   243   297   389   442   364   463 0.50 length=811	scaffold=gi56493941	strand=+
185_g                -            811 10332                -            578   5.7e-13   46.8   0.9   5   6         5   7.2e+03   -6.9   7.5   237   293   492   549   484   617 0.51 length=811	scaffold=gi56493941	strand=+
185_g                -            811 10332                -            578   5.7e-13   46.8   0.9   6   6      0.57   8.3e+02   -3.3   1.8   270   298   736   764   713   789 0.66 length=811	scaffold=gi56493941	strand=+
#
# Program:         hmmsearch
# Version:         3.4 (Aug 2023)
# Pipeline mode:   SEARCH
# Query file:      /home/inf-20-2025/Malaria/busco_downloads/lineages/apicomplexa_odb12/hmms/10332at5794.hmm
# Target file:     /home/inf-20-2025/Malaria/Results/6_nobird_annotation/P_berghei.faa
# Option settings: hmmsearch --domtblout Results/8_busco/P_berghei/run_apicomplexa_odb12/hmmer_output/initial_run_results/10332at5794.out --cpu 1 /home/inf-20-2025/Malaria/busco_downloads/lineages/apicomplexa_odb12/hmms/10332at5794.hmm /home/inf-20-2025/Malaria/Results/6_nobird_annotation/P_berghei.faa 
# Current dir:     /home/inf-20-2025/Malaria
# Date:            Wed Mar  4 18:30:18 2026
# [ok]
