#                                                                            --- full sequence --- -------------- this domain -------------   hmm coord   ali coord   env coord
# target name        accession   tlen query name           accession   qlen   E-value  score  bias   #  of  c-Evalue  i-Evalue  score  bias  from    to  from    to  from    to  acc description of target
#------------------- ---------- ----- -------------------- ---------- ----- --------- ------ ----- --- --- --------- --------- ------ ----- ----- ----- ----- ----- ----- ----- ---- ---------------------
3619_g               -            369 10895                -            485   9.3e-97  323.5  14.2   1   2   5.2e-85   1.9e-82  276.3   5.7     1   207     1   215     1   238 0.92 length=369	scaffold=gi56491515	strand=+
3619_g               -            369 10895                -            485   9.3e-97  323.5  14.2   2   2   3.5e-17   1.3e-14   52.6   1.3   214   281   293   363   278   369 0.87 length=369	scaffold=gi56491515	strand=+
3951_g               -            626 10895                -            485   6.8e-14   50.2   0.9   1   1   3.7e-16   1.3e-13   49.3   0.9    48   200   350   510   329   520 0.83 length=627	scaffold=gi56496004	strand=-	adjustedToFrame=3
3803_g               -            248 10895                -            485   3.5e-10   38.0   0.6   1   1   1.5e-12   5.3e-10   37.4   0.6    29   141   127   245   117   247 0.74 length=248	scaffold=gi56487496	strand=-
3638_g               -            508 10895                -            485   4.7e-10   37.6   0.2   1   1     2e-12   7.4e-10   36.9   0.2    52   145   100   201    92   257 0.83 length=508	scaffold=gi56495309	strand=-
2262_g               -           1147 10895                -            485   1.1e-08   33.1   4.5   1   2   3.8e-11   1.4e-08   32.7   0.4    28   158   748   889   725   935 0.71 length=1148	scaffold=gi56497540	strand=+
2262_g               -           1147 10895                -            485   1.1e-08   33.1   4.5   2   2      0.12        44    1.4   0.3   333   413   944  1025   940  1031 0.90 length=1148	scaffold=gi56497540	strand=+
4211_g               -            595 10895                -            485   2.4e-08   31.9   0.1   1   1   1.1e-10     4e-08   31.2   0.1    76   219    90   250    53   261 0.79 length=596	scaffold=gi56493198	strand=-	adjustedToFrame=3
255_g                -            288 10895                -            485   3.3e-08   31.5   0.0   1   1   1.4e-10     5e-08   30.9   0.0    36   226    20   224     9   255 0.74 length=289	scaffold=gi56497223	strand=+
5190_g               -            452 10895                -            485   8.6e-08   30.1   8.6   1   3   5.8e-06    0.0021   15.6   0.3    50    98    47    95    36   119 0.89 length=452	scaffold=gi56491361	strand=-
5190_g               -            452 10895                -            485   8.6e-08   30.1   8.6   2   3   3.2e-07   0.00011   19.8   0.2   115   156   159   200   146   220 0.87 length=452	scaffold=gi56491361	strand=-
5190_g               -            452 10895                -            485   8.6e-08   30.1   8.6   3   3       4.5   1.6e+03   -3.8   0.2   288   319   367   398   357   409 0.78 length=452	scaffold=gi56491361	strand=-
840_g                -            540 10895                -            485   1.6e-07   29.2   0.1   1   1   7.4e-10   2.7e-07   28.5   0.1    59   139   147   235   114   244 0.82 length=540	scaffold=gi56494157	strand=+
804_g                -            259 10895                -            485     1e-06   26.5   0.1   1   1     5e-09   1.8e-06   25.7   0.1   110   163   109   162    97   170 0.88 length=259	scaffold=gi56496438	strand=+
428_g                -            283 10895                -            485   1.2e-06   26.4   0.2   1   1   4.8e-09   1.7e-06   25.8   0.2    78   143    80   153    77   171 0.79 length=284	scaffold=gi56496790	strand=+
524_g                -            520 10895                -            485   3.1e-06   24.9   0.5   1   1   1.5e-08   5.5e-06   24.2   0.5    46   145    97   204    86   226 0.84 length=520	scaffold=gi56496416	strand=+
3685_g               -            284 10895                -            485   4.4e-06   24.5   1.1   1   1   2.6e-08   9.4e-06   23.4   1.1    41   164    28   166    19   206 0.72 length=285	scaffold=gi56499027	strand=+
5026_g               -            200 10895                -            485   5.4e-06   24.2   0.0   1   1   1.9e-08     7e-06   23.8   0.0    76   163    24   119     9   139 0.85 length=200	scaffold=gi56483609	strand=-	adjustedToFrame=3
2785_g               -            832 10895                -            485   6.1e-05   20.7   0.0   1   1   2.8e-07    0.0001   20.0   0.0    76   163   578   673   560   690 0.84 length=833	scaffold=gi56501236	strand=+
2037_g               -            352 10895                -            485   0.00017   19.2   1.8   1   1     7e-07   0.00025   18.7   1.8    57   202    71   231    30   237 0.67 length=353	scaffold=gi56498732	strand=-
5466_g               -            448 10895                -            485    0.0013   16.3   0.3   1   1   5.9e-06    0.0021   15.6   0.3    68   144   109   193    49   195 0.71 length=448	scaffold=gi56492190	strand=-
5891_g               -            195 10895                -            485    0.0013   16.3   0.1   1   1   4.9e-06    0.0018   15.9   0.1   115   172    98   152    88   187 0.72 length=195	scaffold=gi56483873	strand=-	adjustedToFrame=2
2612_g               -            294 10895                -            485     0.003   15.1   0.0   1   1   1.2e-05    0.0042   14.6   0.0    46   200    14   173     3   198 0.78 length=295	scaffold=gi56493337	strand=+	adjustedToFrame=3
6534_g               -            645 10895                -            485    0.0059   14.2   0.0   1   1   2.4e-05    0.0087   13.6   0.0    77   146    96   172    48   229 0.75 length=646	scaffold=gi56500476	strand=-
#
# Program:         hmmsearch
# Version:         3.4 (Aug 2023)
# Pipeline mode:   SEARCH
# Query file:      /home/inf-20-2025/Malaria/busco_downloads/lineages/apicomplexa_odb12/hmms/10895at5794.hmm
# Target file:     /home/inf-20-2025/Malaria/Results/6_nobird_annotation/P_berghei.faa
# Option settings: hmmsearch --domtblout Results/8_busco/P_berghei/run_apicomplexa_odb12/hmmer_output/initial_run_results/10895at5794.out --cpu 1 /home/inf-20-2025/Malaria/busco_downloads/lineages/apicomplexa_odb12/hmms/10895at5794.hmm /home/inf-20-2025/Malaria/Results/6_nobird_annotation/P_berghei.faa 
# Current dir:     /home/inf-20-2025/Malaria
# Date:            Wed Mar  4 18:30:19 2026
# [ok]
