#                                                                            --- full sequence --- -------------- this domain -------------   hmm coord   ali coord   env coord
# target name        accession   tlen query name           accession   qlen   E-value  score  bias   #  of  c-Evalue  i-Evalue  score  bias  from    to  from    to  from    to  acc description of target
#------------------- ---------- ----- -------------------- ---------- ----- --------- ------ ----- --- --- --------- --------- ------ ----- ----- ----- ----- ----- ----- ----- ---- ---------------------
3556_g               -            836 11330                -            440  8.2e-135  448.6  30.0   1   3   7.3e-68   1.2e-65  220.7   5.0     4   214    68   291    65   300 0.88 length=837	scaffold=gi56501259	strand=+
3556_g               -            836 11330                -            440  8.2e-135  448.6  30.0   2   3   4.3e-31   7.1e-29   99.5   3.1   204   321   327   445   324   449 0.92 length=837	scaffold=gi56501259	strand=+
3556_g               -            836 11330                -            440  8.2e-135  448.6  30.0   3   3   1.6e-43   2.6e-41  140.5   6.1   297   439   556   710   554   711 0.88 length=837	scaffold=gi56501259	strand=+
6847_g               -            552 11330                -            440     3e-67  226.0   8.1   1   1   2.3e-69   3.8e-67  225.6   8.1     7   411    92   505    86   525 0.80 length=553	scaffold=gi56497591	strand=+
1224_g               -            499 11330                -            440   5.7e-67  225.0  13.3   1   1   6.3e-69     1e-66  224.2  13.3     3   354    84   443    82   492 0.87 length=500	scaffold=gi56498079	strand=-
2913_g               -            390 11330                -            440   2.7e-57  193.2   0.5   1   1   2.4e-59   3.9e-57  192.6   0.5     8   352    13   366     5   385 0.83 length=391	scaffold=gi56498164	strand=-
3263_g               -            700 11330                -            440   4.9e-57  192.3   3.3   1   2   1.1e-16   1.7e-14   52.1   0.0    10    80   272   343   264   348 0.90 length=701	scaffold=gi56496895	strand=-	adjustedToFrame=2
3263_g               -            700 11330                -            440   4.9e-57  192.3   3.3   2   2   4.1e-43   6.7e-41  139.1   1.9    75   347   379   663   374   687 0.84 length=701	scaffold=gi56496895	strand=-	adjustedToFrame=2
2826_g               -            996 11330                -            440     5e-57  192.2  13.4   1   2   3.1e-59     5e-57  192.2  13.4    11   349    31   389    21   397 0.83 length=997	scaffold=gi56496076	strand=+	adjustedToFrame=2
2826_g               -            996 11330                -            440     5e-57  192.2  13.4   2   2       6.9   1.1e+03   -3.4   1.2   351   413   614   673   541   682 0.58 length=997	scaffold=gi56496076	strand=+	adjustedToFrame=2
1820_g               -            474 11330                -            440   9.4e-57  191.4   7.7   1   1   8.7e-59   1.4e-56  190.7   7.7    12   366    53   427    42   463 0.81 length=475	scaffold=gi56500048	strand=-
480_g                -           1331 11330                -            440   1.2e-56  191.0   3.6   1   1   7.1e-59   1.2e-56  191.0   3.6    28   353   587   927   565   939 0.82 length=1332	scaffold=gi56500461	strand=+
1474_g               -            925 11330                -            440   1.4e-56  190.8   0.0   1   1   7.1e-57   1.2e-54  184.5   0.0    11   352   500   880   498   900 0.81 length=926	scaffold=gi56499759	strand=-
18_g                 -            632 11330                -            440   3.8e-56  189.4   0.1   1   1   2.2e-57   3.6e-55  186.1   0.1    11   353   182   545   176   559 0.82 length=633	scaffold=gi56501070	strand=+
3884_g               -            522 11330                -            440   1.7e-53  180.6   0.0   1   1   2.1e-55   3.4e-53  179.6   0.0    29   354   126   466   107   474 0.83 length=523	scaffold=gi56498919	strand=-
3632_g               -            386 11330                -            440   1.2e-50  171.2   0.5   1   1   1.1e-52   1.8e-50  170.7   0.5     7   361    18   374    11   383 0.82 length=386	scaffold=gi56496185	strand=-
1613_g               -            338 11330                -            440   1.3e-50  171.1   1.7   1   1     1e-52   1.7e-50  170.8   1.7    54   354     2   314     1   325 0.86 length=339	scaffold=gi56494264	strand=+	adjustedToFrame=2
1098_g               -            539 11330                -            440   1.7e-50  170.8   9.9   1   2   5.5e-15   9.1e-13   46.4   0.1    29    82    46    99    18   101 0.86 length=539	scaffold=gi56491665	strand=+	adjustedToFrame=2
1098_g               -            539 11330                -            440   1.7e-50  170.8   9.9   2   2   5.9e-39   9.8e-37  125.4   6.6    80   393   127   454   116   489 0.81 length=539	scaffold=gi56491665	strand=+	adjustedToFrame=2
2925_g               -            655 11330                -            440   1.9e-50  170.6  16.6   1   1   2.5e-52     4e-50  169.5  16.6     9   365   172   553   164   570 0.80 length=656	scaffold=gi56501152	strand=-
3574_g               -            895 11330                -            440   3.7e-50  169.6   3.7   1   1   5.7e-51   9.4e-49  165.0   3.7    18   352   315   702   299   717 0.79 length=896	scaffold=gi56498230	strand=+	adjustedToFrame=3
6775_g               -            466 11330                -            440   1.2e-46  158.1   3.4   1   2   2.4e-12     4e-10   37.7   0.0    13    78    60   127    52   132 0.88 length=467	scaffold=gi56499416	strand=+
6775_g               -            466 11330                -            440   1.2e-46  158.1   3.4   2   2   4.3e-37   7.1e-35  119.3   2.3    77   365   148   450   142   463 0.79 length=467	scaffold=gi56499416	strand=+
1511_g               -            674 11330                -            440   1.4e-45  154.5  14.7   1   1   5.6e-46   9.2e-44  148.5  14.7     7   350   257   644   251   660 0.79 length=674	scaffold=gi56499602	strand=+
4261_g               -            734 11330                -            440     1e-44  151.7  18.3   1   1   1.1e-46   1.8e-44  150.9  18.3    10   358   103   462    95   525 0.75 length=734	scaffold=gi56494997	strand=+	adjustedToFrame=2
6654_g               -            719 11330                -            440   1.1e-42  145.0  12.5   1   1   1.2e-44     2e-42  144.1  12.5    17   353   255   616   245   642 0.77 length=720	scaffold=gi56496812	strand=-
5213_g               -            346 11330                -            440   4.9e-42  142.8   1.5   1   1   4.4e-44   7.3e-42  142.3   1.5    75   347    37   321    32   340 0.84 length=346	scaffold=gi56490117	strand=-
5534_g               -            502 11330                -            440   8.4e-37  125.6  20.3   1   1     9e-39   1.5e-36  124.8  20.3    21   318   174   502   154   502 0.75 length=502	scaffold=gi56493876	strand=+
1933_g               -            482 11330                -            440   7.9e-29   99.3  20.9   1   1   1.2e-30     2e-28   98.0  20.9    49   379   109   450   103   474 0.76 length=483	scaffold=gi56498845	strand=+
327_g                -            609 11330                -            440   1.2e-25   88.8  37.6   1   3   2.4e-13     4e-11   41.0   0.1    15    82   176   246   159   249 0.84 length=609	scaffold=gi56492525	strand=-	adjustedToFrame=2
327_g                -            609 11330                -            440   1.2e-25   88.8  37.6   2   3   5.1e-12   8.5e-10   36.6   6.9    76   204   260   412   253   476 0.70 length=609	scaffold=gi56492525	strand=-	adjustedToFrame=2
327_g                -            609 11330                -            440   1.2e-25   88.8  37.6   3   3   8.7e-10   1.4e-07   29.3   5.3   247   337   520   607   453   609 0.80 length=609	scaffold=gi56492525	strand=-	adjustedToFrame=2
5870_g               -            185 11330                -            440     7e-25   86.3   0.0   1   1     5e-27   8.2e-25   86.1   0.0    15   106    50   152    36   184 0.84 length=185	scaffold=gi56486950	strand=+
6155_g               -            188 11330                -            440   1.1e-23   82.4   0.0   1   1   9.6e-26   1.6e-23   81.9   0.0    30   197     7   183     3   187 0.80 length=189	scaffold=gi56486265	strand=-	adjustedToFrame=2
3961_g               -            633 11330                -            440   4.4e-21   73.8  18.2   1   4   8.4e-11   1.4e-08   32.6   0.0    12    72     2    64     1    75 0.86 length=633	scaffold=gi56494176	strand=+
3961_g               -            633 11330                -            440   4.4e-21   73.8  18.2   2   4       5.2   8.6e+02   -3.0   0.2   275   301    95   121    88   129 0.74 length=633	scaffold=gi56494176	strand=+
3961_g               -            633 11330                -            440   4.4e-21   73.8  18.2   3   4   1.7e-10   2.8e-08   31.6  11.9    76   250   313   507   309   577 0.72 length=633	scaffold=gi56494176	strand=+
3961_g               -            633 11330                -            440   4.4e-21   73.8  18.2   4   4    0.0025      0.41    8.0   0.0   264   299   596   631   579   633 0.87 length=633	scaffold=gi56494176	strand=+
5643_g               -            196 11330                -            440   8.1e-21   72.9   1.1   1   1   5.2e-23   8.6e-21   72.8   0.4     9   106    84   185    75   191 0.87 length=196	scaffold=gi56483613	strand=-	adjustedToFrame=2
3879_g               -            328 11330                -            440   1.5e-19   68.7   0.5   1   2   7.8e-15   1.3e-12   45.9   0.2     3    78     8    86     6    91 0.85 length=328	scaffold=gi56491966	strand=+
3879_g               -            328 11330                -            440   1.5e-19   68.7   0.5   2   2   3.2e-07   5.3e-05   20.8   0.0    74   105   256   287   249   302 0.82 length=328	scaffold=gi56491966	strand=+
1114_g               -            715 11330                -            440   1.3e-18   65.6   9.4   1   2     0.003       0.5    7.7   0.2   120   170    97   158    75   190 0.73 length=716	scaffold=gi56496350	strand=+
1114_g               -            715 11330                -            440   1.3e-18   65.6   9.4   2   2   3.5e-19   5.8e-17   60.2   4.5   209   338   308   434   284   453 0.88 length=716	scaffold=gi56496350	strand=+
1649_g               -            725 11330                -            440   1.1e-17   62.6   5.2   1   2       1.1   1.7e+02   -0.7   1.1   385   416    10    40     3    55 0.76 length=726	scaffold=gi56494940	strand=-	adjustedToFrame=2
1649_g               -            725 11330                -            440   1.1e-17   62.6   5.2   2   2   6.7e-20   1.1e-17   62.6   5.2   225   350   107   228    72   243 0.84 length=726	scaffold=gi56494940	strand=-	adjustedToFrame=2
2916_g               -            613 11330                -            440   3.3e-17   61.0   9.4   1   4   2.9e-05    0.0047   14.4   0.0    20    77    67   118    49   167 0.80 length=613	scaffold=gi56494281	strand=-
2916_g               -            613 11330                -            440   3.3e-17   61.0   9.4   2   4     0.042       6.9    4.0   0.0   120   158   286   329   272   342 0.74 length=613	scaffold=gi56494281	strand=-
2916_g               -            613 11330                -            440   3.3e-17   61.0   9.4   3   4       2.5     4e+02   -1.9   0.1   235   284   362   411   331   420 0.70 length=613	scaffold=gi56494281	strand=-
2916_g               -            613 11330                -            440   3.3e-17   61.0   9.4   4   4   7.1e-15   1.2e-12   46.0   0.7   278   367   522   610   469   613 0.85 length=613	scaffold=gi56494281	strand=-
426_g                -            246 11330                -            440   2.5e-15   54.8   4.3   1   1   2.2e-17   3.5e-15   54.3   4.3    10   166    72   241    63   245 0.83 length=246	scaffold=gi56491306	strand=+	adjustedToFrame=3
3802_g               -            735 11330                -            440   4.2e-15   54.1   6.3   1   2   1.3e-06   0.00022   18.8   0.2    24   169    40   196    15   249 0.63 length=735	scaffold=gi56496868	strand=+
3802_g               -            735 11330                -            440   4.2e-15   54.1   6.3   2   2     3e-12   4.9e-10   37.4   1.4   241   386   283   424   271   435 0.91 length=735	scaffold=gi56496868	strand=+
3650_g               -            390 11330                -            440   8.7e-15   53.1  10.5   1   3   1.5e-08   2.5e-06   25.2   0.7     7    78     4    77     1    86 0.85 length=390	scaffold=gi56489789	strand=-	adjustedToFrame=2
3650_g               -            390 11330                -            440   8.7e-15   53.1  10.5   2   3     8e-07   0.00013   19.5   0.1    83   111   130   158   124   175 0.83 length=390	scaffold=gi56489789	strand=-	adjustedToFrame=2
3650_g               -            390 11330                -            440   8.7e-15   53.1  10.5   3   3   6.2e-05      0.01   13.3   0.7   137   185   257   302   247   327 0.82 length=390	scaffold=gi56489789	strand=-	adjustedToFrame=2
5567_g               -            377 11330                -            440   2.1e-13   48.5  11.9   1   1   6.1e-15     1e-12   46.3  11.9    49   229   158   366   152   374 0.68 length=377	scaffold=gi56494195	strand=+
4047_g               -            247 11330                -            440   4.8e-13   47.3   0.0   1   1   6.7e-15   1.1e-12   46.1   0.0    19    77   172   229   150   235 0.82 length=247	scaffold=gi56496081	strand=-
4425_g               -            305 11330                -            440   5.2e-12   43.9   1.4   1   3     0.047       7.8    3.8   1.3   210   264    20    76    12    82 0.73 length=305	scaffold=gi56488650	strand=+
4425_g               -            305 11330                -            440   5.2e-12   43.9   1.4   2   3       1.4   2.3e+02   -1.1   0.1   186   249    99   165    94   167 0.71 length=305	scaffold=gi56488650	strand=+
4425_g               -            305 11330                -            440   5.2e-12   43.9   1.4   3   3   3.2e-14   5.2e-12   43.9   1.4   301   364   165   227   150   298 0.75 length=305	scaffold=gi56488650	strand=+
5041_g               -            183 11330                -            440   4.2e-11   40.9   1.1   1   2   3.2e-13   5.2e-11   40.6   0.2     6    74    54   124    49   135 0.83 length=183	scaffold=gi56484673	strand=+	adjustedToFrame=3
5041_g               -            183 11330                -            440   4.2e-11   40.9   1.1   2   2       2.6   4.3e+02   -2.0   0.0   208   238   140   176   129   181 0.60 length=183	scaffold=gi56484673	strand=+	adjustedToFrame=3
5757_g               -            325 11330                -            440   2.3e-09   35.2   1.2   1   1   2.5e-11     4e-09   34.4   1.2   241   350   186   292    52   299 0.78 length=325	scaffold=gi56489254	strand=-	adjustedToFrame=3
2768_g               -            929 11330                -            440   3.1e-09   34.7  32.1   1   6     0.034       5.6    4.2   0.0    21    48    23    50     3    52 0.70 length=930	scaffold=gi56496079	strand=-	adjustedToFrame=3
2768_g               -            929 11330                -            440   3.1e-09   34.7  32.1   2   6   0.00044     0.072   10.5   0.0    52    78   144   170   111   176 0.86 length=930	scaffold=gi56496079	strand=-	adjustedToFrame=3
2768_g               -            929 11330                -            440   3.1e-09   34.7  32.1   3   6     0.046       7.6    3.8   2.3   207   286   230   310   218   330 0.74 length=930	scaffold=gi56496079	strand=-	adjustedToFrame=3
2768_g               -            929 11330                -            440   3.1e-09   34.7  32.1   4   6      0.11        18    2.6   0.2   120   171   363   423   344   428 0.72 length=930	scaffold=gi56496079	strand=-	adjustedToFrame=3
2768_g               -            929 11330                -            440   3.1e-09   34.7  32.1   5   6       5.8   9.5e+02   -3.1   0.3   197   238   576   617   539   620 0.64 length=930	scaffold=gi56496079	strand=-	adjustedToFrame=3
2768_g               -            929 11330                -            440   3.1e-09   34.7  32.1   6   6   7.9e-09   1.3e-06   26.1   8.8   239   370   642   775   637   809 0.78 length=930	scaffold=gi56496079	strand=-	adjustedToFrame=3
5885_g               -            217 11330                -            440   1.8e-07   28.9   0.3   1   2       3.4   5.5e+02   -2.3   0.1   278   316    64   102    62   111 0.70 length=217	scaffold=gi56486135	strand=+	adjustedToFrame=3
5885_g               -            217 11330                -            440   1.8e-07   28.9   0.3   2   2     2e-09   3.2e-07   28.1   0.0    29    76   162   211   129   216 0.72 length=217	scaffold=gi56486135	strand=+	adjustedToFrame=3
7003_g               -            138 11330                -            440   0.00014   19.4   0.0   1   1   1.1e-06   0.00018   19.1   0.0   121   173    40    87    28    92 0.87 length=138	scaffold=gi56485587	strand=-	adjustedToFrame=2
792_g                -            262 11330                -            440    0.0053   14.2   1.0   1   1   4.3e-05    0.0071   13.8   1.0   357   438    44   125    33   127 0.89 length=263	scaffold=gi56496522	strand=-
#
# Program:         hmmsearch
# Version:         3.4 (Aug 2023)
# Pipeline mode:   SEARCH
# Query file:      /home/inf-20-2025/Malaria/busco_downloads/lineages/apicomplexa_odb12/hmms/11330at5794.hmm
# Target file:     /home/inf-20-2025/Malaria/Results/6_nobird_annotation/P_berghei.faa
# Option settings: hmmsearch --domtblout Results/8_busco/P_berghei/run_apicomplexa_odb12/hmmer_output/initial_run_results/11330at5794.out --cpu 1 /home/inf-20-2025/Malaria/busco_downloads/lineages/apicomplexa_odb12/hmms/11330at5794.hmm /home/inf-20-2025/Malaria/Results/6_nobird_annotation/P_berghei.faa 
# Current dir:     /home/inf-20-2025/Malaria
# Date:            Wed Mar  4 18:30:20 2026
# [ok]
