#                                                                            --- full sequence --- -------------- this domain -------------   hmm coord   ali coord   env coord
# target name        accession   tlen query name           accession   qlen   E-value  score  bias   #  of  c-Evalue  i-Evalue  score  bias  from    to  from    to  from    to  acc description of target
#------------------- ---------- ----- -------------------- ---------- ----- --------- ------ ----- --- --- --------- --------- ------ ----- ----- ----- ----- ----- ----- ----- ---- ---------------------
6625_g               -            347 11496                -            255   4.1e-95  316.9  32.9   1   2   1.1e-21   1.3e-18   66.2   5.6     2    98     8   108     7   119 0.90 length=348	scaffold=gi56494793	strand=+
6625_g               -            347 11496                -            255   4.1e-95  316.9  32.9   2   2   1.4e-79   1.7e-76  255.9  19.4    50   255   139   336   119   336 0.84 length=348	scaffold=gi56494793	strand=+
5895_g               -            214 11496                -            255   1.1e-93  312.2   7.8   1   1   1.1e-96   1.3e-93  312.0   7.8    74   255    29   210    20   210 0.96 length=214	scaffold=gi56490067	strand=-	adjustedToFrame=2
737_g                -            302 11496                -            255   5.7e-45  152.6  18.4   1   2   4.2e-08   5.1e-05   21.7   0.6     2    53     3    54     2    90 0.83 length=302	scaffold=gi56497598	strand=+
737_g                -            302 11496                -            255   5.7e-45  152.6  18.4   2   2     7e-43   8.4e-40  135.6  11.4    58   235   125   300    99   302 0.85 length=302	scaffold=gi56497598	strand=+
97_g                 -            140 11496                -            255   1.8e-24   85.4   6.9   1   2   1.2e-23   1.5e-20   72.6   1.4    97   186     4    93     2    99 0.94 length=141	scaffold=gi56498417	strand=+	adjustedToFrame=2
97_g                 -            140 11496                -            255   1.8e-24   85.4   6.9   2   2   9.6e-07    0.0012   17.2   0.5   224   253    96   125    90   126 0.80 length=141	scaffold=gi56498417	strand=+	adjustedToFrame=2
3989_g               -            211 11496                -            255   1.3e-09   36.7   0.7   1   1   1.4e-12   1.6e-09   36.4   0.7    46   171    32   160     7   180 0.74 length=212	scaffold=gi56495790	strand=+	adjustedToFrame=2
1612_g               -            248 11496                -            255    0.0097   14.2   0.1   1   1   1.1e-05     0.014   13.7   0.1    27   100   106   179    89   185 0.91 length=249	scaffold=gi56495856	strand=-	adjustedToFrame=2
#
# Program:         hmmsearch
# Version:         3.4 (Aug 2023)
# Pipeline mode:   SEARCH
# Query file:      /home/inf-20-2025/Malaria/busco_downloads/lineages/apicomplexa_odb12/hmms/11496at5794.hmm
# Target file:     /home/inf-20-2025/Malaria/Results/6_nobird_annotation/P_berghei.faa
# Option settings: hmmsearch --domtblout Results/8_busco/P_berghei/run_apicomplexa_odb12/hmmer_output/initial_run_results/11496at5794.out --cpu 1 /home/inf-20-2025/Malaria/busco_downloads/lineages/apicomplexa_odb12/hmms/11496at5794.hmm /home/inf-20-2025/Malaria/Results/6_nobird_annotation/P_berghei.faa 
# Current dir:     /home/inf-20-2025/Malaria
# Date:            Wed Mar  4 18:30:21 2026
# [ok]
