#                                                                            --- full sequence --- -------------- this domain -------------   hmm coord   ali coord   env coord
# target name        accession   tlen query name           accession   qlen   E-value  score  bias   #  of  c-Evalue  i-Evalue  score  bias  from    to  from    to  from    to  acc description of target
#------------------- ---------- ----- -------------------- ---------- ----- --------- ------ ----- --- --- --------- --------- ------ ----- ----- ----- ----- ----- ----- ----- ---- ---------------------
1224_g               -            499 11519                -            453   2.4e-95  318.4   8.6   1   1   1.4e-97   2.4e-95  318.4   8.6     2   400    95   484    94   499 0.92 length=500	scaffold=gi56498079	strand=-
6847_g               -            552 11519                -            453   6.5e-95  317.0   2.1   1   1   5.5e-97   9.1e-95  316.5   2.1     5   358   104   453   100   501 0.91 length=553	scaffold=gi56497591	strand=+
18_g                 -            632 11519                -            453   1.8e-88  295.7   0.0   1   1   1.1e-90   1.8e-88  295.7   0.0     2   370   185   556   184   575 0.91 length=633	scaffold=gi56501070	strand=+
3884_g               -            522 11519                -            453   3.4e-87  291.5   0.0   1   1   2.8e-89   4.5e-87  291.1   0.0    11   372   118   478   110   494 0.94 length=523	scaffold=gi56498919	strand=-
1474_g               -            925 11519                -            453   6.1e-85  284.1   0.0   1   3       7.7   1.3e+03   -3.7   2.8   372   425   269   326   259   351 0.45 length=926	scaffold=gi56499759	strand=-
1474_g               -            925 11519                -            453   6.1e-85  284.1   0.0   2   3   1.7e-49   2.8e-47  160.0   0.0     1   178   502   678   502   683 0.97 length=926	scaffold=gi56499759	strand=-
1474_g               -            925 11519                -            453   6.1e-85  284.1   0.0   3   3   9.7e-41   1.6e-38  131.1   0.0   183   357   707   879   695   901 0.92 length=926	scaffold=gi56499759	strand=-
480_g                -           1331 11519                -            453   5.7e-83  277.6   0.5   1   2       5.9   9.7e+02   -3.3   3.1   371   433   306   368   275   375 0.72 length=1332	scaffold=gi56500461	strand=+
480_g                -           1331 11519                -            453   5.7e-83  277.6   0.5   2   2   3.5e-85   5.7e-83  277.6   0.5    10   380   579   948   572   981 0.92 length=1332	scaffold=gi56500461	strand=+
3263_g               -            700 11519                -            453   1.2e-82  276.5   0.3   1   3       5.1   8.3e+02   -3.1   1.5   373   405   226   260   180   269 0.61 length=701	scaffold=gi56496895	strand=-	adjustedToFrame=2
3263_g               -            700 11519                -            453   1.2e-82  276.5   0.3   2   3   1.5e-14   2.4e-12   44.8   0.0     2    67   276   340   275   352 0.89 length=701	scaffold=gi56496895	strand=-	adjustedToFrame=2
3263_g               -            700 11519                -            453   1.2e-82  276.5   0.3   3   3   3.1e-73     5e-71  238.2   0.3    71   376   380   691   373   697 0.91 length=701	scaffold=gi56496895	strand=-	adjustedToFrame=2
3574_g               -            895 11519                -            453   1.1e-76  256.9   0.4   1   2   2.2e-34   3.5e-32  110.2   0.0     4   177   313   498   310   502 0.85 length=896	scaffold=gi56498230	strand=+	adjustedToFrame=3
3574_g               -            895 11519                -            453   1.1e-76  256.9   0.4   2   2     1e-44   1.6e-42  144.3   0.3   182   374   527   718   516   739 0.95 length=896	scaffold=gi56498230	strand=+	adjustedToFrame=3
6775_g               -            466 11519                -            453   3.9e-75  251.8   2.3   1   1   9.4e-77   1.5e-74  249.8   2.3     4   357    63   436    61   463 0.87 length=467	scaffold=gi56499416	strand=+
1098_g               -            539 11519                -            453   2.5e-74  249.1   1.4   1   1     4e-74   6.6e-72  241.1   1.3     7   387    34   442    29   481 0.84 length=539	scaffold=gi56491665	strand=+	adjustedToFrame=2
3632_g               -            386 11519                -            453   3.5e-74  248.7   0.3   1   1   2.6e-76   4.3e-74  248.4   0.3     4   363    27   372    24   383 0.92 length=386	scaffold=gi56496185	strand=-
2913_g               -            390 11519                -            453   5.7e-74  247.9   0.1   1   1   4.2e-76     7e-74  247.7   0.1     5   359    22   367    18   387 0.95 length=391	scaffold=gi56498164	strand=-
2826_g               -            996 11519                -            453   4.4e-72  241.7   5.5   1   2   2.7e-74   4.4e-72  241.7   5.5     3   400    35   433    33   475 0.86 length=997	scaffold=gi56496076	strand=+	adjustedToFrame=2
2826_g               -            996 11519                -            453   4.4e-72  241.7   5.5   2   2         5   8.2e+02   -3.1  17.9   335   444   842   949   829   966 0.66 length=997	scaffold=gi56496076	strand=+	adjustedToFrame=2
5213_g               -            346 11519                -            453   1.7e-71  239.8   0.2   1   1   1.3e-73   2.1e-71  239.5   0.2    71   372    38   345    31   346 0.91 length=346	scaffold=gi56490117	strand=-
1820_g               -            474 11519                -            453     2e-68  229.7   3.9   1   1   1.7e-70   2.8e-68  229.2   3.9     5   407    58   463    54   471 0.86 length=475	scaffold=gi56500048	strand=-
1613_g               -            338 11519                -            453   1.8e-67  226.5   0.8   1   1   1.3e-69   2.1e-67  226.3   0.8    44   364     2   318     1   334 0.93 length=339	scaffold=gi56494264	strand=+	adjustedToFrame=2
4261_g               -            734 11519                -            453   2.4e-60  203.0   7.5   1   1   1.5e-62   2.4e-60  203.0   7.5     3   399   108   497   106   508 0.86 length=734	scaffold=gi56494997	strand=+	adjustedToFrame=2
5870_g               -            185 11519                -            453   5.1e-60  202.0   0.0   1   2         7   1.1e+03   -3.6   4.6   405   437     4    36     1    47 0.47 length=185	scaffold=gi56486950	strand=+
5870_g               -            185 11519                -            453   5.1e-60  202.0   0.0   2   2   3.1e-62   5.1e-60  202.0   0.0     2   134    49   185    48   185 0.97 length=185	scaffold=gi56486950	strand=+
2925_g               -            655 11519                -            453   5.6e-53  178.8   9.5   1   2       3.1   5.1e+02   -2.4   1.0   381   434    56   109    28   137 0.49 length=656	scaffold=gi56501152	strand=-
2925_g               -            655 11519                -            453   5.6e-53  178.8   9.5   2   2   3.4e-55   5.6e-53  178.8   9.5     6   386   185   574   180   582 0.77 length=656	scaffold=gi56501152	strand=-
6654_g               -            719 11519                -            453   1.8e-51  173.8   3.5   1   1   1.1e-53   1.8e-51  173.8   3.5     8   412   258   668   253   704 0.83 length=720	scaffold=gi56496812	strand=-
1511_g               -            674 11519                -            453   5.1e-51  172.3   5.3   1   1   3.1e-53   5.1e-51  172.3   5.3     2   361   264   649   263   663 0.82 length=674	scaffold=gi56499602	strand=+
5534_g               -            502 11519                -            453   3.9e-42  143.0   8.9   1   2      0.73   1.2e+02   -0.3   1.3   351   388   137   174   105   180 0.40 length=502	scaffold=gi56493876	strand=+
5534_g               -            502 11519                -            453   3.9e-42  143.0   8.9   2   2   2.4e-44   3.9e-42  143.0   8.9     9   324   170   502   162   502 0.82 length=502	scaffold=gi56493876	strand=+
327_g                -            609 11519                -            453   6.7e-42  142.2  13.7   1   3         3     5e+02   -2.4  23.0   355   439    80   166    75   177 0.82 length=609	scaffold=gi56492525	strand=-	adjustedToFrame=2
327_g                -            609 11519                -            453   6.7e-42  142.2  13.7   2   3   4.9e-33   8.1e-31  105.7   3.5     3   197   176   397   171   439 0.76 length=609	scaffold=gi56492525	strand=-	adjustedToFrame=2
327_g                -            609 11519                -            453   6.7e-42  142.2  13.7   3   3   2.7e-16   4.5e-14   50.5   2.7   270   341   533   605   425   609 0.92 length=609	scaffold=gi56492525	strand=-	adjustedToFrame=2
3556_g               -            836 11519                -            453   4.3e-41  139.6  12.4   1   4   1.4e-29   2.4e-27   94.3   0.6    15   221    92   290    82   295 0.86 length=837	scaffold=gi56501259	strand=+
3556_g               -            836 11519                -            453   4.3e-41  139.6  12.4   2   4     0.066        11    3.1   0.2   228   305   341   420   333   443 0.83 length=837	scaffold=gi56501259	strand=+
3556_g               -            836 11519                -            453   4.3e-41  139.6  12.4   3   4   9.8e-19   1.6e-16   58.6   5.3   307   424   560   678   538   713 0.75 length=837	scaffold=gi56501259	strand=+
3556_g               -            836 11519                -            453   4.3e-41  139.6  12.4   4   4       1.3   2.1e+02   -1.1   1.5   361   428   675   748   665   770 0.34 length=837	scaffold=gi56501259	strand=+
6155_g               -            188 11519                -            453   1.2e-39  134.8   0.0   1   1   8.3e-42   1.4e-39  134.6   0.0    17   207     4   185     1   187 0.95 length=189	scaffold=gi56486265	strand=-	adjustedToFrame=2
3961_g               -            633 11519                -            453   7.7e-34  115.7   0.3   1   3   3.1e-10     5e-08   30.6   0.0     3    83     5    88     3   125 0.83 length=633	scaffold=gi56494176	strand=+
3961_g               -            633 11519                -            453   7.7e-34  115.7   0.3   2   3   4.8e-19   7.9e-17   59.6   0.0    73   217   315   469   252   491 0.79 length=633	scaffold=gi56494176	strand=+
3961_g               -            633 11519                -            453   7.7e-34  115.7   0.3   3   3   1.8e-07   2.9e-05   21.5   0.1   269   310   592   633   517   633 0.86 length=633	scaffold=gi56494176	strand=+
1933_g               -            482 11519                -            453   2.7e-22   77.6   4.7   1   2     0.087        14    2.7   0.0    39    99   109   162    99   175 0.79 length=483	scaffold=gi56498845	strand=+
1933_g               -            482 11519                -            453   2.7e-22   77.6   4.7   2   2   3.1e-23     5e-21   73.4   3.7   184   407   234   464   224   472 0.82 length=483	scaffold=gi56498845	strand=+
5643_g               -            196 11519                -            453   9.3e-22   75.8   0.0   1   2       6.2     1e+03   -3.4  15.0   391   449     7    66     1    73 0.62 length=196	scaffold=gi56483613	strand=-	adjustedToFrame=2
5643_g               -            196 11519                -            453   9.3e-22   75.8   0.0   2   2   5.6e-24   9.3e-22   75.8   0.0     3   109    90   193    88   196 0.90 length=196	scaffold=gi56483613	strand=-	adjustedToFrame=2
1649_g               -            725 11519                -            453     3e-21   74.2   0.6   1   3   1.8e-23     3e-21   74.2   0.6   221   353    92   225    65   242 0.86 length=726	scaffold=gi56494940	strand=-	adjustedToFrame=2
1649_g               -            725 11519                -            453     3e-21   74.2   0.6   2   3       8.2   1.3e+03   -3.8   0.5   367   386   507   526   502   564 0.54 length=726	scaffold=gi56494940	strand=-	adjustedToFrame=2
1649_g               -            725 11519                -            453     3e-21   74.2   0.6   3   3       6.4   1.1e+03   -3.4   2.3   360   446   594   684   584   690 0.54 length=726	scaffold=gi56494940	strand=-	adjustedToFrame=2
1114_g               -            715 11519                -            453   4.8e-18   63.6  11.0   1   4      0.17        28    1.8   0.1   127   181    98   157    90   162 0.67 length=716	scaffold=gi56496350	strand=+
1114_g               -            715 11519                -            453   4.8e-18   63.6  11.0   2   4       1.7   2.7e+02   -1.5   2.6   374   430   157   216   147   220 0.68 length=716	scaffold=gi56496350	strand=+
1114_g               -            715 11519                -            453   4.8e-18   63.6  11.0   3   4   2.9e-20   4.8e-18   63.6  11.0   241   420   331   517   317   546 0.80 length=716	scaffold=gi56496350	strand=+
1114_g               -            715 11519                -            453   4.8e-18   63.6  11.0   4   4       0.8   1.3e+02   -0.5   7.6   354   440   487   570   479   583 0.58 length=716	scaffold=gi56496350	strand=+
2916_g               -            613 11519                -            453   4.9e-18   63.6   6.7   1   5      0.18        29    1.7   0.0    44    70    95   121    79   145 0.77 length=613	scaffold=gi56494281	strand=-
2916_g               -            613 11519                -            453   4.9e-18   63.6   6.7   2   5       2.3   3.8e+02   -2.0   0.0   103   128   228   253   214   259 0.78 length=613	scaffold=gi56494281	strand=-
2916_g               -            613 11519                -            453   4.9e-18   63.6   6.7   3   5   1.8e-05     0.003   14.9   0.0   126   164   286   324   259   358 0.76 length=613	scaffold=gi56494281	strand=-
2916_g               -            613 11519                -            453   4.9e-18   63.6   6.7   4   5      0.23        38    1.3   0.3   350   388   499   536   494   539 0.91 length=613	scaffold=gi56494281	strand=-
2916_g               -            613 11519                -            453   4.9e-18   63.6   6.7   5   5   5.7e-15   9.3e-13   46.2   0.1   297   368   533   606   523   610 0.86 length=613	scaffold=gi56494281	strand=-
4425_g               -            305 11519                -            453   5.1e-18   63.5  11.5   1   1   4.1e-20   6.8e-18   63.1  11.5   272   439   125   300    89   305 0.73 length=305	scaffold=gi56488650	strand=+
2754_g               -            475 11519                -            453   2.3e-17   61.4   0.1   1   1   1.4e-19   2.3e-17   61.4   0.1   247   371    46   161    26   231 0.89 length=476	scaffold=gi56499864	strand=+	adjustedToFrame=2
3802_g               -            735 11519                -            453   2.9e-15   54.4   0.3   1   2      0.16        26    1.9   0.0    18    59    44    85    34    96 0.91 length=735	scaffold=gi56496868	strand=+
3802_g               -            735 11519                -            453   2.9e-15   54.4   0.3   2   2   3.4e-16   5.5e-14   50.2   0.2   249   384   282   419   240   456 0.88 length=735	scaffold=gi56496868	strand=+
3650_g               -            390 11519                -            453   1.4e-13   48.9  10.4   1   3   2.8e-06   0.00047   17.5   0.0     3    64    12    73    10    90 0.88 length=390	scaffold=gi56489789	strand=-	adjustedToFrame=2
3650_g               -            390 11519                -            453   1.4e-13   48.9  10.4   2   3   0.00091      0.15    9.2   0.0    80   107   132   159   129   177 0.87 length=390	scaffold=gi56489789	strand=-	adjustedToFrame=2
3650_g               -            390 11519                -            453   1.4e-13   48.9  10.4   3   3     1e-06   0.00016   19.0   5.4   103   197   185   306   176   358 0.80 length=390	scaffold=gi56489789	strand=-	adjustedToFrame=2
5757_g               -            325 11519                -            453   8.7e-12   43.0   0.1   1   1   7.3e-14   1.2e-11   42.5   0.1   249   377   185   313   163   324 0.85 length=325	scaffold=gi56489254	strand=-	adjustedToFrame=3
4047_g               -            247 11519                -            453   1.5e-11   42.2   0.0   1   3       4.5   7.3e+02   -2.9   1.2   367   404    40    77     5    88 0.53 length=247	scaffold=gi56496081	strand=-
4047_g               -            247 11519                -            453   1.5e-11   42.2   0.0   2   3      0.46        76    0.3   2.3   363   422   113   171   104   181 0.42 length=247	scaffold=gi56496081	strand=-
4047_g               -            247 11519                -            453   1.5e-11   42.2   0.0   3   3     9e-14   1.5e-11   42.2   0.0     9    75   170   237   166   246 0.85 length=247	scaffold=gi56496081	strand=-
7003_g               -            138 11519                -            453   9.1e-10   36.3   0.4   1   1   1.6e-11   2.5e-09   34.8   0.4    88   178     1    80     1    85 0.93 length=138	scaffold=gi56485587	strand=-	adjustedToFrame=2
5747_g               -            192 11519                -            453     1e-09   36.2  12.9   1   1   6.2e-12     1e-09   36.2  12.9   369   449     5    93     1    97 0.86 length=192	scaffold=gi56484741	strand=-	adjustedToFrame=2
2768_g               -            929 11519                -            453   1.9e-09   35.3  16.1   1   5      0.04       6.6    3.8   0.0    14    39    26    51    18    86 0.89 length=930	scaffold=gi56496079	strand=-	adjustedToFrame=3
2768_g               -            929 11519                -            453   1.9e-09   35.3  16.1   2   5       1.7   2.8e+02   -1.6   0.0    45    65   147   167   121   180 0.81 length=930	scaffold=gi56496079	strand=-	adjustedToFrame=3
2768_g               -            929 11519                -            453   1.9e-09   35.3  16.1   3   5      0.31        52    0.9   0.0    66   119   250   299   242   309 0.73 length=930	scaffold=gi56496079	strand=-	adjustedToFrame=3
2768_g               -            929 11519                -            453   1.9e-09   35.3  16.1   4   5     0.031       5.1    4.2   0.0   115   165   352   405   333   429 0.70 length=930	scaffold=gi56496079	strand=-	adjustedToFrame=3
2768_g               -            929 11519                -            453   1.9e-09   35.3  16.1   5   5   1.1e-11   1.9e-09   35.3  16.1   245   434   639   832   553   851 0.78 length=930	scaffold=gi56496079	strand=-	adjustedToFrame=3
3879_g               -            328 11519                -            453   5.8e-08   30.4   0.1   1   2   2.8e-08   4.6e-06   24.1   0.0     3    66    20    84    18   101 0.85 length=328	scaffold=gi56491966	strand=+
3879_g               -            328 11519                -            453   5.8e-08   30.4   0.1   2   2   0.00015     0.025   11.8   0.0    75   102   262   289   247   295 0.80 length=328	scaffold=gi56491966	strand=+
5041_g               -            183 11519                -            453   8.6e-06   23.2   1.3   1   2       3.6   5.9e+02   -2.6   1.3   402   415    17    30     2    54 0.44 length=183	scaffold=gi56484673	strand=+	adjustedToFrame=3
5041_g               -            183 11519                -            453   8.6e-06   23.2   1.3   2   2   6.3e-08     1e-05   23.0   0.0     3    61    63   121    61   128 0.95 length=183	scaffold=gi56484673	strand=+	adjustedToFrame=3
884_g                -           1991 11519                -            453   0.00014   19.2   0.2   1   1   8.4e-07   0.00014   19.2   0.2   245   360   715   832   626   866 0.82 length=1992	scaffold=gi56500738	strand=+
1958_g               -            350 11519                -            453   0.00017   19.0   0.2   1   2      0.33        55    0.8   1.4   352   442   125   215   121   225 0.82 length=350	scaffold=gi56488847	strand=-	adjustedToFrame=2
1958_g               -            350 11519                -            453   0.00017   19.0   0.2   2   2     1e-06   0.00017   19.0   0.2   275   333   232   298   224   331 0.84 length=350	scaffold=gi56488847	strand=-	adjustedToFrame=2
#
# Program:         hmmsearch
# Version:         3.4 (Aug 2023)
# Pipeline mode:   SEARCH
# Query file:      /home/inf-20-2025/Malaria/busco_downloads/lineages/apicomplexa_odb12/hmms/11519at5794.hmm
# Target file:     /home/inf-20-2025/Malaria/Results/6_nobird_annotation/P_berghei.faa
# Option settings: hmmsearch --domtblout Results/8_busco/P_berghei/run_apicomplexa_odb12/hmmer_output/initial_run_results/11519at5794.out --cpu 1 /home/inf-20-2025/Malaria/busco_downloads/lineages/apicomplexa_odb12/hmms/11519at5794.hmm /home/inf-20-2025/Malaria/Results/6_nobird_annotation/P_berghei.faa 
# Current dir:     /home/inf-20-2025/Malaria
# Date:            Wed Mar  4 18:30:18 2026
# [ok]
