#                                                                            --- full sequence --- -------------- this domain -------------   hmm coord   ali coord   env coord
# target name        accession   tlen query name           accession   qlen   E-value  score  bias   #  of  c-Evalue  i-Evalue  score  bias  from    to  from    to  from    to  acc description of target
#------------------- ---------- ----- -------------------- ---------- ----- --------- ------ ----- --- --- --------- --------- ------ ----- ----- ----- ----- ----- ----- ----- ---- ---------------------
3237_g               -            717 11788                -            290   9.3e-61  204.4  17.2   1   4   2.8e-09     4e-06   25.0   0.5     2    53     6    64     5    96 0.79 length=718	scaffold=gi56501319	strand=+
3237_g               -            717 11788                -            290   9.3e-61  204.4  17.2   2   4   1.5e-31   2.1e-28   98.1   0.4    46   172   200   345   189   348 0.81 length=718	scaffold=gi56501319	strand=+
3237_g               -            717 11788                -            290   9.3e-61  204.4  17.2   3   4   1.7e-23   2.4e-20   71.7   1.1   200   265   350   420   346   422 0.87 length=718	scaffold=gi56501319	strand=+
3237_g               -            717 11788                -            290   9.3e-61  204.4  17.2   4   4   1.5e-07   0.00022   19.3   0.1   263   289   439   465   435   466 0.89 length=718	scaffold=gi56501319	strand=+
3107_g               -            384 11788                -            290   7.8e-47  158.7  12.3   1   3   0.00091       1.3    6.9   0.3     2    44     6    49     5    51 0.84 length=385	scaffold=gi56501271	strand=+
3107_g               -            384 11788                -            290   7.8e-47  158.7  12.3   2   3   4.3e-10   6.2e-07   27.7   0.0   143   187    50    94    47   110 0.88 length=385	scaffold=gi56501271	strand=+
3107_g               -            384 11788                -            290   7.8e-47  158.7  12.3   3   3     6e-41   8.7e-38  129.0   4.3    92   289   158   353   107   354 0.82 length=385	scaffold=gi56501271	strand=+
5802_g               -            182 11788                -            290   9.8e-46  155.0   1.4   1   1   7.9e-49   1.1e-45  154.8   1.4    65   221     3   182     1   182 0.83 length=182	scaffold=gi56486066	strand=-	adjustedToFrame=3
2844_g               -           1000 11788                -            290   3.4e-36  123.7  11.6   1   4       2.3   3.4e+03   -4.3   0.1    85   118    93   126    73   128 0.73 length=1001	scaffold=gi56501310	strand=-
2844_g               -           1000 11788                -            290   3.4e-36  123.7  11.6   2   4     0.002       2.8    5.8   0.0   142   186   526   570   504   582 0.83 length=1001	scaffold=gi56501310	strand=-
2844_g               -           1000 11788                -            290   3.4e-36  123.7  11.6   3   4   8.5e-31   1.2e-27   95.6   4.1    93   247   582   731   576   741 0.88 length=1001	scaffold=gi56501310	strand=-
2844_g               -           1000 11788                -            290   3.4e-36  123.7  11.6   4   4   3.5e-09   5.1e-06   24.7   0.0   248   288   895   935   880   937 0.88 length=1001	scaffold=gi56501310	strand=-
7221_g               -            141 11788                -            290   1.4e-10   39.7   1.1   1   2   0.00013      0.18    9.8   0.2     2    45     6    50     5    54 0.84 length=141	scaffold=gi56491641	strand=-
7221_g               -            141 11788                -            290   1.4e-10   39.7   1.1   2   2   6.7e-11   9.6e-08   30.4   0.0   143   187    50    94    46   110 0.88 length=141	scaffold=gi56491641	strand=-
#
# Program:         hmmsearch
# Version:         3.4 (Aug 2023)
# Pipeline mode:   SEARCH
# Query file:      /home/inf-20-2025/Malaria/busco_downloads/lineages/apicomplexa_odb12/hmms/11788at5794.hmm
# Target file:     /home/inf-20-2025/Malaria/Results/6_nobird_annotation/P_berghei.faa
# Option settings: hmmsearch --domtblout Results/8_busco/P_berghei/run_apicomplexa_odb12/hmmer_output/initial_run_results/11788at5794.out --cpu 1 /home/inf-20-2025/Malaria/busco_downloads/lineages/apicomplexa_odb12/hmms/11788at5794.hmm /home/inf-20-2025/Malaria/Results/6_nobird_annotation/P_berghei.faa 
# Current dir:     /home/inf-20-2025/Malaria
# Date:            Wed Mar  4 18:30:20 2026
# [ok]
