#                                                                            --- full sequence --- -------------- this domain -------------   hmm coord   ali coord   env coord
# target name        accession   tlen query name           accession   qlen   E-value  score  bias   #  of  c-Evalue  i-Evalue  score  bias  from    to  from    to  from    to  acc description of target
#------------------- ---------- ----- -------------------- ---------- ----- --------- ------ ----- --- --- --------- --------- ------ ----- ----- ----- ----- ----- ----- ----- ---- ---------------------
1344_g               -            182 18178                -            177     6e-74  246.2   0.2   1   1   1.2e-76   7.1e-74  246.0   0.2    12   167     1   157     1   165 0.97 length=183	scaffold=gi56496833	strand=+	adjustedToFrame=2
1130_g               -            457 18178                -            177   1.3e-35  121.4   0.0   1   2     3e-20   1.8e-17   62.3   0.0    37   116    27   109    24   157 0.89 length=458	scaffold=gi56497144	strand=+
1130_g               -            457 18178                -            177   1.3e-35  121.4   0.0   2   2   1.9e-18   1.1e-15   56.4   0.0    37   119   351   437   344   445 0.88 length=458	scaffold=gi56497144	strand=+
3792_g               -            423 18178                -            177   1.4e-30  105.0   9.2   1   3   9.1e-09   5.5e-06   24.8   0.9    37   120    52   137    47   145 0.81 length=424	scaffold=gi56498807	strand=-
3792_g               -            423 18178                -            177   1.4e-30  105.0   9.2   2   3   7.8e-27   4.7e-24   83.7   1.1     2   122   156   280   155   295 0.87 length=424	scaffold=gi56498807	strand=-
3792_g               -            423 18178                -            177   1.4e-30  105.0   9.2   3   3       1.2   7.1e+02   -1.6   0.0    86   116   357   389   345   408 0.71 length=424	scaffold=gi56498807	strand=-
2888_g               -            534 18178                -            177   6.6e-18   63.7   3.1   1   2   2.2e-12   1.3e-09   36.6   0.2    40   116    53   131    49   185 0.89 length=535	scaffold=gi56500487	strand=+
2888_g               -            534 18178                -            177   6.6e-18   63.7   3.1   2   2   3.1e-09   1.8e-06   26.4   0.2    37   115   416   505   413   513 0.74 length=535	scaffold=gi56500487	strand=+
5453_g               -            429 18178                -            177   2.1e-08   32.7   0.5   1   1   7.5e-11   4.5e-08   31.6   0.5    37   117   213   294   210   348 0.94 length=429	scaffold=gi56492448	strand=-
6532_g               -            463 18178                -            177   3.5e-08   32.0   0.7   1   1     1e-10     6e-08   31.2   0.7    37   117   120   201   117   251 0.93 length=464	scaffold=gi56500476	strand=+
519_g                -            104 18178                -            177     5e-07   28.2   0.1   1   1     1e-09   6.1e-07   27.9   0.1    39    96    25    81    21    99 0.94 length=105	scaffold=gi56495618	strand=+
3869_g               -            429 18178                -            177   4.1e-05   22.0   1.3   1   3   8.9e-05     0.054   11.8   0.2    38   112    16    94    10    99 0.78 length=429	scaffold=gi56496143	strand=-
3869_g               -            429 18178                -            177   4.1e-05   22.0   1.3   2   3       2.6   1.6e+03   -2.7   0.0    34    60   318   345   294   352 0.66 length=429	scaffold=gi56496143	strand=-
3869_g               -            429 18178                -            177   4.1e-05   22.0   1.3   3   3    0.0012      0.73    8.1   0.0    39    87   369   421   365   427 0.79 length=429	scaffold=gi56496143	strand=-
2556_g               -            193 18178                -            177   4.7e-05   21.8   0.2   1   1   1.3e-07   7.7e-05   21.1   0.2    38    97    97   155    89   158 0.94 length=194	scaffold=gi56493275	strand=+
6882_g               -            403 18178                -            177   0.00015   20.1   5.5   1   3   0.00066       0.4    9.0   0.3    34    78    34    78     5    81 0.84 length=404	scaffold=gi56497068	strand=+	adjustedToFrame=3
6882_g               -            403 18178                -            177   0.00015   20.1   5.5   2   3   0.00067       0.4    9.0   0.1    76   105   187   217   155   229 0.76 length=404	scaffold=gi56497068	strand=+	adjustedToFrame=3
6882_g               -            403 18178                -            177   0.00015   20.1   5.5   3   3     0.037        22    3.3   0.0    70   101   318   349   293   363 0.85 length=404	scaffold=gi56497068	strand=+	adjustedToFrame=3
2945_g               -            221 18178                -            177   0.00017   19.9   0.0   1   1   5.3e-07   0.00032   19.1   0.0    38    97    46   104    42   108 0.94 length=222	scaffold=gi56500922	strand=-
2798_g               -            129 18178                -            177   0.00091   17.6   0.2   1   2       1.2   7.5e+02   -1.7   0.0   123   149    28    54    12    60 0.71 length=130	scaffold=gi56501329	strand=+
2798_g               -            129 18178                -            177   0.00091   17.6   0.2   2   2   2.9e-06    0.0017   16.7   0.2    52    96    62   106    36   114 0.84 length=130	scaffold=gi56501329	strand=+
#
# Program:         hmmsearch
# Version:         3.4 (Aug 2023)
# Pipeline mode:   SEARCH
# Query file:      /home/inf-20-2025/Malaria/busco_downloads/lineages/apicomplexa_odb12/hmms/18178at5794.hmm
# Target file:     /home/inf-20-2025/Malaria/Results/6_nobird_annotation/P_berghei.faa
# Option settings: hmmsearch --domtblout Results/8_busco/P_berghei/run_apicomplexa_odb12/hmmer_output/initial_run_results/18178at5794.out --cpu 1 /home/inf-20-2025/Malaria/busco_downloads/lineages/apicomplexa_odb12/hmms/18178at5794.hmm /home/inf-20-2025/Malaria/Results/6_nobird_annotation/P_berghei.faa 
# Current dir:     /home/inf-20-2025/Malaria
# Date:            Wed Mar  4 18:30:18 2026
# [ok]
