#                                                                            --- full sequence --- -------------- this domain -------------   hmm coord   ali coord   env coord
# target name        accession   tlen query name           accession   qlen   E-value  score  bias   #  of  c-Evalue  i-Evalue  score  bias  from    to  from    to  from    to  acc description of target
#------------------- ---------- ----- -------------------- ---------- ----- --------- ------ ----- --- --- --------- --------- ------ ----- ----- ----- ----- ----- ----- ----- ---- ---------------------
6998_g               -            705 31030                -            669  2.1e-279  927.0  21.8   1   1  2.1e-282  2.5e-279  926.7  21.8     2   669    13   702    12   702 0.93 length=706	scaffold=gi56500674	strand=+
5901_g               -            232 31030                -            669  2.3e-100  335.4   0.6   1   1  2.1e-103  2.5e-100  335.2   0.6    52   274     1   231     1   232 0.95 length=232	scaffold=gi56485439	strand=+	adjustedToFrame=3
2110_g               -            685 31030                -            669   2.9e-07   27.7   1.6   1   2    0.0046       5.5    3.6   0.1   299   487    80   127    28   143 0.51 length=685	scaffold=gi56499313	strand=+
2110_g               -            685 31030                -            669   2.9e-07   27.7   1.6   2   2   5.8e-09     7e-06   23.1   0.3   278   346   220   292   184   295 0.80 length=685	scaffold=gi56499313	strand=+
1253_g               -            271 31030                -            669   1.3e-05   22.2   0.5   1   1   1.5e-08   1.9e-05   21.7   0.5   431   527     8   109     3   118 0.75 length=272	scaffold=gi56493523	strand=-
1120_g               -            820 31030                -            669   0.00014   18.8   1.9   1   4      0.14   1.7e+02   -1.3   0.0   269   310    76   117    68   130 0.86 length=821	scaffold=gi56497478	strand=-
1120_g               -            820 31030                -            669   0.00014   18.8   1.9   2   4   0.00033       0.4    7.4   0.1    73   131   134   192   110   210 0.82 length=821	scaffold=gi56497478	strand=-
1120_g               -            820 31030                -            669   0.00014   18.8   1.9   3   4    0.0039       4.7    3.9   0.1    74   116   222   264   194   294 0.82 length=821	scaffold=gi56497478	strand=-
1120_g               -            820 31030                -            669   0.00014   18.8   1.9   4   4    0.0028       3.4    4.3   0.0    75   107   439   471   415   510 0.75 length=821	scaffold=gi56497478	strand=-
2149_g               -            227 31030                -            669   0.00066   16.6   0.7   1   3   1.9e-06    0.0022   14.8   0.0    67   117    27    77    16   106 0.85 length=228	scaffold=gi56495363	strand=-
2149_g               -            227 31030                -            669   0.00066   16.6   0.7   2   3      0.18   2.1e+02   -1.6   0.2   592   648   109   170    82   192 0.57 length=228	scaffold=gi56495363	strand=-
2149_g               -            227 31030                -            669   0.00066   16.6   0.7   3   3     0.079        96   -0.5   0.0    60   112   165   215   150   220 0.67 length=228	scaffold=gi56495363	strand=-
#
# Program:         hmmsearch
# Version:         3.4 (Aug 2023)
# Pipeline mode:   SEARCH
# Query file:      /home/inf-20-2025/Malaria/busco_downloads/lineages/apicomplexa_odb12/hmms/31030at5794.hmm
# Target file:     /home/inf-20-2025/Malaria/Results/6_nobird_annotation/P_berghei.faa
# Option settings: hmmsearch --domtblout Results/8_busco/P_berghei/run_apicomplexa_odb12/hmmer_output/initial_run_results/31030at5794.out --cpu 1 /home/inf-20-2025/Malaria/busco_downloads/lineages/apicomplexa_odb12/hmms/31030at5794.hmm /home/inf-20-2025/Malaria/Results/6_nobird_annotation/P_berghei.faa 
# Current dir:     /home/inf-20-2025/Malaria
# Date:            Wed Mar  4 18:30:21 2026
# [ok]
