#                                                                            --- full sequence --- -------------- this domain -------------   hmm coord   ali coord   env coord
# target name        accession   tlen query name           accession   qlen   E-value  score  bias   #  of  c-Evalue  i-Evalue  score  bias  from    to  from    to  from    to  acc description of target
#------------------- ---------- ----- -------------------- ---------- ----- --------- ------ ----- --- --- --------- --------- ------ ----- ----- ----- ----- ----- ----- ----- ---- ---------------------
2014_g               -            835 31310                -            631  1.5e-283  940.4  27.2   1   2  4.6e-153  2.2e-150  500.5   8.4     8   331    66   398    58   466 0.87 length=835	scaffold=gi56498426	strand=-
2014_g               -            835 31310                -            631  1.5e-283  940.4  27.2   2   2  5.9e-135  2.8e-132  440.7  10.8   351   629   512   806   498   808 0.90 length=835	scaffold=gi56498426	strand=-
884_g                -           1991 31310                -            631   2.5e-73  246.0   7.5   1   1   9.9e-76   4.8e-73  245.0   7.5    79   524   399   857   379   863 0.82 length=1992	scaffold=gi56500738	strand=+
6173_g               -            208 31310                -            631   4.3e-72  241.9   6.0   1   2   3.8e-73   1.8e-70  236.5   2.5   196   330     1   135     1   145 0.98 length=208	scaffold=gi56484735	strand=-	adjustedToFrame=2
6173_g               -            208 31310                -            631   4.3e-72  241.9   6.0   2   2     0.001      0.48    7.2   0.1   325   347   151   173   138   202 0.77 length=208	scaffold=gi56484735	strand=-	adjustedToFrame=2
4467_g               -            645 31310                -            631   1.3e-52  177.6   9.2   1   1     4e-52   1.9e-49  167.1   9.2   182   520     4   370     1   396 0.83 length=645	scaffold=gi56492585	strand=+	adjustedToFrame=2
2464_g               -           1553 31310                -            631   5.6e-51  172.1  12.4   1   4   1.7e-07   8.1e-05   19.6   0.0    56   106   230   276   190   328 0.84 length=1554	scaffold=gi56499116	strand=+	adjustedToFrame=2
2464_g               -           1553 31310                -            631   5.6e-51  172.1  12.4   2   4    0.0029       1.4    5.6   0.3   114   182   403   466   389   481 0.80 length=1554	scaffold=gi56499116	strand=+	adjustedToFrame=2
2464_g               -           1553 31310                -            631   5.6e-51  172.1  12.4   3   4     2e-11   9.4e-09   32.6   0.0   186   237   965  1017   956  1021 0.89 length=1554	scaffold=gi56499116	strand=+	adjustedToFrame=2
2464_g               -           1553 31310                -            631   5.6e-51  172.1  12.4   4   4   5.6e-37   2.7e-34  117.0   3.0   341   538  1354  1552  1288  1553 0.87 length=1554	scaffold=gi56499116	strand=+	adjustedToFrame=2
6809_g               -           1181 31310                -            631   3.8e-44  149.5   5.0   1   4      0.08        39    0.9   0.1   257   327   193   267   185   275 0.79 length=1181	scaffold=gi56496327	strand=-
6809_g               -           1181 31310                -            631   3.8e-44  149.5   5.0   2   4   1.9e-34     9e-32  108.7   0.0    27   272   316   559   286   570 0.85 length=1181	scaffold=gi56496327	strand=-
6809_g               -           1181 31310                -            631   3.8e-44  149.5   5.0   3   4      0.25   1.2e+02   -0.8   0.1   273   328   584   638   574   766 0.81 length=1181	scaffold=gi56496327	strand=-
6809_g               -           1181 31310                -            631   3.8e-44  149.5   5.0   4   4   2.4e-13   1.1e-10   39.0   0.1   386   455  1110  1180  1058  1181 0.91 length=1181	scaffold=gi56496327	strand=-
930_g                -            866 31310                -            631   2.5e-39  133.7  12.3   1   1   6.9e-42   3.3e-39  133.2  12.3    56   536   278   741   233   812 0.79 length=867	scaffold=gi56501301	strand=+
3151_g               -            791 31310                -            631     4e-39  133.0  21.9   1   3   0.00016     0.079    9.8   2.5   268   349    69   152    51   172 0.75 length=792	scaffold=gi56500749	strand=-	adjustedToFrame=2
3151_g               -            791 31310                -            631     4e-39  133.0  21.9   2   3    0.0015      0.72    6.6   6.0   338   404   312   380   229   418 0.61 length=792	scaffold=gi56500749	strand=-	adjustedToFrame=2
3151_g               -            791 31310                -            631     4e-39  133.0  21.9   3   3   1.5e-39   7.1e-37  125.5   0.3   410   532   469   591   456   675 0.80 length=792	scaffold=gi56500749	strand=-	adjustedToFrame=2
1441_g               -            290 31310                -            631   2.7e-37  126.9   4.2   1   1   7.3e-40   3.5e-37  126.5   4.2   124   415     2   290     1   290 0.85 length=291	scaffold=gi56487741	strand=+	adjustedToFrame=3
291_g                -           1469 31310                -            631   1.5e-31  107.9   6.2   1   5   4.6e-05     0.022   11.6   0.0    83   105   646   668   634   678 0.85 length=1470	scaffold=gi56501214	strand=-
291_g                -           1469 31310                -            631   1.5e-31  107.9   6.2   2   5      0.19        94   -0.4   0.0   115   136   707   728   699   745 0.90 length=1470	scaffold=gi56501214	strand=-
291_g                -           1469 31310                -            631   1.5e-31  107.9   6.2   3   5   2.2e-09     1e-06   25.9   0.0   188   239   884   935   871   988 0.87 length=1470	scaffold=gi56501214	strand=-
291_g                -           1469 31310                -            631   1.5e-31  107.9   6.2   4   5   0.00015      0.07    9.9   2.5   316   434  1178  1296  1127  1303 0.73 length=1470	scaffold=gi56501214	strand=-
291_g                -           1469 31310                -            631   1.5e-31  107.9   6.2   5   5   1.4e-18   6.9e-16   56.2   0.1   439   527  1323  1412  1314  1432 0.87 length=1470	scaffold=gi56501214	strand=-
1771_g               -           1135 31310                -            631   7.2e-27   92.5   4.8   1   1   3.7e-29   1.8e-26   91.2   4.8    73   331   422   672   416   701 0.81 length=1135	scaffold=gi56497518	strand=-	adjustedToFrame=3
6143_g               -            215 31310                -            631   8.6e-22   75.7   0.1   1   1     2e-24   9.5e-22   75.6   0.1    40   227    33   215     4   215 0.79 length=215	scaffold=gi56485277	strand=+	adjustedToFrame=2
4844_g               -            216 31310                -            631   4.7e-21   73.3   1.1   1   2   3.7e-05     0.018   11.9   0.2   367   434    13    79     3    85 0.80 length=217	scaffold=gi56486916	strand=+	adjustedToFrame=2
4844_g               -            216 31310                -            631   4.7e-21   73.3   1.1   2   2   7.9e-20   3.8e-17   60.4   0.1   439   525   106   193    99   212 0.85 length=217	scaffold=gi56486916	strand=+	adjustedToFrame=2
1395_g               -            704 31310                -            631   3.7e-18   63.7   0.4   1   2   2.4e-20   1.1e-17   62.1   0.1   448   538     1    93     1   115 0.86 length=704	scaffold=gi56493632	strand=+	adjustedToFrame=2
1395_g               -            704 31310                -            631   3.7e-18   63.7   0.4   2   2      0.41     2e+02   -1.5   0.0   231   247   330   346   325   349 0.86 length=704	scaffold=gi56493632	strand=+	adjustedToFrame=2
5262_g               -            329 31310                -            631   1.8e-05   21.8   0.9   1   3      0.42     2e+02   -1.5   1.6   306   383    26   104     4   134 0.62 length=329	scaffold=gi56488485	strand=+
5262_g               -            329 31310                -            631   1.8e-05   21.8   0.9   2   3       0.2        98   -0.5   0.2   319   371   190   241   157   256 0.58 length=329	scaffold=gi56488485	strand=+
5262_g               -            329 31310                -            631   1.8e-05   21.8   0.9   3   3   3.7e-08   1.8e-05   21.8   0.9   363   423   266   328   225   329 0.72 length=329	scaffold=gi56488485	strand=+
#
# Program:         hmmsearch
# Version:         3.4 (Aug 2023)
# Pipeline mode:   SEARCH
# Query file:      /home/inf-20-2025/Malaria/busco_downloads/lineages/apicomplexa_odb12/hmms/31310at5794.hmm
# Target file:     /home/inf-20-2025/Malaria/Results/6_nobird_annotation/P_berghei.faa
# Option settings: hmmsearch --domtblout Results/8_busco/P_berghei/run_apicomplexa_odb12/hmmer_output/initial_run_results/31310at5794.out --cpu 1 /home/inf-20-2025/Malaria/busco_downloads/lineages/apicomplexa_odb12/hmms/31310at5794.hmm /home/inf-20-2025/Malaria/Results/6_nobird_annotation/P_berghei.faa 
# Current dir:     /home/inf-20-2025/Malaria
# Date:            Wed Mar  4 18:30:21 2026
# [ok]
