#                                                                            --- full sequence --- -------------- this domain -------------   hmm coord   ali coord   env coord
# target name        accession   tlen query name           accession   qlen   E-value  score  bias   #  of  c-Evalue  i-Evalue  score  bias  from    to  from    to  from    to  acc description of target
#------------------- ---------- ----- -------------------- ---------- ----- --------- ------ ----- --- --- --------- --------- ------ ----- ----- ----- ----- ----- ----- ----- ---- ---------------------
4170_g               -            321 31610                -            269   6.8e-52  174.9   0.7   1   2   5.9e-54     3e-51  172.7   0.1     2   135     9   156     8   164 0.88 length=321	scaffold=gi56493035	strand=+
4170_g               -            321 31610                -            269   6.8e-52  174.9   0.7   2   2      0.32   1.6e+02   -0.2   0.1    24    66   252   294   247   305 0.82 length=321	scaffold=gi56493035	strand=+
3049_g               -            376 31610                -            269   7.8e-39  132.0   0.0   1   1   3.8e-41     2e-38  130.7   0.0     4   268     7   266     4   267 0.85 length=377	scaffold=gi56501056	strand=+
618_g                -            364 31610                -            269   8.4e-35  118.8   0.1   1   1   1.2e-36     6e-34  116.0   0.1     4   268    13   269    10   270 0.81 length=364	scaffold=gi56497749	strand=+
6644_g               -            357 31610                -            269   3.1e-32  110.4   0.0   1   2   2.3e-07   0.00012   20.0   0.0     3    32     4    33     2    40 0.89 length=358	scaffold=gi56499576	strand=-
6644_g               -            357 31610                -            269   3.1e-32  110.4   0.0   2   2   3.3e-28   1.7e-25   88.3   0.0    55   267    39   237    35   238 0.90 length=358	scaffold=gi56499576	strand=-
5975_g               -            181 31610                -            269   8.6e-25   86.0   0.0   1   1   2.8e-27   1.5e-24   85.2   0.0     3   173     7   180     5   181 0.88 length=181	scaffold=gi56486336	strand=-
1406_g               -            249 31610                -            269   6.8e-18   63.4   0.0   1   1   3.3e-20   1.7e-17   62.1   0.0   107   268     3   147     1   148 0.84 length=249	scaffold=gi56492244	strand=-
2547_g               -            485 31610                -            269   5.3e-13   47.3   1.4   1   3     0.001      0.52    8.0   0.0     3    37    19    53    17    62 0.86 length=486	scaffold=gi56498293	strand=+
2547_g               -            485 31610                -            269   5.3e-13   47.3   1.4   2   3   2.3e-12   1.2e-09   36.3   0.0    76   193   136   245   125   248 0.89 length=486	scaffold=gi56498293	strand=+
2547_g               -            485 31610                -            269   5.3e-13   47.3   1.4   3   3      0.72   3.7e+02   -1.3   0.9   201   265   282   345   275   349 0.61 length=486	scaffold=gi56498293	strand=+
1407_g               -            105 31610                -            269   4.9e-12   44.2   0.0   1   1   1.6e-14   8.3e-12   43.4   0.0     3    86     7   101     5   104 0.83 length=106	scaffold=gi56492244	strand=-
1792_g               -            504 31610                -            269   1.1e-05   23.4   0.3   1   2       3.3   1.7e+03   -3.5   0.3   210   253   133   175   128   177 0.61 length=505	scaffold=gi56496248	strand=-	adjustedToFrame=2
1792_g               -            504 31610                -            269   1.1e-05   23.4   0.3   2   2   2.1e-08   1.1e-05   23.4   0.3    72   224   197   340   190   359 0.77 length=505	scaffold=gi56496248	strand=-	adjustedToFrame=2
3585_g               -            464 31610                -            269   1.6e-05   22.8   1.0   1   1     9e-08   4.6e-05   21.3   1.0    82   204    99   213    77   266 0.74 length=465	scaffold=gi56496000	strand=+	adjustedToFrame=3
6939_g               -            108 31610                -            269   3.7e-05   21.6   0.0   1   2      0.18        95    0.6   0.0    13    30    27    44    23    49 0.90 length=109	scaffold=gi56484577	strand=+	adjustedToFrame=2
6939_g               -            108 31610                -            269   3.7e-05   21.6   0.0   2   2   4.2e-07   0.00022   19.1   0.0    55   109    48   102    44   107 0.93 length=109	scaffold=gi56484577	strand=+	adjustedToFrame=2
2746_g               -            489 31610                -            269     0.002   16.0   0.0   1   1   6.8e-06    0.0035   15.1   0.0    78   129    81   132    53   154 0.84 length=490	scaffold=gi56500093	strand=+
184_g                -            247 31610                -            269    0.0036   15.1   0.7   1   2   2.3e-05     0.012   13.4   0.0     3    48     8    53     6    63 0.88 length=247	scaffold=gi56490451	strand=+
184_g                -            247 31610                -            269    0.0036   15.1   0.7   2   2      0.37   1.9e+02   -0.4   0.2   189   218   170   201   159   229 0.72 length=247	scaffold=gi56490451	strand=+
4938_g               -            247 31610                -            269     0.012   13.4   0.7   1   2     8e-05     0.041   11.6   0.0     3    48     8    53     6    63 0.88 length=247	scaffold=gi56486890	strand=-
4938_g               -            247 31610                -            269     0.012   13.4   0.7   2   2      0.37   1.9e+02   -0.4   0.2   189   218   170   201   159   229 0.72 length=247	scaffold=gi56486890	strand=-
#
# Program:         hmmsearch
# Version:         3.4 (Aug 2023)
# Pipeline mode:   SEARCH
# Query file:      /home/inf-20-2025/Malaria/busco_downloads/lineages/apicomplexa_odb12/hmms/31610at5794.hmm
# Target file:     /home/inf-20-2025/Malaria/Results/6_nobird_annotation/P_berghei.faa
# Option settings: hmmsearch --domtblout Results/8_busco/P_berghei/run_apicomplexa_odb12/hmmer_output/initial_run_results/31610at5794.out --cpu 1 /home/inf-20-2025/Malaria/busco_downloads/lineages/apicomplexa_odb12/hmms/31610at5794.hmm /home/inf-20-2025/Malaria/Results/6_nobird_annotation/P_berghei.faa 
# Current dir:     /home/inf-20-2025/Malaria
# Date:            Wed Mar  4 18:30:19 2026
# [ok]
