#                                                                            --- full sequence --- -------------- this domain -------------   hmm coord   ali coord   env coord
# target name        accession   tlen query name           accession   qlen   E-value  score  bias   #  of  c-Evalue  i-Evalue  score  bias  from    to  from    to  from    to  acc description of target
#------------------- ---------- ----- -------------------- ---------- ----- --------- ------ ----- --- --- --------- --------- ------ ----- ----- ----- ----- ----- ----- ----- ---- ---------------------
1022_g               -            903 31757                -            739  1.1e-279  928.4  38.4   1   5   1.1e-17   5.4e-15   53.2   0.1     3    78    64   142    62   186 0.88 length=904	scaffold=gi56496757	strand=-
1022_g               -            903 31757                -            739  1.1e-279  928.4  38.4   2   5   1.1e-15   5.1e-13   46.7   0.2    94   144   199   249   195   256 0.92 length=904	scaffold=gi56496757	strand=-
1022_g               -            903 31757                -            739  1.1e-279  928.4  38.4   3   5  4.2e-119    2e-116  388.5  11.3   144   406   275   564   265   565 0.89 length=904	scaffold=gi56496757	strand=-
1022_g               -            903 31757                -            739  1.1e-279  928.4  38.4   4   5   5.4e-74   2.6e-71  239.4   2.6   435   575   565   692   564   701 0.97 length=904	scaffold=gi56496757	strand=-
1022_g               -            903 31757                -            739  1.1e-279  928.4  38.4   5   5   4.6e-65   2.2e-62  209.9   1.6   566   732   710   876   693   892 0.87 length=904	scaffold=gi56496757	strand=-
6130_g               -            260 31757                -            739  1.6e-132  441.8   2.4   1   1  6.6e-135  3.2e-132  440.8   2.4   333   575     9   241     3   247 0.96 length=260	scaffold=gi56486656	strand=+
132_g                -            940 31757                -            739  8.8e-117  389.7  13.4   1   2   6.9e-21   3.3e-18   63.8   3.2    74   295   116   343    31   347 0.79 length=941	scaffold=gi56499678	strand=+
132_g                -            940 31757                -            739  8.8e-117  389.7  13.4   2   2  2.2e-101   1.1e-98  330.0   2.6   315   662   394   755   385   760 0.87 length=941	scaffold=gi56499678	strand=+
213_g                -            770 31757                -            739  1.9e-113  378.7   6.7   1   2   1.6e-30   7.8e-28   95.7   1.0    74   396    19   321     9   327 0.80 length=771	scaffold=gi56500759	strand=-
213_g                -            770 31757                -            739  1.9e-113  378.7   6.7   2   2   8.6e-86   4.2e-83  278.4   0.5   395   657   347   637   340   645 0.86 length=771	scaffold=gi56500759	strand=-
4136_g               -            653 31757                -            739     2e-99  332.4   0.7   1   1  7.2e-102   3.5e-99  331.6   0.7   145   643   139   649    51   652 0.82 length=654	scaffold=gi56498688	strand=-	adjustedToFrame=3
5375_g               -            389 31757                -            739   7.7e-83  277.5  15.4   1   3   3.1e-18   1.5e-15   55.0   0.1     3    78    64   142    62   187 0.88 length=389	scaffold=gi56491329	strand=-
5375_g               -            389 31757                -            739   7.7e-83  277.5  15.4   2   3   3.1e-16   1.5e-13   48.5   0.1    94   144   199   249   195   268 0.92 length=389	scaffold=gi56491329	strand=-
5375_g               -            389 31757                -            739   7.7e-83  277.5  15.4   3   3   4.7e-55   2.3e-52  176.8   6.6   144   257   275   389   265   389 0.95 length=389	scaffold=gi56491329	strand=-
3170_g               -           1180 31757                -            739   5.6e-59  198.6  20.7   1   4     0.034        16    2.1   0.2   126   191   274   342   143   373 0.72 length=1181	scaffold=gi56500551	strand=-
3170_g               -           1180 31757                -            739   5.6e-59  198.6  20.7   2   4   7.4e-06    0.0036   14.1   2.0   231   364   448   581   418   586 0.75 length=1181	scaffold=gi56500551	strand=-
3170_g               -           1180 31757                -            739   5.6e-59  198.6  20.7   3   4   4.3e-45   2.1e-42  143.9   2.6   394   564   776   947   767   963 0.90 length=1181	scaffold=gi56500551	strand=-
3170_g               -           1180 31757                -            739   5.6e-59  198.6  20.7   4   4   2.8e-16   1.3e-13   48.6   0.1   564   662  1004  1101   992  1109 0.92 length=1181	scaffold=gi56500551	strand=-
2180_g               -            312 31757                -            739   2.2e-43  147.1   5.8   1   2     4e-27   1.9e-24   84.5   0.1   484   580     4   100     1   111 0.94 length=312	scaffold=gi56489403	strand=+	adjustedToFrame=2
2180_g               -            312 31757                -            739   2.2e-43  147.1   5.8   2   2   4.1e-21     2e-18   64.6   1.6   570   687   141   258   113   304 0.73 length=312	scaffold=gi56489403	strand=+	adjustedToFrame=2
3706_g               -            458 31757                -            739   1.3e-29  101.5   0.4   1   1   7.8e-32   3.8e-29  100.0   0.4   156   420   203   455   151   458 0.78 length=458	scaffold=gi56492396	strand=-
1783_g               -            279 31757                -            739   3.5e-26   90.2   4.5   1   2   5.2e-18   2.5e-15   54.3   0.4   514   567     1    54     1    68 0.90 length=280	scaffold=gi56493013	strand=-	adjustedToFrame=2
1783_g               -            279 31757                -            739   3.5e-26   90.2   4.5   2   2   4.8e-13   2.3e-10   37.9   1.1   548   662    57   179    51   213 0.81 length=280	scaffold=gi56493013	strand=-	adjustedToFrame=2
5038_g               -            261 31757                -            739   1.2e-21   75.3   2.4   1   2   4.7e-12   2.3e-09   34.6   0.0   318   413   112   212    99   215 0.79 length=261	scaffold=gi56487669	strand=+
5038_g               -            261 31757                -            739   1.2e-21   75.3   2.4   2   2   1.1e-13   5.5e-11   40.0   1.7   460   505   214   259   211   261 0.96 length=261	scaffold=gi56487669	strand=+
3295_g               -            410 31757                -            739   8.1e-19   65.9   0.2   1   1   4.4e-21   2.1e-18   64.5   0.2    45   376    75   409    38   410 0.76 length=410	scaffold=gi56500556	strand=-
3243_g               -            207 31757                -            739   4.2e-17   60.2   0.1   1   1   8.6e-19   4.1e-16   56.9   0.1     3    78    64   142    62   187 0.88 length=208	scaffold=gi56500208	strand=-
2633_g               -            347 31757                -            739   8.2e-12   42.7   0.0   1   1   3.1e-14   1.5e-11   41.8   0.0   594   664   131   206    91   224 0.82 length=347	scaffold=gi56491543	strand=-	adjustedToFrame=2
6059_g               -            321 31757                -            739   9.5e-07   26.0   0.2   1   1   3.5e-09   1.7e-06   25.1   0.2   109   294   107   311    19   318 0.67 length=321	scaffold=gi56489711	strand=-
#
# Program:         hmmsearch
# Version:         3.4 (Aug 2023)
# Pipeline mode:   SEARCH
# Query file:      /home/inf-20-2025/Malaria/busco_downloads/lineages/apicomplexa_odb12/hmms/31757at5794.hmm
# Target file:     /home/inf-20-2025/Malaria/Results/6_nobird_annotation/P_berghei.faa
# Option settings: hmmsearch --domtblout Results/8_busco/P_berghei/run_apicomplexa_odb12/hmmer_output/initial_run_results/31757at5794.out --cpu 1 /home/inf-20-2025/Malaria/busco_downloads/lineages/apicomplexa_odb12/hmms/31757at5794.hmm /home/inf-20-2025/Malaria/Results/6_nobird_annotation/P_berghei.faa 
# Current dir:     /home/inf-20-2025/Malaria
# Date:            Wed Mar  4 18:30:21 2026
# [ok]
