#                                                                            --- full sequence --- -------------- this domain -------------   hmm coord   ali coord   env coord
# target name        accession   tlen query name           accession   qlen   E-value  score  bias   #  of  c-Evalue  i-Evalue  score  bias  from    to  from    to  from    to  acc description of target
#------------------- ---------- ----- -------------------- ---------- ----- --------- ------ ----- --- --- --------- --------- ------ ----- ----- ----- ----- ----- ----- ----- ---- ---------------------
3843_g               -            346 31981                -            184   1.2e-52  176.5   7.9   1   3   2.6e-25   1.3e-22   78.6   0.1     2    78    26    98    25   110 0.93 length=346	scaffold=gi56493572	strand=+
3843_g               -            346 31981                -            184   1.2e-52  176.5   7.9   2   3   8.5e-33   4.1e-30  103.0   0.2    77   174   137   237   122   246 0.87 length=346	scaffold=gi56493572	strand=+
3843_g               -            346 31981                -            184   1.2e-52  176.5   7.9   3   3       6.5   3.1e+03   -4.2   0.3    77    95   326   344   324   345 0.78 length=346	scaffold=gi56493572	strand=+
1031_g               -            567 31981                -            184     7e-16   56.6   0.0   1   1   3.3e-18   1.6e-15   55.5   0.0    78   171   471   565   467   567 0.95 length=568	scaffold=gi56498536	strand=+	adjustedToFrame=2
3658_g               -            149 31981                -            184   3.9e-15   54.2   1.8   1   2   3.5e-08   1.7e-05   22.8   0.1    82   149     5    74     2    83 0.90 length=150	scaffold=gi56494451	strand=+
3658_g               -            149 31981                -            184   3.9e-15   54.2   1.8   2   2   8.1e-11   3.9e-08   31.4   0.4    85   148    81   146    74   148 0.90 length=150	scaffold=gi56494451	strand=+
6600_g               -            168 31981                -            184   3.8e-09   34.7   1.8   1   2   2.5e-07   0.00012   20.0   0.0    81   145    20    86    13    96 0.89 length=169	scaffold=gi56497460	strand=-	adjustedToFrame=2
6600_g               -            168 31981                -            184   3.8e-09   34.7   1.8   2   2   1.3e-05    0.0065   14.4   0.4    84   149    96   163    89   166 0.89 length=169	scaffold=gi56497460	strand=-	adjustedToFrame=2
6188_g               -            113 31981                -            184   5.2e-08   31.0   0.9   1   2    0.0027       1.3    6.9   0.1   120   149    18    47     9    60 0.82 length=113	scaffold=gi56488277	strand=-	adjustedToFrame=2
6188_g               -            113 31981                -            184   5.2e-08   31.0   0.9   2   2   7.7e-10   3.7e-07   28.2   1.0    56   141    29   112    20   113 0.83 length=113	scaffold=gi56488277	strand=-	adjustedToFrame=2
3321_g               -            168 31981                -            184   1.4e-07   29.6   4.0   1   1   8.6e-09   4.2e-06   24.8   4.0     4   149    18   163    16   166 0.83 length=169	scaffold=gi56499288	strand=-
840_g                -            540 31981                -            184   2.9e-07   28.5   0.7   1   2   5.8e-06    0.0028   15.6   0.1    82   147   407   473   383   478 0.81 length=540	scaffold=gi56494157	strand=+
840_g                -            540 31981                -            184   2.9e-07   28.5   0.7   2   2    0.0001     0.049   11.5   0.0    39   103   475   539   472   540 0.93 length=540	scaffold=gi56494157	strand=+
936_g                -           1161 31981                -            184   3.7e-07   28.2   1.7   1   2   3.9e-05     0.019   12.9   0.0    83   147    23    85    17    92 0.84 length=1162	scaffold=gi56501062	strand=+
936_g                -           1161 31981                -            184   3.7e-07   28.2   1.7   2   2   2.1e-05      0.01   13.7   0.7    81   153    90   165    85   186 0.75 length=1162	scaffold=gi56501062	strand=+
524_g                -            520 31981                -            184   1.8e-06   26.0   3.3   1   2   9.9e-05     0.048   11.5   0.2    69   145   360   449   346   453 0.65 length=520	scaffold=gi56496416	strand=+
524_g                -            520 31981                -            184   1.8e-06   26.0   3.3   2   2   1.2e-05    0.0056   14.6   1.0    52   144   431   518   419   519 0.79 length=520	scaffold=gi56496416	strand=+
6971_g               -            416 31981                -            184   2.1e-06   25.7   2.6   1   3      0.17        83    1.0   0.0    54    74    40    60    31    75 0.81 length=416	scaffold=gi56496640	strand=+	adjustedToFrame=3
6971_g               -            416 31981                -            184   2.1e-06   25.7   2.6   2   3   4.4e-09   2.1e-06   25.7   2.6    56   153    78   173    65   197 0.86 length=416	scaffold=gi56496640	strand=+	adjustedToFrame=3
6971_g               -            416 31981                -            184   2.1e-06   25.7   2.6   3   3         5   2.4e+03   -3.8   0.1     9    25   234   250   227   258 0.71 length=416	scaffold=gi56496640	strand=+	adjustedToFrame=3
3638_g               -            508 31981                -            184   4.7e-06   24.6   2.9   1   2   1.2e-05    0.0059   14.5   0.2    81   145   367   441   351   443 0.70 length=508	scaffold=gi56495309	strand=-
3638_g               -            508 31981                -            184   4.7e-06   24.6   2.9   2   2   1.1e-05    0.0052   14.7   0.6    54   140   425   506   418   508 0.83 length=508	scaffold=gi56495309	strand=-
3371_g               -            217 31981                -            184   8.9e-05   20.5   0.8   1   1   2.9e-07   0.00014   19.8   0.8    65   144   134   217   125   217 0.86 length=217	scaffold=gi56497209	strand=+
312_g                -            167 31981                -            184   9.7e-05   20.3   3.8   1   2   4.5e-06    0.0022   15.9   0.7    50   142    20   110    13   117 0.84 length=168	scaffold=gi56496098	strand=+
312_g                -            167 31981                -            184   9.7e-05   20.3   3.8   2   2   0.00013     0.062   11.2   0.2    87   144    89   148    79   163 0.86 length=168	scaffold=gi56496098	strand=+
2909_g               -            157 31981                -            184   0.00015   19.7   3.5   1   2     0.003       1.5    6.7   0.1    81   117    16    52     9    62 0.86 length=158	scaffold=gi56497893	strand=-
2909_g               -            157 31981                -            184   0.00015   19.7   3.5   2   2    0.0046       2.2    6.1   0.1    45    73   126   154   122   155 0.91 length=158	scaffold=gi56497893	strand=-
6533_g               -            315 31981                -            184     0.014   13.3   6.2   1   3    0.0011      0.52    8.2   0.3    87   143    59   117    47   123 0.80 length=316	scaffold=gi56500476	strand=+
6533_g               -            315 31981                -            184     0.014   13.3   6.2   2   3    0.0042         2    6.3   0.4    83   145    91   159    87   180 0.73 length=316	scaffold=gi56500476	strand=+
6533_g               -            315 31981                -            184     0.014   13.3   6.2   3   3    0.0093       4.5    5.1   0.2    92   116   187   211   175   218 0.85 length=316	scaffold=gi56500476	strand=+
#
# Program:         hmmsearch
# Version:         3.4 (Aug 2023)
# Pipeline mode:   SEARCH
# Query file:      /home/inf-20-2025/Malaria/busco_downloads/lineages/apicomplexa_odb12/hmms/31981at5794.hmm
# Target file:     /home/inf-20-2025/Malaria/Results/6_nobird_annotation/P_berghei.faa
# Option settings: hmmsearch --domtblout Results/8_busco/P_berghei/run_apicomplexa_odb12/hmmer_output/initial_run_results/31981at5794.out --cpu 1 /home/inf-20-2025/Malaria/busco_downloads/lineages/apicomplexa_odb12/hmms/31981at5794.hmm /home/inf-20-2025/Malaria/Results/6_nobird_annotation/P_berghei.faa 
# Current dir:     /home/inf-20-2025/Malaria
# Date:            Wed Mar  4 18:30:24 2026
# [ok]
