#                                                                            --- full sequence --- -------------- this domain -------------   hmm coord   ali coord   env coord
# target name        accession   tlen query name           accession   qlen   E-value  score  bias   #  of  c-Evalue  i-Evalue  score  bias  from    to  from    to  from    to  acc description of target
#------------------- ---------- ----- -------------------- ---------- ----- --------- ------ ----- --- --- --------- --------- ------ ----- ----- ----- ----- ----- ----- ----- ---- ---------------------
3107_g               -            384 32042                -            306  1.7e-127  423.6   9.9   1   2   1.3e-32   1.9e-29  101.6   1.3     3   127     3   129     1   157 0.90 length=385	scaffold=gi56501271	strand=+
3107_g               -            384 32042                -            306  1.7e-127  423.6   9.9   2   2  3.1e-101   4.4e-98  327.0   2.1    95   305   156   373   144   374 0.94 length=385	scaffold=gi56501271	strand=+
2844_g               -           1000 32042                -            306   1.8e-51  173.9  10.4   1   3      0.15   2.2e+02   -0.4   0.1    50   103   206   259   200   292 0.83 length=1001	scaffold=gi56501310	strand=-
2844_g               -           1000 32042                -            306   1.8e-51  173.9  10.4   2   3   1.1e-47   1.6e-44  151.1   6.7    47   239   526   724   469   732 0.87 length=1001	scaffold=gi56501310	strand=-
2844_g               -           1000 32042                -            306   1.8e-51  173.9  10.4   3   3   4.1e-08   5.9e-05   21.2   0.0   240   285   885   930   879   946 0.89 length=1001	scaffold=gi56501310	strand=-
3237_g               -            717 32042                -            306   1.3e-33  115.3  13.3   1   3     0.059        85    0.9   0.1    25    54    33    62     1    79 0.71 length=718	scaffold=gi56501319	strand=+
3237_g               -            717 32042                -            306   1.3e-33  115.3  13.3   2   3   5.3e-15   7.6e-12   43.8   0.2    69   173   221   345   201   348 0.74 length=718	scaffold=gi56501319	strand=+
3237_g               -            717 32042                -            306   1.3e-33  115.3  13.3   3   3   1.8e-22   2.6e-19   68.3   3.8   197   286   349   460   346   468 0.74 length=718	scaffold=gi56501319	strand=+
7221_g               -            141 32042                -            306   1.1e-30  105.6   0.9   1   1     9e-34   1.3e-30  105.4   0.9     3   127     3   129     1   135 0.91 length=141	scaffold=gi56491641	strand=-
5802_g               -            182 32042                -            306   3.9e-23   80.9   0.5   1   1   3.8e-26   5.4e-23   80.4   0.5    72   221     6   182     2   182 0.74 length=182	scaffold=gi56486066	strand=-	adjustedToFrame=3
#
# Program:         hmmsearch
# Version:         3.4 (Aug 2023)
# Pipeline mode:   SEARCH
# Query file:      /home/inf-20-2025/Malaria/busco_downloads/lineages/apicomplexa_odb12/hmms/32042at5794.hmm
# Target file:     /home/inf-20-2025/Malaria/Results/6_nobird_annotation/P_berghei.faa
# Option settings: hmmsearch --domtblout Results/8_busco/P_berghei/run_apicomplexa_odb12/hmmer_output/initial_run_results/32042at5794.out --cpu 1 /home/inf-20-2025/Malaria/busco_downloads/lineages/apicomplexa_odb12/hmms/32042at5794.hmm /home/inf-20-2025/Malaria/Results/6_nobird_annotation/P_berghei.faa 
# Current dir:     /home/inf-20-2025/Malaria
# Date:            Wed Mar  4 18:30:20 2026
# [ok]
