#                                                                            --- full sequence --- -------------- this domain -------------   hmm coord   ali coord   env coord
# target name        accession   tlen query name           accession   qlen   E-value  score  bias   #  of  c-Evalue  i-Evalue  score  bias  from    to  from    to  from    to  acc description of target
#------------------- ---------- ----- -------------------- ---------- ----- --------- ------ ----- --- --- --------- --------- ------ ----- ----- ----- ----- ----- ----- ----- ---- ---------------------
1820_g               -            474 32139                -            397  1.2e-171  569.3   2.4   1   1  9.7e-174  1.4e-171  569.1   2.4     2   396    54   456    53   457 0.97 length=475	scaffold=gi56500048	strand=-
1224_g               -            499 32139                -            397  3.1e-107  357.2   6.5   1   1  2.9e-109  4.3e-107  356.8   6.5     2   395    94   485    93   487 0.94 length=500	scaffold=gi56498079	strand=-
18_g                 -            632 32139                -            397   2.3e-85  285.2   0.0   1   1   2.4e-87   3.4e-85  284.6   0.0     2   353   184   545   183   561 0.88 length=633	scaffold=gi56501070	strand=+
480_g                -           1331 32139                -            397   6.2e-85  283.8   0.5   1   1   9.1e-87   1.3e-84  282.7   0.5     3   365   571   939   569   960 0.94 length=1332	scaffold=gi56500461	strand=+
3884_g               -            522 32139                -            397   3.6e-84  281.3   0.0   1   1   3.1e-86   4.5e-84  280.9   0.0     4   360   110   472   107   490 0.90 length=523	scaffold=gi56498919	strand=-
1474_g               -            925 32139                -            397   3.3e-83  278.1   0.0   1   2     3e-42   4.4e-40  136.1   0.0     4   178   504   683   501   691 0.90 length=926	scaffold=gi56499759	strand=-
1474_g               -            925 32139                -            397   3.3e-83  278.1   0.0   2   2     3e-43   4.4e-41  139.4   0.0   181   360   707   888   696   921 0.90 length=926	scaffold=gi56499759	strand=-
3632_g               -            386 32139                -            397     1e-82  276.5   0.3   1   1   8.6e-85   1.2e-82  276.2   0.3     2   370    24   385    23   386 0.91 length=386	scaffold=gi56496185	strand=-
6847_g               -            552 32139                -            397   2.4e-82  275.3   1.5   1   1   2.1e-84     3e-82  274.9   1.5     4   390   102   490    99   497 0.89 length=553	scaffold=gi56497591	strand=+
3263_g               -            700 32139                -            397   3.1e-82  274.9   0.5   1   2   3.6e-16   5.2e-14   50.2   0.0     2    66   275   338   274   343 0.91 length=701	scaffold=gi56496895	strand=-	adjustedToFrame=2
3263_g               -            700 32139                -            397   3.1e-82  274.9   0.5   2   2   1.4e-68     2e-66  222.8   0.2    70   365   386   682   378   699 0.85 length=701	scaffold=gi56496895	strand=-	adjustedToFrame=2
3574_g               -            895 32139                -            397   3.6e-81  271.4   0.7   1   3   3.8e-14   5.4e-12   43.6   0.0     6    63   314   371   309   382 0.91 length=896	scaffold=gi56498230	strand=+	adjustedToFrame=3
3574_g               -            895 32139                -            397   3.6e-81  271.4   0.7   2   3   2.5e-22   3.6e-20   70.5   0.0    71   172   400   498   393   511 0.92 length=896	scaffold=gi56498230	strand=+	adjustedToFrame=3
3574_g               -            895 32139                -            397   3.6e-81  271.4   0.7   3   3   1.2e-47   1.7e-45  153.9   0.3   178   360   525   710   513   733 0.91 length=896	scaffold=gi56498230	strand=+	adjustedToFrame=3
1098_g               -            539 32139                -            397     3e-76  255.2   1.0   1   2   7.3e-14   1.1e-11   42.7   0.0     8    68    34    94    28   109 0.90 length=539	scaffold=gi56491665	strand=+	adjustedToFrame=2
1098_g               -            539 32139                -            397     3e-76  255.2   1.0   2   2   6.2e-65   8.9e-63  210.8   0.6    72   383   131   445   124   456 0.89 length=539	scaffold=gi56491665	strand=+	adjustedToFrame=2
2913_g               -            390 32139                -            397   3.5e-76  255.0   0.3   1   1   2.7e-78     4e-76  254.8   0.3     2   374    18   388    17   390 0.93 length=391	scaffold=gi56498164	strand=-
1613_g               -            338 32139                -            397   1.5e-74  249.6   0.4   1   1   1.2e-76   1.8e-74  249.4   0.4    45   368     2   328     1   335 0.93 length=339	scaffold=gi56494264	strand=+	adjustedToFrame=2
2826_g               -            996 32139                -            397   1.2e-73  246.6   4.4   1   3   8.2e-76   1.2e-73  246.6   4.4     3   387    34   427    32   436 0.89 length=997	scaffold=gi56496076	strand=+	adjustedToFrame=2
2826_g               -            996 32139                -            397   1.2e-73  246.6   4.4   2   3       4.4   6.4e+02   -2.7   0.4   350   370   638   658   626   674 0.59 length=997	scaffold=gi56496076	strand=+	adjustedToFrame=2
2826_g               -            996 32139                -            397   1.2e-73  246.6   4.4   3   3       9.8   1.4e+03   -3.9   1.6   202   233   930   960   874   987 0.56 length=997	scaffold=gi56496076	strand=+	adjustedToFrame=2
6775_g               -            466 32139                -            397   2.1e-73  245.8   1.7   1   2   4.5e-13   6.5e-11   40.1   0.0     3    66    61   124    60   127 0.92 length=467	scaffold=gi56499416	strand=+
6775_g               -            466 32139                -            397   2.1e-73  245.8   1.7   2   2   5.9e-63   8.5e-61  204.3   1.0    71   368   154   454   145   465 0.90 length=467	scaffold=gi56499416	strand=+
5213_g               -            346 32139                -            397   4.1e-67  225.1   0.1   1   1   3.6e-69   5.2e-67  224.8   0.1    69   346    43   320    35   344 0.89 length=346	scaffold=gi56490117	strand=-
1511_g               -            674 32139                -            397   1.6e-63  213.3   5.5   1   1   2.1e-63     3e-61  205.8   5.5     2   375   263   669   262   674 0.82 length=674	scaffold=gi56499602	strand=+
4261_g               -            734 32139                -            397   2.6e-61  206.0   7.5   1   1   1.5e-62   2.1e-60  203.0   7.5     2   376   106   482   105   501 0.85 length=734	scaffold=gi56494997	strand=+	adjustedToFrame=2
327_g                -            609 32139                -            397   8.9e-60  201.0  10.3   1   4   5.7e-13   8.3e-11   39.7   0.0     4    67   176   240   173   245 0.89 length=609	scaffold=gi56492525	strand=-	adjustedToFrame=2
327_g                -            609 32139                -            397   8.9e-60  201.0  10.3   2   4   7.4e-32   1.1e-29  101.9   0.3    66   205   262   407   257   421 0.87 length=609	scaffold=gi56492525	strand=-	adjustedToFrame=2
327_g                -            609 32139                -            397   8.9e-60  201.0  10.3   3   4      0.23        33    1.5   0.4   217   269   464   516   433   535 0.72 length=609	scaffold=gi56492525	strand=-	adjustedToFrame=2
327_g                -            609 32139                -            397   8.9e-60  201.0  10.3   4   4   1.3e-19   1.9e-17   61.6   0.1   266   338   535   608   524   609 0.92 length=609	scaffold=gi56492525	strand=-	adjustedToFrame=2
2925_g               -            655 32139                -            397   1.2e-59  200.5   7.6   1   1   1.3e-61   1.9e-59  199.9   7.6     8   382   186   574   180   586 0.85 length=656	scaffold=gi56501152	strand=-
6654_g               -            719 32139                -            397   5.7e-58  195.0   5.1   1   1   1.6e-59   2.3e-57  193.0   5.1     8   363   257   626   250   656 0.83 length=720	scaffold=gi56496812	strand=-
3556_g               -            836 32139                -            397   5.8e-44  148.9  13.0   1   3   9.6e-28   1.4e-25   88.4   3.7    18   224    94   297    77   331 0.73 length=837	scaffold=gi56501259	strand=+
3556_g               -            836 32139                -            397   5.8e-44  148.9  13.0   2   3    0.0014       0.2    8.8   0.5   221   298   340   419   329   422 0.81 length=837	scaffold=gi56501259	strand=+
3556_g               -            836 32139                -            397   5.8e-44  148.9  13.0   3   3   1.3e-17   1.9e-15   55.0   0.0   303   371   562   633   558   658 0.82 length=837	scaffold=gi56501259	strand=+
6155_g               -            188 32139                -            397   4.7e-42  142.6   0.1   1   1   3.8e-44   5.5e-42  142.4   0.1    20   202     6   182     1   187 0.95 length=189	scaffold=gi56486265	strand=-	adjustedToFrame=2
5534_g               -            502 32139                -            397   1.6e-38  131.0  12.5   1   1   2.6e-40   3.8e-38  129.7  12.5     3   318   164   502   162   502 0.81 length=502	scaffold=gi56493876	strand=+
3961_g               -            633 32139                -            397   3.5e-38  129.8   5.9   1   3     1e-17   1.5e-15   55.3   0.0     2    65     3    66     2    73 0.94 length=633	scaffold=gi56494176	strand=+
3961_g               -            633 32139                -            397   3.5e-38  129.8   5.9   2   3   1.7e-16   2.4e-14   51.3   0.1    63   225   312   479   310   514 0.71 length=633	scaffold=gi56494176	strand=+
3961_g               -            633 32139                -            397   3.5e-38  129.8   5.9   3   3   9.7e-08   1.4e-05   22.5   0.8   219   304   530   633   502   633 0.72 length=633	scaffold=gi56494176	strand=+
1933_g               -            482 32139                -            397   2.3e-28   97.5   7.4   1   2   1.3e-11   1.9e-09   35.3   0.2    41    94   110   164    70   174 0.87 length=483	scaffold=gi56498845	strand=+
1933_g               -            482 32139                -            397   2.3e-28   97.5   7.4   2   2   1.6e-20   2.4e-18   64.6   2.7   220   375   271   440   193   461 0.75 length=483	scaffold=gi56498845	strand=+
2768_g               -            929 32139                -            397   7.2e-27   92.6  20.0   1   6     0.021       3.1    4.9   0.0    15    38    26    49    13    52 0.83 length=930	scaffold=gi56496079	strand=-	adjustedToFrame=3
2768_g               -            929 32139                -            397   7.2e-27   92.6  20.0   2   6    0.0071         1    6.5   0.0    43    71   144   172   135   175 0.85 length=930	scaffold=gi56496079	strand=-	adjustedToFrame=3
2768_g               -            929 32139                -            397   7.2e-27   92.6  20.0   3   6      0.26        38    1.3   0.4   214   289   232   305   220   322 0.81 length=930	scaffold=gi56496079	strand=-	adjustedToFrame=3
2768_g               -            929 32139                -            397   7.2e-27   92.6  20.0   4   6     9e-06    0.0013   16.0   0.0   111   176   355   421   347   428 0.85 length=930	scaffold=gi56496079	strand=-	adjustedToFrame=3
2768_g               -            929 32139                -            397   7.2e-27   92.6  20.0   5   6     0.021       3.1    4.9   0.6   181   243   551   617   531   628 0.78 length=930	scaffold=gi56496079	strand=-	adjustedToFrame=3
2768_g               -            929 32139                -            397   7.2e-27   92.6  20.0   6   6   1.3e-20   1.9e-18   64.9   3.8   244   388   644   787   639   796 0.84 length=930	scaffold=gi56496079	strand=-	adjustedToFrame=3
1649_g               -            725 32139                -            397   8.3e-27   92.4   2.9   1   1   1.6e-28   2.3e-26   90.9   2.9   207   365    75   243    38   278 0.81 length=726	scaffold=gi56494940	strand=-	adjustedToFrame=2
5870_g               -            185 32139                -            397   1.6e-25   88.2   0.0   1   1   1.8e-27   2.7e-25   87.4   0.0     4   127    50   185    47   185 0.88 length=185	scaffold=gi56486950	strand=+
2916_g               -            613 32139                -            397     1e-24   85.5   4.0   1   5       1.7   2.5e+02   -1.4   0.0     2    36     9    44     8    46 0.84 length=613	scaffold=gi56494281	strand=-
2916_g               -            613 32139                -            397     1e-24   85.5   4.0   2   5   9.6e-06    0.0014   15.9   0.0    43    68    93   118    87   120 0.87 length=613	scaffold=gi56494281	strand=-
2916_g               -            613 32139                -            397     1e-24   85.5   4.0   3   5     0.055         8    3.6   0.0    91   120   223   252   210   277 0.82 length=613	scaffold=gi56494281	strand=-
2916_g               -            613 32139                -            397     1e-24   85.5   4.0   4   5   2.5e-05    0.0036   14.6   0.2   121   245   288   407   263   417 0.73 length=613	scaffold=gi56494281	strand=-
2916_g               -            613 32139                -            397     1e-24   85.5   4.0   5   5   1.1e-15   1.6e-13   48.6   0.1   286   363   529   607   441   612 0.84 length=613	scaffold=gi56494281	strand=-
1114_g               -            715 32139                -            397   1.9e-22   78.0   1.7   1   2     0.011       1.6    5.9   0.1   120   218    98   197    86   201 0.74 length=716	scaffold=gi56496350	strand=+
1114_g               -            715 32139                -            397   1.9e-22   78.0   1.7   2   2   1.7e-22   2.5e-20   71.1   0.1   239   337   335   433   309   470 0.93 length=716	scaffold=gi56496350	strand=+
3650_g               -            390 32139                -            397     3e-22   77.4   9.7   1   4   3.3e-10   4.7e-08   30.6   0.4     3    69    11    77     9    80 0.94 length=390	scaffold=gi56489789	strand=-	adjustedToFrame=2
3650_g               -            390 32139                -            397     3e-22   77.4   9.7   2   4   4.6e-05    0.0066   13.7   0.0    69    99   128   158   120   179 0.81 length=390	scaffold=gi56489789	strand=-	adjustedToFrame=2
3650_g               -            390 32139                -            397     3e-22   77.4   9.7   3   4   9.3e-07   0.00013   19.3   0.0    96   147   185   237   172   241 0.86 length=390	scaffold=gi56489789	strand=-	adjustedToFrame=2
3650_g               -            390 32139                -            397     3e-22   77.4   9.7   4   4   3.9e-06   0.00056   17.2   0.8   147   192   260   303   240   333 0.79 length=390	scaffold=gi56489789	strand=-	adjustedToFrame=2
5643_g               -            196 32139                -            397   4.5e-22   76.8   0.2   1   1   4.5e-24   6.6e-22   76.3   0.2     2   105    88   196    87   196 0.87 length=196	scaffold=gi56483613	strand=-	adjustedToFrame=2
4425_g               -            305 32139                -            397   8.8e-21   72.6   2.5   1   2       1.4     2e+02   -1.0   0.0   213   251    18    59    11    82 0.78 length=305	scaffold=gi56488650	strand=+
4425_g               -            305 32139                -            397   8.8e-21   72.6   2.5   2   2   6.1e-23   8.8e-21   72.6   2.5   257   394   116   254    88   257 0.84 length=305	scaffold=gi56488650	strand=+
2754_g               -            475 32139                -            397   1.7e-19   68.3   0.0   1   1   2.3e-21   3.3e-19   67.4   0.0   241   374    46   170     6   183 0.91 length=476	scaffold=gi56499864	strand=+	adjustedToFrame=2
5757_g               -            325 32139                -            397   2.1e-19   68.0   0.1   1   1     2e-21   2.9e-19   67.6   0.1   225   373   167   315   146   325 0.90 length=325	scaffold=gi56489254	strand=-	adjustedToFrame=3
3802_g               -            735 32139                -            397   3.2e-18   64.1   0.3   1   2    0.0045      0.65    7.1   0.0    24    68    49    93    39   108 0.80 length=735	scaffold=gi56496868	strand=+
3802_g               -            735 32139                -            397   3.2e-18   64.1   0.3   2   2   1.8e-17   2.7e-15   54.5   0.1   243   380   282   421   276   435 0.84 length=735	scaffold=gi56496868	strand=+
3879_g               -            328 32139                -            397   8.2e-16   56.2   0.2   1   2   7.5e-15   1.1e-12   45.9   0.1     3    66    19    83    17    89 0.82 length=328	scaffold=gi56491966	strand=+
3879_g               -            328 32139                -            397   8.2e-16   56.2   0.2   2   2    0.0021       0.3    8.2   0.0    66    93   260   287   250   296 0.83 length=328	scaffold=gi56491966	strand=+
4047_g               -            247 32139                -            397   1.1e-14   52.5   0.3   1   1   1.3e-16   1.9e-14   51.7   0.3     3    63   164   224   162   229 0.92 length=247	scaffold=gi56496081	strand=-
426_g                -            246 32139                -            397   2.6e-14   51.3   0.5   1   1   2.9e-16   4.2e-14   50.6   0.5     2   171    75   239    74   245 0.84 length=246	scaffold=gi56491306	strand=+	adjustedToFrame=3
5567_g               -            377 32139                -            397   2.6e-14   51.2   0.1   1   1     3e-16   4.3e-14   50.5   0.1    41   180   159   299   118   329 0.82 length=377	scaffold=gi56494195	strand=+
2299_g               -           1237 32139                -            397   4.5e-14   50.5   1.1   1   1   1.2e-15   1.7e-13   48.6   1.1     7   316   476   800   471   889 0.72 length=1237	scaffold=gi56495960	strand=-	adjustedToFrame=3
5041_g               -            183 32139                -            397   4.1e-10   37.4   0.0   1   1   4.2e-12   6.1e-10   36.9   0.0     4    64    63   123    60   135 0.92 length=183	scaffold=gi56484673	strand=+	adjustedToFrame=3
7003_g               -            138 32139                -            397   9.1e-10   36.3   0.1   1   1     9e-11   1.3e-08   32.5   0.1    81   178     1    85     1    95 0.95 length=138	scaffold=gi56485587	strand=-	adjustedToFrame=2
1175_g               -           1340 32139                -            397   3.5e-08   31.0   4.0   1   3   0.00045     0.065   10.4   0.0    25    64   325   365   317   374 0.80 length=1340	scaffold=gi56500532	strand=+
1175_g               -           1340 32139                -            397   3.5e-08   31.0   4.0   2   3   1.2e-05    0.0018   15.6   2.3    73   232   485   651   476   698 0.65 length=1340	scaffold=gi56500532	strand=+
1175_g               -           1340 32139                -            397   3.5e-08   31.0   4.0   3   3      0.17        24    2.0   0.0   266   315   730   779   713   786 0.83 length=1340	scaffold=gi56500532	strand=+
5885_g               -            217 32139                -            397   7.7e-07   26.6   0.0   1   1   7.6e-09   1.1e-06   26.1   0.0    20    68   162   212   138   215 0.73 length=217	scaffold=gi56486135	strand=+	adjustedToFrame=3
780_g                -            428 32139                -            397   6.4e-06   23.6   0.5   1   3   6.8e-06   0.00099   16.4   0.0    92   162    44   110     1   148 0.68 length=428	scaffold=gi56490958	strand=+	adjustedToFrame=2
780_g                -            428 32139                -            397   6.4e-06   23.6   0.5   2   3       3.6   5.2e+02   -2.4   0.1   242   282   204   249   193   268 0.57 length=428	scaffold=gi56490958	strand=+	adjustedToFrame=2
780_g                -            428 32139                -            397   6.4e-06   23.6   0.5   3   3     0.021         3    5.0   0.0   263   316   334   387   305   425 0.75 length=428	scaffold=gi56490958	strand=+	adjustedToFrame=2
884_g                -           1991 32139                -            397   7.4e-06   23.4   0.2   1   1   1.5e-07   2.1e-05   21.9   0.2   231   353   707   834   673   863 0.79 length=1992	scaffold=gi56500738	strand=+
4105_g               -            876 32139                -            397    0.0026   15.0   0.8   1   2       1.3   1.9e+02   -1.0   0.1   173   209   413   449   407   456 0.83 length=877	scaffold=gi56497436	strand=+	adjustedToFrame=2
4105_g               -            876 32139                -            397    0.0026   15.0   0.8   2   2   5.5e-05     0.008   13.4   0.1   222   339   600   715   589   726 0.81 length=877	scaffold=gi56497436	strand=+	adjustedToFrame=2
1958_g               -            350 32139                -            397    0.0029   14.9   1.0   1   2       2.7   3.9e+02   -2.0   0.2   218   262    57   106    36   129 0.66 length=350	scaffold=gi56488847	strand=-	adjustedToFrame=2
1958_g               -            350 32139                -            397    0.0029   14.9   1.0   2   2     3e-05    0.0044   14.3   0.0   267   328   230   299   217   333 0.80 length=350	scaffold=gi56488847	strand=-	adjustedToFrame=2
#
# Program:         hmmsearch
# Version:         3.4 (Aug 2023)
# Pipeline mode:   SEARCH
# Query file:      /home/inf-20-2025/Malaria/busco_downloads/lineages/apicomplexa_odb12/hmms/32139at5794.hmm
# Target file:     /home/inf-20-2025/Malaria/Results/6_nobird_annotation/P_berghei.faa
# Option settings: hmmsearch --domtblout Results/8_busco/P_berghei/run_apicomplexa_odb12/hmmer_output/initial_run_results/32139at5794.out --cpu 1 /home/inf-20-2025/Malaria/busco_downloads/lineages/apicomplexa_odb12/hmms/32139at5794.hmm /home/inf-20-2025/Malaria/Results/6_nobird_annotation/P_berghei.faa 
# Current dir:     /home/inf-20-2025/Malaria
# Date:            Wed Mar  4 18:30:22 2026
# [ok]
