#                                                                            --- full sequence --- -------------- this domain -------------   hmm coord   ali coord   env coord
# target name        accession   tlen query name           accession   qlen   E-value  score  bias   #  of  c-Evalue  i-Evalue  score  bias  from    to  from    to  from    to  acc description of target
#------------------- ---------- ----- -------------------- ---------- ----- --------- ------ ----- --- --- --------- --------- ------ ----- ----- ----- ----- ----- ----- ----- ---- ---------------------
3563_g               -            341 32203                -            298   8.2e-63  211.2  28.9   1   2   9.4e-31   6.8e-28   96.5   2.2     1    73     1    74     1    89 0.93 length=341	scaffold=gi56494947	strand=-
3563_g               -            341 32203                -            298   8.2e-63  211.2  28.9   2   2   2.5e-38   1.8e-35  121.4  17.0    71   222   163   337   156   339 0.84 length=341	scaffold=gi56494947	strand=-
4311_g               -            559 32203                -            298   9.6e-17   59.9  48.5   1   4   1.2e-06   0.00087   17.4   0.9    57   160     7   123     3   142 0.76 length=560	scaffold=gi56497593	strand=-
4311_g               -            559 32203                -            298   9.6e-17   59.9  48.5   2   4      0.46   3.4e+02   -1.0  11.6   144   201   196   253   190   260 0.79 length=560	scaffold=gi56497593	strand=-
4311_g               -            559 32203                -            298   9.6e-17   59.9  48.5   3   4    0.0013      0.94    7.4  13.6    79   190   273   389   251   400 0.73 length=560	scaffold=gi56497593	strand=-
4311_g               -            559 32203                -            298   9.6e-17   59.9  48.5   4   4   4.5e-16   3.2e-13   48.3   3.8    71   200   400   530   373   538 0.86 length=560	scaffold=gi56497593	strand=-
3555_g               -            415 32203                -            298   2.5e-13   48.7   6.8   1   3       1.7   1.2e+03   -2.8   2.5   151   201   113   164    93   168 0.61 length=416	scaffold=gi56501259	strand=-
3555_g               -            415 32203                -            298   2.5e-13   48.7   6.8   2   3       1.7   1.2e+03   -2.8   0.1    58    70   237   249   212   256 0.67 length=416	scaffold=gi56501259	strand=-
3555_g               -            415 32203                -            298   2.5e-13   48.7   6.8   3   3   3.5e-16   2.5e-13   48.7   6.8    67   170   262   365   257   396 0.84 length=416	scaffold=gi56501259	strand=-
4372_g               -            392 32203                -            298   8.4e-13   47.0   9.5   1   4    0.0039       2.8    5.8   1.8   132   179    10    57     2    61 0.88 length=393	scaffold=gi56500652	strand=+
4372_g               -            392 32203                -            298   8.4e-13   47.0   9.5   2   4       5.1   3.7e+03   -4.4  15.0    89   191    17   125    16   144 0.66 length=393	scaffold=gi56500652	strand=+
4372_g               -            392 32203                -            298   8.4e-13   47.0   9.5   3   4   1.2e-15   8.4e-13   47.0   9.5    70   178   157   265   152   291 0.87 length=393	scaffold=gi56500652	strand=+
4372_g               -            392 32203                -            298   8.4e-13   47.0   9.5   4   4      0.87   6.3e+02   -1.9   0.9   181   181   316   316   262   367 0.55 length=393	scaffold=gi56500652	strand=+
2727_g               -            423 32203                -            298     1e-06   27.0  14.8   1   2      0.51   3.7e+02   -1.1   4.4   140   190    41    92    27   104 0.60 length=424	scaffold=gi56498462	strand=+
2727_g               -            423 32203                -            298     1e-06   27.0  14.8   2   2   1.4e-09     1e-06   27.0  14.8    66   188   135   256   103   275 0.80 length=424	scaffold=gi56498462	strand=+
3177_g               -            445 32203                -            298   1.2e-06   26.7  15.2   1   3   1.7e-09   1.2e-06   26.7  15.2    76   207    31   163    21   166 0.63 length=446	scaffold=gi56500702	strand=-
3177_g               -            445 32203                -            298   1.2e-06   26.7  15.2   2   3       1.3   9.1e+02   -2.4   0.5   147   179   194   226   179   251 0.64 length=446	scaffold=gi56500702	strand=-
3177_g               -            445 32203                -            298   1.2e-06   26.7  15.2   3   3      0.25   1.8e+02   -0.1   0.1   139   172   325   358   312   402 0.59 length=446	scaffold=gi56500702	strand=-
3335_g               -            291 32203                -            298   1.4e-06   26.5  13.2   1   2      0.63   4.6e+02   -1.4   0.7   159   195    78   116    47   129 0.52 length=292	scaffold=gi56500309	strand=+
3335_g               -            291 32203                -            298   1.4e-06   26.5  13.2   2   2     2e-09   1.4e-06   26.5  13.2    73   201   132   260    69   277 0.87 length=292	scaffold=gi56500309	strand=+
6814_g               -            483 32203                -            298   3.3e-06   25.3   6.1   1   3     0.011       8.1    4.4   0.7   124   188    18    84     6   103 0.79 length=483	scaffold=gi56497446	strand=+
6814_g               -            483 32203                -            298   3.3e-06   25.3   6.1   2   3    0.0042         3    5.8   6.4   158   257   152   250   112   266 0.82 length=483	scaffold=gi56497446	strand=+
6814_g               -            483 32203                -            298   3.3e-06   25.3   6.1   3   3   4.6e-09   3.3e-06   25.3   6.1    80   170   280   369   270   400 0.85 length=483	scaffold=gi56497446	strand=+
6296_g               -            279 32203                -            298   0.00029   19.0   6.9   1   2     0.034        25    2.8   0.2    48    76   138   166   130   171 0.83 length=279	scaffold=gi56489215	strand=-
6296_g               -            279 32203                -            298   0.00029   19.0   6.9   2   2   5.4e-07   0.00039   18.5   2.4    74   156   190   274   172   279 0.75 length=279	scaffold=gi56489215	strand=-
2805_g               -            193 32203                -            298    0.0022   16.0   0.4   1   1   4.6e-06    0.0033   15.5   0.4   134   214    32   113    17   120 0.78 length=194	scaffold=gi56496879	strand=-
#
# Program:         hmmsearch
# Version:         3.4 (Aug 2023)
# Pipeline mode:   SEARCH
# Query file:      /home/inf-20-2025/Malaria/busco_downloads/lineages/apicomplexa_odb12/hmms/32203at5794.hmm
# Target file:     /home/inf-20-2025/Malaria/Results/6_nobird_annotation/P_berghei.faa
# Option settings: hmmsearch --domtblout Results/8_busco/P_berghei/run_apicomplexa_odb12/hmmer_output/initial_run_results/32203at5794.out --cpu 1 /home/inf-20-2025/Malaria/busco_downloads/lineages/apicomplexa_odb12/hmms/32203at5794.hmm /home/inf-20-2025/Malaria/Results/6_nobird_annotation/P_berghei.faa 
# Current dir:     /home/inf-20-2025/Malaria
# Date:            Wed Mar  4 18:30:23 2026
# [ok]
