#                                                                            --- full sequence --- -------------- this domain -------------   hmm coord   ali coord   env coord
# target name        accession   tlen query name           accession   qlen   E-value  score  bias   #  of  c-Evalue  i-Evalue  score  bias  from    to  from    to  from    to  acc description of target
#------------------- ---------- ----- -------------------- ---------- ----- --------- ------ ----- --- --- --------- --------- ------ ----- ----- ----- ----- ----- ----- ----- ---- ---------------------
6809_g               -           1181 32660                -           1330         0 1209.4  94.2   1   5   1.2e-95     5e-93  311.3  36.3     1   239     1   269     1   295 0.87 length=1181	scaffold=gi56496327	strand=-
6809_g               -           1181 32660                -           1330         0 1209.4  94.2   2   5  8.2e-149  3.5e-146  487.4   0.1   216   469   295   550   287   562 0.95 length=1181	scaffold=gi56496327	strand=-
6809_g               -           1181 32660                -           1330         0 1209.4  94.2   3   5   1.7e-84   7.4e-82  274.3   9.5   466   659   577   773   566   789 0.92 length=1181	scaffold=gi56496327	strand=-
6809_g               -           1181 32660                -           1330         0 1209.4  94.2   4   5      0.55   2.3e+02   -2.4   4.4  1067  1169   982  1083   973  1087 0.64 length=1181	scaffold=gi56496327	strand=-
6809_g               -           1181 32660                -           1330         0 1209.4  94.2   5   5   7.3e-53   3.1e-50  169.5   2.7   635   752  1066  1181  1047  1181 0.80 length=1181	scaffold=gi56496327	strand=-
4366_g               -            823 32660                -           1330  1.7e-172  574.6  75.7   1   5   1.3e-32   5.4e-30  102.4   6.1   793   904     1   114     1   135 0.81 length=823	scaffold=gi56493762	strand=-	adjustedToFrame=2
4366_g               -            823 32660                -           1330  1.7e-172  574.6  75.7   2   5  6.9e-115  2.9e-112  375.0  27.8   871  1169   163   479   138   493 0.84 length=823	scaffold=gi56493762	strand=-	adjustedToFrame=2
4366_g               -            823 32660                -           1330  1.7e-172  574.6  75.7   3   5     9e-16   3.8e-13   46.6  12.3  1154  1309   501   657   483   680 0.79 length=823	scaffold=gi56493762	strand=-	adjustedToFrame=2
4366_g               -            823 32660                -           1330  1.7e-172  574.6  75.7   4   5     0.077        33    0.4   0.7   856   917   653   714   637   723 0.79 length=823	scaffold=gi56493762	strand=-	adjustedToFrame=2
4366_g               -            823 32660                -           1330  1.7e-172  574.6  75.7   5   5   1.3e-22   5.6e-20   69.2   5.1  1216  1310   722   823   694   823 0.86 length=823	scaffold=gi56493762	strand=-	adjustedToFrame=2
884_g                -           1991 32660                -           1330   3.4e-89  298.6   5.7   1   6       1.3   5.4e+02   -3.6   1.7   599   694   220   312   205   349 0.63 length=1992	scaffold=gi56500738	strand=+
884_g                -           1991 32660                -           1330   3.4e-89  298.6   5.7   2   6   6.4e-49   2.7e-46  156.4   0.7   267   551   382   681   369   700 0.84 length=1992	scaffold=gi56500738	strand=+
884_g                -           1991 32660                -           1330   3.4e-89  298.6   5.7   3   6   1.9e-48   8.1e-46  154.9   0.4   679   899   716   948   707   965 0.84 length=1992	scaffold=gi56500738	strand=+
884_g                -           1991 32660                -           1330   3.4e-89  298.6   5.7   4   6       4.8     2e+03   -5.5   4.0   620   663  1188  1230  1135  1266 0.55 length=1992	scaffold=gi56500738	strand=+
884_g                -           1991 32660                -           1330   3.4e-89  298.6   5.7   5   6       1.9     8e+02   -4.2   2.0   864   923  1698  1758  1619  1784 0.60 length=1992	scaffold=gi56500738	strand=+
884_g                -           1991 32660                -           1330   3.4e-89  298.6   5.7   6   6      0.26   1.1e+02   -1.3   2.4   818   881  1817  1878  1800  1940 0.50 length=1992	scaffold=gi56500738	strand=+
2014_g               -            835 32660                -           1330   2.5e-61  206.2  16.1   1   1   7.6e-64   3.3e-61  205.9  16.1   222   880    83   740    63   824 0.78 length=835	scaffold=gi56498426	strand=-
4467_g               -            645 32660                -           1330   5.2e-56  188.6  22.8   1   3   2.3e-33   9.9e-31  104.9   1.9   389   551     6   178     3   183 0.86 length=645	scaffold=gi56492585	strand=+	adjustedToFrame=2
4467_g               -            645 32660                -           1330   5.2e-56  188.6  22.8   2   3   5.9e-30   2.5e-27   93.6   5.3   681   867   212   427   201   482 0.67 length=645	scaffold=gi56492585	strand=+	adjustedToFrame=2
4467_g               -            645 32660                -           1330   5.2e-56  188.6  22.8   3   3       3.1   1.3e+03   -4.9   1.1  1097  1097   604   604   549   637 0.46 length=645	scaffold=gi56492585	strand=+	adjustedToFrame=2
1441_g               -            290 32660                -           1330   4.9e-46  155.6  14.4   1   3   8.3e-46   3.5e-43  146.1   4.3   328   551     1   223     1   226 0.91 length=291	scaffold=gi56487741	strand=+	adjustedToFrame=3
1441_g               -            290 32660                -           1330   4.9e-46  155.6  14.4   2   3     0.002      0.84    5.7   0.0   588   616   235   263   227   264 0.91 length=291	scaffold=gi56487741	strand=+	adjustedToFrame=3
1441_g               -            290 32660                -           1330   4.9e-46  155.6  14.4   3   3   2.7e-05     0.011   11.9   1.3   681   710   261   290   258   290 0.93 length=291	scaffold=gi56487741	strand=+	adjustedToFrame=3
930_g                -            866 32660                -           1330     6e-44  148.7  13.0   1   3      0.28   1.2e+02   -1.4   0.2  1090  1234   117   261   102   267 0.57 length=867	scaffold=gi56501301	strand=+
930_g                -            866 32660                -           1330     6e-44  148.7  13.0   2   3     1e-26   4.3e-24   82.9   0.7   222   511   231   513   224   540 0.76 length=867	scaffold=gi56501301	strand=+
930_g                -            866 32660                -           1330     6e-44  148.7  13.0   3   3   1.3e-23   5.5e-21   72.6   3.0   628   799   536   711   520   824 0.77 length=867	scaffold=gi56501301	strand=+
2464_g               -           1553 32660                -           1330   1.7e-38  130.6  11.7   1   6   8.9e-12   3.8e-09   33.4   0.7   259   317   223   283   172   286 0.68 length=1554	scaffold=gi56499116	strand=+	adjustedToFrame=2
2464_g               -           1553 32660                -           1330   1.7e-38  130.6  11.7   2   6       1.5   6.2e+02   -3.8   4.8   843   928   289   374   282   390 0.75 length=1554	scaffold=gi56499116	strand=+	adjustedToFrame=2
2464_g               -           1553 32660                -           1330   1.7e-38  130.6  11.7   3   6    0.0057       2.4    4.2   0.0   313   379   397   459   383   474 0.69 length=1554	scaffold=gi56499116	strand=+	adjustedToFrame=2
2464_g               -           1553 32660                -           1330   1.7e-38  130.6  11.7   4   6   1.5e-14   6.5e-12   42.5   0.0   389   444   963  1019   955  1026 0.89 length=1554	scaffold=gi56499116	strand=+	adjustedToFrame=2
2464_g               -           1553 32660                -           1330   1.7e-38  130.6  11.7   5   6       1.7   7.2e+02   -4.0   0.2   483   506  1090  1116  1087  1140 0.63 length=1554	scaffold=gi56499116	strand=+	adjustedToFrame=2
2464_g               -           1553 32660                -           1330   1.7e-38  130.6  11.7   6   6   2.6e-25   1.1e-22   78.2   2.9   647   813  1366  1532  1333  1548 0.76 length=1554	scaffold=gi56499116	strand=+	adjustedToFrame=2
6143_g               -            215 32660                -           1330   2.2e-38  130.3   0.1   1   1   5.4e-41   2.3e-38  130.2   0.1   268   432    51   215     6   215 0.87 length=215	scaffold=gi56485277	strand=+	adjustedToFrame=2
1771_g               -           1135 32660                -           1330   1.6e-35  120.8   6.0   1   2   3.7e-38   1.6e-35  120.8   6.0   305   551   447   698   442   710 0.87 length=1135	scaffold=gi56497518	strand=-	adjustedToFrame=3
1771_g               -           1135 32660                -           1330   1.6e-35  120.8   6.0   2   2       5.9   2.5e+03   -5.8   2.6  1105  1144   876   915   810   974 0.58 length=1135	scaffold=gi56497518	strand=-	adjustedToFrame=3
3151_g               -            791 32660                -           1330   3.5e-35  119.6   8.8   1   3   5.5e-05     0.024   10.8   1.5   453   522    54   124    49   140 0.86 length=792	scaffold=gi56500749	strand=-	adjustedToFrame=2
3151_g               -            791 32660                -           1330   3.5e-35  119.6   8.8   2   3      0.01       4.3    3.3   0.7   662   699   343   380   303   392 0.77 length=792	scaffold=gi56500749	strand=-	adjustedToFrame=2
3151_g               -            791 32660                -           1330   3.5e-35  119.6   8.8   3   3   8.2e-38   3.5e-35  119.6   8.8   577   811   347   574   326   583 0.72 length=792	scaffold=gi56500749	strand=-	adjustedToFrame=2
291_g                -           1469 32660                -           1330   7.6e-35  118.5  15.3   1   5       4.3   1.8e+03   -5.4   1.3   861  1109   174   198   159   232 0.39 length=1470	scaffold=gi56501214	strand=-
291_g                -           1469 32660                -           1330   7.6e-35  118.5  15.3   2   5     7e-06     0.003   13.8   0.0   289   309   648   668   645   678 0.89 length=1470	scaffold=gi56501214	strand=-
291_g                -           1469 32660                -           1330   7.6e-35  118.5  15.3   3   5     0.044        19    1.2   0.1   317   382   704   765   689   773 0.80 length=1470	scaffold=gi56501214	strand=-
291_g                -           1469 32660                -           1330   7.6e-35  118.5  15.3   4   5   5.7e-17   2.4e-14   50.6   0.5   389   558   880  1060   866  1098 0.76 length=1470	scaffold=gi56501214	strand=-
291_g                -           1469 32660                -           1330   7.6e-35  118.5  15.3   5   5   4.7e-20     2e-17   60.8   0.0   735   804  1323  1392  1314  1422 0.90 length=1470	scaffold=gi56501214	strand=-
1395_g               -            704 32660                -           1330   1.2e-28   97.9   3.6   1   3   2.8e-31   1.2e-28   97.9   3.6   744   903     1   157     1   183 0.81 length=704	scaffold=gi56493632	strand=+	adjustedToFrame=2
1395_g               -            704 32660                -           1330   1.2e-28   97.9   3.6   2   3      0.38   1.6e+02   -1.8   0.0   432   464   326   358   321   373 0.78 length=704	scaffold=gi56493632	strand=+	adjustedToFrame=2
1395_g               -            704 32660                -           1330   1.2e-28   97.9   3.6   3   3       1.3   5.6e+02   -3.7   2.4  1088  1100   463   475   400   540 0.49 length=704	scaffold=gi56493632	strand=+	adjustedToFrame=2
6173_g               -            208 32660                -           1330   9.1e-20   68.5   1.7   1   1   2.3e-22     1e-19   68.4   1.7   401   557     1   167     1   203 0.82 length=208	scaffold=gi56484735	strand=-	adjustedToFrame=2
4844_g               -            216 32660                -           1330   4.8e-19   66.2   0.0   1   1   1.4e-21   5.9e-19   65.9   0.0   735   814   106   186    97   213 0.79 length=217	scaffold=gi56486916	strand=+	adjustedToFrame=2
1383_g               -            125 32660                -           1330   1.5e-09   34.6   8.3   1   1   4.1e-12   1.7e-09   34.5   8.3    95   159    56   123     9   125 0.77 length=125	scaffold=gi56485292	strand=+
6888_g               -            754 32660                -           1330    0.0044   13.3   0.2   1   1   1.5e-05    0.0065   12.7   0.2   518   683   158   324   148   330 0.69 length=755	scaffold=gi56495761	strand=-
#
# Program:         hmmsearch
# Version:         3.4 (Aug 2023)
# Pipeline mode:   SEARCH
# Query file:      /home/inf-20-2025/Malaria/busco_downloads/lineages/apicomplexa_odb12/hmms/32660at5794.hmm
# Target file:     /home/inf-20-2025/Malaria/Results/6_nobird_annotation/P_berghei.faa
# Option settings: hmmsearch --domtblout Results/8_busco/P_berghei/run_apicomplexa_odb12/hmmer_output/initial_run_results/32660at5794.out --cpu 1 /home/inf-20-2025/Malaria/busco_downloads/lineages/apicomplexa_odb12/hmms/32660at5794.hmm /home/inf-20-2025/Malaria/Results/6_nobird_annotation/P_berghei.faa 
# Current dir:     /home/inf-20-2025/Malaria
# Date:            Wed Mar  4 18:30:25 2026
# [ok]
