#                                                                            --- full sequence --- -------------- this domain -------------   hmm coord   ali coord   env coord
# target name        accession   tlen query name           accession   qlen   E-value  score  bias   #  of  c-Evalue  i-Evalue  score  bias  from    to  from    to  from    to  acc description of target
#------------------- ---------- ----- -------------------- ---------- ----- --------- ------ ----- --- --- --------- --------- ------ ----- ----- ----- ----- ----- ----- ----- ---- ---------------------
2926_g               -            327 33293                -            216   2.8e-72  241.4  33.7   1   3       5.1   1.6e+03   -2.9   1.8   168   186    19    37     2    49 0.47 length=328	scaffold=gi56501152	strand=+
2926_g               -            327 33293                -            216   2.8e-72  241.4  33.7   2   3     9e-75   2.8e-72  241.4  33.7     3   214    56   281    54   283 0.91 length=328	scaffold=gi56501152	strand=+
2926_g               -            327 33293                -            216   2.8e-72  241.4  33.7   3   3        10   3.1e+03   -3.9   6.0   122   146   289   314   281   327 0.46 length=328	scaffold=gi56501152	strand=+
5016_g               -            236 33293                -            216   3.6e-16   58.1   7.5   1   2         1   3.3e+02   -0.7   0.7   133   174    43    77    13    95 0.45 length=236	scaffold=gi56489078	strand=+
5016_g               -            236 33293                -            216   3.6e-16   58.1   7.5   2   2   1.1e-18   3.6e-16   58.1   7.5    23   118    76   169    62   178 0.84 length=236	scaffold=gi56489078	strand=+
4229_g               -            359 33293                -            216     2e-14   52.3   4.2   1   2   6.4e-17     2e-14   52.3   4.2    45   116   195   266   152   272 0.81 length=359	scaffold=gi56493825	strand=+
4229_g               -            359 33293                -            216     2e-14   52.3   4.2   2   2       6.3     2e+03   -3.2   0.7   117   146   313   342   301   357 0.56 length=359	scaffold=gi56493825	strand=+
3385_g               -            346 33293                -            216   8.3e-14   50.3   3.8   1   2   2.6e-16   8.3e-14   50.3   3.8    48   123    45   120    42   132 0.92 length=347	scaffold=gi56498343	strand=+
3385_g               -            346 33293                -            216   8.3e-14   50.3   3.8   2   2       1.8   5.6e+02   -1.4   0.0    41    70   290   319   265   342 0.52 length=347	scaffold=gi56498343	strand=+
976_g                -            444 33293                -            216   5.1e-12   44.5   0.4   1   3       5.2   1.6e+03   -2.9   0.0    75   102    67    94    66   105 0.71 length=445	scaffold=gi56500364	strand=+
976_g                -            444 33293                -            216   5.1e-12   44.5   0.4   2   3       1.4   4.5e+02   -1.1   0.3    44    67   231   254   209   266 0.54 length=445	scaffold=gi56500364	strand=+
976_g                -            444 33293                -            216   5.1e-12   44.5   0.4   3   3   1.6e-14   5.1e-12   44.5   0.4    47   113   348   415   301   424 0.88 length=445	scaffold=gi56500364	strand=+
1301_g               -            355 33293                -            216   1.8e-11   42.7   2.3   1   2   5.6e-14   1.8e-11   42.7   2.3    48   112    53   117    46   120 0.94 length=356	scaffold=gi56497716	strand=-
1301_g               -            355 33293                -            216   1.8e-11   42.7   2.3   2   2       1.9   5.9e+02   -1.5   0.1   154   180   289   315   284   339 0.59 length=356	scaffold=gi56497716	strand=-
5512_g               -            331 33293                -            216   3.4e-11   41.8   0.3   1   1   1.8e-13   5.6e-11   41.1   0.3    51   113     2    68     1    76 0.89 length=332	scaffold=gi56494464	strand=+
4755_g               -            138 33293                -            216   5.2e-11   41.2   0.8   1   1   2.2e-13   6.9e-11   40.8   0.8    49   112     7    70     4    76 0.94 length=138	scaffold=gi56487469	strand=-
899_g                -            413 33293                -            216   1.7e-10   39.5   0.4   1   2   5.5e-13   1.7e-10   39.5   0.4    48   113    14    76     6    82 0.90 length=414	scaffold=gi56500590	strand=+
899_g                -            413 33293                -            216   1.7e-10   39.5   0.4   2   2       2.6   8.2e+02   -1.9   4.5   113   173   336   395   328   413 0.58 length=414	scaffold=gi56500590	strand=+
647_g                -            322 33293                -            216   3.7e-10   38.4   0.8   1   2   1.2e-12   3.7e-10   38.4   0.8    49   112     7    70     4    76 0.94 length=322	scaffold=gi56495105	strand=+
647_g                -            322 33293                -            216   3.7e-10   38.4   0.8   2   2      0.29        91    1.2   4.2     3    61   239   302   237   317 0.58 length=322	scaffold=gi56495105	strand=+
6667_g               -            217 33293                -            216   4.9e-10   38.0   4.2   1   2   1.6e-12   4.9e-10   38.0   4.2    45   113    12    82     2   125 0.86 length=218	scaffold=gi56500333	strand=-
6667_g               -            217 33293                -            216   4.9e-10   38.0   4.2   2   2       3.1   9.6e+02   -2.2   0.1   135   144   171   180   142   205 0.57 length=218	scaffold=gi56500333	strand=-
1486_g               -            583 33293                -            216   1.4e-09   36.5   0.8   1   2   4.5e-12   1.4e-09   36.5   0.8    50   112    98   161    53   164 0.87 length=584	scaffold=gi56496630	strand=+
1486_g               -            583 33293                -            216   1.4e-09   36.5   0.8   2   2       3.1   9.6e+02   -2.2   2.0   169   184   546   561   515   580 0.57 length=584	scaffold=gi56496630	strand=+
3369_g               -            618 33293                -            216   3.8e-09   35.1   0.6   1   1     3e-11   9.4e-09   33.8   0.6    48   111   295   362   281   366 0.88 length=619	scaffold=gi56498273	strand=+	adjustedToFrame=2
5453_g               -            429 33293                -            216   1.1e-08   33.7   0.1   1   1   7.1e-11   2.2e-08   32.6   0.1    42   111    29    96     2   106 0.82 length=429	scaffold=gi56492448	strand=-
6706_g               -            608 33293                -            216   3.9e-08   31.8   0.0   1   2   1.2e-10   3.9e-08   31.8   0.0    47   112    68   133    37   139 0.91 length=609	scaffold=gi56501368	strand=-
6706_g               -            608 33293                -            216   3.9e-08   31.8   0.0   2   2       8.1   2.5e+03   -3.6   3.3   139   192   536   587   507   598 0.53 length=609	scaffold=gi56501368	strand=-
530_g                -            606 33293                -            216   5.1e-08   31.4   1.7   1   1   3.6e-10   1.1e-07   30.3   1.7    51   121    94   165    85   186 0.86 length=606	scaffold=gi56493588	strand=-
128_g                -            150 33293                -            216   1.7e-07   29.7   0.4   1   3   5.3e-10   1.7e-07   29.7   0.4    46    85     4    43     1    49 0.91 length=151	scaffold=gi56498555	strand=+
128_g                -            150 33293                -            216   1.7e-07   29.7   0.4   2   3       1.5   4.6e+02   -1.1   2.2   125   144    49    68    41    93 0.61 length=151	scaffold=gi56498555	strand=+
128_g                -            150 33293                -            216   1.7e-07   29.7   0.4   3   3      0.43   1.4e+02    0.6   0.3    91   125    70   102    60   112 0.76 length=151	scaffold=gi56498555	strand=+
1911_g               -            302 33293                -            216   2.1e-05   22.9   0.2   1   3   6.7e-08   2.1e-05   22.9   0.2    48    85     6    43     2    64 0.89 length=303	scaffold=gi56493325	strand=-
1911_g               -            302 33293                -            216   2.1e-05   22.9   0.2   2   3    0.0075       2.4    6.3   0.0    85   112    73   100    68   105 0.91 length=303	scaffold=gi56493325	strand=-
1911_g               -            302 33293                -            216   2.1e-05   22.9   0.2   3   3       9.8   3.1e+03   -3.8   0.2     3    14   137   148   130   157 0.53 length=303	scaffold=gi56493325	strand=-
3920_g               -            103 33293                -            216   7.5e-05   21.1  12.3   1   1   2.7e-07   8.4e-05   20.9  12.3    59   162     3   103     1   103 0.77 length=103	scaffold=gi56492386	strand=-	adjustedToFrame=2
3174_g               -            308 33293                -            216    0.0013   17.0   0.2   1   1   7.1e-06    0.0022   16.2   0.2    74   113     2    45     1    53 0.83 length=309	scaffold=gi56500702	strand=+
3461_g               -            104 33293                -            216    0.0099   14.1   0.0   1   1   3.8e-05     0.012   13.9   0.0    45    81    61    95    42   101 0.89 length=105	scaffold=gi56499032	strand=+
299_g                -            101 33293                -            216     0.012   13.9   3.8   1   1   4.7e-05     0.015   13.6   3.8    59   110     3    58     1    99 0.75 length=101	scaffold=gi56487871	strand=-	adjustedToFrame=3
6822_g               -            174 33293                -            216      0.08   11.2   9.5   1   3      0.43   1.3e+02    0.6   1.9   160   177    21    38     7    47 0.73 length=174	scaffold=gi56493959	strand=-	adjustedToFrame=3
6822_g               -            174 33293                -            216      0.08   11.2   9.5   2   3   5.7e-05     0.018   13.3   1.2    85   153    48   114    45   117 0.87 length=174	scaffold=gi56493959	strand=-	adjustedToFrame=3
6822_g               -            174 33293                -            216      0.08   11.2   9.5   3   3      0.84   2.6e+02   -0.3   0.0    47    73   143   169   129   171 0.84 length=174	scaffold=gi56493959	strand=-	adjustedToFrame=3
#
# Program:         hmmsearch
# Version:         3.4 (Aug 2023)
# Pipeline mode:   SEARCH
# Query file:      /home/inf-20-2025/Malaria/busco_downloads/lineages/apicomplexa_odb12/hmms/33293at5794.hmm
# Target file:     /home/inf-20-2025/Malaria/Results/6_nobird_annotation/P_berghei.faa
# Option settings: hmmsearch --domtblout Results/8_busco/P_berghei/run_apicomplexa_odb12/hmmer_output/initial_run_results/33293at5794.out --cpu 1 /home/inf-20-2025/Malaria/busco_downloads/lineages/apicomplexa_odb12/hmms/33293at5794.hmm /home/inf-20-2025/Malaria/Results/6_nobird_annotation/P_berghei.faa 
# Current dir:     /home/inf-20-2025/Malaria
# Date:            Wed Mar  4 18:30:23 2026
# [ok]
