#                                                                            --- full sequence --- -------------- this domain -------------   hmm coord   ali coord   env coord
# target name        accession   tlen query name           accession   qlen   E-value  score  bias   #  of  c-Evalue  i-Evalue  score  bias  from    to  from    to  from    to  acc description of target
#------------------- ---------- ----- -------------------- ---------- ----- --------- ------ ----- --- --- --------- --------- ------ ----- ----- ----- ----- ----- ----- ----- ---- ---------------------
2715_g               -            468 33766                -            230   6.6e-86  286.4  22.5   1   3         9     2e+03   -3.1   0.5   155   186    88   119    76   130 0.58 length=469	scaffold=gi56499750	strand=+
2715_g               -            468 33766                -            230   6.6e-86  286.4  22.5   2   3   3.1e-67   6.9e-65  217.6  10.5     8   161   172   329   163   354 0.88 length=469	scaffold=gi56499750	strand=+
2715_g               -            468 33766                -            230   6.6e-86  286.4  22.5   3   3   2.2e-24   4.8e-22   77.4   0.7   152   227   382   457   331   460 0.73 length=469	scaffold=gi56499750	strand=+
2215_g               -            189 33766                -            230   1.8e-47  160.6   3.6   1   2   1.7e-31   3.7e-29  100.7   1.0    18   115     5   102     2   111 0.95 length=189	scaffold=gi56494250	strand=+
2215_g               -            189 33766                -            230   1.8e-47  160.6   3.6   2   2   2.4e-19   5.2e-17   61.0   0.1   157   227   111   181   104   184 0.91 length=189	scaffold=gi56494250	strand=+
1120_g               -            820 33766                -            230   1.6e-27   95.3  23.1   1   4   7.1e-07   0.00016   20.1   0.0    25   116    21   111     7   121 0.82 length=821	scaffold=gi56497478	strand=-
1120_g               -            820 33766                -            230   1.6e-27   95.3  23.1   2   4     6e-08   1.3e-05   23.6   0.2    25   110   109   192    98   197 0.85 length=821	scaffold=gi56497478	strand=-
1120_g               -            820 33766                -            230   1.6e-27   95.3  23.1   3   4   5.3e-10   1.2e-07   30.4   0.9    24   115   197   285   190   334 0.86 length=821	scaffold=gi56497478	strand=-
1120_g               -            820 33766                -            230   1.6e-27   95.3  23.1   4   4   2.7e-12     6e-10   37.9   0.1    13   127   400   512   389   550 0.81 length=821	scaffold=gi56497478	strand=-
2791_g               -            991 33766                -            230   3.3e-16   58.3  58.2   1   6      0.12        27    3.0   0.4   157   198    32    73    19    97 0.62 length=991	scaffold=gi56500632	strand=+
2791_g               -            991 33766                -            230   3.3e-16   58.3  58.2   2   6   5.5e-06    0.0012   17.2   0.4    68   135   435   501   431   534 0.74 length=991	scaffold=gi56500632	strand=+
2791_g               -            991 33766                -            230   3.3e-16   58.3  58.2   3   6     1e-07   2.2e-05   22.9   0.7   126   220   568   660   540   668 0.80 length=991	scaffold=gi56500632	strand=+
2791_g               -            991 33766                -            230   3.3e-16   58.3  58.2   4   6     9e-06     0.002   16.5   1.5   148   205   704   761   678   778 0.81 length=991	scaffold=gi56500632	strand=+
2791_g               -            991 33766                -            230   3.3e-16   58.3  58.2   5   6    0.0013      0.28    9.5   0.4    69   132   799   859   794   869 0.75 length=991	scaffold=gi56500632	strand=+
2791_g               -            991 33766                -            230   3.3e-16   58.3  58.2   6   6   2.6e-09   5.7e-07   28.1   4.5    16   117   851   955   837   989 0.67 length=991	scaffold=gi56500632	strand=+
4260_g               -            312 33766                -            230   5.2e-14   51.1   3.9   1   3   5.4e-07   0.00012   20.5   0.0    43   123     2    89     1    94 0.79 length=313	scaffold=gi56498373	strand=-	adjustedToFrame=2
4260_g               -            312 33766                -            230   5.2e-14   51.1   3.9   2   3     0.035       7.8    4.8   0.0   135   201   140   206   131   210 0.83 length=313	scaffold=gi56498373	strand=-	adjustedToFrame=2
4260_g               -            312 33766                -            230   5.2e-14   51.1   3.9   3   3   3.8e-09   8.3e-07   27.6   2.0    39   106   183   253   177   307 0.73 length=313	scaffold=gi56498373	strand=-	adjustedToFrame=2
1119_g               -            479 33766                -            230   4.6e-12   44.8  37.8   1   6    0.0021      0.47    8.7  14.5   104   226     5   144     2   148 0.70 length=480	scaffold=gi56496096	strand=+
1119_g               -            479 33766                -            230   4.6e-12   44.8  37.8   2   6    0.0022      0.49    8.7   0.1    32    90    83   144    56   177 0.60 length=480	scaffold=gi56496096	strand=+
1119_g               -            479 33766                -            230   4.6e-12   44.8  37.8   3   6   7.1e-06    0.0016   16.8   0.2   157   224   167   239   157   246 0.84 length=480	scaffold=gi56496096	strand=+
1119_g               -            479 33766                -            230   4.6e-12   44.8  37.8   4   6   4.9e-06    0.0011   17.4   7.1    40   167   189   320   182   322 0.83 length=480	scaffold=gi56496096	strand=+
1119_g               -            479 33766                -            230   4.6e-12   44.8  37.8   5   6       1.1   2.4e+02   -0.1   0.2    83   113   314   344   309   351 0.66 length=480	scaffold=gi56496096	strand=+
1119_g               -            479 33766                -            230   4.6e-12   44.8  37.8   6   6   2.1e-09   4.5e-07   28.4   0.1    39    98   382   444   376   462 0.82 length=480	scaffold=gi56496096	strand=+
2904_g               -            128 33766                -            230   5.2e-12   44.6   0.1   1   1   2.7e-14   5.8e-12   44.4   0.1    21   104     5    87     1   122 0.89 length=129	scaffold=gi56500979	strand=+
2445_g               -            479 33766                -            230   4.3e-11   41.6   6.3   1   3   2.5e-06   0.00056   18.3   1.4    43   226   113   306    71   309 0.75 length=479	scaffold=gi56495605	strand=+	adjustedToFrame=2
2445_g               -            479 33766                -            230   4.3e-11   41.6   6.3   2   3   3.1e-07   6.8e-05   21.3   0.3   158   226   354   427   321   428 0.81 length=479	scaffold=gi56495605	strand=+	adjustedToFrame=2
2445_g               -            479 33766                -            230   4.3e-11   41.6   6.3   3   3   0.00084      0.18   10.1   0.0    68    98   405   435   401   451 0.83 length=479	scaffold=gi56495605	strand=+	adjustedToFrame=2
386_g                -            458 33766                -            230   8.6e-11   40.6  13.3   1   2   2.3e-10   5.1e-08   31.5   0.3   137   227    41   136    12   139 0.83 length=459	scaffold=gi56498719	strand=+
386_g                -            458 33766                -            230   8.6e-11   40.6  13.3   2   2   0.00021     0.046   12.0   7.1     6    98   262   355   256   423 0.67 length=459	scaffold=gi56498719	strand=+
13_g                 -            278 33766                -            230   1.4e-10   39.9   0.1   1   2     2e-05    0.0045   15.4   0.0    35   115    15   100     4   169 0.86 length=279	scaffold=gi56500444	strand=-
13_g                 -            278 33766                -            230   1.4e-10   39.9   0.1   2   2   1.1e-07   2.5e-05   22.8   0.0    65   107   182   224   179   250 0.76 length=279	scaffold=gi56500444	strand=-
332_g                -            660 33766                -            230   2.3e-10   39.2   2.1   1   7         8   1.7e+03   -2.9   0.1   155   155    54    54    10   102 0.56 length=660	scaffold=gi56499508	strand=-
332_g                -            660 33766                -            230   2.3e-10   39.2   2.1   2   7       7.4   1.6e+03   -2.8   1.3   125   158   116   149    90   163 0.56 length=660	scaffold=gi56499508	strand=-
332_g                -            660 33766                -            230   2.3e-10   39.2   2.1   3   7       9.7   2.1e+03   -3.2   0.1   104   132   180   208   175   212 0.75 length=660	scaffold=gi56499508	strand=-
332_g                -            660 33766                -            230   2.3e-10   39.2   2.1   4   7      0.02       4.4    5.6   0.2   121   199   257   333   235   339 0.64 length=660	scaffold=gi56499508	strand=-
332_g                -            660 33766                -            230   2.3e-10   39.2   2.1   5   7   3.6e-06   0.00079   17.8   0.6     9   123   285   396   277   401 0.74 length=660	scaffold=gi56499508	strand=-
332_g                -            660 33766                -            230   2.3e-10   39.2   2.1   6   7   1.1e-09   2.3e-07   29.4   0.0    39   106   413   483   409   521 0.88 length=660	scaffold=gi56499508	strand=-
332_g                -            660 33766                -            230   2.3e-10   39.2   2.1   7   7       3.7   8.1e+02   -1.8   0.0    44    87   614   656   608   659 0.71 length=660	scaffold=gi56499508	strand=-
1813_g               -            247 33766                -            230   1.1e-08   33.7   0.2   1   1   8.6e-11   1.9e-08   32.9   0.2     9   103     6    99     1   124 0.83 length=248	scaffold=gi56497392	strand=+
4985_g               -            279 33766                -            230   8.9e-07   27.5   1.0   1   2       3.5   7.7e+02   -1.8   0.2   147   171    77   101    32   118 0.49 length=279	scaffold=gi56490378	strand=+	adjustedToFrame=2
4985_g               -            279 33766                -            230   8.9e-07   27.5   1.0   2   2   7.4e-09   1.6e-06   26.6   0.1    19   105   110   201    92   268 0.80 length=279	scaffold=gi56490378	strand=+	adjustedToFrame=2
5349_g               -            221 33766                -            230   1.6e-06   26.6   2.4   1   2   0.00079      0.17   10.2   0.1    45    98     6    56     2    79 0.83 length=222	scaffold=gi56492401	strand=-
5349_g               -            221 33766                -            230   1.6e-06   26.6   2.4   2   2   1.1e-05    0.0024   16.2   0.3   151   223   128   206   110   213 0.78 length=222	scaffold=gi56492401	strand=-
573_g                -            197 33766                -            230   2.1e-06   26.2   1.6   1   1   1.3e-08   2.9e-06   25.8   1.6    19   138     3   122     1   173 0.76 length=197	scaffold=gi56494301	strand=+
4880_g               -            198 33766                -            230   4.4e-06   25.2   0.0   1   1   1.2e-07   2.5e-05   22.7   0.0    36   218     4   197     1   198 0.77 length=198	scaffold=gi56489276	strand=-	adjustedToFrame=2
2149_g               -            227 33766                -            230   1.8e-05   23.2   0.0   1   2   6.3e-06    0.0014   17.0   0.0    24   189     7   172     2   180 0.69 length=228	scaffold=gi56495363	strand=-
2149_g               -            227 33766                -            230   1.8e-05   23.2   0.0   2   2     0.067        15    3.9   0.0    70   102   194   226   192   227 0.89 length=228	scaffold=gi56495363	strand=-
1470_g               -            310 33766                -            230   2.9e-05   22.5   0.0   1   3   1.3e-07   2.9e-05   22.5   0.0    38   100    23    88    15   102 0.86 length=310	scaffold=gi56491948	strand=+
1470_g               -            310 33766                -            230   2.9e-05   22.5   0.0   2   3         3   6.6e+02   -1.5   0.4   124   153   146   175   124   187 0.57 length=310	scaffold=gi56491948	strand=+
1470_g               -            310 33766                -            230   2.9e-05   22.5   0.0   3   3       5.7   1.3e+03   -2.5   0.8   151   151   252   252   201   292 0.57 length=310	scaffold=gi56491948	strand=+
3309_g               -            264 33766                -            230     3e-05   22.5   0.2   1   2         2   4.4e+02   -1.0   0.2   109   133    59    83    18   108 0.65 length=265	scaffold=gi56496165	strand=-	adjustedToFrame=2
3309_g               -            264 33766                -            230     3e-05   22.5   0.2   2   2   1.4e-07     3e-05   22.5   0.2    11   100   172   259   162   263 0.82 length=265	scaffold=gi56496165	strand=-	adjustedToFrame=2
4221_g               -            304 33766                -            230   3.5e-05   22.3   0.2   1   1   1.6e-07   3.5e-05   22.3   0.2    48   100    91   145    76   226 0.76 length=305	scaffold=gi56497236	strand=+
2250_g               -            311 33766                -            230   9.9e-05   20.8   0.5   1   1   4.5e-07   9.9e-05   20.8   0.5     8    96    27   113     3   123 0.77 length=311	scaffold=gi56492465	strand=+	adjustedToFrame=2
5875_g               -            103 33766                -            230   0.00018   19.9   0.0   1   1   9.9e-07   0.00022   19.7   0.0    24    98    19    89     6   102 0.82 length=103	scaffold=gi56487403	strand=+	adjustedToFrame=3
6259_g               -            112 33766                -            230   0.00034   19.0   1.8   1   2     0.068        15    3.8   0.3   143   188    19    60     4    62 0.55 length=113	scaffold=gi56490784	strand=+
6259_g               -            112 33766                -            230   0.00034   19.0   1.8   2   2   9.2e-06     0.002   16.5   0.1    63   110    58   105    54   111 0.79 length=113	scaffold=gi56490784	strand=+
1006_g               -            199 33766                -            230   0.00039   18.8   0.1   1   1     4e-06   0.00088   17.7   0.1   136   220    37   126    23   135 0.70 length=200	scaffold=gi56500783	strand=-
6617_g               -            149 33766                -            230   0.00052   18.4   7.1   1   2    0.0012      0.27    9.5   1.4    20    57    15    48     4    54 0.73 length=149	scaffold=gi56493484	strand=-
6617_g               -            149 33766                -            230   0.00052   18.4   7.1   2   2   0.00019     0.041   12.2   0.4    69   113    68   113    66   148 0.80 length=149	scaffold=gi56493484	strand=-
1051_g               -            158 33766                -            230   0.00059   18.2   2.8   1   2      0.05        11    4.3   0.7   141   190    45    90     9   101 0.64 length=159	scaffold=gi56495502	strand=+
1051_g               -            158 33766                -            230   0.00059   18.2   2.8   2   2   5.2e-05     0.011   14.0   0.1    66   110   107   151   104   157 0.79 length=159	scaffold=gi56495502	strand=+
3744_g               -            296 33766                -            230   0.00078   17.8   1.3   1   2   4.4e-06   0.00097   17.5   0.0    16   121    29   133    13   182 0.76 length=297	scaffold=gi56496563	strand=+
3744_g               -            296 33766                -            230   0.00078   17.8   1.3   2   2       6.6   1.5e+03   -2.7   0.3   133   146   218   231   192   265 0.56 length=297	scaffold=gi56496563	strand=+
2070_g               -            335 33766                -            230    0.0016   16.8   0.0   1   1   1.5e-05    0.0032   15.8   0.0    25    98    20    89     7   106 0.83 length=336	scaffold=gi56500564	strand=+	adjustedToFrame=3
2188_g               -            154 33766                -            230    0.0051   15.2   0.1   1   2     0.012       2.6    6.3   0.0   168   202    26    60    12    65 0.90 length=155	scaffold=gi56499772	strand=-
2188_g               -            154 33766                -            230    0.0051   15.2   0.1   2   2    0.0055       1.2    7.4   0.0    65   131    65   133    63   153 0.75 length=155	scaffold=gi56499772	strand=-
3416_g               -            146 33766                -            230    0.0074   14.6   3.5   1   1   0.00016     0.035   12.4   3.5    14    86    19    87     6   136 0.78 length=147	scaffold=gi56500395	strand=-
5472_g               -            146 33766                -            230    0.0074   14.6   3.5   1   1   0.00016     0.035   12.4   3.5    14    86    19    87     6   136 0.78 length=147	scaffold=gi56493289	strand=-
4346_g               -            104 33766                -            230     0.011   14.1   0.2   1   1   7.4e-05     0.016   13.5   0.1   143   203     7    67     1    99 0.72 length=104	scaffold=gi56488602	strand=-
1678_g               -            120 33766                -            230     0.038   12.3   3.6   1   2   0.00026     0.058   11.7   1.3    26    85     5    60     1    68 0.69 length=121	scaffold=gi56482420	strand=+	adjustedToFrame=2
1678_g               -            120 33766                -            230     0.038   12.3   3.6   2   2       1.8   3.9e+02   -0.8   0.1   143   179    69   103    58   110 0.48 length=121	scaffold=gi56482420	strand=+	adjustedToFrame=2
#
# Program:         hmmsearch
# Version:         3.4 (Aug 2023)
# Pipeline mode:   SEARCH
# Query file:      /home/inf-20-2025/Malaria/busco_downloads/lineages/apicomplexa_odb12/hmms/33766at5794.hmm
# Target file:     /home/inf-20-2025/Malaria/Results/6_nobird_annotation/P_berghei.faa
# Option settings: hmmsearch --domtblout Results/8_busco/P_berghei/run_apicomplexa_odb12/hmmer_output/initial_run_results/33766at5794.out --cpu 1 /home/inf-20-2025/Malaria/busco_downloads/lineages/apicomplexa_odb12/hmms/33766at5794.hmm /home/inf-20-2025/Malaria/Results/6_nobird_annotation/P_berghei.faa 
# Current dir:     /home/inf-20-2025/Malaria
# Date:            Wed Mar  4 18:30:22 2026
# [ok]
