#                                                                            --- full sequence --- -------------- this domain -------------   hmm coord   ali coord   env coord
# target name        accession   tlen query name           accession   qlen   E-value  score  bias   #  of  c-Evalue  i-Evalue  score  bias  from    to  from    to  from    to  acc description of target
#------------------- ---------- ----- -------------------- ---------- ----- --------- ------ ----- --- --- --------- --------- ------ ----- ----- ----- ----- ----- ----- ----- ---- ---------------------
5453_g               -            429 36848                -            421    1e-105  352.8  11.8   1   2   4.7e-46   1.2e-43  148.2   0.2     2    91    25   114    24   124 0.95 length=429	scaffold=gi56492448	strand=-
5453_g               -            429 36848                -            421    1e-105  352.8  11.8   2   2   5.1e-64   1.3e-61  207.4   6.7    89   320   180   427   149   429 0.83 length=429	scaffold=gi56492448	strand=-
6532_g               -            463 36848                -            421   1.3e-90  303.0  31.2   1   2    0.0052       1.3    6.5   2.6    71    91     1    21     1    31 0.89 length=464	scaffold=gi56500476	strand=+
6532_g               -            463 36848                -            421   1.3e-90  303.0  31.2   2   2   2.8e-92   7.1e-90  300.6  20.8    89   419    87   456    56   458 0.83 length=464	scaffold=gi56500476	strand=+
5512_g               -            331 36848                -            421     3e-27   94.2   0.9   1   1   1.7e-29   4.3e-27   93.7   0.9    14    85     1    78     1    94 0.86 length=332	scaffold=gi56494464	strand=+
899_g                -            413 36848                -            421   6.7e-26   89.8   1.7   1   2   2.6e-28   6.7e-26   89.8   1.7    11    83    13    84     8   125 0.92 length=414	scaffold=gi56500590	strand=+
899_g                -            413 36848                -            421   6.7e-26   89.8   1.7   2   2         2   5.3e+02   -2.1   0.3   266   306   350   390   324   396 0.57 length=414	scaffold=gi56500590	strand=+
6706_g               -            608 36848                -            421     4e-25   87.2   0.3   1   1   3.6e-27   9.4e-25   86.0   0.3    12   112    69   171    61   204 0.86 length=609	scaffold=gi56501368	strand=-
6667_g               -            217 36848                -            421     5e-25   86.9   2.8   1   1   2.4e-27   6.3e-25   86.6   2.8     2   116     5   125     4   157 0.79 length=218	scaffold=gi56500333	strand=-
3385_g               -            346 36848                -            421     5e-24   83.7   6.4   1   1     3e-26   7.9e-24   83.0   6.4    13    83    46   118    40   145 0.88 length=347	scaffold=gi56498343	strand=+
3369_g               -            618 36848                -            421     1e-20   72.8   0.8   1   1     7e-23   1.8e-20   71.9   0.8    10    84   293   373   287   403 0.87 length=619	scaffold=gi56498273	strand=+	adjustedToFrame=2
976_g                -            444 36848                -            421   1.7e-20   72.0   0.4   1   1   1.2e-22   3.1e-20   71.1   0.4    12    84   349   424   340   429 0.91 length=445	scaffold=gi56500364	strand=+
4755_g               -            138 36848                -            421   1.2e-19   69.2   2.2   1   1   5.6e-22   1.4e-19   69.0   2.2    12    78     6    74     2    84 0.90 length=138	scaffold=gi56487469	strand=-
5016_g               -            236 36848                -            421   1.7e-19   68.7   3.4   1   1   1.3e-21   3.4e-19   67.7   3.4    11    74    98   163    92   177 0.91 length=236	scaffold=gi56489078	strand=+
1911_g               -            302 36848                -            421   2.9e-19   67.9  10.5   1   2   2.8e-12   7.1e-10   37.0   0.6    11    48     5    42     1    49 0.86 length=303	scaffold=gi56493325	strand=-
1911_g               -            302 36848                -            421   2.9e-19   67.9  10.5   2   2   1.6e-11   4.2e-09   34.5   3.7    50   127    76   151    73   168 0.80 length=303	scaffold=gi56493325	strand=-
1130_g               -            457 36848                -            421     4e-19   67.5   0.0   1   2   5.6e-14   1.4e-11   42.6   0.0   110   239    16   147     3   175 0.80 length=458	scaffold=gi56497144	strand=+
1130_g               -            457 36848                -            421     4e-19   67.5   0.0   2   2   6.7e-08   1.7e-05   22.6   0.0   112   212   341   446   322   450 0.79 length=458	scaffold=gi56497144	strand=+
647_g                -            322 36848                -            421   4.7e-19   67.3   2.0   1   1   3.5e-21   8.9e-19   66.3   2.0    12    78     6    74     2    81 0.91 length=322	scaffold=gi56495105	strand=+
530_g                -            606 36848                -            421   2.9e-18   64.7  16.7   1   2   1.1e-20   2.9e-18   64.7  16.7     5   213    84   288    80   342 0.82 length=606	scaffold=gi56493588	strand=-
530_g                -            606 36848                -            421   2.9e-18   64.7  16.7   2   2       5.8   1.5e+03   -3.6   0.2   173   205   536   568   512   583 0.56 length=606	scaffold=gi56493588	strand=-
1301_g               -            355 36848                -            421   4.9e-18   63.9   1.5   1   2   1.9e-20   4.9e-18   63.9   1.5    11    78    52   121    41   132 0.88 length=356	scaffold=gi56497716	strand=-
1301_g               -            355 36848                -            421   4.9e-18   63.9   1.5   2   2       1.5   3.8e+02   -1.6   0.1   272   301   283   312   237   331 0.59 length=356	scaffold=gi56497716	strand=-
4229_g               -            359 36848                -            421   4.4e-17   60.8   3.8   1   3       1.7   4.5e+02   -1.9   0.2    65    81   141   157   134   194 0.67 length=359	scaffold=gi56493825	strand=+
4229_g               -            359 36848                -            421   4.4e-17   60.8   3.8   2   3   1.7e-19   4.4e-17   60.8   3.8    10    83   196   271   189   280 0.90 length=359	scaffold=gi56493825	strand=+
4229_g               -            359 36848                -            421   4.4e-17   60.8   3.8   3   3       5.8   1.5e+03   -3.6   0.1   173   206   315   348   307   354 0.70 length=359	scaffold=gi56493825	strand=+
1486_g               -            583 36848                -            421   7.5e-17   60.0   0.3   1   1   5.2e-19   1.3e-16   59.2   0.3     9    90    93   177    87   224 0.85 length=584	scaffold=gi56496630	strand=+
3174_g               -            308 36848                -            421   4.8e-15   54.0   0.4   1   1   2.7e-17   6.8e-15   53.5   0.4    41    85     5    55     1    71 0.77 length=309	scaffold=gi56500702	strand=+
6882_g               -            403 36848                -            421     6e-12   43.8  14.3   1   3   2.3e-14     6e-12   43.8  14.3    98   265    11   192     3   205 0.79 length=404	scaffold=gi56497068	strand=+	adjustedToFrame=3
6882_g               -            403 36848                -            421     6e-12   43.8  14.3   2   3    0.0059       1.5    6.3   0.4   152   199   179   227   178   236 0.81 length=404	scaffold=gi56497068	strand=+	adjustedToFrame=3
6882_g               -            403 36848                -            421     6e-12   43.8  14.3   3   3      0.15        40    1.6   0.2   327   385   271   349   252   381 0.53 length=404	scaffold=gi56497068	strand=+	adjustedToFrame=3
1344_g               -            182 36848                -            421   2.3e-11   41.9   0.1   1   1   1.1e-13     3e-11   41.6   0.1   115   201    19   107     4   115 0.83 length=183	scaffold=gi56496833	strand=+	adjustedToFrame=2
3920_g               -            103 36848                -            421   1.9e-10   38.9   8.7   1   1     8e-13   2.1e-10   38.8   8.7    21   103     1    86     1   101 0.70 length=103	scaffold=gi56492386	strand=-	adjustedToFrame=2
3792_g               -            423 36848                -            421   5.6e-10   37.4  16.3   1   3   1.3e-07   3.2e-05   21.7   3.8   104   205    34   138    17   147 0.75 length=424	scaffold=gi56498807	strand=-
3792_g               -            423 36848                -            421   5.6e-10   37.4  16.3   2   3   8.7e-08   2.2e-05   22.2   2.4    92   213   158   289   142   328 0.68 length=424	scaffold=gi56498807	strand=-
3792_g               -            423 36848                -            421   5.6e-10   37.4  16.3   3   3       1.1   2.9e+02   -1.3   0.0   176   204   365   393   356   398 0.76 length=424	scaffold=gi56498807	strand=-
4326_g               -            209 36848                -            421   1.5e-09   36.0   2.1   1   1   7.5e-12   1.9e-09   35.6   2.1    43    80     3    40     1    71 0.72 length=210	scaffold=gi56496507	strand=+	adjustedToFrame=2
519_g                -            104 36848                -            421   7.9e-08   30.3   0.2   1   1   3.3e-10   8.4e-08   30.2   0.2   109   200    11   101     3   104 0.86 length=105	scaffold=gi56495618	strand=+
77_g                 -            174 36848                -            421   3.8e-06   24.7   3.8   1   1   2.2e-08   5.7e-06   24.2   3.8     9    75    48   111    41   114 0.87 length=174	scaffold=gi56491989	strand=-	adjustedToFrame=2
2556_g               -            193 36848                -            421   4.2e-06   24.6   1.6   1   1   1.9e-08     5e-06   24.3   1.6    59   184    30   158    17   182 0.76 length=194	scaffold=gi56493275	strand=+
128_g                -            150 36848                -            421   3.5e-05   21.6   0.7   1   2   2.5e-07   6.4e-05   20.7   0.1    10    45     4    39     1    47 0.93 length=151	scaffold=gi56498555	strand=+
128_g                -            150 36848                -            421   3.5e-05   21.6   0.7   2   2      0.94   2.4e+02   -1.0   0.1    99   127    51    79    39   101 0.57 length=151	scaffold=gi56498555	strand=+
#
# Program:         hmmsearch
# Version:         3.4 (Aug 2023)
# Pipeline mode:   SEARCH
# Query file:      /home/inf-20-2025/Malaria/busco_downloads/lineages/apicomplexa_odb12/hmms/36848at5794.hmm
# Target file:     /home/inf-20-2025/Malaria/Results/6_nobird_annotation/P_berghei.faa
# Option settings: hmmsearch --domtblout Results/8_busco/P_berghei/run_apicomplexa_odb12/hmmer_output/initial_run_results/36848at5794.out --cpu 1 /home/inf-20-2025/Malaria/busco_downloads/lineages/apicomplexa_odb12/hmms/36848at5794.hmm /home/inf-20-2025/Malaria/Results/6_nobird_annotation/P_berghei.faa 
# Current dir:     /home/inf-20-2025/Malaria
# Date:            Wed Mar  4 18:30:23 2026
# [ok]
