#                                                                            --- full sequence --- -------------- this domain -------------   hmm coord   ali coord   env coord
# target name        accession   tlen query name           accession   qlen   E-value  score  bias   #  of  c-Evalue  i-Evalue  score  bias  from    to  from    to  from    to  acc description of target
#------------------- ---------- ----- -------------------- ---------- ----- --------- ------ ----- --- --- --------- --------- ------ ----- ----- ----- ----- ----- ----- ----- ---- ---------------------
3028_g               -            616 37309                -            348  8.7e-145  480.6   9.8   1   2     0.018       4.4    4.7   0.4     6    39   240   273   236   286 0.80 length=617	scaffold=gi56500188	strand=-
3028_g               -            616 37309                -            348  8.7e-145  480.6   9.8   2   2  1.4e-146  3.6e-144  478.6   4.8    19   347   290   615   271   616 0.92 length=617	scaffold=gi56500188	strand=-
3860_g               -           1075 37309                -            348  8.6e-109  362.2   3.5   1   2   2.6e-55   6.4e-53  178.5   0.2    22   299   382   656   367   670 0.84 length=1076	scaffold=gi56495515	strand=+	adjustedToFrame=2
3860_g               -           1075 37309                -            348  8.6e-109  362.2   3.5   2   2   5.4e-60   1.4e-57  193.9   0.3    19   299   715  1004   692  1067 0.86 length=1076	scaffold=gi56495515	strand=+	adjustedToFrame=2
5843_g               -            225 37309                -            348   8.5e-85  283.3   1.2   1   1     4e-87     1e-84  283.1   1.2    19   207    32   224    13   225 0.89 length=225	scaffold=gi56485369	strand=+	adjustedToFrame=3
1269_g               -            430 37309                -            348   4.6e-69  231.6   0.4   1   2   4.9e-70   1.2e-67  226.9   0.4    11   290    54   340    44   356 0.89 length=431	scaffold=gi56494677	strand=+
1269_g               -            430 37309                -            348   4.6e-69  231.6   0.4   2   2     0.073        18    2.7   0.0   315   347   393   427   379   428 0.80 length=431	scaffold=gi56494677	strand=+
3051_g               -           1009 37309                -            348   3.1e-61  205.8  18.0   1   6   0.00014     0.034   11.7   0.0    72   123   276   328   214   335 0.87 length=1010	scaffold=gi56501056	strand=+
3051_g               -           1009 37309                -            348   3.1e-61  205.8  18.0   2   6     0.061        15    3.0   0.1   155   179   420   444   414   456 0.76 length=1010	scaffold=gi56501056	strand=+
3051_g               -           1009 37309                -            348   3.1e-61  205.8  18.0   3   6   5.8e-05     0.014   12.9   0.4   212   286   441   514   439   534 0.85 length=1010	scaffold=gi56501056	strand=+
3051_g               -           1009 37309                -            348   3.1e-61  205.8  18.0   4   6   1.1e-51   2.8e-49  166.5   2.1    23   330   577   884   543   900 0.74 length=1010	scaffold=gi56501056	strand=+
3051_g               -           1009 37309                -            348   3.1e-61  205.8  18.0   5   6      0.63   1.6e+02   -0.4   0.4     6    46   868   908   862   921 0.70 length=1010	scaffold=gi56501056	strand=+
3051_g               -           1009 37309                -            348   3.1e-61  205.8  18.0   6   6   2.6e-07   6.6e-05   20.6   0.6   269   344   922  1006   902  1009 0.80 length=1010	scaffold=gi56501056	strand=+
2292_g               -            494 37309                -            348   1.9e-53  180.2   0.0   1   2   2.4e-55   6.1e-53  178.6   0.0    70   336   202   468   193   479 0.90 length=494	scaffold=gi56495806	strand=-
2292_g               -            494 37309                -            348   1.9e-53  180.2   0.0   2   2      0.83   2.1e+02   -0.8   0.0    70    88   475   493   469   494 0.85 length=494	scaffold=gi56495806	strand=-
756_g                -            672 37309                -            348   2.3e-47  160.2   1.4   1   4       7.7   1.9e+03   -4.0   0.0   230   252    18    40    17    49 0.82 length=673	scaffold=gi56497429	strand=+	adjustedToFrame=2
756_g                -            672 37309                -            348   2.3e-47  160.2   1.4   2   4      0.26        64    0.9   3.1     8    98    97   184    90   187 0.79 length=673	scaffold=gi56497429	strand=+	adjustedToFrame=2
756_g                -            672 37309                -            348   2.3e-47  160.2   1.4   3   4   9.1e-50   2.3e-47  160.2   1.4    46   290   212   453   174   469 0.77 length=673	scaffold=gi56497429	strand=+	adjustedToFrame=2
756_g                -            672 37309                -            348   2.3e-47  160.2   1.4   4   4       2.8     7e+02   -2.5   2.4    13    64   600   651   530   671 0.63 length=673	scaffold=gi56497429	strand=+	adjustedToFrame=2
209_g                -            422 37309                -            348   2.3e-46  157.0   0.1   1   2      0.69   1.7e+02   -0.5   0.6     8    41    28    61     5    98 0.50 length=423	scaffold=gi56495355	strand=+
209_g                -            422 37309                -            348   2.3e-46  157.0   0.1   2   2   9.1e-49   2.3e-46  157.0   0.1    64   293   155   386   120   400 0.86 length=423	scaffold=gi56495355	strand=+
6806_g               -            385 37309                -            348   5.2e-43  145.9   0.0   1   1   3.3e-45   8.3e-43  145.2   0.0    71   286   162   380   153   383 0.89 length=386	scaffold=gi56499834	strand=+
986_g                -            420 37309                -            348   2.1e-41  140.6   0.0   1   1   1.2e-43   2.9e-41  140.2   0.0    44   292   133   382    95   392 0.82 length=421	scaffold=gi56501244	strand=-
3942_g               -            362 37309                -            348   2.9e-38  130.3   0.1   1   2       5.9   1.5e+03   -3.6   0.1    76    89    32    45    11    66 0.47 length=362	scaffold=gi56489175	strand=-	adjustedToFrame=2
3942_g               -            362 37309                -            348   2.9e-38  130.3   0.1   2   2     2e-40   5.1e-38  129.5   0.0    46   244   157   362   142   362 0.89 length=362	scaffold=gi56489175	strand=-	adjustedToFrame=2
1537_g               -            784 37309                -            348   3.6e-38  130.0   1.5   1   2   4.4e-35   1.1e-32  111.9   0.0   104   338   301   546   257   554 0.86 length=785	scaffold=gi56497065	strand=-
1537_g               -            784 37309                -            348   3.6e-38  130.0   1.5   2   2   4.4e-06    0.0011   16.6   0.5   108   272   586   749   581   776 0.75 length=785	scaffold=gi56497065	strand=-
1612_g               -            248 37309                -            348   4.6e-27   93.4   0.1   1   2   6.1e-29   1.5e-26   91.7   0.0   164   299     3   138     1   147 0.89 length=249	scaffold=gi56495856	strand=-	adjustedToFrame=2
1612_g               -            248 37309                -            348   4.6e-27   93.4   0.1   2   2      0.95   2.4e+02   -1.0   0.3    33    56   154   177   138   194 0.44 length=249	scaffold=gi56495856	strand=-	adjustedToFrame=2
1580_g               -            194 37309                -            348   7.1e-27   92.8   1.1   1   1   3.4e-29   8.5e-27   92.6   1.1   133   287     1   155     1   166 0.87 length=195	scaffold=gi56494151	strand=+	adjustedToFrame=2
6576_g               -            768 37309                -            348   9.1e-27   92.5   0.0   1   2      0.25        62    0.9   0.3    76    92    21    37     2    44 0.80 length=769	scaffold=gi56498212	strand=+	adjustedToFrame=2
6576_g               -            768 37309                -            348   9.1e-27   92.5   0.0   2   2   3.6e-29   9.1e-27   92.5   0.0    56   287   203   432   189   468 0.87 length=769	scaffold=gi56498212	strand=+	adjustedToFrame=2
2682_g               -            271 37309                -            348   2.1e-21   74.9   0.0   1   1   1.2e-23   3.1e-21   74.3   0.0    62   168   162   271   141   271 0.86 length=271	scaffold=gi56490550	strand=-	adjustedToFrame=2
6379_g               -            247 37309                -            348   2.3e-18   64.9   0.5   1   2   1.7e-20   4.3e-18   64.0   0.0   105   204    44   149    10   164 0.82 length=247	scaffold=gi56496889	strand=-
6379_g               -            247 37309                -            348   2.3e-18   64.9   0.5   2   2       1.2   3.1e+02   -1.4   0.1    10    86   168   242   159   246 0.59 length=247	scaffold=gi56496889	strand=-
1983_g               -            344 37309                -            348   5.4e-18   63.6   0.3   1   2   2.2e-20   5.4e-18   63.6   0.3   180   289     2   109     1   128 0.87 length=344	scaffold=gi56492705	strand=+	adjustedToFrame=2
1983_g               -            344 37309                -            348   5.4e-18   63.6   0.3   2   2       2.1   5.3e+02   -2.1   0.2    63    85   271   293   234   335 0.59 length=344	scaffold=gi56492705	strand=+	adjustedToFrame=2
6430_g               -            489 37309                -            348   1.8e-15   55.4   0.4   1   2       5.9   1.5e+03   -3.6   0.3    26    50   129   153   108   179 0.42 length=489	scaffold=gi56496686	strand=+
6430_g               -            489 37309                -            348   1.8e-15   55.4   0.4   2   2   1.3e-17   3.1e-15   54.5   0.0   106   254   297   465   277   477 0.78 length=489	scaffold=gi56496686	strand=+
4965_g               -            354 37309                -            348   6.9e-14   50.1   9.7   1   2    0.0068       1.7    6.1   0.0   106   124    23    41    19    49 0.88 length=354	scaffold=gi56488951	strand=-	adjustedToFrame=2
4965_g               -            354 37309                -            348   6.9e-14   50.1   9.7   2   2   1.2e-15     3e-13   48.0   1.4   155   286   132   258   126   269 0.83 length=354	scaffold=gi56488951	strand=-	adjustedToFrame=2
5273_g               -            130 37309                -            348   1.9e-12   45.4   0.5   1   1   8.8e-15   2.2e-12   45.2   0.5   196   293     4    98     2   125 0.90 length=130	scaffold=gi56482499	strand=-	adjustedToFrame=3
2279_g               -            129 37309                -            348   8.4e-12   43.3   0.2   1   1   3.8e-14   9.6e-12   43.1   0.2   196   290     1    92     1   106 0.87 length=130	scaffold=gi56491109	strand=-	adjustedToFrame=2
6102_g               -            201 37309                -            348   8.1e-10   36.7   0.0   1   1   5.9e-12   1.5e-09   35.9   0.0   196   287     1    94     1   133 0.87 length=201	scaffold=gi56484757	strand=-
2954_g               -            333 37309                -            348   7.1e-09   33.6   0.0   1   1   5.4e-11   1.3e-08   32.7   0.0    68   148   246   326   223   332 0.88 length=333	scaffold=gi56492341	strand=+
3600_g               -            222 37309                -            348   1.2e-05   23.1   0.1   1   2       1.1   2.9e+02   -1.2   0.0   109   129     4    24     2    30 0.83 length=223	scaffold=gi56495059	strand=-	adjustedToFrame=3
3600_g               -            222 37309                -            348   1.2e-05   23.1   0.1   2   2   1.9e-07   4.6e-05   21.1   0.1   137   183   114   160    99   175 0.82 length=223	scaffold=gi56495059	strand=-	adjustedToFrame=3
2806_g               -            121 37309                -            348   0.00045   17.8   0.1   1   1   3.1e-06   0.00076   17.1   0.1   106   156    63   115    50   119 0.87 length=121	scaffold=gi56496879	strand=+
6044_g               -            434 37309                -            348    0.0014   16.2   1.0   1   3       5.7   1.4e+03   -3.5   3.1    25    81    18    74     2    88 0.49 length=434	scaffold=gi56490435	strand=+
6044_g               -            434 37309                -            348    0.0014   16.2   1.0   2   3   5.6e-06    0.0014   16.2   1.0   129   180   271   324   105   338 0.81 length=434	scaffold=gi56490435	strand=+
6044_g               -            434 37309                -            348    0.0014   16.2   1.0   3   3       4.2   1.1e+03   -3.1   0.0   226   270   366   411   358   418 0.54 length=434	scaffold=gi56490435	strand=+
3706_g               -            458 37309                -            348    0.0063   14.1   0.0   1   1   4.8e-05     0.012   13.1   0.0    36   124   365   453   341   457 0.70 length=458	scaffold=gi56492396	strand=-
3598_g               -            107 37309                -            348    0.0087   13.6   0.2   1   1   3.9e-05    0.0098   13.4   0.2    12    79    22    89    11   102 0.91 length=108	scaffold=gi56494833	strand=-	adjustedToFrame=3
#
# Program:         hmmsearch
# Version:         3.4 (Aug 2023)
# Pipeline mode:   SEARCH
# Query file:      /home/inf-20-2025/Malaria/busco_downloads/lineages/apicomplexa_odb12/hmms/37309at5794.hmm
# Target file:     /home/inf-20-2025/Malaria/Results/6_nobird_annotation/P_berghei.faa
# Option settings: hmmsearch --domtblout Results/8_busco/P_berghei/run_apicomplexa_odb12/hmmer_output/initial_run_results/37309at5794.out --cpu 1 /home/inf-20-2025/Malaria/busco_downloads/lineages/apicomplexa_odb12/hmms/37309at5794.hmm /home/inf-20-2025/Malaria/Results/6_nobird_annotation/P_berghei.faa 
# Current dir:     /home/inf-20-2025/Malaria
# Date:            Wed Mar  4 18:30:22 2026
# [ok]
