#                                                                            --- full sequence --- -------------- this domain -------------   hmm coord   ali coord   env coord
# target name        accession   tlen query name           accession   qlen   E-value  score  bias   #  of  c-Evalue  i-Evalue  score  bias  from    to  from    to  from    to  acc description of target
#------------------- ---------- ----- -------------------- ---------- ----- --------- ------ ----- --- --- --------- --------- ------ ----- ----- ----- ----- ----- ----- ----- ---- ---------------------
2156_g               -            485 4079                 -            147     9e-67  221.7   2.8   1   1   4.5e-69     9e-67  221.7   2.8     4   134   156   286   152   300 0.94 length=485	scaffold=gi56491890	strand=+	adjustedToFrame=2
1120_g               -            820 4079                 -            147   5.2e-29   99.2   2.9   1   4   3.5e-08     7e-06   24.2   0.0    47   105    19    77     6    86 0.86 length=821	scaffold=gi56497478	strand=-
1120_g               -            820 4079                 -            147   5.2e-29   99.2   2.9   2   4     7e-10   1.4e-07   29.7   0.3    49   123   109   182   103   201 0.86 length=821	scaffold=gi56497478	strand=-
1120_g               -            820 4079                 -            147   5.2e-29   99.2   2.9   3   4   0.00017     0.034   12.2   0.2    50   134   199   281   192   296 0.70 length=821	scaffold=gi56497478	strand=-
1120_g               -            820 4079                 -            147   5.2e-29   99.2   2.9   4   4   6.6e-10   1.3e-07   29.8   0.0    43   133   406   495   377   508 0.87 length=821	scaffold=gi56497478	strand=-
332_g                -            660 4079                 -            147   1.6e-17   61.9   0.0   1   2   1.3e-07   2.7e-05   22.3   0.1    49   132   301   384   265   394 0.87 length=660	scaffold=gi56499508	strand=-
332_g                -            660 4079                 -            147   1.6e-17   61.9   0.0   2   2   6.4e-12   1.3e-09   36.3   0.0    56   125   411   479   405   494 0.91 length=660	scaffold=gi56499508	strand=-
2852_g               -            344 4079                 -            147   2.8e-17   61.1   1.4   1   2   1.1e-06   0.00022   19.3   0.1    27   103    76   152    42   176 0.75 length=345	scaffold=gi56496443	strand=-
2852_g               -            344 4079                 -            147   2.8e-17   61.1   1.4   2   2   2.3e-13   4.6e-11   41.0   0.3    46   139   179   268   170   276 0.84 length=345	scaffold=gi56496443	strand=-
2791_g               -            991 4079                 -            147   1.3e-16   59.0  28.1   1   7    0.0019      0.39    8.8   2.3    76   146    81   153    71   156 0.87 length=991	scaffold=gi56500632	strand=+
2791_g               -            991 4079                 -            147   1.3e-16   59.0  28.1   2   7     0.016       3.2    5.8   0.6    36    93   309   362   305   419 0.73 length=991	scaffold=gi56500632	strand=+
2791_g               -            991 4079                 -            147   1.3e-16   59.0  28.1   3   7     0.043       8.7    4.4   0.1    86   125   430   469   417   493 0.76 length=991	scaffold=gi56500632	strand=+
2791_g               -            991 4079                 -            147   1.3e-16   59.0  28.1   4   7      0.35        71    1.5   0.0    46   105   605   663   599   669 0.74 length=991	scaffold=gi56500632	strand=+
2791_g               -            991 4079                 -            147   1.3e-16   59.0  28.1   5   7   0.00011     0.021   12.9   0.2    46    83   721   758   711   763 0.86 length=991	scaffold=gi56500632	strand=+
2791_g               -            991 4079                 -            147   1.3e-16   59.0  28.1   6   7     0.011       2.1    6.4   0.0    87   141   794   849   785   856 0.78 length=991	scaffold=gi56500632	strand=+
2791_g               -            991 4079                 -            147   1.3e-16   59.0  28.1   7   7   8.5e-11   1.7e-08   32.7   0.2    49   136   860   946   852   959 0.79 length=991	scaffold=gi56500632	strand=+
2526_g               -           1648 4079                 -            147   6.9e-16   56.6   4.1   1   2   3.1e-09   6.2e-07   27.6   0.4    13   104  1208  1302  1197  1310 0.86 length=1649	scaffold=gi56499440	strand=+	adjustedToFrame=3
2526_g               -           1648 4079                 -            147   6.9e-16   56.6   4.1   2   2   9.3e-10   1.9e-07   29.3   0.3    49   123  1334  1407  1328  1426 0.91 length=1649	scaffold=gi56499440	strand=+	adjustedToFrame=3
1119_g               -            479 4079                 -            147   2.3e-14   51.7  16.7   1   3   2.2e-05    0.0044   15.1   0.0    49    97    80   128    70   143 0.87 length=480	scaffold=gi56496096	strand=+
1119_g               -            479 4079                 -            147   2.3e-14   51.7  16.7   2   3     1e-07   2.1e-05   22.7   0.2    45   128   174   259   161   273 0.82 length=480	scaffold=gi56496096	strand=+
1119_g               -            479 4079                 -            147   2.3e-14   51.7  16.7   3   3   2.5e-08   5.1e-06   24.6   0.0    57   135   380   458   369   471 0.81 length=480	scaffold=gi56496096	strand=+
4260_g               -            312 4079                 -            147   4.9e-13   47.4   0.0   1   2   0.00045     0.091   10.8   0.0    64   105     3    44     1    72 0.91 length=313	scaffold=gi56498373	strand=-	adjustedToFrame=2
4260_g               -            312 4079                 -            147   4.9e-13   47.4   0.0   2   2   2.1e-11   4.2e-09   34.6   0.0    43   137   167   261   159   274 0.90 length=313	scaffold=gi56498373	strand=-	adjustedToFrame=2
1813_g               -            247 4079                 -            147   2.1e-11   42.1   0.0   1   1   1.7e-13   3.5e-11   41.4   0.0    39   124    12    97     9   105 0.94 length=248	scaffold=gi56497392	strand=+
2250_g               -            311 4079                 -            147     5e-11   40.9   0.1   1   1   4.8e-13   9.7e-11   39.9   0.1    46   125    41   119     6   131 0.90 length=311	scaffold=gi56492465	strand=+	adjustedToFrame=2
2904_g               -            128 4079                 -            147   1.3e-09   36.2   0.1   1   1   8.3e-12   1.7e-09   35.9   0.1    48   126     8    86     3   107 0.87 length=129	scaffold=gi56500979	strand=+
6617_g               -            149 4079                 -            147   1.4e-09   36.2   0.7   1   1     1e-11   2.1e-09   35.6   0.7    46   142    17   118    12   123 0.85 length=149	scaffold=gi56493484	strand=-
3744_g               -            296 4079                 -            147   4.1e-09   34.7   0.0   1   1   4.7e-11   9.4e-09   33.5   0.0    48   123    37   112    24   135 0.84 length=297	scaffold=gi56496563	strand=+
4030_g               -           1238 4079                 -            147     2e-08   32.5   4.5   1   2   5.2e-07    0.0001   20.4   0.1    49   123   215   288   208   302 0.87 length=1239	scaffold=gi56499656	strand=-
4030_g               -           1238 4079                 -            147     2e-08   32.5   4.5   2   2   0.00021     0.043   11.9   0.1    49    75   512   538   505   597 0.78 length=1239	scaffold=gi56499656	strand=-
1006_g               -            199 4079                 -            147     2e-08   32.4   0.1   1   1   1.9e-10   3.8e-08   31.5   0.1    47   120    66   138    18   145 0.82 length=200	scaffold=gi56500783	strand=-
4880_g               -            198 4079                 -            147   1.1e-07   30.1   0.0   1   2    0.0049      0.98    7.5   0.0    59   110     7    57     3    96 0.72 length=198	scaffold=gi56489276	strand=-	adjustedToFrame=2
4880_g               -            198 4079                 -            147   1.1e-07   30.1   0.0   2   2   4.1e-07   8.2e-05   20.7   0.0    40   104   133   196   130   198 0.91 length=198	scaffold=gi56489276	strand=-	adjustedToFrame=2
1405_g               -           1466 4079                 -            147   3.9e-07   28.3   1.7   1   2       1.5   2.9e+02   -0.5   0.4   106   141   639   674   617   679 0.74 length=1467	scaffold=gi56500019	strand=-
1405_g               -           1466 4079                 -            147   3.9e-07   28.3   1.7   2   2   7.9e-09   1.6e-06   26.3   0.0    49   113   793   856   779   879 0.92 length=1467	scaffold=gi56500019	strand=-
1470_g               -            310 4079                 -            147   9.7e-07   27.0   0.0   1   1   1.3e-08   2.5e-06   25.6   0.0    44   124     9    89     3   103 0.90 length=310	scaffold=gi56491948	strand=+
5875_g               -            103 4079                 -            147   1.2e-06   26.6   0.1   1   1   6.2e-09   1.2e-06   26.6   0.1    49   107    20    75     1    94 0.84 length=103	scaffold=gi56487403	strand=+	adjustedToFrame=3
3309_g               -            264 4079                 -            147   4.1e-06   25.0   0.5   1   2       5.3   1.1e+03   -2.4   0.1    14    14    84    84    56   118 0.51 length=265	scaffold=gi56496165	strand=-	adjustedToFrame=2
3309_g               -            264 4079                 -            147   4.1e-06   25.0   0.5   2   2   4.7e-08   9.4e-06   23.8   0.0    41   108   177   244   135   256 0.90 length=265	scaffold=gi56496165	strand=-	adjustedToFrame=2
2188_g               -            154 4079                 -            147   4.3e-06   24.9   0.1   1   1   3.3e-08   6.6e-06   24.3   0.1    49   136    26   113    14   122 0.85 length=155	scaffold=gi56499772	strand=-
2070_g               -            335 4079                 -            147   9.6e-06   23.7   0.1   1   1   9.8e-08     2e-05   22.7   0.1    49   106    20    74     2    94 0.86 length=336	scaffold=gi56500564	strand=+	adjustedToFrame=3
4393_g               -            658 4079                 -            147   3.4e-05   22.0   2.2   1   1   2.2e-07   4.5e-05   21.6   0.1    46   106   440   500   434   528 0.85 length=658	scaffold=gi56495522	strand=+	adjustedToFrame=2
3226_g               -            157 4079                 -            147   3.6e-05   21.9   0.1   1   1   2.2e-07   4.5e-05   21.6   0.1    46   118    58   132    44   151 0.88 length=158	scaffold=gi56500617	strand=+
573_g                -            197 4079                 -            147   3.7e-05   21.8   0.0   1   1   2.7e-07   5.4e-05   21.3   0.0    59   122    19    82     5   104 0.85 length=197	scaffold=gi56494301	strand=+
5349_g               -            221 4079                 -            147     7e-05   20.9   3.1   1   2   0.00015     0.031   12.4   0.2    67   130     8    65     3    81 0.76 length=222	scaffold=gi56492401	strand=-
5349_g               -            221 4079                 -            147     7e-05   20.9   3.1   2   2    0.0015      0.31    9.1   0.3    46   120   143   216   137   220 0.88 length=222	scaffold=gi56492401	strand=-
6009_g               -            127 4079                 -            147   9.7e-05   20.5   0.0   1   1   5.7e-07   0.00011   20.3   0.0    45   108    59   124    39   127 0.90 length=127	scaffold=gi56484273	strand=+
4003_g               -            131 4079                 -            147   0.00011   20.4   0.1   1   1   6.9e-07   0.00014   20.0   0.1    43    85    81   124    45   131 0.89 length=131	scaffold=gi56488245	strand=-
2345_g               -            461 4079                 -            147   0.00016   19.7   0.4   1   2   3.7e-06   0.00074   17.6   0.0    49   125     6    81     3    95 0.86 length=461	scaffold=gi56494192	strand=+	adjustedToFrame=3
2345_g               -            461 4079                 -            147   0.00016   19.7   0.4   2   2       4.8   9.7e+02   -2.2   0.2   138   138   298   298   254   337 0.59 length=461	scaffold=gi56494192	strand=+	adjustedToFrame=3
2149_g               -            227 4079                 -            147   0.00021   19.4   0.8   1   2   0.00013     0.026   12.6   0.1    67   123    26    81    15   104 0.83 length=228	scaffold=gi56495363	strand=-
2149_g               -            227 4079                 -            147   0.00021   19.4   0.8   2   2     0.021       4.3    5.4   0.0    49    88   151   190   146   215 0.82 length=228	scaffold=gi56495363	strand=-
2694_g               -            384 4079                 -            147   0.00021   19.4   0.6   1   2   2.7e-06   0.00055   18.0   0.0    64   138     3    77     1    88 0.87 length=384	scaffold=gi56493666	strand=+	adjustedToFrame=2
2694_g               -            384 4079                 -            147   0.00021   19.4   0.6   2   2       8.8   1.8e+03   -3.1   0.2   123   145   156   178   154   180 0.73 length=384	scaffold=gi56493666	strand=+	adjustedToFrame=2
1693_g               -            506 4079                 -            147   0.00029   19.0   0.3   1   2       3.3   6.6e+02   -1.7   0.0    61    82   201   223   149   226 0.73 length=507	scaffold=gi56497469	strand=-
1693_g               -            506 4079                 -            147   0.00029   19.0   0.3   2   2   5.2e-06    0.0011   17.1   0.0    19   102   256   350   239   387 0.69 length=507	scaffold=gi56497469	strand=-
2215_g               -            189 4079                 -            147    0.0042   15.2   1.9   1   2   0.00011     0.021   12.9   0.2    43   130     6    94     1   109 0.76 length=189	scaffold=gi56494250	strand=+
2215_g               -            189 4079                 -            147    0.0042   15.2   1.9   2   2      0.31        61    1.7   0.1    49   102   122   169   111   181 0.65 length=189	scaffold=gi56494250	strand=+
895_g                -            314 4079                 -            147    0.0091   14.1   0.5   1   2   0.00056      0.11   10.5   0.0    63   100    72   109    57   139 0.77 length=315	scaffold=gi56496011	strand=+
895_g                -            314 4079                 -            147    0.0091   14.1   0.5   2   2      0.34        68    1.5   0.1    77   124   185   230   176   251 0.65 length=315	scaffold=gi56496011	strand=+
4346_g               -            104 4079                 -            147      0.01   13.9   0.0   1   1   6.7e-05     0.013   13.5   0.0    48   111    31    94    25   100 0.87 length=104	scaffold=gi56488602	strand=-
1353_g               -            230 4079                 -            147     0.019   13.1   0.0   1   1   0.00014     0.029   12.5   0.0    50   134    37   121    31   135 0.74 length=231	scaffold=gi56500644	strand=-
#
# Program:         hmmsearch
# Version:         3.4 (Aug 2023)
# Pipeline mode:   SEARCH
# Query file:      /home/inf-20-2025/Malaria/busco_downloads/lineages/apicomplexa_odb12/hmms/4079at5794.hmm
# Target file:     /home/inf-20-2025/Malaria/Results/6_nobird_annotation/P_berghei.faa
# Option settings: hmmsearch --domtblout Results/8_busco/P_berghei/run_apicomplexa_odb12/hmmer_output/initial_run_results/4079at5794.out --cpu 1 /home/inf-20-2025/Malaria/busco_downloads/lineages/apicomplexa_odb12/hmms/4079at5794.hmm /home/inf-20-2025/Malaria/Results/6_nobird_annotation/P_berghei.faa 
# Current dir:     /home/inf-20-2025/Malaria
# Date:            Wed Mar  4 18:30:23 2026
# [ok]
