#                                                                            --- full sequence --- -------------- this domain -------------   hmm coord   ali coord   env coord
# target name        accession   tlen query name           accession   qlen   E-value  score  bias   #  of  c-Evalue  i-Evalue  score  bias  from    to  from    to  from    to  acc description of target
#------------------- ---------- ----- -------------------- ---------- ----- --------- ------ ----- --- --- --------- --------- ------ ----- ----- ----- ----- ----- ----- ----- ---- ---------------------
5743_g               -            138 41420                -            225   3.5e-30  103.3   0.0   1   1   5.1e-33   4.6e-30  103.0   0.0     1    73    65   137    65   138 0.97 length=138	scaffold=gi56486499	strand=+	adjustedToFrame=2
1955_g               -            311 41420                -            225   1.7e-25   88.0   1.4   1   1   2.7e-28   2.4e-25   87.5   1.4    14   160    10   165     2   176 0.84 length=312	scaffold=gi56493900	strand=+
766_g                -            406 41420                -            225   1.8e-23   81.4   1.4   1   1   3.6e-26   3.3e-23   80.5   1.4    20   144     4   128     1   156 0.87 length=407	scaffold=gi56500846	strand=-
3683_g               -           1018 41420                -            225   1.3e-20   72.0   5.8   1   3    0.0028       2.5    5.7   0.7    75   123    15    61     6    77 0.78 length=1019	scaffold=gi56500178	strand=-	adjustedToFrame=3
3683_g               -           1018 41420                -            225   1.3e-20   72.0   5.8   2   3      0.28   2.5e+02   -0.8   0.0   171   215   326   365   319   371 0.76 length=1019	scaffold=gi56500178	strand=-	adjustedToFrame=3
3683_g               -           1018 41420                -            225   1.3e-20   72.0   5.8   3   3   5.9e-22   5.3e-19   66.8   0.3     9   147   384   538   378   549 0.77 length=1019	scaffold=gi56500178	strand=-	adjustedToFrame=3
1881_g               -            562 41420                -            225   3.2e-15   54.4   0.2   1   1   3.7e-16   3.3e-13   47.8   0.2    17   126   147   280   134   300 0.74 length=562	scaffold=gi56493070	strand=-	adjustedToFrame=2
2467_g               -            897 41420                -            225   6.7e-15   53.4   4.3   1   4   2.5e-05     0.023   12.4   0.0    10    48   316   354   306   356 0.85 length=897	scaffold=gi56494399	strand=+	adjustedToFrame=3
2467_g               -            897 41420                -            225   6.7e-15   53.4   4.3   2   4     2e-13   1.8e-10   38.9   0.1    48   104   379   435   373   442 0.94 length=897	scaffold=gi56494399	strand=+	adjustedToFrame=3
2467_g               -            897 41420                -            225   6.7e-15   53.4   4.3   3   4     0.071        65    1.1   0.1   114   134   466   486   462   492 0.86 length=897	scaffold=gi56494399	strand=+	adjustedToFrame=3
2467_g               -            897 41420                -            225   6.7e-15   53.4   4.3   4   4       2.4   2.1e+03   -3.9   0.0   190   208   643   661   641   667 0.75 length=897	scaffold=gi56494399	strand=+	adjustedToFrame=3
4076_g               -            365 41420                -            225   0.00021   19.0   0.1   1   2     6e-07   0.00054   17.7   0.1     7    65    16    71    10   120 0.76 length=366	scaffold=gi56494052	strand=-
4076_g               -            365 41420                -            225   0.00021   19.0   0.1   2   2       2.1   1.9e+03   -3.7   0.0   173   205   322   355   320   359 0.67 length=366	scaffold=gi56494052	strand=-
314_g                -            289 41420                -            225   0.00065   17.4   1.0   1   1   1.1e-06   0.00095   16.9   1.0     3   138     6   142     4   169 0.85 length=289	scaffold=gi56492187	strand=+
#
# Program:         hmmsearch
# Version:         3.4 (Aug 2023)
# Pipeline mode:   SEARCH
# Query file:      /home/inf-20-2025/Malaria/busco_downloads/lineages/apicomplexa_odb12/hmms/41420at5794.hmm
# Target file:     /home/inf-20-2025/Malaria/Results/6_nobird_annotation/P_berghei.faa
# Option settings: hmmsearch --domtblout Results/8_busco/P_berghei/run_apicomplexa_odb12/hmmer_output/initial_run_results/41420at5794.out --cpu 1 /home/inf-20-2025/Malaria/busco_downloads/lineages/apicomplexa_odb12/hmms/41420at5794.hmm /home/inf-20-2025/Malaria/Results/6_nobird_annotation/P_berghei.faa 
# Current dir:     /home/inf-20-2025/Malaria
# Date:            Wed Mar  4 18:30:23 2026
# [ok]
