#                                                                            --- full sequence --- -------------- this domain -------------   hmm coord   ali coord   env coord
# target name        accession   tlen query name           accession   qlen   E-value  score  bias   #  of  c-Evalue  i-Evalue  score  bias  from    to  from    to  from    to  acc description of target
#------------------- ---------- ----- -------------------- ---------- ----- --------- ------ ----- --- --- --------- --------- ------ ----- ----- ----- ----- ----- ----- ----- ---- ---------------------
4393_g               -            658 44402                -            348  1.3e-137  457.2   0.3   1   2   2.5e-37   3.8e-35  120.3   0.0     9   121   290   407   285   419 0.90 length=658	scaffold=gi56495522	strand=+	adjustedToFrame=2
4393_g               -            658 44402                -            348  1.3e-137  457.2   0.3   2   2  2.3e-102  3.5e-100  334.2   0.3   116   329   434   658   421   658 0.93 length=658	scaffold=gi56495522	strand=+	adjustedToFrame=2
1120_g               -            820 44402                -            348   9.8e-33  112.3   6.7   1   5   3.5e-07   5.4e-05   21.1   0.0   116   192    12    88     2    96 0.90 length=821	scaffold=gi56497478	strand=-
1120_g               -            820 44402                -            348   9.8e-33  112.3   6.7   2   5     9e-13   1.4e-10   39.5   0.1   120   215   104   197    90   198 0.87 length=821	scaffold=gi56497478	strand=-
1120_g               -            820 44402                -            348   9.8e-33  112.3   6.7   3   5   2.8e-08   4.2e-06   24.7   0.2   120   192   193   262   183   296 0.84 length=821	scaffold=gi56497478	strand=-
1120_g               -            820 44402                -            348   9.8e-33  112.3   6.7   4   5   1.6e-09   2.4e-07   28.8   0.0   119   199   406   485   394   515 0.87 length=821	scaffold=gi56497478	strand=-
1120_g               -            820 44402                -            348   9.8e-33  112.3   6.7   5   5       7.1   1.1e+03   -2.9   0.1   197   230   736   769   706   774 0.68 length=821	scaffold=gi56497478	strand=-
6397_g               -            863 44402                -            348   7.1e-26   89.8  12.4   1   2   2.7e-16   4.2e-14   51.1   0.1    17   115   463   558   451   564 0.88 length=864	scaffold=gi56501285	strand=-
6397_g               -            863 44402                -            348   7.1e-26   89.8  12.4   2   2   4.2e-10   6.4e-08   30.7   6.7   111   292   599   760   591   769 0.79 length=864	scaffold=gi56501285	strand=-
1119_g               -            479 44402                -            348   1.4e-24   85.5  16.2   1   3   3.5e-10   5.4e-08   31.0   0.0   121   189    76   144    61   163 0.90 length=480	scaffold=gi56496096	strand=+
1119_g               -            479 44402                -            348   1.4e-24   85.5  16.2   2   3   1.2e-12   1.8e-10   39.1   0.3   116   208   169   260   155   267 0.88 length=480	scaffold=gi56496096	strand=+
1119_g               -            479 44402                -            348   1.4e-24   85.5  16.2   3   3   1.3e-08   1.9e-06   25.9   0.0   123   200   370   447   350   465 0.90 length=480	scaffold=gi56496096	strand=+
332_g                -            660 44402                -            348   1.2e-23   82.5   0.8   1   3   1.2e-08   1.8e-06   26.0   0.3   110   209   286   385   278   391 0.86 length=660	scaffold=gi56499508	strand=-
332_g                -            660 44402                -            348   1.2e-23   82.5   0.8   2   3   1.5e-09   2.3e-07   28.9   0.0   133   212   411   490   398   499 0.90 length=660	scaffold=gi56499508	strand=-
332_g                -            660 44402                -            348   1.2e-23   82.5   0.8   3   3   7.5e-08   1.2e-05   23.3   0.0   250   325   588   659   580   660 0.83 length=660	scaffold=gi56499508	strand=-
2526_g               -           1648 44402                -            348   5.7e-17   60.5  10.3   1   4       6.8     1e+03   -2.9   0.2    35    68    55    88    32   100 0.76 length=1649	scaffold=gi56499440	strand=+	adjustedToFrame=3
2526_g               -           1648 44402                -            348   5.7e-17   60.5  10.3   2   4         4   6.2e+02   -2.1   0.2    16    63   766   814   759   826 0.69 length=1649	scaffold=gi56499440	strand=+	adjustedToFrame=3
2526_g               -           1648 44402                -            348   5.7e-17   60.5  10.3   3   4   1.2e-12   1.9e-10   39.0   0.1    96   203  1219  1325  1207  1332 0.88 length=1649	scaffold=gi56499440	strand=+	adjustedToFrame=3
2526_g               -           1648 44402                -            348   5.7e-17   60.5  10.3   4   4   5.2e-09   8.1e-07   27.1   0.1   119   209  1328  1417  1313  1433 0.84 length=1649	scaffold=gi56499440	strand=+	adjustedToFrame=3
2791_g               -            991 44402                -            348   6.2e-16   57.1  45.3   1   7       1.4   2.2e+02   -0.6  14.0    14   208    28   229    20   237 0.68 length=991	scaffold=gi56500632	strand=+
2791_g               -            991 44402                -            348   6.2e-16   57.1  45.3   2   7   8.6e-05     0.013   13.3   0.8   109   212   305   410   294   421 0.73 length=991	scaffold=gi56500632	strand=+
2791_g               -            991 44402                -            348   6.2e-16   57.1  45.3   3   7     0.012       1.8    6.3   0.1   155   203   423   471   414   484 0.84 length=991	scaffold=gi56500632	strand=+
2791_g               -            991 44402                -            348   6.2e-16   57.1  45.3   4   7    0.0037      0.56    7.9   0.1   119   154   602   637   592   662 0.76 length=991	scaffold=gi56500632	strand=+
2791_g               -            991 44402                -            348   6.2e-16   57.1  45.3   5   7    0.0061      0.94    7.2   0.7   118   164   717   763   697   777 0.81 length=991	scaffold=gi56500632	strand=+
2791_g               -            991 44402                -            348   6.2e-16   57.1  45.3   6   7     0.012       1.9    6.2   0.1   163   205   794   836   786   843 0.82 length=991	scaffold=gi56500632	strand=+
2791_g               -            991 44402                -            348   6.2e-16   57.1  45.3   7   7   2.2e-12   3.3e-10   38.2   0.9    89   195   824   929   821   945 0.91 length=991	scaffold=gi56500632	strand=+
4260_g               -            312 44402                -            348   1.2e-15   56.2   0.2   1   2   1.5e-06   0.00023   19.0   0.0   139   195     2    58     1    84 0.84 length=313	scaffold=gi56498373	strand=-	adjustedToFrame=2
4260_g               -            312 44402                -            348   1.2e-15   56.2   0.2   2   2   1.8e-11   2.7e-09   35.2   0.1   115   203   163   251   134   264 0.89 length=313	scaffold=gi56498373	strand=-	adjustedToFrame=2
2852_g               -            344 44402                -            348   2.9e-15   54.9   0.2   1   2   2.3e-07   3.5e-05   21.7   0.0   118   181    92   154    75   172 0.78 length=345	scaffold=gi56496443	strand=-
2852_g               -            344 44402                -            348   2.9e-15   54.9   0.2   2   2   2.5e-10   3.8e-08   31.5   0.1   120   183   177   239   150   274 0.83 length=345	scaffold=gi56496443	strand=-
3469_g               -            727 44402                -            348   1.2e-13   49.6   0.9   1   2   2.7e-06   0.00042   18.2   0.0   118   209   260   342   237   356 0.79 length=727	scaffold=gi56497655	strand=+	adjustedToFrame=2
3469_g               -            727 44402                -            348   1.2e-13   49.6   0.9   2   2   7.8e-10   1.2e-07   29.8   0.4    95   201   354   460   345   472 0.87 length=727	scaffold=gi56497655	strand=+	adjustedToFrame=2
2149_g               -            227 44402                -            348   3.3e-13   48.1   0.1   1   2   1.6e-10   2.4e-08   32.1   0.0   122   201     5    83     1    99 0.87 length=228	scaffold=gi56495363	strand=-
2149_g               -            227 44402                -            348   3.3e-13   48.1   0.1   2   2     4e-05    0.0062   14.3   0.0   120   197   146   222   129   227 0.86 length=228	scaffold=gi56495363	strand=-
13_g                 -            278 44402                -            348   7.7e-13   46.9   0.1   1   2   8.7e-10   1.3e-07   29.7   0.0   120   223     4   107     1   113 0.84 length=279	scaffold=gi56500444	strand=-
13_g                 -            278 44402                -            348   7.7e-13   46.9   0.1   2   2     2e-05     0.003   15.4   0.0   161   201   179   219   164   232 0.87 length=279	scaffold=gi56500444	strand=-
573_g                -            197 44402                -            348   3.2e-12   44.9   0.0   1   1   2.9e-14   4.5e-12   44.4   0.0   118   209     2    93     1   101 0.92 length=197	scaffold=gi56494301	strand=+
4880_g               -            198 44402                -            348   7.5e-12   43.7   0.0   1   2     2e-07   3.2e-05   21.9   0.0   130   223     2    95     1   101 0.83 length=198	scaffold=gi56489276	strand=-	adjustedToFrame=2
4880_g               -            198 44402                -            348   7.5e-12   43.7   0.0   2   2   7.4e-07   0.00011   20.0   0.0   123   181   140   197   126   198 0.91 length=198	scaffold=gi56489276	strand=-	adjustedToFrame=2
3983_g               -            510 44402                -            348   8.5e-12   43.5   3.8   1   2   2.3e-12   3.6e-10   38.2   0.3     9   128   213   332   208   342 0.81 length=511	scaffold=gi56498789	strand=-
3983_g               -            510 44402                -            348   8.5e-12   43.5   3.8   2   2     0.017       2.6    5.7   0.3   249   327   404   481   397   494 0.81 length=511	scaffold=gi56498789	strand=-
3744_g               -            296 44402                -            348   1.7e-11   42.5   0.0   1   1   1.8e-13   2.7e-11   41.8   0.0   117   201    30   114    10   125 0.86 length=297	scaffold=gi56496563	strand=+
1813_g               -            247 44402                -            348   1.1e-10   39.8   0.1   1   1     1e-12   1.6e-10   39.3   0.1   119   203    16   100     6   114 0.92 length=248	scaffold=gi56497392	strand=+
2250_g               -            311 44402                -            348   4.3e-10   37.9   0.4   1   1   4.7e-12   7.3e-10   37.1   0.4   117   194    36   112    10   124 0.84 length=311	scaffold=gi56492465	strand=+	adjustedToFrame=2
3267_g               -            485 44402                -            348   4.4e-10   37.9   0.4   1   2       2.1   3.2e+02   -1.2   1.0     7    63    63   117    56   133 0.64 length=486	scaffold=gi56501140	strand=+
3267_g               -            485 44402                -            348   4.4e-10   37.9   0.4   2   2   2.8e-12   4.4e-10   37.9   0.4   243   342   388   480   380   483 0.88 length=486	scaffold=gi56501140	strand=+
6083_g               -            192 44402                -            348     3e-09   35.1  12.0   1   3   1.1e-07   1.7e-05   22.8   0.7   256   292     4    40     1    46 0.90 length=193	scaffold=gi56488549	strand=-	adjustedToFrame=3
6083_g               -            192 44402                -            348     3e-09   35.1  12.0   2   3       1.8   2.8e+02   -1.0   1.2    16    40    52    76    43   110 0.58 length=193	scaffold=gi56488549	strand=-	adjustedToFrame=3
6083_g               -            192 44402                -            348     3e-09   35.1  12.0   3   3   8.2e-07   0.00013   19.9   0.1   300   345   114   159   100   162 0.91 length=193	scaffold=gi56488549	strand=-	adjustedToFrame=3
3309_g               -            264 44402                -            348   4.1e-09   34.7   1.0   1   2       5.5   8.4e+02   -2.5   0.1   111   140    52    80    40   106 0.52 length=265	scaffold=gi56496165	strand=-	adjustedToFrame=2
3309_g               -            264 44402                -            348   4.1e-09   34.7   1.0   2   2   3.1e-11   4.8e-09   34.5   0.1   117   200   177   260   161   264 0.89 length=265	scaffold=gi56496165	strand=-	adjustedToFrame=2
1470_g               -            310 44402                -            348   4.9e-09   34.4   0.0   1   1   8.5e-11   1.3e-08   33.0   0.0   124   202    13    91     4   102 0.91 length=310	scaffold=gi56491948	strand=+
2694_g               -            384 44402                -            348   6.3e-09   34.1   0.4   1   2   1.1e-10   1.7e-08   32.6   0.0   138   211     1    74     1    86 0.86 length=384	scaffold=gi56493666	strand=+	adjustedToFrame=2
2694_g               -            384 44402                -            348   6.3e-09   34.1   0.4   2   2       4.6     7e+02   -2.3   0.5   177   218   254   287   216   295 0.55 length=384	scaffold=gi56493666	strand=+	adjustedToFrame=2
1006_g               -            199 44402                -            348   1.7e-08   32.7   0.1   1   1   1.2e-10   1.9e-08   32.5   0.1    91   194    35   137     5   153 0.82 length=200	scaffold=gi56500783	strand=-
5349_g               -            221 44402                -            348   3.4e-08   31.6   1.1   1   2    0.0019      0.29    8.9   0.1   152   197    15    56     3    75 0.79 length=222	scaffold=gi56492401	strand=-
5349_g               -            221 44402                -            348   3.4e-08   31.6   1.1   2   2   2.2e-07   3.4e-05   21.8   0.1   119   194   140   214   121   217 0.88 length=222	scaffold=gi56492401	strand=-
2345_g               -            461 44402                -            348   1.8e-07   29.2   0.0   1   2     3e-06   0.00046   18.1   0.0   124   201     5    81     1    89 0.88 length=461	scaffold=gi56494192	strand=+	adjustedToFrame=3
2345_g               -            461 44402                -            348   1.8e-07   29.2   0.0   2   2    0.0023      0.36    8.5   0.0   107   154    87   134    81   184 0.80 length=461	scaffold=gi56494192	strand=+	adjustedToFrame=3
2156_g               -            485 44402                -            348     2e-07   29.1   1.0   1   1   1.3e-09     2e-07   29.1   1.0    91   197   166   273   127   293 0.78 length=485	scaffold=gi56491890	strand=+	adjustedToFrame=2
6617_g               -            149 44402                -            348   5.5e-07   27.7   1.4   1   1   5.1e-09   7.9e-07   27.1   1.4   117   209    12   109     5   118 0.80 length=149	scaffold=gi56493484	strand=-
2715_g               -            468 44402                -            348   5.8e-07   27.6   1.6   1   2   1.1e-05    0.0017   16.2   0.6   115   210   179   275    80   282 0.85 length=469	scaffold=gi56499750	strand=+
2715_g               -            468 44402                -            348   5.8e-07   27.6   1.6   2   2   0.00072      0.11   10.2   0.0   117   199   390   466   378   468 0.86 length=469	scaffold=gi56499750	strand=+
4981_g               -            210 44402                -            348   7.6e-07   27.2   2.7   1   1     8e-09   1.2e-06   26.5   2.7    75   209    63   187     1   200 0.85 length=210	scaffold=gi56491299	strand=-	adjustedToFrame=2
4346_g               -            104 44402                -            348   8.5e-07   27.0   0.2   1   1   5.5e-09   8.5e-07   27.0   0.2   123   190    30    97     1   103 0.81 length=104	scaffold=gi56488602	strand=-
2904_g               -            128 44402                -            348   9.2e-07   26.9   0.0   1   1   7.3e-09   1.1e-06   26.6   0.0   122   202     6    86     2   102 0.83 length=129	scaffold=gi56500979	strand=+
2188_g               -            154 44402                -            348   1.1e-06   26.7   0.0   1   1     9e-09   1.4e-06   26.4   0.0   120   208    21   109     9   113 0.92 length=155	scaffold=gi56499772	strand=-
895_g                -            314 44402                -            348   5.3e-06   24.4   0.1   1   2   2.6e-07   4.1e-05   21.5   0.0   119   191    52   127    30   148 0.83 length=315	scaffold=gi56496011	strand=+
895_g                -            314 44402                -            348   5.3e-06   24.4   0.1   2   2      0.59        90    0.7   0.0   153   203   185   233   180   253 0.70 length=315	scaffold=gi56496011	strand=+
5875_g               -            103 44402                -            348   1.5e-05   22.9   0.0   1   1     1e-07   1.6e-05   22.9   0.0   118   197    13    89     1   102 0.85 length=103	scaffold=gi56487403	strand=+	adjustedToFrame=3
1051_g               -            158 44402                -            348   1.8e-05   22.7   0.8   1   1   1.5e-07   2.3e-05   22.4   0.8   112   205    55   147    37   156 0.82 length=159	scaffold=gi56495502	strand=+
4985_g               -            279 44402                -            348   2.4e-05   22.3   0.6   1   1     2e-07   3.1e-05   21.9   0.4    99   189    91   186    31   210 0.83 length=279	scaffold=gi56490378	strand=+	adjustedToFrame=2
5394_g               -            288 44402                -            348   2.5e-05   22.2   1.0   1   2       9.9   1.5e+03   -3.4   0.3   113   137    11    35     3    55 0.55 length=288	scaffold=gi56491475	strand=-
5394_g               -            288 44402                -            348   2.5e-05   22.2   1.0   2   2   2.2e-07   3.4e-05   21.8   0.0   119   191   120   195    97   216 0.83 length=288	scaffold=gi56491475	strand=-
2070_g               -            335 44402                -            348   3.9e-05   21.6   0.0   1   2   2.1e-06   0.00032   18.6   0.0   118   197    13    89     1   102 0.85 length=336	scaffold=gi56500564	strand=+	adjustedToFrame=3
2070_g               -            335 44402                -            348   3.9e-05   21.6   0.0   2   2      0.56        86    0.7   0.0   131   199   127   188   113   199 0.72 length=336	scaffold=gi56500564	strand=+	adjustedToFrame=3
4221_g               -            304 44402                -            348   4.3e-05   21.5   0.2   1   1   6.7e-07    0.0001   20.2   0.2   263   328    77   138    65   155 0.82 length=305	scaffold=gi56497236	strand=+
3416_g               -            146 44402                -            348   0.00023   19.1   0.3   1   1   1.8e-06   0.00027   18.8   0.3   117   202    22   104     7   120 0.76 length=147	scaffold=gi56500395	strand=-
5472_g               -            146 44402                -            348   0.00023   19.1   0.3   1   1   1.8e-06   0.00027   18.8   0.3   117   202    22   104     7   120 0.76 length=147	scaffold=gi56493289	strand=-
4003_g               -            131 44402                -            348   0.00037   18.4   0.0   1   1   3.4e-06   0.00053   17.9   0.0   122   166    85   129    74   131 0.91 length=131	scaffold=gi56488245	strand=-
2424_g               -            162 44402                -            348    0.0016   16.3   0.0   1   1   1.2e-05    0.0018   16.1   0.0   124   216    58   152    17   155 0.81 length=163	scaffold=gi56498616	strand=+
1353_g               -            230 44402                -            348    0.0027   15.5   0.0   1   1   2.5e-05    0.0039   15.0   0.0   120   197    31   108    17   118 0.91 length=231	scaffold=gi56500644	strand=-
1678_g               -            120 44402                -            348     0.003   15.4   0.4   1   1   2.1e-05    0.0033   15.2   0.4   122   202     1    78     1   102 0.79 length=121	scaffold=gi56482420	strand=+	adjustedToFrame=2
3226_g               -            157 44402                -            348     0.017   12.9   0.1   1   1   0.00018     0.028   12.2   0.1   112   202    48   140    36   153 0.78 length=158	scaffold=gi56500617	strand=+
#
# Program:         hmmsearch
# Version:         3.4 (Aug 2023)
# Pipeline mode:   SEARCH
# Query file:      /home/inf-20-2025/Malaria/busco_downloads/lineages/apicomplexa_odb12/hmms/44402at5794.hmm
# Target file:     /home/inf-20-2025/Malaria/Results/6_nobird_annotation/P_berghei.faa
# Option settings: hmmsearch --domtblout Results/8_busco/P_berghei/run_apicomplexa_odb12/hmmer_output/initial_run_results/44402at5794.out --cpu 1 /home/inf-20-2025/Malaria/busco_downloads/lineages/apicomplexa_odb12/hmms/44402at5794.hmm /home/inf-20-2025/Malaria/Results/6_nobird_annotation/P_berghei.faa 
# Current dir:     /home/inf-20-2025/Malaria
# Date:            Wed Mar  4 18:30:28 2026
# [ok]
