#                                                                            --- full sequence --- -------------- this domain -------------   hmm coord   ali coord   env coord
# target name        accession   tlen query name           accession   qlen   E-value  score  bias   #  of  c-Evalue  i-Evalue  score  bias  from    to  from    to  from    to  acc description of target
#------------------- ---------- ----- -------------------- ---------- ----- --------- ------ ----- --- --- --------- --------- ------ ----- ----- ----- ----- ----- ----- ----- ---- ---------------------
1224_g               -            499 47873                -            411  8.9e-206  682.2   8.8   1   1  5.7e-208  8.9e-206  682.2   8.8     2   410    82   490    80   491 0.99 length=500	scaffold=gi56498079	strand=-
6847_g               -            552 47873                -            411  5.3e-101  337.1   1.9   1   1  4.6e-103  7.2e-101  336.6   1.9     6   362    92   454    87   499 0.92 length=553	scaffold=gi56497591	strand=+
1820_g               -            474 47873                -            411   2.4e-96  321.7   2.8   1   1     2e-98   3.1e-96  321.4   2.8     6   409    46   459    40   461 0.94 length=475	scaffold=gi56500048	strand=-
3263_g               -            700 47873                -            411   2.9e-91  305.0   0.9   1   2     7e-19   1.1e-16   59.4   0.0    13    81   274   341   265   343 0.93 length=701	scaffold=gi56496895	strand=-	adjustedToFrame=2
3263_g               -            700 47873                -            411   2.9e-91  305.0   0.9   2   2   6.1e-75   9.5e-73  244.0   0.3    78   379   382   687   376   698 0.92 length=701	scaffold=gi56496895	strand=-	adjustedToFrame=2
1474_g               -            925 47873                -            411   4.4e-90  301.1   0.0   1   2   3.6e-50   5.6e-48  162.4   0.0    15   187   503   682   500   686 0.91 length=926	scaffold=gi56499759	strand=-
1474_g               -            925 47873                -            411   4.4e-90  301.1   0.0   2   2     3e-42   4.7e-40  136.3   0.0   187   368   706   887   682   900 0.92 length=926	scaffold=gi56499759	strand=-
18_g                 -            632 47873                -            411   2.3e-86  288.8   1.1   1   2       2.1   3.3e+02   -1.5   0.7   361   402    88   133    82   138 0.68 length=633	scaffold=gi56501070	strand=+
18_g                 -            632 47873                -            411   2.3e-86  288.8   1.1   2   2     3e-88   4.7e-86  287.8   0.0    13   361   183   544   179   576 0.91 length=633	scaffold=gi56501070	strand=+
3884_g               -            522 47873                -            411   2.1e-83  279.1   0.0   1   1   1.8e-85   2.8e-83  278.7   0.0    18   357   112   460   106   480 0.91 length=523	scaffold=gi56498919	strand=-
480_g                -           1331 47873                -            411   1.8e-80  269.5   0.4   1   1     5e-82   7.9e-80  267.3   0.4    14   362   570   927   562   976 0.89 length=1332	scaffold=gi56500461	strand=+
3632_g               -            386 47873                -            411   4.3e-80  268.2   0.3   1   1   3.5e-82   5.6e-80  267.8   0.3     7   377    17   383    10   384 0.95 length=386	scaffold=gi56496185	strand=-
3574_g               -            895 47873                -            411   1.3e-79  266.7   1.8   1   2   1.2e-36   1.9e-34  117.8   0.0    14   183   310   499   300   511 0.86 length=896	scaffold=gi56498230	strand=+	adjustedToFrame=3
3574_g               -            895 47873                -            411   1.3e-79  266.7   1.8   2   2   1.1e-44   1.7e-42  144.4   0.8   187   375   527   716   513   743 0.92 length=896	scaffold=gi56498230	strand=+	adjustedToFrame=3
2913_g               -            390 47873                -            411   8.1e-79  264.0   0.3   1   1   6.8e-81   1.1e-78  263.6   0.3     6   377    10   382     4   388 0.97 length=391	scaffold=gi56498164	strand=-
6775_g               -            466 47873                -            411   4.5e-76  255.0   1.7   1   2   3.2e-17     5e-15   53.9   0.0    13    80    59   126    50   129 0.93 length=467	scaffold=gi56499416	strand=+
6775_g               -            466 47873                -            411   4.5e-76  255.0   1.7   2   2   1.4e-61   2.2e-59  200.0   0.8    81   376   152   453   143   465 0.89 length=467	scaffold=gi56499416	strand=+
5213_g               -            346 47873                -            411   1.8e-73  246.4   0.3   1   1   1.3e-75   2.1e-73  246.2   0.3    78   377    40   343    34   346 0.92 length=346	scaffold=gi56490117	strand=-
1098_g               -            539 47873                -            411   5.6e-72  241.5   2.1   1   2   4.4e-14   6.9e-12   43.6   0.0     5    86    18   100    13   112 0.87 length=539	scaffold=gi56491665	strand=+	adjustedToFrame=2
1098_g               -            539 47873                -            411   5.6e-72  241.5   2.1   2   2   1.3e-60     2e-58  196.8   0.9    80   392   127   444   120   462 0.86 length=539	scaffold=gi56491665	strand=+	adjustedToFrame=2
1613_g               -            338 47873                -            411   6.9e-71  237.9   0.4   1   1   5.2e-73   8.2e-71  237.6   0.4    57   376     2   327     1   335 0.94 length=339	scaffold=gi56494264	strand=+	adjustedToFrame=2
2826_g               -            996 47873                -            411   1.4e-68  230.3   6.4   1   1   8.7e-71   1.4e-68  230.3   6.4     6   399    25   429    20   441 0.85 length=997	scaffold=gi56496076	strand=+	adjustedToFrame=2
4261_g               -            734 47873                -            411   1.8e-60  203.6  10.8   1   1   3.3e-62   5.3e-60  202.0  10.8    11   405   103   500    97   506 0.85 length=734	scaffold=gi56494997	strand=+	adjustedToFrame=2
2925_g               -            655 47873                -            411   2.1e-57  193.5   7.6   1   1   2.3e-59   3.7e-57  192.7   7.6     4   387   165   568   162   582 0.81 length=656	scaffold=gi56501152	strand=-
6654_g               -            719 47873                -            411   6.9e-56  188.5   6.0   1   2       2.1   3.3e+02   -1.5   1.3   360   407    42    89    37    93 0.83 length=720	scaffold=gi56496812	strand=-
6654_g               -            719 47873                -            411   6.9e-56  188.5   6.0   2   2   4.4e-58   6.9e-56  188.5   6.0    20   386   257   640   245   664 0.83 length=720	scaffold=gi56496812	strand=-
1511_g               -            674 47873                -            411   3.7e-49  166.3   8.7   1   1   2.4e-51   3.7e-49  166.3   8.7    10   371   259   656   250   673 0.83 length=674	scaffold=gi56499602	strand=+
327_g                -            609 47873                -            411   1.7e-48  164.1  18.6   1   4     3e-14   4.7e-12   44.1   0.0    16    83   176   244   164   246 0.90 length=609	scaffold=gi56492525	strand=-	adjustedToFrame=2
327_g                -            609 47873                -            411   1.7e-48  164.1  18.6   2   4   2.2e-27   3.5e-25   87.4   1.8    78   221   262   418   256   474 0.80 length=609	scaffold=gi56492525	strand=-	adjustedToFrame=2
327_g                -            609 47873                -            411   1.7e-48  164.1  18.6   3   4       2.9   4.5e+02   -2.0   0.0   250   277   487   514   431   529 0.83 length=609	scaffold=gi56492525	strand=-	adjustedToFrame=2
327_g                -            609 47873                -            411   1.7e-48  164.1  18.6   4   4   3.2e-14     5e-12   44.0   0.1   267   347   527   608   520   609 0.83 length=609	scaffold=gi56492525	strand=-	adjustedToFrame=2
6155_g               -            188 47873                -            411   4.6e-40  136.3   0.0   1   1   3.4e-42   5.3e-40  136.2   0.0    30   212     4   185     1   187 0.96 length=189	scaffold=gi56486265	strand=-	adjustedToFrame=2
3961_g               -            633 47873                -            411   1.6e-37  127.9   8.9   1   3   1.6e-15   2.5e-13   48.3   0.0    14    75     3    64     1    73 0.91 length=633	scaffold=gi56494176	strand=+
3961_g               -            633 47873                -            411   1.6e-37  127.9   8.9   2   3   4.2e-17   6.6e-15   53.5   0.8    75   242   312   490   309   529 0.75 length=633	scaffold=gi56494176	strand=+
3961_g               -            633 47873                -            411   1.6e-37  127.9   8.9   3   3   3.6e-09   5.7e-07   27.4   1.1   238   314   541   633   515   633 0.75 length=633	scaffold=gi56494176	strand=+
3556_g               -            836 47873                -            411   9.8e-36  122.1  15.3   1   3   3.3e-26   5.2e-24   83.5   4.1    15   227    78   291    70   299 0.79 length=837	scaffold=gi56501259	strand=+
3556_g               -            836 47873                -            411   9.8e-36  122.1  15.3   2   3    0.0032       0.5    7.8   0.8   237   300   347   411   328   426 0.76 length=837	scaffold=gi56501259	strand=+
3556_g               -            836 47873                -            411   9.8e-36  122.1  15.3   3   3   9.2e-12   1.4e-09   35.9   0.1   313   389   562   634   560   658 0.74 length=837	scaffold=gi56501259	strand=+
5534_g               -            502 47873                -            411   1.2e-33  115.2  12.0   1   1   1.6e-35   2.5e-33  114.1  12.0    21   328   170   502   151   502 0.78 length=502	scaffold=gi56493876	strand=+
5870_g               -            185 47873                -            411   3.9e-29  100.3   0.0   1   1   3.3e-31   5.2e-29  100.0   0.0    10   139    44   185     7   185 0.87 length=185	scaffold=gi56486950	strand=+
2768_g               -            929 47873                -            411   1.2e-22   79.0   7.5   1   5   0.00064       0.1   10.1   0.0     8    52     7    51     1    57 0.87 length=930	scaffold=gi56496079	strand=-	adjustedToFrame=3
2768_g               -            929 47873                -            411   1.2e-22   79.0   7.5   2   5      0.18        28    2.0   0.0    56    81   145   170   129   175 0.83 length=930	scaffold=gi56496079	strand=-	adjustedToFrame=3
2768_g               -            929 47873                -            411   1.2e-22   79.0   7.5   3   5      0.28        44    1.4   0.0    80   109   259   288   248   303 0.73 length=930	scaffold=gi56496079	strand=-	adjustedToFrame=3
2768_g               -            929 47873                -            411   1.2e-22   79.0   7.5   4   5   0.00019      0.03   11.8   0.0   131   193   363   428   341   432 0.80 length=930	scaffold=gi56496079	strand=-	adjustedToFrame=3
2768_g               -            929 47873                -            411   1.2e-22   79.0   7.5   5   5   2.4e-15   3.7e-13   47.7   5.6   253   403   643   799   637   806 0.83 length=930	scaffold=gi56496079	strand=-	adjustedToFrame=3
1649_g               -            725 47873                -            411   4.3e-22   77.2   8.0   1   1   7.9e-24   1.2e-21   75.7   8.0   190   378    64   247    19   279 0.80 length=726	scaffold=gi56494940	strand=-	adjustedToFrame=2
5643_g               -            196 47873                -            411   2.8e-21   74.5   0.1   1   2       5.4   8.4e+02   -2.9   3.2   367   384    35    52     4    77 0.46 length=196	scaffold=gi56483613	strand=-	adjustedToFrame=2
5643_g               -            196 47873                -            411   2.8e-21   74.5   0.1   2   2   1.8e-23   2.8e-21   74.5   0.1    11   117    85   196    77   196 0.92 length=196	scaffold=gi56483613	strand=-	adjustedToFrame=2
3650_g               -            390 47873                -            411   6.1e-20   70.1   9.3   1   4     2e-11   3.2e-09   34.8   0.2     6    81     2    77     1    81 0.93 length=390	scaffold=gi56489789	strand=-	adjustedToFrame=2
3650_g               -            390 47873                -            411   6.1e-20   70.1   9.3   2   4   5.4e-07   8.5e-05   20.2   0.0    82   111   129   158   121   175 0.87 length=390	scaffold=gi56489789	strand=-	adjustedToFrame=2
3650_g               -            390 47873                -            411   6.1e-20   70.1   9.3   3   4    0.0014      0.22    9.0   0.0   108   146   185   224   172   240 0.81 length=390	scaffold=gi56489789	strand=-	adjustedToFrame=2
3650_g               -            390 47873                -            411   6.1e-20   70.1   9.3   4   4    0.0015      0.24    8.9   0.9   157   199   260   303   252   342 0.76 length=390	scaffold=gi56489789	strand=-	adjustedToFrame=2
1933_g               -            482 47873                -            411   3.1e-19   67.7   9.0   1   2   1.2e-07   1.9e-05   22.3   0.0    57   104   114   162   103   174 0.83 length=483	scaffold=gi56498845	strand=+
1933_g               -            482 47873                -            411   3.1e-19   67.7   9.0   2   2   6.8e-15   1.1e-12   46.2   6.0   189   366   234   421   185   467 0.70 length=483	scaffold=gi56498845	strand=+
3879_g               -            328 47873                -            411   4.3e-17   60.7   0.1   1   2   1.9e-14     3e-12   44.7   0.1     2    81     6    86     5    89 0.89 length=328	scaffold=gi56491966	strand=+
3879_g               -            328 47873                -            411   4.3e-17   60.7   0.1   2   2   5.9e-05    0.0094   13.5   0.0    82   104   264   286   249   295 0.80 length=328	scaffold=gi56491966	strand=+
4425_g               -            305 47873                -            411   1.3e-16   59.2   1.9   1   2       1.2   1.9e+02   -0.7   1.2   217   265    13    63     7    80 0.74 length=305	scaffold=gi56488650	strand=+
4425_g               -            305 47873                -            411   1.3e-16   59.2   1.9   2   2     8e-19   1.3e-16   59.2   1.9   254   380   106   239    84   269 0.68 length=305	scaffold=gi56488650	strand=+
1114_g               -            715 47873                -            411     4e-16   57.5   0.2   1   1   5.9e-18   9.2e-16   56.3   0.2   245   344   331   431   255   440 0.92 length=716	scaffold=gi56496350	strand=+
2916_g               -            613 47873                -            411   8.3e-15   53.2   1.1   1   5      0.22        35    1.7   0.0    11    47     6    43     1    46 0.83 length=613	scaffold=gi56494281	strand=-
2916_g               -            613 47873                -            411   8.3e-15   53.2   1.1   2   5     0.044       6.9    4.0   0.0    58    77    96   115    74   124 0.91 length=613	scaffold=gi56494281	strand=-
2916_g               -            613 47873                -            411   8.3e-15   53.2   1.1   3   5       1.5   2.3e+02   -1.0   0.0    99   135   218   256   210   258 0.76 length=613	scaffold=gi56494281	strand=-
2916_g               -            613 47873                -            411   8.3e-15   53.2   1.1   4   5   1.3e-05     0.002   15.7   0.1   133   201   288   356   284   381 0.80 length=613	scaffold=gi56494281	strand=-
2916_g               -            613 47873                -            411   8.3e-15   53.2   1.1   5   5   1.4e-08   2.1e-06   25.5   0.0   298   365   531   599   518   610 0.81 length=613	scaffold=gi56494281	strand=-
2754_g               -            475 47873                -            411   1.3e-13   49.3   0.0   1   1   1.6e-15   2.5e-13   48.3   0.0   253   379    48   163    28   191 0.82 length=476	scaffold=gi56499864	strand=+	adjustedToFrame=2
426_g                -            246 47873                -            411   1.7e-12   45.6   0.3   1   1   1.9e-14     3e-12   44.7   0.3    10   183    71   241    63   245 0.86 length=246	scaffold=gi56491306	strand=+	adjustedToFrame=3
3802_g               -            735 47873                -            411   2.6e-12   44.9   0.3   1   1   6.1e-14   9.6e-12   43.1   0.3    15   354    29   384    15   424 0.77 length=735	scaffold=gi56496868	strand=+
5757_g               -            325 47873                -            411     5e-12   44.0   0.1   1   1   5.2e-14   8.1e-12   43.3   0.1   250   384   182   317   156   325 0.87 length=325	scaffold=gi56489254	strand=-	adjustedToFrame=3
4047_g               -            247 47873                -            411   8.7e-12   43.2   0.0   1   1   9.2e-14   1.4e-11   42.5   0.0    20    77   169   226   151   231 0.83 length=247	scaffold=gi56496081	strand=-
5567_g               -            377 47873                -            411   8.3e-11   40.0   0.1   1   1   9.5e-13   1.5e-10   39.1   0.1    57   186   163   295   152   374 0.74 length=377	scaffold=gi56494195	strand=+
7003_g               -            138 47873                -            411   1.1e-07   29.7   0.0   1   1   2.4e-09   3.8e-07   27.9   0.0    93   187     1    84     1    88 0.94 length=138	scaffold=gi56485587	strand=-	adjustedToFrame=2
5041_g               -            183 47873                -            411   2.5e-06   25.2   0.0   1   1   2.4e-08   3.8e-06   24.6   0.0     7    76    54   123    48   135 0.87 length=183	scaffold=gi56484673	strand=+	adjustedToFrame=3
884_g                -           1991 47873                -            411   4.9e-06   24.3   0.3   1   1   7.1e-08   1.1e-05   23.1   0.3   251   368   717   834   694   862 0.74 length=1992	scaffold=gi56500738	strand=+
1958_g               -            350 47873                -            411     0.001   16.6   0.1   1   1   1.1e-05    0.0018   15.8   0.1   277   352   230   314   161   324 0.69 length=350	scaffold=gi56488847	strand=-	adjustedToFrame=2
5885_g               -            217 47873                -            411     0.015   12.8   0.0   1   1   0.00013      0.02   12.4   0.0    51    79   183   211   130   214 0.72 length=217	scaffold=gi56486135	strand=+	adjustedToFrame=3
#
# Program:         hmmsearch
# Version:         3.4 (Aug 2023)
# Pipeline mode:   SEARCH
# Query file:      /home/inf-20-2025/Malaria/busco_downloads/lineages/apicomplexa_odb12/hmms/47873at5794.hmm
# Target file:     /home/inf-20-2025/Malaria/Results/6_nobird_annotation/P_berghei.faa
# Option settings: hmmsearch --domtblout Results/8_busco/P_berghei/run_apicomplexa_odb12/hmmer_output/initial_run_results/47873at5794.out --cpu 1 /home/inf-20-2025/Malaria/busco_downloads/lineages/apicomplexa_odb12/hmms/47873at5794.hmm /home/inf-20-2025/Malaria/Results/6_nobird_annotation/P_berghei.faa 
# Current dir:     /home/inf-20-2025/Malaria
# Date:            Wed Mar  4 18:30:24 2026
# [ok]
