#                                                                            --- full sequence --- -------------- this domain -------------   hmm coord   ali coord   env coord
# target name        accession   tlen query name           accession   qlen   E-value  score  bias   #  of  c-Evalue  i-Evalue  score  bias  from    to  from    to  from    to  acc description of target
#------------------- ---------- ----- -------------------- ---------- ----- --------- ------ ----- --- --- --------- --------- ------ ----- ----- ----- ----- ----- ----- ----- ---- ---------------------
1393_g               -           1201 49646                -            274   1.6e-69  233.4   6.2   1   7      0.16   5.8e+02   -1.3   3.6   154   219   163   226   132   264 0.62 length=1201	scaffold=gi56497964	strand=+	adjustedToFrame=2
1393_g               -           1201 49646                -            274   1.6e-69  233.4   6.2   2   7         2   7.2e+03  -14.3  16.7   242   268   408   434   356   462 0.49 length=1201	scaffold=gi56497964	strand=+	adjustedToFrame=2
1393_g               -           1201 49646                -            274   1.6e-69  233.4   6.2   3   7       0.2   7.2e+02   -1.6   0.3   125   188   473   539   461   566 0.58 length=1201	scaffold=gi56497964	strand=+	adjustedToFrame=2
1393_g               -           1201 49646                -            274   1.6e-69  233.4   6.2   4   7      0.44   1.6e+03   -2.7   2.9   121   196   583   662   580   721 0.51 length=1201	scaffold=gi56497964	strand=+	adjustedToFrame=2
1393_g               -           1201 49646                -            274   1.6e-69  233.4   6.2   5   7   4.4e-73   1.6e-69  233.4   6.2     1   146   788   937   788   963 0.92 length=1201	scaffold=gi56497964	strand=+	adjustedToFrame=2
1393_g               -           1201 49646                -            274   1.6e-69  233.4   6.2   6   7   0.00013      0.46    8.9   0.7   110   171   971  1038   963  1074 0.64 length=1201	scaffold=gi56497964	strand=+	adjustedToFrame=2
1393_g               -           1201 49646                -            274   1.6e-69  233.4   6.2   7   7   0.00021      0.77    8.2   6.4   166   246  1096  1185  1064  1196 0.66 length=1201	scaffold=gi56497964	strand=+	adjustedToFrame=2
376_g                -            321 49646                -            274   2.6e-12   45.8   8.8   1   1   2.2e-15   8.1e-12   44.2   8.7     6   131    79   201    75   303 0.68 length=321	scaffold=gi56488187	strand=+	adjustedToFrame=2
#
# Program:         hmmsearch
# Version:         3.4 (Aug 2023)
# Pipeline mode:   SEARCH
# Query file:      /home/inf-20-2025/Malaria/busco_downloads/lineages/apicomplexa_odb12/hmms/49646at5794.hmm
# Target file:     /home/inf-20-2025/Malaria/Results/6_nobird_annotation/P_berghei.faa
# Option settings: hmmsearch --domtblout Results/8_busco/P_berghei/run_apicomplexa_odb12/hmmer_output/initial_run_results/49646at5794.out --cpu 1 /home/inf-20-2025/Malaria/busco_downloads/lineages/apicomplexa_odb12/hmms/49646at5794.hmm /home/inf-20-2025/Malaria/Results/6_nobird_annotation/P_berghei.faa 
# Current dir:     /home/inf-20-2025/Malaria
# Date:            Wed Mar  4 18:30:27 2026
# [ok]
