#                                                                            --- full sequence --- -------------- this domain -------------   hmm coord   ali coord   env coord
# target name        accession   tlen query name           accession   qlen   E-value  score  bias   #  of  c-Evalue  i-Evalue  score  bias  from    to  from    to  from    to  acc description of target
#------------------- ---------- ----- -------------------- ---------- ----- --------- ------ ----- --- --- --------- --------- ------ ----- ----- ----- ----- ----- ----- ----- ---- ---------------------
3744_g               -            296 56595                -            157   1.5e-73  244.2   0.1   1   2   6.4e-76   1.5e-73  244.2   0.1     2   154     2   161     1   164 0.94 length=297	scaffold=gi56496563	strand=+
3744_g               -            296 56595                -            157   1.5e-73  244.2   0.1   2   2       4.4     1e+03   -2.2   0.2   144   148   214   218   190   251 0.61 length=297	scaffold=gi56496563	strand=+
1120_g               -            820 56595                -            157   9.6e-32  108.4   3.6   1   4   3.4e-08     8e-06   24.1   0.0    38   106    21    89    17    96 0.92 length=821	scaffold=gi56497478	strand=-
1120_g               -            820 56595                -            157   9.6e-32  108.4   3.6   2   4   2.7e-13   6.3e-11   40.7   0.1    38   124   109   194   102   198 0.91 length=821	scaffold=gi56497478	strand=-
1120_g               -            820 56595                -            157   9.6e-32  108.4   3.6   3   4   1.2e-09   2.9e-07   28.8   0.3    38   143   198   295   194   310 0.72 length=821	scaffold=gi56497478	strand=-
1120_g               -            820 56595                -            157   9.6e-32  108.4   3.6   4   4   0.00015     0.035   12.3   0.0    38    97   412   470   406   485 0.88 length=821	scaffold=gi56497478	strand=-
1119_g               -            479 56595                -            157   4.4e-23   80.2  10.5   1   3     6e-06    0.0014   16.8   0.0    38    87    80   129    78   149 0.84 length=480	scaffold=gi56496096	strand=+
1119_g               -            479 56595                -            157   4.4e-23   80.2  10.5   2   3     7e-09   1.6e-06   26.4   0.0    35   103   175   242   163   258 0.91 length=480	scaffold=gi56496096	strand=+
1119_g               -            479 56595                -            157   4.4e-23   80.2  10.5   3   3   1.4e-13   3.3e-11   41.6   0.0    28   109   363   443   337   454 0.89 length=480	scaffold=gi56496096	strand=+
332_g                -            660 56595                -            157   6.1e-23   79.7   0.1   1   2     6e-10   1.4e-07   29.8   0.0    13   113   276   376   266   392 0.82 length=660	scaffold=gi56499508	strand=-
332_g                -            660 56595                -            157   6.1e-23   79.7   0.1   2   2   4.2e-15   9.7e-13   46.6   0.0    38   117   400   482   398   524 0.89 length=660	scaffold=gi56499508	strand=-
4260_g               -            312 56595                -            157   5.1e-17   60.5   0.0   1   2   6.1e-05     0.014   13.6   0.0    55   104     5    54     1    75 0.89 length=313	scaffold=gi56498373	strand=-	adjustedToFrame=2
4260_g               -            312 56595                -            157   5.1e-17   60.5   0.0   2   2   1.4e-14   3.2e-12   44.9   0.0    39   111   174   246   159   282 0.82 length=313	scaffold=gi56498373	strand=-	adjustedToFrame=2
2526_g               -           1648 56595                -            157   6.5e-17   60.2  11.5   1   3       0.7   1.6e+02    0.4   1.2    97   145   359   405   350   417 0.79 length=1649	scaffold=gi56499440	strand=+	adjustedToFrame=3
2526_g               -           1648 56595                -            157   6.5e-17   60.2  11.5   2   3     4e-08   9.2e-06   23.9   0.0    32   109  1241  1318  1214  1328 0.84 length=1649	scaffold=gi56499440	strand=+	adjustedToFrame=3
2526_g               -           1648 56595                -            157   6.5e-17   60.2  11.5   3   3   3.1e-13   7.3e-11   40.5   0.1    37   129  1333  1422  1325  1452 0.86 length=1649	scaffold=gi56499440	strand=+	adjustedToFrame=3
4847_g               -            193 56595                -            157   4.2e-15   54.3   1.3   1   2   3.1e-17   7.2e-15   53.5   0.1    96   154     1    66     1    69 0.87 length=193	scaffold=gi56489251	strand=+	adjustedToFrame=2
4847_g               -            193 56595                -            157   4.2e-15   54.3   1.3   2   2       1.8   4.2e+02   -0.9   0.2   148   148   123   123    91   164 0.63 length=193	scaffold=gi56489251	strand=+	adjustedToFrame=2
573_g                -            197 56595                -            157   1.4e-11   42.8   0.0   1   1     9e-14   2.1e-11   42.3   0.0    33   115     4    86     1   122 0.83 length=197	scaffold=gi56494301	strand=+
4393_g               -            658 56595                -            157   2.1e-09   35.8   0.9   1   2       8.4     2e+03   -3.1   0.0    78   122   364   407   360   412 0.78 length=658	scaffold=gi56495522	strand=+	adjustedToFrame=2
4393_g               -            658 56595                -            157   2.1e-09   35.8   0.9   2   2   2.9e-11   6.7e-09   34.1   0.0    38   110   443   515   438   530 0.92 length=658	scaffold=gi56495522	strand=+	adjustedToFrame=2
13_g                 -            278 56595                -            157   5.8e-09   34.3   0.0   1   2   1.6e-07   3.8e-05   21.9   0.0    34    95     5    65     2   110 0.85 length=279	scaffold=gi56500444	strand=-
13_g                 -            278 56595                -            157   5.8e-09   34.3   0.0   2   2   0.00061      0.14   10.3   0.0    74   110   179   215   154   229 0.89 length=279	scaffold=gi56500444	strand=-
1813_g               -            247 56595                -            157     2e-08   32.6   0.0   1   1   1.5e-10   3.4e-08   31.8   0.0    26   131    10   110     2   124 0.86 length=248	scaffold=gi56497392	strand=+
4880_g               -            198 56595                -            157   1.9e-07   29.4   0.0   1   2   0.00091      0.21    9.8   0.0    45    96     4    54     1   100 0.82 length=198	scaffold=gi56489276	strand=-	adjustedToFrame=2
4880_g               -            198 56595                -            157   1.9e-07   29.4   0.0   2   2   3.1e-06   0.00071   17.8   0.0    38    94   142   197   139   198 0.91 length=198	scaffold=gi56489276	strand=-	adjustedToFrame=2
5875_g               -            103 56595                -            157   4.6e-07   28.2   0.0   1   1   2.4e-09   5.5e-07   27.9   0.0    34   111    15    90    10   101 0.89 length=103	scaffold=gi56487403	strand=+	adjustedToFrame=3
1353_g               -            230 56595                -            157   6.2e-07   27.7   0.2   1   1   5.4e-09   1.3e-06   26.7   0.2    22   110    20   108     4   133 0.88 length=231	scaffold=gi56500644	strand=-
2904_g               -            128 56595                -            157   8.3e-07   27.3   0.0   1   1   4.1e-09   9.5e-07   27.1   0.0    38   124     9    92     6   125 0.85 length=129	scaffold=gi56500979	strand=+
2070_g               -            335 56595                -            157   9.5e-07   27.1   0.0   1   1   7.5e-09   1.8e-06   26.3   0.0    36   132    18   111    11   122 0.82 length=336	scaffold=gi56500564	strand=+	adjustedToFrame=3
2156_g               -            485 56595                -            157   1.4e-06   26.6   0.0   1   4       6.9   1.6e+03   -2.9   1.1   110   131    67    88    51   116 0.52 length=485	scaffold=gi56491890	strand=+	adjustedToFrame=2
2156_g               -            485 56595                -            157   1.4e-06   26.6   0.0   2   4   5.8e-09   1.4e-06   26.6   0.0    39   116   202   279   199   289 0.91 length=485	scaffold=gi56491890	strand=+	adjustedToFrame=2
2156_g               -            485 56595                -            157   1.4e-06   26.6   0.0   3   4         1   2.4e+02   -0.2   0.1   110   155   297   342   288   344 0.82 length=485	scaffold=gi56491890	strand=+	adjustedToFrame=2
2156_g               -            485 56595                -            157   1.4e-06   26.6   0.0   4   4      0.41        95    1.1   0.8   122   154   437   469   427   473 0.80 length=485	scaffold=gi56491890	strand=+	adjustedToFrame=2
2852_g               -            344 56595                -            157   2.4e-06   25.8   0.2   1   3      0.62   1.5e+02    0.5   0.0     8    36    58    86    51    92 0.88 length=345	scaffold=gi56496443	strand=-
2852_g               -            344 56595                -            157   2.4e-06   25.8   0.2   2   3   0.00089      0.21    9.8   0.0    56    87   117   147   103   180 0.85 length=345	scaffold=gi56496443	strand=-
2852_g               -            344 56595                -            157   2.4e-06   25.8   0.2   3   3   0.00036     0.084   11.1   0.0    38    85   182   228   158   238 0.84 length=345	scaffold=gi56496443	strand=-
3309_g               -            264 56595                -            157   7.4e-06   24.2   0.0   1   1   6.7e-08   1.6e-05   23.2   0.0    23   109   171   256   152   261 0.84 length=265	scaffold=gi56496165	strand=-	adjustedToFrame=2
3226_g               -            157 56595                -            157   7.8e-06   24.2   0.0   1   1   4.2e-08   9.7e-06   23.9   0.0    33   107    56   132    29   150 0.79 length=158	scaffold=gi56500617	strand=+
4030_g               -           1238 56595                -            157   1.8e-05   23.0   0.0   1   1   3.5e-07   8.2e-05   20.8   0.0    36    90   213   267   187   292 0.89 length=1239	scaffold=gi56499656	strand=-
2250_g               -            311 56595                -            157   5.4e-05   21.4   0.0   1   1   4.5e-07    0.0001   20.5   0.0    38   110    44   115     9   128 0.92 length=311	scaffold=gi56492465	strand=+	adjustedToFrame=2
1006_g               -            199 56595                -            157     9e-05   20.7   0.0   1   1   5.3e-07   0.00012   20.3   0.0    35    94    65   124    28   139 0.79 length=200	scaffold=gi56500783	strand=-
2149_g               -            227 56595                -            157   0.00024   19.3   0.0   1   2   8.6e-06     0.002   16.3   0.0    35   109     5    78     3    93 0.93 length=228	scaffold=gi56495363	strand=-
2149_g               -            227 56595                -            157   0.00024   19.3   0.0   2   2      0.47   1.1e+02    1.0   0.0    26    98   139   210   118   226 0.62 length=228	scaffold=gi56495363	strand=-
6009_g               -            127 56595                -            157   0.00025   19.3   0.0   1   1   1.4e-06   0.00034   18.9   0.0    32    90    57   118    31   124 0.74 length=127	scaffold=gi56484273	strand=+
895_g                -            314 56595                -            157   0.00031   19.0   0.1   1   2   2.4e-05    0.0055   14.9   0.0    38    84    58   104    31   125 0.93 length=315	scaffold=gi56496011	strand=+
895_g                -            314 56595                -            157   0.00031   19.0   0.1   2   2      0.34        79    1.4   0.0    66   110   185   227   180   246 0.71 length=315	scaffold=gi56496011	strand=+
2188_g               -            154 56595                -            157   0.00033   18.9   0.0   1   1   1.6e-06   0.00039   18.7   0.0    38   109    26    97    10   140 0.90 length=155	scaffold=gi56499772	strand=-
5394_g               -            288 56595                -            157   0.00048   18.4   0.0   1   2     2e-05    0.0047   15.1   0.0    38    84   126   172    98   193 0.93 length=288	scaffold=gi56491475	strand=-
5394_g               -            288 56595                -            157   0.00048   18.4   0.0   2   2       1.2   2.8e+02   -0.4   0.0    66    90   253   276   249   280 0.79 length=288	scaffold=gi56491475	strand=-
5349_g               -            221 56595                -            157    0.0033   15.7   0.6   1   2       0.4        93    1.2   0.1    31    55    31    55     8    61 0.69 length=222	scaffold=gi56492401	strand=-
5349_g               -            221 56595                -            157    0.0033   15.7   0.6   2   2   0.00012     0.027   12.6   0.1    38   109   146   216   125   218 0.89 length=222	scaffold=gi56492401	strand=-
1350_g               -            447 56595                -            157    0.0038   15.4   0.2   1   1   4.1e-05    0.0095   14.1   0.0    38   109   374   444   370   445 0.95 length=448	scaffold=gi56500644	strand=+
2215_g               -            189 56595                -            157    0.0049   15.1   0.0   1   1   4.4e-05      0.01   14.0   0.0    39   113    13    88    11   100 0.80 length=189	scaffold=gi56494250	strand=+
#
# Program:         hmmsearch
# Version:         3.4 (Aug 2023)
# Pipeline mode:   SEARCH
# Query file:      /home/inf-20-2025/Malaria/busco_downloads/lineages/apicomplexa_odb12/hmms/56595at5794.hmm
# Target file:     /home/inf-20-2025/Malaria/Results/6_nobird_annotation/P_berghei.faa
# Option settings: hmmsearch --domtblout Results/8_busco/P_berghei/run_apicomplexa_odb12/hmmer_output/initial_run_results/56595at5794.out --cpu 1 /home/inf-20-2025/Malaria/busco_downloads/lineages/apicomplexa_odb12/hmms/56595at5794.hmm /home/inf-20-2025/Malaria/Results/6_nobird_annotation/P_berghei.faa 
# Current dir:     /home/inf-20-2025/Malaria
# Date:            Wed Mar  4 18:30:26 2026
# [ok]
