#                                                                            --- full sequence --- -------------- this domain -------------   hmm coord   ali coord   env coord
# target name        accession   tlen query name           accession   qlen   E-value  score  bias   #  of  c-Evalue  i-Evalue  score  bias  from    to  from    to  from    to  acc description of target
#------------------- ---------- ----- -------------------- ---------- ----- --------- ------ ----- --- --- --------- --------- ------ ----- ----- ----- ----- ----- ----- ----- ---- ---------------------
2788_g               -            859 64460                -            542  2.2e-169  563.6  93.0   1   5   8.7e-08   2.4e-05   22.2   0.2    12    51    44    83    37   109 0.82 length=860	scaffold=gi56500632	strand=+
2788_g               -            859 64460                -            542  2.2e-169  563.6  93.0   2   5   6.2e-21   1.7e-18   65.5  13.2    40   132   112   205    99   208 0.82 length=860	scaffold=gi56500632	strand=+
2788_g               -            859 64460                -            542  2.2e-169  563.6  93.0   3   5   3.1e-99   8.7e-97  324.0  27.2   124   410   237   541   223   551 0.84 length=860	scaffold=gi56500632	strand=+
2788_g               -            859 64460                -            542  2.2e-169  563.6  93.0   4   5   1.6e-31   4.6e-29  100.5  19.1   329   482   598   755   553   773 0.79 length=860	scaffold=gi56500632	strand=+
2788_g               -            859 64460                -            542  2.2e-169  563.6  93.0   5   5   2.3e-23   6.4e-21   73.6   4.0   461   541   778   856   765   857 0.88 length=860	scaffold=gi56500632	strand=+
976_g                -            444 64460                -            542   5.9e-20   70.4   1.6   1   2       4.1   1.1e+03   -3.2   1.1    65    72   248   255   218   268 0.43 length=445	scaffold=gi56500364	strand=+
976_g                -            444 64460                -            542   5.9e-20   70.4   1.6   2   2   2.1e-22   5.9e-20   70.4   1.6    39   154   303   413   295   417 0.88 length=445	scaffold=gi56500364	strand=+
6667_g               -            217 64460                -            542   5.5e-19   67.2   1.9   1   2     2e-21   5.5e-19   67.2   1.9    87   157    15    83    11    88 0.95 length=218	scaffold=gi56500333	strand=-
6667_g               -            217 64460                -            542   5.5e-19   67.2   1.9   2   2       2.7   7.5e+02   -2.6   0.6   354   392   108   146    93   178 0.50 length=218	scaffold=gi56500333	strand=-
3385_g               -            346 64460                -            542   9.7e-17   59.8   4.7   1   1   5.8e-19   1.6e-16   59.0   4.7    86   154    44   108    38   138 0.94 length=347	scaffold=gi56498343	strand=+
3369_g               -            618 64460                -            542   1.2e-16   59.4   3.7   1   1   8.7e-19   2.4e-16   58.5   3.7    34   155   243   363   240   365 0.92 length=619	scaffold=gi56498273	strand=+	adjustedToFrame=2
5512_g               -            331 64460                -            542   1.4e-16   59.3   0.1   1   1   6.2e-19   1.7e-16   58.9   0.1    90   155     2    67     1   109 0.84 length=332	scaffold=gi56494464	strand=+
5016_g               -            236 64460                -            542   9.9e-15   53.1  11.9   1   1   3.6e-17   9.9e-15   53.1  11.9    38   170    51   178    40   207 0.84 length=236	scaffold=gi56489078	strand=+
1301_g               -            355 64460                -            542   6.5e-14   50.4   3.0   1   2   2.3e-16   6.5e-14   50.4   3.0    85   154    51   116    46   118 0.94 length=356	scaffold=gi56497716	strand=-
1301_g               -            355 64460                -            542   6.5e-14   50.4   3.0   2   2       5.6   1.6e+03   -3.6   0.1   351   379   293   321   279   347 0.55 length=356	scaffold=gi56497716	strand=-
899_g                -            413 64460                -            542   2.8e-13   48.3   1.6   1   1     1e-15   2.8e-13   48.3   1.6    86   154    13    74     4    76 0.91 length=414	scaffold=gi56500590	strand=+
4755_g               -            138 64460                -            542   4.5e-12   44.4   1.5   1   1   2.2e-14   6.3e-12   43.9   1.5    86   154     5    69     4    70 0.94 length=138	scaffold=gi56487469	strand=-
530_g                -            606 64460                -            542   2.7e-11   41.8   3.5   1   2   9.7e-14   2.7e-11   41.8   3.5    89   155    93   156    86   158 0.94 length=606	scaffold=gi56493588	strand=-
530_g                -            606 64460                -            542   2.7e-11   41.8   3.5   2   2       3.5   9.7e+02   -2.9   1.3    51   107   348   404   329   419 0.66 length=606	scaffold=gi56493588	strand=-
647_g                -            322 64460                -            542   3.3e-11   41.5   1.5   1   2   1.2e-13   3.3e-11   41.5   1.5    86   154     5    69     4    70 0.94 length=322	scaffold=gi56495105	strand=+
647_g                -            322 64460                -            542   3.3e-11   41.5   1.5   2   2       4.9   1.4e+03   -3.4   8.6   323   417   222   314   201   317 0.67 length=322	scaffold=gi56495105	strand=+
4229_g               -            359 64460                -            542   3.3e-11   41.5   6.8   1   2   1.2e-13   3.3e-11   41.5   6.8    54   154   165   261   143   283 0.85 length=359	scaffold=gi56493825	strand=+
4229_g               -            359 64460                -            542   3.3e-11   41.5   6.8   2   2       3.6   9.9e+02   -3.0   0.1   441   462   334   356   319   358 0.70 length=359	scaffold=gi56493825	strand=+
5453_g               -            429 64460                -            542   4.3e-11   41.1   0.7   1   1   2.8e-13   7.7e-11   40.3   0.7    85   154    33    96     2    98 0.84 length=429	scaffold=gi56492448	strand=-
1486_g               -            583 64460                -            542   5.8e-11   40.7   1.8   1   2   2.1e-13   5.8e-11   40.7   1.8    88   154    97   160    47   162 0.80 length=584	scaffold=gi56496630	strand=+
1486_g               -            583 64460                -            542   5.8e-11   40.7   1.8   2   2       1.9   5.4e+02   -2.1   4.3    56    80   539   563   515   580 0.41 length=584	scaffold=gi56496630	strand=+
1911_g               -            302 64460                -            542   1.5e-10   39.3   5.9   1   3     4e-10   1.1e-07   29.9   1.2    86   124     5    43     3    55 0.86 length=303	scaffold=gi56493325	strand=-
1911_g               -            302 64460                -            542   1.5e-10   39.3   5.9   2   3   6.3e-07   0.00017   19.3   0.3   128   154    73    99    61   119 0.90 length=303	scaffold=gi56493325	strand=-
1911_g               -            302 64460                -            542   1.5e-10   39.3   5.9   3   3       1.2   3.3e+02   -1.4   3.1   356   396   170   209   117   238 0.49 length=303	scaffold=gi56493325	strand=-
2926_g               -            327 64460                -            542   6.8e-09   33.9   4.5   1   3       1.7   4.7e+02   -1.9   1.6   376   409    12    45     2    53 0.42 length=328	scaffold=gi56501152	strand=+
2926_g               -            327 64460                -            542   6.8e-09   33.9   4.5   2   3   2.4e-11   6.8e-09   33.9   4.5    53   155    71   169    49   172 0.80 length=328	scaffold=gi56501152	strand=+
2926_g               -            327 64460                -            542   6.8e-09   33.9   4.5   3   3       2.1   5.9e+02   -2.2  17.3   317   415   159   256   156   265 0.62 length=328	scaffold=gi56501152	strand=+
6706_g               -            608 64460                -            542   9.4e-09   33.4   0.1   1   2   3.4e-11   9.4e-09   33.4   0.1    87   156    69   134    41   162 0.89 length=609	scaffold=gi56501368	strand=-
6706_g               -            608 64460                -            542   9.4e-09   33.4   0.1   2   2       8.2   2.3e+03   -4.2   7.5   332   406   512   586   497   605 0.37 length=609	scaffold=gi56501368	strand=-
3174_g               -            308 64460                -            542   5.2e-08   30.9   0.0   1   1   2.4e-10   6.6e-08   30.6   0.0   112   155     1    44     1    86 0.79 length=309	scaffold=gi56500702	strand=+
3920_g               -            103 64460                -            542   1.4e-06   26.2   8.3   1   1   6.7e-09   1.9e-06   25.8   8.1    97   177     2    79     1    97 0.81 length=103	scaffold=gi56492386	strand=-	adjustedToFrame=2
128_g                -            150 64460                -            542   3.6e-06   24.9   5.9   1   1   2.8e-08   7.8e-06   23.8   5.6    86   123     5    42     2    92 0.74 length=151	scaffold=gi56498555	strand=+
4326_g               -            209 64460                -            542   0.00073   17.3   0.1   1   1   3.3e-06   0.00093   16.9   0.1   125   154     4    33     1    57 0.87 length=210	scaffold=gi56496507	strand=+	adjustedToFrame=2
77_g                 -            174 64460                -            542   0.00098   16.8   4.2   1   1   4.7e-06    0.0013   16.4   4.2    76   170    40   125    20   138 0.80 length=174	scaffold=gi56491989	strand=-	adjustedToFrame=2
3461_g               -            104 64460                -            542     0.001   16.8   0.0   1   1   3.8e-06     0.001   16.8   0.0    86   120    61    95    19   103 0.89 length=105	scaffold=gi56499032	strand=+
4456_g               -            337 64460                -            542    0.0012   16.5   7.6   1   2   4.4e-06    0.0012   16.5   7.6    56   155    30   127     4   142 0.70 length=337	scaffold=gi56495922	strand=-
4456_g               -            337 64460                -            542    0.0012   16.5   7.6   2   2      0.79   2.2e+02   -0.8   0.0   282   292   252   262   215   302 0.61 length=337	scaffold=gi56495922	strand=-
2565_g               -            595 64460                -            542      0.11   10.1  41.7   1   3   9.8e-06    0.0027   15.4  26.7   427   541   149   258     3   260 0.61 length=596	scaffold=gi56498561	strand=+	adjustedToFrame=2
2565_g               -            595 64460                -            542      0.11   10.1  41.7   2   3      0.13        36    1.8   3.6   287   363   256   332   253   352 0.72 length=596	scaffold=gi56498561	strand=+	adjustedToFrame=2
2565_g               -            595 64460                -            542      0.11   10.1  41.7   3   3       7.1     2e+03   -4.0   0.5   334   357   449   472   427   498 0.48 length=596	scaffold=gi56498561	strand=+	adjustedToFrame=2
#
# Program:         hmmsearch
# Version:         3.4 (Aug 2023)
# Pipeline mode:   SEARCH
# Query file:      /home/inf-20-2025/Malaria/busco_downloads/lineages/apicomplexa_odb12/hmms/64460at5794.hmm
# Target file:     /home/inf-20-2025/Malaria/Results/6_nobird_annotation/P_berghei.faa
# Option settings: hmmsearch --domtblout Results/8_busco/P_berghei/run_apicomplexa_odb12/hmmer_output/initial_run_results/64460at5794.out --cpu 1 /home/inf-20-2025/Malaria/busco_downloads/lineages/apicomplexa_odb12/hmms/64460at5794.hmm /home/inf-20-2025/Malaria/Results/6_nobird_annotation/P_berghei.faa 
# Current dir:     /home/inf-20-2025/Malaria
# Date:            Wed Mar  4 18:30:27 2026
# [ok]
