#                                                                            --- full sequence --- -------------- this domain -------------   hmm coord   ali coord   env coord
# target name        accession   tlen query name           accession   qlen   E-value  score  bias   #  of  c-Evalue  i-Evalue  score  bias  from    to  from    to  from    to  acc description of target
#------------------- ---------- ----- -------------------- ---------- ----- --------- ------ ----- --- --- --------- --------- ------ ----- ----- ----- ----- ----- ----- ----- ---- ---------------------
3632_g               -            386 68760                -            392  2.2e-228  756.4   4.0   1   1  1.5e-230  2.6e-228  756.2   4.0     2   388     4   386     3   386 0.98 length=386	scaffold=gi56496185	strand=-
2913_g               -            390 68760                -            392  5.4e-173  574.0   2.0   1   1  3.5e-175    6e-173  573.9   2.0     8   391     4   388     1   389 0.98 length=391	scaffold=gi56498164	strand=-
6155_g               -            188 68760                -            392  1.6e-117  391.4   0.6   1   1    1e-119  1.8e-117  391.2   0.6    37   221     3   187     1   188 0.99 length=189	scaffold=gi56486265	strand=-	adjustedToFrame=2
1613_g               -            338 68760                -            392   1.2e-93  312.8   0.3   1   1   7.9e-96   1.4e-93  312.6   0.3    65   389     2   332     1   335 0.97 length=339	scaffold=gi56494264	strand=+	adjustedToFrame=2
6775_g               -            466 68760                -            392   1.6e-83  279.5   5.5   1   2   4.5e-15   7.8e-13   46.7   0.0    11    86    48   124    38   129 0.86 length=467	scaffold=gi56499416	strand=+
6775_g               -            466 68760                -            392   1.6e-83  279.5   5.5   2   2   1.4e-71   2.4e-69  232.8   3.5    89   389   152   458   142   461 0.94 length=467	scaffold=gi56499416	strand=+
1511_g               -            674 68760                -            392   1.1e-82  276.7   9.2   1   1   1.2e-82     2e-80  269.3   9.2    15   386   256   663   243   668 0.87 length=674	scaffold=gi56499602	strand=+
1224_g               -            499 68760                -            392   2.5e-73  245.9   2.3   1   1   2.1e-75   3.6e-73  245.4   2.3     7   385    80   457    73   462 0.95 length=500	scaffold=gi56498079	strand=-
3884_g               -            522 68760                -            392     1e-70  237.3   0.0   1   1   7.5e-73   1.3e-70  237.0   0.0    20   377   106   472    90   487 0.90 length=523	scaffold=gi56498919	strand=-
1474_g               -            925 68760                -            392   3.9e-70  235.4   0.0   1   1   7.4e-70   1.3e-67  227.1   0.0    21   390   501   901   497   903 0.86 length=926	scaffold=gi56499759	strand=-
18_g                 -            632 68760                -            392   1.2e-67  227.1   0.0   1   1   1.2e-69   2.1e-67  226.4   0.0    20   370   182   545   172   556 0.91 length=633	scaffold=gi56501070	strand=+
3263_g               -            700 68760                -            392   5.8e-67  224.9   2.1   1   2   4.4e-08   7.6e-06   23.7   0.0    16    84   269   336   250   344 0.80 length=701	scaffold=gi56496895	strand=-	adjustedToFrame=2
3263_g               -            700 68760                -            392   5.8e-67  224.9   2.1   2   2   1.3e-61   2.2e-59  200.0   1.3    84   364   380   663   374   696 0.87 length=701	scaffold=gi56496895	strand=-	adjustedToFrame=2
1098_g               -            539 68760                -            392   2.5e-66  222.9   3.9   1   2     1e-07   1.8e-05   22.5   0.1     6   101    11   107     6   114 0.84 length=539	scaffold=gi56491665	strand=+	adjustedToFrame=2
1098_g               -            539 68760                -            392   2.5e-66  222.9   3.9   2   2   4.7e-62   8.1e-60  201.4   0.6    91   379   130   423   120   436 0.90 length=539	scaffold=gi56491665	strand=+	adjustedToFrame=2
3574_g               -            895 68760                -            392   3.2e-66  222.5   2.1   1   2   3.9e-27   6.7e-25   86.5   0.0    20   189   306   498   292   503 0.81 length=896	scaffold=gi56498230	strand=+	adjustedToFrame=3
3574_g               -            895 68760                -            392   3.2e-66  222.5   2.1   2   2   7.2e-41   1.2e-38  131.7   0.6   195   383   528   716   512   723 0.93 length=896	scaffold=gi56498230	strand=+	adjustedToFrame=3
1820_g               -            474 68760                -            392   9.4e-66  221.0   1.0   1   1   7.3e-68   1.3e-65  220.5   1.0    15   375    47   418    28   432 0.89 length=475	scaffold=gi56500048	strand=-
480_g                -           1331 68760                -            392   1.1e-65  220.7   2.0   1   1   6.7e-68   1.1e-65  220.7   2.0    20   383   568   940   551   954 0.89 length=1332	scaffold=gi56500461	strand=+
5213_g               -            346 68760                -            392     3e-60  202.8   0.6   1   1   2.3e-62     4e-60  202.4   0.6    84   363    38   320    32   331 0.91 length=346	scaffold=gi56490117	strand=-
6847_g               -            552 68760                -            392   1.2e-58  197.6   1.0   1   1   9.3e-61   1.6e-58  197.1   1.0     8   385    88   468    81   474 0.91 length=553	scaffold=gi56497591	strand=+
2826_g               -            996 68760                -            392     2e-46  157.3   4.8   1   1   3.1e-48   5.4e-46  155.9   4.8    14   374    25   397    14   412 0.90 length=997	scaffold=gi56496076	strand=+	adjustedToFrame=2
6654_g               -            719 68760                -            392   2.6e-46  157.0   6.8   1   1   2.7e-48   4.6e-46  156.1   6.8    18   389   245   635   228   638 0.85 length=720	scaffold=gi56496812	strand=-
4261_g               -            734 68760                -            392   3.9e-38  130.0   6.9   1   1   9.3e-40   1.6e-37  128.0   6.9    20   367   104   454    80   478 0.83 length=734	scaffold=gi56494997	strand=+	adjustedToFrame=2
2925_g               -            655 68760                -            392     4e-38  130.0   9.9   1   1   3.5e-40     6e-38  129.4   9.9     9   375   165   548   156   558 0.74 length=656	scaffold=gi56501152	strand=-
3556_g               -            836 68760                -            392   5.4e-33  113.1   4.7   1   2   4.3e-20   7.4e-18   63.3   1.9     6   232    61   289    53   301 0.78 length=837	scaffold=gi56501259	strand=+
3556_g               -            836 68760                -            392   5.4e-33  113.1   4.7   2   2   6.1e-15   1.1e-12   46.3   0.1   318   377   560   622   556   636 0.83 length=837	scaffold=gi56501259	strand=+
327_g                -            609 68760                -            392     2e-29  101.4   4.7   1   2   1.1e-19   1.9e-17   61.9   2.4    22   227   174   415   152   474 0.74 length=609	scaffold=gi56492525	strand=-	adjustedToFrame=2
327_g                -            609 68760                -            392     2e-29  101.4   4.7   2   2   4.5e-11   7.7e-09   33.6   0.0   281   352   533   605   523   608 0.88 length=609	scaffold=gi56492525	strand=-	adjustedToFrame=2
3961_g               -            633 68760                -            392   1.3e-27   95.4   5.9   1   4   1.6e-09   2.8e-07   28.4   0.0    21    84     2    65     1    73 0.95 length=633	scaffold=gi56494176	strand=+
3961_g               -            633 68760                -            392   1.3e-27   95.4   5.9   2   4       1.3   2.3e+02   -0.9   0.1   217   265    80   130    69   147 0.75 length=633	scaffold=gi56494176	strand=+
3961_g               -            633 68760                -            392   1.3e-27   95.4   5.9   3   4   3.8e-16   6.6e-14   50.2   0.1    81   226   310   466   288   506 0.81 length=633	scaffold=gi56494176	strand=+
3961_g               -            633 68760                -            392   1.3e-27   95.4   5.9   4   4   9.6e-06    0.0017   16.0   0.3   276   321   588   633   513   633 0.70 length=633	scaffold=gi56494176	strand=+
5534_g               -            502 68760                -            392   7.1e-23   79.8   9.8   1   1   9.5e-25   1.6e-22   78.6   9.8    31   335   171   502   140   502 0.77 length=502	scaffold=gi56493876	strand=+
1649_g               -            725 68760                -            392   8.7e-22   76.2   6.5   1   1   1.2e-23     2e-21   75.0   6.5   154   372    20   233    15   244 0.75 length=726	scaffold=gi56494940	strand=-	adjustedToFrame=2
1933_g               -            482 68760                -            392     4e-18   64.1   5.6   1   2   0.00023     0.039   11.5   0.0    66   110   115   160    96   172 0.82 length=483	scaffold=gi56498845	strand=+
1933_g               -            482 68760                -            392     4e-18   64.1   5.6   2   2   5.9e-17     1e-14   52.9   3.0   237   374   273   421   268   439 0.81 length=483	scaffold=gi56498845	strand=+
5757_g               -            325 68760                -            392   4.7e-17   60.6   0.4   1   1   3.9e-19   6.7e-17   60.1   0.4   245   375   168   300   155   316 0.88 length=325	scaffold=gi56489254	strand=-	adjustedToFrame=3
2916_g               -            613 68760                -            392   6.9e-17   60.1   3.4   1   3   2.2e-06   0.00039   18.1   0.0   140   205   287   353   260   373 0.85 length=613	scaffold=gi56494281	strand=-
2916_g               -            613 68760                -            392   6.9e-17   60.1   3.4   2   3       5.2     9e+02   -2.9   0.1   224   268   404   449   378   466 0.64 length=613	scaffold=gi56494281	strand=-
2916_g               -            613 68760                -            392   6.9e-17   60.1   3.4   3   3   1.6e-13   2.8e-11   41.6   0.2   305   379   531   606   501   612 0.85 length=613	scaffold=gi56494281	strand=-
2768_g               -            929 68760                -            392   2.6e-16   58.2   1.5   1   4       9.6   1.7e+03   -3.7   0.7   226   287     6    67     5    88 0.71 length=930	scaffold=gi56496079	strand=-	adjustedToFrame=3
2768_g               -            929 68760                -            392   2.6e-16   58.2   1.5   2   4      0.16        27    2.1   0.2   233   298   235   299   215   313 0.80 length=930	scaffold=gi56496079	strand=-	adjustedToFrame=3
2768_g               -            929 68760                -            392   2.6e-16   58.2   1.5   3   4     0.099        17    2.8   0.0   138   194   362   422   350   434 0.67 length=930	scaffold=gi56496079	strand=-	adjustedToFrame=3
2768_g               -            929 68760                -            392   2.6e-16   58.2   1.5   4   4   1.5e-18   2.6e-16   58.2   1.5   259   349   642   731   632   783 0.88 length=930	scaffold=gi56496079	strand=-	adjustedToFrame=3
1114_g               -            715 68760                -            392   4.1e-15   54.2   0.5   1   1   5.5e-17   9.4e-15   53.0   0.5   243   353   321   432   278   469 0.87 length=716	scaffold=gi56496350	strand=+
5870_g               -            185 68760                -            392   4.7e-15   54.0   0.0   1   1   3.7e-17   6.4e-15   53.6   0.0     7   147    33   185    23   185 0.80 length=185	scaffold=gi56486950	strand=+
4425_g               -            305 68760                -            392   1.2e-14   52.6   1.4   1   1     1e-16   1.7e-14   52.2   1.4   250   372    94   218    74   241 0.75 length=305	scaffold=gi56488650	strand=+
3650_g               -            390 68760                -            392     4e-13   47.7   5.4   1   4   4.5e-07   7.8e-05   20.4   0.2    19    83     7    71     1    81 0.87 length=390	scaffold=gi56489789	strand=-	adjustedToFrame=2
3650_g               -            390 68760                -            392     4e-13   47.7   5.4   2   4     0.085        15    3.0   0.0    93   116   132   155   125   163 0.84 length=390	scaffold=gi56489789	strand=-	adjustedToFrame=2
3650_g               -            390 68760                -            392     4e-13   47.7   5.4   3   4    0.0036      0.61    7.6   0.0   116   164   185   237   178   248 0.75 length=390	scaffold=gi56489789	strand=-	adjustedToFrame=2
3650_g               -            390 68760                -            392     4e-13   47.7   5.4   4   4   1.2e-05    0.0021   15.6   1.0   164   210   260   307   243   369 0.83 length=390	scaffold=gi56489789	strand=-	adjustedToFrame=2
2754_g               -            475 68760                -            392   4.9e-13   47.4   0.2   1   1   4.8e-15   8.3e-13   46.6   0.2   256   381    44   160     3   169 0.88 length=476	scaffold=gi56499864	strand=+	adjustedToFrame=2
5643_g               -            196 68760                -            392   4.6e-12   44.2   0.1   1   1   3.5e-14     6e-12   43.8   0.1    20   122    86   193    59   196 0.80 length=196	scaffold=gi56483613	strand=-	adjustedToFrame=2
3802_g               -            735 68760                -            392   9.6e-12   43.1   2.6   1   1   6.2e-13   1.1e-10   39.7   2.5   259   374   281   396     8   414 0.74 length=735	scaffold=gi56496868	strand=+
3879_g               -            328 68760                -            392   3.3e-07   28.2   0.2   1   2   9.1e-08   1.6e-05   22.7   0.1    11    88     7    86     2    91 0.84 length=328	scaffold=gi56491966	strand=+
3879_g               -            328 68760                -            392   3.3e-07   28.2   0.2   2   2     0.082        14    3.1   0.0    90   109   264   283   252   292 0.85 length=328	scaffold=gi56491966	strand=+
4047_g               -            247 68760                -            392   8.5e-07   26.8   0.0   1   1   7.5e-09   1.3e-06   26.2   0.0    31    88   171   230   138   234 0.75 length=247	scaffold=gi56496081	strand=-
426_g                -            246 68760                -            392   2.4e-06   25.4   0.8   1   1   2.4e-08   4.2e-06   24.6   0.8    21   191    74   242    57   245 0.80 length=246	scaffold=gi56491306	strand=+	adjustedToFrame=3
7003_g               -            138 68760                -            392     3e-06   25.0   0.1   1   1   2.8e-08   4.9e-06   24.3   0.1   101   193     1    83     1   103 0.89 length=138	scaffold=gi56485587	strand=-	adjustedToFrame=2
5567_g               -            377 68760                -            392   2.8e-05   21.9   0.0   1   1   2.6e-07   4.5e-05   21.2   0.0    66   193   164   295   144   306 0.79 length=377	scaffold=gi56494195	strand=+
#
# Program:         hmmsearch
# Version:         3.4 (Aug 2023)
# Pipeline mode:   SEARCH
# Query file:      /home/inf-20-2025/Malaria/busco_downloads/lineages/apicomplexa_odb12/hmms/68760at5794.hmm
# Target file:     /home/inf-20-2025/Malaria/Results/6_nobird_annotation/P_berghei.faa
# Option settings: hmmsearch --domtblout Results/8_busco/P_berghei/run_apicomplexa_odb12/hmmer_output/initial_run_results/68760at5794.out --cpu 1 /home/inf-20-2025/Malaria/busco_downloads/lineages/apicomplexa_odb12/hmms/68760at5794.hmm /home/inf-20-2025/Malaria/Results/6_nobird_annotation/P_berghei.faa 
# Current dir:     /home/inf-20-2025/Malaria
# Date:            Wed Mar  4 18:30:27 2026
# [ok]
