#                                                                            --- full sequence --- -------------- this domain -------------   hmm coord   ali coord   env coord
# target name        accession   tlen query name           accession   qlen   E-value  score  bias   #  of  c-Evalue  i-Evalue  score  bias  from    to  from    to  from    to  acc description of target
#------------------- ---------- ----- -------------------- ---------- ----- --------- ------ ----- --- --- --------- --------- ------ ----- ----- ----- ----- ----- ----- ----- ---- ---------------------
2917_g               -            452 68831                -            432  2.4e-241  799.6   3.0   1   1  4.8e-244  2.9e-241  799.4   3.0     1   431     1   449     1   450 0.96 length=453	scaffold=gi56501194	strand=+
2286_g               -            336 68831                -            432   2.4e-84  282.3   0.0   1   1   2.1e-86   1.3e-83  279.9   0.0     2   340     2   334     1   336 0.94 length=336	scaffold=gi56494589	strand=+	adjustedToFrame=2
3253_g               -            500 68831                -            432   3.4e-75  252.1   9.0   1   1   6.7e-78     4e-75  251.9   9.0     1   430     1   440     1   442 0.86 length=501	scaffold=gi56498446	strand=+
534_g                -            330 68831                -            432   1.1e-63  214.2   0.0   1   1   2.2e-66   1.3e-63  214.0   0.0    98   406     4   326     1   329 0.93 length=330	scaffold=gi56488266	strand=+	adjustedToFrame=2
749_g                -            346 68831                -            432   1.9e-54  183.8   0.0   1   1   3.9e-57   2.4e-54  183.5   0.0    96   393    40   343    22   346 0.91 length=346	scaffold=gi56495957	strand=-	adjustedToFrame=2
5395_g               -            229 68831                -            432     8e-50  168.5   0.0   1   1   1.5e-52   8.8e-50  168.4   0.0    25   249     2   228     1   229 0.94 length=229	scaffold=gi56490684	strand=+
4986_g               -            353 68831                -            432   1.2e-46  158.0   5.0   1   1   2.4e-49   1.4e-46  157.8   5.0   127   430     2   303     1   305 0.88 length=353	scaffold=gi56488837	strand=-	adjustedToFrame=2
3389_g               -            187 68831                -            432     6e-42  142.6   0.0   1   1   1.1e-44   6.7e-42  142.4   0.0     3   186     2   187     1   187 0.94 length=187	scaffold=gi56493072	strand=+
6136_g               -            202 68831                -            432   1.1e-40  138.5   0.0   1   2   6.5e-11   3.9e-08   31.2   0.0    44    95    13    64     6    69 0.92 length=202	scaffold=gi56489783	strand=-
6136_g               -            202 68831                -            432   1.1e-40  138.5   0.0   2   2   1.8e-33   1.1e-30  105.5   0.0   135   258    77   199    73   202 0.94 length=202	scaffold=gi56489783	strand=-
3518_g               -            706 68831                -            432   2.5e-31  107.6   9.6   1   3   2.3e-07   0.00014   19.5   0.3     5    41     3    39     1    49 0.84 length=707	scaffold=gi56500073	strand=+
3518_g               -            706 68831                -            432   2.5e-31  107.6   9.6   2   3    0.0006      0.36    8.2   0.0    56    78    85   107    67   125 0.86 length=707	scaffold=gi56500073	strand=+
3518_g               -            706 68831                -            432   2.5e-31  107.6   9.6   3   3   4.1e-26   2.5e-23   81.3   3.4    76   209   231   364   162   374 0.72 length=707	scaffold=gi56500073	strand=+
5179_g               -            159 68831                -            432   3.7e-27   93.9   0.0   1   1   7.1e-30   4.3e-27   93.7   0.0    64   198    26   158    15   159 0.93 length=159	scaffold=gi56491496	strand=+	adjustedToFrame=2
5401_g               -            124 68831                -            432     1e-09   36.4   0.4   1   2   1.6e-08   9.5e-06   23.3   0.3     5    41     3    39     1    54 0.85 length=124	scaffold=gi56490080	strand=+
5401_g               -            124 68831                -            432     1e-09   36.4   0.4   2   2   4.8e-05     0.029   11.8   0.0    56    78    85   107    57   121 0.86 length=124	scaffold=gi56490080	strand=+
#
# Program:         hmmsearch
# Version:         3.4 (Aug 2023)
# Pipeline mode:   SEARCH
# Query file:      /home/inf-20-2025/Malaria/busco_downloads/lineages/apicomplexa_odb12/hmms/68831at5794.hmm
# Target file:     /home/inf-20-2025/Malaria/Results/6_nobird_annotation/P_berghei.faa
# Option settings: hmmsearch --domtblout Results/8_busco/P_berghei/run_apicomplexa_odb12/hmmer_output/initial_run_results/68831at5794.out --cpu 1 /home/inf-20-2025/Malaria/busco_downloads/lineages/apicomplexa_odb12/hmms/68831at5794.hmm /home/inf-20-2025/Malaria/Results/6_nobird_annotation/P_berghei.faa 
# Current dir:     /home/inf-20-2025/Malaria
# Date:            Wed Mar  4 18:30:27 2026
# [ok]
