#                                                                            --- full sequence --- -------------- this domain -------------   hmm coord   ali coord   env coord
# target name        accession   tlen query name           accession   qlen   E-value  score  bias   #  of  c-Evalue  i-Evalue  score  bias  from    to  from    to  from    to  acc description of target
#------------------- ---------- ----- -------------------- ---------- ----- --------- ------ ----- --- --- --------- --------- ------ ----- ----- ----- ----- ----- ----- ----- ---- ---------------------
4245_g               -            257 68893                -            262   6.8e-14   50.6  19.1   1   1   2.5e-16   6.8e-14   50.6  19.1     5   136   120   256   116   257 0.89 length=257	scaffold=gi56495834	strand=+
707_g                -            325 68893                -            262   6.2e-13   47.4  30.3   1   1   6.8e-15   1.9e-12   45.8  30.3     6   255    55   321    50   324 0.78 length=326	scaffold=gi56498409	strand=-
6873_g               -            150 68893                -            262   4.1e-06   25.1   7.6   1   1   1.8e-08   5.1e-06   24.8   7.6     4    95    29   120    26   145 0.89 length=150	scaffold=gi56493861	strand=-
6294_g               -            154 68893                -            262     1e-05   23.7   1.8   1   1   4.5e-08   1.3e-05   23.5   1.8     5    97    30   123    26   135 0.90 length=154	scaffold=gi56489737	strand=+
5549_g               -            189 68893                -            262   1.9e-05   22.9   5.3   1   3   6.9e-08   1.9e-05   22.9   5.3     4    88    29   113    26   131 0.91 length=189	scaffold=gi56494575	strand=+
5549_g               -            189 68893                -            262   1.9e-05   22.9   5.3   2   3      0.96   2.7e+02   -0.5   0.2    75   101   137   165   123   172 0.70 length=189	scaffold=gi56494575	strand=+
5549_g               -            189 68893                -            262   1.9e-05   22.9   5.3   3   3      0.41   1.1e+02    0.7   1.3   228   258   159   189   156   189 0.86 length=189	scaffold=gi56494575	strand=+
2046_g               -            210 68893                -            262   2.7e-05   22.4   5.4   1   3   9.7e-08   2.7e-05   22.4   5.4     4    88    29   113    26   128 0.91 length=211	scaffold=gi56498725	strand=-
2046_g               -            210 68893                -            262   2.7e-05   22.4   5.4   2   3       1.2   3.2e+02   -0.8   0.3    75   101   137   165   123   173 0.69 length=211	scaffold=gi56498725	strand=-
2046_g               -            210 68893                -            262   2.7e-05   22.4   5.4   3   3      0.37     1e+02    0.8   1.3   227   258   158   189   153   191 0.87 length=211	scaffold=gi56498725	strand=-
3828_g               -            171 68893                -            262   5.8e-05   21.3   4.0   1   1   2.4e-07   6.7e-05   21.1   4.0     5   101    30   128    26   159 0.83 length=171	scaffold=gi56494875	strand=+
1888_g               -            188 68893                -            262    0.0001   20.5   7.0   1   1   4.7e-07   0.00013   20.1   7.0     2    88    27   113    26   129 0.92 length=188	scaffold=gi56492700	strand=+
5603_g               -            189 68893                -            262   0.00011   20.4   3.0   1   2   3.9e-07   0.00011   20.4   3.0     4    88    29   113    26   124 0.94 length=189	scaffold=gi56493708	strand=-
5603_g               -            189 68893                -            262   0.00011   20.4   3.0   2   2      0.68   1.9e+02   -0.0   0.3   143   173   142   172   131   174 0.72 length=189	scaffold=gi56493708	strand=-
1960_g               -            198 68893                -            262   0.00026   19.1   3.2   1   2   9.5e-07   0.00026   19.1   3.2     5    88    29   112    25   129 0.90 length=198	scaffold=gi56492169	strand=+	adjustedToFrame=2
1960_g               -            198 68893                -            262   0.00026   19.1   3.2   2   2       1.8     5e+02   -1.4   0.2   230   256   160   186   138   188 0.57 length=198	scaffold=gi56492169	strand=+	adjustedToFrame=2
5591_g               -            202 68893                -            262   0.00042   18.5   5.0   1   3   1.5e-06   0.00042   18.5   5.0     4    88    29   113    26   127 0.91 length=202	scaffold=gi56495872	strand=-
5591_g               -            202 68893                -            262   0.00042   18.5   5.0   2   3       0.4   1.1e+02    0.7   0.7    58   107   123   174   118   178 0.66 length=202	scaffold=gi56495872	strand=-
5591_g               -            202 68893                -            262   0.00042   18.5   5.0   3   3      0.31        86    1.1   0.4   229   258   163   192   156   200 0.71 length=202	scaffold=gi56495872	strand=-
5618_g               -            530 68893                -            262   0.00055   18.1  20.4   1   2   2.5e-05    0.0069   14.5   5.4     5    88    53   136    50   189 0.90 length=530	scaffold=gi56500613	strand=+
5618_g               -            530 68893                -            262   0.00055   18.1  20.4   2   2   0.00077      0.21    9.6   6.5     3   122   306   431   304   437 0.64 length=530	scaffold=gi56500613	strand=+
1539_g               -            185 68893                -            262   0.00056   18.1   4.4   1   2     2e-06   0.00056   18.1   4.4     4    89    16   101    13   117 0.92 length=185	scaffold=gi56497441	strand=+
1539_g               -            185 68893                -            262   0.00056   18.1   4.4   2   2      0.93   2.6e+02   -0.5   0.4    31    64   124   157   101   169 0.58 length=185	scaffold=gi56497441	strand=+
6564_g               -            267 68893                -            262    0.0006   18.0   3.6   1   2   2.2e-06    0.0006   18.0   3.6     6    88    10    92     7   120 0.90 length=268	scaffold=gi56500936	strand=+	adjustedToFrame=3
6564_g               -            267 68893                -            262    0.0006   18.0   3.6   2   2       1.4     4e+02   -1.1   0.1   229   253   142   166   133   170 0.70 length=268	scaffold=gi56500936	strand=+	adjustedToFrame=3
4312_g               -            226 68893                -            262   0.00095   17.3   4.1   1   2       3.2   8.8e+02   -2.2   0.2   230   257    67    94    55    95 0.65 length=226	scaffold=gi56494786	strand=+
4312_g               -            226 68893                -            262   0.00095   17.3   4.1   2   2   3.4e-06   0.00095   17.3   4.1     4    88   125   209   122   223 0.90 length=226	scaffold=gi56494786	strand=+
3993_g               -            199 68893                -            262    0.0012   17.0   6.9   1   1   8.2e-06    0.0023   16.1   6.7     4    89    29   114    26   166 0.90 length=199	scaffold=gi56493609	strand=+
583_g                -            159 68893                -            262    0.0015   16.7   6.0   1   1   6.9e-06    0.0019   16.3   6.0     6    89    22   105    18   155 0.85 length=159	scaffold=gi56485621	strand=+	adjustedToFrame=3
6947_g               -            133 68893                -            262    0.0016   16.6   1.6   1   2       2.3   6.5e+02   -1.8   0.5    73    95     4    26     1    30 0.76 length=133	scaffold=gi56488621	strand=+
6947_g               -            133 68893                -            262    0.0016   16.6   1.6   2   2   5.8e-06    0.0016   16.6   1.6   170   227    72   129    40   133 0.81 length=133	scaffold=gi56488621	strand=+
1240_g               -            150 68893                -            262    0.0024   16.0   5.3   1   1     1e-05    0.0028   15.8   5.3     6    88    31   113    27   145 0.90 length=150	scaffold=gi56492671	strand=+
6910_g               -            182 68893                -            262    0.0026   15.9   5.0   1   1   9.2e-06    0.0026   15.9   5.0     5    88    30   113    26   127 0.93 length=183	scaffold=gi56499862	strand=-
2385_g               -            665 68893                -            262    0.0031   15.6   4.7   1   3       5.9   1.6e+03   -3.1   1.1    70    70    94    94    43   142 0.49 length=665	scaffold=gi56499819	strand=-	adjustedToFrame=3
2385_g               -            665 68893                -            262    0.0031   15.6   4.7   2   3   1.1e-05    0.0031   15.6   4.7     5    88   204   287   201   340 0.91 length=665	scaffold=gi56499819	strand=-	adjustedToFrame=3
2385_g               -            665 68893                -            262    0.0031   15.6   4.7   3   3       5.2   1.5e+03   -3.0   0.3    60    98   507   547   498   564 0.53 length=665	scaffold=gi56499819	strand=-	adjustedToFrame=3
2494_g               -            465 68893                -            262     0.004   15.3   6.1   1   2       2.8   7.8e+02   -2.1   1.7    18    51   203   238   186   257 0.54 length=465	scaffold=gi56499119	strand=+
2494_g               -            465 68893                -            262     0.004   15.3   6.1   2   2   1.4e-05     0.004   15.3   6.1     5    85   306   386   302   404 0.90 length=465	scaffold=gi56499119	strand=+
5459_g               -            199 68893                -            262    0.0077   14.3   9.7   1   2   2.9e-05    0.0081   14.3   8.1     4    88    29   113    26   166 0.89 length=199	scaffold=gi56492905	strand=+
5459_g               -            199 68893                -            262    0.0077   14.3   9.7   2   2       2.7   7.4e+02   -2.0   0.1   231   257   162   188   153   189 0.64 length=199	scaffold=gi56492905	strand=+
6492_g               -            453 68893                -            262      0.01   14.0   8.8   1   2   1.7e-05    0.0047   15.0   5.6     4    96   283   377   280   406 0.85 length=453	scaffold=gi56497875	strand=-	adjustedToFrame=3
6492_g               -            453 68893                -            262      0.01   14.0   8.8   2   2       3.7     1e+03   -2.4   0.1   230   253   418   442   413   451 0.57 length=453	scaffold=gi56497875	strand=-	adjustedToFrame=3
5367_g               -            219 68893                -            262     0.072   11.2  13.8   1   2   4.7e-05     0.013   13.6  10.0     5   106    30   133    26   152 0.85 length=220	scaffold=gi56488903	strand=-
5367_g               -            219 68893                -            262     0.072   11.2  13.8   2   2       2.6   7.1e+02   -1.9   0.2   231   254   161   184   143   187 0.59 length=220	scaffold=gi56488903	strand=-
7068_g               -            496 68893                -            262      0.61    8.1  16.0   1   2   0.00066      0.18    9.8   6.7     5    88    53   136    50   162 0.88 length=496	scaffold=gi56499151	strand=-
7068_g               -            496 68893                -            262      0.61    8.1  16.0   2   2     0.052        14    3.6   1.4    15    77   365   427   350   437 0.79 length=496	scaffold=gi56499151	strand=-
#
# Program:         hmmsearch
# Version:         3.4 (Aug 2023)
# Pipeline mode:   SEARCH
# Query file:      /home/inf-20-2025/Malaria/busco_downloads/lineages/apicomplexa_odb12/hmms/68893at5794.hmm
# Target file:     /home/inf-20-2025/Malaria/Results/6_nobird_annotation/P_berghei.faa
# Option settings: hmmsearch --domtblout Results/8_busco/P_berghei/run_apicomplexa_odb12/hmmer_output/initial_run_results/68893at5794.out --cpu 1 /home/inf-20-2025/Malaria/busco_downloads/lineages/apicomplexa_odb12/hmms/68893at5794.hmm /home/inf-20-2025/Malaria/Results/6_nobird_annotation/P_berghei.faa 
# Current dir:     /home/inf-20-2025/Malaria
# Date:            Wed Mar  4 18:30:28 2026
# [ok]
