#                                                                            --- full sequence --- -------------- this domain -------------   hmm coord   ali coord   env coord
# target name        accession   tlen query name           accession   qlen   E-value  score  bias   #  of  c-Evalue  i-Evalue  score  bias  from    to  from    to  from    to  acc description of target
#------------------- ---------- ----- -------------------- ---------- ----- --------- ------ ----- --- --- --------- --------- ------ ----- ----- ----- ----- ----- ----- ----- ---- ---------------------
619_g                -            240 68992                -            247  1.6e-120  399.8   0.0   1   1  4.1e-123    2e-120  399.5   0.0    21   245     5   231     2   233 0.98 length=241	scaffold=gi56500545	strand=-
4114_g               -            254 68992                -            247     1e-51  174.5   0.0   1   1   2.5e-54   1.2e-51  174.3   0.0     7   240     4   237     1   244 0.90 length=255	scaffold=gi56494106	strand=-
3329_g               -            235 68992                -            247   1.8e-51  173.6   0.0   1   1   4.7e-54   2.3e-51  173.3   0.0     6   238     4   230     1   234 0.96 length=236	scaffold=gi56499640	strand=-
2497_g               -            241 68992                -            247   2.1e-47  160.4   0.1   1   1   5.3e-50   2.5e-47  160.1   0.1     7   242     2   229     1   234 0.94 length=242	scaffold=gi56493563	strand=+
1845_g               -            249 68992                -            247   7.1e-37  125.9   0.1   1   1   1.8e-39   8.6e-37  125.6   0.1     8   226     2   214     1   233 0.88 length=250	scaffold=gi56496171	strand=+	adjustedToFrame=3
4085_g               -            250 68992                -            247   3.7e-31  107.2   0.1   1   1   1.3e-33   6.4e-31  106.4   0.1     6   217     6   212     1   237 0.87 length=251	scaffold=gi56496559	strand=+
1048_g               -            416 68992                -            247   1.7e-29  101.7   1.1   1   1   6.2e-32     3e-29  100.9   1.1     4   239   161   409   158   415 0.81 length=417	scaffold=gi56500481	strand=-
3372_g               -            270 68992                -            247   1.8e-15   55.8   0.0   1   1   1.1e-16   5.5e-14   50.9   0.0    32   225    39   222    36   236 0.85 length=271	scaffold=gi56500716	strand=+
285_g                -            275 68992                -            247   1.5e-12   46.2   2.5   1   2   1.9e-08   9.3e-06   24.0   0.7    25   100    19    96    15   137 0.80 length=276	scaffold=gi56498518	strand=-
285_g                -            275 68992                -            247   1.5e-12   46.2   2.5   2   2   6.7e-08   3.3e-05   22.2   0.1   141   232   172   266   128   273 0.83 length=276	scaffold=gi56498518	strand=-
1768_g               -            270 68992                -            247   1.9e-12   45.9   0.1   1   1   4.9e-14   2.3e-11   42.3   0.1    33   201    58   216    49   253 0.87 length=271	scaffold=gi56496704	strand=-
2918_g               -            256 68992                -            247   1.9e-08   32.8   0.0   1   2   7.7e-07   0.00037   18.7   0.0    28    90     3    66     1    85 0.86 length=257	scaffold=gi56501194	strand=-
2918_g               -            256 68992                -            247   1.9e-08   32.8   0.0   2   2   8.4e-05     0.041   12.0   0.0   148   226   145   224   142   235 0.83 length=257	scaffold=gi56501194	strand=-
2479_g               -            361 68992                -            247   2.1e-05   22.8   0.0   1   1   7.8e-08   3.8e-05   22.0   0.0    34   119     8    95     6   105 0.89 length=362	scaffold=gi56496188	strand=+
4451_g               -            242 68992                -            247   2.9e-05   22.3   0.1   1   1   1.2e-06   0.00058   18.1   0.1    31   186    36   182    34   213 0.71 length=243	scaffold=gi56493857	strand=-
546_g                -            192 68992                -            247    0.0002   19.6   0.0   1   1   1.2e-06   0.00058   18.1   0.0   137   206    96   166     2   191 0.76 length=192	scaffold=gi56492871	strand=+
6967_g               -            201 68992                -            247   0.00092   17.4   0.1   1   1   3.9e-05     0.019   13.1   0.1    38   187     2   142     1   171 0.71 length=202	scaffold=gi56489345	strand=+	adjustedToFrame=3
#
# Program:         hmmsearch
# Version:         3.4 (Aug 2023)
# Pipeline mode:   SEARCH
# Query file:      /home/inf-20-2025/Malaria/busco_downloads/lineages/apicomplexa_odb12/hmms/68992at5794.hmm
# Target file:     /home/inf-20-2025/Malaria/Results/6_nobird_annotation/P_berghei.faa
# Option settings: hmmsearch --domtblout Results/8_busco/P_berghei/run_apicomplexa_odb12/hmmer_output/initial_run_results/68992at5794.out --cpu 1 /home/inf-20-2025/Malaria/busco_downloads/lineages/apicomplexa_odb12/hmms/68992at5794.hmm /home/inf-20-2025/Malaria/Results/6_nobird_annotation/P_berghei.faa 
# Current dir:     /home/inf-20-2025/Malaria
# Date:            Wed Mar  4 18:30:28 2026
# [ok]
