#                                                                            --- full sequence --- -------------- this domain -------------   hmm coord   ali coord   env coord
# target name        accession   tlen query name           accession   qlen   E-value  score  bias   #  of  c-Evalue  i-Evalue  score  bias  from    to  from    to  from    to  acc description of target
#------------------- ---------- ----- -------------------- ---------- ----- --------- ------ ----- --- --- --------- --------- ------ ----- ----- ----- ----- ----- ----- ----- ---- ---------------------
1120_g               -            820 69012                -            487    2e-238  790.9  41.1   1   3  3.9e-144  5.8e-142  472.7   5.6     3   266    15   280    13   300 0.92 length=821	scaffold=gi56497478	strand=-
1120_g               -            820 69012                -            487    2e-238  790.9  41.1   2   3   3.1e-62   4.6e-60  202.6   6.1   244   429   368   566   322   603 0.69 length=821	scaffold=gi56497478	strand=-
1120_g               -            820 69012                -            487    2e-238  790.9  41.1   3   3     1e-40   1.5e-38  131.7   8.5   340   487   662   820   653   820 0.72 length=821	scaffold=gi56497478	strand=-
2526_g               -           1648 69012                -            487   3.1e-34  117.4   0.7   1   1   2.1e-36   3.1e-34  117.4   0.7     5   173  1243  1410  1240  1425 0.93 length=1649	scaffold=gi56499440	strand=+	adjustedToFrame=3
1119_g               -            479 69012                -            487   1.7e-27   95.2  13.4   1   2   4.8e-21   7.1e-19   66.7   8.2   184   417    79   311    75   331 0.78 length=480	scaffold=gi56496096	strand=+
1119_g               -            479 69012                -            487   1.7e-27   95.2  13.4   2   2   8.9e-13   1.3e-10   39.5   0.2    95   261   370   449   352   475 0.49 length=480	scaffold=gi56496096	strand=+
2852_g               -            344 69012                -            487   8.3e-22   76.4   3.5   1   2   3.7e-10   5.5e-08   30.9   0.1   283   357    95   167    27   172 0.78 length=345	scaffold=gi56496443	strand=-
2852_g               -            344 69012                -            487   8.3e-22   76.4   3.5   2   2   7.5e-15   1.1e-12   46.3   1.0   283   387   178   279   165   302 0.78 length=345	scaffold=gi56496443	strand=-
4260_g               -            312 69012                -            487   6.2e-21   73.5   0.5   1   2   7.9e-09   1.2e-06   26.5   0.0   301   402     2   107     1   119 0.82 length=313	scaffold=gi56498373	strand=-	adjustedToFrame=2
4260_g               -            312 69012                -            487   6.2e-21   73.5   0.5   2   2   2.3e-14   3.4e-12   44.7   0.2    95   182   171   257   165   273 0.88 length=313	scaffold=gi56498373	strand=-	adjustedToFrame=2
1299_g               -           1046 69012                -            487   1.5e-20   72.3   3.1   1   1     1e-22   1.5e-20   72.3   3.1   158   427   201   479   186   483 0.81 length=1046	scaffold=gi56496544	strand=-
2791_g               -            991 69012                -            487   1.2e-17   62.7  56.6   1   5   0.00061      0.09   10.3   1.6   277   384   311   412   268   430 0.73 length=991	scaffold=gi56500632	strand=+
2791_g               -            991 69012                -            487   1.2e-17   62.7  56.6   2   5     0.003      0.45    8.0   0.1   323   375   430   482   421   513 0.78 length=991	scaffold=gi56500632	strand=+
2791_g               -            991 69012                -            487   1.2e-17   62.7  56.6   3   5     0.066       9.8    3.6   0.1   280   356   601   672   579   678 0.66 length=991	scaffold=gi56500632	strand=+
2791_g               -            991 69012                -            487   1.2e-17   62.7  56.6   4   5     0.004      0.59    7.7   2.7   270   321   707   758   608   768 0.65 length=991	scaffold=gi56500632	strand=+
2791_g               -            991 69012                -            487   1.2e-17   62.7  56.6   5   5   9.8e-19   1.4e-16   59.1   8.0   223   363   797   936   787   990 0.78 length=991	scaffold=gi56500632	strand=+
4880_g               -            198 69012                -            487   1.5e-17   62.4   0.0   1   2   3.7e-07   5.5e-05   21.0   0.0   190   261     2    76     1   113 0.61 length=198	scaffold=gi56489276	strand=-	adjustedToFrame=2
4880_g               -            198 69012                -            487   1.5e-17   62.4   0.0   2   2   7.1e-13     1e-10   39.8   0.0   285   342   140   197   129   198 0.58 length=198	scaffold=gi56489276	strand=-	adjustedToFrame=2
332_g                -            660 69012                -            487   2.4e-16   58.4   1.6   1   3   2.3e-08   3.4e-06   24.9   0.4    93   180   297   385   287   400 0.84 length=660	scaffold=gi56499508	strand=-
332_g                -            660 69012                -            487   2.4e-16   58.4   1.6   2   3   2.9e-13   4.3e-11   41.1   0.0   295   367   411   484   397   528 0.75 length=660	scaffold=gi56499508	strand=-
332_g                -            660 69012                -            487   2.4e-16   58.4   1.6   3   3       0.3        45    1.5   0.0   197   244   611   657   603   659 0.86 length=660	scaffold=gi56499508	strand=-
1813_g               -            247 69012                -            487   1.3e-15   56.0   0.3   1   1   1.4e-17   2.1e-15   55.3   0.3   273   364     8   100     3   121 0.93 length=248	scaffold=gi56497392	strand=+
2149_g               -            227 69012                -            487   2.2e-14   51.9   0.3   1   2   9.4e-11   1.4e-08   32.8   0.0    96   185     7    97     3   114 0.86 length=228	scaffold=gi56495363	strand=-
2149_g               -            227 69012                -            487   2.2e-14   51.9   0.3   2   2     4e-06   0.00059   17.5   0.1   279   361   143   225   119   227 0.83 length=228	scaffold=gi56495363	strand=-
13_g                 -            278 69012                -            487   9.3e-14   49.9   0.6   1   3   4.6e-08   6.7e-06   24.0   0.1   184   258     8    85     2   117 0.56 length=279	scaffold=gi56500444	strand=-
13_g                 -            278 69012                -            487   9.3e-14   49.9   0.6   2   3      0.75   1.1e+02    0.1   0.0   183   202   152   171   150   175 0.89 length=279	scaffold=gi56500444	strand=-
13_g                 -            278 69012                -            487   9.3e-14   49.9   0.6   3   3   1.5e-07   2.2e-05   22.2   0.0   323   393   180   249   174   271 0.76 length=279	scaffold=gi56500444	strand=-
895_g                -            314 69012                -            487   1.9e-13   48.8   6.4   1   2   2.8e-07   4.1e-05   21.4   0.1   287   368    58   136     3   168 0.71 length=315	scaffold=gi56496011	strand=+
895_g                -            314 69012                -            487   1.9e-13   48.8   6.4   2   2   4.8e-12   7.1e-10   37.1   2.1   186   384    59   255    56   278 0.71 length=315	scaffold=gi56496011	strand=+
573_g                -            197 69012                -            487     2e-13   48.8   0.4   1   1   1.7e-15   2.5e-13   48.4   0.4     4   105     4   109     1   123 0.82 length=197	scaffold=gi56494301	strand=+
4985_g               -            279 69012                -            487   2.4e-12   45.2   3.9   1   1     2e-14   2.9e-12   44.9   3.9   241   362    71   198    21   247 0.78 length=279	scaffold=gi56490378	strand=+	adjustedToFrame=2
2715_g               -            468 69012                -            487   3.5e-12   44.7   8.7   1   2   1.3e-09     2e-07   29.0   4.2   284   433   186   339   141   350 0.72 length=469	scaffold=gi56499750	strand=+
2715_g               -            468 69012                -            487   3.5e-12   44.7   8.7   2   2   3.4e-06    0.0005   17.8   0.1    97   167   398   463   394   468 0.82 length=469	scaffold=gi56499750	strand=+
2215_g               -            189 69012                -            487   5.3e-12   44.1   2.1   1   2   4.3e-09   6.3e-07   27.4   0.6   286   375    11   102     6   119 0.80 length=189	scaffold=gi56494250	strand=+
2215_g               -            189 69012                -            487   5.3e-12   44.1   2.1   2   2   1.1e-05    0.0017   16.1   0.1   180   249   118   183   108   188 0.86 length=189	scaffold=gi56494250	strand=+
2904_g               -            128 69012                -            487   1.3e-11   42.8   0.1   1   1   9.5e-14   1.4e-11   42.7   0.1    95   170     7    83     2   117 0.67 length=129	scaffold=gi56500979	strand=+
5394_g               -            288 69012                -            487   2.5e-11   41.9   7.3   1   2   2.5e-07   3.7e-05   21.5   0.7   286   371   125   207    55   236 0.69 length=288	scaffold=gi56491475	strand=-
5394_g               -            288 69012                -            487   2.5e-11   41.9   7.3   2   2   2.7e-10     4e-08   31.3   1.0   186   346   127   284   118   288 0.75 length=288	scaffold=gi56491475	strand=-
386_g                -            458 69012                -            487   2.1e-10   38.8  19.6   1   2   3.2e-06   0.00047   17.9   1.3   184   248    71   137    62   157 0.69 length=459	scaffold=gi56498719	strand=+
386_g                -            458 69012                -            487   2.1e-10   38.8  19.6   2   2   6.2e-09   9.1e-07   26.8   9.6   223   384   208   383   200   432 0.58 length=459	scaffold=gi56498719	strand=+
3309_g               -            264 69012                -            487     4e-10   37.9   0.7   1   2       7.8   1.2e+03   -3.2   0.4   260   267    67    74    35    97 0.43 length=265	scaffold=gi56496165	strand=-	adjustedToFrame=2
3309_g               -            264 69012                -            487     4e-10   37.9   0.7   2   2   2.7e-12     4e-10   37.9   0.7   275   358   173   257   127   264 0.82 length=265	scaffold=gi56496165	strand=-	adjustedToFrame=2
2345_g               -            461 69012                -            487   2.4e-09   35.4   0.4   1   4   1.6e-11   2.4e-09   35.4   0.4    95   281     4   196     1   201 0.77 length=461	scaffold=gi56494192	strand=+	adjustedToFrame=3
2345_g               -            461 69012                -            487   2.4e-09   35.4   0.4   2   4      0.05       7.4    4.0   0.3   186   382   106   193   100   239 0.53 length=461	scaffold=gi56494192	strand=+	adjustedToFrame=3
2345_g               -            461 69012                -            487   2.4e-09   35.4   0.4   3   4         8   1.2e+03   -3.2   3.2   350   418   244   309   204   323 0.57 length=461	scaffold=gi56494192	strand=+	adjustedToFrame=3
2345_g               -            461 69012                -            487   2.4e-09   35.4   0.4   4   4       1.6   2.3e+02   -0.9   2.5   348   419   339   409   324   426 0.65 length=461	scaffold=gi56494192	strand=+	adjustedToFrame=3
2250_g               -            311 69012                -            487   3.6e-09   34.7   1.2   1   2   2.4e-11   3.6e-09   34.7   1.2   267   367    20   124     6   182 0.77 length=311	scaffold=gi56492465	strand=+	adjustedToFrame=2
2250_g               -            311 69012                -            487   3.6e-09   34.7   1.2   2   2         5   7.3e+02   -2.5   1.7   351   380   217   246   183   295 0.49 length=311	scaffold=gi56492465	strand=+	adjustedToFrame=2
5875_g               -            103 69012                -            487   7.4e-09   33.7   0.1   1   1   5.4e-11   7.9e-09   33.6   0.1   182   251    17    86     3   102 0.67 length=103	scaffold=gi56487403	strand=+	adjustedToFrame=3
2188_g               -            154 69012                -            487   1.2e-08   33.1   0.3   1   1   8.6e-11   1.3e-08   32.9   0.3   285   368    24   108     9   151 0.76 length=155	scaffold=gi56499772	strand=-
2070_g               -            335 69012                -            487   1.8e-08   32.4   0.6   1   2   1.2e-09   1.8e-07   29.2   0.0   183   249    18    84     6    97 0.72 length=336	scaffold=gi56500564	strand=+	adjustedToFrame=3
2070_g               -            335 69012                -            487   1.8e-08   32.4   0.6   2   2      0.54        80    0.6   0.1   136   176   154   194   147   204 0.80 length=336	scaffold=gi56500564	strand=+	adjustedToFrame=3
2694_g               -            384 69012                -            487     2e-08   32.3   0.1   1   1   1.3e-10     2e-08   32.3   0.1   199   281     2    85     1    94 0.79 length=384	scaffold=gi56493666	strand=+	adjustedToFrame=2
1470_g               -            310 69012                -            487   2.5e-08   32.0   0.1   1   2   1.7e-10   2.5e-08   32.0   0.1   279   416     6   143     2   159 0.77 length=310	scaffold=gi56491948	strand=+
1470_g               -            310 69012                -            487   2.5e-08   32.0   0.1   2   2       4.5   6.6e+02   -2.4   2.3   389   431   218   264   187   284 0.45 length=310	scaffold=gi56491948	strand=+
1051_g               -            158 69012                -            487   3.1e-08   31.7   4.4   1   1   2.3e-10   3.5e-08   31.5   4.4   253   363    32   144     3   156 0.79 length=159	scaffold=gi56495502	strand=+
3744_g               -            296 69012                -            487   5.7e-08   30.8   0.1   1   2   3.9e-10   5.7e-08   30.8   0.1    94   171    35   113     8   125 0.88 length=297	scaffold=gi56496563	strand=+
3744_g               -            296 69012                -            487   5.7e-08   30.8   0.1   2   2       6.2   9.2e+02   -2.9   0.3   337   337   206   206   148   263 0.56 length=297	scaffold=gi56496563	strand=+
4346_g               -            104 69012                -            487   6.2e-08   30.7   0.2   1   1   4.6e-10   6.8e-08   30.5   0.2   159   248     5    98     1   103 0.77 length=104	scaffold=gi56488602	strand=-
5349_g               -            221 69012                -            487   6.4e-08   30.6   4.9   1   2   7.3e-05     0.011   13.4   0.3   114   169     7    57     2    81 0.56 length=222	scaffold=gi56492401	strand=-
5349_g               -            221 69012                -            487   6.4e-08   30.6   4.9   2   2   1.1e-06   0.00016   19.4   0.5    92   167   141   216   123   219 0.74 length=222	scaffold=gi56492401	strand=-
2445_g               -            479 69012                -            487   6.9e-08   30.5  13.3   1   2    0.0002      0.03   11.9   0.8   173   256    87   170    60   199 0.89 length=479	scaffold=gi56495605	strand=+	adjustedToFrame=2
2445_g               -            479 69012                -            487   6.9e-08   30.5  13.3   2   2   8.4e-08   1.2e-05   23.1   5.8   179   367   240   444   215   477 0.74 length=479	scaffold=gi56495605	strand=+	adjustedToFrame=2
1353_g               -            230 69012                -            487     2e-07   29.0   0.0   1   1   1.8e-09   2.6e-07   28.6   0.0     4    80    31   107    28   134 0.91 length=231	scaffold=gi56500644	strand=-
4393_g               -            658 69012                -            487   4.6e-07   27.8   1.2   1   3       1.1   1.6e+02   -0.3   0.0   179   205   304   330   286   341 0.66 length=658	scaffold=gi56495522	strand=+	adjustedToFrame=2
4393_g               -            658 69012                -            487   4.6e-07   27.8   1.2   2   3   3.1e-09   4.6e-07   27.8   1.2    93   184   439   531   432   560 0.79 length=658	scaffold=gi56495522	strand=+	adjustedToFrame=2
4393_g               -            658 69012                -            487   4.6e-07   27.8   1.2   3   3      0.84   1.2e+02    0.0   0.0   138   160   632   654   595   658 0.70 length=658	scaffold=gi56495522	strand=+	adjustedToFrame=2
1006_g               -            199 69012                -            487   1.4e-06   26.2   0.3   1   1   1.1e-08   1.6e-06   26.0   0.3   275   342    56   124    14   144 0.78 length=200	scaffold=gi56500783	strand=-
6617_g               -            149 69012                -            487   2.4e-06   25.4   4.7   1   1   2.3e-08   3.4e-06   24.9   4.7   279   382    12   119     4   149 0.41 length=149	scaffold=gi56493484	strand=-
1350_g               -            447 69012                -            487   2.9e-06   25.2   0.0   1   3         8   1.2e+03   -3.2   0.6   240   271    34    67    17    78 0.43 length=448	scaffold=gi56500644	strand=+
1350_g               -            447 69012                -            487   2.9e-06   25.2   0.0   2   3       4.9   7.2e+02   -2.5   0.2   368   412   228   272   194   276 0.67 length=448	scaffold=gi56500644	strand=+
1350_g               -            447 69012                -            487   2.9e-06   25.2   0.0   3   3     2e-08   2.9e-06   25.2   0.0    95   167   372   444   363   446 0.96 length=448	scaffold=gi56500644	strand=+
4981_g               -            210 69012                -            487   5.5e-06   24.3   4.9   1   1   5.8e-08   8.6e-06   23.6   4.9    72   187    88   194     5   208 0.80 length=210	scaffold=gi56491299	strand=-	adjustedToFrame=2
4795_g               -            198 69012                -            487   1.2e-05   23.1   3.3   1   1   8.6e-08   1.3e-05   23.0   2.8   307   410     5   111     1   136 0.62 length=198	scaffold=gi56485869	strand=+	adjustedToFrame=2
3416_g               -            146 69012                -            487   2.7e-05   22.0   1.2   1   1   2.1e-07   3.1e-05   21.8   1.2   177   248    22    93     4   136 0.80 length=147	scaffold=gi56500395	strand=-
5472_g               -            146 69012                -            487   2.7e-05   22.0   1.2   1   1   2.1e-07   3.1e-05   21.8   1.2   177   248    22    93     4   136 0.80 length=147	scaffold=gi56493289	strand=-
3226_g               -            157 69012                -            487   3.3e-05   21.7   0.5   1   1   2.7e-07     4e-05   21.4   0.5    90   186    56   153    34   156 0.84 length=158	scaffold=gi56500617	strand=+
3430_g               -            403 69012                -            487   4.2e-05   21.3   3.2   1   1     4e-07   5.9e-05   20.8   3.2   242   361   149   267    94   311 0.70 length=404	scaffold=gi56501086	strand=-
1678_g               -            120 69012                -            487   7.8e-05   20.4   1.1   1   1     6e-07   8.8e-05   20.3   1.1   183   249     2    68     1   111 0.84 length=121	scaffold=gi56482420	strand=+	adjustedToFrame=2
4003_g               -            131 69012                -            487    0.0042   14.8   0.1   1   2       4.4   6.4e+02   -2.4   0.1   245   275    34    64    10    76 0.59 length=131	scaffold=gi56488245	strand=-
4003_g               -            131 69012                -            487    0.0042   14.8   0.1   2   2   4.7e-05    0.0069   14.0   0.0   185   218    88   121    79   131 0.80 length=131	scaffold=gi56488245	strand=-
2424_g               -            162 69012                -            487    0.0056   14.3   0.1   1   1   4.5e-05    0.0067   14.1   0.1   187   256    61   135    38   161 0.62 length=163	scaffold=gi56498616	strand=+
6009_g               -            127 69012                -            487    0.0098   13.5   0.0   1   1   7.6e-05     0.011   13.3   0.0   278   340    53   119    23   125 0.73 length=127	scaffold=gi56484273	strand=+
5901_g               -            232 69012                -            487     0.012   13.3   0.1   1   1    0.0001     0.015   12.9   0.1   121   168    22    71    15    88 0.78 length=232	scaffold=gi56485439	strand=+	adjustedToFrame=3
#
# Program:         hmmsearch
# Version:         3.4 (Aug 2023)
# Pipeline mode:   SEARCH
# Query file:      /home/inf-20-2025/Malaria/busco_downloads/lineages/apicomplexa_odb12/hmms/69012at5794.hmm
# Target file:     /home/inf-20-2025/Malaria/Results/6_nobird_annotation/P_berghei.faa
# Option settings: hmmsearch --domtblout Results/8_busco/P_berghei/run_apicomplexa_odb12/hmmer_output/initial_run_results/69012at5794.out --cpu 1 /home/inf-20-2025/Malaria/busco_downloads/lineages/apicomplexa_odb12/hmms/69012at5794.hmm /home/inf-20-2025/Malaria/Results/6_nobird_annotation/P_berghei.faa 
# Current dir:     /home/inf-20-2025/Malaria
# Date:            Wed Mar  4 18:30:30 2026
# [ok]
