#                                                                            --- full sequence --- -------------- this domain -------------   hmm coord   ali coord   env coord
# target name        accession   tlen query name           accession   qlen   E-value  score  bias   #  of  c-Evalue  i-Evalue  score  bias  from    to  from    to  from    to  acc description of target
#------------------- ---------- ----- -------------------- ---------- ----- --------- ------ ----- --- --- --------- --------- ------ ----- ----- ----- ----- ----- ----- ----- ---- ---------------------
2776_g               -            499 69196                -            200   2.9e-61  204.9  11.2   1   4      0.26   4.7e+02   -1.4   0.0   161   192    89   121    75   124 0.76 length=500	scaffold=gi56497412	strand=-
2776_g               -            499 69196                -            200   2.9e-61  204.9  11.2   2   4   6.4e-13   1.2e-09   36.5   1.9     3    44   159   201   157   215 0.85 length=500	scaffold=gi56497412	strand=-
2776_g               -            499 69196                -            200   2.9e-61  204.9  11.2   3   4   2.9e-51   5.2e-48  161.7   0.3    42   187   244   415   242   420 0.84 length=500	scaffold=gi56497412	strand=-
2776_g               -            499 69196                -            200   2.9e-61  204.9  11.2   4   4   0.00033       0.6    8.0   0.0   186   200   481   495   462   495 0.81 length=500	scaffold=gi56497412	strand=-
5366_g               -            492 69196                -            200   9.4e-60  200.0  11.4   1   4      0.26   4.7e+02   -1.4   0.0   161   192    89   121    75   124 0.76 length=492	scaffold=gi56491971	strand=+
5366_g               -            492 69196                -            200   9.4e-60  200.0  11.4   2   4   6.3e-13   1.1e-09   36.5   1.9     3    44   159   201   157   215 0.85 length=492	scaffold=gi56491971	strand=+
5366_g               -            492 69196                -            200   9.4e-60  200.0  11.4   3   4   2.8e-51     5e-48  161.7   0.3    42   187   244   415   242   420 0.84 length=492	scaffold=gi56491971	strand=+
5366_g               -            492 69196                -            200   9.4e-60  200.0  11.4   4   4     0.011        19    3.1   0.0   186   197   481   492   463   492 0.80 length=492	scaffold=gi56491971	strand=+
5363_g               -            531 69196                -            200   5.8e-08   30.9   0.1   1   1   9.6e-11   1.7e-07   29.4   0.1     3   159   300   453   298   477 0.77 length=532	scaffold=gi56497281	strand=-	adjustedToFrame=3
7210_g               -            513 69196                -            200   2.8e-07   28.7   0.1   1   1     5e-10     9e-07   27.0   0.1     3   170   288   453   286   465 0.77 length=513	scaffold=gi56493348	strand=-
#
# Program:         hmmsearch
# Version:         3.4 (Aug 2023)
# Pipeline mode:   SEARCH
# Query file:      /home/inf-20-2025/Malaria/busco_downloads/lineages/apicomplexa_odb12/hmms/69196at5794.hmm
# Target file:     /home/inf-20-2025/Malaria/Results/6_nobird_annotation/P_berghei.faa
# Option settings: hmmsearch --domtblout Results/8_busco/P_berghei/run_apicomplexa_odb12/hmmer_output/initial_run_results/69196at5794.out --cpu 1 /home/inf-20-2025/Malaria/busco_downloads/lineages/apicomplexa_odb12/hmms/69196at5794.hmm /home/inf-20-2025/Malaria/Results/6_nobird_annotation/P_berghei.faa 
# Current dir:     /home/inf-20-2025/Malaria
# Date:            Wed Mar  4 18:30:29 2026
# [ok]
