#                                                                            --- full sequence --- -------------- this domain -------------   hmm coord   ali coord   env coord
# target name        accession   tlen query name           accession   qlen   E-value  score  bias   #  of  c-Evalue  i-Evalue  score  bias  from    to  from    to  from    to  acc description of target
#------------------- ---------- ----- -------------------- ---------- ----- --------- ------ ----- --- --- --------- --------- ------ ----- ----- ----- ----- ----- ----- ----- ---- ---------------------
6882_g               -            403 9722                 -            373  3.7e-145  481.9  18.6   1   1  3.9e-148  4.7e-145  481.5  18.6     8   371     4   394     1   396 0.91 length=404	scaffold=gi56497068	strand=+	adjustedToFrame=3
5453_g               -            429 9722                 -            373   2.8e-18   64.3   9.7   1   1   3.3e-21     4e-18   63.8   9.7    12   205   186   382   178   396 0.79 length=429	scaffold=gi56492448	strand=-
6532_g               -            463 9722                 -            373   2.8e-17   61.0  16.3   1   1   9.2e-20   1.1e-16   59.1  16.3    12   351    93   440    85   457 0.67 length=464	scaffold=gi56500476	strand=+
2798_g               -            129 9722                 -            373    0.0026   15.1   1.1   1   1   2.4e-06    0.0028   14.9   1.1   126   197    37   106    17   121 0.79 length=130	scaffold=gi56501329	strand=+
1344_g               -            182 9722                 -            373    0.0029   14.9   0.3   1   2   9.8e-05      0.12    9.6   0.0    21    79     4    66     1    69 0.72 length=183	scaffold=gi56496833	strand=+	adjustedToFrame=2
1344_g               -            182 9722                 -            373    0.0029   14.9   0.3   2   2    0.0039       4.7    4.4   0.1   178   211    66    99    63   105 0.78 length=183	scaffold=gi56496833	strand=+	adjustedToFrame=2
1130_g               -            457 9722                 -            373    0.0046   14.3   0.0   1   2   0.00026      0.31    8.3   0.0   279   329    46    96    37   116 0.83 length=458	scaffold=gi56497144	strand=+
1130_g               -            457 9722                 -            373    0.0046   14.3   0.0   2   2    0.0082       9.9    3.3   0.0   180   220   395   436   365   454 0.83 length=458	scaffold=gi56497144	strand=+
#
# Program:         hmmsearch
# Version:         3.4 (Aug 2023)
# Pipeline mode:   SEARCH
# Query file:      /home/inf-20-2025/Malaria/busco_downloads/lineages/apicomplexa_odb12/hmms/9722at5794.hmm
# Target file:     /home/inf-20-2025/Malaria/Results/6_nobird_annotation/P_berghei.faa
# Option settings: hmmsearch --domtblout Results/8_busco/P_berghei/run_apicomplexa_odb12/hmmer_output/initial_run_results/9722at5794.out --cpu 1 /home/inf-20-2025/Malaria/busco_downloads/lineages/apicomplexa_odb12/hmms/9722at5794.hmm /home/inf-20-2025/Malaria/Results/6_nobird_annotation/P_berghei.faa 
# Current dir:     /home/inf-20-2025/Malaria
# Date:            Wed Mar  4 18:30:30 2026
# [ok]
