#                                                                            --- full sequence --- -------------- this domain -------------   hmm coord   ali coord   env coord
# target name        accession   tlen query name           accession   qlen   E-value  score  bias   #  of  c-Evalue  i-Evalue  score  bias  from    to  from    to  from    to  acc description of target
#------------------- ---------- ----- -------------------- ---------- ----- --------- ------ ----- --- --- --------- --------- ------ ----- ----- ----- ----- ----- ----- ----- ---- ---------------------
453_g                -           1548 10486                -            524  4.5e-189  627.6  34.9   1   6       2.4   9.9e+02   -3.7   0.1    78   142   205   269   199   285 0.78 length=1549	scaffold=gi564281162	strand=-
453_g                -           1548 10486                -            524  4.5e-189  627.6  34.9   2   6   9.5e-19   3.9e-16   57.0   0.2     4    87   471   558   468   568 0.88 length=1549	scaffold=gi564281162	strand=-
453_g                -           1548 10486                -            524  4.5e-189  627.6  34.9   3   6   2.7e-10   1.1e-07   29.1   1.2    78   163   667   756   648   766 0.85 length=1549	scaffold=gi564281162	strand=-
453_g                -           1548 10486                -            524  4.5e-189  627.6  34.9   4   6   3.3e-40   1.4e-37  127.8   1.9   138   258   822   944   785   952 0.83 length=1549	scaffold=gi564281162	strand=-
453_g                -           1548 10486                -            524  4.5e-189  627.6  34.9   5   6  9.5e-105  3.9e-102  340.8   2.0   248   440  1072  1271  1066  1279 0.92 length=1549	scaffold=gi564281162	strand=-
453_g                -           1548 10486                -            524  4.5e-189  627.6  34.9   6   6   6.3e-30   2.6e-27   93.9   0.1   435   520  1297  1382  1294  1386 0.95 length=1549	scaffold=gi564281162	strand=-
3570_g               -           1994 10486                -            524     9e-20   69.0  10.2   1   3      0.34   1.4e+02   -0.9   0.0   193   300   353   455   315   457 0.81 length=1995	scaffold=gi564276574	strand=+
3570_g               -           1994 10486                -            524     9e-20   69.0  10.2   2   3   7.2e-12   2.9e-09   34.3  10.6   300   376   664   726   655   751 0.84 length=1995	scaffold=gi564276574	strand=+
3570_g               -           1994 10486                -            524     9e-20   69.0  10.2   3   3   3.4e-10   1.4e-07   28.8   0.0   434   496   886   947   881   970 0.82 length=1995	scaffold=gi564276574	strand=+
4438_g               -            471 10486                -            524   7.4e-09   33.0   1.4   1   2   4.6e-10   1.9e-07   28.3   1.6   332   377   293   337   281   357 0.85 length=472	scaffold=gi564275248	strand=+
4438_g               -            471 10486                -            524   7.4e-09   33.0   1.4   2   2     0.064        26    1.5   0.0   468   494   425   451   411   469 0.77 length=472	scaffold=gi564275248	strand=+
2828_g               -            549 10486                -            524   7.8e-08   29.6   1.5   1   2   2.6e-05     0.011   12.7   0.0    21    85    49   115    35   138 0.86 length=550	scaffold=gi564277600	strand=+
2828_g               -            549 10486                -            524   7.8e-08   29.6   1.5   2   2   3.1e-06    0.0013   15.7   0.3    14   108   151   249   144   315 0.77 length=550	scaffold=gi564277600	strand=+
1068_g               -            399 10486                -            524   4.1e-06   23.9  11.1   1   3       1.2   4.9e+02   -2.7   0.0    67   114    15    62     6    81 0.66 length=400	scaffold=gi564279795	strand=-
1068_g               -            399 10486                -            524   4.1e-06   23.9  11.1   2   3   2.1e-06   0.00086   16.3   0.2     9    75    93   160    84   163 0.86 length=400	scaffold=gi564279795	strand=-
1068_g               -            399 10486                -            524   4.1e-06   23.9  11.1   3   3   2.5e-05      0.01   12.7   4.3    10   101   160   256   157   319 0.77 length=400	scaffold=gi564279795	strand=-
3597_g               -            182 10486                -            524   7.7e-06   23.0   0.0   1   1   2.5e-08     1e-05   22.6   0.0     9    82    61   135    37   178 0.77 length=183	scaffold=gi564276574	strand=+
2604_g               -            611 10486                -            524   5.1e-05   20.3   2.3   1   5      0.99   4.1e+02   -2.5   0.9   123   179   113   172    34   201 0.60 length=612	scaffold=gi564277886	strand=+
2604_g               -            611 10486                -            524   5.1e-05   20.3   2.3   2   5    0.0044       1.8    5.3   0.0    24    77   294   349   277   356 0.76 length=612	scaffold=gi564277886	strand=+
2604_g               -            611 10486                -            524   5.1e-05   20.3   2.3   3   5   1.2e-07   5.1e-05   20.3   2.3     9   127   346   460   338   501 0.75 length=612	scaffold=gi564277886	strand=+
2604_g               -            611 10486                -            524   5.1e-05   20.3   2.3   4   5    0.0037       1.5    5.5   0.6    13   141   415   544   412   570 0.71 length=612	scaffold=gi564277886	strand=+
2604_g               -            611 10486                -            524   5.1e-05   20.3   2.3   5   5       0.8   3.3e+02   -2.2   0.0   373   413   562   601   555   605 0.85 length=612	scaffold=gi564277886	strand=+
3913_g               -            318 10486                -            524   5.4e-05   20.2   0.0   1   1     3e-07   0.00012   19.1   0.0     6    78   227   300   222   316 0.86 length=319	scaffold=gi564275940	strand=+
3237_g               -            304 10486                -            524   8.9e-05   19.5   0.1   1   1     3e-07   0.00012   19.0   0.1    10   111    35   138    26   195 0.85 length=305	scaffold=gi564277146	strand=-
429_g                -            639 10486                -            524   0.00021   18.3   0.2   1   2   1.8e-06   0.00074   16.5   0.0    10    99    36   125    29   226 0.73 length=640	scaffold=gi564281162	strand=-
429_g                -            639 10486                -            524   0.00021   18.3   0.2   2   2      0.42   1.7e+02   -1.2   0.0   439   467   357   385   339   394 0.79 length=640	scaffold=gi564281162	strand=-
2131_g               -            447 10486                -            524   0.00037   17.5   0.5   1   3         1   4.1e+02   -2.5   0.0   225   285    52   113    35   125 0.60 length=448	scaffold=gi564278570	strand=+
2131_g               -            447 10486                -            524   0.00037   17.5   0.5   2   3   8.9e-07   0.00037   17.5   0.5   331   372   145   183   138   195 0.86 length=448	scaffold=gi564278570	strand=+
2131_g               -            447 10486                -            524   0.00037   17.5   0.5   3   3      0.72   2.9e+02   -2.0   0.0   404   423   190   208   186   227 0.82 length=448	scaffold=gi564278570	strand=+
3072_g               -            892 10486                -            524    0.0045   13.9   0.5   1   3     0.032        13    2.5   0.0    17    76    89   149    84   155 0.82 length=893	scaffold=gi564277281	strand=-
3072_g               -            892 10486                -            524    0.0045   13.9   0.5   2   3   0.00034      0.14    9.0   0.0    17    60   155   199   147   227 0.76 length=893	scaffold=gi564277281	strand=-
3072_g               -            892 10486                -            524    0.0045   13.9   0.5   3   3       2.5     1e+03   -3.8   0.3   144   190   432   478   391   494 0.52 length=893	scaffold=gi564277281	strand=-
#
# Program:         hmmsearch
# Version:         3.4 (Aug 2023)
# Pipeline mode:   SEARCH
# Query file:      /home/inf-20-2025/Malaria/busco_downloads/lineages/apicomplexa_odb12/hmms/10486at5794.hmm
# Target file:     /home/inf-20-2025/Malaria/Results/6_nobird_annotation/P_yoelii.faa
# Option settings: hmmsearch --domtblout Results/8_busco/P_yoelii/run_apicomplexa_odb12/hmmer_output/initial_run_results/10486at5794.out --cpu 1 /home/inf-20-2025/Malaria/busco_downloads/lineages/apicomplexa_odb12/hmms/10486at5794.hmm /home/inf-20-2025/Malaria/Results/6_nobird_annotation/P_yoelii.faa 
# Current dir:     /home/inf-20-2025/Malaria
# Date:            Wed Mar  4 18:32:28 2026
# [ok]
