#                                                                            --- full sequence --- -------------- this domain -------------   hmm coord   ali coord   env coord
# target name        accession   tlen query name           accession   qlen   E-value  score  bias   #  of  c-Evalue  i-Evalue  score  bias  from    to  from    to  from    to  acc description of target
#------------------- ---------- ----- -------------------- ---------- ----- --------- ------ ----- --- --- --------- --------- ------ ----- ----- ----- ----- ----- ----- ----- ---- ---------------------
769_g                -            568 11080                -            389    8e-152  503.9  20.9   1   3   1.5e-75     5e-73  244.4   0.5     1   182   101   286   101   291 0.96 length=569	scaffold=gi564280748	strand=+
769_g                -            568 11080                -            389    8e-152  503.9  20.9   2   3   2.5e-05    0.0083   13.3   0.2   177   209   314   346   297   349 0.89 length=569	scaffold=gi564280748	strand=+
769_g                -            568 11080                -            389    8e-152  503.9  20.9   3   3   2.6e-78   8.4e-76  253.6   8.9   195   389   353   562   348   562 0.89 length=569	scaffold=gi564280748	strand=+
2687_g               -            454 11080                -            389     5e-11   40.3   2.4   1   2   7.1e-05     0.023   11.8   0.1    43   116   140   211   109   243 0.84 length=455	scaffold=gi564277886	strand=+
2687_g               -            454 11080                -            389     5e-11   40.3   2.4   2   2   6.9e-10   2.3e-07   28.3   0.3    79   196   264   388   237   395 0.83 length=455	scaffold=gi564277886	strand=+
1466_g               -            481 11080                -            389   3.2e-10   37.7   8.0   1   3   6.7e-09   2.2e-06   25.1   0.8    85   200   179   293   123   317 0.55 length=482	scaffold=gi564279795	strand=-
1466_g               -            481 11080                -            389   3.2e-10   37.7   8.0   2   3   8.8e-09   2.9e-06   24.7   1.2    81   166   217   305   184   361 0.62 length=482	scaffold=gi564279795	strand=-
1466_g               -            481 11080                -            389   3.2e-10   37.7   8.0   3   3     0.088        29    1.6   0.2   343   366   448   471   383   480 0.76 length=482	scaffold=gi564279795	strand=-
250_g                -            619 11080                -            389   1.1e-08   32.6   0.5   1   2     0.015       4.8    4.2   0.0   121   176   233   290   216   304 0.85 length=620	scaffold=gi564281162	strand=-
250_g                -            619 11080                -            389   1.1e-08   32.6   0.5   2   2   3.5e-09   1.2e-06   26.0   0.1    88   201   416   527   394   596 0.89 length=620	scaffold=gi564281162	strand=-
221_g                -            363 11080                -            389   1.4e-07   29.0   3.6   1   2   9.8e-06    0.0032   14.6   0.6   126   199    73   146    12   152 0.60 length=364	scaffold=gi564281162	strand=+
221_g                -            363 11080                -            389   1.4e-07   29.0   3.6   2   2   2.2e-05    0.0072   13.5   0.1   127   195   180   246   163   258 0.81 length=364	scaffold=gi564281162	strand=+
95_g                 -            391 11080                -            389   2.5e-07   28.2   1.0   1   3      0.42   1.4e+02   -0.6   0.0    47    87   101   142    97   151 0.78 length=392	scaffold=gi564281844	strand=-
95_g                 -            391 11080                -            389   2.5e-07   28.2   1.0   2   3   7.5e-10   2.5e-07   28.2   1.0    92   220   193   322   166   339 0.71 length=392	scaffold=gi564281844	strand=-
95_g                 -            391 11080                -            389   2.5e-07   28.2   1.0   3   3       2.2   7.3e+02   -3.0   3.8   345   375   354   384   321   388 0.62 length=392	scaffold=gi564281844	strand=-
887_g                -            322 11080                -            389   3.6e-07   27.6   3.8   1   2   8.5e-05     0.028   11.6   0.0   126   199    17    90     4   114 0.77 length=323	scaffold=gi564280748	strand=-
887_g                -            322 11080                -            389   3.6e-07   27.6   3.8   2   2   2.2e-06   0.00072   16.8   0.8    94   235   113   258   102   264 0.74 length=323	scaffold=gi564280748	strand=-
2817_g               -            615 11080                -            389   1.3e-06   25.8   8.5   1   3       7.2   2.4e+03   -4.7   3.4   345   368   161   184   115   204 0.54 length=616	scaffold=gi564277600	strand=-
2817_g               -            615 11080                -            389   1.3e-06   25.8   8.5   2   3   1.7e-08   5.5e-06   23.7   0.0    81   215   346   479   314   496 0.71 length=616	scaffold=gi564277600	strand=-
2817_g               -            615 11080                -            389   1.3e-06   25.8   8.5   3   3    0.0034       1.1    6.3   0.0   127   203   523   602   502   614 0.68 length=616	scaffold=gi564277600	strand=-
4397_g               -            636 11080                -            389     2e-06   25.2   2.4   1   5       3.3   1.1e+03   -3.6   0.9   342   376    64    99    36   101 0.66 length=637	scaffold=gi564275248	strand=-
4397_g               -            636 11080                -            389     2e-06   25.2   2.4   2   5       4.2   1.4e+03   -3.9   6.1   321   366   185   230   168   241 0.73 length=637	scaffold=gi564275248	strand=-
4397_g               -            636 11080                -            389     2e-06   25.2   2.4   3   5     2e-05    0.0065   13.6   0.2    69   198   343   471   328   493 0.75 length=637	scaffold=gi564275248	strand=-
4397_g               -            636 11080                -            389     2e-06   25.2   2.4   4   5   2.2e-07   7.2e-05   20.1   0.1    67   203   467   602   453   617 0.74 length=637	scaffold=gi564275248	strand=-
4397_g               -            636 11080                -            389     2e-06   25.2   2.4   5   5     0.017       5.6    4.0   0.0    49    96   575   622   565   631 0.85 length=637	scaffold=gi564275248	strand=-
1983_g               -            446 11080                -            389   3.5e-06   24.4   0.1   1   3       2.3   7.6e+02   -3.0   0.0   140   150   170   180   128   201 0.51 length=447	scaffold=gi564279133	strand=-
1983_g               -            446 11080                -            389   3.5e-06   24.4   0.1   2   3   3.2e-08     1e-05   22.8   0.0    78   196   249   369   206   378 0.77 length=447	scaffold=gi564279133	strand=-
1983_g               -            446 11080                -            389   3.5e-06   24.4   0.1   3   3       3.3   1.1e+03   -3.6   0.0   163   203   395   435   388   441 0.75 length=447	scaffold=gi564279133	strand=-
4548_g               -            441 11080                -            389     5e-06   23.9   8.1   1   3         2   6.7e+02   -2.9   0.2   175   196   145   167   102   181 0.62 length=442	scaffold=gi564275041	strand=+
4548_g               -            441 11080                -            389     5e-06   23.9   8.1   2   3   1.8e-05    0.0059   13.8   0.5   156   205   239   289   232   297 0.85 length=442	scaffold=gi564275041	strand=+
4548_g               -            441 11080                -            389     5e-06   23.9   8.1   3   3   1.1e-05    0.0035   14.5   0.1   134   196   325   385   301   414 0.61 length=442	scaffold=gi564275041	strand=+
3668_g               -            648 11080                -            389   5.6e-06   23.7   2.8   1   4   1.1e-05    0.0038   14.4   0.0   113   161   111   159    99   167 0.84 length=649	scaffold=gi564275940	strand=+
3668_g               -            648 11080                -            389   5.6e-06   23.7   2.8   2   4      0.17        55    0.7   0.0    90   130   172   212   165   220 0.84 length=649	scaffold=gi564275940	strand=+
3668_g               -            648 11080                -            389   5.6e-06   23.7   2.8   3   4    0.0072       2.4    5.2   0.6   137   200   331   393   290   409 0.73 length=649	scaffold=gi564275940	strand=+
3668_g               -            648 11080                -            389   5.6e-06   23.7   2.8   4   4       1.1   3.5e+02   -1.9   0.0   131   194   450   511   418   518 0.49 length=649	scaffold=gi564275940	strand=+
2875_g               -            499 11080                -            389   1.1e-05   22.8   0.1   1   3       2.9   9.6e+02   -3.4   0.9   355   374   130   149    93   191 0.50 length=500	scaffold=gi564277600	strand=+
2875_g               -            499 11080                -            389   1.1e-05   22.8   0.1   2   3      0.34   1.1e+02   -0.3   0.1   166   196   256   286   223   315 0.64 length=500	scaffold=gi564277600	strand=+
2875_g               -            499 11080                -            389   1.1e-05   22.8   0.1   3   3   3.2e-08   1.1e-05   22.8   0.1    53   163   315   429   308   469 0.79 length=500	scaffold=gi564277600	strand=+
366_g                -            513 11080                -            389   5.7e-05   20.4   0.4   1   2       2.3   7.7e+02   -3.1   0.0   128   150   251   273   227   280 0.65 length=514	scaffold=gi564281162	strand=+
366_g                -            513 11080                -            389   5.7e-05   20.4   0.4   2   2   4.8e-07   0.00016   19.0   0.2    93   206   335   451   314   460 0.72 length=514	scaffold=gi564281162	strand=+
3396_g               -            327 11080                -            389    0.0027   14.9   0.2   1   2      0.16        53    0.8   0.0   123   186    54   115     5   131 0.62 length=328	scaffold=gi564276791	strand=-
3396_g               -            327 11080                -            389    0.0027   14.9   0.2   2   2    0.0001     0.033   11.3   0.1    63   155   127   219   121   268 0.80 length=328	scaffold=gi564276791	strand=-
#
# Program:         hmmsearch
# Version:         3.4 (Aug 2023)
# Pipeline mode:   SEARCH
# Query file:      /home/inf-20-2025/Malaria/busco_downloads/lineages/apicomplexa_odb12/hmms/11080at5794.hmm
# Target file:     /home/inf-20-2025/Malaria/Results/6_nobird_annotation/P_yoelii.faa
# Option settings: hmmsearch --domtblout Results/8_busco/P_yoelii/run_apicomplexa_odb12/hmmer_output/initial_run_results/11080at5794.out --cpu 1 /home/inf-20-2025/Malaria/busco_downloads/lineages/apicomplexa_odb12/hmms/11080at5794.hmm /home/inf-20-2025/Malaria/Results/6_nobird_annotation/P_yoelii.faa 
# Current dir:     /home/inf-20-2025/Malaria
# Date:            Wed Mar  4 18:32:28 2026
# [ok]
