#                                                                            --- full sequence --- -------------- this domain -------------   hmm coord   ali coord   env coord
# target name        accession   tlen query name           accession   qlen   E-value  score  bias   #  of  c-Evalue  i-Evalue  score  bias  from    to  from    to  from    to  acc description of target
#------------------- ---------- ----- -------------------- ---------- ----- --------- ------ ----- --- --- --------- --------- ------ ----- ----- ----- ----- ----- ----- ----- ---- ---------------------
4552_g               -            269 11416                -            261  7.1e-100  332.1  19.3   1   2     0.032       7.6    4.2   3.4     3    24     4    25     2    27 0.84 length=270	scaffold=gi564275041	strand=+
4552_g               -            269 11416                -            261  7.1e-100  332.1  19.3   2   2    3e-102  7.1e-100  332.1  19.3     2   260    23   269    22   269 0.97 length=270	scaffold=gi564275041	strand=+
1317_g               -            923 11416                -            261   3.4e-26   90.6  36.3   1   6   7.2e-12   1.7e-09   35.8   2.3    96   241    25   160    10   167 0.67 length=924	scaffold=gi564279795	strand=+
1317_g               -            923 11416                -            261   3.4e-26   90.6  36.3   2   6   2.1e-07     5e-05   21.2   0.2   180   242   187   248   165   258 0.91 length=924	scaffold=gi564279795	strand=+
1317_g               -            923 11416                -            261   3.4e-26   90.6  36.3   3   6   3.8e-09   8.9e-07   26.9   0.2   167   242   265   335   250   339 0.80 length=924	scaffold=gi564279795	strand=+
1317_g               -            923 11416                -            261   3.4e-26   90.6  36.3   4   6       7.1   1.7e+03   -3.5   1.6   102   161   356   412   345   454 0.53 length=924	scaffold=gi564279795	strand=+
1317_g               -            923 11416                -            261   3.4e-26   90.6  36.3   5   6   5.9e-10   1.4e-07   29.6   1.0   164   241   474   553   399   555 0.76 length=924	scaffold=gi564279795	strand=+
1317_g               -            923 11416                -            261   3.4e-26   90.6  36.3   6   6       5.3   1.2e+03   -3.0   4.7   150   179   779   809   756   839 0.61 length=924	scaffold=gi564279795	strand=+
1696_g               -            511 11416                -            261   3.3e-22   77.5   7.9   1   3   3.6e-05    0.0084   13.9   3.8   188   242    95   149     2   157 0.87 length=512	scaffold=gi564279471	strand=-
1696_g               -            511 11416                -            261   3.3e-22   77.5   7.9   2   3   1.9e-10   4.6e-08   31.2   0.0   174   242   180   248   154   252 0.89 length=512	scaffold=gi564279471	strand=-
1696_g               -            511 11416                -            261   3.3e-22   77.5   7.9   3   3   1.2e-10   2.7e-08   31.9   0.1   188   243   379   434   334   452 0.90 length=512	scaffold=gi564279471	strand=-
3517_g               -            248 11416                -            261   6.2e-16   56.9   0.6   1   2   2.7e-18   6.2e-16   56.9   0.6   161   259     4   100     1   102 0.92 length=249	scaffold=gi564276574	strand=+
3517_g               -            248 11416                -            261   6.2e-16   56.9   0.6   2   2         3     7e+02   -2.2   2.2   153   162   200   209   164   239 0.52 length=249	scaffold=gi564276574	strand=+
2486_g               -            508 11416                -            261   4.6e-15   54.1   2.1   1   3      0.02       4.8    4.9   0.3   186   242    87   143    46   145 0.90 length=509	scaffold=gi564277886	strand=+
2486_g               -            508 11416                -            261   4.6e-15   54.1   2.1   2   3   7.9e-11   1.9e-08   32.4   0.2   171   242   170   240   160   247 0.91 length=509	scaffold=gi564277886	strand=+
2486_g               -            508 11416                -            261   4.6e-15   54.1   2.1   3   3   6.1e-10   1.4e-07   29.5   0.1   192   242   412   462   399   497 0.94 length=509	scaffold=gi564277886	strand=+
1255_g               -            767 11416                -            261   2.5e-14   51.7   5.5   1   5       1.3   3.2e+02   -1.1   5.0    95   216     8   126     2   141 0.65 length=768	scaffold=gi564279795	strand=+
1255_g               -            767 11416                -            261   2.5e-14   51.7   5.5   2   5   7.5e-10   1.8e-07   29.2   0.1   154   255   352   447   331   451 0.83 length=768	scaffold=gi564279795	strand=+
1255_g               -            767 11416                -            261   2.5e-14   51.7   5.5   3   5      0.26        62    1.2   4.5   145   207   457   521   449   542 0.61 length=768	scaffold=gi564279795	strand=+
1255_g               -            767 11416                -            261   2.5e-14   51.7   5.5   4   5     0.011       2.7    5.7   0.1   213   241   559   587   556   598 0.87 length=768	scaffold=gi564279795	strand=+
1255_g               -            767 11416                -            261   2.5e-14   51.7   5.5   5   5   5.7e-11   1.3e-08   32.9   1.6   157   242   609   690   590   699 0.83 length=768	scaffold=gi564279795	strand=+
3254_g               -            288 11416                -            261     7e-14   50.2   0.0   1   2   6.5e-11   1.5e-08   32.7   0.0   183   241    11    68     3    75 0.90 length=289	scaffold=gi564277146	strand=+
3254_g               -            288 11416                -            261     7e-14   50.2   0.0   2   2   1.3e-05     0.003   15.4   0.0   181   242   154   214   143   227 0.91 length=289	scaffold=gi564277146	strand=+
3558_g               -            426 11416                -            261   3.5e-13   47.9   2.8   1   2   7.3e-08   1.7e-05   22.7   0.0   176   245   202   270   187   286 0.87 length=427	scaffold=gi564276574	strand=+
3558_g               -            426 11416                -            261   3.5e-13   47.9   2.8   2   2   3.8e-08     9e-06   23.6   2.3   164   255   330   423   290   426 0.73 length=427	scaffold=gi564276574	strand=+
3556_g               -            525 11416                -            261   1.8e-11   42.3   8.5   1   2   2.4e-10   5.5e-08   30.9   0.7   106   245   232   369   198   385 0.83 length=526	scaffold=gi564276574	strand=+
3556_g               -            525 11416                -            261   1.8e-11   42.3   8.5   2   2   3.7e-08   8.7e-06   23.7   1.7   164   255   429   522   394   525 0.72 length=526	scaffold=gi564276574	strand=+
436_g                -            735 11416                -            261   4.1e-11   41.1   7.8   1   3   1.6e-08   3.7e-06   24.9   7.6   147   242   295   387   265   406 0.77 length=736	scaffold=gi564281162	strand=-
436_g                -            735 11416                -            261   4.1e-11   41.1   7.8   2   3   5.4e-08   1.3e-05   23.1   0.0   189   242   438   491   436   509 0.92 length=736	scaffold=gi564281162	strand=-
436_g                -            735 11416                -            261   4.1e-11   41.1   7.8   3   3      0.96   2.3e+02   -0.6   0.2   199   245   644   686   637   703 0.79 length=736	scaffold=gi564281162	strand=-
4575_g               -            241 11416                -            261   9.9e-11   39.9   0.1   1   1   7.7e-13   1.8e-10   39.0   0.1   169   243    24    98     3   110 0.83 length=242	scaffold=gi564275041	strand=+
1826_g               -            403 11416                -            261   1.1e-09   36.5   3.9   1   2   4.6e-12   1.1e-09   36.5   3.9   177   253   270   346   217   357 0.78 length=404	scaffold=gi564279367	strand=+
1826_g               -            403 11416                -            261   1.1e-09   36.5   3.9   2   2       1.6   3.8e+02   -1.4   2.4   112   138   351   377   337   401 0.44 length=404	scaffold=gi564279367	strand=+
2454_g               -            107 11416                -            261   1.8e-09   35.8   0.1   1   1     9e-12   2.1e-09   35.5   0.1   181   258    25   102     3   105 0.92 length=108	scaffold=gi564277886	strand=+
785_g                -            158 11416                -            261   2.1e-09   35.5   1.5   1   2      0.53   1.2e+02    0.2   0.2   136   173     3    37     1    44 0.68 length=159	scaffold=gi564280748	strand=+
785_g                -            158 11416                -            261   2.1e-09   35.5   1.5   2   2   9.1e-12   2.1e-09   35.5   1.5   155   241    43   127    32   139 0.85 length=159	scaffold=gi564280748	strand=+
2174_g               -            464 11416                -            261     3e-09   35.0   4.4   1   3   0.00015     0.035   11.9   4.0   171   240    68   136     3   140 0.70 length=465	scaffold=gi564278570	strand=-
2174_g               -            464 11416                -            261     3e-09   35.0   4.4   2   3   1.3e-11     3e-09   35.0   4.4   163   237   270   346   254   349 0.76 length=465	scaffold=gi564278570	strand=-
2174_g               -            464 11416                -            261     3e-09   35.0   4.4   3   3         9   2.1e+03   -3.8   3.5   111   145   387   421   361   446 0.49 length=465	scaffold=gi564278570	strand=-
1129_g               -            128 11416                -            261   6.3e-09   34.0   0.1   1   1   3.8e-11   8.9e-09   33.5   0.1   179   259     7    87     2    89 0.91 length=129	scaffold=gi564279795	strand=-
2059_g               -            722 11416                -            261   1.3e-07   29.6   0.0   1   2   5.7e-10   1.3e-07   29.6   0.0   175   244     3    72     1    89 0.87 length=723	scaffold=gi564278570	strand=-
2059_g               -            722 11416                -            261   1.3e-07   29.6   0.0   2   2       4.1   9.5e+02   -2.7   2.1    97   139   291   334   258   363 0.51 length=723	scaffold=gi564278570	strand=-
2327_g               -            309 11416                -            261   6.5e-07   27.4   0.0   1   1   2.8e-09   6.5e-07   27.4   0.0   164   242    21    99     5   103 0.87 length=310	scaffold=gi564278570	strand=+
801_g                -            309 11416                -            261   1.6e-05   22.8   2.8   1   3   1.4e-06   0.00032   18.6   0.1   180   239     9    65     4    87 0.88 length=310	scaffold=gi564280748	strand=-
801_g                -            309 11416                -            261   1.6e-05   22.8   2.8   2   3     0.038       8.8    4.0   0.0   225   245   148   168    82   171 0.79 length=310	scaffold=gi564280748	strand=-
801_g                -            309 11416                -            261   1.6e-05   22.8   2.8   3   3      0.74   1.7e+02   -0.2   0.6    92   132   167   207   157   284 0.53 length=310	scaffold=gi564280748	strand=-
4565_g               -            404 11416                -            261   8.9e-05   20.4   0.0   1   3       4.4     1e+03   -2.8   0.1    47    66   101   120    96   127 0.68 length=405	scaffold=gi564275041	strand=-
4565_g               -            404 11416                -            261   8.9e-05   20.4   0.0   2   3   3.8e-07   8.9e-05   20.4   0.0   188   228   166   206   161   212 0.91 length=405	scaffold=gi564275041	strand=-
4565_g               -            404 11416                -            261   8.9e-05   20.4   0.0   3   3       3.1   7.4e+02   -2.3   0.1   205   231   281   306   269   336 0.71 length=405	scaffold=gi564275041	strand=-
2038_g               -            192 11416                -            261   0.00061   17.6   1.5   1   2   0.00011     0.025   12.3   0.4   179   260    10    92     7    93 0.84 length=193	scaffold=gi564278570	strand=+
2038_g               -            192 11416                -            261   0.00061   17.6   1.5   2   2     0.024       5.7    4.6   0.0   158   201    99   142    91   179 0.76 length=193	scaffold=gi564278570	strand=+
#
# Program:         hmmsearch
# Version:         3.4 (Aug 2023)
# Pipeline mode:   SEARCH
# Query file:      /home/inf-20-2025/Malaria/busco_downloads/lineages/apicomplexa_odb12/hmms/11416at5794.hmm
# Target file:     /home/inf-20-2025/Malaria/Results/6_nobird_annotation/P_yoelii.faa
# Option settings: hmmsearch --domtblout Results/8_busco/P_yoelii/run_apicomplexa_odb12/hmmer_output/initial_run_results/11416at5794.out --cpu 1 /home/inf-20-2025/Malaria/busco_downloads/lineages/apicomplexa_odb12/hmms/11416at5794.hmm /home/inf-20-2025/Malaria/Results/6_nobird_annotation/P_yoelii.faa 
# Current dir:     /home/inf-20-2025/Malaria
# Date:            Wed Mar  4 18:32:30 2026
# [ok]
