#                                                                            --- full sequence --- -------------- this domain -------------   hmm coord   ali coord   env coord
# target name        accession   tlen query name           accession   qlen   E-value  score  bias   #  of  c-Evalue  i-Evalue  score  bias  from    to  from    to  from    to  acc description of target
#------------------- ---------- ----- -------------------- ---------- ----- --------- ------ ----- --- --- --------- --------- ------ ----- ----- ----- ----- ----- ----- ----- ---- ---------------------
541_g                -            344 12280                -            331  6.9e-167  552.5   1.0   1   1  3.7e-169  7.9e-167  552.3   1.0     3   331    10   338     8   338 0.99 length=345	scaffold=gi564281162	strand=-
4250_g               -            330 12280                -            331   1.8e-92  308.0   2.1   1   1   9.5e-95     2e-92  307.8   2.1     4   321     2   324     1   329 0.91 length=331	scaffold=gi564275558	strand=+
1472_g               -            336 12280                -            331   6.9e-83  276.4   0.2   1   1   4.1e-85   8.9e-83  276.1   0.2     7   321    17   326    12   334 0.93 length=337	scaffold=gi564279795	strand=+
3984_g               -            349 12280                -            331   7.2e-30  102.2   3.4   1   2   4.5e-15   9.5e-13   45.9   0.0     7    68     1    62     1    85 0.95 length=350	scaffold=gi564275940	strand=+
3984_g               -            349 12280                -            331   7.2e-30  102.2   3.4   2   2   2.6e-18   5.6e-16   56.5   1.5    85   262   102   280    82   339 0.81 length=350	scaffold=gi564275940	strand=+
4260_g               -            901 12280                -            331   1.3e-23   81.6   2.2   1   2     0.002      0.44    7.6   0.0     5    34   348   377   345   382 0.86 length=902	scaffold=gi564275558	strand=-
4260_g               -            901 12280                -            331   1.3e-23   81.6   2.2   2   2   4.7e-23     1e-20   72.1   1.2    29   217   395   581   388   624 0.81 length=902	scaffold=gi564275558	strand=-
1987_g               -           1046 12280                -            331     5e-13   46.8   3.4   1   2     0.026       5.5    4.0   0.0     4    34   252   282   249   289 0.84 length=1047	scaffold=gi564279133	strand=-
1987_g               -           1046 12280                -            331     5e-13   46.8   3.4   2   2   5.2e-14   1.1e-11   42.4   1.2    37   211   312   486   291   495 0.75 length=1047	scaffold=gi564279133	strand=-
3970_g               -            595 12280                -            331   2.5e-09   34.6   2.0   1   1   1.3e-10   2.7e-08   31.2   2.1    40   216   193   358   166   402 0.82 length=596	scaffold=gi564275940	strand=+
700_g                -           1162 12280                -            331   1.4e-06   25.6   1.7   1   3     0.091        19    2.1   0.4   176   256   358   438   346   494 0.77 length=1163	scaffold=gi564280748	strand=-
700_g                -           1162 12280                -            331   1.4e-06   25.6   1.7   2   3   9.2e-05      0.02   12.0   0.0    42    62   556   576   543   581 0.89 length=1163	scaffold=gi564280748	strand=-
700_g                -           1162 12280                -            331   1.4e-06   25.6   1.7   3   3    0.0018      0.39    7.7   0.0    42    63   903   924   878   936 0.89 length=1163	scaffold=gi564280748	strand=-
2824_g               -            776 12280                -            331   9.2e-06   22.9   0.0   1   2   1.9e-05    0.0041   14.2   0.0    42   120   281   359   267   363 0.68 length=777	scaffold=gi564277600	strand=-
2824_g               -            776 12280                -            331   9.2e-06   22.9   0.0   2   2    0.0068       1.5    5.8   0.0    37    62   557   582   544   591 0.80 length=777	scaffold=gi564277600	strand=-
3729_g               -            580 12280                -            331   1.5e-05   22.2   0.1   1   3       1.5   3.3e+02   -1.9   0.0   254   285   136   168   107   172 0.65 length=581	scaffold=gi564275940	strand=+
3729_g               -            580 12280                -            331   1.5e-05   22.2   0.1   2   3   9.4e-07    0.0002   18.5   0.0    41    78   298   340   286   394 0.66 length=581	scaffold=gi564275940	strand=+
3729_g               -            580 12280                -            331   1.5e-05   22.2   0.1   3   3      0.48     1e+02   -0.2   0.0   218   251   464   497   421   520 0.79 length=581	scaffold=gi564275940	strand=+
4321_g               -            815 12280                -            331     2e-05   21.8   0.2   1   3   0.00053      0.11    9.5   0.1    42    62   242   262   237   265 0.91 length=816	scaffold=gi564275248	strand=+
4321_g               -            815 12280                -            331     2e-05   21.8   0.2   2   3       4.3   9.1e+02   -3.4   0.0   118   152   278   312   276   313 0.79 length=816	scaffold=gi564275248	strand=+
4321_g               -            815 12280                -            331     2e-05   21.8   0.2   3   3    0.0005      0.11    9.6   0.0    42    62   515   535   497   548 0.82 length=816	scaffold=gi564275248	strand=+
2514_g               -           1041 12280                -            331   4.9e-05   20.6   3.8   1   4   2.7e-05    0.0057   13.8   0.0    42    68   320   346   303   358 0.82 length=1042	scaffold=gi564277886	strand=+
2514_g               -           1041 12280                -            331   4.9e-05   20.6   3.8   2   4       2.3   4.9e+02   -2.5   0.3   145   199   484   541   461   597 0.50 length=1042	scaffold=gi564277886	strand=+
2514_g               -           1041 12280                -            331   4.9e-05   20.6   3.8   3   4      0.94     2e+02   -1.2   0.7   164   250   568   656   544   672 0.76 length=1042	scaffold=gi564277886	strand=+
2514_g               -           1041 12280                -            331   4.9e-05   20.6   3.8   4   4     0.011       2.3    5.2   0.0    41    64   693   716   662   727 0.83 length=1042	scaffold=gi564277886	strand=+
1719_g               -            475 12280                -            331   5.5e-05   20.4   0.1   1   2    0.0004     0.086    9.9   0.0    32    65    54    89    33   155 0.84 length=476	scaffold=gi564279471	strand=-
1719_g               -            475 12280                -            331   5.5e-05   20.4   0.1   2   2    0.0012      0.26    8.3   0.0   164   227   357   421   348   457 0.78 length=476	scaffold=gi564279471	strand=-
53_g                 -            475 12280                -            331   9.1e-05   19.7   0.0   1   1   6.8e-07   0.00014   19.0   0.0    15    84   223   296   213   301 0.75 length=476	scaffold=gi564281844	strand=+
1206_g               -            509 12280                -            331   0.00021   18.5   0.3   1   3   3.5e-05    0.0075   13.4   0.0    41    67   127   153   114   176 0.83 length=510	scaffold=gi564279795	strand=+
1206_g               -            509 12280                -            331   0.00021   18.5   0.3   2   3       1.9     4e+02   -2.2   0.0   205   243   158   195   156   201 0.85 length=510	scaffold=gi564279795	strand=+
1206_g               -            509 12280                -            331   0.00021   18.5   0.3   3   3      0.12        26    1.7   0.1   167   228   423   488   401   504 0.75 length=510	scaffold=gi564279795	strand=+
3934_g               -            909 12280                -            331   0.00029   18.0   0.0   1   2    0.0078       1.7    5.6   0.0     9    61   201   253   194   264 0.75 length=910	scaffold=gi564275940	strand=+
3934_g               -            909 12280                -            331   0.00029   18.0   0.0   2   2   0.00053      0.11    9.5   0.0    18    71   604   666   598   675 0.73 length=910	scaffold=gi564275940	strand=+
840_g                -            818 12280                -            331    0.0012   16.0   1.0   1   1     1e-05    0.0022   15.1   1.0   100   146   402   451   390   467 0.82 length=819	scaffold=gi564280748	strand=+
589_g                -            430 12280                -            331    0.0015   15.7   0.1   1   2      0.32        67    0.4   0.2   169   200    71   102    64   138 0.67 length=431	scaffold=gi564281162	strand=+
589_g                -            430 12280                -            331    0.0015   15.7   0.1   2   2     5e-05     0.011   12.9   0.0    30    62   136   170   106   208 0.74 length=431	scaffold=gi564281162	strand=+
1049_g               -            420 12280                -            331    0.0027   14.8   0.2   1   2   3.6e-05    0.0077   13.3   0.0    42    61   199   218   183   222 0.84 length=421	scaffold=gi564279795	strand=-
1049_g               -            420 12280                -            331    0.0027   14.8   0.2   2   2         2   4.3e+02   -2.3   0.0   134   164   351   382   348   401 0.73 length=421	scaffold=gi564279795	strand=-
4556_g               -            392 12280                -            331     0.004   14.3   0.1   1   1   4.7e-05      0.01   12.9   0.1    42    62   175   195   168   201 0.91 length=393	scaffold=gi564275041	strand=-
3808_g               -            450 12280                -            331     0.011   12.9   0.1   1   1   9.9e-05     0.021   11.9   0.1    42    61   234   253   219   263 0.85 length=451	scaffold=gi564275940	strand=-
3545_g               -           1297 12280                -            331     0.012   12.7   0.1   1   1   0.00011     0.024   11.7   0.1    40    73   681   714   667   730 0.86 length=1298	scaffold=gi564276574	strand=-
3574_g               -            447 12280                -            331      0.04   11.0   0.0   1   1   0.00043     0.091    9.8   0.0    42    62   229   249   220   280 0.88 length=448	scaffold=gi564276574	strand=-
#
# Program:         hmmsearch
# Version:         3.4 (Aug 2023)
# Pipeline mode:   SEARCH
# Query file:      /home/inf-20-2025/Malaria/busco_downloads/lineages/apicomplexa_odb12/hmms/12280at5794.hmm
# Target file:     /home/inf-20-2025/Malaria/Results/6_nobird_annotation/P_yoelii.faa
# Option settings: hmmsearch --domtblout Results/8_busco/P_yoelii/run_apicomplexa_odb12/hmmer_output/initial_run_results/12280at5794.out --cpu 1 /home/inf-20-2025/Malaria/busco_downloads/lineages/apicomplexa_odb12/hmms/12280at5794.hmm /home/inf-20-2025/Malaria/Results/6_nobird_annotation/P_yoelii.faa 
# Current dir:     /home/inf-20-2025/Malaria
# Date:            Wed Mar  4 18:32:30 2026
# [ok]
