#                                                                            --- full sequence --- -------------- this domain -------------   hmm coord   ali coord   env coord
# target name        accession   tlen query name           accession   qlen   E-value  score  bias   #  of  c-Evalue  i-Evalue  score  bias  from    to  from    to  from    to  acc description of target
#------------------- ---------- ----- -------------------- ---------- ----- --------- ------ ----- --- --- --------- --------- ------ ----- ----- ----- ----- ----- ----- ----- ---- ---------------------
247_g                -            929 13310                -            547  2.2e-153  509.9  77.7   1   4   1.5e-91   1.5e-88  295.8   2.1     6   256   215   482   213   507 0.89 length=930	scaffold=gi564281162	strand=-
247_g                -            929 13310                -            547  2.2e-153  509.9  77.7   2   4   1.2e-07   0.00012   18.9  15.1   253   365   509   625   503   629 0.77 length=930	scaffold=gi564281162	strand=-
247_g                -            929 13310                -            547  2.2e-153  509.9  77.7   3   4     9e-68   8.8e-65  217.4  34.5   309   546   628   870   620   872 0.94 length=930	scaffold=gi564281162	strand=-
247_g                -            929 13310                -            547  2.2e-153  509.9  77.7   4   4         5   4.9e+03   -9.3   5.6   326   334   903   911   886   927 0.36 length=930	scaffold=gi564281162	strand=-
2202_g               -            651 13310                -            547   2.8e-46  156.3   7.0   1   2   1.7e-35   1.7e-32  110.8   0.0     7   222   177   399   173   401 0.87 length=652	scaffold=gi564278570	strand=-
2202_g               -            651 13310                -            547   2.8e-46  156.3   7.0   2   2   1.3e-15   1.3e-12   45.2   4.7   262   435   468   629   458   632 0.86 length=652	scaffold=gi564278570	strand=-
4523_g               -            682 13310                -            547     1e-44  151.2   3.1   1   2   7.7e-33   7.6e-30  102.1   0.0     7   226   165   394   161   425 0.86 length=683	scaffold=gi564275041	strand=-
4523_g               -            682 13310                -            547     1e-44  151.2   3.1   2   2   1.3e-16   1.3e-13   48.5   1.4   261   436   461   623   449   626 0.89 length=683	scaffold=gi564275041	strand=-
678_g                -            839 13310                -            547   7.2e-32  108.8  36.7   1   4     0.029        28    1.2   0.0     6    68   151   218   149   256 0.73 length=840	scaffold=gi564280748	strand=+
678_g                -            839 13310                -            547   7.2e-32  108.8  36.7   2   4   1.5e-26   1.5e-23   81.4   0.3   102   245   285   433   262   446 0.84 length=840	scaffold=gi564280748	strand=+
678_g                -            839 13310                -            547   7.2e-32  108.8  36.7   3   4       1.9   1.8e+03   -4.8   2.1   520   543   532   555   517   567 0.52 length=840	scaffold=gi564280748	strand=+
678_g                -            839 13310                -            547   7.2e-32  108.8  36.7   4   4   1.8e-13   1.7e-10   38.2  19.7   326   545   595   812   578   818 0.83 length=840	scaffold=gi564280748	strand=+
3775_g               -            663 13310                -            547   3.5e-30  103.2  11.1   1   2   1.5e-28   1.5e-25   87.9   0.0     7   222   188   413   184   442 0.85 length=664	scaffold=gi564275940	strand=-
3775_g               -            663 13310                -            547   3.5e-30  103.2  11.1   2   2   1.2e-06    0.0012   15.6   8.6   336   429   540   636   485   659 0.79 length=664	scaffold=gi564275940	strand=-
#
# Program:         hmmsearch
# Version:         3.4 (Aug 2023)
# Pipeline mode:   SEARCH
# Query file:      /home/inf-20-2025/Malaria/busco_downloads/lineages/apicomplexa_odb12/hmms/13310at5794.hmm
# Target file:     /home/inf-20-2025/Malaria/Results/6_nobird_annotation/P_yoelii.faa
# Option settings: hmmsearch --domtblout Results/8_busco/P_yoelii/run_apicomplexa_odb12/hmmer_output/initial_run_results/13310at5794.out --cpu 1 /home/inf-20-2025/Malaria/busco_downloads/lineages/apicomplexa_odb12/hmms/13310at5794.hmm /home/inf-20-2025/Malaria/Results/6_nobird_annotation/P_yoelii.faa 
# Current dir:     /home/inf-20-2025/Malaria
# Date:            Wed Mar  4 18:32:27 2026
# [ok]
