#                                                                            --- full sequence --- -------------- this domain -------------   hmm coord   ali coord   env coord
# target name        accession   tlen query name           accession   qlen   E-value  score  bias   #  of  c-Evalue  i-Evalue  score  bias  from    to  from    to  from    to  acc description of target
#------------------- ---------- ----- -------------------- ---------- ----- --------- ------ ----- --- --- --------- --------- ------ ----- ----- ----- ----- ----- ----- ----- ---- ---------------------
1650_g               -            996 14164                -            693  2.4e-197  655.8 144.1   1   5  2.2e-107  3.6e-104  347.8   3.4     1   214    11   235    11   242 0.94 length=997	scaffold=gi564279471	strand=-
1650_g               -            996 14164                -            693  2.4e-197  655.8 144.1   2   5   7.8e-37   1.3e-33  114.6  15.8   201   343   251   403   245   419 0.83 length=997	scaffold=gi564279471	strand=-
1650_g               -            996 14164                -            693  2.4e-197  655.8 144.1   3   5   2.1e-14   3.4e-11   40.5  55.9   317   505   414   634   403   671 0.67 length=997	scaffold=gi564279471	strand=-
1650_g               -            996 14164                -            693  2.4e-197  655.8 144.1   4   5    0.0012         2    4.9   9.8   489   548   671   734   634   741 0.62 length=997	scaffold=gi564279471	strand=-
1650_g               -            996 14164                -            693  2.4e-197  655.8 144.1   5   5   1.2e-46     2e-43  147.0  42.9   522   693   777   977   715   977 0.77 length=997	scaffold=gi564279471	strand=-
2288_g               -            477 14164                -            693   6.3e-30  102.4  25.5   1   5    0.0027       4.4    3.8   0.5     1    17     8    24     8    39 0.85 length=478	scaffold=gi564278570	strand=+
2288_g               -            477 14164                -            693   6.3e-30  102.4  25.5   2   5     2e-06    0.0032   14.1   0.1    24    46    63    85    56    89 0.84 length=478	scaffold=gi564278570	strand=+
2288_g               -            477 14164                -            693   6.3e-30  102.4  25.5   3   5   0.00013      0.22    8.1   0.5    49    93   146   190   137   191 0.91 length=478	scaffold=gi564278570	strand=+
2288_g               -            477 14164                -            693   6.3e-30  102.4  25.5   4   5   3.6e-30     6e-27   92.6   0.3    89   204   215   332   194   339 0.87 length=478	scaffold=gi564278570	strand=+
2288_g               -            477 14164                -            693   6.3e-30  102.4  25.5   5   5      0.21   3.5e+02   -2.5   2.8   333   364   356   387   334   429 0.50 length=478	scaffold=gi564278570	strand=+
1032_g               -            258 14164                -            693     2e-26   90.9   0.7   1   1   1.5e-29   2.4e-26   90.6   0.7     3   183    47   238    45   255 0.88 length=259	scaffold=gi564279795	strand=+
#
# Program:         hmmsearch
# Version:         3.4 (Aug 2023)
# Pipeline mode:   SEARCH
# Query file:      /home/inf-20-2025/Malaria/busco_downloads/lineages/apicomplexa_odb12/hmms/14164at5794.hmm
# Target file:     /home/inf-20-2025/Malaria/Results/6_nobird_annotation/P_yoelii.faa
# Option settings: hmmsearch --domtblout Results/8_busco/P_yoelii/run_apicomplexa_odb12/hmmer_output/initial_run_results/14164at5794.out --cpu 1 /home/inf-20-2025/Malaria/busco_downloads/lineages/apicomplexa_odb12/hmms/14164at5794.hmm /home/inf-20-2025/Malaria/Results/6_nobird_annotation/P_yoelii.faa 
# Current dir:     /home/inf-20-2025/Malaria
# Date:            Wed Mar  4 18:32:30 2026
# [ok]
