#                                                                            --- full sequence --- -------------- this domain -------------   hmm coord   ali coord   env coord
# target name        accession   tlen query name           accession   qlen   E-value  score  bias   #  of  c-Evalue  i-Evalue  score  bias  from    to  from    to  from    to  acc description of target
#------------------- ---------- ----- -------------------- ---------- ----- --------- ------ ----- --- --- --------- --------- ------ ----- ----- ----- ----- ----- ----- ----- ---- ---------------------
3957_g               -            528 18694                -            404  5.2e-205  678.8   8.2   1   1  6.5e-207  8.1e-205  678.2   8.2     3   402   112   515   110   517 0.97 length=529	scaffold=gi564275940	strand=+
2671_g               -            570 18694                -            404   6.2e-76  253.7  20.8   1   2   9.1e-58   1.1e-55  187.0   9.6     5   232    27   235    22   239 0.93 length=571	scaffold=gi564277886	strand=-
2671_g               -            570 18694                -            404   6.2e-76  253.7  20.8   2   2   1.2e-21   1.4e-19   68.1   3.3   268   396   245   370   240   382 0.86 length=571	scaffold=gi564277886	strand=-
1672_g               -            288 18694                -            404   8.8e-59  197.2   0.7   1   3   5.6e-32   6.9e-30  102.1   0.3    13   167     2   151     1   156 0.92 length=289	scaffold=gi564279471	strand=-
1672_g               -            288 18694                -            404   8.8e-59  197.2   0.7   2   3   6.6e-16   8.1e-14   49.2   0.0   192   233   155   196   152   199 0.95 length=289	scaffold=gi564279471	strand=-
1672_g               -            288 18694                -            404   8.8e-59  197.2   0.7   3   3   3.5e-14   4.4e-12   43.5   0.0   268   352   205   287   201   288 0.93 length=289	scaffold=gi564279471	strand=-
4598_g               -            575 18694                -            404     7e-55  184.4   9.4   1   3   3.1e-32   3.9e-30  102.9   1.9    13   168   228   383   219   389 0.88 length=576	scaffold=gi564275041	strand=-
4598_g               -            575 18694                -            404     7e-55  184.4   9.4   2   3   1.5e-16   1.8e-14   51.3   0.1   193   232   388   427   382   431 0.93 length=576	scaffold=gi564275041	strand=-
4598_g               -            575 18694                -            404     7e-55  184.4   9.4   3   3   2.9e-11   3.5e-09   33.9   0.1   268   355   437   538   429   547 0.68 length=576	scaffold=gi564275041	strand=-
617_g                -            284 18694                -            404   5.4e-53  178.2   5.1   1   2   5.3e-44   6.5e-42  141.7   1.7    59   232    19   180     2   185 0.88 length=285	scaffold=gi564280748	strand=+
617_g                -            284 18694                -            404   5.4e-53  178.2   5.1   2   2   1.6e-12     2e-10   38.0   0.1   268   350   190   269   182   273 0.89 length=285	scaffold=gi564280748	strand=+
2908_g               -            453 18694                -            404   1.9e-44  150.0   8.9   1   3     2e-22   2.5e-20   70.6   2.7     7   168    75   238    69   246 0.84 length=454	scaffold=gi564277600	strand=-
2908_g               -            453 18694                -            404   1.9e-44  150.0   8.9   2   3   3.6e-13   4.4e-11   40.1   0.0   195   232   243   280   237   283 0.91 length=454	scaffold=gi564277600	strand=-
2908_g               -            453 18694                -            404   1.9e-44  150.0   8.9   3   3   7.9e-14   9.7e-12   42.3   0.1   268   359   290   379   286   410 0.87 length=454	scaffold=gi564277600	strand=-
304_g                -            278 18694                -            404   3.8e-42  142.4  15.6   1   2   2.4e-22     3e-20   70.3   9.2    34   163     2   139     1   143 0.85 length=279	scaffold=gi564281162	strand=-
304_g                -            278 18694                -            404   3.8e-42  142.4  15.6   2   2     2e-21   2.5e-19   67.3   0.4   191   354   143   272   139   275 0.85 length=279	scaffold=gi564281162	strand=-
4573_g               -           1260 18694                -            404   4.7e-41  138.8   8.9   1   4   5.7e-12     7e-10   36.2   0.3    16    93   393   474   380   478 0.87 length=1261	scaffold=gi564275041	strand=+
4573_g               -           1260 18694                -            404   4.7e-41  138.8   8.9   2   4   1.1e-10   1.4e-08   31.9   0.3   116   164   602   650   586   657 0.91 length=1261	scaffold=gi564275041	strand=+
4573_g               -           1260 18694                -            404   4.7e-41  138.8   8.9   3   4   7.6e-15   9.4e-13   45.6   0.0   190   233   656   699   651   703 0.92 length=1261	scaffold=gi564275041	strand=+
4573_g               -           1260 18694                -            404   4.7e-41  138.8   8.9   4   4   2.4e-09     3e-07   27.5   0.0   267   351   707   804   700   820 0.76 length=1261	scaffold=gi564275041	strand=+
4004_g               -            335 18694                -            404   9.3e-41  137.9   8.9   1   3   2.4e-27   2.9e-25   86.8   1.5     6   164    34   184    29   194 0.88 length=336	scaffold=gi564275940	strand=-
4004_g               -            335 18694                -            404   9.3e-41  137.9   8.9   2   3   6.8e-08   8.4e-06   22.8   0.0   196   232   194   230   189   235 0.89 length=336	scaffold=gi564275940	strand=-
4004_g               -            335 18694                -            404   9.3e-41  137.9   8.9   3   3   7.6e-11   9.4e-09   32.5   0.2   267   355   240   334   231   335 0.76 length=336	scaffold=gi564275940	strand=-
3274_g               -            805 18694                -            404   4.3e-38  129.1  22.7   1   5   9.1e-08   1.1e-05   22.4   3.7     9   133    29   146    22   204 0.80 length=806	scaffold=gi564277146	strand=-
3274_g               -            805 18694                -            404   4.3e-38  129.1  22.7   2   5   1.7e-08     2e-06   24.8   0.5   111   149   287   325   271   331 0.92 length=806	scaffold=gi564277146	strand=-
3274_g               -            805 18694                -            404   4.3e-38  129.1  22.7   3   5      0.56        69   -0.0   0.1   261   318   544   596   533   598 0.79 length=806	scaffold=gi564277146	strand=-
3274_g               -            805 18694                -            404   4.3e-38  129.1  22.7   4   5   1.1e-12   1.3e-10   38.6   0.1   190   232   591   633   571   636 0.85 length=806	scaffold=gi564277146	strand=-
3274_g               -            805 18694                -            404   4.3e-38  129.1  22.7   5   5   1.4e-17   1.8e-15   54.6   0.5   269   384   644   762   640   779 0.76 length=806	scaffold=gi564277146	strand=-
1087_g               -            328 18694                -            404   1.7e-33  113.9   8.9   1   2   6.3e-22   7.8e-20   69.0   1.3    12   169    11   175     1   179 0.83 length=329	scaffold=gi564279795	strand=-
1087_g               -            328 18694                -            404   1.7e-33  113.9   8.9   2   2   3.3e-15     4e-13   46.9   1.3   198   352   182   326   177   328 0.77 length=329	scaffold=gi564279795	strand=-
1079_g               -            365 18694                -            404   8.1e-30  101.9  11.2   1   3   4.1e-27     5e-25   86.1   6.8     4   174    97   265    94   268 0.89 length=366	scaffold=gi564279795	strand=+
1079_g               -            365 18694                -            404   8.1e-30  101.9  11.2   2   3   0.00047     0.058   10.1   0.1   193   227   262   298   257   304 0.79 length=366	scaffold=gi564279795	strand=+
1079_g               -            365 18694                -            404   8.1e-30  101.9  11.2   3   3    0.0018      0.22    8.2   0.0   317   350   329   362   311   365 0.82 length=366	scaffold=gi564279795	strand=+
3878_g               -           1910 18694                -            404   1.8e-29  100.7  14.7   1   4       4.3   5.2e+02   -2.9   0.9   344   391  1122  1172  1025  1179 0.71 length=1911	scaffold=gi564275940	strand=-
3878_g               -           1910 18694                -            404   1.8e-29  100.7  14.7   2   4   9.5e-25   1.2e-22   78.3   0.9     6   164  1486  1643  1482  1654 0.88 length=1911	scaffold=gi564275940	strand=-
3878_g               -           1910 18694                -            404   1.8e-29  100.7  14.7   3   4   7.4e-05    0.0091   12.8   0.0   200   233  1657  1689  1647  1702 0.88 length=1911	scaffold=gi564275940	strand=-
3878_g               -           1910 18694                -            404   1.8e-29  100.7  14.7   4   4   2.3e-06   0.00028   17.7   0.1   315   358  1717  1763  1696  1782 0.79 length=1911	scaffold=gi564275940	strand=-
3402_g               -            528 18694                -            404   3.6e-28   96.4  12.5   1   3   5.2e-22   6.4e-20   69.2   4.0     6   173    61   229    57   235 0.84 length=529	scaffold=gi564276791	strand=+
3402_g               -            528 18694                -            404   3.6e-28   96.4  12.5   2   3   0.00028     0.034   10.9   0.1   190   233   224   265   219   269 0.88 length=529	scaffold=gi564276791	strand=+
3402_g               -            528 18694                -            404   3.6e-28   96.4  12.5   3   3   4.2e-08   5.1e-06   23.5   0.1   314   378   293   357   276   371 0.87 length=529	scaffold=gi564276791	strand=+
2609_g               -            284 18694                -            404   1.7e-26   90.9  13.0   1   3   9.9e-21   1.2e-18   65.0   8.0    12   169    19   177     9   185 0.84 length=285	scaffold=gi564277886	strand=+
2609_g               -            284 18694                -            404   1.7e-26   90.9  13.0   2   3     0.024       2.9    4.5   0.0   201   228   186   211   176   218 0.79 length=285	scaffold=gi564277886	strand=+
2609_g               -            284 18694                -            404   1.7e-26   90.9  13.0   3   3   4.8e-08   5.9e-06   23.3   0.1   298   350   228   280   220   283 0.83 length=285	scaffold=gi564277886	strand=+
298_g                -            565 18694                -            404   7.2e-26   88.8  10.5   1   3   5.4e-23   6.6e-21   72.5   1.8     7   168   109   268   103   274 0.84 length=566	scaffold=gi564281162	strand=+
298_g                -            565 18694                -            404   7.2e-26   88.8  10.5   2   3   8.6e-05     0.011   12.5   0.0   191   232   269   308   264   311 0.87 length=566	scaffold=gi564281162	strand=+
298_g                -            565 18694                -            404   7.2e-26   88.8  10.5   3   3    0.0015      0.18    8.5   0.4   314   360   337   383   318   402 0.81 length=566	scaffold=gi564281162	strand=+
4693_g               -           1006 18694                -            404     1e-24   85.1  28.0   1   5       8.3     1e+03   -3.9   0.5   332   361   273   302   261   305 0.83 length=1007	scaffold=gi564274649	strand=-
4693_g               -           1006 18694                -            404     1e-24   85.1  28.0   2   5   1.1e-25   1.3e-23   81.4  10.3    13   167   499   650   489   661 0.89 length=1007	scaffold=gi564274649	strand=-
4693_g               -           1006 18694                -            404     1e-24   85.1  28.0   3   5    0.0024       0.3    7.8   0.0   202   234   663   695   650   711 0.75 length=1007	scaffold=gi564274649	strand=-
4693_g               -           1006 18694                -            404     1e-24   85.1  28.0   4   5    0.0019      0.23    8.1   0.3   313   362   717   766   700   779 0.81 length=1007	scaffold=gi564274649	strand=-
4693_g               -           1006 18694                -            404     1e-24   85.1  28.0   5   5       5.3   6.5e+02   -3.2   0.1   277   328   884   935   877   960 0.76 length=1007	scaffold=gi564274649	strand=-
4245_g               -            511 18694                -            404   2.1e-24   84.0  10.9   1   3   8.6e-19   1.1e-16   58.7   3.3     6   164    48   216    44   227 0.77 length=512	scaffold=gi564275558	strand=+
4245_g               -            511 18694                -            404   2.1e-24   84.0  10.9   2   3   4.1e-05     0.005   13.6   0.1   194   232   224   260   219   263 0.86 length=512	scaffold=gi564275558	strand=+
4245_g               -            511 18694                -            404   2.1e-24   84.0  10.9   3   3   1.1e-05    0.0013   15.5   0.1   313   359   288   334   269   348 0.83 length=512	scaffold=gi564275558	strand=+
2889_g               -            556 18694                -            404   4.9e-22   76.2   9.4   1   3   2.3e-18   2.8e-16   57.3   1.1    13   167   109   261   102   273 0.83 length=557	scaffold=gi564277600	strand=+
2889_g               -            556 18694                -            404   4.9e-22   76.2   9.4   2   3      0.34        42    0.7   0.1   197   229   270   300   261   304 0.79 length=557	scaffold=gi564277600	strand=+
2889_g               -            556 18694                -            404   4.9e-22   76.2   9.4   3   3   8.1e-08     1e-05   22.5   0.2   305   355   322   373   312   418 0.75 length=557	scaffold=gi564277600	strand=+
3416_g               -            310 18694                -            404   4.9e-21   72.9  14.8   1   3   3.4e-20   4.2e-18   63.3   5.2    13   174     2   162     1   167 0.82 length=311	scaffold=gi564276791	strand=+
3416_g               -            310 18694                -            404   4.9e-21   72.9  14.8   2   3   0.00036     0.044   10.5   0.1   200   233   167   199   161   208 0.86 length=311	scaffold=gi564276791	strand=+
3416_g               -            310 18694                -            404   4.9e-21   72.9  14.8   3   3     0.014       1.7    5.3   0.3   319   380   230   293   224   303 0.71 length=311	scaffold=gi564276791	strand=+
3881_g               -           1480 18694                -            404   2.3e-20   70.7  15.1   1   4       7.5   9.2e+02   -3.7   0.3   336   375   881   920   873   943 0.82 length=1481	scaffold=gi564275940	strand=-
3881_g               -           1480 18694                -            404   2.3e-20   70.7  15.1   2   4   8.5e-22     1e-19   68.5   5.8    14   174  1040  1195  1030  1201 0.85 length=1481	scaffold=gi564275940	strand=-
3881_g               -           1480 18694                -            404   2.3e-20   70.7  15.1   3   4     0.076       9.4    2.8   0.0   200   231  1200  1229  1195  1235 0.85 length=1481	scaffold=gi564275940	strand=-
3881_g               -           1480 18694                -            404   2.3e-20   70.7  15.1   4   4     0.076       9.3    2.8   0.0   317   351  1261  1295  1238  1302 0.85 length=1481	scaffold=gi564275940	strand=-
4797_g               -           1334 18694                -            404   2.6e-20   70.5  14.0   1   4      0.15        18    1.9   0.8   274   360   232   320   210   336 0.67 length=1335	scaffold=gi564274649	strand=+
4797_g               -           1334 18694                -            404   2.6e-20   70.5  14.0   2   4   2.4e-09     3e-07   27.5   2.4    90   186   991  1088   966  1101 0.77 length=1335	scaffold=gi564274649	strand=+
4797_g               -           1334 18694                -            404   2.6e-20   70.5  14.0   3   4   6.3e-12   7.7e-10   36.1   0.0   191   233  1124  1165  1099  1238 0.87 length=1335	scaffold=gi564274649	strand=+
4797_g               -           1334 18694                -            404   2.6e-20   70.5  14.0   4   4   0.00054     0.066    9.9   0.0   307   350  1283  1326  1258  1331 0.86 length=1335	scaffold=gi564274649	strand=+
783_g                -            718 18694                -            404   5.4e-20   69.5  11.2   1   5      0.35        43    0.7   0.1    49    84    85   120    58   132 0.80 length=719	scaffold=gi564280748	strand=+
783_g                -            718 18694                -            404   5.4e-20   69.5  11.2   2   5   6.5e-11     8e-09   32.7   0.3    93   172   159   249   129   258 0.73 length=719	scaffold=gi564280748	strand=+
783_g                -            718 18694                -            404   5.4e-20   69.5  11.2   3   5    0.0096       1.2    5.8   0.1   214   232   398   416   396   420 0.90 length=719	scaffold=gi564280748	strand=+
783_g                -            718 18694                -            404   5.4e-20   69.5  11.2   4   5   2.7e-11   3.3e-09   34.0   0.0   274   356   432   519   423   526 0.75 length=719	scaffold=gi564280748	strand=+
783_g                -            718 18694                -            404   5.4e-20   69.5  11.2   5   5       2.8   3.4e+02   -2.3   0.0   231   265   621   655   618   663 0.81 length=719	scaffold=gi564280748	strand=+
883_g                -            284 18694                -            404   9.1e-19   65.5   6.6   1   3   2.8e-17   3.5e-15   53.7   3.0    14   174     9   169     3   173 0.84 length=285	scaffold=gi564280748	strand=+
883_g                -            284 18694                -            404   9.1e-19   65.5   6.6   2   3   4.6e-05    0.0056   13.4   0.0   200   236   173   208   165   222 0.81 length=285	scaffold=gi564280748	strand=+
883_g                -            284 18694                -            404   9.1e-19   65.5   6.6   3   3       3.7   4.5e+02   -2.7   0.0   328   354   246   272   236   282 0.64 length=285	scaffold=gi564280748	strand=+
69_g                 -            353 18694                -            404   3.2e-17   60.3   0.2   1   2   7.4e-16   9.1e-14   49.0   0.0    15   177    32   191    21   233 0.83 length=354	scaffold=gi564281844	strand=+
69_g                 -            353 18694                -            404   3.2e-17   60.3   0.2   2   2   0.00068     0.084    9.6   0.0   288   350   247   308   236   323 0.74 length=354	scaffold=gi564281844	strand=+
1515_g               -            731 18694                -            404   4.5e-17   59.9   4.3   1   5       9.4   1.2e+03   -4.0   1.8   332   361    75   104    28   139 0.55 length=732	scaffold=gi564279795	strand=-
1515_g               -            731 18694                -            404   4.5e-17   59.9   4.3   2   5       4.4   5.4e+02   -3.0   1.7   291   349   203   265   192   334 0.57 length=732	scaffold=gi564279795	strand=-
1515_g               -            731 18694                -            404   4.5e-17   59.9   4.3   3   5   4.7e-18   5.8e-16   56.2   1.4     7   174   397   561   392   568 0.80 length=732	scaffold=gi564279795	strand=-
1515_g               -            731 18694                -            404   4.5e-17   59.9   4.3   4   5       0.4        49    0.5   0.0   203   232   569   597   561   613 0.85 length=732	scaffold=gi564279795	strand=-
1515_g               -            731 18694                -            404   4.5e-17   59.9   4.3   5   5   5.7e-05     0.007   13.1   0.1   318   369   626   679   610   709 0.74 length=732	scaffold=gi564279795	strand=-
4733_g               -            375 18694                -            404   1.7e-16   57.9  12.4   1   3   2.1e-13   2.6e-11   40.9   6.9     5   174    32   205    27   211 0.85 length=376	scaffold=gi564274649	strand=-
4733_g               -            375 18694                -            404   1.7e-16   57.9  12.4   2   3   0.00086      0.11    9.2   0.0   201   228   213   239   204   245 0.84 length=376	scaffold=gi564274649	strand=-
4733_g               -            375 18694                -            404   1.7e-16   57.9  12.4   3   3   0.00055     0.067    9.9   0.0   324   352   284   312   249   340 0.83 length=376	scaffold=gi564274649	strand=-
2306_g               -           1351 18694                -            404   2.3e-16   57.6  15.5   1   3      0.14        17    2.0   0.0    12    79   765   837   759   843 0.65 length=1352	scaffold=gi564278570	strand=-
2306_g               -           1351 18694                -            404   2.3e-16   57.6  15.5   2   3   1.1e-14   1.4e-12   45.1   0.9   111   232  1119  1232  1090  1262 0.75 length=1352	scaffold=gi564278570	strand=-
2306_g               -           1351 18694                -            404   2.3e-16   57.6  15.5   3   3   4.5e-06   0.00056   16.8   0.0   319   353  1298  1332  1246  1341 0.89 length=1352	scaffold=gi564278570	strand=-
1455_g               -            503 18694                -            404   1.9e-15   54.6   5.5   1   3   1.7e-15   2.1e-13   47.8   0.7    13   170   109   262   105   271 0.88 length=504	scaffold=gi564279795	strand=-
1455_g               -            503 18694                -            404   1.9e-15   54.6   5.5   2   3     0.047       5.8    3.5   0.0   203   232   272   300   267   304 0.88 length=504	scaffold=gi564279795	strand=-
1455_g               -            503 18694                -            404   1.9e-15   54.6   5.5   3   3     0.034       4.2    4.0   0.1   306   352   320   367   306   401 0.72 length=504	scaffold=gi564279795	strand=-
4774_g               -            811 18694                -            404   1.1e-14   52.0   3.8   1   3       8.6   1.1e+03   -3.9   0.1    25    39   295   309   288   312 0.85 length=812	scaffold=gi564274649	strand=+
4774_g               -            811 18694                -            404   1.1e-14   52.0   3.8   2   3   8.8e-17   1.1e-14   52.0   3.8    10   232   477   698   469   715 0.75 length=812	scaffold=gi564274649	strand=+
4774_g               -            811 18694                -            404   1.1e-14   52.0   3.8   3   3      0.96   1.2e+02   -0.8   0.0   323   350   778   805   769   809 0.90 length=812	scaffold=gi564274649	strand=+
3889_g               -            529 18694                -            404   3.3e-14   50.4  17.6   1   3   1.8e-15   2.2e-13   47.7   4.7    12   176    32   197    22   228 0.72 length=530	scaffold=gi564275940	strand=+
3889_g               -            529 18694                -            404   3.3e-14   50.4  17.6   2   3     0.019       2.3    4.8   0.0   164   232   280   349   256   353 0.80 length=530	scaffold=gi564275940	strand=+
3889_g               -            529 18694                -            404   3.3e-14   50.4  17.6   3   3    0.0054      0.67    6.6   0.1   319   354   379   418   362   453 0.80 length=530	scaffold=gi564275940	strand=+
2723_g               -            853 18694                -            404   3.6e-14   50.3   1.6   1   2   3.6e-13   4.4e-11   40.1   0.4    16   167   543   691   529   697 0.84 length=854	scaffold=gi564277886	strand=-
2723_g               -            853 18694                -            404   3.6e-14   50.3   1.6   2   2    0.0016       0.2    8.3   0.0   198   232   698   731   693   761 0.84 length=854	scaffold=gi564277886	strand=-
770_g                -            569 18694                -            404   7.1e-14   49.3  10.3   1   3     0.085        10    2.7   1.2   312   399   203   293   165   299 0.71 length=570	scaffold=gi564280748	strand=+
770_g                -            569 18694                -            404   7.1e-14   49.3  10.3   2   3   5.9e-15   7.2e-13   46.0   1.0    13   164   299   445   288   458 0.82 length=570	scaffold=gi564280748	strand=+
770_g                -            569 18694                -            404   7.1e-14   49.3  10.3   3   3     0.011       1.4    5.5   0.0   203   233   464   494   456   509 0.87 length=570	scaffold=gi564280748	strand=+
3951_g               -            676 18694                -            404   1.1e-12   45.5  21.3   1   4   5.3e-06   0.00066   16.5   1.8    11    71   368   426   360   443 0.81 length=677	scaffold=gi564275940	strand=-
3951_g               -            676 18694                -            404   1.1e-12   45.5  21.3   2   4    0.0026      0.32    7.7   0.1   140   168   468   497   454   500 0.78 length=677	scaffold=gi564275940	strand=-
3951_g               -            676 18694                -            404   1.1e-12   45.5  21.3   3   4   3.8e-07   4.7e-05   20.3   0.0   191   231   497   536   493   541 0.85 length=677	scaffold=gi564275940	strand=-
3951_g               -            676 18694                -            404   1.1e-12   45.5  21.3   4   4     2e-05    0.0025   14.6   0.0   323   353   638   668   621   676 0.82 length=677	scaffold=gi564275940	strand=-
4087_g               -            248 18694                -            404   1.2e-12   45.3  10.7   1   3     3e-14   3.7e-12   43.7   3.3    55   165    33   143     3   169 0.82 length=249	scaffold=gi564275836	strand=-
4087_g               -            248 18694                -            404   1.2e-12   45.3  10.7   2   3      0.14        18    1.9   0.0   218   234   168   184   158   192 0.81 length=249	scaffold=gi564275836	strand=-
4087_g               -            248 18694                -            404   1.2e-12   45.3  10.7   3   3     0.039       4.8    3.8   0.2   293   341   190   240   186   245 0.79 length=249	scaffold=gi564275836	strand=-
2040_g               -            291 18694                -            404     9e-11   39.1   2.1   1   3   1.5e-10   1.8e-08   31.5   0.0   124   170    90   136    50   144 0.77 length=292	scaffold=gi564278570	strand=-
2040_g               -            291 18694                -            404     9e-11   39.1   2.1   2   3    0.0081         1    6.0   0.1   202   232   144   173   135   176 0.86 length=292	scaffold=gi564278570	strand=-
2040_g               -            291 18694                -            404     9e-11   39.1   2.1   3   3       0.7        86   -0.3   0.1   323   370   207   256   198   268 0.70 length=292	scaffold=gi564278570	strand=-
4191_g               -            704 18694                -            404   5.5e-10   36.5  11.0   1   3       7.6   9.3e+02   -3.7   0.1   151   183   266   298   255   314 0.69 length=705	scaffold=gi564275558	strand=+
4191_g               -            704 18694                -            404   5.5e-10   36.5  11.0   2   3   5.7e-10     7e-08   29.6   4.8    19   163   421   576   403   587 0.63 length=705	scaffold=gi564275558	strand=+
4191_g               -            704 18694                -            404   5.5e-10   36.5  11.0   3   3   0.00049     0.061   10.0   0.0   196   233   588   624   578   628 0.85 length=705	scaffold=gi564275558	strand=+
3754_g               -            323 18694                -            404   1.2e-09   35.5   0.2   1   2     0.015       1.8    5.2   0.0     9    44     3    38     1    42 0.91 length=324	scaffold=gi564275940	strand=+
3754_g               -            323 18694                -            404   1.2e-09   35.5   0.2   2   2   1.4e-09   1.8e-07   28.3   0.0   124   179   111   169    79   187 0.77 length=324	scaffold=gi564275940	strand=+
4208_g               -            329 18694                -            404   2.9e-08   30.9  18.8   1   3   7.2e-08   8.9e-06   22.7   8.4    62   163    89   195    16   210 0.68 length=330	scaffold=gi564275558	strand=+
4208_g               -            329 18694                -            404   2.9e-08   30.9  18.8   2   3     0.011       1.3    5.7   0.1   194   230   203   241   194   252 0.72 length=330	scaffold=gi564275558	strand=+
4208_g               -            329 18694                -            404   2.9e-08   30.9  18.8   3   3     0.001      0.13    9.0   0.5   291   345   261   319   255   328 0.77 length=330	scaffold=gi564275558	strand=+
1150_g               -            478 18694                -            404   4.8e-08   30.1  15.2   1   4   1.8e-06   0.00022   18.1   9.3    41   180   210   343   198   364 0.70 length=479	scaffold=gi564279795	strand=-
1150_g               -            478 18694                -            404   4.8e-08   30.1  15.2   2   4      0.62        76   -0.2   0.0   155   166   366   377   363   384 0.80 length=479	scaffold=gi564279795	strand=-
1150_g               -            478 18694                -            404   4.8e-08   30.1  15.2   3   4      0.19        23    1.5   0.0   205   231   396   421   391   427 0.77 length=479	scaffold=gi564279795	strand=-
1150_g               -            478 18694                -            404   4.8e-08   30.1  15.2   4   4   0.00054     0.066    9.9   0.0   311   348   440   478   431   478 0.86 length=479	scaffold=gi564279795	strand=-
#
# Program:         hmmsearch
# Version:         3.4 (Aug 2023)
# Pipeline mode:   SEARCH
# Query file:      /home/inf-20-2025/Malaria/busco_downloads/lineages/apicomplexa_odb12/hmms/18694at5794.hmm
# Target file:     /home/inf-20-2025/Malaria/Results/6_nobird_annotation/P_yoelii.faa
# Option settings: hmmsearch --domtblout Results/8_busco/P_yoelii/run_apicomplexa_odb12/hmmer_output/initial_run_results/18694at5794.out --cpu 1 /home/inf-20-2025/Malaria/busco_downloads/lineages/apicomplexa_odb12/hmms/18694at5794.hmm /home/inf-20-2025/Malaria/Results/6_nobird_annotation/P_yoelii.faa 
# Current dir:     /home/inf-20-2025/Malaria
# Date:            Wed Mar  4 18:32:28 2026
# [ok]
