#                                                                            --- full sequence --- -------------- this domain -------------   hmm coord   ali coord   env coord
# target name        accession   tlen query name           accession   qlen   E-value  score  bias   #  of  c-Evalue  i-Evalue  score  bias  from    to  from    to  from    to  acc description of target
#------------------- ---------- ----- -------------------- ---------- ----- --------- ------ ----- --- --- --------- --------- ------ ----- ----- ----- ----- ----- ----- ----- ---- ---------------------
1255_g               -            767 20195                -            602  2.9e-164  545.8  44.3   1   4   3.2e-13   3.7e-11   40.1   2.8   114   191    50   127     5   191 0.76 length=768	scaffold=gi564279795	strand=+
1255_g               -            767 20195                -            602  2.9e-164  545.8  44.3   2   4   4.3e-45   5.1e-43  145.4   6.7   186   327   195   353   188   357 0.87 length=768	scaffold=gi564279795	strand=+
1255_g               -            767 20195                -            602  2.9e-164  545.8  44.3   3   4   3.4e-55   3.9e-53  178.7   7.8   320   471   366   532   359   536 0.85 length=768	scaffold=gi564279795	strand=+
1255_g               -            767 20195                -            602  2.9e-164  545.8  44.3   4   4   5.9e-60   6.9e-58  194.5   4.0   466   600   560   705   551   707 0.90 length=768	scaffold=gi564279795	strand=+
1317_g               -            923 20195                -            602   1.3e-42  144.1  16.4   1   5   2.7e-09   3.2e-07   27.1   1.2    86   221    30   166    12   178 0.80 length=924	scaffold=gi564279795	strand=+
1317_g               -            923 20195                -            602   1.3e-42  144.1  16.4   2   5   7.6e-28   8.9e-26   88.4   4.1   428   585   182   335   167   339 0.93 length=924	scaffold=gi564279795	strand=+
1317_g               -            923 20195                -            602   1.3e-42  144.1  16.4   3   5       4.5   5.3e+02   -3.3   3.2    79   151   343   415   336   422 0.76 length=924	scaffold=gi564279795	strand=+
1317_g               -            923 20195                -            602   1.3e-42  144.1  16.4   4   5       0.8        93   -0.8   0.1   230   271   424   465   420   477 0.78 length=924	scaffold=gi564279795	strand=+
1317_g               -            923 20195                -            602   1.3e-42  144.1  16.4   5   5   2.8e-17   3.3e-15   53.5   0.1   420   516   480   576   465   583 0.90 length=924	scaffold=gi564279795	strand=+
1254_g               -            224 20195                -            602   3.1e-34  116.4  20.3   1   1   9.9e-34   1.2e-31  107.8  20.3     2   150    36   215    35   223 0.70 length=225	scaffold=gi564279795	strand=+
1696_g               -            511 20195                -            602   7.3e-27   92.0   5.2   1   3   2.6e-07     3e-05   20.6   0.4   155   216    87   149     7   171 0.75 length=512	scaffold=gi564279471	strand=-
1696_g               -            511 20195                -            602   7.3e-27   92.0   5.2   2   3   2.4e-14   2.8e-12   43.8   0.0   145   240   176   275   161   279 0.91 length=512	scaffold=gi564279471	strand=-
1696_g               -            511 20195                -            602   7.3e-27   92.0   5.2   3   3   9.1e-10   1.1e-07   28.7   0.1   433   517   371   456   349   480 0.57 length=512	scaffold=gi564279471	strand=-
436_g                -            735 20195                -            602   6.2e-24   82.3  14.0   1   4       9.1   1.1e+03   -4.3   3.5   106   144    12    50     3    69 0.50 length=736	scaffold=gi564281162	strand=-
436_g                -            735 20195                -            602   6.2e-24   82.3  14.0   2   4   8.1e-14   9.5e-12   42.1   4.5   118   241   290   414   250   418 0.74 length=736	scaffold=gi564281162	strand=-
436_g                -            735 20195                -            602   6.2e-24   82.3  14.0   3   4   8.8e-15     1e-12   45.3   0.0   161   233   436   508   432   542 0.94 length=736	scaffold=gi564281162	strand=-
436_g                -            735 20195                -            602   6.2e-24   82.3  14.0   4   4   5.5e-06   0.00064   16.2   1.5   167   268   638   731   636   735 0.84 length=736	scaffold=gi564281162	strand=-
2213_g               -            344 20195                -            602   1.2e-22   78.0   6.3   1   2   2.9e-13   3.4e-11   40.3   0.1   136   215    79   158    24   172 0.79 length=345	scaffold=gi564278570	strand=+
2213_g               -            344 20195                -            602   1.2e-22   78.0   6.3   2   2   7.7e-13     9e-11   38.8   3.1   154   251   180   276   171   290 0.61 length=345	scaffold=gi564278570	strand=+
2174_g               -            464 20195                -            602   3.2e-22   76.6  21.5   1   2   2.2e-12   2.5e-10   37.4   2.8   430   489    74   133    61   169 0.89 length=465	scaffold=gi564278570	strand=-
2174_g               -            464 20195                -            602   3.2e-22   76.6  21.5   2   2   6.4e-15   7.5e-13   45.7   9.5   131   252   262   389   252   417 0.71 length=465	scaffold=gi564278570	strand=-
3254_g               -            288 20195                -            602     3e-21   73.4   0.2   1   2   1.6e-10   1.9e-08   31.2   0.1   151   254     4   110     1   121 0.87 length=289	scaffold=gi564277146	strand=+
3254_g               -            288 20195                -            602     3e-21   73.4   0.2   2   2   2.4e-13   2.8e-11   40.5   0.0   525   599   154   228   148   232 0.85 length=289	scaffold=gi564277146	strand=+
1621_g               -            531 20195                -            602     1e-17   61.8  15.0   1   2   7.5e-16   8.8e-14   48.8   4.7   415   583     6   193     1   200 0.74 length=532	scaffold=gi564279471	strand=+
1621_g               -            531 20195                -            602     1e-17   61.8  15.0   2   2   3.2e-09   3.8e-07   26.9   2.6   164   250   142   231   140   254 0.74 length=532	scaffold=gi564279471	strand=+
2486_g               -            508 20195                -            602   6.8e-17   59.1   2.5   1   3   4.7e-06   0.00055   16.4   0.0   523   585    80   143    70   151 0.88 length=509	scaffold=gi564277886	strand=+
2486_g               -            508 20195                -            602   6.8e-17   59.1   2.5   2   3   4.7e-11   5.5e-09   33.0   0.2   515   584   170   239   157   242 0.89 length=509	scaffold=gi564277886	strand=+
2486_g               -            508 20195                -            602   6.8e-17   59.1   2.5   3   3   2.2e-08   2.6e-06   24.1   0.1   432   514   399   482   375   494 0.67 length=509	scaffold=gi564277886	strand=+
3517_g               -            248 20195                -            602   7.6e-16   55.6   0.2   1   2   6.5e-18   7.6e-16   55.6   0.2   417   512     5   101     2   112 0.90 length=249	scaffold=gi564276574	strand=+
3517_g               -            248 20195                -            602   7.6e-16   55.6   0.2   2   2       6.2   7.3e+02   -3.8   0.7   217   246   176   209   152   224 0.44 length=249	scaffold=gi564276574	strand=+
1008_g               -            468 20195                -            602   1.1e-15   55.1   2.0   1   2   5.2e-10   6.1e-08   29.5   0.2   431   517   186   274   158   284 0.85 length=469	scaffold=gi564279795	strand=+
1008_g               -            468 20195                -            602   1.1e-15   55.1   2.0   2   2   3.7e-11   4.4e-09   33.3   0.1   432   508   396   467   382   468 0.93 length=469	scaffold=gi564279795	strand=+
3558_g               -            426 20195                -            602   2.8e-15   53.7   0.0   1   2   3.8e-10   4.5e-08   29.9   0.0   154   240   205   291   187   309 0.76 length=427	scaffold=gi564276574	strand=+
3558_g               -            426 20195                -            602   2.8e-15   53.7   0.0   2   2   1.3e-07   1.5e-05   21.6   0.0   522   584   347   409   332   425 0.89 length=427	scaffold=gi564276574	strand=+
4575_g               -            241 20195                -            602   1.6e-14   51.2   0.0   1   1   1.7e-16     2e-14   50.9   0.0   148   228    28   109     9   140 0.87 length=242	scaffold=gi564275041	strand=+
3556_g               -            525 20195                -            602   2.2e-13   47.5  12.6   1   3       3.3   3.8e+02   -2.8   7.2    56   145    43   129    30   156 0.65 length=526	scaffold=gi564276574	strand=+
3556_g               -            525 20195                -            602   2.2e-13   47.5  12.6   2   3   2.1e-10   2.5e-08   30.8   0.1   145   240   295   390   254   408 0.74 length=526	scaffold=gi564276574	strand=+
3556_g               -            525 20195                -            602   2.2e-13   47.5  12.6   3   3   1.7e-07     2e-05   21.2   0.0   522   584   446   508   432   524 0.89 length=526	scaffold=gi564276574	strand=+
4552_g               -            269 20195                -            602   6.3e-13   46.0   0.5   1   2       2.3   2.7e+02   -2.3   0.4   510   517    77    84    15   108 0.63 length=270	scaffold=gi564275041	strand=+
4552_g               -            269 20195                -            602   6.3e-13   46.0   0.5   2   2   5.4e-15   6.3e-13   46.0   0.5   129   233   164   268   109   269 0.73 length=270	scaffold=gi564275041	strand=+
4469_g               -            348 20195                -            602   3.4e-12   43.6   0.0   1   2   2.9e-14   3.4e-12   43.6   0.0   156   233    14    92     4   103 0.89 length=349	scaffold=gi564275248	strand=+
4469_g               -            348 20195                -            602   3.4e-12   43.6   0.0   2   2       5.6   6.6e+02   -3.6   4.4   105   147   211   253   191   275 0.42 length=349	scaffold=gi564275248	strand=+
1129_g               -            128 20195                -            602     5e-12   43.0   0.0   1   1   4.3e-14   5.1e-12   43.0   0.0   169   236    23    90     3   116 0.72 length=129	scaffold=gi564279795	strand=-
2038_g               -            192 20195                -            602   5.1e-12   43.0   1.0   1   2   5.4e-07   6.4e-05   19.5   0.2   523   599    10    88     7    91 0.80 length=193	scaffold=gi564278570	strand=+
2038_g               -            192 20195                -            602   5.1e-12   43.0   1.0   2   2   8.9e-09     1e-06   25.4   0.1   386   506    67   190    66   192 0.76 length=193	scaffold=gi564278570	strand=+
4773_g               -            554 20195                -            602   2.7e-11   40.6   4.0   1   1   2.3e-13   2.7e-11   40.6   4.0   138   262    14   139     3   163 0.84 length=555	scaffold=gi564274649	strand=-
4016_g               -            585 20195                -            602   1.1e-10   38.6   5.0   1   2   9.2e-13   1.1e-10   38.6   5.0   142   260   202   326   134   351 0.70 length=586	scaffold=gi564275940	strand=-
4016_g               -            585 20195                -            602   1.1e-10   38.6   5.0   2   2     0.011       1.3    5.3   0.0   154   189   511   547   500   581 0.71 length=586	scaffold=gi564275940	strand=-
2454_g               -            107 20195                -            602   1.4e-10   38.3   0.1   1   1   1.2e-12   1.4e-10   38.2   0.1   138   236     7   106     1   107 0.85 length=108	scaffold=gi564277886	strand=+
485_g                -            714 20195                -            602   4.1e-10   36.7   0.0   1   3      0.49        57   -0.1   0.0   429   453   342   366   324   374 0.51 length=715	scaffold=gi564281162	strand=+
485_g                -            714 20195                -            602   4.1e-10   36.7   0.0   2   3   9.7e-11   1.1e-08   31.9   0.0   150   238   474   563   463   573 0.89 length=715	scaffold=gi564281162	strand=+
485_g                -            714 20195                -            602   4.1e-10   36.7   0.0   3   3   0.00016     0.019   11.4   0.0   167   228   636   700   617   708 0.86 length=715	scaffold=gi564281162	strand=+
4565_g               -            404 20195                -            602     5e-10   36.4   2.3   1   2     9e-08   1.1e-05   22.1   0.3   164   224   168   226   145   273 0.62 length=405	scaffold=gi564275041	strand=-
4565_g               -            404 20195                -            602     5e-10   36.4   2.3   2   2   3.4e-05     0.004   13.6   0.1   539   575   271   307   261   318 0.66 length=405	scaffold=gi564275041	strand=-
2059_g               -            722 20195                -            602     5e-10   36.4   0.1   1   1   6.5e-12   7.6e-10   35.8   0.1   152   238     5    92     1   117 0.70 length=723	scaffold=gi564278570	strand=-
80_g                 -            691 20195                -            602   7.3e-10   35.8  16.2   1   4   0.00018     0.021   11.2   1.0    90   182   117   212   107   222 0.77 length=692	scaffold=gi564281844	strand=-
80_g                 -            691 20195                -            602   7.3e-10   35.8  16.2   2   4   0.00011     0.012   12.0   1.3   411   498   328   413   314   458 0.62 length=692	scaffold=gi564281844	strand=-
80_g                 -            691 20195                -            602   7.3e-10   35.8  16.2   3   4     0.011       1.3    5.3   0.1   149   246   491   584   481   594 0.57 length=692	scaffold=gi564281844	strand=-
80_g                 -            691 20195                -            602   7.3e-10   35.8  16.2   4   4     9e-06     0.001   15.5   0.1   314   384   594   669   590   678 0.81 length=692	scaffold=gi564281844	strand=-
3176_g               -            516 20195                -            602   7.8e-10   35.8   0.0   1   4   6.6e-12   7.8e-10   35.8   0.0   429   555     9   143     3   169 0.80 length=517	scaffold=gi564277281	strand=+
3176_g               -            516 20195                -            602   7.8e-10   35.8   0.0   2   4     0.039       4.6    3.5   0.4     7   356   111   136   106   264 0.57 length=517	scaffold=gi564277281	strand=+
3176_g               -            516 20195                -            602   7.8e-10   35.8   0.0   3   4       3.4   3.9e+02   -2.9   8.4    82   146   341   405   336   416 0.78 length=517	scaffold=gi564277281	strand=+
3176_g               -            516 20195                -            602   7.8e-10   35.8   0.0   4   4       2.5   2.9e+02   -2.5   4.4    95   145   383   433   366   439 0.68 length=517	scaffold=gi564277281	strand=+
1826_g               -            403 20195                -            602   8.2e-10   35.7   4.2   1   2      0.21        25    1.1   6.3    93   170   106   183    96   189 0.73 length=404	scaffold=gi564279367	strand=+
1826_g               -            403 20195                -            602   8.2e-10   35.7   4.2   2   2     7e-12   8.2e-10   35.7   4.2   155   259   273   379   264   390 0.72 length=404	scaffold=gi564279367	strand=+
1428_g               -            411 20195                -            602   8.6e-10   35.6   0.1   1   2      0.21        25    1.1  19.4     6   195    15   215    12   217 0.68 length=412	scaffold=gi564279795	strand=-
1428_g               -            411 20195                -            602   8.6e-10   35.6   0.1   2   2   7.4e-12   8.6e-10   35.6   0.1   417   514   311   408   299   411 0.92 length=412	scaffold=gi564279795	strand=-
2095_g               -            279 20195                -            602     1e-09   35.3  11.6   1   2    0.0012      0.15    8.4   6.6   419   524    34   133    13   140 0.65 length=280	scaffold=gi564278570	strand=-
2095_g               -            279 20195                -            602     1e-09   35.3  11.6   2   2   4.6e-10   5.4e-08   29.7   0.2     4    80   199   274   196   277 0.94 length=280	scaffold=gi564278570	strand=-
1098_g               -            277 20195                -            602   1.4e-09   35.0   0.8   1   1   1.8e-11   2.1e-09   34.4   0.8   101   209    30   141    16   188 0.73 length=278	scaffold=gi564279795	strand=-
1702_g               -            180 20195                -            602   1.7e-09   34.7   0.4   1   1   1.6e-11   1.9e-09   34.5   0.4   425   521    43   140     9   161 0.87 length=181	scaffold=gi564279471	strand=-
785_g                -            158 20195                -            602   1.8e-09   34.6   3.5   1   1   1.7e-11     2e-09   34.4   3.5   409   518    43   152     8   156 0.81 length=159	scaffold=gi564280748	strand=+
2327_g               -            309 20195                -            602     9e-09   32.2   0.0   1   2   7.7e-11     9e-09   32.2   0.0   145   236    27   119     6   137 0.79 length=310	scaffold=gi564278570	strand=+
2327_g               -            309 20195                -            602     9e-09   32.2   0.0   2   2         7   8.2e+02   -3.9  10.8    87   155   188   256   179   258 0.82 length=310	scaffold=gi564278570	strand=+
1764_g               -            364 20195                -            602   1.1e-08   32.0   0.3   1   1   9.1e-11   1.1e-08   32.0   0.3   414   510    80   176    55   188 0.69 length=365	scaffold=gi564279471	strand=+
801_g                -            309 20195                -            602   1.6e-08   31.4   0.5   1   2   8.3e-09   9.7e-07   25.5   0.0   431   506     7    80     3    96 0.77 length=310	scaffold=gi564280748	strand=-
801_g                -            309 20195                -            602   1.6e-08   31.4   0.5   2   2     0.033       3.9    3.7   0.0   167   221   123   170   111   207 0.83 length=310	scaffold=gi564280748	strand=-
3159_g               -            162 20195                -            602   1.4e-06   25.0   0.1   1   1   1.3e-08   1.5e-06   24.9   0.1   147   228    50   134    38   162 0.80 length=163	scaffold=gi564277281	strand=+
3802_g               -            144 20195                -            602   3.9e-06   23.6  11.7   1   1     8e-08   9.4e-06   22.3  10.4   432   523     4    99     1   140 0.75 length=145	scaffold=gi564275940	strand=+
3318_g               -            180 20195                -            602   4.2e-05   20.1   0.4   1   1   4.5e-07   5.2e-05   19.8   0.4   384   505    38   158    32   175 0.79 length=181	scaffold=gi564276791	strand=+
4579_g               -            460 20195                -            602   0.00024   17.6   0.0   1   1     2e-06   0.00024   17.6   0.0   524   580   386   442   376   459 0.54 length=461	scaffold=gi564275041	strand=-
1042_g               -            154 20195                -            602   0.00025   17.6   3.0   1   2   2.1e-06   0.00025   17.6   3.0   419   492    23    94     6   119 0.82 length=155	scaffold=gi564279795	strand=-
1042_g               -            154 20195                -            602   0.00025   17.6   3.0   2   2       1.4   1.6e+02   -1.6   2.0   406   447    98   139    91   147 0.71 length=155	scaffold=gi564279795	strand=-
3910_g               -            309 20195                -            602    0.0012   15.3   0.0   1   1   1.1e-05    0.0012   15.3   0.0   173   230    90   146    82   157 0.84 length=310	scaffold=gi564275940	strand=+
#
# Program:         hmmsearch
# Version:         3.4 (Aug 2023)
# Pipeline mode:   SEARCH
# Query file:      /home/inf-20-2025/Malaria/busco_downloads/lineages/apicomplexa_odb12/hmms/20195at5794.hmm
# Target file:     /home/inf-20-2025/Malaria/Results/6_nobird_annotation/P_yoelii.faa
# Option settings: hmmsearch --domtblout Results/8_busco/P_yoelii/run_apicomplexa_odb12/hmmer_output/initial_run_results/20195at5794.out --cpu 1 /home/inf-20-2025/Malaria/busco_downloads/lineages/apicomplexa_odb12/hmms/20195at5794.hmm /home/inf-20-2025/Malaria/Results/6_nobird_annotation/P_yoelii.faa 
# Current dir:     /home/inf-20-2025/Malaria
# Date:            Wed Mar  4 18:32:28 2026
# [ok]
