#                                                                            --- full sequence --- -------------- this domain -------------   hmm coord   ali coord   env coord
# target name        accession   tlen query name           accession   qlen   E-value  score  bias   #  of  c-Evalue  i-Evalue  score  bias  from    to  from    to  from    to  acc description of target
#------------------- ---------- ----- -------------------- ---------- ----- --------- ------ ----- --- --- --------- --------- ------ ----- ----- ----- ----- ----- ----- ----- ---- ---------------------
4048_g               -            504 26678                -            418  7.3e-150  497.4   3.6   1   3    1e-102  4.6e-100  333.4   0.1     2   259     5   266     4   272 0.95 length=505	scaffold=gi564275940	strand=-
4048_g               -            504 26678                -            418  7.3e-150  497.4   3.6   2   3   2.3e-16     1e-13   48.9   0.3   249   312   275   338   270   348 0.88 length=505	scaffold=gi564275940	strand=-
4048_g               -            504 26678                -            418  7.3e-150  497.4   3.6   3   3     2e-36   8.9e-34  115.0   0.0   303   418   385   504   360   504 0.87 length=505	scaffold=gi564275940	strand=-
2601_g               -            485 26678                -            418     9e-64  213.8   1.9   1   2   1.3e-44     6e-42  141.9   0.4     3   260    19   303    17   308 0.82 length=486	scaffold=gi564277886	strand=-
2601_g               -            485 26678                -            418     9e-64  213.8   1.9   2   2   1.5e-21   6.9e-19   66.0   0.0   257   416   338   484   320   485 0.80 length=486	scaffold=gi564277886	strand=-
1508_g               -            376 26678                -            418   2.1e-57  192.9   0.0   1   2   6.1e-34   2.7e-31  106.8   0.0     3   196     7   196     5   199 0.97 length=377	scaffold=gi564279795	strand=+
1508_g               -            376 26678                -            418   2.1e-57  192.9   0.0   2   2   5.8e-27   2.6e-24   83.8   0.0   236   417   207   375   200   376 0.81 length=377	scaffold=gi564279795	strand=+
4452_g               -            556 26678                -            418   2.9e-56  189.1   5.3   1   2   1.5e-08   6.9e-06   23.1   0.1     3    96     8   116     6   123 0.68 length=557	scaffold=gi564275248	strand=-
4452_g               -            556 26678                -            418   2.9e-56  189.1   5.3   2   2   5.7e-52   2.5e-49  166.2   2.3    81   417   208   556   198   556 0.85 length=557	scaffold=gi564275248	strand=-
2512_g               -            392 26678                -            418   4.8e-54  181.8   0.0   1   2   8.3e-34   3.7e-31  106.4   0.0     4   194    23   209    20   217 0.96 length=393	scaffold=gi564277886	strand=+
2512_g               -            392 26678                -            418   4.8e-54  181.8   0.0   2   2   8.5e-24   3.8e-21   73.4   0.0   251   417   244   391   214   392 0.80 length=393	scaffold=gi564277886	strand=+
1924_g               -            377 26678                -            418   3.3e-38  129.6   0.0   1   2   2.4e-22   1.1e-19   68.6   0.0    93   196   101   204    69   209 0.91 length=378	scaffold=gi564279133	strand=-
1924_g               -            377 26678                -            418   3.3e-38  129.6   0.0   2   2   2.5e-19   1.1e-16   58.7   0.0   234   413   213   373   206   377 0.85 length=378	scaffold=gi564279133	strand=-
3988_g               -            378 26678                -            418   8.2e-33  111.8   0.0   1   2     4e-21   1.8e-18   64.6   0.0     3   207     4   200     2   206 0.89 length=379	scaffold=gi564275940	strand=-
3988_g               -            378 26678                -            418   8.2e-33  111.8   0.0   2   2     1e-14   4.5e-12   43.5   0.0   241   408   202   365   195   374 0.75 length=379	scaffold=gi564275940	strand=-
3417_g               -            895 26678                -            418   7.7e-09   32.9   2.8   1   3   0.00052      0.23    8.2   0.0    77   133    82   139    76   144 0.87 length=896	scaffold=gi564276791	strand=+
3417_g               -            895 26678                -            418   7.7e-09   32.9   2.8   2   3       2.6   1.2e+03   -4.0   2.1    33   114   590   674   580   678 0.63 length=896	scaffold=gi564276791	strand=+
3417_g               -            895 26678                -            418   7.7e-09   32.9   2.8   3   3   1.1e-08   5.1e-06   23.6   0.0   309   410   793   894   776   895 0.85 length=896	scaffold=gi564276791	strand=+
2270_g               -            574 26678                -            418   1.3e-08   32.1   0.0   1   3     0.025        11    2.7   0.0    90   133   136   179   118   185 0.81 length=575	scaffold=gi564278570	strand=-
2270_g               -            574 26678                -            418   1.3e-08   32.1   0.0   2   3    0.0047       2.1    5.1   0.0   151   197   313   359   311   361 0.94 length=575	scaffold=gi564278570	strand=-
2270_g               -            574 26678                -            418   1.3e-08   32.1   0.0   3   3   1.3e-07   5.7e-05   20.1   0.0   318   410   462   561   423   566 0.79 length=575	scaffold=gi564278570	strand=-
2730_g               -            417 26678                -            418   3.8e-08   30.6   0.0   1   3   8.1e-05     0.036   10.9   0.0     4    40    12    48     9    63 0.86 length=418	scaffold=gi564277886	strand=+
2730_g               -            417 26678                -            418   3.8e-08   30.6   0.0   2   3     0.013       5.7    3.6   0.0    94   168   117   191    78   221 0.85 length=418	scaffold=gi564277886	strand=+
2730_g               -            417 26678                -            418   3.8e-08   30.6   0.0   3   3   2.3e-05      0.01   12.7   0.0   310   385   299   378   284   412 0.74 length=418	scaffold=gi564277886	strand=+
1897_g               -            539 26678                -            418     2e-05   21.6   1.5   1   3   9.7e-05     0.043   10.6   0.2    59   197   128   268   112   273 0.88 length=540	scaffold=gi564279133	strand=-
1897_g               -            539 26678                -            418     2e-05   21.6   1.5   2   3   0.00023       0.1    9.4   0.0   313   365   406   458   388   474 0.82 length=540	scaffold=gi564279133	strand=-
1897_g               -            539 26678                -            418     2e-05   21.6   1.5   3   3       2.2   9.7e+02   -3.7   0.0   381   394   499   512   496   515 0.82 length=540	scaffold=gi564279133	strand=-
#
# Program:         hmmsearch
# Version:         3.4 (Aug 2023)
# Pipeline mode:   SEARCH
# Query file:      /home/inf-20-2025/Malaria/busco_downloads/lineages/apicomplexa_odb12/hmms/26678at5794.hmm
# Target file:     /home/inf-20-2025/Malaria/Results/6_nobird_annotation/P_yoelii.faa
# Option settings: hmmsearch --domtblout Results/8_busco/P_yoelii/run_apicomplexa_odb12/hmmer_output/initial_run_results/26678at5794.out --cpu 1 /home/inf-20-2025/Malaria/busco_downloads/lineages/apicomplexa_odb12/hmms/26678at5794.hmm /home/inf-20-2025/Malaria/Results/6_nobird_annotation/P_yoelii.faa 
# Current dir:     /home/inf-20-2025/Malaria
# Date:            Wed Mar  4 18:32:28 2026
# [ok]
