#                                                                            --- full sequence --- -------------- this domain -------------   hmm coord   ali coord   env coord
# target name        accession   tlen query name           accession   qlen   E-value  score  bias   #  of  c-Evalue  i-Evalue  score  bias  from    to  from    to  from    to  acc description of target
#------------------- ---------- ----- -------------------- ---------- ----- --------- ------ ----- --- --- --------- --------- ------ ----- ----- ----- ----- ----- ----- ----- ---- ---------------------
3769_g               -           1470 31339                -           1133         0 1550.0  55.7   1   5  1.6e-124  2.6e-121  404.1  18.5     2   407    80   488    79   495 0.97 length=1471	scaffold=gi564275940	strand=+
3769_g               -           1470 31339                -           1133         0 1550.0  55.7   2   5   3.2e-08   5.2e-05   18.9   0.9   329   432   491   591   484   595 0.76 length=1471	scaffold=gi564275940	strand=+
3769_g               -           1470 31339                -           1133         0 1550.0  55.7   3   5   2.1e-79   3.5e-76  254.6   0.8   431   632   626   828   618   845 0.92 length=1471	scaffold=gi564275940	strand=+
3769_g               -           1470 31339                -           1133         0 1550.0  55.7   4   5  5.9e-166  9.7e-163  541.3   3.1   612   944   895  1234   865  1241 0.91 length=1471	scaffold=gi564275940	strand=+
3769_g               -           1470 31339                -           1133         0 1550.0  55.7   5   5    3e-109  4.9e-106  353.5   3.4   942  1132  1267  1467  1249  1468 0.91 length=1471	scaffold=gi564275940	strand=+
4228_g               -           1298 31339                -           1133  1.8e-176  586.7   8.1   1   4   1.3e-24   2.2e-21   73.2   0.1    11   171    37   210    33   249 0.83 length=1299	scaffold=gi564275558	strand=+
4228_g               -           1298 31339                -           1133  1.8e-176  586.7   8.1   2   4    0.0047       7.6    1.8   0.0   300   422   347   461   263   467 0.73 length=1299	scaffold=gi564275558	strand=+
4228_g               -           1298 31339                -           1133  1.8e-176  586.7   8.1   3   4   6.8e-61   1.1e-57  193.4   0.0   430   810   504   871   498   891 0.85 length=1299	scaffold=gi564275558	strand=+
4228_g               -           1298 31339                -           1133  1.8e-176  586.7   8.1   4   4   1.4e-98   2.2e-95  318.2   2.3   825  1126  1013  1296   985  1298 0.89 length=1299	scaffold=gi564275558	strand=+
3311_g               -           1391 31339                -           1133  1.1e-173  577.6  19.7   1   2   4.6e-34   7.5e-31  104.5  12.2     8   391   256   636   252   688 0.77 length=1392	scaffold=gi564276791	strand=-
3311_g               -           1391 31339                -           1133  1.1e-173  577.6  19.7   2   2  3.7e-145  6.1e-142  472.4   1.1   398  1073   682  1369   674  1375 0.80 length=1392	scaffold=gi564276791	strand=-
#
# Program:         hmmsearch
# Version:         3.4 (Aug 2023)
# Pipeline mode:   SEARCH
# Query file:      /home/inf-20-2025/Malaria/busco_downloads/lineages/apicomplexa_odb12/hmms/31339at5794.hmm
# Target file:     /home/inf-20-2025/Malaria/Results/6_nobird_annotation/P_yoelii.faa
# Option settings: hmmsearch --domtblout Results/8_busco/P_yoelii/run_apicomplexa_odb12/hmmer_output/initial_run_results/31339at5794.out --cpu 1 /home/inf-20-2025/Malaria/busco_downloads/lineages/apicomplexa_odb12/hmms/31339at5794.hmm /home/inf-20-2025/Malaria/Results/6_nobird_annotation/P_yoelii.faa 
# Current dir:     /home/inf-20-2025/Malaria
# Date:            Wed Mar  4 18:32:27 2026
# [ok]
