#                                                                            --- full sequence --- -------------- this domain -------------   hmm coord   ali coord   env coord
# target name        accession   tlen query name           accession   qlen   E-value  score  bias   #  of  c-Evalue  i-Evalue  score  bias  from    to  from    to  from    to  acc description of target
#------------------- ---------- ----- -------------------- ---------- ----- --------- ------ ----- --- --- --------- --------- ------ ----- ----- ----- ----- ----- ----- ----- ---- ---------------------
1983_g               -            446 31487                -            351  7.6e-124  411.5   6.7   1   1  1.3e-124  1.5e-122  407.2   6.7     2   350    41   432    40   433 0.87 length=447	scaffold=gi564279133	strand=-
2687_g               -            454 31487                -            351   2.2e-78  262.0  22.5   1   2     8e-41     9e-39  131.7  11.0     3   199    32   242    30   258 0.82 length=455	scaffold=gi564277886	strand=+
2687_g               -            454 31487                -            351   2.2e-78  262.0  22.5   2   2   1.6e-41   1.7e-39  134.0   3.6   190   348   266   439   255   442 0.84 length=455	scaffold=gi564277886	strand=+
366_g                -            513 31487                -            351   6.6e-61  204.5   8.2   1   2   3.2e-34   3.6e-32  110.0   0.8     2   232    39   286    38   312 0.78 length=514	scaffold=gi564281162	strand=+
366_g                -            513 31487                -            351   6.6e-61  204.5   8.2   2   2   6.1e-28   6.8e-26   89.3   1.6   185   350   315   511   288   512 0.74 length=514	scaffold=gi564281162	strand=+
3668_g               -            648 31487                -            351   1.3e-33  114.7  17.3   1   5   1.7e-11   1.9e-09   35.2   0.2    72   189    41   158     2   161 0.87 length=649	scaffold=gi564275940	strand=+
3668_g               -            648 31487                -            351   1.3e-33  114.7  17.3   2   5   0.00021     0.023   11.9   0.0   105   159   160   212   157   216 0.84 length=649	scaffold=gi564275940	strand=+
3668_g               -            648 31487                -            351   1.3e-33  114.7  17.3   3   5   2.9e-10   3.3e-08   31.2   5.0   116   284   325   510   271   511 0.79 length=649	scaffold=gi564275940	strand=+
3668_g               -            648 31487                -            351   1.3e-33  114.7  17.3   4   5   8.5e-11   9.4e-09   32.9   0.0    90   190   468   566   467   573 0.92 length=649	scaffold=gi564275940	strand=+
3668_g               -            648 31487                -            351   1.3e-33  114.7  17.3   5   5   3.5e-06   0.00039   17.8   0.2   133   177   603   647   584   648 0.88 length=649	scaffold=gi564275940	strand=+
3258_g               -            323 31487                -            351   7.3e-33  112.2   9.7   1   3     2e-21   2.3e-19   67.9   3.6   102   237    33   172     6   177 0.90 length=324	scaffold=gi564277146	strand=-
3258_g               -            323 31487                -            351   7.3e-33  112.2   9.7   2   3     7e-09   7.8e-07   26.6   0.1   117   179   173   233   170   251 0.90 length=324	scaffold=gi564277146	strand=-
3258_g               -            323 31487                -            351   7.3e-33  112.2   9.7   3   3     4e-07   4.5e-05   20.8   0.0   103   175   249   320   234   322 0.77 length=324	scaffold=gi564277146	strand=-
4548_g               -            441 31487                -            351   2.4e-23   81.0  19.7   1   3    0.0002     0.023   12.0   0.0    15    58    12    55     5    76 0.86 length=442	scaffold=gi564275041	strand=+
4548_g               -            441 31487                -            351   2.4e-23   81.0  19.7   2   3     2e-09   2.2e-07   28.4   9.1    49   223    65   285    57   298 0.60 length=442	scaffold=gi564275041	strand=+
4548_g               -            441 31487                -            351   2.4e-23   81.0  19.7   3   3   3.1e-14   3.5e-12   44.2   1.9   227   321   322   417   312   431 0.78 length=442	scaffold=gi564275041	strand=+
250_g                -            619 31487                -            351     2e-22   77.9   6.1   1   4      0.12        13    2.9   2.2   158   177   303   322   239   347 0.80 length=620	scaffold=gi564281162	strand=-
250_g                -            619 31487                -            351     2e-22   77.9   6.1   2   4   1.1e-12   1.2e-10   39.2   1.7    72   197   373   496   368   503 0.88 length=620	scaffold=gi564281162	strand=-
250_g                -            619 31487                -            351     2e-22   77.9   6.1   3   4     1e-10   1.1e-08   32.7   0.0   235   289   468   524   464   529 0.89 length=620	scaffold=gi564281162	strand=-
250_g                -            619 31487                -            351     2e-22   77.9   6.1   4   4   7.8e-08   8.7e-06   23.2   0.1   228   285   504   563   500   577 0.88 length=620	scaffold=gi564281162	strand=-
4397_g               -            636 31487                -            351   6.7e-21   72.9  10.2   1   2   1.6e-15   1.8e-13   48.4   5.7   132   288   338   512   285   514 0.80 length=637	scaffold=gi564275248	strand=-
4397_g               -            636 31487                -            351   6.7e-21   72.9  10.2   2   2   4.5e-07     5e-05   20.7   0.1   156   221   530   598   516   609 0.84 length=637	scaffold=gi564275248	strand=-
3225_g               -            601 31487                -            351   1.2e-19   68.8   6.6   1   4     0.026         3    5.0   0.1   310   346    17    52    15    56 0.83 length=602	scaffold=gi564277146	strand=+
3225_g               -            601 31487                -            351   1.2e-19   68.8   6.6   2   4    0.0016      0.17    9.0   0.4   271   346    36   101    30   104 0.76 length=602	scaffold=gi564277146	strand=+
3225_g               -            601 31487                -            351   1.2e-19   68.8   6.6   3   4   7.9e-09   8.8e-07   26.4   0.5   108   182    74   146    64   158 0.80 length=602	scaffold=gi564277146	strand=+
3225_g               -            601 31487                -            351   1.2e-19   68.8   6.6   4   4   7.9e-12   8.9e-10   36.3   0.2    93   220   145   272   143   281 0.87 length=602	scaffold=gi564277146	strand=+
2959_g               -           1008 31487                -            351   4.3e-19   67.0  13.6   1   5   9.5e-05     0.011   13.0   0.0    97   187     6    95     2   101 0.85 length=1009	scaffold=gi564277600	strand=+
2959_g               -           1008 31487                -            351   4.3e-19   67.0  13.6   2   5   2.4e-07   2.6e-05   21.6   0.0   223   289   107   175    99   179 0.87 length=1009	scaffold=gi564277600	strand=+
2959_g               -           1008 31487                -            351   4.3e-19   67.0  13.6   3   5     1e-05    0.0011   16.3   0.0   139   182   180   225   174   230 0.86 length=1009	scaffold=gi564277600	strand=+
2959_g               -           1008 31487                -            351   4.3e-19   67.0  13.6   4   5   2.2e-06   0.00025   18.4   1.1   142   247   227   334   222   353 0.75 length=1009	scaffold=gi564277600	strand=+
2959_g               -           1008 31487                -            351   4.3e-19   67.0  13.6   5   5     0.095        11    3.2   0.4   164   233   442   510   439   515 0.72 length=1009	scaffold=gi564277600	strand=+
2817_g               -            615 31487                -            351   6.6e-19   66.3   3.0   1   3   4.1e-12   4.5e-10   37.3   0.1   103   221   299   418   279   419 0.90 length=616	scaffold=gi564277600	strand=-
2817_g               -            615 31487                -            351   6.6e-19   66.3   3.0   2   3     4e-06   0.00044   17.6   0.0   143   201   421   481   418   496 0.75 length=616	scaffold=gi564277600	strand=-
2817_g               -            615 31487                -            351   6.6e-19   66.3   3.0   3   3    0.0085      0.95    6.6   0.1   146   181   562   597   523   606 0.72 length=616	scaffold=gi564277600	strand=-
2875_g               -            499 31487                -            351   7.3e-18   62.9   7.2   1   4   0.00019     0.022   12.0   0.1   107   177   212   284   207   295 0.74 length=500	scaffold=gi564277600	strand=+
2875_g               -            499 31487                -            351   7.3e-18   62.9   7.2   2   4   1.8e-12     2e-10   38.5   0.8    94   223   244   379   225   381 0.83 length=500	scaffold=gi564277600	strand=+
2875_g               -            499 31487                -            351   7.3e-18   62.9   7.2   3   4   6.2e-09     7e-07   26.8   0.1   125   188   364   425   361   435 0.90 length=500	scaffold=gi564277600	strand=+
2875_g               -            499 31487                -            351   7.3e-18   62.9   7.2   4   4    0.0035      0.39    7.9   0.1   122   176   443   498   431   499 0.83 length=500	scaffold=gi564277600	strand=+
82_g                 -           1380 31487                -            351   9.3e-18   62.6  12.7   1   4   3.7e-09   4.2e-07   27.5   0.2   153   291    13   169     3   183 0.77 length=1381	scaffold=gi564281844	strand=+
82_g                 -           1380 31487                -            351   9.3e-18   62.6  12.7   2   4   1.8e-11     2e-09   35.1   0.7   103   239   246   386   200   405 0.80 length=1381	scaffold=gi564281844	strand=+
82_g                 -           1380 31487                -            351   9.3e-18   62.6  12.7   3   4      0.53        59    0.7   0.2   160   219   562   621   515   663 0.70 length=1381	scaffold=gi564281844	strand=+
82_g                 -           1380 31487                -            351   9.3e-18   62.6  12.7   4   4       6.2   6.9e+02   -2.8   0.0    41    83  1186  1229  1176  1237 0.85 length=1381	scaffold=gi564281844	strand=+
4750_g               -           1170 31487                -            351   2.4e-17   61.2  33.0   1   8     0.019       2.1    5.5   0.0   227   288    28    98    11   100 0.74 length=1171	scaffold=gi564274649	strand=+
4750_g               -           1170 31487                -            351   2.4e-17   61.2  33.0   2   8   6.4e-10   7.2e-08   30.0   0.2   115   199    77   160    66   168 0.82 length=1171	scaffold=gi564274649	strand=+
4750_g               -           1170 31487                -            351   2.4e-17   61.2  33.0   3   8   0.00037     0.041   11.1   0.6   161   228   172   241   166   248 0.71 length=1171	scaffold=gi564274649	strand=+
4750_g               -           1170 31487                -            351   2.4e-17   61.2  33.0   4   8      0.86        96    0.0   0.2   267   299   347   379   274   383 0.85 length=1171	scaffold=gi564274649	strand=+
4750_g               -           1170 31487                -            351   2.4e-17   61.2  33.0   5   8     0.012       1.3    6.2   1.0   128   221   566   659   555   695 0.76 length=1171	scaffold=gi564274649	strand=+
4750_g               -           1170 31487                -            351   2.4e-17   61.2  33.0   6   8     0.015       1.7    5.8   0.1   115   296   636   708   618   716 0.52 length=1171	scaffold=gi564274649	strand=+
4750_g               -           1170 31487                -            351   2.4e-17   61.2  33.0   7   8   1.1e-09   1.2e-07   29.3   1.6    74   217   717   861   709   865 0.81 length=1171	scaffold=gi564274649	strand=+
4750_g               -           1170 31487                -            351   2.4e-17   61.2  33.0   8   8       1.2   1.4e+02   -0.5   0.1   263   294  1126  1160  1115  1168 0.81 length=1171	scaffold=gi564274649	strand=+
3138_g               -            550 31487                -            351   2.5e-16   57.9  14.2   1   2   1.6e-07   1.8e-05   22.1   0.3   131   222   263   359   249   363 0.79 length=551	scaffold=gi564277281	strand=+
3138_g               -            550 31487                -            351   2.5e-16   57.9  14.2   2   2     6e-10   6.7e-08   30.1   8.8   142   291   361   532   356   535 0.67 length=551	scaffold=gi564277281	strand=+
1466_g               -            481 31487                -            351   3.1e-16   57.6   6.8   1   4       1.3   1.5e+02   -0.6   0.0   153   213    90   154    80   165 0.72 length=482	scaffold=gi564279795	strand=-
1466_g               -            481 31487                -            351   3.1e-16   57.6   6.8   2   4     0.013       1.5    6.0   0.1    99   191   123   214   114   221 0.75 length=482	scaffold=gi564279795	strand=-
1466_g               -            481 31487                -            351   3.1e-16   57.6   6.8   3   4   1.6e-13   1.8e-11   41.9   2.2   120   221   187   292   178   312 0.81 length=482	scaffold=gi564279795	strand=-
1466_g               -            481 31487                -            351   3.1e-16   57.6   6.8   4   4   7.8e-05    0.0088   13.3   0.2    96   186   308   402   299   413 0.80 length=482	scaffold=gi564279795	strand=-
887_g                -            322 31487                -            351   2.5e-15   54.6   3.7   1   3   1.3e-11   1.4e-09   35.6   0.2   108   223    14   132     1   146 0.86 length=323	scaffold=gi564280748	strand=-
887_g                -            322 31487                -            351   2.5e-15   54.6   3.7   2   3   2.2e-05    0.0025   15.1   0.2   115   216   150   255   132   273 0.82 length=323	scaffold=gi564280748	strand=-
887_g                -            322 31487                -            351   2.5e-15   54.6   3.7   3   3      0.05       5.5    4.1   0.0   326   346   281   301   272   308 0.84 length=323	scaffold=gi564280748	strand=-
3622_g               -           1191 31487                -            351   1.1e-14   52.5  33.7   1   6   0.00024     0.027   11.7   1.3   169   307   143   271   130   273 0.63 length=1192	scaffold=gi564276574	strand=-
3622_g               -           1191 31487                -            351   1.1e-14   52.5  33.7   2   6      0.96   1.1e+02   -0.1   0.1   165   181   349   365   342   388 0.68 length=1192	scaffold=gi564276574	strand=-
3622_g               -           1191 31487                -            351   1.1e-14   52.5  33.7   3   6      0.02       2.3    5.4   0.9   103   220   382   505   368   515 0.79 length=1192	scaffold=gi564276574	strand=-
3622_g               -           1191 31487                -            351   1.1e-14   52.5  33.7   4   6   7.8e-06   0.00087   16.6   0.4   141   217   586   668   560   675 0.78 length=1192	scaffold=gi564276574	strand=-
3622_g               -           1191 31487                -            351   1.1e-14   52.5  33.7   5   6   5.6e-11   6.3e-09   33.5   4.0   102   224   700   821   670   826 0.86 length=1192	scaffold=gi564276574	strand=-
3622_g               -           1191 31487                -            351   1.1e-14   52.5  33.7   6   6     0.049       5.5    4.1   0.6   129   193   809   872   806   882 0.67 length=1192	scaffold=gi564276574	strand=-
1292_g               -            445 31487                -            351   1.1e-14   52.4   8.2   1   3     0.091        10    3.2   0.0    20    68    52    99    47   144 0.86 length=446	scaffold=gi564279795	strand=+
1292_g               -            445 31487                -            351   1.1e-14   52.4   8.2   2   3   4.8e-09   5.4e-07   27.1   0.3    83   179   242   337   229   341 0.73 length=446	scaffold=gi564279795	strand=+
1292_g               -            445 31487                -            351   1.1e-14   52.4   8.2   3   3   6.7e-12   7.5e-10   36.6   2.5   230   333   322   423   318   431 0.84 length=446	scaffold=gi564279795	strand=+
1555_g               -            626 31487                -            351   4.4e-14   50.5   0.8   1   3   1.1e-05    0.0012   16.1   0.1   255   291   160   196   150   204 0.67 length=627	scaffold=gi564279795	strand=+
1555_g               -            626 31487                -            351   4.4e-14   50.5   0.8   2   3   3.1e-09   3.5e-07   27.8   0.2   133   222   196   288   195   306 0.82 length=627	scaffold=gi564279795	strand=+
1555_g               -            626 31487                -            351   4.4e-14   50.5   0.8   3   3      0.05       5.6    4.1   0.0   232   255   322   345   309   357 0.81 length=627	scaffold=gi564279795	strand=+
750_g                -            364 31487                -            351   5.5e-14   50.1  13.4   1   4     1e-09   1.1e-07   29.4   0.5   138   218     6    90     2    93 0.84 length=365	scaffold=gi564280748	strand=-
750_g                -            364 31487                -            351   5.5e-14   50.1  13.4   2   4   8.5e-09   9.5e-07   26.3   0.3   161   231    72   143    69   152 0.89 length=365	scaffold=gi564280748	strand=-
750_g                -            364 31487                -            351   5.5e-14   50.1  13.4   3   4   6.7e-06   0.00075   16.8   1.5    98   204    94   201    93   222 0.76 length=365	scaffold=gi564280748	strand=-
750_g                -            364 31487                -            351   5.5e-14   50.1  13.4   4   4      0.02       2.2    5.4   0.1   155   184   236   265   227   273 0.86 length=365	scaffold=gi564280748	strand=-
3396_g               -            327 31487                -            351   1.1e-13   49.2   2.7   1   4    0.0038      0.43    7.8   0.1   145   219     6    82     2    90 0.82 length=328	scaffold=gi564276791	strand=-
3396_g               -            327 31487                -            351   1.1e-13   49.2   2.7   2   4   0.00038     0.042   11.1   0.1   205   287    88   172    81   177 0.73 length=328	scaffold=gi564276791	strand=-
3396_g               -            327 31487                -            351   1.1e-13   49.2   2.7   3   4   3.6e-09   4.1e-07   27.6   0.1   110   198   147   234   140   242 0.85 length=328	scaffold=gi564276791	strand=-
3396_g               -            327 31487                -            351   1.1e-13   49.2   2.7   4   4    0.0067      0.75    7.0   0.0   126   180   267   319   251   326 0.81 length=328	scaffold=gi564276791	strand=-
4215_g               -           1394 31487                -            351   1.5e-12   45.5   3.5   1   2   0.00039     0.044   11.0   0.0   251   289   144   182   136   195 0.90 length=1395	scaffold=gi564275558	strand=-
4215_g               -           1394 31487                -            351   1.5e-12   45.5   3.5   2   2   9.2e-07    0.0001   19.7   0.1   238   295   269   327   251   335 0.80 length=1395	scaffold=gi564275558	strand=-
1632_g               -            502 31487                -            351   7.7e-12   43.1   8.4   1   4       3.2   3.6e+02   -1.9   0.0   122   250   189   207   175   228 0.57 length=503	scaffold=gi564279471	strand=+
1632_g               -            502 31487                -            351   7.7e-12   43.1   8.4   2   4   9.8e-06    0.0011   16.3   0.2   256   300   277   320   267   329 0.71 length=503	scaffold=gi564279471	strand=+
1632_g               -            502 31487                -            351   7.7e-12   43.1   8.4   3   4   2.9e-05    0.0033   14.7   0.4   153   224   343   414   336   422 0.80 length=503	scaffold=gi564279471	strand=+
1632_g               -            502 31487                -            351   7.7e-12   43.1   8.4   4   4   3.4e-05    0.0038   14.5   0.1   152   191   430   470   419   498 0.79 length=503	scaffold=gi564279471	strand=+
2164_g               -            798 31487                -            351     3e-11   41.1  10.2   1   4   4.5e-08   5.1e-06   24.0   0.5   176   292   411   530   406   541 0.74 length=799	scaffold=gi564278570	strand=-
2164_g               -            798 31487                -            351     3e-11   41.1  10.2   2   4     0.026       2.9    5.0   0.1   244   284   590   630   555   640 0.88 length=799	scaffold=gi564278570	strand=-
2164_g               -            798 31487                -            351     3e-11   41.1  10.2   3   4   1.9e-06   0.00022   18.6   1.5   107   221   604   724   585   747 0.74 length=799	scaffold=gi564278570	strand=-
2164_g               -            798 31487                -            351     3e-11   41.1  10.2   4   4      0.29        32    1.6   0.0   230   281   706   760   689   771 0.48 length=799	scaffold=gi564278570	strand=-
760_g                -           1059 31487                -            351   4.2e-11   40.7  11.3   1   6         5   5.6e+02   -2.5   0.0   174   198    37    60    24   118 0.55 length=1060	scaffold=gi564280748	strand=+
760_g                -           1059 31487                -            351   4.2e-11   40.7  11.3   2   6   0.00073     0.082   10.1   0.0   101   183   159   241   141   258 0.86 length=1060	scaffold=gi564280748	strand=+
760_g                -           1059 31487                -            351   4.2e-11   40.7  11.3   3   6     0.082       9.2    3.4   0.2   148   228   310   394   304   403 0.77 length=1060	scaffold=gi564280748	strand=+
760_g                -           1059 31487                -            351   4.2e-11   40.7  11.3   4   6      0.17        19    2.3   0.1   232   271   371   411   361   430 0.83 length=1060	scaffold=gi564280748	strand=+
760_g                -           1059 31487                -            351   4.2e-11   40.7  11.3   5   6   3.6e-10     4e-08   30.9   0.7   119   295   435   622   420   641 0.79 length=1060	scaffold=gi564280748	strand=+
760_g                -           1059 31487                -            351   4.2e-11   40.7  11.3   6   6       2.1   2.3e+02   -1.2   0.0   248   287   621   660   616   664 0.82 length=1060	scaffold=gi564280748	strand=+
221_g                -            363 31487                -            351   6.5e-11   40.0   5.4   1   4      0.34        38    1.3   0.1   257   288    19    53     2    72 0.59 length=364	scaffold=gi564281162	strand=+
221_g                -            363 31487                -            351   6.5e-11   40.0   5.4   2   4   5.4e-11     6e-09   33.6   2.3    89   289    49   249    20   263 0.83 length=364	scaffold=gi564281162	strand=+
221_g                -            363 31487                -            351   6.5e-11   40.0   5.4   3   4    0.0051      0.57    7.3   0.1   105   144   217   256   189   305 0.58 length=364	scaffold=gi564281162	strand=+
221_g                -            363 31487                -            351   6.5e-11   40.0   5.4   4   4     0.035         4    4.6   0.0   253   288   324   359   316   361 0.88 length=364	scaffold=gi564281162	strand=+
1046_g               -            526 31487                -            351   8.7e-11   39.6  11.3   1   3   0.00018      0.02   12.1   0.9   102   213   174   286   170   293 0.84 length=527	scaffold=gi564279795	strand=-
1046_g               -            526 31487                -            351   8.7e-11   39.6  11.3   2   3   6.1e-08   6.8e-06   23.5   1.1   125   218   290   384   278   393 0.76 length=527	scaffold=gi564279795	strand=-
1046_g               -            526 31487                -            351   8.7e-11   39.6  11.3   3   3    0.0011      0.13    9.5   0.1   112   175   463   524   407   526 0.90 length=527	scaffold=gi564279795	strand=-
2737_g               -            471 31487                -            351   1.1e-10   39.3  16.4   1   3   9.9e-09   1.1e-06   26.1   1.9   120   289    89   256    72   261 0.80 length=472	scaffold=gi564277886	strand=-
2737_g               -            471 31487                -            351   1.1e-10   39.3  16.4   2   3   0.00051     0.057   10.6   0.2   104   184   305   387   300   397 0.75 length=472	scaffold=gi564277886	strand=-
2737_g               -            471 31487                -            351   1.1e-10   39.3  16.4   3   3      0.16        18    2.4   1.0    90   148   396   454   388   457 0.82 length=472	scaffold=gi564277886	strand=-
3894_g               -            553 31487                -            351   1.4e-10   39.0  15.1   1   3   0.00099      0.11    9.7   0.1   147   216    40   115    16   116 0.72 length=554	scaffold=gi564275940	strand=-
3894_g               -            553 31487                -            351   1.4e-10   39.0  15.1   2   3   2.8e-08   3.1e-06   24.7   1.7    87   190   144   244   126   257 0.81 length=554	scaffold=gi564275940	strand=-
3894_g               -            553 31487                -            351   1.4e-10   39.0  15.1   3   3    0.0029      0.32    8.2   1.7    88   217   275   408   271   473 0.78 length=554	scaffold=gi564275940	strand=-
4484_g               -            935 31487                -            351   3.4e-10   37.7  11.7   1   3   1.1e-08   1.2e-06   26.0   0.0   105   181   152   231   123   237 0.80 length=936	scaffold=gi564275248	strand=-
4484_g               -            935 31487                -            351   3.4e-10   37.7  11.7   2   3    0.0057      0.64    7.2   0.7    98   190   252   343   239   361 0.78 length=936	scaffold=gi564275248	strand=-
4484_g               -            935 31487                -            351   3.4e-10   37.7  11.7   3   3    0.0011      0.12    9.6   0.2   188   289   746   847   728   856 0.78 length=936	scaffold=gi564275248	strand=-
1443_g               -            503 31487                -            351   7.9e-10   36.5  17.6   1   3       0.4        45    1.1   0.0    98   148   171   222   150   227 0.65 length=504	scaffold=gi564279795	strand=+
1443_g               -            503 31487                -            351   7.9e-10   36.5  17.6   2   3   2.4e-06   0.00027   18.3   0.4   252   288   273   309   238   313 0.86 length=504	scaffold=gi564279795	strand=+
1443_g               -            503 31487                -            351   7.9e-10   36.5  17.6   3   3   1.1e-08   1.2e-06   26.0   1.0   143   295   314   454   309   469 0.75 length=504	scaffold=gi564279795	strand=+
1339_g               -            608 31487                -            351   1.3e-09   35.8  15.4   1   4      0.11        13    2.9   0.3    75   101    68    94    23   101 0.74 length=609	scaffold=gi564279795	strand=+
1339_g               -            608 31487                -            351   1.3e-09   35.8  15.4   2   4   0.00013     0.014   12.6   1.0   215   344   239   366   235   373 0.81 length=609	scaffold=gi564279795	strand=+
1339_g               -            608 31487                -            351   1.3e-09   35.8  15.4   3   4   1.2e-07   1.3e-05   22.6   1.3   159   289   348   462   347   476 0.76 length=609	scaffold=gi564279795	strand=+
1339_g               -            608 31487                -            351   1.3e-09   35.8  15.4   4   4   5.2e-05    0.0058   13.9   0.5   160   265   441   562   429   572 0.72 length=609	scaffold=gi564279795	strand=+
2624_g               -            592 31487                -            351   1.5e-09   35.6   9.3   1   3       7.8   8.7e+02   -3.1   0.1   181   224    52    95    47   102 0.82 length=593	scaffold=gi564277886	strand=-
2624_g               -            592 31487                -            351   1.5e-09   35.6   9.3   2   3   5.8e-11   6.4e-09   33.5   1.4   117   226   185   302   178   308 0.74 length=593	scaffold=gi564277886	strand=-
2624_g               -            592 31487                -            351   1.5e-09   35.6   9.3   3   3     0.049       5.4    4.1   0.1   225   293   458   528   424   540 0.60 length=593	scaffold=gi564277886	strand=-
3332_g               -            627 31487                -            351   1.8e-09   35.3  37.2   1   6   0.00049     0.055   10.7   0.1   304   344     4    41     2    46 0.84 length=628	scaffold=gi564276791	strand=+
3332_g               -            627 31487                -            351   1.8e-09   35.3  37.2   2   6   1.4e-06   0.00016   19.0   3.9    72   178    48   155    45   181 0.85 length=628	scaffold=gi564276791	strand=+
3332_g               -            627 31487                -            351   1.8e-09   35.3  37.2   3   6     0.028       3.1    4.9   0.1   311   346   279   312   261   316 0.84 length=628	scaffold=gi564276791	strand=+
3332_g               -            627 31487                -            351   1.8e-09   35.3  37.2   4   6   7.1e-06   0.00079   16.7   1.4   104   186   280   363   278   368 0.84 length=628	scaffold=gi564276791	strand=+
3332_g               -            627 31487                -            351   1.8e-09   35.3  37.2   5   6       6.1   6.8e+02   -2.8   2.4    87   123   419   455   416   521 0.60 length=628	scaffold=gi564276791	strand=+
3332_g               -            627 31487                -            351   1.8e-09   35.3  37.2   6   6      0.32        35    1.4   9.2   103   215   498   622   453   627 0.53 length=628	scaffold=gi564276791	strand=+
4309_g               -            592 31487                -            351   3.4e-09   34.4  17.3   1   2   5.8e-07   6.5e-05   20.3  10.9    96   288   212   406   181   409 0.75 length=593	scaffold=gi564275248	strand=-
4309_g               -            592 31487                -            351   3.4e-09   34.4  17.3   2   2   1.8e-06    0.0002   18.7   0.5    90   189   405   504   403   523 0.82 length=593	scaffold=gi564275248	strand=-
3938_g               -            423 31487                -            351   1.6e-08   32.2   0.3   1   2   8.4e-08   9.4e-06   23.1   0.1   261   346   115   202   106   206 0.74 length=424	scaffold=gi564275940	strand=+
3938_g               -            423 31487                -            351   1.6e-08   32.2   0.3   2   2     0.012       1.3    6.2   0.0   230   282   296   348   260   356 0.64 length=424	scaffold=gi564275940	strand=+
206_g                -            723 31487                -            351   1.9e-08   32.0  18.2   1   4     0.043       4.8    4.3   0.2   145   204   106   170    86   199 0.57 length=724	scaffold=gi564281162	strand=+
206_g                -            723 31487                -            351   1.9e-08   32.0  18.2   2   4     0.003      0.34    8.1   0.5   112   276   206   369   183   374 0.67 length=724	scaffold=gi564281162	strand=+
206_g                -            723 31487                -            351   1.9e-08   32.0  18.2   3   4   9.9e-07   0.00011   19.6   0.2   163   222   521   584   514   590 0.86 length=724	scaffold=gi564281162	strand=+
206_g                -            723 31487                -            351   1.9e-08   32.0  18.2   4   4     0.001      0.11    9.6   1.0   114   216   601   706   583   718 0.74 length=724	scaffold=gi564281162	strand=+
3117_g               -            562 31487                -            351   1.3e-07   29.2  21.0   1   3      0.01       1.1    6.4   3.1    76   145   110   179   101   209 0.88 length=563	scaffold=gi564277281	strand=-
3117_g               -            562 31487                -            351   1.3e-07   29.2  21.0   2   3     0.015       1.7    5.8   0.1   172   228   255   315   240   325 0.82 length=563	scaffold=gi564277281	strand=-
3117_g               -            562 31487                -            351   1.3e-07   29.2  21.0   3   3   1.9e-07   2.1e-05   21.9   6.5   117   226   394   517   360   559 0.76 length=563	scaffold=gi564277281	strand=-
4657_g               -            464 31487                -            351   2.1e-07   28.5   1.6   1   1   3.9e-08   4.4e-06   24.2   1.5   142   225   108   196    67   274 0.78 length=465	scaffold=gi564274931	strand=+
3074_g               -            689 31487                -            351   5.4e-07   27.2  14.9   1   4     0.027         3    5.0   0.1   247   291    65   108    38   124 0.69 length=690	scaffold=gi564277281	strand=-
3074_g               -            689 31487                -            351   5.4e-07   27.2  14.9   2   4   2.5e-07   2.8e-05   21.5   0.3   162   291    87   208    83   220 0.84 length=690	scaffold=gi564277281	strand=-
3074_g               -            689 31487                -            351   5.4e-07   27.2  14.9   3   4    0.0051      0.57    7.3   0.0   230   256   303   329   229   354 0.74 length=690	scaffold=gi564277281	strand=-
3074_g               -            689 31487                -            351   5.4e-07   27.2  14.9   4   4      0.22        24    2.0   4.7    98   206   427   536   396   569 0.72 length=690	scaffold=gi564277281	strand=-
397_g                -            331 31487                -            351   8.8e-07   26.4   9.6   1   3   0.00032     0.036   11.3   0.1   146   199    13    68     1    85 0.81 length=332	scaffold=gi564281162	strand=-
397_g                -            331 31487                -            351   8.8e-07   26.4   9.6   2   3     0.052       5.8    4.0   0.3   125   200    95   169    88   184 0.76 length=332	scaffold=gi564281162	strand=-
397_g                -            331 31487                -            351   8.8e-07   26.4   9.6   3   3   1.4e-05    0.0015   15.8   1.2    84   217   198   327   180   331 0.82 length=332	scaffold=gi564281162	strand=-
95_g                 -            391 31487                -            351   1.1e-06   26.1   3.9   1   2       6.2   6.9e+02   -2.8   0.0   123   143    56    76    44    89 0.74 length=392	scaffold=gi564281844	strand=-
95_g                 -            391 31487                -            351   1.1e-06   26.1   3.9   2   2   0.00014     0.016   12.5   0.4   144   190   175   221   167   232 0.83 length=392	scaffold=gi564281844	strand=-
1823_g               -            681 31487                -            351   1.3e-06   25.9  13.5   1   3   4.5e-05     0.005   14.1   0.0   236   345   356   457   346   463 0.79 length=682	scaffold=gi564279367	strand=-
1823_g               -            681 31487                -            351   1.3e-06   25.9  13.5   2   3   1.2e-05    0.0013   16.0   0.4   299   348   556   603   484   606 0.77 length=682	scaffold=gi564279367	strand=-
1823_g               -            681 31487                -            351   1.3e-06   25.9  13.5   3   3    0.0011      0.13    9.5   0.5   164   218   586   645   582   657 0.67 length=682	scaffold=gi564279367	strand=-
#
# Program:         hmmsearch
# Version:         3.4 (Aug 2023)
# Pipeline mode:   SEARCH
# Query file:      /home/inf-20-2025/Malaria/busco_downloads/lineages/apicomplexa_odb12/hmms/31487at5794.hmm
# Target file:     /home/inf-20-2025/Malaria/Results/6_nobird_annotation/P_yoelii.faa
# Option settings: hmmsearch --domtblout Results/8_busco/P_yoelii/run_apicomplexa_odb12/hmmer_output/initial_run_results/31487at5794.out --cpu 1 /home/inf-20-2025/Malaria/busco_downloads/lineages/apicomplexa_odb12/hmms/31487at5794.hmm /home/inf-20-2025/Malaria/Results/6_nobird_annotation/P_yoelii.faa 
# Current dir:     /home/inf-20-2025/Malaria
# Date:            Wed Mar  4 18:32:30 2026
# [ok]
