#                                                                            --- full sequence --- -------------- this domain -------------   hmm coord   ali coord   env coord
# target name        accession   tlen query name           accession   qlen   E-value  score  bias   #  of  c-Evalue  i-Evalue  score  bias  from    to  from    to  from    to  acc description of target
#------------------- ---------- ----- -------------------- ---------- ----- --------- ------ ----- --- --- --------- --------- ------ ----- ----- ----- ----- ----- ----- ----- ---- ---------------------
3775_g               -            663 31665                -            630         0 1233.7  20.4   1   1         0         0 1233.4  20.4     9   628    32   651    24   654 0.99 length=664	scaffold=gi564275940	strand=-
2202_g               -            651 31665                -            630  5.6e-225  746.2  13.3   1   1  7.6e-228  7.5e-225  745.8  13.3     9   615    19   632    12   641 0.94 length=652	scaffold=gi564278570	strand=-
4523_g               -            682 31665                -            630  4.9e-221  733.2   7.2   1   1  6.3e-224  6.2e-221  732.9   7.2    18   615    15   625     2   632 0.91 length=683	scaffold=gi564275041	strand=-
678_g                -            839 31665                -            630   6.1e-31  105.2   5.3   1   4   1.6e-26   1.5e-23   80.8   1.2    19   262     2   255     1   268 0.87 length=840	scaffold=gi564280748	strand=+
678_g                -            839 31665                -            630   6.1e-31  105.2   5.3   2   4   9.7e-13   9.6e-10   35.2   0.2   267   394   290   414   271   423 0.83 length=840	scaffold=gi564280748	strand=+
678_g                -            839 31665                -            630   6.1e-31  105.2   5.3   3   4   0.00048      0.47    6.5   1.5   516   614   604   703   596   717 0.72 length=840	scaffold=gi564280748	strand=+
678_g                -            839 31665                -            630   6.1e-31  105.2   5.3   4   4         5   4.9e+03   -8.2  13.5   521   625   692   800   688   835 0.57 length=840	scaffold=gi564280748	strand=+
247_g                -            929 31665                -            630   3.9e-30  102.5   0.9   1   4     4e-33   3.9e-30  102.5   0.9   109   390   150   448   134   456 0.82 length=930	scaffold=gi564281162	strand=-
247_g                -            929 31665                -            630   3.9e-30  102.5   0.9   2   4         5   4.9e+03  -11.0  19.0   482   584   548   647   529   680 0.45 length=930	scaffold=gi564281162	strand=-
247_g                -            929 31665                -            630   3.9e-30  102.5   0.9   3   4     0.072        71   -0.7   6.6   535   612   674   756   656   773 0.68 length=930	scaffold=gi564281162	strand=-
247_g                -            929 31665                -            630   3.9e-30  102.5   0.9   4   4         5   4.9e+03  -10.2  15.7   522   600   838   916   829   927 0.55 length=930	scaffold=gi564281162	strand=-
#
# Program:         hmmsearch
# Version:         3.4 (Aug 2023)
# Pipeline mode:   SEARCH
# Query file:      /home/inf-20-2025/Malaria/busco_downloads/lineages/apicomplexa_odb12/hmms/31665at5794.hmm
# Target file:     /home/inf-20-2025/Malaria/Results/6_nobird_annotation/P_yoelii.faa
# Option settings: hmmsearch --domtblout Results/8_busco/P_yoelii/run_apicomplexa_odb12/hmmer_output/initial_run_results/31665at5794.out --cpu 1 /home/inf-20-2025/Malaria/busco_downloads/lineages/apicomplexa_odb12/hmms/31665at5794.hmm /home/inf-20-2025/Malaria/Results/6_nobird_annotation/P_yoelii.faa 
# Current dir:     /home/inf-20-2025/Malaria
# Date:            Wed Mar  4 18:32:29 2026
# [ok]
