#                                                                            --- full sequence --- -------------- this domain -------------   hmm coord   ali coord   env coord
# target name        accession   tlen query name           accession   qlen   E-value  score  bias   #  of  c-Evalue  i-Evalue  score  bias  from    to  from    to  from    to  acc description of target
#------------------- ---------- ----- -------------------- ---------- ----- --------- ------ ----- --- --- --------- --------- ------ ----- ----- ----- ----- ----- ----- ----- ---- ---------------------
336_g                -            492 32139                -            397  8.7e-170  562.6   1.0   1   1  9.8e-172  1.1e-169  562.3   1.0     2   396    72   474    71   475 0.97 length=493	scaffold=gi564281162	strand=+
4254_g               -            508 32139                -            397  3.5e-107  356.5   6.5   1   1  3.9e-109  4.5e-107  356.1   6.5     2   395   100   491    99   493 0.94 length=509	scaffold=gi564275558	strand=-
662_g                -            433 32139                -            397   1.8e-87  291.6   0.1   1   1   1.9e-89   2.1e-87  291.3   0.1    21   368    80   423    60   430 0.94 length=434	scaffold=gi564280748	strand=-
486_g                -            398 32139                -            397   2.9e-87  290.9   0.4   1   1   2.9e-89   3.3e-87  290.7   0.4     2   372    24   394    23   398 0.93 length=399	scaffold=gi564281162	strand=-
4417_g               -           1389 32139                -            397   3.2e-85  284.2   0.7   1   1   6.2e-87   7.1e-85  283.0   0.7     3   365   627   995   625  1022 0.93 length=1390	scaffold=gi564275248	strand=-
900_g                -            665 32139                -            397   5.7e-85  283.4   0.0   1   1   7.5e-87   8.6e-85  282.8   0.0     2   353   217   578   216   594 0.88 length=666	scaffold=gi564280748	strand=+
1636_g               -            649 32139                -            397     7e-84  279.8   1.9   1   1   7.8e-86     9e-84  279.4   1.9     2   390   197   587   196   594 0.90 length=650	scaffold=gi564279471	strand=-
4770_g               -            517 32139                -            397     7e-84  279.8   0.0   1   1   7.7e-86   8.8e-84  279.4   0.0     4   360   105   467   102   485 0.90 length=518	scaffold=gi564274649	strand=-
813_g                -            960 32139                -            397     7e-83  276.5   0.0   1   2   2.3e-42   2.6e-40  136.3   0.0     4   178   539   718   536   726 0.90 length=961	scaffold=gi564280748	strand=-
813_g                -            960 32139                -            397     7e-83  276.5   0.0   2   2   7.1e-43   8.1e-41  138.0   0.0   181   360   742   923   731   956 0.90 length=961	scaffold=gi564280748	strand=-
1558_g               -            654 32139                -            397   1.1e-82  275.8   9.1   1   2   2.8e-44   3.2e-42  142.6   0.2     4   216    51   271    48   281 0.85 length=655	scaffold=gi564279795	strand=+
1558_g               -            654 32139                -            397   1.1e-82  275.8   9.1   2   2   3.2e-42   3.6e-40  135.8   4.4   207   390   283   472   271   479 0.83 length=655	scaffold=gi564279795	strand=+
1343_g               -            715 32139                -            397   2.4e-82  274.7   0.4   1   2     4e-16   4.5e-14   49.9   0.0     2    66   290   353   289   358 0.90 length=716	scaffold=gi564279795	strand=-
1343_g               -            715 32139                -            397   2.4e-82  274.7   0.4   2   2   1.2e-68   1.4e-66  222.9   0.2    70   347   401   678   393   713 0.86 length=716	scaffold=gi564279795	strand=-
1199_g               -            908 32139                -            397   2.6e-81  271.3   0.7   1   3   3.3e-14   3.8e-12   43.6   0.0     6    63   327   384   322   395 0.91 length=909	scaffold=gi564279795	strand=-
1199_g               -            908 32139                -            397   2.6e-81  271.3   0.7   2   3   2.2e-22   2.5e-20   70.5   0.0    71   172   413   511   406   524 0.92 length=909	scaffold=gi564279795	strand=-
1199_g               -            908 32139                -            397   2.6e-81  271.3   0.7   3   3     1e-47   1.2e-45  153.9   0.3   178   360   538   723   526   746 0.91 length=909	scaffold=gi564279795	strand=-
3017_g               -            390 32139                -            397   1.5e-77  258.9   0.5   1   1   1.5e-79   1.7e-77  258.7   0.5     2   374    18   388    17   390 0.93 length=391	scaffold=gi564277281	strand=-
4460_g               -            709 32139                -            397   7.7e-75  250.0   1.3   1   2   7.7e-14   8.8e-12   42.4   0.0     8    67   115   174   109   190 0.90 length=710	scaffold=gi564275248	strand=-
4460_g               -            709 32139                -            397   7.7e-75  250.0   1.3   2   2   1.6e-63   1.8e-61  206.0   0.5    72   380   210   521   203   534 0.88 length=710	scaffold=gi564275248	strand=-
4176_g               -            466 32139                -            397   1.5e-73  245.8   1.7   1   2   3.9e-13   4.4e-11   40.1   0.0     3    66    61   124    60   127 0.92 length=467	scaffold=gi564275558	strand=-
4176_g               -            466 32139                -            397   1.5e-73  245.8   1.7   2   2   5.2e-63   5.9e-61  204.3   1.0    71   368   154   454   146   465 0.90 length=467	scaffold=gi564275558	strand=-
3223_g               -           1152 32139                -            397   4.7e-73  244.1   2.8   1   2   4.1e-75   4.7e-73  244.1   2.8     3   373   148   527   146   535 0.88 length=1153	scaffold=gi564277146	strand=+
3223_g               -           1152 32139                -            397   4.7e-73  244.1   2.8   2   2       5.5   6.3e+02   -3.2   0.4   351   370   802   821   793   837 0.51 length=1153	scaffold=gi564277146	strand=+
2565_g               -            894 32139                -            397   1.8e-71  238.9   4.1   1   1   2.4e-73   2.7e-71  238.3   4.1     2   376   127   513   126   533 0.85 length=895	scaffold=gi564277886	strand=-
575_g                -            708 32139                -            397     1e-63  213.4   5.4   1   1     2e-63   2.2e-61  205.7   5.4     2   381   293   705   292   708 0.82 length=709	scaffold=gi564281162	strand=-
4776_g               -            779 32139                -            397   6.9e-63  210.6  17.8   1   4   6.6e-13   7.5e-11   39.3   0.0     4    67   217   281   214   286 0.89 length=780	scaffold=gi564274649	strand=-
4776_g               -            779 32139                -            397   6.9e-63  210.6  17.8   2   4   7.1e-32   8.2e-30  101.7   0.2    66   205   311   456   307   471 0.86 length=780	scaffold=gi564274649	strand=-
4776_g               -            779 32139                -            397   6.9e-63  210.6  17.8   3   4     0.067       7.7    3.0   0.4   218   287   514   583   486   586 0.77 length=780	scaffold=gi564274649	strand=-
4776_g               -            779 32139                -            397   6.9e-63  210.6  17.8   4   4   1.1e-24   1.2e-22   78.1   0.0   266   379   584   696   577   716 0.87 length=780	scaffold=gi564274649	strand=-
1012_g               -            656 32139                -            397   3.6e-60  201.7   8.1   1   1   5.6e-62   6.4e-60  200.9   8.1     9   382   188   575   182   587 0.84 length=657	scaffold=gi564279795	strand=+
655_g                -            720 32139                -            397   5.3e-59  197.9   5.1   1   1   1.8e-60   2.1e-58  195.9   5.1     8   363   258   627   251   657 0.83 length=721	scaffold=gi564280748	strand=-
3438_g               -            832 32139                -            397   1.5e-56  189.8  12.5   1   4   8.4e-36   9.6e-34  114.7   0.4     7   175   150   327   144   334 0.87 length=833	scaffold=gi564276791	strand=+
3438_g               -            832 32139                -            397   1.5e-56  189.8  12.5   2   4      0.19        21    1.6   0.1   180   203   381   404   375   428 0.74 length=833	scaffold=gi564276791	strand=+
3438_g               -            832 32139                -            397   1.5e-56  189.8  12.5   3   4    0.0013      0.15    8.7   1.1   200   265   429   497   406   505 0.80 length=833	scaffold=gi564276791	strand=+
3438_g               -            832 32139                -            397   1.5e-56  189.8  12.5   4   4   3.5e-22     4e-20   69.8   0.0   266   355   603   692   536   716 0.85 length=833	scaffold=gi564276791	strand=+
3185_g               -            668 32139                -            397   3.1e-52  175.6   8.8   1   2   3.3e-16   3.8e-14   50.2   0.1     8    64   198   254   192   259 0.91 length=669	scaffold=gi564277281	strand=+
3185_g               -            668 32139                -            397   3.1e-52  175.6   8.8   2   2     1e-39   1.2e-37  127.6   4.1    69   362   290   593   285   603 0.81 length=669	scaffold=gi564277281	strand=+
840_g                -            818 32139                -            397   3.2e-52  175.5   4.8   1   3   2.4e-17   2.8e-15   53.9   0.0     2    64     3    65     2    71 0.95 length=819	scaffold=gi564280748	strand=+
840_g                -            818 32139                -            397   3.2e-52  175.5   4.8   2   3   6.8e-16   7.7e-14   49.1   0.0    66   201   324   464   317   511 0.81 length=819	scaffold=gi564280748	strand=+
840_g                -            818 32139                -            397   3.2e-52  175.5   4.8   3   3   1.7e-22     2e-20   70.9   0.5   223   354   543   692   511   697 0.79 length=819	scaffold=gi564280748	strand=+
1473_g               -            863 32139                -            397   1.8e-50  169.8   6.3   1   3   2.1e-34   2.4e-32  110.1   0.5    18   220   120   329   103   361 0.77 length=864	scaffold=gi564279795	strand=-
1473_g               -            863 32139                -            397   1.8e-50  169.8   6.3   2   3    0.0011      0.13    8.9   0.3   221   297   377   455   364   459 0.78 length=864	scaffold=gi564279795	strand=-
1473_g               -            863 32139                -            397   1.8e-50  169.8   6.3   3   3   6.1e-17     7e-15   52.6   0.0   303   362   589   651   585   681 0.79 length=864	scaffold=gi564279795	strand=-
718_g                -           1126 32139                -            397   7.1e-48  161.2  21.7   1   6   6.5e-10   7.5e-08   29.4   0.3     2    69    25    92    24    95 0.95 length=1127	scaffold=gi564280748	strand=+
718_g                -           1126 32139                -            397   7.1e-48  161.2  21.7   2   6   0.00031     0.035   10.7   0.0    69    96   135   162   128   169 0.82 length=1127	scaffold=gi564280748	strand=+
718_g                -           1126 32139                -            397   7.1e-48  161.2  21.7   3   6   1.3e-06   0.00015   18.6   0.0    84   149   179   245   169   250 0.83 length=1127	scaffold=gi564280748	strand=+
718_g                -           1126 32139                -            397   7.1e-48  161.2  21.7   4   6     4e-07   4.6e-05   20.3   0.9   147   207   266   324   245   345 0.83 length=1127	scaffold=gi564280748	strand=+
718_g                -           1126 32139                -            397   7.1e-48  161.2  21.7   5   6   6.8e-29   7.7e-27   91.9   2.8   207   368   464   635   432   658 0.78 length=1127	scaffold=gi564280748	strand=+
718_g                -           1126 32139                -            397   7.1e-48  161.2  21.7   6   6         5   5.7e+02   -3.1   0.0   240   285   970  1015   968  1021 0.86 length=1127	scaffold=gi564280748	strand=+
2567_g               -            989 32139                -            397   1.5e-44  150.3   9.8   1   5   3.3e-14   3.8e-12   43.6   0.1     4    66    20    83    17    91 0.81 length=990	scaffold=gi564277886	strand=+
2567_g               -            989 32139                -            397   1.5e-44  150.3   9.8   2   5     0.015       1.7    5.2   0.0    69    92   249   272   241   282 0.83 length=990	scaffold=gi564277886	strand=+
2567_g               -            989 32139                -            397   1.5e-44  150.3   9.8   3   5   9.7e-11   1.1e-08   32.2   0.0   111   190   317   393   302   405 0.86 length=990	scaffold=gi564277886	strand=+
2567_g               -            989 32139                -            397   1.5e-44  150.3   9.8   4   5       7.9     9e+02   -3.8   0.0   213   248   455   493   448   498 0.75 length=990	scaffold=gi564277886	strand=+
2567_g               -            989 32139                -            397   1.5e-44  150.3   9.8   5   5     2e-22   2.3e-20   70.7   1.8   258   394   554   691   526   694 0.84 length=990	scaffold=gi564277886	strand=+
4462_g               -            487 32139                -            397   2.6e-38  129.7   8.7   1   1   3.3e-40   3.7e-38  129.2   8.7     2   350    86   450    85   482 0.82 length=488	scaffold=gi564275248	strand=-
4091_g               -            855 32139                -            397   3.2e-37  126.1   3.5   1   3   4.4e-09     5e-07   26.7   0.1    38    94   207   261   168   294 0.69 length=856	scaffold=gi564275836	strand=-
4091_g               -            855 32139                -            397   3.2e-37  126.1   3.5   2   3      0.19        21    1.6   0.0   135   160   335   360   294   363 0.69 length=856	scaffold=gi564275836	strand=-
4091_g               -            855 32139                -            397   3.2e-37  126.1   3.5   3   3   2.1e-30   2.4e-28   96.9   0.1   241   374   553   685   508   699 0.90 length=856	scaffold=gi564275836	strand=-
2775_g               -            561 32139                -            397   1.4e-33  114.2   7.8   1   1   3.4e-35   3.9e-33  112.7   7.8    41   375   157   519   149   541 0.72 length=562	scaffold=gi564277886	strand=+
4020_g               -           1121 32139                -            397   4.1e-31  106.0   7.3   1   3   5.6e-10   6.4e-08   29.6   0.0     4    63   112   171   109   185 0.92 length=1122	scaffold=gi564275940	strand=-
4020_g               -           1121 32139                -            397   4.1e-31  106.0   7.3   2   3    0.0068      0.78    6.3   0.7   120   220   498   599   487   656 0.77 length=1122	scaffold=gi564275940	strand=-
4020_g               -           1121 32139                -            397   4.1e-31  106.0   7.3   3   3   1.2e-22   1.4e-20   71.4   0.3   237   337   745   845   689   857 0.89 length=1122	scaffold=gi564275940	strand=-
2348_g               -           1017 32139                -            397   1.2e-28   97.9  18.2   1   6    0.0018       0.2    8.2   0.0    15    40   108   133    95   135 0.86 length=1018	scaffold=gi564278570	strand=+
2348_g               -           1017 32139                -            397   1.2e-28   97.9  18.2   2   6    0.0069      0.79    6.3   0.0    43    71   226   254   218   257 0.85 length=1018	scaffold=gi564278570	strand=+
2348_g               -           1017 32139                -            397   1.2e-28   97.9  18.2   3   6     0.055       6.3    3.3   0.2   217   289   317   387   305   404 0.82 length=1018	scaffold=gi564278570	strand=+
2348_g               -           1017 32139                -            397   1.2e-28   97.9  18.2   4   6   8.1e-06   0.00093   15.9   0.0   111   176   437   503   429   550 0.87 length=1018	scaffold=gi564278570	strand=+
2348_g               -           1017 32139                -            397   1.2e-28   97.9  18.2   5   6     0.025       2.9    4.5   0.6   181   244   639   706   616   718 0.77 length=1018	scaffold=gi564278570	strand=+
2348_g               -           1017 32139                -            397   1.2e-28   97.9  18.2   6   6   1.2e-20   1.4e-18   64.7   3.3   244   388   732   875   727   884 0.85 length=1018	scaffold=gi564278570	strand=+
3379_g               -           1206 32139                -            397   1.1e-26   91.4   1.6   1   2   1.3e-23   1.5e-21   74.5   0.8    14   204   259   462   247   481 0.85 length=1207	scaffold=gi564276791	strand=-
3379_g               -           1206 32139                -            397   1.1e-26   91.4   1.6   2   2   1.9e-05    0.0022   14.7   0.0   267   330   907   976   892  1033 0.83 length=1207	scaffold=gi564276791	strand=-
4833_g               -           2355 32139                -            397   2.6e-19   67.2   5.2   1   5   0.00074     0.084    9.5   0.0    25    64   326   366   319   375 0.80 length=2356	scaffold=gi564274649	strand=-
4833_g               -           2355 32139                -            397   2.6e-19   67.2   5.2   2   5     7e-06    0.0008   16.2   0.6    73   234   486   654   478   705 0.66 length=2356	scaffold=gi564274649	strand=-
4833_g               -           2355 32139                -            397   2.6e-19   67.2   5.2   3   5      0.22        26    1.3   0.0   266   315   731   780   714   789 0.83 length=2356	scaffold=gi564274649	strand=-
4833_g               -           2355 32139                -            397   2.6e-19   67.2   5.2   4   5   3.4e-10   3.9e-08   30.4   0.0    19   162  1353  1493  1340  1527 0.78 length=2356	scaffold=gi564274649	strand=-
4833_g               -           2355 32139                -            397   2.6e-19   67.2   5.2   5   5    0.0083      0.95    6.0   0.0   263   358  1716  1823  1689  1859 0.71 length=2356	scaffold=gi564274649	strand=-
2196_g               -            659 32139                -            397   7.4e-19   65.7   0.1   1   4      0.22        26    1.3   0.0    28    59    59    91    46    98 0.82 length=660	scaffold=gi564278570	strand=-
2196_g               -            659 32139                -            397   7.4e-19   65.7   0.1   2   4       1.2   1.4e+02   -1.1   0.1   179   240   113   169    97   190 0.59 length=660	scaffold=gi564278570	strand=-
2196_g               -            659 32139                -            397   7.4e-19   65.7   0.1   3   4   6.5e-21   7.4e-19   65.7   0.1   225   382   305   463   276   473 0.89 length=660	scaffold=gi564278570	strand=-
2196_g               -            659 32139                -            397   7.4e-19   65.7   0.1   4   4       6.3   7.2e+02   -3.5   0.1   369   396   600   627   594   628 0.85 length=660	scaffold=gi564278570	strand=-
1923_g               -           3253 32139                -            397   2.9e-18   63.7  18.4   1   6       4.9   5.6e+02   -3.1   0.0     2    36  1979  2014  1978  2015 0.85 length=3254	scaffold=gi564279133	strand=+
1923_g               -           3253 32139                -            397   2.9e-18   63.7  18.4   2   6   7.4e-05    0.0085   12.8   0.0    43    67  2071  2095  2066  2097 0.86 length=3254	scaffold=gi564279133	strand=+
1923_g               -           3253 32139                -            397   2.9e-18   63.7  18.4   3   6      0.86        98   -0.6   0.0    91   119  2243  2271  2236  2275 0.88 length=3254	scaffold=gi564279133	strand=+
1923_g               -           3253 32139                -            397   2.9e-18   63.7  18.4   4   6   3.9e-18   4.5e-16   56.5   0.7   121   364  2322  2607  2308  2619 0.70 length=3254	scaffold=gi564279133	strand=+
1923_g               -           3253 32139                -            397   2.9e-18   63.7  18.4   5   6      0.66        75   -0.2   1.6   154   243  2709  2805  2690  2822 0.71 length=3254	scaffold=gi564279133	strand=+
1923_g               -           3253 32139                -            397   2.9e-18   63.7  18.4   6   6       3.7   4.2e+02   -2.7   0.2   187   242  2946  2999  2938  3016 0.82 length=3254	scaffold=gi564279133	strand=+
2656_g               -           1335 32139                -            397   5.2e-17   59.6   0.2   1   2    0.0094       1.1    5.9   0.0    25    67    50    92    40   106 0.80 length=1336	scaffold=gi564277886	strand=+
2656_g               -           1335 32139                -            397   5.2e-17   59.6   0.2   2   2   1.6e-16   1.9e-14   51.2   0.1   243   379   282   420   277   435 0.84 length=1336	scaffold=gi564277886	strand=+
3019_g               -           2088 32139                -            397   4.2e-14   50.0  10.0   1   6       7.6   8.7e+02   -3.7   0.0   223   265     4    47     4    56 0.68 length=2089	scaffold=gi564277281	strand=-
3019_g               -           2088 32139                -            397   4.2e-14   50.0  10.0   2   6   7.7e-13   8.9e-11   39.1   0.1     7   175   218   391   213   398 0.82 length=2089	scaffold=gi564277281	strand=-
3019_g               -           2088 32139                -            397   4.2e-14   50.0  10.0   3   6     0.032       3.7    4.1   0.1   272   316   554   598   493   687 0.68 length=2089	scaffold=gi564277281	strand=-
3019_g               -           2088 32139                -            397   4.2e-14   50.0  10.0   4   6    0.0019      0.21    8.2   0.0    64   174  1186  1292  1181  1315 0.78 length=2089	scaffold=gi564277281	strand=-
3019_g               -           2088 32139                -            397   4.2e-14   50.0  10.0   5   6      0.92   1.1e+02   -0.7   0.1   323   384  1305  1366  1286  1371 0.79 length=2089	scaffold=gi564277281	strand=-
3019_g               -           2088 32139                -            397   4.2e-14   50.0  10.0   6   6      0.42        48    0.4   0.2   220   262  1432  1472  1425  1501 0.76 length=2089	scaffold=gi564277281	strand=-
1064_g               -           2154 32139                -            397   5.6e-13   46.3   0.1   1   4     0.058       6.6    3.3   0.0    21    61  1484  1525  1474  1532 0.84 length=2155	scaffold=gi564279795	strand=-
1064_g               -           2154 32139                -            397   5.6e-13   46.3   0.1   2   4      0.99   1.1e+02   -0.8   0.0    73    97  1608  1632  1606  1648 0.83 length=2155	scaffold=gi564279795	strand=-
1064_g               -           2154 32139                -            397   5.6e-13   46.3   0.1   3   4     0.012       1.4    5.5   0.0   109   162  1703  1757  1692  1813 0.82 length=2155	scaffold=gi564279795	strand=-
1064_g               -           2154 32139                -            397   5.6e-13   46.3   0.1   4   4   2.1e-10   2.5e-08   31.0   0.1   303   377  2048  2121  2005  2139 0.88 length=2155	scaffold=gi564279795	strand=-
3162_g               -           2530 32139                -            397   9.1e-06   22.6   0.5   1   2       8.7     1e+03   -3.9   0.0   147   161  1203  1217  1166  1239 0.61 length=2531	scaffold=gi564277281	strand=+
3162_g               -           2530 32139                -            397   9.1e-06   22.6   0.5   2   2   1.8e-07     2e-05   21.4   0.2   231   353  1392  1519  1367  1547 0.78 length=2531	scaffold=gi564277281	strand=+
4513_g               -           1855 32139                -            397   4.2e-05   20.4   0.2   1   1     1e-06   0.00012   18.9   0.2   233   333  1535  1643  1494  1684 0.82 length=1856	scaffold=gi564275041	strand=+
4042_g               -            852 32139                -            397   0.00017   18.4   0.2   1   1   4.2e-06   0.00048   16.9   0.2   237   368   564   698   546   724 0.81 length=853	scaffold=gi564275940	strand=+
3043_g               -            869 32139                -            397    0.0018   15.0   0.8   1   2       1.1   1.3e+02   -1.0   0.1   173   209   406   442   400   449 0.83 length=870	scaffold=gi564277281	strand=-
3043_g               -            869 32139                -            397    0.0018   15.0   0.8   2   2   4.7e-05    0.0054   13.4   0.1   222   339   593   708   582   719 0.81 length=870	scaffold=gi564277281	strand=-
#
# Program:         hmmsearch
# Version:         3.4 (Aug 2023)
# Pipeline mode:   SEARCH
# Query file:      /home/inf-20-2025/Malaria/busco_downloads/lineages/apicomplexa_odb12/hmms/32139at5794.hmm
# Target file:     /home/inf-20-2025/Malaria/Results/6_nobird_annotation/P_yoelii.faa
# Option settings: hmmsearch --domtblout Results/8_busco/P_yoelii/run_apicomplexa_odb12/hmmer_output/initial_run_results/32139at5794.out --cpu 1 /home/inf-20-2025/Malaria/busco_downloads/lineages/apicomplexa_odb12/hmms/32139at5794.hmm /home/inf-20-2025/Malaria/Results/6_nobird_annotation/P_yoelii.faa 
# Current dir:     /home/inf-20-2025/Malaria
# Date:            Wed Mar  4 18:32:31 2026
# [ok]
