#                                                                            --- full sequence --- -------------- this domain -------------   hmm coord   ali coord   env coord
# target name        accession   tlen query name           accession   qlen   E-value  score  bias   #  of  c-Evalue  i-Evalue  score  bias  from    to  from    to  from    to  acc description of target
#------------------- ---------- ----- -------------------- ---------- ----- --------- ------ ----- --- --- --------- --------- ------ ----- ----- ----- ----- ----- ----- ----- ---- ---------------------
745_g                -           1525 32487                -            438  2.1e-106  354.6  62.9   1   7         1   4.9e+03  -10.5  14.6    32   102    13    84     2    96 0.44 length=1526	scaffold=gi564280748	strand=-
745_g                -           1525 32487                -            438  2.1e-106  354.6  62.9   2   7         1   4.9e+03   -8.0  15.2    11   100    84   173    75   175 0.69 length=1526	scaffold=gi564280748	strand=-
745_g                -           1525 32487                -            438  2.1e-106  354.6  62.9   3   7   2.1e-57     1e-53  181.0  38.0     3   296   153   487   151   509 0.78 length=1526	scaffold=gi564280748	strand=-
745_g                -           1525 32487                -            438  2.1e-106  354.6  62.9   4   7   6.1e-60     3e-56  189.3  16.8   237   422   527   731   503   732 0.75 length=1526	scaffold=gi564280748	strand=-
745_g                -           1525 32487                -            438  2.1e-106  354.6  62.9   5   7       0.7   3.4e+03   -5.3   4.3   220   296   789   860   779   886 0.50 length=1526	scaffold=gi564280748	strand=-
745_g                -           1525 32487                -            438  2.1e-106  354.6  62.9   6   7         1   4.9e+03  -10.5  16.7    64   185   988  1110   917  1146 0.49 length=1526	scaffold=gi564280748	strand=-
745_g                -           1525 32487                -            438  2.1e-106  354.6  62.9   7   7         1   4.9e+03   -9.3  10.0   191   241  1341  1390  1273  1497 0.46 length=1526	scaffold=gi564280748	strand=-
#
# Program:         hmmsearch
# Version:         3.4 (Aug 2023)
# Pipeline mode:   SEARCH
# Query file:      /home/inf-20-2025/Malaria/busco_downloads/lineages/apicomplexa_odb12/hmms/32487at5794.hmm
# Target file:     /home/inf-20-2025/Malaria/Results/6_nobird_annotation/P_yoelii.faa
# Option settings: hmmsearch --domtblout Results/8_busco/P_yoelii/run_apicomplexa_odb12/hmmer_output/initial_run_results/32487at5794.out --cpu 1 /home/inf-20-2025/Malaria/busco_downloads/lineages/apicomplexa_odb12/hmms/32487at5794.hmm /home/inf-20-2025/Malaria/Results/6_nobird_annotation/P_yoelii.faa 
# Current dir:     /home/inf-20-2025/Malaria
# Date:            Wed Mar  4 18:32:32 2026
# [ok]
