#                                                                            --- full sequence --- -------------- this domain -------------   hmm coord   ali coord   env coord
# target name        accession   tlen query name           accession   qlen   E-value  score  bias   #  of  c-Evalue  i-Evalue  score  bias  from    to  from    to  from    to  acc description of target
#------------------- ---------- ----- -------------------- ---------- ----- --------- ------ ----- --- --- --------- --------- ------ ----- ----- ----- ----- ----- ----- ----- ---- ---------------------
2481_g               -            385 3250                 -            294  7.1e-117  388.0  18.8   1   2   1.2e-17   8.1e-15   53.0   2.8     2    85     6    90     5   108 0.90 length=386	scaffold=gi564277886	strand=+
2481_g               -            385 3250                 -            294  7.1e-117  388.0  18.8   2   2  2.2e-105  1.6e-102  340.9   8.3    72   292   156   378   140   380 0.95 length=386	scaffold=gi564277886	strand=+
1753_g               -            128 3250                 -            294     1e-06   26.4   0.0   1   1   1.4e-09     1e-06   26.4   0.0     3    83     6    87     4   126 0.85 length=129	scaffold=gi564279471	strand=-
2163_g               -           1405 3250                 -            294     2e-05   22.2   4.1   1   5   2.8e-08     2e-05   22.2   4.1     4    84    12    92     9   115 0.80 length=1406	scaffold=gi564278570	strand=-
2163_g               -           1405 3250                 -            294     2e-05   22.2   4.1   2   5       1.1   7.8e+02   -2.7   7.0    70   137   339   406   334   415 0.79 length=1406	scaffold=gi564278570	strand=-
2163_g               -           1405 3250                 -            294     2e-05   22.2   4.1   3   5      0.32   2.3e+02   -1.0   1.1    80   118   408   446   393   467 0.72 length=1406	scaffold=gi564278570	strand=-
2163_g               -           1405 3250                 -            294     2e-05   22.2   4.1   4   5       2.2   1.6e+03   -3.7   1.8    96   124  1030  1060   980  1072 0.55 length=1406	scaffold=gi564278570	strand=-
2163_g               -           1405 3250                 -            294     2e-05   22.2   4.1   5   5     0.019        13    3.1   4.8    48   139  1130  1213  1116  1220 0.75 length=1406	scaffold=gi564278570	strand=-
3962_g               -            376 3250                 -            294   5.3e-05   20.8   0.2   1   1   1.3e-07     9e-05   20.0   0.2     6   105    11   118     6   128 0.71 length=377	scaffold=gi564275940	strand=+
1076_g               -            175 3250                 -            294   9.7e-05   19.9   1.1   1   1   2.4e-07   0.00017   19.1   1.1     4    67    99   162    96   173 0.89 length=176	scaffold=gi564279795	strand=-
3354_g               -            854 3250                 -            294   0.00035   18.1   0.0   1   2   2.6e-05     0.018   12.5   0.0     5    52   760   807   757   811 0.92 length=855	scaffold=gi564276791	strand=+
3354_g               -            854 3250                 -            294   0.00035   18.1   0.0   2   2     0.011       7.9    3.8   0.0    27    64   807   845   805   851 0.83 length=855	scaffold=gi564276791	strand=+
3608_g               -            368 3250                 -            294       0.5    7.7  14.9   1   2   0.00014     0.096   10.1   8.7    12   117    15   121     5   166 0.73 length=369	scaffold=gi564276574	strand=+
3608_g               -            368 3250                 -            294       0.5    7.7  14.9   2   2      0.07        49    1.2   0.4    35   112   220   290   199   312 0.62 length=369	scaffold=gi564276574	strand=+
#
# Program:         hmmsearch
# Version:         3.4 (Aug 2023)
# Pipeline mode:   SEARCH
# Query file:      /home/inf-20-2025/Malaria/busco_downloads/lineages/apicomplexa_odb12/hmms/3250at5794.hmm
# Target file:     /home/inf-20-2025/Malaria/Results/6_nobird_annotation/P_yoelii.faa
# Option settings: hmmsearch --domtblout Results/8_busco/P_yoelii/run_apicomplexa_odb12/hmmer_output/initial_run_results/3250at5794.out --cpu 1 /home/inf-20-2025/Malaria/busco_downloads/lineages/apicomplexa_odb12/hmms/3250at5794.hmm /home/inf-20-2025/Malaria/Results/6_nobird_annotation/P_yoelii.faa 
# Current dir:     /home/inf-20-2025/Malaria
# Date:            Wed Mar  4 18:32:33 2026
# [ok]
