#                                                                            --- full sequence --- -------------- this domain -------------   hmm coord   ali coord   env coord
# target name        accession   tlen query name           accession   qlen   E-value  score  bias   #  of  c-Evalue  i-Evalue  score  bias  from    to  from    to  from    to  acc description of target
#------------------- ---------- ----- -------------------- ---------- ----- --------- ------ ----- --- --- --------- --------- ------ ----- ----- ----- ----- ----- ----- ----- ---- ---------------------
3108_g               -           1184 32662                -           1014         0 1620.7  42.5   1   3   3.2e-20   2.3e-17   60.3  11.6     1   131     1   134     1   173 0.70 length=1185	scaffold=gi564277281	strand=+
3108_g               -           1184 32662                -           1014         0 1620.7  42.5   2   3   5.1e-13   3.6e-10   36.4   9.2    98   222   177   309   150   314 0.66 length=1185	scaffold=gi564277281	strand=+
3108_g               -           1184 32662                -           1014         0 1620.7  42.5   3   3         0         0 1527.8  10.0   191  1014   327  1184   305  1184 0.93 length=1185	scaffold=gi564277281	strand=+
2205_g               -            785 32662                -           1014  5.5e-262  870.0  14.3   1   1  2.8e-264    2e-261  868.2  14.3   303   994    74   777     9   783 0.91 length=786	scaffold=gi564278570	strand=+
1739_g               -           1131 32662                -           1014  3.2e-242  804.6  19.3   1   3       2.8     2e+03   -5.8  28.4    67   268    97   295    61   311 0.64 length=1132	scaffold=gi564279471	strand=-
1739_g               -           1131 32662                -           1014  3.2e-242  804.6  19.3   2   3  7.8e-111  5.5e-108  360.2   5.9   321   598   418   701   388   709 0.87 length=1132	scaffold=gi564279471	strand=-
1739_g               -           1131 32662                -           1014  3.2e-242  804.6  19.3   3   3  7.6e-141  5.3e-138  459.6   5.5   603   966   767  1131   754  1131 0.97 length=1132	scaffold=gi564279471	strand=-
1387_g               -           1064 32662                -           1014  2.1e-211  702.6  19.2   1   3         7   4.9e+03  -16.7  33.4    27   263    65   303    40   329 0.42 length=1065	scaffold=gi564279795	strand=-
1387_g               -           1064 32662                -           1014  2.1e-211  702.6  19.2   2   3  8.6e-111  6.1e-108  360.1   5.4   344   627   354   636   317   641 0.93 length=1065	scaffold=gi564279795	strand=-
1387_g               -           1064 32662                -           1014  2.1e-211  702.6  19.2   3   3  4.9e-110  3.4e-107  357.6   5.9   632   980   699  1060   690  1064 0.91 length=1065	scaffold=gi564279795	strand=-
3272_g               -            801 32662                -           1014  7.4e-161  535.3  23.6   1   4   8.4e-68   5.9e-65  217.8   1.2   362   569     2   224     1   227 0.91 length=802	scaffold=gi564277146	strand=+
3272_g               -            801 32662                -           1014  7.4e-161  535.3  23.6   2   4   1.4e-05    0.0096   11.8   0.1   569   598   279   308   269   314 0.88 length=802	scaffold=gi564277146	strand=+
3272_g               -            801 32662                -           1014  7.4e-161  535.3  23.6   3   4     3e-71   2.1e-68  229.2   0.9   607   819   385   596   379   619 0.96 length=802	scaffold=gi564277146	strand=+
3272_g               -            801 32662                -           1014  7.4e-161  535.3  23.6   4   4   1.2e-28   8.1e-26   88.2   4.4   822   983   628   799   625   801 0.85 length=802	scaffold=gi564277146	strand=+
967_g                -           1573 32662                -           1014   4.2e-71  238.2  22.0   1   6         7   4.9e+03  -13.5  35.7    92   278    13   200     1   297 0.56 length=1574	scaffold=gi564279795	strand=+
967_g                -           1573 32662                -           1014   4.2e-71  238.2  22.0   2   6   1.3e-54     9e-52  174.1  21.1   263   594   286   629   194   642 0.72 length=1574	scaffold=gi564279795	strand=+
967_g                -           1573 32662                -           1014   4.2e-71  238.2  22.0   3   6         7   4.9e+03  -14.1  22.7    77   225   723   868   665   884 0.55 length=1574	scaffold=gi564279795	strand=+
967_g                -           1573 32662                -           1014   4.2e-71  238.2  22.0   4   6   5.7e-24     4e-21   72.7   0.0   606   763   888  1061   883  1067 0.86 length=1574	scaffold=gi564279795	strand=+
967_g                -           1573 32662                -           1014   4.2e-71  238.2  22.0   5   6         7   4.9e+03   -8.3  10.1    79   171  1166  1257  1136  1306 0.48 length=1574	scaffold=gi564279795	strand=+
967_g                -           1573 32662                -           1014   4.2e-71  238.2  22.0   6   6     0.015        10    1.8   1.8   919   968  1364  1416  1264  1425 0.86 length=1574	scaffold=gi564279795	strand=+
4854_g               -            937 32662                -           1014   3.2e-38  129.3  29.0   1   4   3.9e-11   2.8e-08   30.2   2.5   456   516   108   168     4   187 0.90 length=938	scaffold=gi564274649	strand=+
4854_g               -            937 32662                -           1014   3.2e-38  129.3  29.0   2   4         7   4.9e+03   -7.7  17.9    83   227   304   447   264   457 0.56 length=938	scaffold=gi564274649	strand=+
4854_g               -            937 32662                -           1014   3.2e-38  129.3  29.0   3   4     0.006       4.2    3.1   0.1   541   587   488   539   472   552 0.82 length=938	scaffold=gi564274649	strand=+
4854_g               -            937 32662                -           1014   3.2e-38  129.3  29.0   4   4   2.1e-36   1.5e-33  113.8  18.9   636   986   572   931   560   937 0.84 length=938	scaffold=gi564274649	strand=+
#
# Program:         hmmsearch
# Version:         3.4 (Aug 2023)
# Pipeline mode:   SEARCH
# Query file:      /home/inf-20-2025/Malaria/busco_downloads/lineages/apicomplexa_odb12/hmms/32662at5794.hmm
# Target file:     /home/inf-20-2025/Malaria/Results/6_nobird_annotation/P_yoelii.faa
# Option settings: hmmsearch --domtblout Results/8_busco/P_yoelii/run_apicomplexa_odb12/hmmer_output/initial_run_results/32662at5794.out --cpu 1 /home/inf-20-2025/Malaria/busco_downloads/lineages/apicomplexa_odb12/hmms/32662at5794.hmm /home/inf-20-2025/Malaria/Results/6_nobird_annotation/P_yoelii.faa 
# Current dir:     /home/inf-20-2025/Malaria
# Date:            Wed Mar  4 18:32:37 2026
# [ok]
