#                                                                            --- full sequence --- -------------- this domain -------------   hmm coord   ali coord   env coord
# target name        accession   tlen query name           accession   qlen   E-value  score  bias   #  of  c-Evalue  i-Evalue  score  bias  from    to  from    to  from    to  acc description of target
#------------------- ---------- ----- -------------------- ---------- ----- --------- ------ ----- --- --- --------- --------- ------ ----- ----- ----- ----- ----- ----- ----- ---- ---------------------
610_g                -           1078 32841                -            578  6.5e-227  752.7  46.7   1   5  1.8e-115  1.3e-112  375.4  16.9     1   240     1   262     1   288 0.91 length=1079	scaffold=gi564281162	strand=-
610_g                -           1078 32841                -            578  6.5e-227  752.7  46.7   2   5    4e-101   2.8e-98  328.0   7.5   240   500   345   610   339   613 0.96 length=1079	scaffold=gi564281162	strand=-
610_g                -           1078 32841                -            578  6.5e-227  752.7  46.7   3   5   1.4e-21     1e-18   65.3   0.6   474   553   648   729   633   734 0.81 length=1079	scaffold=gi564281162	strand=-
610_g                -           1078 32841                -            578  6.5e-227  752.7  46.7   4   5       1.6   1.1e+03   -4.2   0.1   553   571   784   802   780   804 0.84 length=1079	scaffold=gi564281162	strand=-
610_g                -           1078 32841                -            578  6.5e-227  752.7  46.7   5   5      0.62   4.3e+02   -2.8   0.1   122   159  1030  1069  1021  1071 0.72 length=1079	scaffold=gi564281162	strand=-
2977_g               -           1234 32841                -            578   1.3e-70  236.7  34.4   1   3   1.4e-68     1e-65  220.5  14.4    41   425    65   453    56   480 0.94 length=1235	scaffold=gi564277600	strand=+
2977_g               -           1234 32841                -            578   1.3e-70  236.7  34.4   2   3   2.5e-10   1.7e-07   28.2   3.7   426   565   548   684   531   693 0.85 length=1235	scaffold=gi564277600	strand=+
2977_g               -           1234 32841                -            578   1.3e-70  236.7  34.4   3   3       0.3   2.1e+02   -1.8   1.2   471   531  1150  1217  1143  1222 0.68 length=1235	scaffold=gi564277600	strand=+
4340_g               -           1140 32841                -            578   2.5e-32  110.2  33.1   1   4     1e-14     7e-12   42.7   5.0     8   130    12   150     8   158 0.89 length=1141	scaffold=gi564275248	strand=-
4340_g               -           1140 32841                -            578   2.5e-32  110.2  33.1   2   4      0.14     1e+02   -0.7   0.3   213   257   310   356   272   364 0.72 length=1141	scaffold=gi564275248	strand=-
4340_g               -           1140 32841                -            578   2.5e-32  110.2  33.1   3   4   2.1e-20   1.5e-17   61.5   8.3   264   426   414   580   404   591 0.89 length=1141	scaffold=gi564275248	strand=-
4340_g               -           1140 32841                -            578   2.5e-32  110.2  33.1   4   4   1.6e-07   0.00011   18.9   0.3   426   547   625   738   611   764 0.85 length=1141	scaffold=gi564275248	strand=-
902_g                -            930 32841                -            578   8.1e-19   65.6  20.5   1   2   1.1e-21   8.1e-19   65.6  20.5    66   554    66   540    54   549 0.80 length=931	scaffold=gi564280748	strand=-
902_g                -            930 32841                -            578   8.1e-19   65.6  20.5   2   2       1.9   1.3e+03   -4.4   0.2   297   342   876   921   875   923 0.84 length=931	scaffold=gi564280748	strand=-
2655_g               -           1289 32841                -            578   1.3e-13   48.5  33.0   1   4   1.5e-12   1.1e-09   35.5   1.6    84   153    99   168    94   202 0.89 length=1290	scaffold=gi564277886	strand=+
2655_g               -           1289 32841                -            578   1.3e-13   48.5  33.0   2   4   5.2e-10   3.6e-07   27.2   7.8   258   377   333   453   312   462 0.88 length=1290	scaffold=gi564277886	strand=+
2655_g               -           1289 32841                -            578   1.3e-13   48.5  33.0   3   4      0.21   1.5e+02   -1.3   5.5   348   484   505   638   498   655 0.63 length=1290	scaffold=gi564277886	strand=+
2655_g               -           1289 32841                -            578   1.3e-13   48.5  33.0   4   4      0.38   2.7e+02   -2.1   0.0   470   525   698   753   692   761 0.73 length=1290	scaffold=gi564277886	strand=+
1879_g               -            892 32841                -            578   8.9e-12   42.4  15.3   1   1   2.5e-13   1.8e-10   38.1  15.3    59   468    56   459    50   542 0.81 length=893	scaffold=gi564279133	strand=+
140_g                -            969 32841                -            578   1.5e-09   35.0   4.7   1   3   2.2e-12   1.5e-09   35.0   4.7    69   185    96   213    84   227 0.84 length=970	scaffold=gi564281844	strand=-
140_g                -            969 32841                -            578   1.5e-09   35.0   4.7   2   3      0.06        42    0.5   7.3   294   446   379   534   369   538 0.75 length=970	scaffold=gi564281844	strand=-
140_g                -            969 32841                -            578   1.5e-09   35.0   4.7   3   3     0.068        48    0.4   3.9   223   350   499   624   495   636 0.73 length=970	scaffold=gi564281844	strand=-
#
# Program:         hmmsearch
# Version:         3.4 (Aug 2023)
# Pipeline mode:   SEARCH
# Query file:      /home/inf-20-2025/Malaria/busco_downloads/lineages/apicomplexa_odb12/hmms/32841at5794.hmm
# Target file:     /home/inf-20-2025/Malaria/Results/6_nobird_annotation/P_yoelii.faa
# Option settings: hmmsearch --domtblout Results/8_busco/P_yoelii/run_apicomplexa_odb12/hmmer_output/initial_run_results/32841at5794.out --cpu 1 /home/inf-20-2025/Malaria/busco_downloads/lineages/apicomplexa_odb12/hmms/32841at5794.hmm /home/inf-20-2025/Malaria/Results/6_nobird_annotation/P_yoelii.faa 
# Current dir:     /home/inf-20-2025/Malaria
# Date:            Wed Mar  4 18:32:32 2026
# [ok]
