#                                                                            --- full sequence --- -------------- this domain -------------   hmm coord   ali coord   env coord
# target name        accession   tlen query name           accession   qlen   E-value  score  bias   #  of  c-Evalue  i-Evalue  score  bias  from    to  from    to  from    to  acc description of target
#------------------- ---------- ----- -------------------- ---------- ----- --------- ------ ----- --- --- --------- --------- ------ ----- ----- ----- ----- ----- ----- ----- ---- ---------------------
3805_g               -           1578 33274                -           1015  2.6e-256  851.3 190.5   1   8       2.1   1.7e+03   -5.5   5.6   218   281    90   153    67   190 0.55 length=1579	scaffold=gi564275940	strand=+
3805_g               -           1578 33274                -           1015  2.6e-256  851.3 190.5   2   8   3.2e-80   2.6e-77  258.7  14.0     2   205   201   424   200   432 0.93 length=1579	scaffold=gi564275940	strand=+
3805_g               -           1578 33274                -           1015  2.6e-256  851.3 190.5   3   8   2.9e-07   0.00024   17.1  27.4   193   327   434   568   429   583 0.77 length=1579	scaffold=gi564275940	strand=+
3805_g               -           1578 33274                -           1015  2.6e-256  851.3 190.5   4   8   3.6e-06     0.003   13.5  22.8   220   370   543   696   537   709 0.65 length=1579	scaffold=gi564275940	strand=+
3805_g               -           1578 33274                -           1015  2.6e-256  851.3 190.5   5   8   2.8e-31   2.3e-28   96.6  17.7   334   472   696   836   681   840 0.86 length=1579	scaffold=gi564275940	strand=+
3805_g               -           1578 33274                -           1015  2.6e-256  851.3 190.5   6   8   4.5e-42   3.7e-39  132.4  41.3   466   716   881  1162   867  1164 0.83 length=1579	scaffold=gi564275940	strand=+
3805_g               -           1578 33274                -           1015  2.6e-256  851.3 190.5   7   8     4e-11   3.3e-08   29.9  23.6   673   814  1146  1280  1136  1309 0.73 length=1579	scaffold=gi564275940	strand=+
3805_g               -           1578 33274                -           1015  2.6e-256  851.3 190.5   8   8  3.9e-104  3.2e-101  337.8   6.3   770  1014  1322  1573  1316  1574 0.91 length=1579	scaffold=gi564275940	strand=+
4413_g               -           1445 33274                -           1015   2.3e-79  265.5 147.9   1   5   2.9e-21   2.4e-18   63.5   0.9     2    64    66   134    65   150 0.90 length=1446	scaffold=gi564275248	strand=-
4413_g               -           1445 33274                -           1015   2.3e-79  265.5 147.9   2   5   5.4e-13   4.4e-10   36.1  21.7    83   299   194   415   183   418 0.87 length=1446	scaffold=gi564275248	strand=-
4413_g               -           1445 33274                -           1015   2.3e-79  265.5 147.9   3   5   1.2e-12     1e-09   34.9  77.5   190   734   415   980   401   981 0.72 length=1446	scaffold=gi564275248	strand=-
4413_g               -           1445 33274                -           1015   2.3e-79  265.5 147.9   4   5      0.87   7.1e+02   -4.3  36.0   172   358   915  1107   890  1125 0.74 length=1446	scaffold=gi564275248	strand=-
4413_g               -           1445 33274                -           1015   2.3e-79  265.5 147.9   5   5   9.6e-49   7.9e-46  154.5   6.7   742  1007  1167  1428  1156  1436 0.86 length=1446	scaffold=gi564275248	strand=-
1108_g               -           1227 33274                -           1015   1.1e-59  200.4 136.3   1   4   9.3e-25   7.6e-22   75.1  38.1     3   337     2   381     1   385 0.67 length=1228	scaffold=gi564279795	strand=-
1108_g               -           1227 33274                -           1015   1.1e-59  200.4 136.3   2   4     0.046        38   -0.1  44.9   165   448   320   581   318   600 0.70 length=1228	scaffold=gi564279795	strand=-
1108_g               -           1227 33274                -           1015   1.1e-59  200.4 136.3   3   4     4e-13   3.3e-10   36.5  32.2   471   752   625   901   618   906 0.77 length=1228	scaffold=gi564279795	strand=-
1108_g               -           1227 33274                -           1015   1.1e-59  200.4 136.3   4   4   4.6e-32   3.8e-29   99.2  17.9   699   990   892  1182   889  1183 0.88 length=1228	scaffold=gi564279795	strand=-
4560_g               -           1194 33274                -           1015   1.2e-27   94.3 149.5   1   5   3.1e-06    0.0026   13.7  32.8     3   264     2   280     1   282 0.86 length=1195	scaffold=gi564275041	strand=-
4560_g               -           1194 33274                -           1015   1.2e-27   94.3 149.5   2   5      0.79   6.5e+02   -4.2  38.6   580   790   160   363   141   372 0.82 length=1195	scaffold=gi564275041	strand=-
4560_g               -           1194 33274                -           1015   1.2e-27   94.3 149.5   3   5     0.038        31    0.2  30.4   191   692   326   483   316   507 0.28 length=1195	scaffold=gi564275041	strand=-
4560_g               -           1194 33274                -           1015   1.2e-27   94.3 149.5   4   5   1.2e-16   9.8e-14   48.2  52.5   402   853   506   990   498   995 0.74 length=1195	scaffold=gi564275041	strand=-
4560_g               -           1194 33274                -           1015   1.2e-27   94.3 149.5   5   5   2.4e-17     2e-14   50.5   0.2   912   982  1080  1153  1078  1160 0.89 length=1195	scaffold=gi564275041	strand=-
3872_g               -           1235 33274                -           1015   1.1e-07   28.2   0.0   1   7       1.1   9.2e+02   -4.7  15.6   168   347    16   130     2   148 0.42 length=1236	scaffold=gi564275940	strand=-
3872_g               -           1235 33274                -           1015   1.1e-07   28.2   0.0   2   7     0.051        42   -0.2   9.2    39   198   176   344   169   357 0.81 length=1236	scaffold=gi564275940	strand=-
3872_g               -           1235 33274                -           1015   1.1e-07   28.2   0.0   3   7      0.12     1e+02   -1.5  32.9   198   389   309   501   288   506 0.70 length=1236	scaffold=gi564275940	strand=-
3872_g               -           1235 33274                -           1015   1.1e-07   28.2   0.0   4   7     0.019        15    1.2  38.3   155   433   354   638   349   646 0.68 length=1236	scaffold=gi564275940	strand=-
3872_g               -           1235 33274                -           1015   1.1e-07   28.2   0.0   5   7       3.2   2.7e+03   -6.2  21.9   197   378   766   940   718   967 0.76 length=1236	scaffold=gi564275940	strand=-
3872_g               -           1235 33274                -           1015   1.1e-07   28.2   0.0   6   7    0.0096       7.8    2.2  17.3   237   343   939  1046   914  1063 0.62 length=1236	scaffold=gi564275940	strand=-
3872_g               -           1235 33274                -           1015   1.1e-07   28.2   0.0   7   7   1.3e-10   1.1e-07   28.2   0.0   915   967  1115  1167  1104  1174 0.92 length=1236	scaffold=gi564275940	strand=-
2726_g               -            211 33274                -           1015    0.0017   14.3  25.5   1   1   2.4e-06     0.002   14.1  25.5   601   747    47   196     2   210 0.72 length=212	scaffold=gi564277886	strand=+
#
# Program:         hmmsearch
# Version:         3.4 (Aug 2023)
# Pipeline mode:   SEARCH
# Query file:      /home/inf-20-2025/Malaria/busco_downloads/lineages/apicomplexa_odb12/hmms/33274at5794.hmm
# Target file:     /home/inf-20-2025/Malaria/Results/6_nobird_annotation/P_yoelii.faa
# Option settings: hmmsearch --domtblout Results/8_busco/P_yoelii/run_apicomplexa_odb12/hmmer_output/initial_run_results/33274at5794.out --cpu 1 /home/inf-20-2025/Malaria/busco_downloads/lineages/apicomplexa_odb12/hmms/33274at5794.hmm /home/inf-20-2025/Malaria/Results/6_nobird_annotation/P_yoelii.faa 
# Current dir:     /home/inf-20-2025/Malaria
# Date:            Wed Mar  4 18:32:34 2026
# [ok]
