#                                                                            --- full sequence --- -------------- this domain -------------   hmm coord   ali coord   env coord
# target name        accession   tlen query name           accession   qlen   E-value  score  bias   #  of  c-Evalue  i-Evalue  score  bias  from    to  from    to  from    to  acc description of target
#------------------- ---------- ----- -------------------- ---------- ----- --------- ------ ----- --- --- --------- --------- ------ ----- ----- ----- ----- ----- ----- ----- ---- ---------------------
2818_g               -           1310 33786                -            427  4.8e-187  619.9   9.6   1   5  6.7e-108  9.4e-106  352.0   2.8     3   257    18   275    16   291 0.87 length=1311	scaffold=gi564277600	strand=+
2818_g               -           1310 33786                -            427  4.8e-187  619.9   9.6   2   5       6.4     9e+02   -3.8   4.4   225   272   324   360   267   383 0.48 length=1311	scaffold=gi564277600	strand=+
2818_g               -           1310 33786                -            427  4.8e-187  619.9   9.6   3   5       1.3   1.8e+02   -1.4   1.2   185   258   375   451   365   473 0.56 length=1311	scaffold=gi564277600	strand=+
2818_g               -           1310 33786                -            427  4.8e-187  619.9   9.6   4   5     0.057         8    3.0   1.1   203   248   492   540   477   564 0.63 length=1311	scaffold=gi564277600	strand=+
2818_g               -           1310 33786                -            427  4.8e-187  619.9   9.6   5   5   1.7e-86   2.4e-84  281.5   0.6   224   427   637   852   605   852 0.87 length=1311	scaffold=gi564277600	strand=+
4774_g               -            811 33786                -            427   3.4e-48  162.4  24.7   1   4         2   2.8e+02   -2.1   0.3   212   260   306   357   280   372 0.56 length=812	scaffold=gi564274649	strand=+
4774_g               -            811 33786                -            427   3.4e-48  162.4  24.7   2   4       2.4   3.4e+02   -2.4   1.0   222   247   405   430   363   463 0.49 length=812	scaffold=gi564274649	strand=+
4774_g               -            811 33786                -            427   3.4e-48  162.4  24.7   3   4   4.8e-21   6.7e-19   65.8   9.6    30   203   473   623   442   637 0.85 length=812	scaffold=gi564274649	strand=+
4774_g               -            811 33786                -            427   3.4e-48  162.4  24.7   4   4   7.5e-32   1.1e-29  101.4   0.2   258   426   633   805   617   806 0.81 length=812	scaffold=gi564274649	strand=+
4797_g               -           1334 33786                -            427   1.7e-30  104.1  13.1   1   2   1.4e-31     2e-29  100.5   9.3    61   360   921  1195   917  1201 0.82 length=1335	scaffold=gi564274649	strand=+
4797_g               -           1334 33786                -            427   1.7e-30  104.1  13.1   2   2   1.5e-05    0.0021   14.8   0.1   398   426  1298  1326  1287  1327 0.90 length=1335	scaffold=gi564274649	strand=+
1087_g               -            328 33786                -            427   5.1e-26   89.3   6.7   1   3   0.00022     0.031   10.9   0.1    38   121    13    92     9    99 0.79 length=329	scaffold=gi564279795	strand=-
1087_g               -            328 33786                -            427   5.1e-26   89.3   6.7   2   3     4e-06   0.00056   16.7   1.3   152   198   110   155    66   162 0.77 length=329	scaffold=gi564279795	strand=-
1087_g               -            328 33786                -            427   5.1e-26   89.3   6.7   3   3   9.9e-21   1.4e-18   64.8   0.1   270   426   160   324   154   325 0.86 length=329	scaffold=gi564279795	strand=-
3951_g               -            676 33786                -            427   5.4e-26   89.2  27.9   1   6      0.77   1.1e+02   -0.7   3.9   201   278    43    87    11    91 0.47 length=677	scaffold=gi564275940	strand=-
3951_g               -            676 33786                -            427   5.4e-26   89.2  27.9   2   6      0.96   1.3e+02   -1.0   3.6   201   240    43    82    28   110 0.72 length=677	scaffold=gi564275940	strand=-
3951_g               -            676 33786                -            427   5.4e-26   89.2  27.9   3   6       5.6   7.9e+02   -3.6   4.4   211   263   118   171    96   193 0.48 length=677	scaffold=gi564275940	strand=-
3951_g               -            676 33786                -            427   5.4e-26   89.2  27.9   4   6     9e-11   1.3e-08   32.0   0.3    22    99   355   432   334   459 0.83 length=677	scaffold=gi564275940	strand=-
3951_g               -            676 33786                -            427   5.4e-26   89.2  27.9   5   6   1.2e-19   1.7e-17   61.2   0.0   268   370   481   578   467   587 0.86 length=677	scaffold=gi564275940	strand=-
3951_g               -            676 33786                -            427   5.4e-26   89.2  27.9   6   6   0.00017     0.024   11.3   0.1   387   426   626   665   617   666 0.92 length=677	scaffold=gi564275940	strand=-
304_g                -            278 33786                -            427   3.6e-20   70.1   3.2   1   2   4.4e-08   6.1e-06   23.2   1.7   129   198    61   128    29   132 0.84 length=279	scaffold=gi564281162	strand=-
304_g                -            278 33786                -            427   3.6e-20   70.1   3.2   2   2   3.7e-15   5.2e-13   46.5   0.0   266   424   126   266   124   269 0.81 length=279	scaffold=gi564281162	strand=-
1672_g               -            288 33786                -            427   3.5e-16   56.9   0.4   1   4      0.24        34    0.9   0.0    38    98     3    64     1    76 0.79 length=289	scaffold=gi564279471	strand=-
1672_g               -            288 33786                -            427   3.5e-16   56.9   0.4   2   4   1.7e-05    0.0023   14.6   0.2   135   197    75   135    62   138 0.91 length=289	scaffold=gi564279471	strand=-
1672_g               -            288 33786                -            427   3.5e-16   56.9   0.4   3   4   1.2e-08   1.8e-06   24.9   0.0   271   334   139   206   134   223 0.78 length=289	scaffold=gi564279471	strand=-
1672_g               -            288 33786                -            427   3.5e-16   56.9   0.4   4   4    0.0001     0.015   12.0   0.0   400   426   259   285   250   286 0.92 length=289	scaffold=gi564279471	strand=-
2609_g               -            284 33786                -            427   3.9e-16   56.7   7.2   1   4     0.025       3.5    4.2   0.4    37    94    20    82    10   106 0.63 length=285	scaffold=gi564277886	strand=+
2609_g               -            284 33786                -            427   3.9e-16   56.7   7.2   2   4   7.4e-05      0.01   12.5   0.1   166   198   127   158   124   162 0.82 length=285	scaffold=gi564277886	strand=+
2609_g               -            284 33786                -            427   3.9e-16   56.7   7.2   3   4   6.8e-11   9.5e-09   32.4   0.0   266   336   158   228   153   232 0.84 length=285	scaffold=gi564277886	strand=+
2609_g               -            284 33786                -            427   3.9e-16   56.7   7.2   4   4   0.00022     0.031   11.0   0.1   380   426   230   280   226   281 0.88 length=285	scaffold=gi564277886	strand=+
2671_g               -            570 33786                -            427     1e-15   55.3   2.6   1   4      0.37        52    0.3   0.1    31    80    29    78    25    96 0.70 length=571	scaffold=gi564277886	strand=-
2671_g               -            570 33786                -            427     1e-15   55.3   2.6   2   4   5.4e-06   0.00075   16.3   1.0   103   201    82   174    61   195 0.78 length=571	scaffold=gi564277886	strand=-
2671_g               -            570 33786                -            427     1e-15   55.3   2.6   3   4   2.7e-15   3.7e-13   46.9   0.0   269   426   172   329   168   330 0.76 length=571	scaffold=gi564277886	strand=-
2671_g               -            570 33786                -            427     1e-15   55.3   2.6   4   4       2.4   3.4e+02   -2.4   6.0   207   255   451   499   421   549 0.66 length=571	scaffold=gi564277886	strand=-
2908_g               -            453 33786                -            427   2.9e-15   53.9  10.3   1   4      0.91   1.3e+02   -1.0   1.0   202   274    14    86     4    94 0.44 length=454	scaffold=gi564277600	strand=-
2908_g               -            453 33786                -            427   2.9e-15   53.9  10.3   2   4      0.25        34    0.9   0.6    35   121    79   163    68   170 0.68 length=454	scaffold=gi564277600	strand=-
2908_g               -            453 33786                -            427   2.9e-15   53.9  10.3   3   4   9.4e-05     0.013   12.2   3.6   132   199   154   222    97   225 0.73 length=454	scaffold=gi564277600	strand=-
2908_g               -            453 33786                -            427   2.9e-15   53.9  10.3   4   4   1.4e-14     2e-12   44.5   0.0   269   425   223   369   218   371 0.83 length=454	scaffold=gi564277600	strand=-
3402_g               -            528 33786                -            427   5.1e-14   49.8   7.1   1   4    0.0027      0.38    7.3   0.1    31    92    62   126    31   150 0.70 length=529	scaffold=gi564276791	strand=+
3402_g               -            528 33786                -            427   5.1e-14   49.8   7.1   2   4   3.8e-07   5.3e-05   20.1   0.1   165   198   172   204   164   207 0.89 length=529	scaffold=gi564276791	strand=+
3402_g               -            528 33786                -            427   5.1e-14   49.8   7.1   3   4   1.4e-07   1.9e-05   21.5   0.0   265   326   205   267   202   278 0.85 length=529	scaffold=gi564276791	strand=+
3402_g               -            528 33786                -            427   5.1e-14   49.8   7.1   4   4     0.057         8    3.0   0.0   380   426   279   329   273   330 0.81 length=529	scaffold=gi564276791	strand=+
4733_g               -            375 33786                -            427   5.6e-14   49.6   3.2   1   4     0.005      0.71    6.5   0.1    36    96    39   100     8   143 0.68 length=376	scaffold=gi564274649	strand=-
4733_g               -            375 33786                -            427   5.6e-14   49.6   3.2   2   4   0.00012     0.017   11.8   0.2   174   207   157   189   128   213 0.78 length=376	scaffold=gi564274649	strand=-
4733_g               -            375 33786                -            427   5.6e-14   49.6   3.2   3   4   1.9e-07   2.7e-05   21.0   0.0   295   338   215   258   210   278 0.88 length=376	scaffold=gi564274649	strand=-
4733_g               -            375 33786                -            427   5.6e-14   49.6   3.2   4   4    0.0011      0.15    8.6   0.0   397   426   281   310   258   311 0.86 length=376	scaffold=gi564274649	strand=-
783_g                -            718 33786                -            427   1.5e-13   48.3   0.2   1   2   1.2e-06   0.00017   18.4   0.0   156   200   184   227   165   244 0.83 length=719	scaffold=gi564280748	strand=+
783_g                -            718 33786                -            427   1.5e-13   48.3   0.2   2   2   5.1e-09   7.2e-07   26.2   0.0   306   426   399   513   395   514 0.78 length=719	scaffold=gi564280748	strand=+
3957_g               -            528 33786                -            427   1.8e-13   48.0  18.5   1   5       7.8   1.1e+03   -4.0   5.5   211   257    60    91    24   120 0.42 length=529	scaffold=gi564275940	strand=+
3957_g               -            528 33786                -            427   1.8e-13   48.0  18.5   2   5      0.04       5.7    3.5   0.4    37    93   122   180    88   188 0.73 length=529	scaffold=gi564275940	strand=+
3957_g               -            528 33786                -            427   1.8e-13   48.0  18.5   3   5   2.8e-05    0.0039   13.9   0.1   162   202   226   265   201   298 0.78 length=529	scaffold=gi564275940	strand=+
3957_g               -            528 33786                -            427   1.8e-13   48.0  18.5   4   5   7.8e-09   1.1e-06   25.6   0.0   283   323   301   342   296   354 0.89 length=529	scaffold=gi564275940	strand=+
3957_g               -            528 33786                -            427   1.8e-13   48.0  18.5   5   5   1.6e-05    0.0023   14.7   0.0   336   426   377   462   362   463 0.80 length=529	scaffold=gi564275940	strand=+
2723_g               -            853 33786                -            427   4.7e-13   46.6   0.2   1   2    0.0011      0.16    8.6   0.1   170   196   649   674   646   679 0.86 length=854	scaffold=gi564277886	strand=-
2723_g               -            853 33786                -            427   4.7e-13   46.6   0.2   2   2   4.7e-12   6.7e-10   36.2   0.0   270   337   678   745   673   753 0.90 length=854	scaffold=gi564277886	strand=-
3878_g               -           1910 33786                -            427     3e-12   43.9   2.1   1   7       5.6   7.9e+02   -3.6   5.2   204   282   786   860   763   877 0.55 length=1911	scaffold=gi564275940	strand=-
3878_g               -           1910 33786                -            427     3e-12   43.9   2.1   2   7       1.9   2.7e+02   -2.1   4.5   200   257   914   973   897   991 0.67 length=1911	scaffold=gi564275940	strand=-
3878_g               -           1910 33786                -            427     3e-12   43.9   2.1   3   7       1.7   2.4e+02   -1.9   7.1   199   266  1029  1096  1016  1120 0.82 length=1911	scaffold=gi564275940	strand=-
3878_g               -           1910 33786                -            427     3e-12   43.9   2.1   4   7     1e-05    0.0014   15.3   0.1    14    93  1471  1551  1459  1574 0.81 length=1911	scaffold=gi564275940	strand=-
3878_g               -           1910 33786                -            427     3e-12   43.9   2.1   5   7     5e-08     7e-06   23.0   0.4   164   205  1595  1635  1590  1640 0.86 length=1911	scaffold=gi564275940	strand=-
3878_g               -           1910 33786                -            427     3e-12   43.9   2.1   6   7   4.1e-08   5.8e-06   23.2   0.0   267   339  1630  1704  1628  1711 0.84 length=1911	scaffold=gi564275940	strand=-
3878_g               -           1910 33786                -            427     3e-12   43.9   2.1   7   7      0.03       4.3    3.9   0.0   383   426  1709  1752  1696  1753 0.86 length=1911	scaffold=gi564275940	strand=-
4004_g               -            335 33786                -            427   1.4e-11   41.7   4.9   1   3     0.003      0.43    7.2   0.0    37    92    41    93    29   126 0.87 length=336	scaffold=gi564275940	strand=-
4004_g               -            335 33786                -            427   1.4e-11   41.7   4.9   2   3     3e-05    0.0042   13.8   0.4   166   199   140   172   113   177 0.81 length=336	scaffold=gi564275940	strand=-
4004_g               -            335 33786                -            427   1.4e-11   41.7   4.9   3   3   3.3e-08   4.7e-06   23.5   0.3   265   426   169   329   167   330 0.73 length=336	scaffold=gi564275940	strand=-
1515_g               -            731 33786                -            427   1.5e-11   41.6   0.2   1   6       1.4     2e+02   -1.6   1.0   191   254   118   181   112   199 0.82 length=732	scaffold=gi564279795	strand=-
1515_g               -            731 33786                -            427   1.5e-11   41.6   0.2   2   6         3   4.2e+02   -2.7   2.3   196   249   260   317   219   357 0.59 length=732	scaffold=gi564279795	strand=-
1515_g               -            731 33786                -            427   1.5e-11   41.6   0.2   3   6       2.2   3.1e+02   -2.2   0.0    46   106   412   475   396   484 0.64 length=732	scaffold=gi564279795	strand=-
1515_g               -            731 33786                -            427   1.5e-11   41.6   0.2   4   6   6.3e-06   0.00089   16.0   0.1   166   199   508   540   492   560 0.83 length=732	scaffold=gi564279795	strand=-
1515_g               -            731 33786                -            427   1.5e-11   41.6   0.2   5   6   7.2e-11     1e-08   32.3   0.0   280   335   553   609   541   616 0.81 length=732	scaffold=gi564279795	strand=-
1515_g               -            731 33786                -            427   1.5e-11   41.6   0.2   6   6     0.078        11    2.6   0.0   381   426   613   663   608   664 0.79 length=732	scaffold=gi564279795	strand=-
1455_g               -            503 33786                -            427   1.8e-11   41.3   1.4   1   4   0.00021      0.03   11.0   0.2    36    98   108   169   105   204 0.81 length=504	scaffold=gi564279795	strand=-
1455_g               -            503 33786                -            427   1.8e-11   41.3   1.4   2   4   0.00025     0.035   10.8   0.1   161   201   205   244   179   250 0.85 length=504	scaffold=gi564279795	strand=-
1455_g               -            503 33786                -            427   1.8e-11   41.3   1.4   3   4   0.00012     0.017   11.8   0.0   269   330   245   307   239   325 0.83 length=504	scaffold=gi564279795	strand=-
1455_g               -            503 33786                -            427   1.8e-11   41.3   1.4   4   4      0.02       2.8    4.5   0.0   395   425   334   364   310   366 0.87 length=504	scaffold=gi564279795	strand=-
617_g                -            284 33786                -            427   2.1e-11   41.1   1.8   1   2   0.00052     0.074    9.7   0.3   135   199    47   108    29   141 0.76 length=285	scaffold=gi564280748	strand=+
617_g                -            284 33786                -            427   2.1e-11   41.1   1.8   2   2     1e-09   1.4e-07   28.5   0.1   287   425   143   268   132   270 0.81 length=285	scaffold=gi564280748	strand=+
4245_g               -            511 33786                -            427   4.8e-11   40.0   7.0   1   3   4.9e-07   6.9e-05   19.7   2.3   149   199   156   202    20   207 0.71 length=512	scaffold=gi564275558	strand=+
4245_g               -            511 33786                -            427   4.8e-11   40.0   7.0   2   3   1.5e-06   0.00021   18.1   0.1   271   329   207   266   200   279 0.82 length=512	scaffold=gi564275558	strand=+
4245_g               -            511 33786                -            427   4.8e-11   40.0   7.0   3   3     0.048       6.8    3.2   0.0   382   426   277   325   269   326 0.77 length=512	scaffold=gi564275558	strand=+
4598_g               -            575 33786                -            427   1.1e-10   38.8   1.2   1   4      0.86   1.2e+02   -0.9   3.1   184   240    62   118    59   148 0.71 length=576	scaffold=gi564275041	strand=-
4598_g               -            575 33786                -            427   1.1e-10   38.8   1.2   2   4      0.16        22    1.5   0.2    37   123   228   314   189   319 0.70 length=576	scaffold=gi564275041	strand=-
4598_g               -            575 33786                -            427   1.1e-10   38.8   1.2   3   4   0.00052     0.073    9.7   0.0   168   198   338   367   327   370 0.85 length=576	scaffold=gi564275041	strand=-
4598_g               -            575 33786                -            427   1.1e-10   38.8   1.2   4   4   4.3e-12   6.1e-10   36.3   0.2   266   426   365   533   362   534 0.63 length=576	scaffold=gi564275041	strand=-
4573_g               -           1260 33786                -            427   2.3e-10   37.7   0.0   1   4     0.037       5.2    3.6   0.0    44    95   397   450   383   475 0.77 length=1261	scaffold=gi564275041	strand=+
4573_g               -           1260 33786                -            427   2.3e-10   37.7   0.0   2   4         1   1.4e+02   -1.1   0.0   346   374   450   478   445   509 0.72 length=1261	scaffold=gi564275041	strand=+
4573_g               -           1260 33786                -            427   2.3e-10   37.7   0.0   3   4     0.017       2.3    4.8   0.2   162   198   603   638   591   642 0.85 length=1261	scaffold=gi564275041	strand=+
4573_g               -           1260 33786                -            427   2.3e-10   37.7   0.0   4   4   1.6e-12   2.3e-10   37.7   0.0   268   426   638   803   635   804 0.64 length=1261	scaffold=gi564275041	strand=+
298_g                -            565 33786                -            427     3e-10   37.3   0.6   1   3   1.3e-05    0.0018   15.0   0.1   165   198   217   249   205   259 0.84 length=566	scaffold=gi564281162	strand=+
298_g                -            565 33786                -            427     3e-10   37.3   0.6   2   3     1e-06   0.00014   18.7   0.0   269   337   253   322   247   335 0.82 length=566	scaffold=gi564281162	strand=+
298_g                -            565 33786                -            427     3e-10   37.3   0.6   3   3      0.34        47    0.5   0.0   400   425   347   372   323   374 0.87 length=566	scaffold=gi564281162	strand=+
3754_g               -            323 33786                -            427   4.7e-10   36.7   0.1   1   2    0.0014       0.2    8.3   0.0    36    77     6    46     2    58 0.85 length=324	scaffold=gi564275940	strand=+
3754_g               -            323 33786                -            427   4.7e-10   36.7   0.1   2   2   4.9e-09   6.9e-07   26.3   0.1   128   226    71   169    50   190 0.81 length=324	scaffold=gi564275940	strand=+
3416_g               -            310 33786                -            427   3.7e-09   33.8   5.0   1   3   0.00022     0.031   11.0   2.1    97   200    41   142    23   152 0.73 length=311	scaffold=gi564276791	strand=+
3416_g               -            310 33786                -            427   3.7e-09   33.8   5.0   2   3   1.3e-07   1.8e-05   21.6   0.0   272   324   144   199   140   212 0.81 length=311	scaffold=gi564276791	strand=+
3416_g               -            310 33786                -            427   3.7e-09   33.8   5.0   3   3      0.27        37    0.8   0.0   391   422   226   257   219   262 0.86 length=311	scaffold=gi564276791	strand=+
69_g                 -            353 33786                -            427   1.2e-08   32.1   4.9   1   4       4.2   5.9e+02   -3.2   0.0    40    89    33    85    30   112 0.59 length=354	scaffold=gi564281844	strand=+
69_g                 -            353 33786                -            427   1.2e-08   32.1   4.9   2   4   6.7e-05    0.0094   12.7   0.4   182   240   150   208   129   216 0.69 length=354	scaffold=gi564281844	strand=+
69_g                 -            353 33786                -            427   1.2e-08   32.1   4.9   3   4    0.0071         1    6.0   0.2   272   327   170   238   165   250 0.64 length=354	scaffold=gi564281844	strand=+
69_g                 -            353 33786                -            427   1.2e-08   32.1   4.9   4   4     4e-06   0.00057   16.7   0.1   370   425   250   307   240   309 0.81 length=354	scaffold=gi564281844	strand=+
3889_g               -            529 33786                -            427   1.6e-08   31.7   9.1   1   2   4.5e-05    0.0063   13.2   4.6    90   220    71   195    27   247 0.69 length=530	scaffold=gi564275940	strand=+
3889_g               -            529 33786                -            427   1.6e-08   31.7   9.1   2   2   6.9e-07   9.8e-05   19.2   1.0   244   331   270   357   210   363 0.63 length=530	scaffold=gi564275940	strand=+
883_g                -            284 33786                -            427   1.7e-08   31.6   1.8   1   2    0.0072         1    6.0   1.2   158   197   108   146    24   151 0.75 length=285	scaffold=gi564280748	strand=+
883_g                -            284 33786                -            427   1.7e-08   31.6   1.8   2   2     3e-09   4.2e-07   27.0   0.0   262   330   141   211   140   222 0.83 length=285	scaffold=gi564280748	strand=+
1079_g               -            365 33786                -            427   6.1e-08   29.7   6.2   1   4      0.14        20    1.7   0.1    29    74    98   142    89   199 0.76 length=366	scaffold=gi564279795	strand=+
1079_g               -            365 33786                -            427   6.1e-08   29.7   6.2   2   4    0.0088       1.2    5.7   0.6   169   198   215   243   211   247 0.83 length=366	scaffold=gi564279795	strand=+
1079_g               -            365 33786                -            427   6.1e-08   29.7   6.2   3   4   4.4e-05    0.0063   13.2   0.0   267   325   242   305   240   310 0.77 length=366	scaffold=gi564279795	strand=+
1079_g               -            365 33786                -            427   6.1e-08   29.7   6.2   4   4   0.00035      0.05   10.3   0.0   395   425   331   361   315   363 0.87 length=366	scaffold=gi564279795	strand=+
2040_g               -            291 33786                -            427   9.4e-08   29.1   0.1   1   2    0.0076       1.1    5.9   0.0   166   196    87   116     5   122 0.70 length=292	scaffold=gi564278570	strand=-
2040_g               -            291 33786                -            427   9.4e-08   29.1   0.1   2   2   1.1e-07   1.6e-05   21.8   0.0   270   325   120   175   115   184 0.93 length=292	scaffold=gi564278570	strand=-
4208_g               -            329 33786                -            427   4.3e-07   27.0  11.3   1   4       0.4        56    0.2   0.3    79   123    84   131    17   143 0.56 length=330	scaffold=gi564275558	strand=+
4208_g               -            329 33786                -            427   4.3e-07   27.0  11.3   2   4   1.8e-07   2.5e-05   21.1   1.6   158   196   144   182   139   186 0.94 length=330	scaffold=gi564275558	strand=+
4208_g               -            329 33786                -            427   4.3e-07   27.0  11.3   3   4   0.00033     0.046   10.4   0.0   268   323   184   242   182   253 0.81 length=330	scaffold=gi564275558	strand=+
4208_g               -            329 33786                -            427   4.3e-07   27.0  11.3   4   4       1.3   1.8e+02   -1.4   0.0   398   419   296   317   262   320 0.71 length=330	scaffold=gi564275558	strand=+
4191_g               -            704 33786                -            427   2.6e-06   24.4   9.5   1   3         6   8.4e+02   -3.7   2.8   205   276   251   316   230   329 0.53 length=705	scaffold=gi564275558	strand=+
4191_g               -            704 33786                -            427   2.6e-06   24.4   9.5   2   3    0.0043      0.61    6.7   0.2   163   197   531   564   514   568 0.82 length=705	scaffold=gi564275558	strand=+
4191_g               -            704 33786                -            427   2.6e-06   24.4   9.5   3   3   3.2e-08   4.5e-06   23.6   0.0   268   329   565   629   562   666 0.80 length=705	scaffold=gi564275558	strand=+
4087_g               -            248 33786                -            427   2.8e-05   21.0   0.2   1   2   0.00015     0.022   11.5   0.1   166   201   100   134    95   157 0.82 length=249	scaffold=gi564275836	strand=-
4087_g               -            248 33786                -            427   2.8e-05   21.0   0.2   2   2    0.0015      0.21    8.2   0.0   283   333   142   192   130   245 0.79 length=249	scaffold=gi564275836	strand=-
2889_g               -            556 33786                -            427   3.8e-05   20.5  13.0   1   3   0.00033     0.047   10.4   0.6   166   195   212   240   128   247 0.76 length=557	scaffold=gi564277600	strand=+
2889_g               -            556 33786                -            427   3.8e-05   20.5  13.0   2   3   0.00034     0.047   10.3   0.1   267   325   245   305   239   317 0.78 length=557	scaffold=gi564277600	strand=+
2889_g               -            556 33786                -            427   3.8e-05   20.5  13.0   3   3     0.002      0.28    7.8   0.0   381   426   319   368   313   369 0.83 length=557	scaffold=gi564277600	strand=+
#
# Program:         hmmsearch
# Version:         3.4 (Aug 2023)
# Pipeline mode:   SEARCH
# Query file:      /home/inf-20-2025/Malaria/busco_downloads/lineages/apicomplexa_odb12/hmms/33786at5794.hmm
# Target file:     /home/inf-20-2025/Malaria/Results/6_nobird_annotation/P_yoelii.faa
# Option settings: hmmsearch --domtblout Results/8_busco/P_yoelii/run_apicomplexa_odb12/hmmer_output/initial_run_results/33786at5794.out --cpu 1 /home/inf-20-2025/Malaria/busco_downloads/lineages/apicomplexa_odb12/hmms/33786at5794.hmm /home/inf-20-2025/Malaria/Results/6_nobird_annotation/P_yoelii.faa 
# Current dir:     /home/inf-20-2025/Malaria
# Date:            Wed Mar  4 18:32:32 2026
# [ok]
