#                                                                            --- full sequence --- -------------- this domain -------------   hmm coord   ali coord   env coord
# target name        accession   tlen query name           accession   qlen   E-value  score  bias   #  of  c-Evalue  i-Evalue  score  bias  from    to  from    to  from    to  acc description of target
#------------------- ---------- ----- -------------------- ---------- ----- --------- ------ ----- --- --- --------- --------- ------ ----- ----- ----- ----- ----- ----- ----- ---- ---------------------
436_g                -            735 33846                -            336    5e-136  451.1  12.3   1   4       2.7   2.9e+02   -1.8   2.8   201   237   204   238   196   250 0.54 length=736	scaffold=gi564281162	strand=-
436_g                -            735 33846                -            336    5e-136  451.1  12.3   2   4  3.4e-107  3.7e-105  349.6   0.5     3   213   302   515   300   522 0.93 length=736	scaffold=gi564281162	strand=-
436_g                -            735 33846                -            336    5e-136  451.1  12.3   3   4   6.8e-07   7.5e-05   19.9   1.2   180   248   512   581   507   608 0.67 length=736	scaffold=gi564281162	strand=-
436_g                -            735 33846                -            336    5e-136  451.1  12.3   4   4   7.1e-33   7.8e-31  105.3   0.2   244   326   608   694   593   704 0.89 length=736	scaffold=gi564281162	strand=-
1317_g               -            923 33846                -            336   1.3e-48  163.8  15.5   1   5       3.2   3.5e+02   -2.0   2.9   196   255    27    84    18    95 0.47 length=924	scaffold=gi564279795	strand=+
1317_g               -            923 33846                -            336   1.3e-48  163.8  15.5   2   5   1.1e-12   1.2e-10   38.9   0.0   131   210   101   182    79   195 0.82 length=924	scaffold=gi564279795	strand=+
1317_g               -            923 33846                -            336   1.3e-48  163.8  15.5   3   5   4.6e-13     5e-11   40.2   0.4   137   211   196   270   186   280 0.88 length=924	scaffold=gi564279795	strand=+
1317_g               -            923 33846                -            336   1.3e-48  163.8  15.5   4   5   5.5e-13     6e-11   39.9   0.4   137   224   285   371   275   385 0.71 length=924	scaffold=gi564279795	strand=+
1317_g               -            923 33846                -            336   1.3e-48  163.8  15.5   5   5   2.1e-16   2.3e-14   51.1   0.0   124   210   492   575   466   590 0.86 length=924	scaffold=gi564279795	strand=+
1696_g               -            511 33846                -            336   4.2e-30  102.9   5.0   1   3   3.8e-09   4.1e-07   27.3   0.2   138   207    97   170    83   187 0.82 length=512	scaffold=gi564279471	strand=-
1696_g               -            511 33846                -            336   4.2e-30  102.9   5.0   2   3   1.5e-10   1.6e-08   31.9   0.0   136   211   194   273   176   288 0.81 length=512	scaffold=gi564279471	strand=-
1696_g               -            511 33846                -            336   4.2e-30  102.9   5.0   3   3   2.4e-14   2.6e-12   44.4   0.2   139   214   382   458   377   476 0.87 length=512	scaffold=gi564279471	strand=-
1255_g               -            767 33846                -            336   3.5e-24   83.4  37.2   1   6     0.002      0.21    8.5   0.5   270   306   102   139    86   199 0.72 length=768	scaffold=gi564279795	strand=+
1255_g               -            767 33846                -            336   3.5e-24   83.4  37.2   2   6    0.0001     0.011   12.7   1.1   162   256   198   290   189   316 0.74 length=768	scaffold=gi564279795	strand=+
1255_g               -            767 33846                -            336   3.5e-24   83.4  37.2   3   6   0.00017     0.019   12.0   0.4     3    49   354   400   352   408 0.81 length=768	scaffold=gi564279795	strand=+
1255_g               -            767 33846                -            336   3.5e-24   83.4  37.2   4   6      0.97   1.1e+02   -0.4   0.2   169   266   414   513   403   524 0.48 length=768	scaffold=gi564279795	strand=+
1255_g               -            767 33846                -            336   3.5e-24   83.4  37.2   5   6   2.2e-06   0.00024   18.2   0.6   162   226   561   625   555   636 0.78 length=768	scaffold=gi564279795	strand=+
1255_g               -            767 33846                -            336   3.5e-24   83.4  37.2   6   6   3.8e-18   4.1e-16   56.9   1.2   131   230   631   735   623   755 0.78 length=768	scaffold=gi564279795	strand=+
3254_g               -            288 33846                -            336   2.7e-22   77.2   0.0   1   2     2e-08   2.1e-06   25.0   0.0   137   209    17    92     9   111 0.82 length=289	scaffold=gi564277146	strand=+
3254_g               -            288 33846                -            336   2.7e-22   77.2   0.0   2   2   3.8e-16   4.2e-14   50.3   0.0   137   208   162   233   155   250 0.90 length=289	scaffold=gi564277146	strand=+
2486_g               -            508 33846                -            336   2.7e-20   70.6  32.3   1   3   1.6e-05    0.0018   15.3   0.1   122   197    78   151    70   179 0.79 length=509	scaffold=gi564277886	strand=+
2486_g               -            508 33846                -            336   2.7e-20   70.6  32.3   2   3   2.3e-09   2.6e-07   28.0   4.9   132   229   182   292   171   323 0.70 length=509	scaffold=gi564277886	strand=+
2486_g               -            508 33846                -            336   2.7e-20   70.6  32.3   3   3   1.8e-14   1.9e-12   44.8   0.2   140   228   412   502   408   507 0.81 length=509	scaffold=gi564277886	strand=+
485_g                -            714 33846                -            336   1.9e-19   67.8   0.7   1   2       6.8   7.5e+02   -3.1   2.6   207   239    96   128    88   138 0.72 length=715	scaffold=gi564281162	strand=+
485_g                -            714 33846                -            336   1.9e-19   67.8   0.7   2   2   1.8e-21   1.9e-19   67.8   0.7   137   333   488   706   473   708 0.75 length=715	scaffold=gi564281162	strand=+
1129_g               -            128 33846                -            336     6e-18   62.9   0.2   1   1   6.2e-20   6.8e-18   62.7   0.2   125   211     8    92     2   122 0.83 length=129	scaffold=gi564279795	strand=-
2576_g               -           1908 33846                -            336   2.4e-15   54.4  15.7   1   4       4.8   5.3e+02   -2.6   0.8   207   251    13    58     4    82 0.70 length=1909	scaffold=gi564277886	strand=-
2576_g               -           1908 33846                -            336   2.4e-15   54.4  15.7   2   4       1.6   1.7e+02   -1.1   1.0   198   271  1172  1244  1166  1252 0.76 length=1909	scaffold=gi564277886	strand=-
2576_g               -           1908 33846                -            336   2.4e-15   54.4  15.7   3   4   5.8e-09   6.4e-07   26.7   0.0   125   208  1522  1603  1509  1609 0.85 length=1909	scaffold=gi564277886	strand=-
2576_g               -           1908 33846                -            336   2.4e-15   54.4  15.7   4   4   9.4e-12     1e-09   35.9   1.0   133   209  1613  1690  1603  1749 0.79 length=1909	scaffold=gi564277886	strand=-
1008_g               -            468 33846                -            336   5.1e-15   53.3   6.3   1   2   9.8e-11   1.1e-08   32.5   3.3   125   249   188   314   170   358 0.77 length=469	scaffold=gi564279795	strand=+
1008_g               -            468 33846                -            336   5.1e-15   53.3   6.3   2   2   2.4e-07   2.6e-05   21.4   0.0   166   203   430   467   388   468 0.77 length=469	scaffold=gi564279795	strand=+
3558_g               -            426 33846                -            336     1e-14   52.3   0.0   1   2   1.1e-09   1.3e-07   29.0   0.0   143   213   221   291   198   306 0.82 length=427	scaffold=gi564276574	strand=+
3558_g               -            426 33846                -            336     1e-14   52.3   0.0   2   2   2.7e-07   2.9e-05   21.2   0.0   140   204   361   425   329   426 0.95 length=427	scaffold=gi564276574	strand=+
1428_g               -            411 33846                -            336   1.5e-13   48.4  17.9   1   3       4.6     5e+02   -2.6   0.0   163   188    62    87    27    89 0.64 length=412	scaffold=gi564279795	strand=-
1428_g               -            411 33846                -            336   1.5e-13   48.4  17.9   2   3     0.024       2.6    4.9  13.0   175   260    96   184    94   226 0.84 length=412	scaffold=gi564279795	strand=-
1428_g               -            411 33846                -            336   1.5e-13   48.4  17.9   3   3   1.1e-14   1.2e-12   45.5   0.0   139   208   338   407   332   411 0.91 length=412	scaffold=gi564279795	strand=-
4773_g               -            554 33846                -            336     2e-13   48.1   0.8   1   1   1.8e-15     2e-13   48.1   0.8   137   259    40   162     8   168 0.75 length=555	scaffold=gi564274649	strand=-
2059_g               -            722 33846                -            336   2.6e-13   47.7   1.8   1   2   4.5e-14   4.9e-12   43.5   0.0   137   237    17   118    10   127 0.87 length=723	scaffold=gi564278570	strand=-
2059_g               -            722 33846                -            336   2.6e-13   47.7   1.8   2   2      0.11        12    2.7   0.4   222   273   631   682   604   685 0.80 length=723	scaffold=gi564278570	strand=-
3556_g               -            525 33846                -            336   2.7e-13   47.6  14.1   1   4       2.8   3.1e+02   -1.9   9.6   207   303    89   188    67   198 0.71 length=526	scaffold=gi564276574	strand=+
3556_g               -            525 33846                -            336   2.7e-13   47.6  14.1   2   4       3.3   3.6e+02   -2.1   0.0   220   245   238   263   218   296 0.68 length=526	scaffold=gi564276574	strand=+
3556_g               -            525 33846                -            336   2.7e-13   47.6  14.1   3   4   1.3e-09   1.5e-07   28.8   0.0   140   213   317   390   289   404 0.80 length=526	scaffold=gi564276574	strand=+
3556_g               -            525 33846                -            336   2.7e-13   47.6  14.1   4   4   3.8e-07   4.2e-05   20.7   0.0   140   204   460   524   444   525 0.94 length=526	scaffold=gi564276574	strand=+
3910_g               -            309 33846                -            336   3.3e-13   47.3   0.1   1   2     3e-15   3.3e-13   47.3   0.1   262   331    75   148    34   153 0.78 length=310	scaffold=gi564275940	strand=+
3910_g               -            309 33846                -            336   3.3e-13   47.3   0.1   2   2       6.7   7.4e+02   -3.1   1.5     9     9   276   276   229   305 0.55 length=310	scaffold=gi564275940	strand=+
3517_g               -            248 33846                -            336   4.1e-13   47.0   0.1   1   1   3.7e-15   4.1e-13   47.0   0.1   125   208    21   102     6   114 0.85 length=249	scaffold=gi564276574	strand=+
2213_g               -            344 33846                -            336   5.6e-13   46.6   8.1   1   3       2.1   2.3e+02   -1.4   0.8   201   227    27    53     4    89 0.51 length=345	scaffold=gi564278570	strand=+
2213_g               -            344 33846                -            336   5.6e-13   46.6   8.1   2   3   4.8e-08   5.2e-06   23.7   0.1   142   202   112   170   101   190 0.82 length=345	scaffold=gi564278570	strand=+
2213_g               -            344 33846                -            336   5.6e-13   46.6   8.1   3   3   3.4e-09   3.8e-07   27.4   0.2   133   214   185   266   179   291 0.77 length=345	scaffold=gi564278570	strand=+
4469_g               -            348 33846                -            336   1.5e-12   45.2   0.0   1   3   1.4e-14   1.5e-12   45.2   0.0   143   209    28    95     7   112 0.87 length=349	scaffold=gi564275248	strand=+
4469_g               -            348 33846                -            336   1.5e-12   45.2   0.0   2   3         8   8.8e+02   -3.4   0.5   254   254   248   248   203   289 0.51 length=349	scaffold=gi564275248	strand=+
4469_g               -            348 33846                -            336   1.5e-12   45.2   0.0   3   3       9.2     1e+03   -3.6   1.2   232   236   291   295   246   328 0.57 length=349	scaffold=gi564275248	strand=+
785_g                -            158 33846                -            336   1.7e-12   45.0   0.5   1   1   2.1e-14   2.3e-12   44.6   0.5   124   214    66   153    27   156 0.81 length=159	scaffold=gi564280748	strand=+
1621_g               -            531 33846                -            336   1.3e-11   42.1   4.4   1   2   7.3e-07     8e-05   19.8   0.1   143   226    44   129    20   137 0.74 length=532	scaffold=gi564279471	strand=+
1621_g               -            531 33846                -            336   1.3e-11   42.1   4.4   2   2   1.8e-10     2e-08   31.6   1.2   137   228   141   236   132   275 0.73 length=532	scaffold=gi564279471	strand=+
3176_g               -            516 33846                -            336   1.6e-11   41.8   0.0   1   1   1.4e-13   1.6e-11   41.8   0.0   126   215    14   100     7   106 0.90 length=517	scaffold=gi564277281	strand=+
2454_g               -            107 33846                -            336   2.5e-11   41.2   0.1   1   1   2.2e-13   2.5e-11   41.2   0.1   137   207    33   104     7   107 0.85 length=108	scaffold=gi564277886	strand=+
4565_g               -            404 33846                -            336   2.5e-11   41.2   7.3   1   3         8   8.7e+02   -3.4   1.0   258   291     8    40     6    45 0.66 length=405	scaffold=gi564275041	strand=-
4565_g               -            404 33846                -            336   2.5e-11   41.2   7.3   2   3   7.6e-09   8.3e-07   26.3   0.1   118   204   151   233   147   243 0.82 length=405	scaffold=gi564275041	strand=-
4565_g               -            404 33846                -            336   2.5e-11   41.2   7.3   3   3   1.5e-06   0.00016   18.8   0.0   143   207   271   336   260   343 0.78 length=405	scaffold=gi564275041	strand=-
801_g                -            309 33846                -            336   3.3e-11   40.7   0.1   1   2     4e-12   4.4e-10   37.1   0.0   125   208     9    87     3   100 0.85 length=310	scaffold=gi564280748	strand=-
801_g                -            309 33846                -            336   3.3e-11   40.7   0.1   2   2       0.3        32    1.3   0.0   167   207   143   186   137   214 0.73 length=310	scaffold=gi564280748	strand=-
1764_g               -            364 33846                -            336   7.4e-11   39.6   0.0   1   1   6.7e-13   7.4e-11   39.6   0.0   132   209   102   180    89   223 0.79 length=365	scaffold=gi564279471	strand=+
1826_g               -            403 33846                -            336   9.7e-11   39.2   1.5   1   2      0.18        20    2.0   0.3     6    36   147   177   138   199 0.81 length=404	scaffold=gi564279367	strand=+
1826_g               -            403 33846                -            336   9.7e-11   39.2   1.5   2   2   8.9e-13   9.7e-11   39.2   1.5    28   109   274   355   258   376 0.82 length=404	scaffold=gi564279367	strand=+
4696_g               -            496 33846                -            336   1.1e-10   39.0   1.0   1   3       5.9   6.4e+02   -2.9   5.4   202   271    78   150    24   189 0.63 length=497	scaffold=gi564274649	strand=-
4696_g               -            496 33846                -            336   1.1e-10   39.0   1.0   2   3       4.5   4.9e+02   -2.5   2.0   205   235   216   246   194   309 0.64 length=497	scaffold=gi564274649	strand=-
4696_g               -            496 33846                -            336   1.1e-10   39.0   1.0   3   3     1e-12   1.1e-10   39.0   1.0   243   334   398   490   373   492 0.79 length=497	scaffold=gi564274649	strand=-
2095_g               -            279 33846                -            336   1.5e-10   38.6   4.4   1   2   1.3e-06   0.00014   19.0   1.0   144   212    63   126    14   141 0.71 length=280	scaffold=gi564278570	strand=-
2095_g               -            279 33846                -            336   1.5e-10   38.6   4.4   2   2   3.2e-07   3.5e-05   20.9   0.1   137   199   212   274   190   277 0.81 length=280	scaffold=gi564278570	strand=-
4552_g               -            269 33846                -            336   3.4e-10   37.4   0.1   1   2         3   3.3e+02   -2.0   0.6   292   292    52    52    10   100 0.53 length=270	scaffold=gi564275041	strand=+
4552_g               -            269 33846                -            336   3.4e-10   37.4   0.1   2   2   3.1e-12   3.4e-10   37.4   0.1   124   203   188   265   165   269 0.82 length=270	scaffold=gi564275041	strand=+
3802_g               -            144 33846                -            336   4.3e-10   37.1   3.7   1   1   4.9e-12   5.4e-10   36.8   3.7   138   232    15   115     4   142 0.66 length=145	scaffold=gi564275940	strand=+
2327_g               -            309 33846                -            336   1.1e-09   35.7   0.0   1   3     1e-11   1.1e-09   35.7   0.0   128   218    40   128    26   175 0.80 length=310	scaffold=gi564278570	strand=+
2327_g               -            309 33846                -            336   1.1e-09   35.7   0.0   2   3       2.3   2.5e+02   -1.6   0.8   215   243   189   218   140   230 0.58 length=310	scaffold=gi564278570	strand=+
2327_g               -            309 33846                -            336   1.1e-09   35.7   0.0   3   3       4.5   4.9e+02   -2.5   0.9     6    24   240   258   233   266 0.56 length=310	scaffold=gi564278570	strand=+
2038_g               -            192 33846                -            336   3.4e-09   34.1   0.3   1   2   9.5e-09     1e-06   26.0   0.1   125   210    11    95     2   119 0.81 length=193	scaffold=gi564278570	strand=+
2038_g               -            192 33846                -            336   3.4e-09   34.1   0.3   2   2    0.0071      0.78    6.7   0.0   137   194   130   182   108   192 0.74 length=193	scaffold=gi564278570	strand=+
4016_g               -            585 33846                -            336   6.5e-09   33.2   2.6   1   3       4.2   4.5e+02   -2.4   2.0   216   252    17    53     2    70 0.62 length=586	scaffold=gi564275940	strand=-
4016_g               -            585 33846                -            336   6.5e-09   33.2   2.6   2   3   3.4e-10   3.8e-08   30.7   1.3   137   246   224   328   216   355 0.71 length=586	scaffold=gi564275940	strand=-
4016_g               -            585 33846                -            336   6.5e-09   33.2   2.6   3   3   0.00066     0.072   10.1   0.0   132   189   515   573   511   580 0.87 length=586	scaffold=gi564275940	strand=-
3388_g               -            957 33846                -            336   1.2e-08   32.4   7.8   1   3       1.7   1.9e+02   -1.1   0.0   169   197   563   590   546   596 0.63 length=958	scaffold=gi564276791	strand=+
3388_g               -            957 33846                -            336   1.2e-08   32.4   7.8   2   3   2.7e-10   2.9e-08   31.1   4.5   133   288   659   798   639   826 0.75 length=958	scaffold=gi564276791	strand=+
3388_g               -            957 33846                -            336   1.2e-08   32.4   7.8   3   3   0.00023     0.025   11.6   0.1   293   333   879   919   848   922 0.91 length=958	scaffold=gi564276791	strand=+
2424_g               -            809 33846                -            336   1.4e-08   32.1   3.5   1   1   1.3e-10   1.4e-08   32.1   3.5   128   249   171   293    78   321 0.81 length=810	scaffold=gi564277886	strand=-
4575_g               -            241 33846                -            336   4.5e-07   27.2   0.2   1   1   1.5e-08   1.6e-06   25.4   0.2   132   256    38   170    27   187 0.66 length=242	scaffold=gi564275041	strand=+
1702_g               -            180 33846                -            336   1.4e-06   25.5   0.2   1   1   1.7e-08   1.8e-06   25.2   0.2   138   247    61   168    48   177 0.78 length=181	scaffold=gi564279471	strand=-
3159_g               -            162 33846                -            336   2.3e-06   24.9   0.0   1   1   2.4e-08   2.6e-06   24.7   0.0   137   201    67   134    47   160 0.82 length=163	scaffold=gi564277281	strand=+
805_g                -            716 33846                -            336   3.2e-05   21.1   0.1   1   1   5.2e-07   5.7e-05   20.3   0.1   155   206    92   143    69   154 0.85 length=717	scaffold=gi564280748	strand=+
1098_g               -            277 33846                -            336   0.00035   17.7   0.1   1   2   3.2e-06   0.00035   17.7   0.1    14    79    73   137    61   165 0.76 length=278	scaffold=gi564279795	strand=-
1098_g               -            277 33846                -            336   0.00035   17.7   0.1   2   2       5.7   6.3e+02   -2.9   0.3   240   272   234   266   221   272 0.60 length=278	scaffold=gi564279795	strand=-
4579_g               -            460 33846                -            336    0.0007   16.7   0.0   1   1   6.4e-06    0.0007   16.7   0.0   137   200   395   458   377   460 0.91 length=461	scaffold=gi564275041	strand=-
3318_g               -            180 33846                -            336   0.00094   16.3   0.0   1   1   1.1e-05    0.0012   16.0   0.0   137   210    92   168    66   174 0.80 length=181	scaffold=gi564276791	strand=+
1623_g               -            241 33846                -            336    0.0018   15.3   0.5   1   1   1.9e-05    0.0021   15.1   0.5   132   192    46   108    34   212 0.75 length=242	scaffold=gi564279471	strand=+
80_g                 -            691 33846                -            336    0.0027   14.8   0.2   1   4      0.64        70    0.3   0.0   136   157   190   213   172   219 0.82 length=692	scaffold=gi564281844	strand=-
80_g                 -            691 33846                -            336    0.0027   14.8   0.2   2   4     0.023       2.6    5.0   0.2   143   208   365   430   335   450 0.73 length=692	scaffold=gi564281844	strand=-
80_g                 -            691 33846                -            336    0.0027   14.8   0.2   3   4      0.15        16    2.3   0.0   141   186   508   552   503   606 0.64 length=692	scaffold=gi564281844	strand=-
80_g                 -            691 33846                -            336    0.0027   14.8   0.2   4   4   2.4e-05    0.0027   14.8   0.2   137   204   621   688   612   690 0.93 length=692	scaffold=gi564281844	strand=-
#
# Program:         hmmsearch
# Version:         3.4 (Aug 2023)
# Pipeline mode:   SEARCH
# Query file:      /home/inf-20-2025/Malaria/busco_downloads/lineages/apicomplexa_odb12/hmms/33846at5794.hmm
# Target file:     /home/inf-20-2025/Malaria/Results/6_nobird_annotation/P_yoelii.faa
# Option settings: hmmsearch --domtblout Results/8_busco/P_yoelii/run_apicomplexa_odb12/hmmer_output/initial_run_results/33846at5794.out --cpu 1 /home/inf-20-2025/Malaria/busco_downloads/lineages/apicomplexa_odb12/hmms/33846at5794.hmm /home/inf-20-2025/Malaria/Results/6_nobird_annotation/P_yoelii.faa 
# Current dir:     /home/inf-20-2025/Malaria
# Date:            Wed Mar  4 18:32:33 2026
# [ok]
