#                                                                            --- full sequence --- -------------- this domain -------------   hmm coord   ali coord   env coord
# target name        accession   tlen query name           accession   qlen   E-value  score  bias   #  of  c-Evalue  i-Evalue  score  bias  from    to  from    to  from    to  acc description of target
#------------------- ---------- ----- -------------------- ---------- ----- --------- ------ ----- --- --- --------- --------- ------ ----- ----- ----- ----- ----- ----- ----- ---- ---------------------
4001_g               -            553 36848                -            421  4.3e-135  449.0  25.8   1   2   4.4e-46     8e-44  148.3   0.2     2    91    22   111    21   132 0.95 length=554	scaffold=gi564275940	strand=+
4001_g               -            553 36848                -            421  4.3e-135  449.0  25.8   2   2   1.1e-92     2e-90  301.8  20.8    88   418   170   545   154   548 0.83 length=554	scaffold=gi564275940	strand=+
4206_g               -            344 36848                -            421   3.4e-28   96.8   0.8   1   1   2.6e-30   4.7e-28   96.3   0.8    12    85     2    81     1    97 0.86 length=345	scaffold=gi564275558	strand=+
3359_g               -            424 36848                -            421   3.9e-26   90.0   1.7   1   2   2.1e-28   3.9e-26   90.0   1.7    11    83    24    95    19   137 0.91 length=425	scaffold=gi564276791	strand=-
3359_g               -            424 36848                -            421   3.9e-26   90.0   1.7   2   2         3   5.4e+02   -2.7   0.1   268   307   363   402   330   406 0.64 length=425	scaffold=gi564276791	strand=-
3351_g               -            245 36848                -            421   1.7e-24   84.6   0.9   1   1   1.2e-26   2.3e-24   84.2   0.9    12    79     4    75     1   106 0.80 length=246	scaffold=gi564276791	strand=+
357_g                -            295 36848                -            421     3e-24   83.8   3.1   1   1   2.2e-26     4e-24   83.4   3.1    10   112    43   151    35   233 0.80 length=296	scaffold=gi564281162	strand=+
1618_g               -            379 36848                -            421   1.8e-23   81.2   5.8   1   1   1.6e-25   2.9e-23   80.6   5.8    13    83    46   118    41   141 0.87 length=380	scaffold=gi564279471	strand=-
1874_g               -            398 36848                -            421   4.4e-23   80.0   1.3   1   1   3.8e-25   6.9e-23   79.3   1.3     9    85    73   155    68   191 0.85 length=399	scaffold=gi564279133	strand=+
2735_g               -            622 36848                -            421     6e-23   79.5   0.2   1   1   7.8e-25   1.4e-22   78.3   0.2    12    87    69   146    61   204 0.84 length=623	scaffold=gi564277886	strand=-
443_g                -            298 36848                -            421   8.9e-20   69.1  11.1   1   2   1.2e-12   2.2e-10   38.1   0.5    10    45     4    39     1    48 0.89 length=299	scaffold=gi564281162	strand=-
443_g                -            298 36848                -            421   8.9e-20   69.1  11.1   2   2   1.2e-11   2.3e-09   34.8   4.6    50   126    73   150    69   219 0.85 length=299	scaffold=gi564281162	strand=-
3751_g               -            369 36848                -            421   2.5e-19   67.6   3.0   1   3   1.4e-21   2.5e-19   67.6   3.0    11    74    98   163    93   173 0.91 length=370	scaffold=gi564275940	strand=+
3751_g               -            369 36848                -            421   2.5e-19   67.6   3.0   2   3       3.7   6.7e+02   -3.0   0.5    92   121   214   244   203   256 0.39 length=370	scaffold=gi564275940	strand=+
3751_g               -            369 36848                -            421   2.5e-19   67.6   3.0   3   3       7.3   1.3e+03   -4.0   0.2   123   151   312   341   305   347 0.68 length=370	scaffold=gi564275940	strand=+
2191_g               -            386 36848                -            421   2.9e-19   67.4   1.8   1   1     3e-21   5.5e-19   66.5   1.8    11    78    50   119    41   126 0.90 length=387	scaffold=gi564278570	strand=-
3216_g               -            482 36848                -            421   3.4e-19   67.2   0.0   1   2   2.5e-14   4.5e-12   43.7   0.0    96   240    25   173    13   195 0.76 length=483	scaffold=gi564277146	strand=+
3216_g               -            482 36848                -            421   3.4e-19   67.2   0.0   2   2   2.3e-07   4.1e-05   20.8   0.0   120   210   374   469   350   476 0.80 length=483	scaffold=gi564277146	strand=+
724_g                -            880 36848                -            421   1.4e-18   65.2   1.2   1   2       8.1   1.5e+03   -4.1   0.0   120   139   337   356   296   358 0.52 length=881	scaffold=gi564280748	strand=+
724_g                -            880 36848                -            421   1.4e-18   65.2   1.2   2   2   9.8e-21   1.8e-18   64.8   0.2    12    84   409   484   400   490 0.90 length=881	scaffold=gi564280748	strand=+
2524_g               -            381 36848                -            421   2.6e-18   64.3   1.9   1   2   1.4e-20   2.6e-18   64.3   1.9    10    78    51   121    41   131 0.88 length=382	scaffold=gi564277886	strand=+
2524_g               -            381 36848                -            421   2.6e-18   64.3   1.9   2   2      0.59   1.1e+02   -0.4   0.1   307   330   282   305   238   328 0.74 length=382	scaffold=gi564277886	strand=+
857_g                -            533 36848                -            421   5.3e-17   59.9   4.3   1   3       1.4   2.5e+02   -1.6   0.8    64   108   135   178   129   191 0.73 length=534	scaffold=gi564280748	strand=+
857_g                -            533 36848                -            421   5.3e-17   59.9   4.3   2   3   2.9e-19   5.3e-17   59.9   4.3    10    83   191   266   182   278 0.90 length=534	scaffold=gi564280748	strand=+
857_g                -            533 36848                -            421   5.3e-17   59.9   4.3   3   3       6.1   1.1e+03   -3.7   0.1   173   207   310   344   303   363 0.66 length=534	scaffold=gi564280748	strand=+
3249_g               -            648 36848                -            421   1.2e-15   55.4  18.3   1   2   6.7e-18   1.2e-15   55.4  18.3     6   213    86   289    81   363 0.76 length=649	scaffold=gi564277146	strand=-
3249_g               -            648 36848                -            421   1.2e-15   55.4  18.3   2   2       8.9   1.6e+03   -4.2   7.8   139   273   298   437   288   488 0.50 length=649	scaffold=gi564277146	strand=-
1112_g               -            667 36848                -            421   1.3e-15   55.4   0.1   1   2   1.9e-17   3.5e-15   54.0   0.0     9    81   124   199   116   221 0.85 length=668	scaffold=gi564279795	strand=-
1112_g               -            667 36848                -            421   1.3e-15   55.4   0.1   2   2       3.1   5.6e+02   -2.7   0.0   167   200   269   302   263   313 0.80 length=668	scaffold=gi564279795	strand=-
1670_g               -            179 36848                -            421   6.8e-14   49.7  10.2   1   2   3.7e-16   6.8e-14   49.7  10.2    13   103     1    90     1   113 0.73 length=180	scaffold=gi564279471	strand=+
1670_g               -            179 36848                -            421   6.8e-14   49.7  10.2   2   2       2.3   4.3e+02   -2.3   0.1   349   374   124   149   107   167 0.67 length=180	scaffold=gi564279471	strand=+
4040_g               -            420 36848                -            421   2.9e-12   44.4  20.1   1   1   1.1e-13   2.1e-11   41.5  20.1    95   374    25   345    16   392 0.67 length=421	scaffold=gi564275940	strand=-
4660_g               -            206 36848                -            421   9.7e-12   42.6   0.3   1   1   6.8e-14   1.2e-11   42.3   0.3   115   201    43   131    18   142 0.82 length=207	scaffold=gi564274931	strand=-
3546_g               -            542 36848                -            421   5.2e-11   40.2  18.8   1   4   2.9e-13   5.2e-11   40.2  18.8    10   166     9   166     3   202 0.76 length=543	scaffold=gi564276574	strand=-
3546_g               -            542 36848                -            421   5.2e-11   40.2  18.8   2   4      0.58   1.1e+02   -0.3   2.0    56   115   186   244   177   250 0.79 length=543	scaffold=gi564276574	strand=-
3546_g               -            542 36848                -            421   5.2e-11   40.2  18.8   3   4       3.2   5.8e+02   -2.8   0.2   111   138   342   367   313   394 0.48 length=543	scaffold=gi564276574	strand=-
3546_g               -            542 36848                -            421   5.2e-11   40.2  18.8   4   4       2.4   4.3e+02   -2.4   1.0    73    98   395   419   384   446 0.66 length=543	scaffold=gi564276574	strand=-
3774_g               -            423 36848                -            421     1e-09   35.9  16.4   1   4   1.4e-07   2.6e-05   21.4   3.3   104   205    34   138    17   146 0.74 length=424	scaffold=gi564275940	strand=+
3774_g               -            423 36848                -            421     1e-09   35.9  16.4   2   4   2.5e-07   4.6e-05   20.6   3.0    91   213   157   289   142   328 0.69 length=424	scaffold=gi564275940	strand=+
3774_g               -            423 36848                -            421     1e-09   35.9  16.4   3   4       0.3        56    0.6   0.2   302   342   272   309   255   350 0.65 length=424	scaffold=gi564275940	strand=+
3774_g               -            423 36848                -            421     1e-09   35.9  16.4   4   4       1.1   1.9e+02   -1.2   0.0   176   204   365   393   356   399 0.76 length=424	scaffold=gi564275940	strand=+
592_g                -            104 36848                -            421   6.4e-08   30.0   0.2   1   1   3.7e-10   6.8e-08   29.9   0.2   111   200    13   101     3   104 0.85 length=105	scaffold=gi564281162	strand=+
240_g                -            157 36848                -            421   1.2e-06   25.8   0.5   1   1   7.3e-09   1.3e-06   25.7   0.5   110   181    63   135    44   157 0.84 length=158	scaffold=gi564281162	strand=+
3555_g               -            193 36848                -            421   2.1e-06   25.0   1.5   1   1   1.4e-08   2.5e-06   24.8   1.5    59   184    30   158    17   180 0.75 length=194	scaffold=gi564276574	strand=-
4474_g               -            150 36848                -            421   4.1e-06   24.1   1.1   1   2   4.2e-08   7.6e-06   23.2   0.2    10    45     4    39     1    47 0.92 length=151	scaffold=gi564275248	strand=-
4474_g               -            150 36848                -            421   4.1e-06   24.1   1.1   2   2       0.6   1.1e+02   -0.4   0.1    97   128    49    80    40   101 0.58 length=151	scaffold=gi564275248	strand=-
3466_g               -            114 36848                -            421    0.0093   13.0   0.0   1   1   6.6e-05     0.012   12.6   0.0    11    49    61    98    55   113 0.80 length=115	scaffold=gi564276791	strand=+
#
# Program:         hmmsearch
# Version:         3.4 (Aug 2023)
# Pipeline mode:   SEARCH
# Query file:      /home/inf-20-2025/Malaria/busco_downloads/lineages/apicomplexa_odb12/hmms/36848at5794.hmm
# Target file:     /home/inf-20-2025/Malaria/Results/6_nobird_annotation/P_yoelii.faa
# Option settings: hmmsearch --domtblout Results/8_busco/P_yoelii/run_apicomplexa_odb12/hmmer_output/initial_run_results/36848at5794.out --cpu 1 /home/inf-20-2025/Malaria/busco_downloads/lineages/apicomplexa_odb12/hmms/36848at5794.hmm /home/inf-20-2025/Malaria/Results/6_nobird_annotation/P_yoelii.faa 
# Current dir:     /home/inf-20-2025/Malaria
# Date:            Wed Mar  4 18:32:32 2026
# [ok]
