#                                                                            --- full sequence --- -------------- this domain -------------   hmm coord   ali coord   env coord
# target name        accession   tlen query name           accession   qlen   E-value  score  bias   #  of  c-Evalue  i-Evalue  score  bias  from    to  from    to  from    to  acc description of target
#------------------- ---------- ----- -------------------- ---------- ----- --------- ------ ----- --- --- --------- --------- ------ ----- ----- ----- ----- ----- ----- ----- ---- ---------------------
4774_g               -            811 43552                -            337  3.6e-160  530.6   4.8   1   1  6.3e-162  6.7e-160  529.7   4.8     2   335   460   806   459   808 0.95 length=812	scaffold=gi564274649	strand=+
2818_g               -           1310 43552                -            337     7e-52  174.6   0.3   1   2   2.2e-22   2.3e-20   71.0   0.1    20   160    51   219    42   238 0.76 length=1311	scaffold=gi564277600	strand=+
2818_g               -           1310 43552                -            337     7e-52  174.6   0.3   2   2   1.6e-30   1.7e-28   97.7   0.0   174   335   683   852   659   854 0.82 length=1311	scaffold=gi564277600	strand=+
4797_g               -           1334 43552                -            337   1.5e-37  127.5  20.4   1   4    0.0047       0.5    7.4   0.0    18    55   813   850   799   873 0.83 length=1335	scaffold=gi564274649	strand=+
4797_g               -           1334 43552                -            337   1.5e-37  127.5  20.4   2   4   5.3e-15   5.6e-13   46.7   2.8    77   174   975  1071   919  1084 0.83 length=1335	scaffold=gi564274649	strand=+
4797_g               -           1334 43552                -            337   1.5e-37  127.5  20.4   3   4   2.7e-22   2.9e-20   70.7   0.1   165   264  1097  1196  1085  1200 0.90 length=1335	scaffold=gi564274649	strand=+
4797_g               -           1334 43552                -            337   1.5e-37  127.5  20.4   4   4   0.00011     0.012   12.8   0.1   272   334  1265  1326  1248  1329 0.69 length=1335	scaffold=gi564274649	strand=+
2671_g               -            570 43552                -            337   1.5e-31  107.8   5.4   1   1   5.6e-32     6e-30  102.5   5.4    15   334    29   329    17   332 0.77 length=571	scaffold=gi564277886	strand=-
3951_g               -            676 43552                -            337   3.9e-30  103.1   2.8   1   3   2.2e-12   2.3e-10   38.1   0.5    21    91   370   444   351   452 0.80 length=677	scaffold=gi564275940	strand=-
3951_g               -            676 43552                -            337   3.9e-30  103.1   2.8   2   3   4.2e-16   4.5e-14   50.3   0.0   158   266   462   571   454   616 0.83 length=677	scaffold=gi564275940	strand=-
3951_g               -            676 43552                -            337   3.9e-30  103.1   2.8   3   3   0.00012     0.013   12.6   0.0   304   335   635   666   617   668 0.85 length=677	scaffold=gi564275940	strand=-
1672_g               -            288 43552                -            337     4e-27   93.2   0.4   1   3   1.3e-17   1.4e-15   55.3   0.3    20   157     1   136     1   141 0.86 length=289	scaffold=gi564279471	strand=-
1672_g               -            288 43552                -            337     4e-27   93.2   0.4   2   3   1.7e-08   1.8e-06   25.3   0.0   179   256   138   219   134   226 0.78 length=289	scaffold=gi564279471	strand=-
1672_g               -            288 43552                -            337     4e-27   93.2   0.4   3   3    0.0007     0.075   10.2   0.0   308   335   259   286   248   288 0.90 length=289	scaffold=gi564279471	strand=-
4598_g               -            575 43552                -            337   5.9e-26   89.4   4.4   1   2   3.3e-16   3.5e-14   50.7   3.5    16   158   223   368   208   372 0.79 length=576	scaffold=gi564275041	strand=-
4598_g               -            575 43552                -            337   5.9e-26   89.4   4.4   2   2   1.9e-12   2.1e-10   38.3   0.0   180   334   370   533   364   535 0.84 length=576	scaffold=gi564275041	strand=-
4004_g               -            335 43552                -            337   5.9e-26   89.4   3.0   1   1     3e-25   3.2e-23   80.4   3.0    21   334    41   329    26   332 0.80 length=336	scaffold=gi564275940	strand=-
4245_g               -            511 43552                -            337   2.6e-24   84.0   3.8   1   2   2.9e-23   3.1e-21   73.8   4.2    11   235    45   263    36   280 0.82 length=512	scaffold=gi564275558	strand=+
4245_g               -            511 43552                -            337   2.6e-24   84.0   3.8   2   2      0.27        29    1.6   0.0   307   334   298   325   291   328 0.87 length=512	scaffold=gi564275558	strand=+
2609_g               -            284 43552                -            337   3.1e-24   83.7  12.8   1   3   1.4e-17   1.5e-15   55.1   8.7    16   158    15   159     5   162 0.83 length=285	scaffold=gi564277886	strand=+
2609_g               -            284 43552                -            337   3.1e-24   83.7  12.8   2   3   8.8e-09   9.4e-07   26.3   0.0   176   241   159   224   156   243 0.89 length=285	scaffold=gi564277886	strand=+
2609_g               -            284 43552                -            337   3.1e-24   83.7  12.8   3   3     0.036       3.8    4.5   0.0   307   336   253   282   248   283 0.91 length=285	scaffold=gi564277886	strand=+
2908_g               -            453 43552                -            337   1.3e-23   81.7   5.0   1   2   2.8e-12     3e-10   37.8   3.9    21   156    81   220    64   224 0.79 length=454	scaffold=gi564277600	strand=-
2908_g               -            453 43552                -            337   1.3e-23   81.7   5.0   2   2     5e-14   5.4e-12   43.5   0.0   175   283   220   322   218   372 0.70 length=454	scaffold=gi564277600	strand=-
2881_g               -           1721 43552                -            337   1.6e-22   78.1   0.3   1   2       1.3   1.4e+02   -0.6   1.4    59   110   393   443   387   530 0.69 length=1722	scaffold=gi564277600	strand=-
2881_g               -           1721 43552                -            337   1.6e-22   78.1   0.3   2   2   1.5e-24   1.6e-22   78.1   0.3    18   290  1443  1716  1433  1720 0.78 length=1722	scaffold=gi564277600	strand=-
1087_g               -            328 43552                -            337   4.7e-22   76.6   0.6   1   1   7.7e-22   8.3e-20   69.2   0.6    21   334    12   324     2   327 0.79 length=329	scaffold=gi564279795	strand=-
3402_g               -            528 43552                -            337   7.4e-22   75.9   6.7   1   2   3.7e-22   3.9e-20   70.3   5.7    18   248    65   280    49   303 0.79 length=529	scaffold=gi564276791	strand=+
3402_g               -            528 43552                -            337   7.4e-22   75.9   6.7   2   2       1.5   1.6e+02   -0.8   0.0   306   334   301   329   288   332 0.84 length=529	scaffold=gi564276791	strand=+
4733_g               -            375 43552                -            337   8.2e-22   75.8   7.1   1   2   2.5e-21   2.6e-19   67.5   6.1    17   243    36   254    18   279 0.83 length=376	scaffold=gi564274649	strand=-
4733_g               -            375 43552                -            337   8.2e-22   75.8   7.1   2   2      0.11        11    3.0   0.0   306   334   282   310   271   313 0.87 length=376	scaffold=gi564274649	strand=-
3878_g               -           1910 43552                -            337   8.3e-22   75.7   0.7   1   2   1.4e-21   1.5e-19   68.4   0.5    14   239  1486  1695  1473  1704 0.79 length=1911	scaffold=gi564275940	strand=-
3878_g               -           1910 43552                -            337   8.3e-22   75.7   0.7   2   2      0.71        76    0.3   0.0   306   333  1724  1751  1700  1754 0.86 length=1911	scaffold=gi564275940	strand=-
4693_g               -           1006 43552                -            337     2e-20   71.2   7.2   1   1   1.4e-19   1.5e-17   61.8   7.2     9   257   488   718   480   776 0.75 length=1007	scaffold=gi564274649	strand=-
304_g                -            278 43552                -            337   2.1e-20   71.1   9.6   1   3   3.3e-07   3.6e-05   21.1   9.2    42   156     4   127     2   129 0.74 length=279	scaffold=gi564281162	strand=-
304_g                -            278 43552                -            337   2.1e-20   71.1   9.6   2   3   3.2e-12   3.4e-10   37.6   0.0   177   269   128   221   125   232 0.87 length=279	scaffold=gi564281162	strand=-
304_g                -            278 43552                -            337   2.1e-20   71.1   9.6   3   3   0.00064     0.068   10.3   0.0   296   334   230   268   225   271 0.91 length=279	scaffold=gi564281162	strand=-
1356_g               -            935 43552                -            337   5.6e-20   69.7   0.4   1   1   2.1e-21   2.3e-19   67.7   0.4    18   240    10   245     3   256 0.72 length=936	scaffold=gi564279795	strand=+
2723_g               -            853 43552                -            337   9.2e-20   69.0   0.7   1   1     1e-18   1.1e-16   58.9   0.7    18   240   537   739   525   762 0.86 length=854	scaffold=gi564277886	strand=-
1079_g               -            365 43552                -            337   2.1e-19   67.9   9.8   1   3     6e-15   6.4e-13   46.5   5.7    14   158    99   244    86   247 0.77 length=366	scaffold=gi564279795	strand=+
1079_g               -            365 43552                -            337   2.1e-19   67.9   9.8   2   3   0.00014     0.015   12.4   0.0   177   231   243   302   241   309 0.78 length=366	scaffold=gi564279795	strand=+
1079_g               -            365 43552                -            337   2.1e-19   67.9   9.8   3   3   0.00054     0.058   10.5   0.0   305   334   333   362   321   365 0.89 length=366	scaffold=gi564279795	strand=+
883_g                -            284 43552                -            337   1.4e-18   65.1   1.9   1   2   1.2e-10   1.3e-08   32.4   2.4    20   158     7   148     2   152 0.79 length=285	scaffold=gi564280748	strand=+
883_g                -            284 43552                -            337   1.4e-18   65.1   1.9   2   2   2.3e-10   2.5e-08   31.5   0.0   178   259   148   230   145   239 0.84 length=285	scaffold=gi564280748	strand=+
2306_g               -           1351 43552                -            337   1.7e-18   64.9   8.3   1   3   2.1e-05    0.0022   15.2   0.0    18    54   763   802   746   843 0.81 length=1352	scaffold=gi564278570	strand=-
2306_g               -           1351 43552                -            337   1.7e-18   64.9   8.3   2   3    0.0016      0.17    9.0   0.7    72   131  1023  1083   987  1100 0.82 length=1352	scaffold=gi564278570	strand=-
2306_g               -           1351 43552                -            337   1.7e-18   64.9   8.3   3   3   2.2e-13   2.4e-11   41.4   0.7   124   334  1127  1329  1117  1332 0.73 length=1352	scaffold=gi564278570	strand=-
3416_g               -            310 43552                -            337   2.1e-18   64.6   4.4   1   1   2.6e-17   2.7e-15   54.3   4.4    20   248     1   214     1   276 0.77 length=311	scaffold=gi564276791	strand=+
2889_g               -            556 43552                -            337   2.5e-18   64.3   1.8   1   2   4.7e-16     5e-14   50.2   2.0    27   252   116   323    98   332 0.79 length=557	scaffold=gi564277600	strand=+
2889_g               -            556 43552                -            337   2.5e-18   64.3   1.8   2   2     0.013       1.4    6.0   0.0   307   336   341   370   333   371 0.89 length=557	scaffold=gi564277600	strand=+
4573_g               -           1260 43552                -            337   4.1e-17   60.3   5.1   1   3      0.32        34    1.4   0.3    17    79   386   453   350   470 0.74 length=1261	scaffold=gi564275041	strand=+
4573_g               -           1260 43552                -            337   4.1e-17   60.3   5.1   2   3   2.1e-06   0.00023   18.4   0.6   114   159   595   640   589   644 0.90 length=1261	scaffold=gi564275041	strand=+
4573_g               -           1260 43552                -            337   4.1e-17   60.3   5.1   3   3   2.7e-13   2.8e-11   41.1   0.0   180   335   641   804   636   806 0.72 length=1261	scaffold=gi564275041	strand=+
298_g                -            565 43552                -            337   9.1e-17   59.2   7.7   1   2       1.1   1.1e+02   -0.3   0.0   138   171    47    80    27    86 0.85 length=566	scaffold=gi564281162	strand=+
298_g                -            565 43552                -            337   9.1e-17   59.2   7.7   2   2   1.1e-16   1.2e-14   52.3   4.9    27   240   122   316    99   375 0.84 length=566	scaffold=gi564281162	strand=+
1515_g               -            731 43552                -            337     1e-16   59.0   4.7   1   4       9.1   9.7e+02   -3.4   0.2   245   264   308   327   274   360 0.56 length=732	scaffold=gi564279795	strand=-
1515_g               -            731 43552                -            337     1e-16   59.0   4.7   2   4   2.6e-12   2.8e-10   37.8   2.7    19   156   401   538   382   542 0.77 length=732	scaffold=gi564279795	strand=-
1515_g               -            731 43552                -            337     1e-16   59.0   4.7   3   4   7.5e-10     8e-08   29.8   0.0   179   240   541   605   537   609 0.87 length=732	scaffold=gi564279795	strand=-
1515_g               -            731 43552                -            337     1e-16   59.0   4.7   4   4       3.4   3.6e+02   -2.0   0.0   305   334   629   663   613   665 0.79 length=732	scaffold=gi564279795	strand=-
3957_g               -            528 43552                -            337   1.4e-16   58.6   6.4   1   2   6.4e-17   6.8e-15   53.0   5.0    14   231   115   341    99   345 0.65 length=529	scaffold=gi564275940	strand=+
3957_g               -            528 43552                -            337   1.4e-16   58.6   6.4   2   2     0.078       8.3    3.4   0.0   309   334   437   462   429   465 0.90 length=529	scaffold=gi564275940	strand=+
2040_g               -            291 43552                -            337   2.4e-16   57.8   0.2   1   2   6.6e-11   7.1e-09   33.2   0.1    79   162    41   123    15   125 0.88 length=292	scaffold=gi564278570	strand=-
2040_g               -            291 43552                -            337   2.4e-16   57.8   0.2   2   2   1.8e-08   1.9e-06   25.3   0.0   180   258   121   199   120   235 0.79 length=292	scaffold=gi564278570	strand=-
69_g                 -            353 43552                -            337   3.1e-16   57.4   2.5   1   2   3.4e-13   3.6e-11   40.8   0.7    18   162    27   171    14   276 0.79 length=354	scaffold=gi564281844	strand=+
69_g                 -            353 43552                -            337   3.1e-16   57.4   2.5   2   2   3.1e-05    0.0033   14.6   0.1   280   334   257   308   241   311 0.71 length=354	scaffold=gi564281844	strand=+
617_g                -            284 43552                -            337   3.2e-16   57.4  11.5   1   1   6.1e-16   6.5e-14   49.8  11.5    54   334     5   269     2   271 0.77 length=285	scaffold=gi564280748	strand=+
4191_g               -            704 43552                -            337   1.9e-15   54.8   4.1   1   1   4.5e-14   4.8e-12   43.7   4.1   104   247   513   635   392   674 0.85 length=705	scaffold=gi564275558	strand=+
3274_g               -            805 43552                -            337   1.1e-14   52.3  18.4   1   3   0.00026     0.028   11.6   0.8    22    84    34    95    20   144 0.70 length=806	scaffold=gi564277146	strand=-
3274_g               -            805 43552                -            337   1.1e-14   52.3  18.4   2   3   7.4e-06   0.00079   16.7   5.2    65   174   234   344   221   360 0.75 length=806	scaffold=gi564277146	strand=-
3274_g               -            805 43552                -            337   1.1e-14   52.3  18.4   3   3   5.2e-10   5.5e-08   30.3   0.3   154   256   551   657   533   725 0.70 length=806	scaffold=gi564277146	strand=-
1455_g               -            503 43552                -            337     2e-14   51.5   2.2   1   2   3.5e-14   3.7e-12   44.0   2.3    22   246   110   314    92   347 0.82 length=504	scaffold=gi564279795	strand=-
1455_g               -            503 43552                -            337     2e-14   51.5   2.2   2   2       1.5   1.6e+02   -0.8   0.0   301   334   332   365   320   368 0.85 length=504	scaffold=gi564279795	strand=-
783_g                -            718 43552                -            337   2.4e-14   51.2   0.3   1   3       7.1   7.6e+02   -3.0   0.0    25    41    22    38    14    43 0.79 length=719	scaffold=gi564280748	strand=+
783_g                -            718 43552                -            337   2.4e-14   51.2   0.3   2   3   2.3e-09   2.5e-07   28.2   0.3   112   158   180   226    77   237 0.87 length=719	scaffold=gi564280748	strand=+
783_g                -            718 43552                -            337   2.4e-14   51.2   0.3   3   3   8.1e-07   8.7e-05   19.8   0.0   217   334   401   513   396   515 0.69 length=719	scaffold=gi564280748	strand=+
4219_g               -           1681 43552                -            337   5.6e-14   50.0   9.1   1   2   9.6e-15     1e-12   45.9   6.6    21   165  1132  1284  1123  1293 0.86 length=1682	scaffold=gi564275558	strand=+
4219_g               -           1681 43552                -            337   5.6e-14   50.0   9.1   2   2     0.069       7.4    3.6   0.0   198   237  1577  1615  1555  1626 0.81 length=1682	scaffold=gi564275558	strand=+
770_g                -            569 43552                -            337   2.3e-13   48.0   2.6   1   1   2.7e-14   2.9e-12   44.4   2.4    21   243   299   504   283   523 0.81 length=570	scaffold=gi564280748	strand=+
4035_g               -           1069 43552                -            337   5.2e-13   46.8   9.7   1   2   4.2e-08   4.5e-06   24.0   6.4    43   163   187   305   174   317 0.79 length=1070	scaffold=gi564275940	strand=-
4035_g               -           1069 43552                -            337   5.2e-13   46.8   9.7   2   2   8.1e-08   8.7e-06   23.1   0.1   194   234   374   414   368   418 0.94 length=1070	scaffold=gi564275940	strand=-
3889_g               -            529 43552                -            337     1e-11   42.6   6.6   1   2   2.8e-11   2.9e-09   34.5   2.8    21   162    33   178    15   208 0.82 length=530	scaffold=gi564275940	strand=+
3889_g               -            529 43552                -            337     1e-11   42.6   6.6   2   2    0.0025      0.27    8.3   0.1   199   238   316   355   269   361 0.82 length=530	scaffold=gi564275940	strand=+
4208_g               -            329 43552                -            337   5.1e-09   33.7  13.2   1   3   1.8e-10   1.9e-08   31.8   9.0     8   174    10   201     6   206 0.72 length=330	scaffold=gi564275558	strand=+
4208_g               -            329 43552                -            337   5.1e-09   33.7  13.2   2   3     0.083       8.9    3.3   0.1   180   244   187   254   186   293 0.70 length=330	scaffold=gi564275558	strand=+
4208_g               -            329 43552                -            337   5.1e-09   33.7  13.2   3   3       1.6   1.7e+02   -0.9   0.0   301   328   291   318   254   321 0.68 length=330	scaffold=gi564275558	strand=+
3754_g               -            323 43552                -            337   7.9e-09   33.1   0.9   1   2      0.17        18    2.3   0.0    21    51     7    39     2    59 0.82 length=324	scaffold=gi564275940	strand=+
3754_g               -            323 43552                -            337   7.9e-09   33.1   0.9   2   2     5e-09   5.3e-07   27.1   0.5    96   160    79   142    67   257 0.87 length=324	scaffold=gi564275940	strand=+
1150_g               -            478 43552                -            337   2.1e-08   31.7  12.8   1   3   1.2e-06   0.00013   19.3   7.1    65   156   223   313   193   333 0.71 length=479	scaffold=gi564279795	strand=-
1150_g               -            478 43552                -            337   2.1e-08   31.7  12.8   2   3    0.0028       0.3    8.2   0.0   154   234   340   424   318   441 0.73 length=479	scaffold=gi564279795	strand=-
1150_g               -            478 43552                -            337   2.1e-08   31.7  12.8   3   3     0.014       1.5    5.9   0.1   307   331   453   477   431   478 0.90 length=479	scaffold=gi564279795	strand=-
4087_g               -            248 43552                -            337   4.4e-07   27.3   4.0   1   2   1.1e-07   1.2e-05   22.7   1.8    72   160    43   134    32   148 0.80 length=249	scaffold=gi564275836	strand=-
4087_g               -            248 43552                -            337   4.4e-07   27.3   4.0   2   2     0.023       2.5    5.2   0.0   217   234   167   184   132   202 0.80 length=249	scaffold=gi564275836	strand=-
200_g                -           1330 43552                -            337   3.6e-06   24.4   3.2   1   3     0.091       9.7    3.2   0.0    11    51   929   969   921   988 0.81 length=1331	scaffold=gi564281162	strand=-
200_g                -           1330 43552                -            337   3.6e-06   24.4   3.2   2   3    0.0087      0.93    6.6   0.3   122   158  1155  1191  1049  1196 0.88 length=1331	scaffold=gi564281162	strand=-
200_g                -           1330 43552                -            337   3.6e-06   24.4   3.2   3   3   7.5e-05     0.008   13.3   0.0   181   238  1194  1255  1189  1267 0.76 length=1331	scaffold=gi564281162	strand=-
657_g                -            319 43552                -            337    0.0011   16.2   2.4   1   2    0.0012      0.12    9.4   1.4    85   162    84   160    44   174 0.74 length=320	scaffold=gi564280748	strand=-
657_g                -            319 43552                -            337    0.0011   16.2   2.4   2   2     0.018       1.9    5.5   0.0   303   335   249   281   222   283 0.87 length=320	scaffold=gi564280748	strand=-
#
# Program:         hmmsearch
# Version:         3.4 (Aug 2023)
# Pipeline mode:   SEARCH
# Query file:      /home/inf-20-2025/Malaria/busco_downloads/lineages/apicomplexa_odb12/hmms/43552at5794.hmm
# Target file:     /home/inf-20-2025/Malaria/Results/6_nobird_annotation/P_yoelii.faa
# Option settings: hmmsearch --domtblout Results/8_busco/P_yoelii/run_apicomplexa_odb12/hmmer_output/initial_run_results/43552at5794.out --cpu 1 /home/inf-20-2025/Malaria/busco_downloads/lineages/apicomplexa_odb12/hmms/43552at5794.hmm /home/inf-20-2025/Malaria/Results/6_nobird_annotation/P_yoelii.faa 
# Current dir:     /home/inf-20-2025/Malaria
# Date:            Wed Mar  4 18:32:36 2026
# [ok]
