#                                                                            --- full sequence --- -------------- this domain -------------   hmm coord   ali coord   env coord
# target name        accession   tlen query name           accession   qlen   E-value  score  bias   #  of  c-Evalue  i-Evalue  score  bias  from    to  from    to  from    to  acc description of target
#------------------- ---------- ----- -------------------- ---------- ----- --------- ------ ----- --- --- --------- --------- ------ ----- ----- ----- ----- ----- ----- ----- ---- ---------------------
1380_g               -            806 49646                -            274   1.5e-88  295.3  57.3   1   5     0.052   1.3e+02    0.4   4.0   121   211    80   176    76   219 0.65 length=807	scaffold=gi564279795	strand=+
1380_g               -            806 49646                -            274   1.5e-88  295.3  57.3   2   5   1.1e-73   2.8e-70  235.4   5.1     1   145   285   433   285   439 0.92 length=807	scaffold=gi564279795	strand=+
1380_g               -            806 49646                -            274   1.5e-88  295.3  57.3   3   5   0.00035      0.87    7.5   0.2   129   171   490   535   464   557 0.62 length=807	scaffold=gi564279795	strand=+
1380_g               -            806 49646                -            274   1.5e-88  295.3  57.3   4   5   0.00012      0.29    9.0   2.6   153   229   583   661   560   677 0.70 length=807	scaffold=gi564279795	strand=+
1380_g               -            806 49646                -            274   1.5e-88  295.3  57.3   5   5   1.9e-21   4.6e-18   64.1  16.7   164   273   694   800   678   801 0.76 length=807	scaffold=gi564279795	strand=+
3034_g               -            588 49646                -            274   3.5e-13   48.1   1.1   1   3   1.4e-16   3.5e-13   48.1   1.1     6   128   156   275   152   292 0.88 length=589	scaffold=gi564277281	strand=-
3034_g               -            588 49646                -            274   3.5e-13   48.1   1.1   2   3      0.24     6e+02   -1.8   8.8   154   249   344   432   312   460 0.72 length=589	scaffold=gi564277281	strand=-
3034_g               -            588 49646                -            274   3.5e-13   48.1   1.1   3   3         2   4.9e+03   -7.0  18.0   169   273   475   579   448   580 0.46 length=589	scaffold=gi564277281	strand=-
#
# Program:         hmmsearch
# Version:         3.4 (Aug 2023)
# Pipeline mode:   SEARCH
# Query file:      /home/inf-20-2025/Malaria/busco_downloads/lineages/apicomplexa_odb12/hmms/49646at5794.hmm
# Target file:     /home/inf-20-2025/Malaria/Results/6_nobird_annotation/P_yoelii.faa
# Option settings: hmmsearch --domtblout Results/8_busco/P_yoelii/run_apicomplexa_odb12/hmmer_output/initial_run_results/49646at5794.out --cpu 1 /home/inf-20-2025/Malaria/busco_downloads/lineages/apicomplexa_odb12/hmms/49646at5794.hmm /home/inf-20-2025/Malaria/Results/6_nobird_annotation/P_yoelii.faa 
# Current dir:     /home/inf-20-2025/Malaria
# Date:            Wed Mar  4 18:32:38 2026
# [ok]
