#                                                                            --- full sequence --- -------------- this domain -------------   hmm coord   ali coord   env coord
# target name        accession   tlen query name           accession   qlen   E-value  score  bias   #  of  c-Evalue  i-Evalue  score  bias  from    to  from    to  from    to  acc description of target
#------------------- ---------- ----- -------------------- ---------- ----- --------- ------ ----- --- --- --------- --------- ------ ----- ----- ----- ----- ----- ----- ----- ---- ---------------------
1386_g               -            142 68703                -            139   5.8e-93  306.2   2.8   1   1     4e-96   6.5e-93  306.0   2.8     1   139     4   142     4   142 1.00 length=143	scaffold=gi564279795	strand=+
2132_g               -            221 68703                -            139    0.0001   20.3   0.1   1   2   2.1e-07   0.00034   18.6   0.0    10    88    29   107    23   118 0.84 length=222	scaffold=gi564278570	strand=-
2132_g               -            221 68703                -            139    0.0001   20.3   0.1   2   2       0.3   4.9e+02   -1.3   0.0    84   107   156   180   151   184 0.76 length=222	scaffold=gi564278570	strand=-
3161_g               -            513 68703                -            139   0.00044   18.2   4.1   1   4         3   4.9e+03   -5.5   2.0    89   108    48    67    42    78 0.57 length=514	scaffold=gi564277281	strand=-
3161_g               -            513 68703                -            139   0.00044   18.2   4.1   2   4   2.7e-07   0.00044   18.2   4.1    17   106   113   203   102   216 0.89 length=514	scaffold=gi564277281	strand=-
3161_g               -            513 68703                -            139   0.00044   18.2   4.1   3   4      0.22   3.6e+02   -0.9   0.1    80   106   238   264   224   268 0.78 length=514	scaffold=gi564277281	strand=-
3161_g               -            513 68703                -            139   0.00044   18.2   4.1   4   4      0.86   1.4e+03   -2.8   4.3    28   112   374   458   347   464 0.65 length=514	scaffold=gi564277281	strand=-
#
# Program:         hmmsearch
# Version:         3.4 (Aug 2023)
# Pipeline mode:   SEARCH
# Query file:      /home/inf-20-2025/Malaria/busco_downloads/lineages/apicomplexa_odb12/hmms/68703at5794.hmm
# Target file:     /home/inf-20-2025/Malaria/Results/6_nobird_annotation/P_yoelii.faa
# Option settings: hmmsearch --domtblout Results/8_busco/P_yoelii/run_apicomplexa_odb12/hmmer_output/initial_run_results/68703at5794.out --cpu 1 /home/inf-20-2025/Malaria/busco_downloads/lineages/apicomplexa_odb12/hmms/68703at5794.hmm /home/inf-20-2025/Malaria/Results/6_nobird_annotation/P_yoelii.faa 
# Current dir:     /home/inf-20-2025/Malaria
# Date:            Wed Mar  4 18:32:35 2026
# [ok]
