#                                                                            --- full sequence --- -------------- this domain -------------   hmm coord   ali coord   env coord
# target name        accession   tlen query name           accession   qlen   E-value  score  bias   #  of  c-Evalue  i-Evalue  score  bias  from    to  from    to  from    to  acc description of target
#------------------- ---------- ----- -------------------- ---------- ----- --------- ------ ----- --- --- --------- --------- ------ ----- ----- ----- ----- ----- ----- ----- ---- ---------------------
4587_g               -            178 68715                -            191  5.7e-105  347.6   0.1   1   1  2.4e-107  6.3e-105  347.4   0.1    16   190     3   177     1   178 0.99 length=179	scaffold=gi564275041	strand=+
3189_g               -            181 68715                -            191   2.2e-33  114.1   0.1   1   1     1e-35   2.6e-33  113.8   0.1    16   150    13   147     4   176 0.95 length=182	scaffold=gi564277281	strand=+
3063_g               -            178 68715                -            191   3.3e-28   97.2   0.0   1   1   3.2e-30   8.4e-28   95.9   0.0    16   187    13   174     3   178 0.89 length=179	scaffold=gi564277281	strand=-
4807_g               -            185 68715                -            191   5.7e-27   93.2   0.1   1   1   2.6e-29   6.6e-27   93.0   0.1     8   150     4   146     1   175 0.93 length=186	scaffold=gi564274649	strand=+
1514_g               -            261 68715                -            191     2e-14   52.2   0.1   1   1   1.3e-16   3.3e-14   51.5   0.1     2   159    44   212    43   224 0.80 length=262	scaffold=gi564279795	strand=+
1699_g               -            196 68715                -            191   1.1e-10   40.0   0.0   1   1   5.5e-13   1.4e-10   39.7   0.0    18   139    17   146     6   174 0.78 length=197	scaffold=gi564279471	strand=+
4380_g               -            200 68715                -            191   5.1e-09   34.6   0.1   1   1   2.5e-11   6.5e-09   34.3   0.1    22   138    10   130     4   169 0.74 length=201	scaffold=gi564275248	strand=-
3678_g               -            207 68715                -            191   2.4e-08   32.4   0.1   1   1   1.2e-10   3.2e-08   32.0   0.1    21   156    12   156     3   171 0.77 length=208	scaffold=gi564275940	strand=+
3222_g               -           1094 68715                -            191   6.1e-08   31.1   0.1   1   1   5.3e-10   1.4e-07   29.9   0.1    12   143   518   649   509   674 0.77 length=1095	scaffold=gi564277146	strand=-
4367_g               -            207 68715                -            191   1.6e-07   29.7   0.1   1   1   7.8e-10     2e-07   29.4   0.1    22   135    14   131    10   177 0.82 length=208	scaffold=gi564275248	strand=+
1382_g               -            213 68715                -            191   1.6e-06   26.5   0.0   1   1   7.9e-09     2e-06   26.1   0.0    24   141    11   133     7   168 0.74 length=214	scaffold=gi564279795	strand=+
3925_g               -            214 68715                -            191   3.8e-06   25.2   0.0   1   1   2.1e-08   5.4e-06   24.8   0.0    22   135    11   127     8   151 0.82 length=215	scaffold=gi564275940	strand=+
2177_g               -           1330 68715                -            191   3.9e-06   25.2   0.2   1   1   3.6e-08   9.2e-06   24.0   0.2    22   149    24   148     4   184 0.83 length=1331	scaffold=gi564278570	strand=-
2985_g               -            206 68715                -            191   5.7e-06   24.7   0.0   1   1   3.1e-08     8e-06   24.2   0.0    22   135    10   131     1   162 0.79 length=207	scaffold=gi564277600	strand=+
1089_g               -            166 68715                -            191   1.6e-05   23.2   0.0   1   1   7.6e-08     2e-05   22.9   0.0    67   155    34   123     6   146 0.80 length=167	scaffold=gi564279795	strand=+
1127_g               -            216 68715                -            191   0.00011   20.5   0.2   1   1     6e-07   0.00016   20.0   0.2    22   135    13   131     8   171 0.79 length=217	scaffold=gi564279795	strand=+
4723_g               -            795 68715                -            191   0.00012   20.4   7.1   1   3   0.00079       0.2    9.8   0.1    18    98    15   111     1   117 0.64 length=796	scaffold=gi564274649	strand=+
4723_g               -            795 68715                -            191   0.00012   20.4   7.1   2   3      0.27        69    1.6   0.0   105   162   145   205   131   221 0.64 length=796	scaffold=gi564274649	strand=+
4723_g               -            795 68715                -            191   0.00012   20.4   7.1   3   3    0.0016      0.41    8.8   1.1    92   184   223   318   211   323 0.80 length=796	scaffold=gi564274649	strand=+
1951_g               -            214 68715                -            191   0.00031   19.0   0.0   1   1   1.6e-06   0.00041   18.6   0.0    22   169    29   181    21   189 0.75 length=215	scaffold=gi564279133	strand=+
276_g                -            228 68715                -            191   0.00032   19.0   0.0   1   1   1.9e-06   0.00049   18.4   0.0    22   156    11   147     6   160 0.78 length=229	scaffold=gi564281162	strand=+
#
# Program:         hmmsearch
# Version:         3.4 (Aug 2023)
# Pipeline mode:   SEARCH
# Query file:      /home/inf-20-2025/Malaria/busco_downloads/lineages/apicomplexa_odb12/hmms/68715at5794.hmm
# Target file:     /home/inf-20-2025/Malaria/Results/6_nobird_annotation/P_yoelii.faa
# Option settings: hmmsearch --domtblout Results/8_busco/P_yoelii/run_apicomplexa_odb12/hmmer_output/initial_run_results/68715at5794.out --cpu 1 /home/inf-20-2025/Malaria/busco_downloads/lineages/apicomplexa_odb12/hmms/68715at5794.hmm /home/inf-20-2025/Malaria/Results/6_nobird_annotation/P_yoelii.faa 
# Current dir:     /home/inf-20-2025/Malaria
# Date:            Wed Mar  4 18:32:35 2026
# [ok]
