#                                                                            --- full sequence --- -------------- this domain -------------   hmm coord   ali coord   env coord
# target name        accession   tlen query name           accession   qlen   E-value  score  bias   #  of  c-Evalue  i-Evalue  score  bias  from    to  from    to  from    to  acc description of target
#------------------- ---------- ----- -------------------- ---------- ----- --------- ------ ----- --- --- --------- --------- ------ ----- ----- ----- ----- ----- ----- ----- ---- ---------------------
3396_g               -            327 68721                -            322  2.6e-160  530.7   0.4   1   1  3.1e-162    3e-160  530.5   0.4     1   321     1   323     1   324 0.99 length=328	scaffold=gi564276791	strand=-
3668_g               -            648 68721                -            322   7.5e-26   88.8  10.8   1   5     4e-05    0.0039   14.2   0.0   176   220   112   156    98   161 0.82 length=649	scaffold=gi564275940	strand=+
3668_g               -            648 68721                -            322   7.5e-26   88.8  10.8   2   5   0.00011     0.011   12.7   0.0   141   195   161   215   153   222 0.82 length=649	scaffold=gi564275940	strand=+
3668_g               -            648 68721                -            322   7.5e-26   88.8  10.8   3   5   5.6e-07   5.4e-05   20.3   2.6   148   232   321   410   283   419 0.69 length=649	scaffold=gi564275940	strand=+
3668_g               -            648 68721                -            322   7.5e-26   88.8  10.8   4   5   7.3e-11     7e-09   33.1   0.1    97   214   442   557   417   571 0.85 length=649	scaffold=gi564275940	strand=+
3668_g               -            648 68721                -            322   7.5e-26   88.8  10.8   5   5    0.0032      0.31    8.0   0.0   280   313   613   646   607   648 0.84 length=649	scaffold=gi564275940	strand=+
3258_g               -            323 68721                -            322   1.6e-23   81.2  10.9   1   4   0.00013     0.013   12.5   0.1   178   213    32    67    20    76 0.87 length=324	scaffold=gi564277146	strand=-
3258_g               -            323 68721                -            322   1.6e-23   81.2  10.9   2   4   3.3e-13   3.2e-11   40.8   2.3   135   226    74   164    67   168 0.93 length=324	scaffold=gi564277146	strand=-
3258_g               -            323 68721                -            322   1.6e-23   81.2  10.9   3   4   1.2e-07   1.2e-05   22.5   0.2    10    81   161   233   156   248 0.86 length=324	scaffold=gi564277146	strand=-
3258_g               -            323 68721                -            322   1.6e-23   81.2  10.9   4   4   0.00027     0.026   11.5   0.0   152   205   264   317   249   322 0.90 length=324	scaffold=gi564277146	strand=-
82_g                 -           1380 68721                -            322   1.8e-22   77.7  11.5   1   6   2.3e-08   2.2e-06   24.9   0.0   146   217    15    86     3    95 0.88 length=1381	scaffold=gi564281844	strand=+
82_g                 -           1380 68721                -            322   1.8e-22   77.7  11.5   2   6   6.6e-08   6.3e-06   23.3   0.6   154   228   107   181    95   195 0.89 length=1381	scaffold=gi564281844	strand=+
82_g                 -           1380 68721                -            322   1.8e-22   77.7  11.5   3   6   0.00068     0.066   10.2   0.1   163   216   229   282   222   284 0.81 length=1381	scaffold=gi564281844	strand=+
82_g                 -           1380 68721                -            322   1.8e-22   77.7  11.5   4   6   8.4e-08   8.1e-06   23.0   0.3   155   222   263   333   262   338 0.87 length=1381	scaffold=gi564281844	strand=+
82_g                 -           1380 68721                -            322   1.8e-22   77.7  11.5   5   6      0.74        71    0.2   0.0   291   318   340   366   337   369 0.90 length=1381	scaffold=gi564281844	strand=+
82_g                 -           1380 68721                -            322   1.8e-22   77.7  11.5   6   6     0.021         2    5.3   0.1    64   104   564   603   554   633 0.86 length=1381	scaffold=gi564281844	strand=+
4397_g               -            636 68721                -            322   4.6e-22   76.4  12.1   1   5       4.1     4e+02   -2.3   0.1   150   196    46    95    13    96 0.77 length=637	scaffold=gi564275248	strand=-
4397_g               -            636 68721                -            322   4.6e-22   76.4  12.1   2   5   2.9e-13   2.8e-11   40.9   1.3   153   221   368   436   338   444 0.88 length=637	scaffold=gi564275248	strand=-
4397_g               -            636 68721                -            322   4.6e-22   76.4  12.1   3   5     0.038       3.7    4.4   0.0   287   316   440   469   436   470 0.81 length=637	scaffold=gi564275248	strand=-
4397_g               -            636 68721                -            322   4.6e-22   76.4  12.1   4   5     7e-06   0.00067   16.7   0.1   157   220   456   519   452   522 0.93 length=637	scaffold=gi564275248	strand=-
4397_g               -            636 68721                -            322   4.6e-22   76.4  12.1   5   5   2.7e-08   2.6e-06   24.6   0.0     7    97   520   611   517   622 0.88 length=637	scaffold=gi564275248	strand=-
3225_g               -            601 68721                -            322   4.6e-21   73.1   8.3   1   4     4e-08   3.9e-06   24.1   0.2   153   219    35   108    29   109 0.85 length=602	scaffold=gi564277146	strand=+
3225_g               -            601 68721                -            322   4.6e-21   73.1   8.3   2   4   1.4e-09   1.3e-07   28.9   0.2   163   213    94   144    92   157 0.90 length=602	scaffold=gi564277146	strand=+
3225_g               -            601 68721                -            322   4.6e-21   73.1   8.3   3   4   5.7e-11   5.5e-09   33.4   0.3   134   234   150   252   143   255 0.88 length=602	scaffold=gi564277146	strand=+
3225_g               -            601 68721                -            322   4.6e-21   73.1   8.3   4   4       2.5   2.4e+02   -1.6   0.0   290   309   292   311   279   314 0.89 length=602	scaffold=gi564277146	strand=+
3138_g               -            550 68721                -            322   7.7e-21   72.4   8.8   1   2   3.4e-08   3.3e-06   24.3   0.2   126   205   271   348   259   357 0.86 length=551	scaffold=gi564277281	strand=+
3138_g               -            550 68721                -            322   7.7e-21   72.4   8.8   2   2   1.7e-15   1.7e-13   48.3   3.7    27   212   342   528   339   537 0.85 length=551	scaffold=gi564277281	strand=+
2875_g               -            499 68721                -            322   2.9e-20   70.5  10.6   1   4     1e-05   0.00098   16.2   0.1   155   210   229   284   223   296 0.92 length=500	scaffold=gi564277600	strand=+
2875_g               -            499 68721                -            322   2.9e-20   70.5  10.6   2   4   0.00062     0.059   10.3   0.3   170   223   290   343   280   357 0.79 length=500	scaffold=gi564277600	strand=+
2875_g               -            499 68721                -            322   2.9e-20   70.5  10.6   3   4   7.7e-11   7.4e-09   33.0   0.1   158   221   362   425   357   432 0.93 length=500	scaffold=gi564277600	strand=+
2875_g               -            499 68721                -            322   2.9e-20   70.5  10.6   4   4     8e-06   0.00078   16.5   0.2   164   210   450   499   442   499 0.82 length=500	scaffold=gi564277600	strand=+
250_g                -            619 68721                -            322   5.4e-20   69.6   5.4   1   4      0.29        28    1.5   0.5   189   209   301   321   225   330 0.66 length=620	scaffold=gi564281162	strand=-
250_g                -            619 68721                -            322   5.4e-20   69.6   5.4   2   4   3.2e-05    0.0031   14.5   0.0   175   214   399   438   378   443 0.86 length=620	scaffold=gi564281162	strand=-
250_g                -            619 68721                -            322   5.4e-20   69.6   5.4   3   4   6.6e-13   6.4e-11   39.8   0.0   123   219   430   529   430   541 0.85 length=620	scaffold=gi564281162	strand=-
250_g                -            619 68721                -            322   5.4e-20   69.6   5.4   4   4   2.4e-05    0.0023   14.9   0.1   178   234   530   588   525   595 0.87 length=620	scaffold=gi564281162	strand=-
1046_g               -            526 68721                -            322   3.2e-19   67.0  10.8   1   4   2.8e-05    0.0027   14.7   0.5   119   199   197   287   190   287 0.75 length=527	scaffold=gi564279795	strand=-
1046_g               -            526 68721                -            322   3.2e-19   67.0  10.8   2   4   1.6e-17   1.5e-15   54.9   1.8   139   229   269   359   256   366 0.86 length=527	scaffold=gi564279795	strand=-
1046_g               -            526 68721                -            322   3.2e-19   67.0  10.8   3   4     0.016       1.6    5.6   0.1   144   178   358   392   351   412 0.78 length=527	scaffold=gi564279795	strand=-
1046_g               -            526 68721                -            322   3.2e-19   67.0  10.8   4   4       1.3   1.2e+02   -0.6   0.0   132   205   449   521   431   525 0.66 length=527	scaffold=gi564279795	strand=-
4750_g               -           1170 68721                -            322   8.6e-19   65.6  23.8   1   7       7.8   7.6e+02   -3.2   0.0   154   173    31    49    20    55 0.64 length=1171	scaffold=gi564274649	strand=+
4750_g               -           1170 68721                -            322   8.6e-19   65.6  23.8   2   7   1.5e-07   1.4e-05   22.2   0.1   158   215    85   141    73   157 0.88 length=1171	scaffold=gi564274649	strand=+
4750_g               -           1170 68721                -            322   8.6e-19   65.6  23.8   3   7    0.0003     0.029   11.3   0.3   154   232   174   251   166   295 0.83 length=1171	scaffold=gi564274649	strand=+
4750_g               -           1170 68721                -            322   8.6e-19   65.6  23.8   4   7       3.7   3.6e+02   -2.1   0.2    65   103   351   389   340   427 0.66 length=1171	scaffold=gi564274649	strand=+
4750_g               -           1170 68721                -            322   8.6e-19   65.6  23.8   5   7   7.5e-07   7.3e-05   19.9   0.4   120   219   607   706   566   712 0.84 length=1171	scaffold=gi564274649	strand=+
4750_g               -           1170 68721                -            322   8.6e-19   65.6  23.8   6   7   0.00013     0.013   12.5   0.0     4    47   784   827   780   839 0.81 length=1171	scaffold=gi564274649	strand=+
4750_g               -           1170 68721                -            322   8.6e-19   65.6  23.8   7   7   0.00014     0.014   12.4   0.3   154   210   846   902   837   919 0.90 length=1171	scaffold=gi564274649	strand=+
2959_g               -           1008 68721                -            322   5.2e-18   63.1   7.0   1   2   4.2e-08   4.1e-06   24.0   0.1    56   213    20   174    16   189 0.66 length=1009	scaffold=gi564277600	strand=+
2959_g               -           1008 68721                -            322   5.2e-18   63.1   7.0   2   2   1.6e-11   1.6e-09   35.2   2.3   154   227   206   281   203   288 0.87 length=1009	scaffold=gi564277600	strand=+
760_g                -           1059 68721                -            322   6.8e-18   62.7   8.9   1   5      0.25        24    1.7   0.1   173   218   154   199   136   203 0.79 length=1060	scaffold=gi564280748	strand=+
760_g                -           1059 68721                -            322   6.8e-18   62.7   8.9   2   5      0.14        13    2.6   0.0     2    41   199   238   198   255 0.86 length=1060	scaffold=gi564280748	strand=+
760_g                -           1059 68721                -            322   6.8e-18   62.7   8.9   3   5   9.6e-05    0.0092   13.0   1.1   130   236   301   409   287   417 0.88 length=1060	scaffold=gi564280748	strand=+
760_g                -           1059 68721                -            322   6.8e-18   62.7   8.9   4   5   1.2e-10   1.1e-08   32.4   0.0   116   225   392   506   391   530 0.77 length=1060	scaffold=gi564280748	strand=+
760_g                -           1059 68721                -            322   6.8e-18   62.7   8.9   5   5   1.1e-05     0.001   16.1   0.1   164   213   563   615   546   642 0.78 length=1060	scaffold=gi564280748	strand=+
3622_g               -           1191 68721                -            322   3.1e-17   60.5  18.7   1   6    0.0096      0.92    6.4   0.4   123   185   205   266   167   275 0.80 length=1192	scaffold=gi564276574	strand=-
3622_g               -           1191 68721                -            322   3.1e-17   60.5  18.7   2   6      0.79        76    0.1   0.0    65   104   487   528   432   531 0.71 length=1192	scaffold=gi564276574	strand=-
3622_g               -           1191 68721                -            322   3.1e-17   60.5  18.7   3   6   0.00017     0.016   12.2   0.1   176   221   588   633   571   648 0.73 length=1192	scaffold=gi564276574	strand=-
3622_g               -           1191 68721                -            322   3.1e-17   60.5  18.7   4   6   0.00015     0.015   12.3   0.3   157   227   611   685   610   695 0.88 length=1192	scaffold=gi564276574	strand=-
3622_g               -           1191 68721                -            322   3.1e-17   60.5  18.7   5   6   3.5e-10   3.3e-08   30.8   2.2   133   221   696   783   673   788 0.82 length=1192	scaffold=gi564276574	strand=-
3622_g               -           1191 68721                -            322   3.1e-17   60.5  18.7   6   6     2e-05    0.0019   15.2   0.1   152   214   797   859   792   881 0.82 length=1192	scaffold=gi564276574	strand=-
1278_g               -            629 68721                -            322   4.6e-17   60.0   6.1   1   3   0.00032      0.03   11.3   0.0   173   221   331   381   318   383 0.86 length=630	scaffold=gi564279795	strand=+
1278_g               -            629 68721                -            322   4.6e-17   60.0   6.1   2   3   2.4e-06   0.00023   18.2   0.0     7    92   381   467   379   473 0.88 length=630	scaffold=gi564279795	strand=+
1278_g               -            629 68721                -            322   4.6e-17   60.0   6.1   3   3   8.2e-11   7.9e-09   32.9   3.7    21   210   437   629   435   629 0.78 length=630	scaffold=gi564279795	strand=+
2737_g               -            471 68721                -            322   1.3e-16   58.5   3.5   1   2     4e-10   3.9e-08   30.6   0.1   157   223    91   157    66   163 0.93 length=472	scaffold=gi564277886	strand=-
2737_g               -            471 68721                -            322   1.3e-16   58.5   3.5   2   2   2.1e-09     2e-07   28.3   0.7    32   215   203   385   192   443 0.86 length=472	scaffold=gi564277886	strand=-
1466_g               -            481 68721                -            322     4e-15   53.6  10.8   1   2   5.3e-15   5.1e-13   46.7   5.9   135   231   211   308    81   319 0.84 length=482	scaffold=gi564279795	strand=-
1466_g               -            481 68721                -            322     4e-15   53.6  10.8   2   2    0.0084      0.81    6.6   0.2   144   218   321   401   308   412 0.74 length=482	scaffold=gi564279795	strand=-
3332_g               -            627 68721                -            322   1.2e-14   52.0  10.1   1   5    0.0061      0.59    7.0   0.0   282   313     9    40     2    55 0.55 length=628	scaffold=gi564276791	strand=+
3332_g               -            627 68721                -            322   1.2e-14   52.0  10.1   2   5     0.042       4.1    4.3   0.0     7    48    78   119    72   122 0.52 length=628	scaffold=gi564276791	strand=+
3332_g               -            627 68721                -            322   1.2e-14   52.0  10.1   3   5   0.00095     0.091    9.7   0.1   170   206   114   150    97   160 0.78 length=628	scaffold=gi564276791	strand=+
3332_g               -            627 68721                -            322   1.2e-14   52.0  10.1   4   5   3.9e-10   3.7e-08   30.7   0.7   140   215   281   359   256   368 0.86 length=628	scaffold=gi564276791	strand=+
3332_g               -            627 68721                -            322   1.2e-14   52.0  10.1   5   5     0.043       4.1    4.2   0.4     8   187   544   596   521   626 0.53 length=628	scaffold=gi564276791	strand=+
2817_g               -            615 68721                -            322   3.5e-13   47.2   7.4   1   4   2.9e-07   2.8e-05   21.3   0.2   155   221   316   382   259   397 0.86 length=616	scaffold=gi564277600	strand=-
2817_g               -            615 68721                -            322   3.5e-13   47.2   7.4   2   4     0.004      0.39    7.6   0.0   156   190   401   435   396   439 0.89 length=616	scaffold=gi564277600	strand=-
2817_g               -            615 68721                -            322   3.5e-13   47.2   7.4   3   4   1.4e-06   0.00014   18.9   0.5   134   209   421   495   411   520 0.70 length=616	scaffold=gi564277600	strand=-
2817_g               -            615 68721                -            322   3.5e-13   47.2   7.4   4   4      0.23        22    1.9   0.1   157   210   532   593   516   599 0.61 length=616	scaffold=gi564277600	strand=-
750_g                -            364 68721                -            322   5.1e-13   46.7  10.2   1   4   2.5e-08   2.4e-06   24.7   0.2   172   221     7    56     3    60 0.93 length=365	scaffold=gi564280748	strand=-
750_g                -            364 68721                -            322   5.1e-13   46.7  10.2   2   4   9.3e-05    0.0089   13.0   0.2     9    81    59   130    57   139 0.84 length=365	scaffold=gi564280748	strand=-
750_g                -            364 68721                -            322   5.1e-13   46.7  10.2   3   4   0.00014     0.014   12.4   0.2    25    87   161   222   139   231 0.89 length=365	scaffold=gi564280748	strand=-
750_g                -            364 68721                -            322   5.1e-13   46.7  10.2   4   4      0.44        43    0.9   0.0   187   219   235   267   223   276 0.72 length=365	scaffold=gi564280748	strand=-
206_g                -            723 68721                -            322   5.3e-13   46.6  10.3   1   5      0.17        16    2.3   0.0   152   223   122   198    90   211 0.66 length=724	scaffold=gi564281162	strand=+
206_g                -            723 68721                -            322   5.3e-13   46.6  10.3   2   5    0.0065      0.63    6.9   0.1     2   202   147   349   146   351 0.73 length=724	scaffold=gi564281162	strand=+
206_g                -            723 68721                -            322   5.3e-13   46.6  10.3   3   5    0.0032      0.31    7.9   0.0   163   205   351   394   342   414 0.80 length=724	scaffold=gi564281162	strand=+
206_g                -            723 68721                -            322   5.3e-13   46.6  10.3   4   5     6e-07   5.7e-05   20.2   0.3   155   220   522   588   511   606 0.88 length=724	scaffold=gi564281162	strand=+
206_g                -            723 68721                -            322   5.3e-13   46.6  10.3   5   5   2.1e-05     0.002   15.1   0.1   153   211   649   707   611   715 0.91 length=724	scaffold=gi564281162	strand=+
3450_g               -            587 68721                -            322   8.4e-13   45.9   0.8   1   2   0.00037     0.035   11.0   0.0    17    81   200   263   192   281 0.91 length=588	scaffold=gi564276791	strand=-
3450_g               -            587 68721                -            322   8.4e-13   45.9   0.8   2   2   1.1e-10     1e-08   32.5   0.4   155   234   330   407   299   418 0.89 length=588	scaffold=gi564276791	strand=-
4484_g               -            935 68721                -            322   2.1e-12   44.7   2.7   1   3   1.1e-05    0.0011   16.0   0.0   274   313   187   226   166   231 0.85 length=936	scaffold=gi564275248	strand=-
4484_g               -            935 68721                -            322   2.1e-12   44.7   2.7   2   3   3.8e-06   0.00037   17.6   0.7   142   211   261   331   245   355 0.80 length=936	scaffold=gi564275248	strand=-
4484_g               -            935 68721                -            322   2.1e-12   44.7   2.7   3   3    0.0016      0.16    8.9   0.0   285   318   814   847   805   851 0.92 length=936	scaffold=gi564275248	strand=-
3894_g               -            553 68721                -            322   2.3e-12   44.5  12.5   1   5    0.0017      0.17    8.8   0.1   180   219    40    79    25    85 0.89 length=554	scaffold=gi564275940	strand=-
3894_g               -            553 68721                -            322   2.3e-12   44.5  12.5   2   5      0.86        83   -0.0   0.0   284   310    86   111    76   121 0.54 length=554	scaffold=gi564275940	strand=-
3894_g               -            553 68721                -            322   2.3e-12   44.5  12.5   3   5   2.2e-06   0.00021   18.4   0.6   171   222   151   202   143   210 0.90 length=554	scaffold=gi564275940	strand=-
3894_g               -            553 68721                -            322   2.3e-12   44.5  12.5   4   5    0.0015      0.15    9.0   0.0   152   188   215   252   208   257 0.83 length=554	scaffold=gi564275940	strand=-
3894_g               -            553 68721                -            322   2.3e-12   44.5  12.5   5   5   0.00023     0.022   11.7   0.1   155   235   349   433   342   443 0.80 length=554	scaffold=gi564275940	strand=-
814_g                -           1128 68721                -            322   2.5e-11   41.1  15.7   1   3     0.014       1.3    5.9   3.7    48   211   633   805   620   820 0.67 length=1129	scaffold=gi564280748	strand=+
814_g                -           1128 68721                -            322   2.5e-11   41.1  15.7   2   3   2.5e-05    0.0024   14.9   0.7   145   205   824   884   810   900 0.90 length=1129	scaffold=gi564280748	strand=+
814_g                -           1128 68721                -            322   2.5e-11   41.1  15.7   3   3   3.2e-09   3.1e-07   27.6   0.2    53   212   908  1069   898  1100 0.76 length=1129	scaffold=gi564280748	strand=+
3938_g               -            423 68721                -            322     2e-10   38.2   2.9   1   3    0.0038      0.37    7.7   0.1     7    40   107   140   104   149 0.83 length=424	scaffold=gi564275940	strand=+
3938_g               -            423 68721                -            322     2e-10   38.2   2.9   2   3     1e-07   9.8e-06   22.7   0.3   170   227   160   217   152   264 0.90 length=424	scaffold=gi564275940	strand=+
3938_g               -            423 68721                -            322     2e-10   38.2   2.9   3   3    0.0087      0.84    6.5   0.0   151   211   293   352   230   364 0.81 length=424	scaffold=gi564275940	strand=+
1376_g               -            434 68721                -            322   4.1e-10   37.1   3.1   1   3     1e-07     1e-05   22.7   0.8   120   216    55   151     2   172 0.78 length=435	scaffold=gi564279795	strand=-
1376_g               -            434 68721                -            322   4.1e-10   37.1   3.1   2   3     0.027       2.6    4.9   0.0   155   186   187   218   172   233 0.84 length=435	scaffold=gi564279795	strand=-
1376_g               -            434 68721                -            322   4.1e-10   37.1   3.1   3   3     0.003      0.29    8.0   0.1   173   220   313   359   264   366 0.65 length=435	scaffold=gi564279795	strand=-
1983_g               -            446 68721                -            322   7.9e-10   36.2   0.0   1   4         1        98   -0.3   0.0   180   216   146   184   134   209 0.56 length=447	scaffold=gi564279133	strand=-
1983_g               -            446 68721                -            322   7.9e-10   36.2   0.0   2   4    0.0043      0.41    7.5   0.0   150   211   215   280   191   306 0.74 length=447	scaffold=gi564279133	strand=-
1983_g               -            446 68721                -            322   7.9e-10   36.2   0.0   3   4   1.5e-07   1.4e-05   22.2   0.0   155   211   310   368   298   373 0.80 length=447	scaffold=gi564279133	strand=-
1983_g               -            446 68721                -            322   7.9e-10   36.2   0.0   4   4      0.75        73    0.2   0.0     8    40   393   428   385   442 0.61 length=447	scaffold=gi564279133	strand=-
4309_g               -            592 68721                -            322   9.9e-10   35.9  15.0   1   3   0.00054     0.052   10.5   4.0   107   213   233   340   202   355 0.70 length=593	scaffold=gi564275248	strand=-
4309_g               -            592 68721                -            322   9.9e-10   35.9  15.0   2   3   2.3e-10   2.3e-08   31.4   0.2   119   220   395   502   388   520 0.84 length=593	scaffold=gi564275248	strand=-
4309_g               -            592 68721                -            322   9.9e-10   35.9  15.0   3   3       1.2   1.1e+02   -0.5   0.2   285   321   554   590   534   591 0.77 length=593	scaffold=gi564275248	strand=-
2359_g               -            810 68721                -            322   4.3e-09   33.8   1.7   1   2   0.00015     0.015   12.3   0.4   142   231   196   288   161   298 0.74 length=811	scaffold=gi564278570	strand=-
2359_g               -            810 68721                -            322   4.3e-09   33.8   1.7   2   2   5.6e-07   5.4e-05   20.3   0.0   152   218   437   505   424   527 0.86 length=811	scaffold=gi564278570	strand=-
366_g                -            513 68721                -            322   4.5e-09   33.7   1.9   1   3     0.032       3.1    4.7   0.0   156   176   259   279   247   290 0.72 length=514	scaffold=gi564281162	strand=+
366_g                -            513 68721                -            322   4.5e-09   33.7   1.9   2   3   4.2e-09   4.1e-07   27.3   0.3   134   223   360   456   328   468 0.76 length=514	scaffold=gi564281162	strand=+
366_g                -            513 68721                -            322   4.5e-09   33.7   1.9   3   3       6.1   5.9e+02   -2.8   0.0    24   211   491   506   471   510 0.47 length=514	scaffold=gi564281162	strand=+
1487_g               -            374 68721                -            322   8.8e-09   32.7   1.2   1   3     0.002      0.19    8.6   0.2   137   203    25    92     6   115 0.58 length=375	scaffold=gi564279795	strand=-
1487_g               -            374 68721                -            322   8.8e-09   32.7   1.2   2   3    0.0086      0.83    6.5   0.0   164   210   102   150    93   172 0.81 length=375	scaffold=gi564279795	strand=-
1487_g               -            374 68721                -            322   8.8e-09   32.7   1.2   3   3   1.2e-05    0.0011   16.0   0.0    54   203   215   366   193   371 0.80 length=375	scaffold=gi564279795	strand=-
1443_g               -            503 68721                -            322     1e-08   32.5   2.3   1   2   9.4e-10     9e-08   29.4   0.3   157   213   295   352   288   355 0.89 length=504	scaffold=gi564279795	strand=+
1443_g               -            503 68721                -            322     1e-08   32.5   2.3   2   2    0.0016      0.15    9.0   0.1   122   202   344   428   343   453 0.67 length=504	scaffold=gi564279795	strand=+
3533_g               -           2505 68721                -            322     1e-08   32.5   2.2   1   3     0.063       6.1    3.7   0.0   153   217   153   219   123   230 0.80 length=2506	scaffold=gi564276574	strand=-
3533_g               -           2505 68721                -            322     1e-08   32.5   2.2   2   3     0.023       2.3    5.1   0.0   153   186  1003  1037   973  1046 0.86 length=2506	scaffold=gi564276574	strand=-
3533_g               -           2505 68721                -            322     1e-08   32.5   2.2   3   3   4.6e-07   4.4e-05   20.6   0.1   145   213  2376  2446  2352  2469 0.84 length=2506	scaffold=gi564276574	strand=-
4657_g               -            464 68721                -            322   1.3e-08   32.2   0.7   1   2   2.8e-08   2.7e-06   24.6   0.2   152   216    84   149    55   165 0.83 length=465	scaffold=gi564274931	strand=+
4657_g               -            464 68721                -            322   1.3e-08   32.2   0.7   2   2      0.02         2    5.3   0.0   151   221   170   237   149   247 0.79 length=465	scaffold=gi564274931	strand=+
4548_g               -            441 68721                -            322   2.4e-07   28.0   8.4   1   2      0.08       7.8    3.3   0.6   128   219   182   287   120   300 0.66 length=442	scaffold=gi564275041	strand=+
4548_g               -            441 68721                -            322   2.4e-07   28.0   8.4   2   2   3.9e-09   3.8e-07   27.4   1.8   139   211   309   384   302   391 0.83 length=442	scaffold=gi564275041	strand=+
1632_g               -            502 68721                -            322   3.1e-07   27.7   2.9   1   3     0.002      0.19    8.6   0.0   182   214   277   309   250   332 0.80 length=503	scaffold=gi564279471	strand=+
1632_g               -            502 68721                -            322   3.1e-07   27.7   2.9   2   3    0.0089      0.86    6.5   0.2   182   226   339   382   327   392 0.84 length=503	scaffold=gi564279471	strand=+
1632_g               -            502 68721                -            322   3.1e-07   27.7   2.9   3   3   0.00035     0.033   11.1   0.1   179   230   424   476   389   495 0.78 length=503	scaffold=gi564279471	strand=+
95_g                 -            391 68721                -            322   4.2e-07   27.2   0.3   1   2   3.1e-06    0.0003   17.8   0.1   162   218   162   216   151   222 0.84 length=392	scaffold=gi564281844	strand=-
95_g                 -            391 68721                -            322   4.2e-07   27.2   0.3   2   2    0.0042       0.4    7.6   0.0     8    63   221   277   215   306 0.65 length=392	scaffold=gi564281844	strand=-
1731_g               -            849 68721                -            322   8.8e-07   26.2   3.0   1   6      0.71        68    0.2   0.0   153   171    42    60    35   107 0.83 length=850	scaffold=gi564279471	strand=-
1731_g               -            849 68721                -            322   8.8e-07   26.2   3.0   2   6      0.12        12    2.7   0.1   123   173   126   175   117   199 0.64 length=850	scaffold=gi564279471	strand=-
1731_g               -            849 68721                -            322   8.8e-07   26.2   3.0   3   6     0.011       1.1    6.2   0.3    23    79   226   283   208   284 0.50 length=850	scaffold=gi564279471	strand=-
1731_g               -            849 68721                -            322   8.8e-07   26.2   3.0   4   6   9.1e-09   8.8e-07   26.2   3.0   152   240   267   351   230   359 0.79 length=850	scaffold=gi564279471	strand=-
1731_g               -            849 68721                -            322   8.8e-07   26.2   3.0   5   6       4.6   4.4e+02   -2.4   0.0    49    87   366   403   356   461 0.66 length=850	scaffold=gi564279471	strand=-
1731_g               -            849 68721                -            322   8.8e-07   26.2   3.0   6   6       8.1   7.8e+02   -3.2   0.2   104   231   597   635   559   649 0.48 length=850	scaffold=gi564279471	strand=-
4793_g               -            785 68721                -            322   9.2e-07   26.1   4.7   1   4    0.0017      0.16    8.9   0.0   142   217    68   143    12   162 0.80 length=786	scaffold=gi564274649	strand=+
4793_g               -            785 68721                -            322   9.2e-07   26.1   4.7   2   4      0.78        75    0.1   0.0   178   219   243   286   231   297 0.67 length=786	scaffold=gi564274649	strand=+
4793_g               -            785 68721                -            322   9.2e-07   26.1   4.7   3   4      0.37        36    1.2   0.1   172   210   302   340   296   373 0.73 length=786	scaffold=gi564274649	strand=+
4793_g               -            785 68721                -            322   9.2e-07   26.1   4.7   4   4   6.3e-05    0.0061   13.6   0.2    22    81   391   450   371   470 0.72 length=786	scaffold=gi564274649	strand=+
1555_g               -            626 68721                -            322   1.1e-06   25.9   2.2   1   3       2.5   2.4e+02   -1.5   0.1   144   157    80    93    50   108 0.76 length=627	scaffold=gi564279795	strand=+
1555_g               -            626 68721                -            322   1.1e-06   25.9   2.2   2   3    0.0017      0.17    8.8   0.0   166   219   145   199   134   205 0.81 length=627	scaffold=gi564279795	strand=+
1555_g               -            626 68721                -            322   1.1e-06   25.9   2.2   3   3   1.6e-05    0.0015   15.5   0.1     5   112   207   317   202   383 0.64 length=627	scaffold=gi564279795	strand=+
2478_g               -            511 68721                -            322   1.7e-06   25.3   1.0   1   2   5.1e-05    0.0049   13.9   0.0   163   211    53   101    41   122 0.85 length=512	scaffold=gi564277886	strand=-
2478_g               -            511 68721                -            322   1.7e-06   25.3   1.0   2   2   0.00084     0.081    9.9   0.2   151   221   300   371   217   398 0.75 length=512	scaffold=gi564277886	strand=-
368_g                -           1967 68721                -            322   4.7e-06   23.8   0.5   1   3   3.8e-05    0.0037   14.3   0.1   173   213  1697  1737  1687  1751 0.85 length=1968	scaffold=gi564281162	strand=+
368_g                -           1967 68721                -            322   4.7e-06   23.8   0.5   2   3       2.9   2.8e+02   -1.8   0.0     9    80  1747  1818  1740  1824 0.84 length=1968	scaffold=gi564281162	strand=+
368_g                -           1967 68721                -            322   4.7e-06   23.8   0.5   3   3     0.011         1    6.2   0.0   155   209  1906  1962  1878  1965 0.81 length=1968	scaffold=gi564281162	strand=+
1318_g               -            583 68721                -            322   2.8e-05   21.2   0.1   1   1   6.6e-07   6.3e-05   20.1   0.1   115   221   393   499   376   516 0.89 length=584	scaffold=gi564279795	strand=+
3620_g               -            380 68721                -            322   3.4e-05   21.0   0.0   1   1   7.5e-07   7.2e-05   19.9   0.0     5    82   193   274   190   289 0.87 length=381	scaffold=gi564276574	strand=-
221_g                -            363 68721                -            322   7.2e-05   19.9   0.4   1   2     4e-05    0.0039   14.2   0.1   106   213    29   144     5   151 0.70 length=364	scaffold=gi564281162	strand=+
221_g                -            363 68721                -            322   7.2e-05   19.9   0.4   2   2     0.069       6.7    3.6   0.0    73   113   195   235   179   262 0.83 length=364	scaffold=gi564281162	strand=+
397_g                -            331 68721                -            322   0.00018   18.6   3.6   1   4         3   2.9e+02   -1.8   0.0   119   140    36    57    26    62 0.67 length=332	scaffold=gi564281162	strand=-
397_g                -            331 68721                -            322   0.00018   18.6   3.6   2   4      0.44        42    0.9   0.0    24    67   143   186   124   207 0.68 length=332	scaffold=gi564281162	strand=-
397_g                -            331 68721                -            322   0.00018   18.6   3.6   3   4     0.001     0.097    9.6   0.1    52    90   211   249   199   254 0.89 length=332	scaffold=gi564281162	strand=-
397_g                -            331 68721                -            322   0.00018   18.6   3.6   4   4     0.016       1.5    5.6   0.0   153   177   273   296   265   324 0.66 length=332	scaffold=gi564281162	strand=-
4402_g               -            765 68721                -            322   0.00021   18.3   5.5   1   3   3.1e-06    0.0003   17.9   0.7   116   215   140   242   114   250 0.79 length=766	scaffold=gi564275248	strand=-
4402_g               -            765 68721                -            322   0.00021   18.3   5.5   2   3       2.4   2.3e+02   -1.5   0.1   155   230   271   347   264   355 0.81 length=766	scaffold=gi564275248	strand=-
4402_g               -            765 68721                -            322   0.00021   18.3   5.5   3   3      0.34        33    1.3   0.0   291   316   393   418   379   432 0.86 length=766	scaffold=gi564275248	strand=-
1378_g               -            690 68721                -            322    0.0011   16.0   6.9   1   3   9.3e-05     0.009   13.0   1.8    51   191    12   164     6   173 0.46 length=691	scaffold=gi564279795	strand=+
1378_g               -            690 68721                -            322    0.0011   16.0   6.9   2   3       1.7   1.7e+02   -1.0   0.0   301   318   188   205   178   209 0.87 length=691	scaffold=gi564279795	strand=+
1378_g               -            690 68721                -            322    0.0011   16.0   6.9   3   3      0.22        22    1.9   0.1    61    82   234   255   224   260 0.83 length=691	scaffold=gi564279795	strand=+
2687_g               -            454 68721                -            322    0.0036   14.3  14.1   1   6       4.4   4.2e+02   -2.4   0.0    84   109    45    70    16   113 0.62 length=455	scaffold=gi564277886	strand=+
2687_g               -            454 68721                -            322    0.0036   14.3  14.1   2   6       1.1   1.1e+02   -0.4   0.0   171   215   125   170   118   194 0.67 length=455	scaffold=gi564277886	strand=+
2687_g               -            454 68721                -            322    0.0036   14.3  14.1   3   6     0.032         3    4.7   0.5   147   189   199   242   174   248 0.57 length=455	scaffold=gi564277886	strand=+
2687_g               -            454 68721                -            322    0.0036   14.3  14.1   4   6   0.00043     0.041   10.8   0.3   152   212   275   336   258   340 0.88 length=455	scaffold=gi564277886	strand=+
2687_g               -            454 68721                -            322    0.0036   14.3  14.1   5   6    0.0079      0.76    6.7   0.1   158   221   324   389   318   395 0.82 length=455	scaffold=gi564277886	strand=+
2687_g               -            454 68721                -            322    0.0036   14.3  14.1   6   6      0.17        16    2.3   0.0   179   210   403   435   396   443 0.84 length=455	scaffold=gi564277886	strand=+
3915_g               -            389 68721                -            322     0.011   12.7   3.5   1   1   0.00019     0.018   12.0   2.9    70   245    38   217    23   226 0.71 length=390	scaffold=gi564275940	strand=+
#
# Program:         hmmsearch
# Version:         3.4 (Aug 2023)
# Pipeline mode:   SEARCH
# Query file:      /home/inf-20-2025/Malaria/busco_downloads/lineages/apicomplexa_odb12/hmms/68721at5794.hmm
# Target file:     /home/inf-20-2025/Malaria/Results/6_nobird_annotation/P_yoelii.faa
# Option settings: hmmsearch --domtblout Results/8_busco/P_yoelii/run_apicomplexa_odb12/hmmer_output/initial_run_results/68721at5794.out --cpu 1 /home/inf-20-2025/Malaria/busco_downloads/lineages/apicomplexa_odb12/hmms/68721at5794.hmm /home/inf-20-2025/Malaria/Results/6_nobird_annotation/P_yoelii.faa 
# Current dir:     /home/inf-20-2025/Malaria
# Date:            Wed Mar  4 18:32:36 2026
# [ok]
