#                                                                            --- full sequence --- -------------- this domain -------------   hmm coord   ali coord   env coord
# target name        accession   tlen query name           accession   qlen   E-value  score  bias   #  of  c-Evalue  i-Evalue  score  bias  from    to  from    to  from    to  acc description of target
#------------------- ---------- ----- -------------------- ---------- ----- --------- ------ ----- --- --- --------- --------- ------ ----- ----- ----- ----- ----- ----- ----- ---- ---------------------
1053_g               -            611 68734                -            606         0 1212.1   0.0   1   1         0         0 1211.9   0.0     2   606     7   611     6   611 1.00 length=612	scaffold=gi564279795	strand=+
1424_g               -            533 68734                -            606   2.8e-34  116.5   0.3   1   2     4e-06     0.005   13.3   0.4     5   106    57   162    53   167 0.79 length=534	scaffold=gi564279795	strand=+
1424_g               -            533 68734                -            606   2.8e-34  116.5   0.3   2   2   5.9e-33   7.3e-30  102.0   0.0   199   509   163   470   153   479 0.83 length=534	scaffold=gi564279795	strand=+
2764_g               -            494 68734                -            606   7.2e-31  105.3   0.6   1   2   6.9e-10   8.5e-07   25.8   0.3     6   106    32   136    29   172 0.86 length=495	scaffold=gi564277886	strand=+
2764_g               -            494 68734                -            606   7.2e-31  105.3   0.6   2   2   1.2e-25   1.5e-22   77.8   0.0   289   532   232   470   222   484 0.88 length=495	scaffold=gi564277886	strand=+
4241_g               -            548 68734                -            606   1.6e-13   48.0   0.4   1   2    0.0015       1.8    4.9   0.6     4    90    58   149    55   163 0.81 length=549	scaffold=gi564275558	strand=+
4241_g               -            548 68734                -            606   1.6e-13   48.0   0.4   2   2   2.1e-14   2.6e-11   40.7   0.0   190   446   159   412   151   472 0.80 length=549	scaffold=gi564275558	strand=+
#
# Program:         hmmsearch
# Version:         3.4 (Aug 2023)
# Pipeline mode:   SEARCH
# Query file:      /home/inf-20-2025/Malaria/busco_downloads/lineages/apicomplexa_odb12/hmms/68734at5794.hmm
# Target file:     /home/inf-20-2025/Malaria/Results/6_nobird_annotation/P_yoelii.faa
# Option settings: hmmsearch --domtblout Results/8_busco/P_yoelii/run_apicomplexa_odb12/hmmer_output/initial_run_results/68734at5794.out --cpu 1 /home/inf-20-2025/Malaria/busco_downloads/lineages/apicomplexa_odb12/hmms/68734at5794.hmm /home/inf-20-2025/Malaria/Results/6_nobird_annotation/P_yoelii.faa 
# Current dir:     /home/inf-20-2025/Malaria
# Date:            Wed Mar  4 18:32:35 2026
# [ok]
