#                                                                            --- full sequence --- -------------- this domain -------------   hmm coord   ali coord   env coord
# target name        accession   tlen query name           accession   qlen   E-value  score  bias   #  of  c-Evalue  i-Evalue  score  bias  from    to  from    to  from    to  acc description of target
#------------------- ---------- ----- -------------------- ---------- ----- --------- ------ ----- --- --- --------- --------- ------ ----- ----- ----- ----- ----- ----- ----- ---- ---------------------
486_g                -            398 68760                -            392  7.5e-239  790.3   4.6   1   1  6.2e-241  8.7e-239  790.1   4.6     2   392     4   397     3   397 0.98 length=399	scaffold=gi564281162	strand=-
3017_g               -            390 68760                -            392  7.5e-174  576.3   2.3   1   1  5.9e-176  8.3e-174  576.2   2.3     8   391     4   388     1   389 0.98 length=391	scaffold=gi564277281	strand=-
662_g                -            433 68760                -            392  2.7e-108  360.5   0.1   1   1  2.4e-110  3.4e-108  360.1   0.1    17   389    56   427    43   430 0.97 length=434	scaffold=gi564280748	strand=-
575_g                -            708 68760                -            392   6.4e-84  280.2   8.9   1   1   9.6e-84   1.4e-81  272.6   8.9    15   386   286   693   273   698 0.87 length=709	scaffold=gi564281162	strand=-
4176_g               -            466 68760                -            392   9.7e-84  279.6   5.2   1   2   4.2e-15   5.9e-13   46.6   0.0    12    86    49   124    38   129 0.86 length=467	scaffold=gi564275558	strand=-
4176_g               -            466 68760                -            392   9.7e-84  279.6   5.2   2   2   9.6e-72   1.4e-69  233.0   3.2    89   389   152   458   143   461 0.94 length=467	scaffold=gi564275558	strand=-
4254_g               -            508 68760                -            392   7.3e-74  247.1   1.7   1   1   7.5e-76   1.1e-73  246.6   1.7    13   385    91   463    80   468 0.96 length=509	scaffold=gi564275558	strand=-
4770_g               -            517 68760                -            392   8.2e-72  240.4   0.0   1   1   7.3e-74     1e-71  240.0   0.0    19   377   100   467    84   482 0.90 length=518	scaffold=gi564274649	strand=-
813_g                -            960 68760                -            392   4.8e-70  234.5   0.0   1   1   1.1e-69   1.5e-67  226.3   0.0    21   390   536   936   532   938 0.86 length=961	scaffold=gi564280748	strand=-
900_g                -            665 68760                -            392   1.6e-67  226.2   0.0   1   1   1.8e-69   2.6e-67  225.5   0.0    20   370   215   578   205   589 0.91 length=666	scaffold=gi564280748	strand=+
1343_g               -            715 68760                -            392   2.1e-67  225.8   1.1   1   2   3.8e-08   5.4e-06   23.6   0.0    15    84   283   351   266   359 0.82 length=716	scaffold=gi564279795	strand=-
1343_g               -            715 68760                -            392   2.1e-67  225.8   1.1   2   2     8e-62   1.1e-59  200.4   0.9    84   363   395   677   358   711 0.89 length=716	scaffold=gi564279795	strand=-
1199_g               -            908 68760                -            392   2.4e-66  222.4   2.1   1   2   3.3e-27   4.6e-25   86.4   0.0    20   189   319   511   305   516 0.81 length=909	scaffold=gi564279795	strand=-
1199_g               -            908 68760                -            392   2.4e-66  222.4   2.1   2   2   6.2e-41   8.7e-39  131.6   0.6   195   383   541   729   525   736 0.93 length=909	scaffold=gi564279795	strand=-
4417_g               -           1389 68760                -            392   8.3e-66  220.6   2.3   1   1   1.1e-67   1.6e-65  219.7   2.3    20   383   624   996   607  1011 0.89 length=1390	scaffold=gi564275248	strand=-
4460_g               -            709 68760                -            392   5.6e-65  217.9   4.9   1   2   7.1e-08   9.9e-06   22.8   0.2     7   101    93   188    87   196 0.81 length=710	scaffold=gi564275248	strand=-
4460_g               -            709 68760                -            392   5.6e-65  217.9   4.9   2   2     1e-60   1.5e-58  196.7   0.7    91   378   209   501   199   515 0.90 length=710	scaffold=gi564275248	strand=-
336_g                -            492 68760                -            392   3.8e-63  211.8   0.3   1   1   3.7e-65   5.2e-63  211.4   0.3     8   376    58   437    46   450 0.88 length=493	scaffold=gi564281162	strand=+
1636_g               -            649 68760                -            392   2.9e-60  202.3   0.9   1   1   3.1e-62   4.3e-60  201.8   0.9    10   385   187   565   177   571 0.92 length=650	scaffold=gi564279471	strand=-
1558_g               -            654 68760                -            392   3.9e-58  195.3   1.5   1   1   1.3e-58   1.8e-56  189.8   1.5     9   375    36   436    26   447 0.84 length=655	scaffold=gi564279795	strand=+
655_g                -            720 68760                -            392   1.3e-46  157.4   6.8   1   1   1.6e-48   2.3e-46  156.6   6.8    18   389   246   636   229   639 0.85 length=721	scaffold=gi564280748	strand=-
3223_g               -           1152 68760                -            392   1.3e-45  154.1   5.2   1   1   2.1e-47   2.9e-45  152.9   5.2    13   374   138   511   125   527 0.89 length=1153	scaffold=gi564277146	strand=+
2565_g               -            894 68760                -            392   1.7e-45  153.7   4.5   1   1     2e-47   2.9e-45  153.0   4.5    20   367   125   485   104   509 0.84 length=895	scaffold=gi564277886	strand=-
1012_g               -            656 68760                -            392   2.5e-39  133.4  10.7   1   1   2.7e-41   3.8e-39  132.8  10.7     7   375   162   549   155   559 0.77 length=657	scaffold=gi564279795	strand=+
840_g                -            818 68760                -            392   6.7e-38  128.7   5.6   1   3   3.3e-09   4.6e-07   27.2   0.0    21    84     2    65     1    71 0.95 length=819	scaffold=gi564280748	strand=+
840_g                -            818 68760                -            392   6.7e-38  128.7   5.6   2   3   2.5e-15   3.5e-13   47.3   0.2    86   227   324   476   306   522 0.79 length=819	scaffold=gi564280748	strand=+
840_g                -            818 68760                -            392   6.7e-38  128.7   5.6   3   3   3.1e-17   4.4e-15   53.6   1.0   232   370   536   691   526   696 0.78 length=819	scaffold=gi564280748	strand=+
3438_g               -            832 68760                -            392   4.2e-37  126.1   7.3   1   4   2.1e-25   2.9e-23   80.5   0.1    21   192   142   330   119   358 0.80 length=833	scaffold=gi564276791	strand=+
3438_g               -            832 68760                -            392   4.2e-37  126.1   7.3   2   4       1.8   2.6e+02   -1.6   0.2   194   255   381   442   376   474 0.60 length=833	scaffold=gi564276791	strand=+
3438_g               -            832 68760                -            392   4.2e-37  126.1   7.3   3   4       4.5   6.3e+02   -2.9   0.1   225   258   437   472   417   493 0.72 length=833	scaffold=gi564276791	strand=+
3438_g               -            832 68760                -            392   4.2e-37  126.1   7.3   4   4   7.9e-16   1.1e-13   49.0   0.2   284   374   604   694   508   709 0.90 length=833	scaffold=gi564276791	strand=+
718_g                -           1126 68760                -            392   1.5e-35  121.0  17.0   1   5   1.2e-07   1.7e-05   22.0   0.1    10    83    13    86     6    96 0.88 length=1127	scaffold=gi564280748	strand=+
718_g                -           1126 68760                -            392   1.5e-35  121.0  17.0   2   5      0.16        23    1.8   0.0    93   118   139   164   132   180 0.83 length=1127	scaffold=gi564280748	strand=+
718_g                -           1126 68760                -            392   1.5e-35  121.0  17.0   3   5     1e-05    0.0014   15.7   0.6   157   216   252   319   169   330 0.66 length=1127	scaffold=gi564280748	strand=+
718_g                -           1126 68760                -            392   1.5e-35  121.0  17.0   4   5   2.9e-25   4.1e-23   80.0   2.2   225   372   466   622   450   633 0.86 length=1127	scaffold=gi564280748	strand=+
718_g                -           1126 68760                -            392   1.5e-35  121.0  17.0   5   5       2.1   2.9e+02   -1.8   0.0   251   286   716   752   705   760 0.78 length=1127	scaffold=gi564280748	strand=+
1473_g               -            863 68760                -            392   2.1e-35  120.4   1.8   1   2   4.1e-23   5.8e-21   72.9   0.4     6   232    87   326    81   343 0.79 length=864	scaffold=gi564279795	strand=-
1473_g               -            863 68760                -            392   2.1e-35  120.4   1.8   2   2   4.9e-15   6.9e-13   46.4   0.0   318   378   587   650   583   664 0.83 length=864	scaffold=gi564279795	strand=-
3185_g               -            668 68760                -            392   7.5e-34  115.4   9.2   1   2   1.2e-06   0.00017   18.7   0.0    39    85   209   256   196   263 0.84 length=669	scaffold=gi564277281	strand=+
3185_g               -            668 68760                -            392   7.5e-34  115.4   9.2   2   2   5.2e-30   7.2e-28   95.7   7.9    92   387   293   601   287   606 0.79 length=669	scaffold=gi564277281	strand=+
4776_g               -            779 68760                -            392   3.7e-32  109.8   2.7   1   3   7.8e-08   1.1e-05   22.6   0.0    22    84   215   278   193   285 0.85 length=780	scaffold=gi564274649	strand=-
4776_g               -            779 68760                -            392   3.7e-32  109.8   2.7   2   3   1.9e-13   2.7e-11   41.1   0.1    89   206   314   443   304   471 0.80 length=780	scaffold=gi564274649	strand=-
4776_g               -            779 68760                -            392   3.7e-32  109.8   2.7   3   3   2.6e-14   3.6e-12   44.0   0.1   282   370   583   672   533   687 0.90 length=780	scaffold=gi564274649	strand=-
2567_g               -            989 68760                -            392   1.5e-28   97.9   6.7   1   4   1.2e-07   1.7e-05   22.0   0.1    10    88     6    86     1    92 0.86 length=990	scaffold=gi564277886	strand=+
2567_g               -            989 68760                -            392   1.5e-28   97.9   6.7   2   4      0.26        37    1.2   0.0    91   109   251   269   239   278 0.85 length=990	scaffold=gi564277886	strand=+
2567_g               -            989 68760                -            392   1.5e-28   97.9   6.7   3   4   2.4e-08   3.3e-06   24.3   0.0   129   228   315   421   305   446 0.78 length=990	scaffold=gi564277886	strand=+
2567_g               -            989 68760                -            392   1.5e-28   97.9   6.7   4   4     8e-16   1.1e-13   48.9   2.2   249   374   530   657   512   679 0.73 length=990	scaffold=gi564277886	strand=+
4091_g               -            855 68760                -            392   1.7e-23   81.3   1.4   1   2     0.018       2.6    5.0   0.0    65   115   214   266   163   292 0.83 length=856	scaffold=gi564275836	strand=-
4091_g               -            855 68760                -            392   1.7e-23   81.3   1.4   2   2   1.3e-23   1.9e-21   74.6   0.5   257   381   552   675   502   685 0.85 length=856	scaffold=gi564275836	strand=-
2775_g               -            561 68760                -            392   1.6e-20   71.5   3.4   1   2   3.5e-07   4.9e-05   20.5   0.0    66   193   162   293   143   305 0.81 length=562	scaffold=gi564277886	strand=+
2775_g               -            561 68760                -            392   1.6e-20   71.5   3.4   2   2   5.9e-16   8.3e-14   49.4   2.8   237   371   352   497   346   518 0.81 length=562	scaffold=gi564277886	strand=+
4462_g               -            487 68760                -            392     2e-20   71.2  12.5   1   1   2.5e-22   3.6e-20   70.3  12.5    21   382    85   464    69   469 0.78 length=488	scaffold=gi564275248	strand=-
2348_g               -           1017 68760                -            392   2.4e-17   61.0   4.8   1   3      0.94   1.3e+02   -0.7   0.1   235   298   319   381   299   394 0.81 length=1018	scaffold=gi564278570	strand=+
2348_g               -           1017 68760                -            392   2.4e-17   61.0   4.8   2   3       0.1        14    2.5   0.0   138   194   444   504   434   518 0.68 length=1018	scaffold=gi564278570	strand=+
2348_g               -           1017 68760                -            392   2.4e-17   61.0   4.8   3   3   3.3e-18   4.7e-16   56.8   1.2   259   348   730   818   725   857 0.90 length=1018	scaffold=gi564278570	strand=+
4020_g               -           1121 68760                -            392   6.6e-17   59.6   4.5   1   2     0.023       3.2    4.6   0.1    10    92    98   180    91   193 0.88 length=1122	scaffold=gi564275940	strand=-
4020_g               -           1121 68760                -            392   6.6e-17   59.6   4.5   2   2   1.4e-17     2e-15   54.7   1.7   222   353   716   844   664   865 0.87 length=1122	scaffold=gi564275940	strand=-
2196_g               -            659 68760                -            392   2.2e-16   57.8   0.3   1   2   1.6e-18   2.2e-16   57.8   0.3   246   374   307   437   293   453 0.88 length=660	scaffold=gi564278570	strand=-
2196_g               -            659 68760                -            392   2.2e-16   57.8   0.3   2   2       5.7     8e+02   -3.3   0.1     7    52   560   601   555   612 0.70 length=660	scaffold=gi564278570	strand=-
1923_g               -           3253 68760                -            392   1.3e-13   48.8  15.8   1   2     6e-06   0.00084   16.4   0.4   139   267  2320  2439  2305  2459 0.75 length=3254	scaffold=gi564279133	strand=+
1923_g               -           3253 68760                -            392   1.3e-13   48.8  15.8   2   2     8e-14   1.1e-11   42.4   0.6   263   379  2472  2605  2458  2614 0.66 length=3254	scaffold=gi564279133	strand=+
2656_g               -           1335 68760                -            392     2e-11   41.5   1.0   1   2       1.5   2.1e+02   -1.3   0.0    14    81    20    86     9   261 0.68 length=1336	scaffold=gi564277886	strand=+
2656_g               -           1335 68760                -            392     2e-11   41.5   1.0   2   2   3.1e-13   4.4e-11   40.4   0.2   260   374   282   396   262   417 0.90 length=1336	scaffold=gi564277886	strand=+
#
# Program:         hmmsearch
# Version:         3.4 (Aug 2023)
# Pipeline mode:   SEARCH
# Query file:      /home/inf-20-2025/Malaria/busco_downloads/lineages/apicomplexa_odb12/hmms/68760at5794.hmm
# Target file:     /home/inf-20-2025/Malaria/Results/6_nobird_annotation/P_yoelii.faa
# Option settings: hmmsearch --domtblout Results/8_busco/P_yoelii/run_apicomplexa_odb12/hmmer_output/initial_run_results/68760at5794.out --cpu 1 /home/inf-20-2025/Malaria/busco_downloads/lineages/apicomplexa_odb12/hmms/68760at5794.hmm /home/inf-20-2025/Malaria/Results/6_nobird_annotation/P_yoelii.faa 
# Current dir:     /home/inf-20-2025/Malaria
# Date:            Wed Mar  4 18:32:37 2026
# [ok]
