#                                                                            --- full sequence --- -------------- this domain -------------   hmm coord   ali coord   env coord
# target name        accession   tlen query name           accession   qlen   E-value  score  bias   #  of  c-Evalue  i-Evalue  score  bias  from    to  from    to  from    to  acc description of target
#------------------- ---------- ----- -------------------- ---------- ----- --------- ------ ----- --- --- --------- --------- ------ ----- ----- ----- ----- ----- ----- ----- ---- ---------------------
714_g                -            260 68814                -            252  6.6e-129  426.7   4.6   1   1  1.8e-131  9.6e-129  426.2   4.6     1   252     1   260     1   260 0.96 length=261	scaffold=gi564280748	strand=-
1644_g               -            246 68814                -            252     1e-41  141.1   0.4   1   1   2.6e-44   1.4e-41  140.6   0.4     8   246     4   237     1   243 0.88 length=247	scaffold=gi564279471	strand=-
101_g                -            235 68814                -            252   1.2e-41  140.8   0.1   1   1   2.5e-44   1.3e-41  140.7   0.1     7   248     4   234     1   235 0.94 length=236	scaffold=gi564281844	strand=-
1645_g               -            241 68814                -            252   6.6e-33  112.2   0.5   1   1   1.5e-35   8.4e-33  111.9   0.5     8   248     2   229     1   233 0.88 length=242	scaffold=gi564279471	strand=+
1905_g               -            256 68814                -            252   1.1e-30  104.9   0.0   1   1   2.6e-33   1.4e-30  104.6   0.0     4   244     3   240     1   245 0.87 length=257	scaffold=gi564279133	strand=-
4850_g               -            253 68814                -            252   2.7e-30  103.7   0.9   1   1   7.6e-33   4.1e-30  103.1   0.9     7   247     4   234     2   239 0.88 length=254	scaffold=gi564274649	strand=+
2304_g               -            250 68814                -            252   1.3e-29  101.4   0.8   1   1   2.7e-32   1.5e-29  101.2   0.8     7   187     6   181     2   247 0.83 length=251	scaffold=gi564278570	strand=-
3605_g               -            270 68814                -            252      0.03   11.8   0.3   1   1   7.2e-05     0.039   11.4   0.3    64   175    82   188    57   222 0.79 length=271	scaffold=gi564276574	strand=-
2884_g               -            111 68814                -            252     0.032   11.7   0.0   1   1   7.7e-05     0.042   11.3   0.0   165   212     5    52     2    63 0.89 length=112	scaffold=gi564277600	strand=+
#
# Program:         hmmsearch
# Version:         3.4 (Aug 2023)
# Pipeline mode:   SEARCH
# Query file:      /home/inf-20-2025/Malaria/busco_downloads/lineages/apicomplexa_odb12/hmms/68814at5794.hmm
# Target file:     /home/inf-20-2025/Malaria/Results/6_nobird_annotation/P_yoelii.faa
# Option settings: hmmsearch --domtblout Results/8_busco/P_yoelii/run_apicomplexa_odb12/hmmer_output/initial_run_results/68814at5794.out --cpu 1 /home/inf-20-2025/Malaria/busco_downloads/lineages/apicomplexa_odb12/hmms/68814at5794.hmm /home/inf-20-2025/Malaria/Results/6_nobird_annotation/P_yoelii.faa 
# Current dir:     /home/inf-20-2025/Malaria
# Date:            Wed Mar  4 18:32:37 2026
# [ok]
