#                                                                            --- full sequence --- -------------- this domain -------------   hmm coord   ali coord   env coord
# target name        accession   tlen query name           accession   qlen   E-value  score  bias   #  of  c-Evalue  i-Evalue  score  bias  from    to  from    to  from    to  acc description of target
#------------------- ---------- ----- -------------------- ---------- ----- --------- ------ ----- --- --- --------- --------- ------ ----- ----- ----- ----- ----- ----- ----- ---- ---------------------
4214_g               -            543 68923                -            541  6.6e-250  828.3  16.7   1   1  1.4e-252  7.6e-250  828.1  16.7     1   540     1   540     1   541 0.99 length=544	scaffold=gi564275558	strand=+
1366_g               -            637 68923                -            541     3e-96  321.2  14.6   1   1   7.5e-99   4.1e-96  320.7  14.6    25   522   118   620    96   626 0.93 length=638	scaffold=gi564279795	strand=+
3791_g               -            543 68923                -            541   4.2e-95  317.4   6.7   1   1     1e-97   5.6e-95  317.0   6.7    23   523    13   532     6   541 0.92 length=544	scaffold=gi564275940	strand=+
668_g                -            535 68923                -            541   1.5e-90  302.4  12.6   1   1   3.5e-93   1.9e-90  302.0  12.6    19   522    23   529    10   532 0.92 length=536	scaffold=gi564280748	strand=-
2872_g               -            539 68923                -            541   3.4e-90  301.2   6.6   1   1   8.3e-93   4.5e-90  300.8   6.6    11   522    11   524     8   538 0.93 length=540	scaffold=gi564277600	strand=-
1681_g               -            529 68923                -            541   4.4e-90  300.8  20.5   1   1   9.7e-93   5.3e-90  300.6  20.5    22   524    19   528    11   529 0.93 length=530	scaffold=gi564279471	strand=+
2859_g               -            533 68923                -            541   9.5e-79  263.4   9.7   1   1   2.3e-81   1.2e-78  263.1   9.7    33   526    30   527     4   530 0.91 length=534	scaffold=gi564277600	strand=-
102_g                -            851 68923                -            541   2.1e-60  202.9   6.9   1   1   5.1e-63   2.8e-60  202.5   6.9    22   530   323   850   313   851 0.88 length=852	scaffold=gi564281844	strand=+
629_g                -            579 68923                -            541   2.5e-15   54.1   5.6   1   2   3.9e-13   2.1e-10   37.8   0.3    32   143    47   162    34   207 0.85 length=580	scaffold=gi564280748	strand=-
629_g                -            579 68923                -            541   2.5e-15   54.1   5.6   2   2   2.7e-07   0.00015   18.6   0.8   375   510   412   539   385   563 0.83 length=580	scaffold=gi564280748	strand=-
#
# Program:         hmmsearch
# Version:         3.4 (Aug 2023)
# Pipeline mode:   SEARCH
# Query file:      /home/inf-20-2025/Malaria/busco_downloads/lineages/apicomplexa_odb12/hmms/68923at5794.hmm
# Target file:     /home/inf-20-2025/Malaria/Results/6_nobird_annotation/P_yoelii.faa
# Option settings: hmmsearch --domtblout Results/8_busco/P_yoelii/run_apicomplexa_odb12/hmmer_output/initial_run_results/68923at5794.out --cpu 1 /home/inf-20-2025/Malaria/busco_downloads/lineages/apicomplexa_odb12/hmms/68923at5794.hmm /home/inf-20-2025/Malaria/Results/6_nobird_annotation/P_yoelii.faa 
# Current dir:     /home/inf-20-2025/Malaria
# Date:            Wed Mar  4 18:32:37 2026
# [ok]
