#                                                                            --- full sequence --- -------------- this domain -------------   hmm coord   ali coord   env coord
# target name        accession   tlen query name           accession   qlen   E-value  score  bias   #  of  c-Evalue  i-Evalue  score  bias  from    to  from    to  from    to  acc description of target
#------------------- ---------- ----- -------------------- ---------- ----- --------- ------ ----- --- --- --------- --------- ------ ----- ----- ----- ----- ----- ----- ----- ---- ---------------------
1112_g               -            667 68947                -            601  8.6e-266  881.7  11.9   1   1  5.2e-268  1.1e-265  881.3  11.9     1   599     1   608     1   612 0.96 length=668	scaffold=gi564279795	strand=-
3019_g               -           2088 68947                -            601     2e-33  114.3  14.0   1   4      0.37        80   -0.0   0.0   447   483   294   330   280   371 0.74 length=2089	scaffold=gi564277281	strand=-
3019_g               -           2088 68947                -            601     2e-33  114.3  14.0   2   4   1.6e-08   3.3e-06   24.4   4.2   247   448   762   960   748   970 0.89 length=2089	scaffold=gi564277281	strand=-
3019_g               -           2088 68947                -            601     2e-33  114.3  14.0   3   4      0.17        36    1.1   0.2   406   444  1332  1370  1317  1383 0.88 length=2089	scaffold=gi564277281	strand=-
3019_g               -           2088 68947                -            601     2e-33  114.3  14.0   4   4   3.8e-33   8.2e-31  105.6   2.3   302   556  1833  2085  1803  2088 0.86 length=2089	scaffold=gi564277281	strand=-
2524_g               -            381 68947                -            601   4.8e-21   73.4   1.5   1   1   3.7e-23   7.9e-21   72.6   1.5   108   198    40   128    30   190 0.76 length=382	scaffold=gi564277886	strand=+
2191_g               -            386 68947                -            601   8.6e-20   69.2   2.4   1   1   8.7e-22   1.9e-19   68.1   2.4    98   191    25   119    16   176 0.84 length=387	scaffold=gi564278570	strand=-
357_g                -            295 68947                -            601   1.4e-19   68.5   1.7   1   1   1.4e-21   3.1e-19   67.4   1.7   117   186    40   110    32   115 0.90 length=296	scaffold=gi564281162	strand=+
3351_g               -            245 68947                -            601     9e-19   65.9   0.2   1   1   5.8e-21   1.2e-18   65.4   0.2   123   193     5    76     2    80 0.92 length=246	scaffold=gi564276791	strand=+
3249_g               -            648 68947                -            601   6.4e-18   63.0   5.4   1   2   1.5e-19   3.1e-17   60.8   2.9    81   186    48   156    30   158 0.81 length=649	scaffold=gi564277146	strand=-
3249_g               -            648 68947                -            601   6.4e-18   63.0   5.4   2   2     0.081        17    2.2   0.0   271   349   528   606   513   618 0.79 length=649	scaffold=gi564277146	strand=-
724_g                -            880 68947                -            601   7.4e-18   62.8   0.3   1   1   6.3e-20   1.3e-17   62.0   0.3   123   191   410   478   401   487 0.91 length=881	scaffold=gi564280748	strand=+
1618_g               -            379 68947                -            601   2.7e-16   57.7   1.5   1   1   1.9e-18     4e-16   57.1   1.5   118   189    41   111     7   117 0.90 length=380	scaffold=gi564279471	strand=-
2735_g               -            622 68947                -            601   3.2e-16   57.4   1.7   1   1   2.4e-18   5.2e-16   56.7   1.7   115   194    62   140    51   145 0.90 length=623	scaffold=gi564277886	strand=-
4206_g               -            344 68947                -            601   3.4e-16   57.3   0.3   1   1   2.2e-18   4.7e-16   56.9   0.3   123   191     3    74     1    84 0.88 length=345	scaffold=gi564275558	strand=+
1874_g               -            398 68947                -            601   4.3e-14   50.4   0.5   1   1   3.2e-16   6.8e-14   49.7   0.5   116   189    70   146    63   154 0.88 length=399	scaffold=gi564279133	strand=+
4001_g               -            553 68947                -            601   5.3e-14   50.1   0.4   1   2   2.5e-16   5.3e-14   50.1   0.4   123   190    33    97     7   107 0.88 length=554	scaffold=gi564275940	strand=+
4001_g               -            553 68947                -            601   5.3e-14   50.1   0.4   2   2       3.2   6.9e+02   -3.1   0.3   256   315   293   352   270   366 0.66 length=554	scaffold=gi564275940	strand=+
3359_g               -            424 68947                -            601   6.5e-14   49.8   0.2   1   1   5.7e-16   1.2e-13   48.9   0.2   117   190    20    89    15    95 0.92 length=425	scaffold=gi564276791	strand=-
443_g                -            298 68947                -            601   2.7e-13   47.8   7.5   1   3   4.3e-12   9.3e-10   36.1   0.2   118   156     2    40     1    47 0.92 length=299	scaffold=gi564281162	strand=-
443_g                -            298 68947                -            601   2.7e-13   47.8   7.5   2   3   2.5e-05    0.0054   13.7   0.0   164   189    74    99    59   108 0.89 length=299	scaffold=gi564281162	strand=-
443_g                -            298 68947                -            601   2.7e-13   47.8   7.5   3   3      0.32        68    0.2   0.8   280   309   264   293   233   297 0.78 length=299	scaffold=gi564281162	strand=-
857_g                -            533 68947                -            601   2.3e-12   44.7   2.6   1   2   1.1e-14   2.3e-12   44.7   2.6   117   189   188   259   182   267 0.90 length=534	scaffold=gi564280748	strand=+
857_g                -            533 68947                -            601   2.3e-12   44.7   2.6   2   2       2.5   5.4e+02   -2.8   0.1   339   360   442   463   415   509 0.61 length=534	scaffold=gi564280748	strand=+
3751_g               -            369 68947                -            601   7.9e-12   42.9   2.9   1   2   3.7e-14   7.9e-12   42.9   2.9   119   186    96   162    89   164 0.91 length=370	scaffold=gi564275940	strand=+
3751_g               -            369 68947                -            601   7.9e-12   42.9   2.9   2   2      0.96   2.1e+02   -1.4   0.1    84   359   228   257   207   286 0.51 length=370	scaffold=gi564275940	strand=+
3546_g               -            542 68947                -            601   9.9e-12   42.6   0.6   1   2   4.6e-14   9.9e-12   42.6   0.6   125   185    14    79     3    84 0.83 length=543	scaffold=gi564276574	strand=-
3546_g               -            542 68947                -            601   9.9e-12   42.6   0.6   2   2      0.62   1.3e+02   -0.7   0.3   389   430   351   392   337   398 0.73 length=543	scaffold=gi564276574	strand=-
1670_g               -            179 68947                -            601   3.1e-09   34.4   1.5   1   2   1.4e-11   3.1e-09   34.4   1.5   125   180     3    57     1    66 0.88 length=180	scaffold=gi564279471	strand=+
1670_g               -            179 68947                -            601   3.1e-09   34.4   1.5   2   2       2.8     6e+02   -2.9   1.1   491   511    98   118    72   126 0.57 length=180	scaffold=gi564279471	strand=+
1011_g               -            336 68947                -            601   6.6e-09   33.3   0.4   1   2   3.1e-11   6.6e-09   33.3   0.4   120   186   111   176   103   188 0.90 length=337	scaffold=gi564279795	strand=-
1011_g               -            336 68947                -            601   6.6e-09   33.3   0.4   2   2      0.27        57    0.5   0.5   500   533   193   226   188   258 0.84 length=337	scaffold=gi564279795	strand=-
4474_g               -            150 68947                -            601   4.9e-08   30.4   2.6   1   1   3.8e-10   8.2e-08   29.7   2.2   119   156     3    40     1    95 0.94 length=151	scaffold=gi564275248	strand=-
1775_g               -            216 68947                -            601   0.00088   16.4   0.5   1   1   5.8e-06    0.0012   15.9   0.5   248   366    28   151    20   158 0.80 length=217	scaffold=gi564279471	strand=+
3466_g               -            114 68947                -            601    0.0013   15.8   0.0   1   1   7.3e-06    0.0016   15.5   0.0   118   155    58    95    44   106 0.87 length=115	scaffold=gi564276791	strand=+
#
# Program:         hmmsearch
# Version:         3.4 (Aug 2023)
# Pipeline mode:   SEARCH
# Query file:      /home/inf-20-2025/Malaria/busco_downloads/lineages/apicomplexa_odb12/hmms/68947at5794.hmm
# Target file:     /home/inf-20-2025/Malaria/Results/6_nobird_annotation/P_yoelii.faa
# Option settings: hmmsearch --domtblout Results/8_busco/P_yoelii/run_apicomplexa_odb12/hmmer_output/initial_run_results/68947at5794.out --cpu 1 /home/inf-20-2025/Malaria/busco_downloads/lineages/apicomplexa_odb12/hmms/68947at5794.hmm /home/inf-20-2025/Malaria/Results/6_nobird_annotation/P_yoelii.faa 
# Current dir:     /home/inf-20-2025/Malaria
# Date:            Wed Mar  4 18:32:38 2026
# [ok]
