#                                                                            --- full sequence --- -------------- this domain -------------   hmm coord   ali coord   env coord
# target name        accession   tlen query name           accession   qlen   E-value  score  bias   #  of  c-Evalue  i-Evalue  score  bias  from    to  from    to  from    to  acc description of target
#------------------- ---------- ----- -------------------- ---------- ----- --------- ------ ----- --- --- --------- --------- ------ ----- ----- ----- ----- ----- ----- ----- ---- ---------------------
1719_g               -            475 69034                -            454  1.5e-258  855.9   8.3   1   1  3.8e-261  1.8e-258  855.6   8.3     2   452     2   459     1   461 0.98 length=476	scaffold=gi564279471	strand=-
4026_g               -            475 69034                -            454  4.2e-118  393.0   9.7   1   1  1.4e-120    7e-118  392.2   9.7     6   441    10   474     5   475 0.88 length=476	scaffold=gi564275940	strand=+
1206_g               -            509 69034                -            454  1.2e-116  388.1  13.2   1   2   9.5e-05     0.047   10.4   0.1     9    28     7    26     1    34 0.83 length=510	scaffold=gi564279795	strand=+
1206_g               -            509 69034                -            454  1.2e-116  388.1  13.2   2   2  1.2e-116  5.9e-114  379.3   9.7    24   435    88   505    66   508 0.93 length=510	scaffold=gi564279795	strand=+
4321_g               -            815 69034                -            454   5.5e-07   26.7   0.0   1   2     7e-06    0.0035   14.2   0.0    62   114   239   291   231   332 0.77 length=816	scaffold=gi564275248	strand=+
4321_g               -            815 69034                -            454   5.5e-07   26.7   0.0   2   2   0.00015     0.072    9.8   0.0    57   109   507   558   503   568 0.81 length=816	scaffold=gi564275248	strand=+
700_g                -           1162 69034                -            454   4.3e-06   23.7   0.3   1   3   1.3e-05    0.0062   13.3   0.0    58   115   549   606   544   637 0.77 length=1163	scaffold=gi564280748	strand=-
700_g                -           1162 69034                -            454   4.3e-06   23.7   0.3   2   3       1.1   5.6e+02   -3.0   0.1   129   237   760   868   734   872 0.63 length=1163	scaffold=gi564280748	strand=-
700_g                -           1162 69034                -            454   4.3e-06   23.7   0.3   3   3    0.0011      0.52    7.0   0.0    63   109   901   946   897   958 0.79 length=1163	scaffold=gi564280748	strand=-
2749_g               -            625 69034                -            454     7e-05   19.8   0.3   1   2      0.07        35    1.0   0.3   402   443   196   237   157   248 0.84 length=626	scaffold=gi564277886	strand=+
2749_g               -            625 69034                -            454     7e-05   19.8   0.3   2   2   1.6e-06   0.00078   16.3   0.0    60   119   380   438   335   478 0.73 length=626	scaffold=gi564277886	strand=+
520_g                -            703 69034                -            454   0.00088   16.1   2.5   1   3   1.9e-06   0.00093   16.1   0.1    58    99   280   320   272   342 0.82 length=704	scaffold=gi564281162	strand=+
520_g                -            703 69034                -            454   0.00088   16.1   2.5   2   3       1.8   9.1e+02   -3.7   0.0   393   421   458   486   407   494 0.68 length=704	scaffold=gi564281162	strand=+
520_g                -            703 69034                -            454   0.00088   16.1   2.5   3   3      0.37   1.8e+02   -1.4   0.1   220   277   586   640   574   666 0.66 length=704	scaffold=gi564281162	strand=+
1472_g               -            336 69034                -            454   0.00092   16.1   1.2   1   2   9.5e-05     0.047   10.4   0.1    51    87    36    76    32    96 0.74 length=337	scaffold=gi564279795	strand=+
1472_g               -            336 69034                -            454   0.00092   16.1   1.2   2   2    0.0066       3.2    4.4   0.2   340   397   161   217   128   238 0.87 length=337	scaffold=gi564279795	strand=+
1534_g               -            422 69034                -            454    0.0033   14.3   0.0   1   1   1.1e-05    0.0055   13.5   0.0    63   100   201   237   174   292 0.88 length=423	scaffold=gi564279795	strand=-
541_g                -            344 69034                -            454    0.0085   12.9   0.1   1   2   7.7e-05     0.038   10.7   0.0    49    89    35    74    22    95 0.80 length=345	scaffold=gi564281162	strand=-
541_g                -            344 69034                -            454    0.0085   12.9   0.1   2   2      0.21     1e+02   -0.6   0.0   350   401   171   221   161   237 0.72 length=345	scaffold=gi564281162	strand=-
#
# Program:         hmmsearch
# Version:         3.4 (Aug 2023)
# Pipeline mode:   SEARCH
# Query file:      /home/inf-20-2025/Malaria/busco_downloads/lineages/apicomplexa_odb12/hmms/69034at5794.hmm
# Target file:     /home/inf-20-2025/Malaria/Results/6_nobird_annotation/P_yoelii.faa
# Option settings: hmmsearch --domtblout Results/8_busco/P_yoelii/run_apicomplexa_odb12/hmmer_output/initial_run_results/69034at5794.out --cpu 1 /home/inf-20-2025/Malaria/busco_downloads/lineages/apicomplexa_odb12/hmms/69034at5794.hmm /home/inf-20-2025/Malaria/Results/6_nobird_annotation/P_yoelii.faa 
# Current dir:     /home/inf-20-2025/Malaria
# Date:            Wed Mar  4 18:32:42 2026
# [ok]
