#                                                                            --- full sequence --- -------------- this domain -------------   hmm coord   ali coord   env coord
# target name        accession   tlen query name           accession   qlen   E-value  score  bias   #  of  c-Evalue  i-Evalue  score  bias  from    to  from    to  from    to  acc description of target
#------------------- ---------- ----- -------------------- ---------- ----- --------- ------ ----- --- --- --------- --------- ------ ----- ----- ----- ----- ----- ----- ----- ---- ---------------------
3438_g               -            832 69033                -            488    4e-179  594.3  24.7   1   4   4.4e-71   5.8e-69  230.9   1.4    14   170   168   330   157   338 0.91 length=833	scaffold=gi564276791	strand=+
3438_g               -            832 69033                -            488    4e-179  594.3  24.7   2   4   6.3e-11   8.3e-09   32.5   0.1   170   207   379   416   370   433 0.89 length=833	scaffold=gi564276791	strand=+
3438_g               -            832 69033                -            488    4e-179  594.3  24.7   3   4   1.6e-24   2.2e-22   77.3   4.2   200   284   433   517   425   537 0.90 length=833	scaffold=gi564276791	strand=+
3438_g               -            832 69033                -            488    4e-179  594.3  24.7   4   4   7.8e-82     1e-79  266.4   0.6   281   486   592   805   578   807 0.92 length=833	scaffold=gi564276791	strand=+
1636_g               -            649 69033                -            488  2.2e-103  344.5   3.7   1   2     4e-66   5.3e-64  214.6   0.8    13   268   219   466   208   467 0.92 length=650	scaffold=gi564279471	strand=-
1636_g               -            649 69033                -            488  2.2e-103  344.5   3.7   2   2   3.5e-41   4.6e-39  132.3   0.1   292   476   463   635   460   647 0.90 length=650	scaffold=gi564279471	strand=-
4770_g               -            517 69033                -            488   1.5e-77  259.3   0.0   1   2   5.1e-52   6.7e-50  168.1   0.0    24   261   137   369   118   372 0.95 length=518	scaffold=gi564274649	strand=-
4770_g               -            517 69033                -            488   1.5e-77  259.3   0.0   2   2   2.8e-28   3.7e-26   89.8   0.0   290   380   371   462   366   473 0.86 length=518	scaffold=gi564274649	strand=-
2565_g               -            894 69033                -            488   1.1e-73  246.5   6.4   1   2   1.2e-48   1.6e-46  157.0   0.4    13   265   149   397   135   399 0.88 length=895	scaffold=gi564277886	strand=-
2565_g               -            894 69033                -            488   1.1e-73  246.5   6.4   2   2   5.8e-29   7.7e-27   92.0   1.1   293   482   401   579   396   585 0.74 length=895	scaffold=gi564277886	strand=-
4417_g               -           1389 69033                -            488   2.6e-66  222.2   9.4   1   2   8.5e-48   1.1e-45  154.1   0.1    12   250   647   881   639   895 0.89 length=1390	scaffold=gi564275248	strand=-
4417_g               -           1389 69033                -            488   2.6e-66  222.2   9.4   2   2   1.6e-23   2.1e-21   74.1   0.1   293   377   897   982   889  1026 0.87 length=1390	scaffold=gi564275248	strand=-
1558_g               -            654 69033                -            488   6.4e-66  220.9  15.2   1   3   1.2e-45   1.6e-43  147.0   1.5    18   265    76   344    61   349 0.82 length=655	scaffold=gi564279795	strand=+
1558_g               -            654 69033                -            488   6.4e-66  220.9  15.2   2   3   1.6e-25   2.1e-23   80.7   0.5   297   397   349   457   342   496 0.78 length=655	scaffold=gi564279795	strand=+
1558_g               -            654 69033                -            488   6.4e-66  220.9  15.2   3   3       2.9   3.8e+02   -2.6   1.3   272   307   612   647   595   651 0.74 length=655	scaffold=gi564279795	strand=+
4254_g               -            508 69033                -            488   7.3e-65  217.4   7.8   1   2   2.5e-44   3.4e-42  142.7   2.1    20   256   129   353   120   362 0.88 length=509	scaffold=gi564275558	strand=-
4254_g               -            508 69033                -            488   7.3e-65  217.4   7.8   2   2   7.9e-25   1.1e-22   78.4   0.4   296   401   366   475   351   507 0.77 length=509	scaffold=gi564275558	strand=-
4460_g               -            709 69033                -            488   1.1e-64  216.9   2.5   1   3   1.4e-08   1.8e-06   24.8   0.0    19    58   138   177   124   180 0.86 length=710	scaffold=gi564275248	strand=-
4460_g               -            709 69033                -            488   1.1e-64  216.9   2.5   2   3   1.9e-35   2.6e-33  113.4   0.1    63   249   208   390   188   400 0.89 length=710	scaffold=gi564275248	strand=-
4460_g               -            709 69033                -            488   1.1e-64  216.9   2.5   3   3   1.7e-24   2.3e-22   77.3   0.1   289   428   403   552   389   578 0.74 length=710	scaffold=gi564275248	strand=-
1343_g               -            715 69033                -            488   9.9e-63  210.4   1.3   1   3     1e-06   0.00014   18.6   0.0    23    58   322   357   302   363 0.83 length=716	scaffold=gi564279795	strand=-
1343_g               -            715 69033                -            488   9.9e-63  210.4   1.3   2   3   1.1e-32   1.4e-30  104.3   0.1    62   253   400   585   389   596 0.87 length=716	scaffold=gi564279795	strand=-
1343_g               -            715 69033                -            488   9.9e-63  210.4   1.3   3   3   5.9e-27   7.8e-25   85.4   0.1   287   371   592   677   581   710 0.87 length=716	scaffold=gi564279795	strand=-
1012_g               -            656 69033                -            488   1.6e-61  206.4   7.8   1   2   2.6e-42   3.5e-40  136.0   3.3    19   263   210   454   193   457 0.89 length=657	scaffold=gi564279795	strand=+
1012_g               -            656 69033                -            488   1.6e-61  206.4   7.8   2   2   4.2e-23   5.6e-21   72.7   0.1   292   419   457   590   454   608 0.80 length=657	scaffold=gi564279795	strand=+
900_g                -            665 69033                -            488   1.2e-60  203.5   0.1   1   2   3.3e-37   4.4e-35  119.2   0.0    16   260   242   486   232   493 0.83 length=666	scaffold=gi564280748	strand=+
900_g                -            665 69033                -            488   1.2e-60  203.5   0.1   2   2   1.9e-26   2.5e-24   83.7   0.0   284   379   483   579   475   602 0.85 length=666	scaffold=gi564280748	strand=+
3017_g               -            390 69033                -            488     3e-57  192.3   2.9   1   2   8.4e-39   1.1e-36  124.5   0.8    21   260    49   275    37   280 0.87 length=391	scaffold=gi564277281	strand=-
3017_g               -            390 69033                -            488     3e-57  192.3   2.9   2   2   5.5e-22   7.3e-20   69.0   0.1   288   379   276   368   263   386 0.88 length=391	scaffold=gi564277281	strand=-
2567_g               -            989 69033                -            488   1.4e-56  190.1  16.8   1   6     2e-10   2.6e-08   30.9   0.0    14    56    41    85    30    94 0.82 length=990	scaffold=gi564277886	strand=+
2567_g               -            989 69033                -            488   1.4e-56  190.1  16.8   2   6   0.00013     0.017   11.7   0.0    65    85   252   272   236   277 0.87 length=990	scaffold=gi564277886	strand=+
2567_g               -            989 69033                -            488   1.4e-56  190.1  16.8   3   6   2.6e-08   3.5e-06   23.9   0.0   108   181   320   392   310   420 0.82 length=990	scaffold=gi564277886	strand=+
2567_g               -            989 69033                -            488   1.4e-56  190.1  16.8   4   6   1.4e-07   1.9e-05   21.5   0.2   203   264   449   510   436   535 0.90 length=990	scaffold=gi564277886	strand=+
2567_g               -            989 69033                -            488   1.4e-56  190.1  16.8   5   6   1.4e-28   1.9e-26   90.7   0.5   291   403   561   678   547   701 0.88 length=990	scaffold=gi564277886	strand=+
2567_g               -            989 69033                -            488   1.4e-56  190.1  16.8   6   6     3e-06   0.00041   17.1   1.0   403   478   745   818   723   827 0.82 length=990	scaffold=gi564277886	strand=+
336_g                -            492 69033                -            488   9.4e-56  187.4   2.2   1   2   3.5e-34   4.6e-32  109.2   0.0    20   264   101   342    86   344 0.84 length=493	scaffold=gi564281162	strand=+
336_g                -            492 69033                -            488   9.4e-56  187.4   2.2   2   2   1.2e-24   1.6e-22   77.8   0.5   296   430   348   486   342   488 0.90 length=493	scaffold=gi564281162	strand=+
4776_g               -            779 69033                -            488   3.3e-55  185.6  10.3   1   2   5.7e-08   7.6e-06   22.8   0.0    12    55   238   281   227   286 0.81 length=780	scaffold=gi564274649	strand=-
4776_g               -            779 69033                -            488   3.3e-55  185.6  10.3   2   2   8.2e-48   1.1e-45  154.2   8.0    56   410   306   705   300   747 0.74 length=780	scaffold=gi564274649	strand=-
3223_g               -           1152 69033                -            488   4.8e-55  185.0   3.9   1   2   3.8e-43   5.1e-41  138.8   2.1    14   264   171   417   159   422 0.90 length=1153	scaffold=gi564277146	strand=+
3223_g               -           1152 69033                -            488   4.8e-55  185.0   3.9   2   2   5.7e-15   7.5e-13   45.9   0.0   293   370   419   499   415   513 0.85 length=1153	scaffold=gi564277146	strand=+
486_g                -            398 69033                -            488   2.6e-54  182.6   2.8   1   2   1.3e-33   1.7e-31  107.3   0.8    21   234    55   257    38   282 0.83 length=399	scaffold=gi564281162	strand=-
486_g                -            398 69033                -            488   2.6e-54  182.6   2.8   2   2   4.9e-24   6.5e-22   75.8   0.1   292   377   286   372   263   393 0.83 length=399	scaffold=gi564281162	strand=-
813_g                -            960 69033                -            488   1.3e-52  177.0   0.0   1   3   1.9e-32   2.6e-30  103.5   0.0    16   170   562   718   550   727 0.87 length=961	scaffold=gi564280748	strand=-
813_g                -            960 69033                -            488   1.3e-52  177.0   0.0   2   3         1   1.4e+02   -1.2   0.0   177   196   746   765   742   812 0.80 length=961	scaffold=gi564280748	strand=-
813_g                -            960 69033                -            488   1.3e-52  177.0   0.0   3   3   4.1e-22   5.4e-20   69.4   0.1   288   406   825   944   782   957 0.82 length=961	scaffold=gi564280748	strand=-
662_g                -            433 69033                -            488   8.4e-52  174.3   4.2   1   2   4.5e-37   5.9e-35  118.8   0.7    16   263    86   319    74   323 0.89 length=434	scaffold=gi564280748	strand=-
662_g                -            433 69033                -            488   8.4e-52  174.3   4.2   2   2   1.9e-18   2.6e-16   57.3   0.2   294   373   323   403   314   413 0.90 length=434	scaffold=gi564280748	strand=-
1199_g               -            908 69033                -            488     1e-50  170.8   3.4   1   2   3.1e-27   4.1e-25   86.3   1.1    23   262   356   626   336   629 0.77 length=909	scaffold=gi564279795	strand=-
1199_g               -            908 69033                -            488     1e-50  170.8   3.4   2   2   3.5e-24   4.6e-22   76.3   0.1   291   380   628   718   619   733 0.88 length=909	scaffold=gi564279795	strand=-
655_g                -            720 69033                -            488     5e-45  152.0   2.1   1   2   2.3e-25     3e-23   80.2   0.2    16   259   277   520   264   528 0.82 length=721	scaffold=gi564280748	strand=-
655_g                -            720 69033                -            488     5e-45  152.0   2.1   2   2   4.3e-23   5.7e-21   72.7   0.2   283   399   521   638   510   660 0.79 length=721	scaffold=gi564280748	strand=-
4176_g               -            466 69033                -            488   3.1e-44  149.4   4.3   1   3   9.2e-06    0.0012   15.5   0.0    14    54    83   124    74   135 0.85 length=467	scaffold=gi564275558	strand=-
4176_g               -            466 69033                -            488   3.1e-44  149.4   4.3   2   3   5.2e-21   6.9e-19   65.8   0.5    64   268   154   354   138   357 0.86 length=467	scaffold=gi564275558	strand=-
4176_g               -            466 69033                -            488   3.1e-44  149.4   4.3   3   3   4.4e-22   5.8e-20   69.3   0.0   297   378   356   438   351   461 0.91 length=467	scaffold=gi564275558	strand=-
575_g                -            708 69033                -            488   5.7e-38  128.7   3.9   1   1   8.7e-39   1.2e-36  124.4   3.9    16   384   318   683   309   706 0.76 length=709	scaffold=gi564281162	strand=-
840_g                -            818 69033                -            488   7.2e-37  125.1   0.3   1   3   3.4e-05    0.0046   13.6   0.0    16    53    28    66    24    75 0.77 length=819	scaffold=gi564280748	strand=+
840_g                -            818 69033                -            488   7.2e-37  125.1   0.3   2   3   3.8e-19   5.1e-17   59.6   0.0    64   216   329   486   315   497 0.82 length=819	scaffold=gi564280748	strand=+
840_g                -            818 69033                -            488   7.2e-37  125.1   0.3   3   3   1.4e-15   1.8e-13   47.9   0.0   290   379   602   692   588   734 0.86 length=819	scaffold=gi564280748	strand=+
3185_g               -            668 69033                -            488   4.7e-36  122.4  11.3   1   2   3.1e-06   0.00041   17.1   0.0    15    56   216   258   203   263 0.80 length=669	scaffold=gi564277281	strand=+
3185_g               -            668 69033                -            488   4.7e-36  122.4  11.3   2   2     7e-32   9.3e-30  101.6   8.4    65   380   293   586   291   606 0.87 length=669	scaffold=gi564277281	strand=+
1473_g               -            863 69033                -            488   1.9e-33  113.8  12.2   1   4   4.1e-24   5.4e-22   76.0   0.1    15   204   128   320   115   334 0.79 length=864	scaffold=gi564279795	strand=-
1473_g               -            863 69033                -            488   1.9e-33  113.8  12.2   2   4       1.5     2e+02   -1.7   0.2   228   253   387   412   374   432 0.74 length=864	scaffold=gi564279795	strand=-
1473_g               -            863 69033                -            488   1.9e-33  113.8  12.2   3   4   5.4e-13   7.2e-11   39.3   0.0   328   392   589   656   586   674 0.85 length=864	scaffold=gi564279795	strand=-
1473_g               -            863 69033                -            488   1.9e-33  113.8  12.2   4   4     0.057       7.5    3.0   1.9   372   448   676   752   672   762 0.90 length=864	scaffold=gi564279795	strand=-
3379_g               -           1206 69033                -            488   3.9e-26   89.7   3.8   1   3   1.2e-15   1.6e-13   48.1   0.0    24   200   281   466   263   473 0.80 length=1207	scaffold=gi564276791	strand=-
3379_g               -           1206 69033                -            488   3.9e-26   89.7   3.8   2   3      0.32        43    0.5   0.4   209   262   710   767   691   771 0.74 length=1207	scaffold=gi564276791	strand=-
3379_g               -           1206 69033                -            488   3.9e-26   89.7   3.8   3   3   3.8e-13     5e-11   39.9   0.2   276   401   890  1021   880  1040 0.83 length=1207	scaffold=gi564276791	strand=-
4091_g               -            855 69033                -            488   6.6e-25   85.6   1.6   1   2   2.4e-08   3.2e-06   24.0   0.1    21    55   202   236   187   360 0.86 length=856	scaffold=gi564275836	strand=-
4091_g               -            855 69033                -            488   6.6e-25   85.6   1.6   2   2   2.7e-19   3.6e-17   60.1   0.1   278   440   563   729   558   781 0.83 length=856	scaffold=gi564275836	strand=-
4462_g               -            487 69033                -            488   8.7e-24   81.9   9.6   1   2   4.3e-13   5.8e-11   39.7   3.6    25   262   125   362   106   365 0.79 length=488	scaffold=gi564275248	strand=-
4462_g               -            487 69033                -            488   8.7e-24   81.9   9.6   2   2   5.4e-15   7.1e-13   45.9   0.4   293   370   366   445   357   477 0.86 length=488	scaffold=gi564275248	strand=-
718_g                -           1126 69033                -            488   2.6e-23   80.4  13.3   1   5     0.018       2.4    4.7   0.1    23    55    58    90    45    97 0.85 length=1127	scaffold=gi564280748	strand=+
718_g                -           1126 69033                -            488   2.6e-23   80.4  13.3   2   5   3.6e-05    0.0048   13.5   0.0    65    87   138   160   136   164 0.90 length=1127	scaffold=gi564280748	strand=+
718_g                -           1126 69033                -            488   2.6e-23   80.4  13.3   3   5   5.7e-05    0.0076   12.9   0.3   139   185   266   310   256   330 0.87 length=1127	scaffold=gi564280748	strand=+
718_g                -           1126 69033                -            488   2.6e-23   80.4  13.3   4   5   8.1e-18   1.1e-15   55.2   0.0   291   383   532   625   516   653 0.88 length=1127	scaffold=gi564280748	strand=+
718_g                -           1126 69033                -            488   2.6e-23   80.4  13.3   5   5       9.9   1.3e+03   -4.4   0.7   383   473  1018  1107  1008  1113 0.59 length=1127	scaffold=gi564280748	strand=+
2775_g               -            561 69033                -            488   7.6e-21   72.2   7.1   1   3   1.2e-08   1.5e-06   25.1   0.0    26    85   154   209   139   215 0.89 length=562	scaffold=gi564277886	strand=+
2775_g               -            561 69033                -            488   7.6e-21   72.2   7.1   2   3    0.0048      0.63    6.5   0.6   135   195   261   334   241   424 0.67 length=562	scaffold=gi564277886	strand=+
2775_g               -            561 69033                -            488   7.6e-21   72.2   7.1   3   3     5e-14   6.7e-12   42.7   0.7   307   395   423   515   403   551 0.73 length=562	scaffold=gi564277886	strand=+
2348_g               -           1017 69033                -            488   1.2e-20   71.6   5.3   1   4    0.0067      0.89    6.1   0.0    26    54   221   249   195   254 0.79 length=1018	scaffold=gi564278570	strand=+
2348_g               -           1017 69033                -            488   1.2e-20   71.6   5.3   2   4   4.4e-05    0.0059   13.2   0.0   102   170   434   505   427   510 0.84 length=1018	scaffold=gi564278570	strand=+
2348_g               -           1017 69033                -            488   1.2e-20   71.6   5.3   3   4    0.0012      0.16    8.5   0.9   174   236   640   702   613   709 0.81 length=1018	scaffold=gi564278570	strand=+
2348_g               -           1017 69033                -            488   1.2e-20   71.6   5.3   4   4   1.1e-13   1.4e-11   41.7   0.7   292   410   754   875   737   905 0.83 length=1018	scaffold=gi564278570	strand=+
1923_g               -           3253 69033                -            488   1.7e-19   67.8   8.2   1   4   2.9e-05    0.0039   13.8   0.0    27    55  2067  2095  2046  2105 0.79 length=3254	scaffold=gi564279133	strand=+
1923_g               -           3253 69033                -            488   1.7e-19   67.8   8.2   2   4       1.3   1.8e+02   -1.5   0.0    59    89  2176  2208  2169  2214 0.81 length=3254	scaffold=gi564279133	strand=+
1923_g               -           3253 69033                -            488   1.7e-19   67.8   8.2   3   4   1.1e-16   1.5e-14   51.5   3.6   114   422  2321  2640  2315  2679 0.70 length=3254	scaffold=gi564279133	strand=+
1923_g               -           3253 69033                -            488   1.7e-19   67.8   8.2   4   4       9.2   1.2e+03   -4.3   0.0   147   183  2710  2746  2697  2749 0.79 length=3254	scaffold=gi564279133	strand=+
4020_g               -           1121 69033                -            488   6.1e-19   66.0   8.6   1   4   3.9e-06   0.00051   16.7   0.0    14    51   133   171   124   177 0.78 length=1122	scaffold=gi564275940	strand=-
4020_g               -           1121 69033                -            488   6.1e-19   66.0   8.6   2   4     0.019       2.5    4.6   0.2   148   231   590   674   571   687 0.69 length=1122	scaffold=gi564275940	strand=-
4020_g               -           1121 69033                -            488   6.1e-19   66.0   8.6   3   4     0.013       1.7    5.1   0.9   167   268   679   777   666   779 0.79 length=1122	scaffold=gi564275940	strand=-
4020_g               -           1121 69033                -            488   6.1e-19   66.0   8.6   4   4   5.6e-15   7.4e-13   45.9   0.2   291   364   773   847   761   857 0.91 length=1122	scaffold=gi564275940	strand=-
2656_g               -           1335 69033                -            488     2e-12   44.5   0.7   1   2   9.9e-05     0.013   12.1   0.0    21    50    58    87    37   231 0.82 length=1336	scaffold=gi564277886	strand=+
2656_g               -           1335 69033                -            488     2e-12   44.5   0.7   2   2   3.1e-10   4.1e-08   30.3   0.3   295   396   308   410   288   435 0.77 length=1336	scaffold=gi564277886	strand=+
1064_g               -           2154 69033                -            488   1.1e-09   35.4  12.2   1   5         2   2.6e+02   -2.1   0.2   401   459   131   191   121   192 0.82 length=2155	scaffold=gi564279795	strand=-
1064_g               -           2154 69033                -            488   1.1e-09   35.4  12.2   2   5       2.6   3.4e+02   -2.5   0.0    26    47  1501  1523  1485  1533 0.75 length=2155	scaffold=gi564279795	strand=-
1064_g               -           2154 69033                -            488   1.1e-09   35.4  12.2   3   5    0.0014      0.18    8.3   0.0    60    84  1602  1626  1591  1635 0.84 length=2155	scaffold=gi564279795	strand=-
1064_g               -           2154 69033                -            488   1.1e-09   35.4  12.2   4   5       3.8     5e+02   -3.0   0.0   137   177  1740  1780  1735  1782 0.87 length=2155	scaffold=gi564279795	strand=-
1064_g               -           2154 69033                -            488   1.1e-09   35.4  12.2   5   5   4.9e-10   6.5e-08   29.6   4.5   197   380  1917  2100  1906  2152 0.73 length=2155	scaffold=gi564279795	strand=-
2196_g               -            659 69033                -            488   4.9e-05   20.1   0.0   1   1   8.2e-07   0.00011   19.0   0.0   297   379   351   434   332   477 0.80 length=660	scaffold=gi564278570	strand=-
#
# Program:         hmmsearch
# Version:         3.4 (Aug 2023)
# Pipeline mode:   SEARCH
# Query file:      /home/inf-20-2025/Malaria/busco_downloads/lineages/apicomplexa_odb12/hmms/69033at5794.hmm
# Target file:     /home/inf-20-2025/Malaria/Results/6_nobird_annotation/P_yoelii.faa
# Option settings: hmmsearch --domtblout Results/8_busco/P_yoelii/run_apicomplexa_odb12/hmmer_output/initial_run_results/69033at5794.out --cpu 1 /home/inf-20-2025/Malaria/busco_downloads/lineages/apicomplexa_odb12/hmms/69033at5794.hmm /home/inf-20-2025/Malaria/Results/6_nobird_annotation/P_yoelii.faa 
# Current dir:     /home/inf-20-2025/Malaria
# Date:            Wed Mar  4 18:32:42 2026
# [ok]
