#                                                                            --- full sequence --- -------------- this domain -------------   hmm coord   ali coord   env coord
# target name        accession   tlen query name           accession   qlen   E-value  score  bias   #  of  c-Evalue  i-Evalue  score  bias  from    to  from    to  from    to  acc description of target
#------------------- ---------- ----- -------------------- ---------- ----- --------- ------ ----- --- --- --------- --------- ------ ----- ----- ----- ----- ----- ----- ----- ---- ---------------------
857_g                -            533 69121                -            470  3.3e-192  637.3  14.7   1   1  5.2e-194  9.7e-192  635.8  14.7    14   466    31   519    18   522 0.89 length=534	scaffold=gi564280748	strand=+
724_g                -            880 69121                -            470   9.6e-77  256.6  13.4   1   2   1.1e-65   2.1e-63  212.6   5.2   107   376   353   638   344   658 0.80 length=881	scaffold=gi564280748	strand=+
724_g                -            880 69121                -            470   9.6e-77  256.6  13.4   2   2   6.6e-16   1.3e-13   48.5   0.2   350   457   723   826   716   837 0.85 length=881	scaffold=gi564280748	strand=+
1618_g               -            379 69121                -            470   1.7e-22   77.8   3.1   1   1   1.5e-24   2.8e-22   77.1   3.1   158   232    44   119    25   123 0.92 length=380	scaffold=gi564279471	strand=-
3351_g               -            245 69121                -            470   3.1e-21   73.6   0.3   1   1   2.2e-23   4.2e-21   73.2   0.3   161   226     6    74     3   108 0.89 length=246	scaffold=gi564276791	strand=+
1874_g               -            398 69121                -            470   1.3e-19   68.3   0.5   1   1   9.4e-22   1.8e-19   67.8   0.5   155   229    72   151    50   197 0.82 length=399	scaffold=gi564279133	strand=+
4206_g               -            344 69121                -            470   5.1e-19   66.3   0.2   1   1   3.4e-21   6.5e-19   66.0   0.2   160   229     3    77     1   106 0.87 length=345	scaffold=gi564275558	strand=+
3359_g               -            424 69121                -            470   2.2e-18   64.2   0.6   1   1   2.1e-20   3.9e-18   63.4   0.6   150   228    16    92    11   105 0.93 length=425	scaffold=gi564276791	strand=-
2524_g               -            381 69121                -            470   7.3e-18   62.5   1.1   1   1   6.7e-20   1.3e-17   61.7   1.1   159   226    53   121    46   136 0.91 length=382	scaffold=gi564277886	strand=+
357_g                -            295 69121                -            470   8.4e-18   62.3   0.2   1   1   8.8e-20   1.7e-17   61.3   0.2   156   224    42   113    20   125 0.86 length=296	scaffold=gi564281162	strand=+
3751_g               -            369 69121                -            470   8.4e-17   59.0   6.3   1   3   4.5e-19   8.4e-17   59.0   6.3   136   222    76   163    46   168 0.77 length=370	scaffold=gi564275940	strand=+
3751_g               -            369 69121                -            470   8.4e-17   59.0   6.3   2   3       2.4   4.6e+02   -2.8   0.2   136   157   215   236   208   247 0.54 length=370	scaffold=gi564275940	strand=+
3751_g               -            369 69121                -            470   8.4e-17   59.0   6.3   3   3       8.5   1.6e+03   -4.6   0.8   174   189   322   337   306   350 0.62 length=370	scaffold=gi564275940	strand=+
2191_g               -            386 69121                -            470   1.4e-16   58.2   0.3   1   2   7.5e-19   1.4e-16   58.2   0.3   160   226    52   119    49   145 0.90 length=387	scaffold=gi564278570	strand=-
2191_g               -            386 69121                -            470   1.4e-16   58.2   0.3   2   2       3.1   5.9e+02   -3.2   1.0   125   139   294   308   247   334 0.58 length=387	scaffold=gi564278570	strand=-
2735_g               -            622 69121                -            470   6.1e-15   52.9   0.2   1   1   3.2e-17   6.1e-15   52.9   0.2   154   226    64   137    56   147 0.91 length=623	scaffold=gi564277886	strand=-
4001_g               -            553 69121                -            470   8.1e-15   52.4   3.5   1   3   4.3e-17   8.1e-15   52.4   3.5   161   227    34    99    30   104 0.91 length=554	scaffold=gi564275940	strand=+
4001_g               -            553 69121                -            470   8.1e-15   52.4   3.5   2   3       1.4   2.6e+02   -2.0   0.4   145   188   188   234   177   236 0.69 length=554	scaffold=gi564275940	strand=+
4001_g               -            553 69121                -            470   8.1e-15   52.4   3.5   3   3       1.8   3.4e+02   -2.4   0.0   121   138   446   463   443   466 0.84 length=554	scaffold=gi564275940	strand=+
3546_g               -            542 69121                -            470   8.1e-14   49.2   2.1   1   2   4.3e-16   8.1e-14   49.2   2.1   161   223    13    82     2    90 0.83 length=543	scaffold=gi564276574	strand=-
3546_g               -            542 69121                -            470   8.1e-14   49.2   2.1   2   2       1.6   3.1e+02   -2.2   0.1   119   151   133   165   125   175 0.43 length=543	scaffold=gi564276574	strand=-
1112_g               -            667 69121                -            470   7.8e-12   42.6   0.0   1   1   4.1e-14   7.8e-12   42.6   0.0   162   225   130   195   117   203 0.89 length=668	scaffold=gi564279795	strand=-
1670_g               -            179 69121                -            470   8.8e-12   42.4   3.6   1   2   4.6e-14   8.8e-12   42.4   3.6   161   223     2    66     1    73 0.88 length=180	scaffold=gi564279471	strand=+
1670_g               -            179 69121                -            470   8.8e-12   42.4   3.6   2   2       2.1   3.9e+02   -2.6   4.0   104   149    76   120    66   138 0.57 length=180	scaffold=gi564279471	strand=+
3249_g               -            648 69121                -            470   5.6e-11   39.8   2.3   1   1   7.1e-13   1.3e-10   38.5   2.3   159   223    92   158    77   168 0.89 length=649	scaffold=gi564277146	strand=-
443_g                -            298 69121                -            470   1.4e-10   38.4  11.9   1   3     1e-08   1.9e-06   24.8   0.3   161   198     8    45     2    52 0.89 length=299	scaffold=gi564281162	strand=-
443_g                -            298 69121                -            470   1.4e-10   38.4  11.9   2   3   9.4e-07   0.00018   18.4   0.2   195   226    70   101    66   119 0.85 length=299	scaffold=gi564281162	strand=-
443_g                -            298 69121                -            470   1.4e-10   38.4  11.9   3   3     0.083        16    2.0   0.7   326   393   155   228   115   237 0.64 length=299	scaffold=gi564281162	strand=-
3521_g               -           1381 69121                -            470   4.5e-10   36.8   6.5   1   2   2.4e-12   4.5e-10   36.8   6.5   127   226   491   590   460   597 0.75 length=1382	scaffold=gi564276574	strand=+
3521_g               -           1381 69121                -            470   4.5e-10   36.8   6.5   2   2       9.5   1.8e+03   -4.7   2.1   104   137   661   694   651   718 0.59 length=1382	scaffold=gi564276574	strand=+
2596_g               -            323 69121                -            470   1.6e-07   28.4   0.6   1   3   8.4e-10   1.6e-07   28.4   0.6   156   223     9    92     4   101 0.77 length=324	scaffold=gi564277886	strand=-
2596_g               -            323 69121                -            470   1.6e-07   28.4   0.6   2   3         3   5.7e+02   -3.1   6.2   127   171   161   205   133   219 0.63 length=324	scaffold=gi564277886	strand=-
2596_g               -            323 69121                -            470   1.6e-07   28.4   0.6   3   3       1.2   2.3e+02   -1.8   0.4   375   400   288   313   260   316 0.59 length=324	scaffold=gi564277886	strand=-
4307_g               -            371 69121                -            470   3.8e-07   27.1   2.6   1   1   3.1e-09   5.9e-07   26.5   2.6   159   223    63   128     9   141 0.80 length=372	scaffold=gi564275248	strand=+
4474_g               -            150 69121                -            470   5.4e-07   26.7   1.7   1   1   4.6e-09   8.8e-07   26.0   1.3   156   200     3    47     1    67 0.89 length=151	scaffold=gi564275248	strand=-
3693_g               -            284 69121                -            470   5.8e-06   23.3   1.3   1   1     3e-08   5.8e-06   23.3   1.3   164   241     3    76     1    82 0.89 length=285	scaffold=gi564275940	strand=-
1965_g               -            256 69121                -            470   3.6e-05   20.6   9.2   1   2   1.9e-07   3.6e-05   20.6   9.2   141   223    46   131    33   138 0.74 length=257	scaffold=gi564279133	strand=-
1965_g               -            256 69121                -            470   3.6e-05   20.6   9.2   2   2      0.98   1.9e+02   -1.5   5.6   114   179   131   196   119   218 0.83 length=257	scaffold=gi564279133	strand=-
3849_g               -            407 69121                -            470   0.00017   18.4   0.7   1   2       1.4   2.7e+02   -2.0   1.5   107   166   125   184   111   191 0.75 length=408	scaffold=gi564275940	strand=-
3849_g               -            407 69121                -            470   0.00017   18.4   0.7   2   2   9.2e-07   0.00017   18.4   0.7   148   197   330   389   308   396 0.60 length=408	scaffold=gi564275940	strand=-
3466_g               -            114 69121                -            470   0.00057   16.7   0.0   1   1   3.2e-06   0.00061   16.6   0.0   149   195    52    98    33   113 0.82 length=115	scaffold=gi564276791	strand=+
#
# Program:         hmmsearch
# Version:         3.4 (Aug 2023)
# Pipeline mode:   SEARCH
# Query file:      /home/inf-20-2025/Malaria/busco_downloads/lineages/apicomplexa_odb12/hmms/69121at5794.hmm
# Target file:     /home/inf-20-2025/Malaria/Results/6_nobird_annotation/P_yoelii.faa
# Option settings: hmmsearch --domtblout Results/8_busco/P_yoelii/run_apicomplexa_odb12/hmmer_output/initial_run_results/69121at5794.out --cpu 1 /home/inf-20-2025/Malaria/busco_downloads/lineages/apicomplexa_odb12/hmms/69121at5794.hmm /home/inf-20-2025/Malaria/Results/6_nobird_annotation/P_yoelii.faa 
# Current dir:     /home/inf-20-2025/Malaria
# Date:            Wed Mar  4 18:32:41 2026
# [ok]
