#                                                                            --- full sequence --- -------------- this domain -------------   hmm coord   ali coord   env coord
# target name        accession   tlen query name           accession   qlen   E-value  score  bias   #  of  c-Evalue  i-Evalue  score  bias  from    to  from    to  from    to  acc description of target
#------------------- ---------- ----- -------------------- ---------- ----- --------- ------ ----- --- --- --------- --------- ------ ----- ----- ----- ----- ----- ----- ----- ---- ---------------------
3216_g               -            482 69135                -            425  8.4e-178  589.7   3.2   1   1  2.8e-180  1.1e-177  589.4   3.2     3   420    25   463    23   466 0.93 length=483	scaffold=gi564277146	strand=+
449_g                -            543 69135                -            425   2.3e-33  113.9  14.5   1   2   1.4e-14   5.3e-12   43.5   0.5     6   131    25   153    21   203 0.85 length=544	scaffold=gi564281162	strand=+
449_g                -            543 69135                -            425   2.3e-33  113.9  14.5   2   2   9.3e-24   3.5e-21   73.7   7.4   155   416   234   515   226   524 0.72 length=544	scaffold=gi564281162	strand=+
3774_g               -            423 69135                -            425     9e-32  108.6   8.8   1   3   1.7e-15   6.4e-13   46.5   0.7    14   108    36   132    25   148 0.85 length=424	scaffold=gi564275940	strand=+
3774_g               -            423 69135                -            425     9e-32  108.6   8.8   2   3   8.8e-21   3.3e-18   63.9   0.4     3   115   159   280   156   327 0.78 length=424	scaffold=gi564275940	strand=+
3774_g               -            423 69135                -            425     9e-32  108.6   8.8   3   3     0.046        18    2.2   0.2    63   112   340   392   274   418 0.75 length=424	scaffold=gi564275940	strand=+
4660_g               -            206 69135                -            425   1.8e-21   74.7   0.2   1   1   6.3e-24   2.4e-21   74.3   0.2     7   107    22   128    19   140 0.83 length=207	scaffold=gi564274931	strand=-
3840_g               -            498 69135                -            425   7.5e-21   72.6   6.6   1   1     3e-23   1.1e-20   72.1   6.6    25   300   141   424   130   451 0.83 length=499	scaffold=gi564275940	strand=-
592_g                -            104 69135                -            425   3.7e-17   60.5   0.2   1   1   1.1e-19     4e-17   60.4   0.2    16    93     9    85     2   100 0.91 length=105	scaffold=gi564281162	strand=+
2188_g               -            464 69135                -            425   1.9e-14   51.6  11.5   1   2   1.5e-10   5.6e-08   30.2   0.6    32   126    17   115     3   150 0.79 length=465	scaffold=gi564278570	strand=-
2188_g               -            464 69135                -            425   1.9e-14   51.6  11.5   2   2   3.9e-09   1.5e-06   25.6   4.5   208   388   243   423   215   431 0.74 length=465	scaffold=gi564278570	strand=-
4001_g               -            553 69135                -            425   4.7e-10   37.1   2.4   1   2     8e-11     3e-08   31.1   0.9     7   130   186   311   181   327 0.86 length=554	scaffold=gi564275940	strand=+
4001_g               -            553 69135                -            425   4.7e-10   37.1   2.4   2   2    0.0061       2.3    5.1   0.0   218   296   445   531   413   540 0.79 length=554	scaffold=gi564275940	strand=+
240_g                -            157 69135                -            425   5.2e-10   36.9   0.0   1   1   1.7e-12   6.4e-10   36.6   0.0    19    90    64   135    53   150 0.91 length=158	scaffold=gi564281162	strand=+
4040_g               -            420 69135                -            425   4.1e-09   34.0   4.6   1   3   0.00016     0.059   10.4   0.3     6    73    27    97    23   107 0.87 length=421	scaffold=gi564275940	strand=-
4040_g               -            420 69135                -            425   4.1e-09   34.0   4.6   2   3   3.2e-06    0.0012   16.0   0.1    44   108   178   244   166   251 0.78 length=421	scaffold=gi564275940	strand=-
4040_g               -            420 69135                -            425   4.1e-09   34.0   4.6   3   3   0.00078       0.3    8.1   0.0   239   308   330   404   308   411 0.77 length=421	scaffold=gi564275940	strand=-
2132_g               -            221 69135                -            425   5.1e-08   30.4   0.0   1   1   2.5e-10   9.5e-08   29.5   0.0    18    90    33   104    18   108 0.87 length=222	scaffold=gi564278570	strand=-
2220_g               -            151 69135                -            425   9.3e-08   29.5   0.3   1   1   2.9e-10   1.1e-07   29.3   0.3     9    86    40   117    31   149 0.85 length=152	scaffold=gi564278570	strand=-
3555_g               -            193 69135                -            425    0.0011   16.1   0.2   1   1   4.6e-06    0.0018   15.4   0.2    12    92    78   157    74   162 0.94 length=194	scaffold=gi564276574	strand=-
#
# Program:         hmmsearch
# Version:         3.4 (Aug 2023)
# Pipeline mode:   SEARCH
# Query file:      /home/inf-20-2025/Malaria/busco_downloads/lineages/apicomplexa_odb12/hmms/69135at5794.hmm
# Target file:     /home/inf-20-2025/Malaria/Results/6_nobird_annotation/P_yoelii.faa
# Option settings: hmmsearch --domtblout Results/8_busco/P_yoelii/run_apicomplexa_odb12/hmmer_output/initial_run_results/69135at5794.out --cpu 1 /home/inf-20-2025/Malaria/busco_downloads/lineages/apicomplexa_odb12/hmms/69135at5794.hmm /home/inf-20-2025/Malaria/Results/6_nobird_annotation/P_yoelii.faa 
# Current dir:     /home/inf-20-2025/Malaria
# Date:            Wed Mar  4 18:32:39 2026
# [ok]
