#                                                                            --- full sequence --- -------------- this domain -------------   hmm coord   ali coord   env coord
# target name        accession   tlen query name           accession   qlen   E-value  score  bias   #  of  c-Evalue  i-Evalue  score  bias  from    to  from    to  from    to  acc description of target
#------------------- ---------- ----- -------------------- ---------- ----- --------- ------ ----- --- --- --------- --------- ------ ----- ----- ----- ----- ----- ----- ----- ---- ---------------------
3993_g               -           1172 69139                -            864         0 1328.5  66.9   1   3   2.3e-68   3.7e-65  218.6   4.0     2   155    13   178    12   189 0.88 length=1173	scaffold=gi564275940	strand=-
3993_g               -           1172 69139                -            864         0 1328.5  66.9   2   3  1.5e-268  2.4e-265  880.9  42.6   152   701   294   862   281   880 0.94 length=1173	scaffold=gi564275940	strand=-
3993_g               -           1172 69139                -            864         0 1328.5  66.9   3   3   4.5e-75   7.4e-72  240.7   4.4   682   861   912  1091   898  1094 0.94 length=1173	scaffold=gi564275940	strand=-
2785_g               -            683 69139                -            864   6.5e-25   85.4  27.7   1   3   6.5e-19   1.1e-15   54.9  10.2   464   710    78   335    64   342 0.83 length=684	scaffold=gi564277886	strand=+
2785_g               -            683 69139                -            864   6.5e-25   85.4  27.7   2   3   4.3e-13     7e-10   35.7   7.9   468   685   297   536   288   537 0.76 length=684	scaffold=gi564277886	strand=+
2785_g               -            683 69139                -            864   6.5e-25   85.4  27.7   3   3   3.6e-07   0.00059   16.1   0.7   562   659   480   578   479   582 0.79 length=684	scaffold=gi564277886	strand=+
2441_g               -            437 69139                -            864   1.3e-11   41.4  11.9   1   3         3   4.9e+03  -10.1  11.3    74   140    37   104    12   154 0.58 length=438	scaffold=gi564277886	strand=+
2441_g               -            437 69139                -            864   1.3e-11   41.4  11.9   2   3   2.4e-13     4e-10   36.5   6.5   521   708   162   353   139   361 0.84 length=438	scaffold=gi564277886	strand=+
2441_g               -            437 69139                -            864   1.3e-11   41.4  11.9   3   3   3.9e-07   0.00064   16.0   0.2   590   676   268   355   268   385 0.85 length=438	scaffold=gi564277886	strand=+
#
# Program:         hmmsearch
# Version:         3.4 (Aug 2023)
# Pipeline mode:   SEARCH
# Query file:      /home/inf-20-2025/Malaria/busco_downloads/lineages/apicomplexa_odb12/hmms/69139at5794.hmm
# Target file:     /home/inf-20-2025/Malaria/Results/6_nobird_annotation/P_yoelii.faa
# Option settings: hmmsearch --domtblout Results/8_busco/P_yoelii/run_apicomplexa_odb12/hmmer_output/initial_run_results/69139at5794.out --cpu 1 /home/inf-20-2025/Malaria/busco_downloads/lineages/apicomplexa_odb12/hmms/69139at5794.hmm /home/inf-20-2025/Malaria/Results/6_nobird_annotation/P_yoelii.faa 
# Current dir:     /home/inf-20-2025/Malaria
# Date:            Wed Mar  4 18:32:40 2026
# [ok]
