#                                                                            --- full sequence --- -------------- this domain -------------   hmm coord   ali coord   env coord
# target name        accession   tlen query name           accession   qlen   E-value  score  bias   #  of  c-Evalue  i-Evalue  score  bias  from    to  from    to  from    to  acc description of target
#------------------- ---------- ----- -------------------- ---------- ----- --------- ------ ----- --- --- --------- --------- ------ ----- ----- ----- ----- ----- ----- ----- ---- ---------------------
3476_g               -            780 9831                 -            379   2.5e-97  324.6  39.4   1   5   5.2e-21   8.5e-18   62.9   0.1     1    90     1   105     1   111 0.82 length=781	scaffold=gi564276791	strand=-
3476_g               -            780 9831                 -            379   2.5e-97  324.6  39.4   2   5   6.5e-09   1.1e-05   23.1   1.1    87   140   136   189   130   204 0.77 length=781	scaffold=gi564276791	strand=-
3476_g               -            780 9831                 -            379   2.5e-97  324.6  39.4   3   5   1.7e-47   2.8e-44  150.1   6.7   112   254   220   363   208   445 0.86 length=781	scaffold=gi564276791	strand=-
3476_g               -            780 9831                 -            379   2.5e-97  324.6  39.4   4   5      0.33   5.4e+02   -2.3   0.2   278   312   464   498   419   507 0.59 length=781	scaffold=gi564276791	strand=-
3476_g               -            780 9831                 -            379   2.5e-97  324.6  39.4   5   5   2.8e-32   4.6e-29  100.0   8.3   252   378   509   664   492   665 0.81 length=781	scaffold=gi564276791	strand=-
221_g                -            363 9831                 -            379   1.3e-06   26.1   6.1   1   5      0.14   2.3e+02   -1.1   0.0   267   307    21    60    16    74 0.59 length=364	scaffold=gi564281162	strand=+
221_g                -            363 9831                 -            379   1.3e-06   26.1   6.1   2   5     0.012        19    2.5   0.0   210   226    82    98    70   107 0.88 length=364	scaffold=gi564281162	strand=+
221_g                -            363 9831                 -            379   1.3e-06   26.1   6.1   3   5   1.9e-06    0.0032   14.9   0.1    15    70    97   152    93   160 0.90 length=364	scaffold=gi564281162	strand=+
221_g                -            363 9831                 -            379   1.3e-06   26.1   6.1   4   5     4e-05     0.066   10.6   0.2    34   121   175   257   166   265 0.77 length=364	scaffold=gi564281162	strand=+
221_g                -            363 9831                 -            379   1.3e-06   26.1   6.1   5   5      0.38   6.3e+02   -2.5   0.0   203   223   272   292   271   296 0.92 length=364	scaffold=gi564281162	strand=+
2164_g               -            798 9831                 -            379   0.00034   18.1  25.0   1   4       1.1   1.7e+03   -4.0   0.8   286   321   163   198   151   215 0.53 length=799	scaffold=gi564278570	strand=-
2164_g               -            798 9831                 -            379   0.00034   18.1  25.0   2   4   5.8e-07   0.00095   16.7   5.5   111   273   412   574   402   593 0.81 length=799	scaffold=gi564278570	strand=-
2164_g               -            798 9831                 -            379   0.00034   18.1  25.0   3   4   4.4e-06    0.0072   13.8   0.6   189   271   596   674   581   693 0.83 length=799	scaffold=gi564278570	strand=-
2164_g               -            798 9831                 -            379   0.00034   18.1  25.0   4   4     0.051        83    0.4   0.2   252   275   745   768   706   778 0.48 length=799	scaffold=gi564278570	strand=-
#
# Program:         hmmsearch
# Version:         3.4 (Aug 2023)
# Pipeline mode:   SEARCH
# Query file:      /home/inf-20-2025/Malaria/busco_downloads/lineages/apicomplexa_odb12/hmms/9831at5794.hmm
# Target file:     /home/inf-20-2025/Malaria/Results/6_nobird_annotation/P_yoelii.faa
# Option settings: hmmsearch --domtblout Results/8_busco/P_yoelii/run_apicomplexa_odb12/hmmer_output/initial_run_results/9831at5794.out --cpu 1 /home/inf-20-2025/Malaria/busco_downloads/lineages/apicomplexa_odb12/hmms/9831at5794.hmm /home/inf-20-2025/Malaria/Results/6_nobird_annotation/P_yoelii.faa 
# Current dir:     /home/inf-20-2025/Malaria
# Date:            Wed Mar  4 18:32:41 2026
# [ok]
