#                                                                            --- full sequence --- -------------- this domain -------------   hmm coord   ali coord   env coord
# target name        accession   tlen query name           accession   qlen   E-value  score  bias   #  of  c-Evalue  i-Evalue  score  bias  from    to  from    to  from    to  acc description of target
#------------------- ---------- ----- -------------------- ---------- ----- --------- ------ ----- --- --- --------- --------- ------ ----- ----- ----- ----- ----- ----- ----- ---- ---------------------
4575_g               -            241 9998                 -            153   2.2e-68  227.3   1.1   1   1   3.5e-70   3.6e-68  226.6   1.1     1   149     1   150     1   154 0.97 length=242	scaffold=gi564275041	strand=+
1317_g               -            923 9998                 -            153   4.2e-48  161.4   0.8   1   4   9.6e-25   9.8e-23   79.0   0.0    31   114    96   179    89   187 0.93 length=924	scaffold=gi564279795	strand=+
1317_g               -            923 9998                 -            153   4.2e-48  161.4   0.8   2   4   6.4e-07   6.6e-05   21.2   0.0    34   105   187   257   178   267 0.90 length=924	scaffold=gi564279795	strand=+
1317_g               -            923 9998                 -            153   4.2e-48  161.4   0.8   3   4   5.7e-10   5.9e-08   31.1   0.0    33    99   275   338   262   350 0.89 length=924	scaffold=gi564279795	strand=+
1317_g               -            923 9998                 -            153   4.2e-48  161.4   0.8   4   4   3.5e-08   3.6e-06   25.3   0.0    34   106   493   564   487   594 0.89 length=924	scaffold=gi564279795	strand=+
1255_g               -            767 9998                 -            153   7.1e-24   82.8   6.2   1   5    0.0021      0.22    9.7   0.1    75   132   204   262   194   283 0.76 length=768	scaffold=gi564279795	strand=+
1255_g               -            767 9998                 -            153   7.1e-24   82.8   6.2   2   5    0.0017      0.17   10.1   0.0    33    65   377   409   347   436 0.82 length=768	scaffold=gi564279795	strand=+
1255_g               -            767 9998                 -            153   7.1e-24   82.8   6.2   3   5     0.013       1.3    7.2   0.1    23    55   484   515   465   534 0.82 length=768	scaffold=gi564279795	strand=+
1255_g               -            767 9998                 -            153   7.1e-24   82.8   6.2   4   5   0.00028     0.029   12.6   0.0    69   127   561   619   556   626 0.81 length=768	scaffold=gi564279795	strand=+
1255_g               -            767 9998                 -            153   7.1e-24   82.8   6.2   5   5   9.5e-14   9.7e-12   43.3   0.2     8   112   605   706   599   741 0.80 length=768	scaffold=gi564279795	strand=+
1696_g               -            511 9998                 -            153   4.9e-23   80.0   0.4   1   3   1.2e-07   1.2e-05   23.6   0.0    32    98    85   151    83   170 0.91 length=512	scaffold=gi564279471	strand=-
1696_g               -            511 9998                 -            153   4.9e-23   80.0   0.4   2   3   4.7e-10   4.8e-08   31.4   0.0    33    97   185   249   176   265 0.93 length=512	scaffold=gi564279471	strand=-
1696_g               -            511 9998                 -            153   4.9e-23   80.0   0.4   3   3     5e-07   5.1e-05   21.5   0.0    48   130   385   470   370   491 0.80 length=512	scaffold=gi564279471	strand=-
2576_g               -           1908 9998                 -            153   7.1e-21   73.0   3.8   1   2   9.2e-15   9.4e-13   46.6   0.0    32   110  1520  1598  1513  1607 0.94 length=1909	scaffold=gi564277886	strand=-
2576_g               -           1908 9998                 -            153   7.1e-21   73.0   3.8   2   2   1.5e-08   1.5e-06   26.5   0.1    32   106  1607  1680  1597  1697 0.86 length=1909	scaffold=gi564277886	strand=-
3844_g               -            795 9998                 -            153   6.8e-20   69.8   1.5   1   1   3.3e-21   3.4e-19   67.5   0.0    28   128     1   105     1   129 0.83 length=796	scaffold=gi564275940	strand=-
3558_g               -            426 9998                 -            153   8.5e-20   69.5   0.2   1   2   1.1e-13   1.1e-11   43.1   0.1    32   119   204   294   191   335 0.79 length=427	scaffold=gi564276574	strand=+
3558_g               -            426 9998                 -            153   8.5e-20   69.5   0.2   2   2   6.1e-08   6.3e-06   24.5   0.0    22   108   337   422   322   425 0.90 length=427	scaffold=gi564276574	strand=+
3556_g               -            525 9998                 -            153   1.1e-19   69.2   0.1   1   2   1.7e-13   1.8e-11   42.5   0.1    32   118   303   392   291   430 0.79 length=526	scaffold=gi564276574	strand=+
3556_g               -            525 9998                 -            153   1.1e-19   69.2   0.1   2   2   9.4e-08   9.6e-06   23.9   0.0    22   108   436   521   427   524 0.90 length=526	scaffold=gi564276574	strand=+
3254_g               -            288 9998                 -            153     2e-17   61.8   0.0   1   2   3.4e-10   3.5e-08   31.8   0.0    29    98     3    71     1   106 0.93 length=289	scaffold=gi564277146	strand=+
3254_g               -            288 9998                 -            153     2e-17   61.8   0.0   2   2   5.4e-09   5.5e-07   27.9   0.0    34   111   153   229   150   243 0.93 length=289	scaffold=gi564277146	strand=+
436_g                -            735 9998                 -            153   2.4e-16   58.3   0.0   1   3   6.5e-09   6.7e-07   27.6   0.1    21   108   314   401   301   414 0.87 length=736	scaffold=gi564281162	strand=-
436_g                -            735 9998                 -            153   2.4e-16   58.3   0.0   2   3   7.2e-12   7.3e-10   37.2   0.0    35   109   427   504   424   512 0.90 length=736	scaffold=gi564281162	strand=-
436_g                -            735 9998                 -            153   2.4e-16   58.3   0.0   3   3     0.015       1.6    6.9   0.2    49   116   640   703   633   727 0.72 length=736	scaffold=gi564281162	strand=-
2174_g               -            464 9998                 -            153   4.5e-16   57.4   9.3   1   3   0.00027     0.027   12.7   0.2    34    99    77   141    67   144 0.81 length=465	scaffold=gi564278570	strand=-
2174_g               -            464 9998                 -            153   4.5e-16   57.4   9.3   2   3       1.5   1.5e+02    0.5   0.1    74   137   212   276   162   283 0.68 length=465	scaffold=gi564278570	strand=-
2174_g               -            464 9998                 -            153   4.5e-16   57.4   9.3   3   3   4.4e-15   4.5e-13   47.7   2.4    19   140   271   396   262   408 0.76 length=465	scaffold=gi564278570	strand=-
3517_g               -            248 9998                 -            153   4.7e-16   57.3   0.2   1   3   4.6e-18   4.7e-16   57.3   0.2    14   126     3   113     1   142 0.83 length=249	scaffold=gi564276574	strand=+
3517_g               -            248 9998                 -            153   4.7e-16   57.3   0.2   2   3       9.7   9.9e+02   -2.2   2.9   137   137   185   185   138   206 0.63 length=249	scaffold=gi564276574	strand=+
3517_g               -            248 9998                 -            153   4.7e-16   57.3   0.2   3   3       5.1   5.2e+02   -1.2   0.6   114   134   203   223   197   240 0.58 length=249	scaffold=gi564276574	strand=+
1129_g               -            128 9998                 -            153   1.4e-14   52.5   0.1   1   1   1.7e-16   1.7e-14   52.3   0.1    31   109     5    83     3   120 0.91 length=129	scaffold=gi564279795	strand=-
4552_g               -            269 9998                 -            153   5.2e-14   50.7   0.0   1   1     1e-15     1e-13   49.8   0.0    31   108   186   263   172   267 0.91 length=270	scaffold=gi564275041	strand=+
1621_g               -            531 9998                 -            153   8.1e-14   50.1   1.8   1   2   0.00013     0.013   13.7   0.0    30   104    20    99    10   108 0.78 length=532	scaffold=gi564279471	strand=+
1621_g               -            531 9998                 -            153   8.1e-14   50.1   1.8   2   2   5.5e-11   5.7e-09   34.4   0.5    33   117   131   216   123   251 0.85 length=532	scaffold=gi564279471	strand=+
2486_g               -            508 9998                 -            153   2.7e-13   48.4  22.0   1   3    0.0071      0.73    8.0   0.0    35    97    82   144    75   151 0.92 length=509	scaffold=gi564277886	strand=+
2486_g               -            508 9998                 -            153   2.7e-13   48.4  22.0   2   3   3.5e-09   3.6e-07   28.5   0.2    31    98   176   242   168   301 0.86 length=509	scaffold=gi564277886	strand=+
2486_g               -            508 9998                 -            153   2.7e-13   48.4  22.0   3   3   1.2e-07   1.3e-05   23.5   0.0    47   111   413   477   398   506 0.83 length=509	scaffold=gi564277886	strand=+
2059_g               -            722 9998                 -            153   2.9e-13   48.3   0.1   1   1   7.9e-15   8.1e-13   46.8   0.1    31   111     5    85     3   122 0.93 length=723	scaffold=gi564278570	strand=-
3176_g               -            516 9998                 -            153   4.1e-13   47.8   3.7   1   2   1.3e-14   1.3e-12   46.2   0.1    30   124     9   102     5   113 0.91 length=517	scaffold=gi564277281	strand=+
3176_g               -            516 9998                 -            153   4.1e-13   47.8   3.7   2   2       1.9   1.9e+02    0.2   0.0    35    59   113   137   106   146 0.87 length=517	scaffold=gi564277281	strand=+
2327_g               -            309 9998                 -            153   7.7e-13   46.9   0.0   1   1   7.6e-15   7.7e-13   46.9   0.0    21   120    24   123     8   139 0.91 length=310	scaffold=gi564278570	strand=+
3802_g               -            144 9998                 -            153   1.6e-12   45.9   0.5   1   1   2.2e-14   2.2e-12   45.4   0.5    34   146     5   121     2   132 0.83 length=145	scaffold=gi564275940	strand=+
2095_g               -            279 9998                 -            153   3.2e-12   44.9   1.0   1   2   5.1e-05    0.0052   15.0   0.0    74   116    81   123    47   132 0.82 length=280	scaffold=gi564278570	strand=-
2095_g               -            279 9998                 -            153   3.2e-12   44.9   1.0   2   2   3.3e-09   3.4e-07   28.6   0.2    12   110   179   278   175   279 0.86 length=280	scaffold=gi564278570	strand=-
2454_g               -            107 9998                 -            153   4.6e-12   44.4   0.0   1   1   4.5e-14   4.6e-12   44.4   0.0    33   111    23   101     2   107 0.88 length=108	scaffold=gi564277886	strand=+
4469_g               -            348 9998                 -            153   2.1e-11   42.2   0.0   1   1   2.1e-13   2.1e-11   42.2   0.0    34   115    13    94     9   116 0.88 length=349	scaffold=gi564275248	strand=+
4773_g               -            554 9998                 -            153   3.3e-11   41.6   0.0   1   1   9.3e-13   9.5e-11   40.1   0.0    36   110    33   107    28   152 0.85 length=555	scaffold=gi564274649	strand=-
1826_g               -            403 9998                 -            153   3.6e-11   41.5   0.3   1   1   3.5e-13   3.6e-11   41.5   0.3    31   129   270   368   262   391 0.83 length=404	scaffold=gi564279367	strand=+
3180_g               -           1330 9998                 -            153   5.4e-11   40.9   1.1   1   3   6.6e-06   0.00068   17.9   0.1    33    97   251   312   235   318 0.84 length=1331	scaffold=gi564277281	strand=-
3180_g               -           1330 9998                 -            153   5.4e-11   40.9   1.1   2   3   1.8e-06   0.00018   19.7   0.0    42   111   364   437   355   472 0.83 length=1331	scaffold=gi564277281	strand=-
3180_g               -           1330 9998                 -            153   5.4e-11   40.9   1.1   3   3       6.6   6.8e+02   -1.6   0.1   108   142  1120  1153  1092  1163 0.73 length=1331	scaffold=gi564277281	strand=-
4565_g               -            404 9998                 -            153   5.5e-11   40.9   1.4   1   2   5.5e-10   5.6e-08   31.1   0.1    28   110   152   232   145   268 0.78 length=405	scaffold=gi564275041	strand=-
4565_g               -            404 9998                 -            153   5.5e-11   40.9   1.4   2   2    0.0063      0.64    8.2   0.2    47    87   269   308   238   317 0.90 length=405	scaffold=gi564275041	strand=-
2213_g               -            344 9998                 -            153   1.3e-10   39.7   2.0   1   2   6.6e-06   0.00067   17.9   0.0    32   109    96   172    81   180 0.81 length=345	scaffold=gi564278570	strand=+
2213_g               -            344 9998                 -            153   1.3e-10   39.7   2.0   2   2   9.1e-07   9.3e-05   20.7   0.6    34   139   181   282   177   292 0.76 length=345	scaffold=gi564278570	strand=+
1764_g               -            364 9998                 -            153   1.5e-10   39.5   0.0   1   2   1.4e-12   1.5e-10   39.5   0.0    33   112    98   176    78   224 0.82 length=365	scaffold=gi564279471	strand=+
1764_g               -            364 9998                 -            153   1.5e-10   39.5   0.0   2   2       1.8   1.8e+02    0.2   0.3    11    24   333   346   329   352 0.84 length=365	scaffold=gi564279471	strand=+
485_g                -            714 9998                 -            153   1.8e-10   39.2   0.2   1   3    0.0073      0.74    8.0   0.0    33    56   345   368   341   411 0.88 length=715	scaffold=gi564281162	strand=+
485_g                -            714 9998                 -            153   1.8e-10   39.2   0.2   2   3   7.3e-07   7.5e-05   21.0   0.0    34   109   479   554   475   563 0.93 length=715	scaffold=gi564281162	strand=+
485_g                -            714 9998                 -            153   1.8e-10   39.2   0.2   3   3      0.11        11    4.2   0.0    32   104   617   696   607   701 0.71 length=715	scaffold=gi564281162	strand=+
4016_g               -            585 9998                 -            153   1.1e-09   36.7   0.1   1   2   5.4e-08   5.6e-06   24.6   0.0    34   116   215   296   206   331 0.86 length=586	scaffold=gi564275940	strand=-
4016_g               -            585 9998                 -            153   1.1e-09   36.7   0.1   2   2    0.0034      0.35    9.1   0.0    23    69   504   547   497   553 0.86 length=586	scaffold=gi564275940	strand=-
801_g                -            309 9998                 -            153   2.6e-09   35.4   0.0   1   2   2.5e-11   2.6e-09   35.4   0.0    33   125     8   100     2   113 0.86 length=310	scaffold=gi564280748	strand=-
801_g                -            309 9998                 -            153   2.6e-09   35.4   0.0   2   2       1.5   1.6e+02    0.4   0.4    79   137   148   205   109   221 0.72 length=310	scaffold=gi564280748	strand=-
1323_g               -           1669 9998                 -            153   1.5e-08   33.0   0.0   1   1   1.5e-10   1.5e-08   33.0   0.0    30   104  1569  1640  1554  1660 0.88 length=1670	scaffold=gi564279795	strand=-
2424_g               -            809 9998                 -            153   3.1e-08   32.0   0.0   1   1   8.5e-10   8.7e-08   30.5   0.0    33   138   167   275   152   288 0.81 length=810	scaffold=gi564277886	strand=-
785_g                -            158 9998                 -            153   4.5e-08   31.4   1.9   1   2       1.6   1.7e+02    0.3   1.6   115   147    21    53     2    63 0.56 length=159	scaffold=gi564280748	strand=+
785_g                -            158 9998                 -            153   4.5e-08   31.4   1.9   2   2   4.4e-10   4.5e-08   31.4   1.9    32   107    65   139    38   154 0.85 length=159	scaffold=gi564280748	strand=+
1428_g               -            411 9998                 -            153   6.2e-08   31.0   3.6   1   2     0.014       1.5    7.0   0.1    34    96    17    88    11   151 0.67 length=412	scaffold=gi564279795	strand=-
1428_g               -            411 9998                 -            153   6.2e-08   31.0   3.6   2   2   9.8e-08     1e-05   23.8   0.0    35   113   328   405   311   409 0.88 length=412	scaffold=gi564279795	strand=-
2453_g               -            979 9998                 -            153   9.1e-08   30.4   3.0   1   2   5.8e-05     0.006   14.8   0.1    34   104   286   354   280   403 0.83 length=980	scaffold=gi564277886	strand=+
2453_g               -            979 9998                 -            153   9.1e-08   30.4   3.0   2   2   0.00014     0.014   13.6   0.1    22    89   453   519   447   529 0.82 length=980	scaffold=gi564277886	strand=+
77_g                 -            588 9998                 -            153     1e-07   30.3   5.7   1   2   5.4e-07   5.6e-05   21.4   0.2    32    92     8    66     4   118 0.88 length=589	scaffold=gi564281844	strand=+
77_g                 -            588 9998                 -            153     1e-07   30.3   5.7   2   2   2.4e-06   0.00025   19.3   1.5    31   141   151   257   129   269 0.79 length=589	scaffold=gi564281844	strand=+
115_g                -            716 9998                 -            153     2e-07   29.3   0.5   1   2   1.9e-09     2e-07   29.3   0.5    22   111    22   111     9   148 0.89 length=717	scaffold=gi564281844	strand=-
115_g                -            716 9998                 -            153     2e-07   29.3   0.5   2   2       6.7   6.9e+02   -1.6   0.9   119   144   225   250   197   264 0.57 length=717	scaffold=gi564281844	strand=-
1008_g               -            468 9998                 -            153   6.4e-07   27.7   0.2   1   2   8.3e-06   0.00085   17.5   0.0    32   110   186   265   165   309 0.78 length=469	scaffold=gi564279795	strand=+
1008_g               -            468 9998                 -            153   6.4e-07   27.7   0.2   2   2    0.0074      0.76    8.0   0.0    76   107   433   464   399   468 0.91 length=469	scaffold=gi564279795	strand=+
1889_g               -            529 9998                 -            153   2.9e-06   25.6   0.6   1   2   1.1e-06   0.00011   20.4   0.4     9    60   220   272   214   330 0.80 length=530	scaffold=gi564279133	strand=+
1889_g               -            529 9998                 -            153   2.9e-06   25.6   0.6   2   2      0.49        50    2.1   0.0    71   106   423   458   419   466 0.88 length=530	scaffold=gi564279133	strand=+
80_g                 -            691 9998                 -            153   7.1e-06   24.3   3.5   1   2   0.00013     0.013   13.7   0.5    16    99   334   412   322   419 0.78 length=692	scaffold=gi564281844	strand=-
80_g                 -            691 9998                 -            153   7.1e-06   24.3   3.5   2   2    0.0017      0.17   10.1   0.0    30   106   608   683   590   688 0.81 length=692	scaffold=gi564281844	strand=-
3159_g               -            162 9998                 -            153   2.2e-05   22.7   0.0   1   1   3.7e-07   3.8e-05   21.9   0.0    40   116    64   142    58   162 0.76 length=163	scaffold=gi564277281	strand=+
1702_g               -            180 9998                 -            153   2.3e-05   22.7   0.0   1   1   3.3e-07   3.4e-05   22.1   0.0    21   107    41   124    25   145 0.88 length=181	scaffold=gi564279471	strand=-
1098_g               -            277 9998                 -            153   4.2e-05   21.8   0.7   1   1   4.1e-07   4.2e-05   21.8   0.7     3   106    53   159    52   206 0.83 length=278	scaffold=gi564279795	strand=-
3792_g               -            985 9998                 -            153   0.00015   20.0   1.0   1   1   4.3e-06   0.00044   18.5   0.1    36   110   770   853   751   863 0.76 length=986	scaffold=gi564275940	strand=+
805_g                -            716 9998                 -            153    0.0011   17.2   0.0   1   1   2.2e-05    0.0023   16.2   0.0    61   102    92   132    80   144 0.85 length=717	scaffold=gi564280748	strand=+
2038_g               -            192 9998                 -            153     0.004   15.4   0.5   1   2    0.0006     0.061   11.5   0.0    32   104     9    82     4    95 0.77 length=193	scaffold=gi564278570	strand=+
2038_g               -            192 9998                 -            153     0.004   15.4   0.5   2   2      0.61        63    1.7   0.1    21    57   109   144    91   183 0.62 length=193	scaffold=gi564278570	strand=+
#
# Program:         hmmsearch
# Version:         3.4 (Aug 2023)
# Pipeline mode:   SEARCH
# Query file:      /home/inf-20-2025/Malaria/busco_downloads/lineages/apicomplexa_odb12/hmms/9998at5794.hmm
# Target file:     /home/inf-20-2025/Malaria/Results/6_nobird_annotation/P_yoelii.faa
# Option settings: hmmsearch --domtblout Results/8_busco/P_yoelii/run_apicomplexa_odb12/hmmer_output/initial_run_results/9998at5794.out --cpu 1 /home/inf-20-2025/Malaria/busco_downloads/lineages/apicomplexa_odb12/hmms/9998at5794.hmm /home/inf-20-2025/Malaria/Results/6_nobird_annotation/P_yoelii.faa 
# Current dir:     /home/inf-20-2025/Malaria
# Date:            Wed Mar  4 18:32:42 2026
# [ok]
